layer at (0,0) size 800x600
  RenderView at (0,0) size 800x600
layer at (0,0) size 800x250
  RenderBlock {HTML} at (0,0) size 800x250
    RenderBody {BODY} at (8,8) size 784x226
      RenderBlock (anonymous) at (0,0) size 784x54
        RenderText {#text} at (0,0) size 775x53
          text run at (0,0) width 775: "This test checks that the decomposed unicode version of voiced japanese hiragana and katakana characters are rendered the"
          text run at (0,18) width 724: "same as the precomposed version. This test is a pixel-test, and passes when the text in the two heading elements are"
          text run at (0,36) width 57: "identical."
      RenderBlock {H2} at (0,73) size 784x29
        RenderText {#text} at (0,1) size 168x26
          text run at (0,1) width 168: "\x{30CF}\x{3099}\x{30CA}\x{30CA}\x{3068}\x{30CF}\x{309A}\x{30CA}\x{30DE}"
      RenderBlock {P} at (0,121) size 784x19
        RenderText {#text} at (0,0) size 164x17
          text run at (0,0) width 164: "The above is decomposed"
      RenderBlock {H2} at (0,159) size 784x29
        RenderText {#text} at (0,1) size 168x26
          text run at (0,1) width 168: "\x{30D0}\x{30CA}\x{30CA}\x{3068}\x{30D1}\x{30CA}\x{30DE}"
      RenderBlock {P} at (0,207) size 784x19
        RenderText {#text} at (0,0) size 169x17
          text run at (0,0) width 169: "The above is precomposed"
