layer at (0,0) size 800x600
  RenderView at (0,0) size 800x600
layer at (0,0) size 800x600
  RenderBlock {HTML} at (0,0) size 800x600
    RenderBody {BODY} at (8,8) size 784x584
      RenderBlock {P} at (0,0) size 784x18
        RenderText {#text} at (456,0) size 328x17
          text run at (456,0) width 328: "This test tests bidi mirroring in Hebrew and Arabic"
      RenderBlock {P} at (0,34) size 784x18
        RenderText {#text} at (317,0) size 467x17
          text run at (317,0) width 467: "The parenthesis should be displayed as \"(...)...\" visually from left to right"
      RenderBlock {DIV} at (0,68) size 784x18
        RenderText {#text} at (753,0) size 31x17
          text run at (753,0) width 31 RTL: "\x{5E9}(\x{5E9})"
      RenderBlock {DIV} at (0,86) size 784x18
        RenderText {#text} at (763,0) size 21x17
          text run at (763,0) width 21 RTL: "\x{5C6}(\x{5C6})"
      RenderBlock {DIV} at (0,104) size 784x18
        RenderText {#text} at (757,0) size 27x17
          text run at (757,0) width 27 RTL: "\x{644}(\x{644})"
