layer at (0,0) size 800x600
  RenderView at (0,0) size 800x600
layer at (0,0) size 800x600
  RenderBlock {HTML} at (0,0) size 800x600
    RenderBody {BODY} at (8,8) size 784x576
      RenderBlock (anonymous) at (0,0) size 784x40
        RenderText {#text} at (0,0) size 760x39
          text run at (0,0) width 468: "The following tests text iteration over RTL text embedded with LTR text. "
          text run at (468,0) width 292: "TextIterators are used for find, spellcheck, and"
          text run at (0,20) width 65: ".innerText"
      RenderBlock {HR} at (0,48) size 784x2 [border: (1px inset #000000)]
      RenderBlock (anonymous) at (0,58) size 784x20
        RenderText {#text} at (0,0) size 134x19
          text run at (0,0) width 134: "Embedded Numbers:"
      RenderBlock {DIV} at (0,78) size 784x20 [color=#0000FF]
        RenderText {#text} at (0,0) size 108x19
          text run at (0,0) width 56: "Testing ("
          text run at (56,0) width 12 RTL: "\x{5DF}\x{5DE}"
          text run at (68,0) width 8: "3"
          text run at (76,0) width 27 RTL: "\x{5D7}\x{5D5}\x{5D3}\x{5D0}"
          text run at (103,0) width 5: ")"
      RenderBlock (anonymous) at (0,98) size 784x20
        RenderText {#text} at (0,0) size 107x19
          text run at (0,0) width 107: "Embedded LTR:"
      RenderBlock {DIV} at (0,118) size 784x20 [color=#0000FF]
        RenderText {#text} at (0,0) size 131x19
          text run at (0,0) width 56: "Testing ("
          text run at (56,0) width 27 RTL: "\x{5D7}\x{5D5}\x{5D3}\x{5D0}"
          text run at (83,0) width 31: "hello"
          text run at (114,0) width 12 RTL: "\x{5DF}\x{5DE}"
          text run at (126,0) width 5: ")"
      RenderBlock (anonymous) at (0,138) size 784x20
        RenderText {#text} at (0,0) size 192x19
          text run at (0,0) width 192: "Embedded Numbers and LTR"
      RenderBlock {DIV} at (0,158) size 784x20 [color=#0000FF]
        RenderText {#text} at (0,0) size 128x19
          text run at (0,0) width 56: "Testing ("
          text run at (56,0) width 24 RTL: "\x{5E7}\x{5E7}\x{5E8}"
          text run at (80,0) width 8: "3"
          text run at (88,0) width 27 RTL: "\x{5D9}\x{5E7}\x{5DD}\x{5DC}"
          text run at (115,0) width 13: "h)"
      RenderBlock (anonymous) at (0,178) size 784x20
        RenderText {#text} at (0,0) size 218x19
          text run at (0,0) width 218: "Embedded Numbers with spacing:"
      RenderBlock {DIV} at (0,198) size 784x20 [color=#0000FF]
        RenderText {#text} at (0,0) size 233x19
          text run at (0,0) width 56: "Testing ("
          text run at (56,0) width 31 RTL: " \x{5D7}\x{5D5}\x{5D3}\x{5D0}"
          text run at (87,0) width 24: "300"
          text run at (111,0) width 43 RTL: "\x{5D7}\x{5D5}\x{5D3}\x{5D0}\x{5DF}\x{5DE} "
          text run at (154,0) width 40: "34023"
          text run at (194,0) width 34 RTL: "\x{5D9}\x{5E7}\x{5DA}\x{5DA}\x{5DD}"
          text run at (228,0) width 5: ")"
      RenderBlock (anonymous) at (0,218) size 784x20
        RenderText {#text} at (0,0) size 71x19
          text run at (0,0) width 71: "Plain LTR:"
      RenderBlock {DIV} at (0,238) size 784x20 [color=#0000FF]
        RenderText {#text} at (0,0) size 92x19
          text run at (0,0) width 92: "Testing (hello)"
      RenderBlock (anonymous) at (0,258) size 784x20
        RenderText {#text} at (0,0) size 191x19
          text run at (0,0) width 191: "Embedded LTR with spacing:"
      RenderBlock {DIV} at (0,278) size 784x20 [color=#0000FF]
        RenderText {#text} at (0,0) size 169x19
          text run at (0,0) width 56: "Testing ("
          text run at (56,0) width 53 RTL: "\x{5D7}\x{5D5}\x{5D3}\x{5D9}\x{5E7}\x{5DA}\x{5DA}\x{5DD}"
          text run at (109,0) width 39: " hello "
          text run at (148,0) width 16 RTL: "\x{5DF}\x{5DE}\x{5D9}"
          text run at (164,0) width 5: ")"
      RenderBlock (anonymous) at (0,298) size 784x20
        RenderText {#text} at (0,0) size 162x19
          text run at (0,0) width 162: "Mixed but not embedded:"
      RenderBlock {DIV} at (0,318) size 784x20 [color=#0000FF]
        RenderText {#text} at (0,0) size 123x19
          text run at (0,0) width 87: "Testing (hello"
          text run at (87,0) width 31 RTL: "\x{5D7}\x{5D5}\x{5D3}\x{5DF}\x{5DE}"
          text run at (118,0) width 5: ")"
      RenderBlock (anonymous) at (0,338) size 784x20
        RenderText {#text} at (0,0) size 162x19
          text run at (0,0) width 162: "Mixed but not embedded:"
      RenderBlock {DIV} at (0,358) size 784x20 [color=#0000FF]
        RenderText {#text} at (0,0) size 123x19
          text run at (0,0) width 56: "Testing ("
          text run at (56,0) width 31 RTL: "\x{5D7}\x{5D5}\x{5D3}\x{5DF}\x{5DE}"
          text run at (87,0) width 36: "hello)"
      RenderBlock {OL} at (0,394) size 784x0
