layer at (0,0) size 800x600
  RenderView at (0,0) size 800x600
layer at (0,0) size 800x600
  RenderBlock {HTML} at (0,0) size 800x600
    RenderBody {BODY} at (8,8) size 784x576
      RenderBlock {P} at (0,0) size 784x36
        RenderText {#text} at (0,0) size 108x17
          text run at (0,0) width 108: "This is a test for "
        RenderInline {I} at (0,0) size 778x35
          RenderText {#text} at (107,0) size 778x35
            text run at (107,0) width 671: "http://bugzilla.opendarwin.org/show_bug.cgi?id=5980 Bidi properties of an inline container whose first"
            text run at (0,18) width 252: "child is an inline container are ignored"
        RenderText {#text} at (251,18) size 5x17
          text run at (251,18) width 5: "."
      RenderBlock {HR} at (0,52) size 784x2 [border: (1px inset #000000)]
      RenderBlock {P} at (0,70) size 784x18
        RenderText {#text} at (0,0) size 318x17
          text run at (0,0) width 318: "The following lines should read \x{201C}ABCDEFGHI\x{201D}:"
      RenderBlock {P} at (0,104) size 784x18
        RenderText {#text} at (0,0) size 33x17
          text run at (0,0) width 33: "ABC"
        RenderInline {SPAN} at (0,0) size 32x17
          RenderText {#text} at (32,0) size 32x17
            text run at (32,0) width 32 RTL override: "FED"
        RenderText {#text} at (63,0) size 29x17
          text run at (63,0) width 29: "GHI"
      RenderBlock {P} at (0,138) size 784x18
        RenderText {#text} at (0,0) size 33x17
          text run at (0,0) width 33: "ABC"
        RenderInline {SPAN} at (0,0) size 32x17
          RenderInline {SPAN} at (0,0) size 32x17
            RenderText {#text} at (32,0) size 32x17
              text run at (32,0) width 32 RTL override: "FED"
        RenderText {#text} at (63,0) size 29x17
          text run at (63,0) width 29: "GHI"
      RenderBlock {P} at (0,172) size 784x18
        RenderText {#text} at (0,0) size 33x17
          text run at (0,0) width 33: "ABC"
        RenderInline {SPAN} at (0,0) size 32x17
          RenderText {#text} at (54,0) size 10x17
            text run at (54,0) width 10 RTL override: "F"
          RenderInline {SPAN} at (0,0) size 23x17
            RenderText {#text} at (32,0) size 23x17
              text run at (32,0) width 23 RTL override: "ED"
        RenderText {#text} at (63,0) size 29x17
          text run at (63,0) width 29: "GHI"
      RenderBlock {P} at (0,206) size 784x18
        RenderText {#text} at (0,0) size 33x17
          text run at (0,0) width 33: "ABC"
        RenderInline {SPAN} at (0,0) size 32x17
          RenderText {#text} at (54,0) size 10x17
            text run at (54,0) width 10 RTL override: "F"
          RenderInline {SPAN} at (0,0) size 11x17
            RenderText {#text} at (44,0) size 11x17
              text run at (44,0) width 11 RTL override: "E"
          RenderText {#text} at (32,0) size 13x17
            text run at (32,0) width 13 RTL override: "D"
        RenderText {#text} at (63,0) size 29x17
          text run at (63,0) width 29: "GHI"
      RenderBlock {P} at (0,240) size 784x18
        RenderText {#text} at (0,0) size 33x17
          text run at (0,0) width 33: "ABC"
        RenderInline {SPAN} at (0,0) size 32x17
          RenderInline {SPAN} at (0,0) size 20x17
            RenderText {#text} at (44,0) size 20x17
              text run at (44,0) width 20 RTL override: "FE"
          RenderText {#text} at (32,0) size 13x17
            text run at (32,0) width 13 RTL override: "D"
        RenderText {#text} at (63,0) size 29x17
          text run at (63,0) width 29: "GHI"
      RenderBlock {P} at (0,274) size 784x18
        RenderInline {SPAN} at (0,0) size 92x17
          RenderText {#text} at (0,0) size 92x17
            text run at (0,0) width 92 RTL override: "IHGFEDCBA"
        RenderText {#text} at (0,0) size 0x0
      RenderBlock {P} at (0,308) size 784x18
        RenderInline {SPAN} at (0,0) size 92x17
          RenderText {#text} at (0,0) size 92x17
            text run at (0,0) width 92 RTL override: "IHGFEDCBA"
        RenderText {#text} at (0,0) size 0x0
      RenderBlock {HR} at (0,342) size 784x2 [border: (1px inset #000000)]
      RenderBlock (anonymous) at (0,352) size 784x18
        RenderText {#text} at (0,0) size 255x17
          text run at (0,0) width 255: "The following lines should be identical:"
      RenderBlock {P} at (0,386) size 784x18
        RenderText {#text} at (0,0) size 50x17
          text run at (0,0) width 19 RTL: "\x{5D3}\x{5D4}\x{5D5}"
          text run at (18,0) width 12: "(["
          text run at (29,0) width 21 RTL: "\x{202C}\x{5D0}\x{5D1}\x{5D2}"
          text run at (49,0) width 1: "\x{202A}"
      RenderBlock {P} at (0,420) size 784x18
        RenderText {#text} at (0,0) size 30x17
          text run at (0,0) width 19 RTL: "\x{5D3}\x{5D4}\x{5D5}"
          text run at (18,0) width 12: "(["
        RenderInline {SPAN} at (0,0) size 1x17
        RenderText {#text} at (29,0) size 21x17
          text run at (29,0) width 21 RTL: "\x{5D0}\x{5D1}\x{5D2}"
      RenderBlock {P} at (0,454) size 784x18
        RenderText {#text} at (0,0) size 30x17
          text run at (0,0) width 19 RTL: "\x{5D3}\x{5D4}\x{5D5}"
          text run at (18,0) width 12: "(["
        RenderInline {SPAN} at (0,0) size 1x17
          RenderInline {SPAN} at (0,0) size 1x17
        RenderText {#text} at (29,0) size 21x17
          text run at (29,0) width 21 RTL: "\x{5D0}\x{5D1}\x{5D2}"
      RenderBlock {P} at (0,488) size 784x18
        RenderText {#text} at (0,0) size 30x17
          text run at (0,0) width 19 RTL: "\x{5D3}\x{5D4}\x{5D5}"
          text run at (18,0) width 12: "(["
        RenderInline {SPAN} at (0,0) size 21x17
          RenderInline {SPAN} at (0,0) size 1x17
        RenderText {#text} at (29,0) size 21x17
          text run at (29,0) width 21 RTL: "\x{5D0}\x{5D1}\x{5D2}"
