layer at (0,0) size 800x600
  RenderView at (0,0) size 800x600
layer at (0,0) size 800x600
  RenderBlock {HTML} at (0,0) size 800x600
    RenderBody {BODY} at (8,8) size 784x576
      RenderBlock {P} at (0,0) size 784x40
        RenderText {#text} at (0,0) size 774x39
          text run at (0,0) width 774: "This HTML tests if the 'while-space' property controls the behavors of line-break characters (U+000A and U+000D) in a"
          text run at (0,20) width 139: "complex text (Hindi)."
      RenderBlock {P} at (0,56) size 784x40
        RenderText {#text} at (0,0) size 734x39
          text run at (0,0) width 734: "If this test succeeds, you can see this Hindi word \"\x{935}\x{93F}\x{937}\x{92F}\x{94B}\x{902}\" repeated three times separated by a space in the first two"
          text run at (0,20) width 504: "paragraphs. In the third paragraphs, it'll be shown three times in separate lines."
      RenderBlock {P} at (0,112) size 784x20
        RenderText {#text} at (0,0) size 137x19
          text run at (0,0) width 137: "1. \x{935}\x{93F}\x{937}\x{92F}\x{94B}\x{902} \x{935}\x{93F}\x{937}\x{92F}\x{94B}\x{902}\x{D}\x{935}\x{93F}\x{937}\x{92F}\x{94B}\x{902}"
      RenderBlock {P} at (0,148) size 784x20
        RenderText {#text} at (0,0) size 137x19
          text run at (0,0) width 137: "2. \x{935}\x{93F}\x{937}\x{92F}\x{94B}\x{902} \x{935}\x{93F}\x{937}\x{92F}\x{94B}\x{902}\x{D}\x{935}\x{93F}\x{937}\x{92F}\x{94B}\x{902}"
      RenderBlock {P} at (0,184) size 784x60
        RenderText {#text} at (0,0) size 78x59
          text run at (0,0) width 12: "3."
          text run at (12,0) width 0: " "
          text run at (0,20) width 39: "\x{935}\x{93F}\x{937}\x{92F}\x{94B}\x{902}"
          text run at (39,20) width 0: " "
          text run at (0,40) width 78: "\x{935}\x{93F}\x{937}\x{92F}\x{94B}\x{902}\x{D}\x{935}\x{93F}\x{937}\x{92F}\x{94B}\x{902}"
