layer at (0,0) size 800x600
  RenderView at (0,0) size 800x600
layer at (0,0) size 800x566
  RenderBlock {HTML} at (0,0) size 800x566
    RenderBody {BODY} at (8,21) size 784x537
      RenderBlock {P} at (0,0) size 784x24
        RenderText {#text} at (0,0) size 140x23
          text run at (0,0) width 140: "Simple text path"
      RenderBlock (anonymous) at (0,45) size 784x207
        RenderBlock {SPAN} at (0,0) size 24x201
          RenderText {#text} at (0,0) size 23x201
            text run at (0,0) width 201: "string\x{300C}\x{3042}\x{3001}\x{5909}\x{3063}\x{FF01}\x{300D}\x{3002}"
        RenderText {#text} at (0,0) size 0x0
      RenderBlock {HR} at (0,262) size 784x2 [border: (1px inset #000000)]
      RenderBlock {P} at (0,285) size 784x24
        RenderText {#text} at (0,0) size 158x23
          text run at (0,0) width 158: "Complex text path"
      RenderBlock (anonymous) at (0,330) size 784x207
        RenderBlock {SPAN} at (0,0) size 24x201
          RenderText {#text} at (0,0) size 23x201
            text run at (0,0) width 201: "string\x{300C}\x{3042}\x{3001}\x{5909}\x{3063}\x{FF01}\x{300D}\x{3002}"
        RenderText {#text} at (0,0) size 0x0
