layer at (0,0) size 800x600
  RenderView at (0,0) size 800x600
layer at (0,0) size 800x600
  RenderBlock {HTML} at (0,0) size 800x600
    RenderBody {BODY} at (8,8) size 784x584
      RenderBlock {P} at (0,0) size 784x18
        RenderText {#text} at (0,0) size 737x17
          text run at (0,0) width 737: "The word \"PASSED\" should be shown below with a cirlce before and a square after. This is a test for WebKit bug "
        RenderInline {A} at (0,0) size 41x17 [color=#0000EE]
          RenderText {#text} at (736,0) size 41x17
            text run at (736,0) width 41: "11197"
        RenderText {#text} at (776,0) size 5x17
          text run at (776,0) width 5: "."
      RenderBlock (anonymous) at (0,34) size 784x15
        RenderInline {CODE} at (0,0) size 63x15
          RenderInline (generated) at (0,0) size 8x15
            RenderCounter at (0,0) size 8x15
              text run at (0,0) width 8: "\x{25E6}"
          RenderText {#text} at (7,0) size 48x15
            text run at (7,0) width 48: "PASSED"
          RenderInline (generated) at (0,0) size 9x15
            RenderCounter at (54,0) size 9x15
              text run at (54,0) width 9: "\x{25A0}"
        RenderText {#text} at (0,0) size 0x0
