layer at (0,0) size 800x600
  RenderView at (0,0) size 800x600
layer at (0,0) size 800x445
  RenderBlock {HTML} at (0,0) size 800x445
    RenderBody {BODY} at (8,16) size 784x413
      RenderBlock {DIV} at (0,0) size 784x40 [color=#008000] [bgcolor=#FFFFFF]
        RenderBlock {P} at (0,0) size 784x40
          RenderText {#text} at (0,0) size 752x39
            text run at (0,0) width 752: "First sentence: this text should be green. The markup code is invalid according to W3C HTML validator and the CSS"
            text run at (0,20) width 313: "code is invalid according to W3C CSS validator."
      RenderBlock {DIV} at (0,56) size 784x60 [color=#008000] [bgcolor=#FFFFFF]
        RenderBlock {P} at (0,0) size 784x60 [color=#FF0000]
          RenderText {#text} at (0,0) size 753x59
            text run at (0,0) width 753: "Second sentence: this text should be green according to CSS 1 but it should be red according to CSS 2.1. The markup"
            text run at (0,20) width 735: "code is also invalid according to W3C HTML validator but the CSS code is perfectly valid according to W3C CSS"
            text run at (0,40) width 61: "validator."
      RenderBlock {H3} at (0,134) size 784x46 [color=#008000] [bgcolor=#FFFFFF]
        RenderText {#text} at (0,0) size 749x45
          text run at (0,0) width 749: "Third sentence: this text should be green. The markup code is valid according to W3C HTML"
          text run at (0,23) width 563: "validator but the CSS code is invalid according to W3C CSS validator."
      RenderBlock {H4} at (0,201) size 784x60 [color=#FF0000] [bgcolor=#FFFFFF]
        RenderText {#text} at (0,0) size 771x59
          text run at (0,0) width 771: "Fourth sentence: this text should be green according to CSS 1 (class name can not start with a dash in CSS 1) but"
          text run at (0,20) width 758: "it should be red according to CSS 2.1 and the markup code is valid according to W3C HTML validator and the"
          text run at (0,40) width 414: "CSS code is perfectly valid according to W3C CSS validator."
      RenderBlock {H5} at (0,287) size 784x80 [color=#800080] [bgcolor=#FFFFFF]
        RenderText {#text} at (0,0) size 779x79
          text run at (0,0) width 770: "Fifth sentence: this text should be green according to CSS 1 (class name can not start with a dash in CSS 1) but it"
          text run at (0,20) width 723: "should be purple according to latest CSS 2.1 WD (class name can not start with a dash unless immediately"
          text run at (0,40) width 779: "followed by [_A-Za-z] character in CSS 2.1) and the markup code is valid according to W3C HTML validator and"
          text run at (0,60) width 466: "the CSS code is perfectly valid according to the W3C CSS validator!"
      RenderBlock {P} at (0,393) size 784x20
        RenderText {#text} at (0,0) size 28x19
          text run at (0,0) width 28: "See "
        RenderInline {A} at (0,0) size 71x19 [color=#0000EE]
          RenderText {#text} at (27,0) size 71x19
            text run at (27,0) width 71: "Bug 14373"
        RenderInline {A} at (0,0) size 5x19
          RenderText {#text} at (97,0) size 5x19
            text run at (97,0) width 5: "."
      RenderBlock (anonymous) at (0,429) size 784x0
        RenderInline {A} at (0,0) size 0x0
          RenderText {#text} at (0,0) size 0x0
