layer at (0,0) size 800x600
  RenderView at (0,0) size 800x600
layer at (0,0) size 800x600
  RenderBlock {HTML} at (0,0) size 800x600
    RenderBody {BODY} at (8,8) size 784x576
      RenderBlock {DIV} at (0,0) size 784x178
        RenderTable {TABLE} at (0,0) size 784x178
          RenderTableSection {TBODY} at (0,0) size 784x178
            RenderTableRow {TR} at (0,2) size 784x42 [color=#008000]
              RenderTableCell {TD} at (2,2) size 382x42 [r=0 c=0 rs=1 cs=1]
                RenderText {#text} at (1,1) size 354x39
                  text run at (1,1) width 354: "This is the first cell in the first row of this table, and"
                  text run at (1,21) width 176: "should be green, and bold"
              RenderTableCell {TD} at (386,2) size 396x42 [r=0 c=1 rs=1 cs=1]
                RenderText {#text} at (1,1) size 372x39
                  text run at (1,1) width 372: "This is the second cell in the first row of this table, and"
                  text run at (1,21) width 172: "should be green and bold"
            RenderTableRow {TR} at (0,46) size 784x42 [color=#800080]
              RenderTableCell {TD} at (2,46) size 382x42 [r=1 c=0 rs=1 cs=1]
                RenderText {#text} at (1,1) size 372x39
                  text run at (1,1) width 372: "This is the first cell in the second row of this table, and"
                  text run at (1,21) width 179: "should be purple and bold"
              RenderTableCell {TD} at (386,46) size 396x42 [r=1 c=1 rs=1 cs=1]
                RenderText {#text} at (1,1) size 390x39
                  text run at (1,1) width 390: "This is the second cell in the second row of this table, and"
                  text run at (1,21) width 179: "should be purple and bold"
            RenderTableRow {TR} at (0,90) size 784x42 [color=#008000]
              RenderTableCell {TD} at (2,90) size 382x42 [r=2 c=0 rs=1 cs=1]
                RenderText {#text} at (1,1) size 338x39
                  text run at (1,1) width 338: "This is the first cell in the third row of this table, and"
                  text run at (1,21) width 102: "should be green"
              RenderTableCell {TD} at (386,90) size 396x42 [r=2 c=1 rs=1 cs=1]
                RenderText {#text} at (1,1) size 357x39
                  text run at (1,1) width 357: "This is the second cell in the third row of this table, and"
                  text run at (1,21) width 102: "should be green"
            RenderTableRow {TR} at (0,134) size 784x42 [color=#800080]
              RenderTableCell {TD} at (2,134) size 382x42 [r=3 c=0 rs=1 cs=1]
                RenderText {#text} at (1,1) size 347x39
                  text run at (1,1) width 347: "This is the first cell in the fourth row of this table, and"
                  text run at (1,21) width 107: "should be purple"
              RenderTableCell {TD} at (386,134) size 396x42 [r=3 c=1 rs=1 cs=1]
                RenderText {#text} at (1,1) size 366x39
                  text run at (1,1) width 366: "This is the second cell in the fourth row of this table, and"
                  text run at (1,21) width 107: "should be purple"
      RenderBlock {DIV} at (0,194) size 784x128
        RenderBlock {P} at (0,0) size 784x20 [color=#000080]
          RenderText {#text} at (0,0) size 396x19
            text run at (0,0) width 396: "This should be navy, as this is the first paragraph in this page."
        RenderBlock {P} at (0,36) size 784x20 [color=#FF0000]
          RenderText {#text} at (0,0) size 404x19
            text run at (0,0) width 404: "This should be red, as this is the second paragraph in this page."
        RenderBlock {P} at (0,72) size 784x20 [color=#000080]
          RenderText {#text} at (0,0) size 401x19
            text run at (0,0) width 401: "This should be navy, as this is the third paragraph in this page."
        RenderBlock {P} at (0,108) size 784x20 [color=#FF0000]
          RenderText {#text} at (0,0) size 399x19
            text run at (0,0) width 399: "This should be red, as this is the fourth paragraph in this page."
      RenderBlock {DIV} at (0,338) size 784x20
        RenderBlock {P} at (0,0) size 784x20 [color=#000080]
          RenderInline {SPAN} at (0,0) size 250x19
            RenderInline {I} at (0,0) size 250x19
              RenderText {#text} at (0,0) size 250x19
                text run at (0,0) width 250: "This whole paragraph should be italic."
          RenderText {#text} at (249,0) size 5x19
            text run at (249,0) width 5: " "
          RenderInline {SPAN} at (0,0) size 250x19
            RenderText {#text} at (253,0) size 250x19
              text run at (253,0) width 250: "But only this sentence should be bold."
