layer at (0,0) size 800x600
  RenderView at (0,0) size 800x600
layer at (0,0) size 800x600
  RenderBlock {HTML} at (0,0) size 800x600
    RenderBody {BODY} at (8,8) size 784x584
      RenderBlock {P} at (0,0) size 784x40
        RenderText {#text} at (0,0) size 55x19
          text run at (0,0) width 55: "Test for "
        RenderInline {I} at (0,0) size 734x39
          RenderInline {A} at (0,0) size 354x19 [color=#0000EE]
            RenderText {#text} at (54,0) size 354x19
              text run at (54,0) width 354: "http://bugzilla.opendarwin.org/show_bug.cgi?id=9124"
          RenderText {#text} at (407,0) size 734x39
            text run at (407,0) width 5: " "
            text run at (411,0) width 323: "Drop shadow obscures \"add more stuff\" bubble at"
            text run at (0,20) width 54: "live.com"
        RenderText {#text} at (53,20) size 5x19
          text run at (53,20) width 5: "."
      RenderBlock {HR} at (0,56) size 784x2 [border: (1px inset #000000)]
layer at (8,74) size 100x100
  RenderBlock (positioned) {DIV} at (0,0) size 100x100 [bgcolor=#FF0000]
layer at (8,74) size 100x100
  RenderBlock (positioned) {DIV} at (0,0) size 100x100 [bgcolor=#008000]
