layer at (0,0) size 800x600
  RenderView at (0,0) size 800x600
layer at (0,0) size 800x232
  RenderBlock {HTML} at (0,0) size 800x232
    RenderBody {BODY} at (8,16) size 784x208
      RenderBlock {P} at (0,0) size 784x20
        RenderText {#text} at (0,0) size 399x19
          text run at (0,0) width 399: "Test passes if all the T and surrounding punctuation are green."
      RenderBlock {DIV} at (0,36) size 784x43
        RenderInline (generated) at (0,0) size 46x41 [color=#008000]
          RenderText {#text} at (0,1) size 46x41
            text run at (0,1) width 46: "(T)"
        RenderText {#text} at (45,18) size 19x19
          text run at (45,18) width 19: "est"
      RenderBlock {DIV} at (0,79) size 784x43
        RenderInline (generated) at (0,0) size 54x41 [color=#008000]
          RenderText {#text} at (0,1) size 54x41
            text run at (0,1) width 54: "\x{201C}T\x{201D}"
        RenderText {#text} at (53,18) size 19x19
          text run at (53,18) width 19: "est"
      RenderBlock {DIV} at (0,122) size 784x43
        RenderInline (generated) at (0,0) size 76x41 [color=#008000]
          RenderText {#text} at (0,1) size 76x41
            text run at (0,1) width 76: "\x{AB} T \x{BB}"
        RenderText {#text} at (75,18) size 19x19
          text run at (75,18) width 19: "est"
      RenderBlock {DIV} at (0,165) size 784x43
        RenderInline (generated) at (0,0) size 76x41 [color=#008000]
          RenderText {#text} at (0,1) size 76x41
            text run at (0,1) width 76: "\x{AB} T \x{BB}"
        RenderText {#text} at (75,18) size 35x19
          text run at (75,18) width 35: "    est"
