layer at (0,0) size 800x2980
  RenderView at (0,0) size 800x600
layer at (0,0) size 800x2980
  RenderBlock {HTML} at (0,0) size 800x2980
    RenderBody {BODY} at (8,16) size 784x2916 [bgcolor=#FFFFFF]
      RenderBlock {P} at (0,0) size 784x19
        RenderText {#text} at (0,0) size 168x18
          text run at (0,0) width 168: "This page is part of the "
        RenderInline {A} at (0,0) size 73x18 [color=#0000EE]
          RenderText {#text} at (167,0) size 73x18
            text run at (167,0) width 73: "CSS3.info"
        RenderText {#text} at (239,0) size 5x18
          text run at (239,0) width 5: " "
        RenderInline {A} at (0,0) size 133x18 [color=#0000EE]
          RenderText {#text} at (243,0) size 133x18
            text run at (243,0) width 133: "CSS selectors test"
        RenderText {#text} at (375,0) size 136x18
          text run at (375,0) width 136: ". See more info on "
        RenderInline {A} at (0,0) size 112x18 [color=#0000EE]
          RenderText {#text} at (510,0) size 112x18
            text run at (510,0) width 112: "CSS3 selectors"
        RenderText {#text} at (621,0) size 5x18
          text run at (621,0) width 5: "."
      RenderBlock {DIV} at (0,35) size 784x0 [bgcolor=#009900]
      RenderBlock {OL} at (0,35) size 784x2881
        RenderListItem {LI} at (40,0) size 627x218 [bgcolor=#AAAAAA]
          RenderBlock {DIV} at (16,16) size 595x24 [bgcolor=#990000]
            RenderBlock {DIV} at (0,0) size 595x24 [bgcolor=#009900]
          RenderBlock {PRE} at (16,53) size 595x79 [bgcolor=#FFFFFF]
            RenderListMarker at (-37,6) size 16x18: "1"
            RenderText {#text} at (6,9) size 280x64
              text run at (6,9) width 152: "div:first-of-type {"
              text run at (158,9) width 0: " "
              text run at (6,25) width 8: "}"
              text run at (14,25) width 0: " "
              text run at (6,41) width 0: " "
              text run at (6,57) width 280: "<div>Does this element match?</div>"
          RenderBlock {P} at (16,148) size 595x38
            RenderText {#text} at (0,0) size 555x37
              text run at (0,0) width 555: "The CSS selector should match the marked div element, because it is the only"
              text run at (0,19) width 139: "element of this type"
        RenderListItem {LI} at (40,266) size 627x234 [bgcolor=#AAAAAA]
          RenderBlock {DIV} at (16,16) size 595x24 [bgcolor=#990000]
            RenderBlock {DIV} at (0,0) size 595x24 [bgcolor=#009900]
            RenderBlock {DIV} at (0,24) size 595x0
          RenderBlock {PRE} at (16,53) size 595x95 [bgcolor=#FFFFFF]
            RenderListMarker at (-37,6) size 16x18: "2"
            RenderText {#text} at (6,9) size 280x80
              text run at (6,9) width 152: "div:first-of-type {"
              text run at (158,9) width 0: " "
              text run at (6,25) width 8: "}"
              text run at (14,25) width 0: " "
              text run at (6,41) width 0: " "
              text run at (6,57) width 280: "<div>Does this element match?</div>"
              text run at (286,57) width 0: " "
              text run at (6,73) width 88: "<div></div>"
          RenderBlock {P} at (16,164) size 595x38
            RenderText {#text} at (0,0) size 551x37
              text run at (0,0) width 551: "The CSS selector should match the marked div element, because it is the first"
              text run at (0,19) width 139: "element of this type"
        RenderListItem {LI} at (40,548) size 627x234 [bgcolor=#AAAAAA]
          RenderBlock {DIV} at (16,16) size 595x24 [bgcolor=#990000]
            RenderBlock {BLOCKQUOTE} at (0,0) size 595x0 [bgcolor=#009900]
            RenderBlock {DIV} at (0,0) size 595x24 [bgcolor=#009900]
          RenderBlock {PRE} at (16,53) size 595x95 [bgcolor=#FFFFFF]
            RenderListMarker at (-37,6) size 16x18: "3"
            RenderText {#text} at (6,9) size 280x80
              text run at (6,9) width 152: "div:first-of-type {"
              text run at (158,9) width 0: " "
              text run at (6,25) width 8: "}"
              text run at (14,25) width 0: " "
              text run at (6,41) width 0: " "
              text run at (6,57) width 200: "<blockquote></blockquote>"
              text run at (206,57) width 0: " "
              text run at (6,73) width 280: "<div>Does this element match?</div>"
          RenderBlock {P} at (16,164) size 595x38
            RenderText {#text} at (0,0) size 551x37
              text run at (0,0) width 551: "The CSS selector should match the marked div element, because it is the first"
              text run at (0,19) width 139: "element of this type"
        RenderListItem {LI} at (40,830) size 627x266 [bgcolor=#AAAAAA]
          RenderBlock {DIV} at (16,16) size 595x24 [bgcolor=#990000]
            RenderBlock {DIV} at (0,0) size 595x0 [bgcolor=#009900]
            RenderBlock {BLOCKQUOTE} at (0,0) size 595x24 [bgcolor=#009900]
              RenderBlock {DIV} at (0,0) size 595x24
          RenderBlock {PRE} at (16,53) size 595x127 [bgcolor=#FFFFFF]
            RenderListMarker at (-37,6) size 16x18: "4"
            RenderText {#text} at (6,9) size 304x112
              text run at (6,9) width 152: "div:first-of-type {"
              text run at (158,9) width 0: " "
              text run at (6,25) width 8: "}"
              text run at (14,25) width 0: " "
              text run at (6,41) width 0: " "
              text run at (6,57) width 88: "<div></div>"
              text run at (94,57) width 0: " "
              text run at (6,73) width 96: "<blockquote>"
              text run at (102,73) width 0: " "
              text run at (6,89) width 304: "   <div>Does this element match?</div>"
              text run at (310,89) width 0: " "
              text run at (6,105) width 104: "</blockquote>"
          RenderBlock {P} at (16,196) size 595x38
            RenderText {#text} at (0,0) size 551x37
              text run at (0,0) width 551: "The CSS selector should match the marked div element, because it is the first"
              text run at (0,19) width 233: "element of this type in this scope"
        RenderListItem {LI} at (40,1144) size 627x250 [bgcolor=#AAAAAA]
          RenderBlock {DIV} at (16,16) size 595x24 [bgcolor=#990000]
            RenderBlock {DIV} at (0,0) size 595x24 [bgcolor=#009900]
              RenderBlock {DIV} at (0,0) size 595x24
          RenderBlock {PRE} at (16,53) size 595x111 [bgcolor=#FFFFFF]
            RenderListMarker at (-37,6) size 16x18: "5"
            RenderText {#text} at (6,9) size 304x96
              text run at (6,9) width 152: "div:first-of-type {"
              text run at (158,9) width 0: " "
              text run at (6,25) width 8: "}"
              text run at (14,25) width 0: " "
              text run at (6,41) width 0: " "
              text run at (6,57) width 40: "<div>"
              text run at (46,57) width 0: " "
              text run at (6,73) width 304: "   <div>Does this element match?</div>"
              text run at (310,73) width 0: " "
              text run at (6,89) width 48: "</div>"
          RenderBlock {P} at (16,180) size 595x38
            RenderText {#text} at (0,0) size 551x37
              text run at (0,0) width 551: "The CSS selector should match the marked div element, because it is the first"
              text run at (0,19) width 284: "element of this type in the current scope"
        RenderListItem {LI} at (40,1442) size 627x266 [bgcolor=#AAAAAA]
          RenderBlock {DIV} at (16,16) size 595x24 [bgcolor=#990000]
            RenderBlock {BLOCKQUOTE} at (0,0) size 595x0 [bgcolor=#009900]
              RenderBlock {DIV} at (0,0) size 595x0
            RenderBlock {DIV} at (0,0) size 595x24 [bgcolor=#009900]
          RenderBlock {PRE} at (16,53) size 595x127 [bgcolor=#FFFFFF]
            RenderListMarker at (-37,6) size 16x18: "6"
            RenderText {#text} at (6,9) size 280x112
              text run at (6,9) width 152: "div:first-of-type {"
              text run at (158,9) width 0: " "
              text run at (6,25) width 8: "}"
              text run at (14,25) width 0: " "
              text run at (6,41) width 0: " "
              text run at (6,57) width 96: "<blockquote>"
              text run at (102,57) width 0: " "
              text run at (6,73) width 112: "   <div></div>"
              text run at (118,73) width 0: " "
              text run at (6,89) width 104: "</blockquote>"
              text run at (110,89) width 0: " "
              text run at (6,105) width 280: "<div>Does this element match?</div>"
          RenderBlock {P} at (16,196) size 595x38
            RenderText {#text} at (0,0) size 551x37
              text run at (0,0) width 551: "The CSS selector should match the marked div element, because it is the first"
              text run at (0,19) width 284: "element of this type in the current scope"
        RenderListItem {LI} at (40,1756) size 627x234 [bgcolor=#AAAAAA]
          RenderBlock {DIV} at (16,16) size 595x24 [bgcolor=#009900]
            RenderBlock {DIV} at (0,0) size 595x0 [bgcolor=#990000]
            RenderBlock {DIV} at (0,0) size 595x24
          RenderBlock {PRE} at (16,53) size 595x95 [bgcolor=#FFFFFF]
            RenderListMarker at (-37,6) size 16x18: "7"
            RenderText {#text} at (6,9) size 280x80
              text run at (6,9) width 152: "div:first-of-type {"
              text run at (158,9) width 0: " "
              text run at (6,25) width 8: "}"
              text run at (14,25) width 0: " "
              text run at (6,41) width 0: " "
              text run at (6,57) width 88: "<div></div>"
              text run at (94,57) width 0: " "
              text run at (6,73) width 280: "<div>Does this element match?</div>"
          RenderBlock {P} at (16,164) size 595x38
            RenderText {#text} at (0,0) size 548x37
              text run at (0,0) width 548: "The CSS selector should not match the marked div element, because it is the"
              text run at (0,19) width 195: "second element of this type"
        RenderListItem {LI} at (40,2038) size 627x234 [bgcolor=#AAAAAA]
          RenderBlock {DIV} at (16,16) size 595x24 [bgcolor=#009900]
            RenderBlock {DIV} at (0,0) size 595x0 [bgcolor=#990000]
            RenderBlock {DIV} at (0,0) size 595x24
          RenderBlock {PRE} at (16,53) size 595x95 [bgcolor=#FFFFFF]
            RenderListMarker at (-37,6) size 16x18: "8"
            RenderText {#text} at (6,9) size 280x80
              text run at (6,9) width 152: "div:first-of-type {"
              text run at (158,9) width 0: " "
              text run at (6,25) width 8: "}"
              text run at (14,25) width 0: " "
              text run at (6,41) width 0: " "
              text run at (6,57) width 88: "<DIV></DIV>"
              text run at (94,57) width 0: " "
              text run at (6,73) width 280: "<div>Does this element match?</div>"
          RenderBlock {P} at (16,164) size 595x38
            RenderText {#text} at (0,0) size 548x37
              text run at (0,0) width 548: "The CSS selector should not match the marked div element, because it is the"
              text run at (0,19) width 195: "second element of this type"
        RenderListItem {LI} at (40,2320) size 627x266 [bgcolor=#AAAAAA]
          RenderBlock {DIV} at (16,16) size 595x24 [bgcolor=#990000]
            RenderBlock {DIV} at (0,0) size 595x24 [bgcolor=#009900]
            RenderBlock {DIV} at (0,24) size 595x0
          RenderBlock {PRE} at (16,53) size 595x127 [bgcolor=#FFFFFF]
            RenderListMarker at (-37,6) size 16x18: "9"
            RenderText {#text} at (6,9) size 520x112
              text run at (6,9) width 152: "div:first-of-type {"
              text run at (158,9) width 0: " "
              text run at (6,25) width 8: "}"
              text run at (14,25) width 0: " "
              text run at (6,41) width 0: " "
              text run at (6,57) width 232: "<div id='insertBefore'></div>"
              text run at (238,57) width 0: " "
              text run at (6,73) width 0: " "
              text run at (6,89) width 392: "var ib = document.getElementById('insertBefore');"
              text run at (398,89) width 0: " "
              text run at (6,105) width 520: "ib.parentElement.insertBefore(document.createElement(\"div\"), ib);"
          RenderBlock {P} at (16,196) size 595x38
            RenderText {#text} at (0,0) size 572x37
              text run at (0,0) width 572: "The CSS selector should match the div element that is inserted by the Javascript"
              text run at (0,19) width 40: "code."
        RenderListItem {LI} at (40,2634) size 627x247 [bgcolor=#AAAAAA]
          RenderBlock {DIV} at (16,16) size 595x24 [bgcolor=#009900]
            RenderBlock {DIV} at (0,0) size 595x0 [bgcolor=#990000]
            RenderBlock {DIV} at (0,0) size 595x24
          RenderBlock {PRE} at (16,53) size 595x127 [bgcolor=#FFFFFF]
            RenderListMarker at (-46,6) size 25x18: "10"
            RenderText {#text} at (6,9) size 520x112
              text run at (6,9) width 152: "div:first-of-type {"
              text run at (158,9) width 0: " "
              text run at (6,25) width 8: "}"
              text run at (14,25) width 0: " "
              text run at (6,41) width 0: " "
              text run at (6,57) width 232: "<div id='insertBefore'></div>"
              text run at (238,57) width 0: " "
              text run at (6,73) width 0: " "
              text run at (6,89) width 392: "var ib = document.getElementById('insertBefore');"
              text run at (398,89) width 0: " "
              text run at (6,105) width 520: "ib.parentElement.insertBefore(document.createElement(\"div\"), ib);"
          RenderBlock {P} at (16,196) size 595x19
            RenderText {#text} at (0,0) size 536x18
              text run at (0,0) width 536: "The original div element should not be a match for the :first-of-type selector."
