layer at (0,0) size 800x600
  RenderView at (0,0) size 800x600
layer at (0,0) size 800x600
  RenderBlock {HTML} at (0,0) size 800x600
    RenderBody {BODY} at (8,8) size 784x584
      RenderBlock {P} at (0,0) size 784x20
        RenderText {#text} at (0,1) size 59x18
          text run at (0,1) width 59: "Test for "
        RenderInline {I} at (0,0) size 640x19
          RenderInline {A} at (0,0) size 331x19 [color=#0000EE]
            RenderText {#text} at (58,0) size 331x19
              text run at (58,0) width 331: "http://bugs.webkit.org/show_bug.cgi?id=16348"
          RenderText {#text} at (388,0) size 310x19
            text run at (388,0) width 6: " "
            text run at (393,0) width 305: "@font-face does not affect the default style"
        RenderText {#text} at (697,1) size 6x18
          text run at (697,1) width 6: "."
      RenderBlock (anonymous) at (0,36) size 784x19
        RenderText {#text} at (0,0) size 193x18
          text run at (0,0) width 193: "This text should be in Arial."
