layer at (0,0) size 800x600
  RenderView at (0,0) size 800x600
layer at (0,0) size 800x600
  RenderBlock {HTML} at (0,0) size 800x600
    RenderBody {BODY} at (8,8) size 784x576
      RenderBlock {DIV} at (0,0) size 784x18
        RenderInline {SPAN} at (0,0) size 228x17 [color=#FF0000]
          RenderText {#text} at (0,0) size 228x17
            text run at (0,0) width 228: "This should turn red when hovered."
        RenderText {#text} at (0,0) size 0x0
      RenderBlock {HR} at (0,26) size 784x2 [border: (1px inset #000000)]
      RenderBlock {P} at (0,44) size 784x36
        RenderText {#text} at (0,0) size 55x17
          text run at (0,0) width 55: "Test for "
        RenderInline {I} at (0,0) size 753x35
          RenderInline {A} at (0,0) size 354x17 [color=#0000EE]
            RenderText {#text} at (54,0) size 354x17
              text run at (54,0) width 354: "http://bugzilla.opendarwin.org/show_bug.cgi?id=7327"
          RenderText {#text} at (407,0) size 753x35
            text run at (407,0) width 346: " REGRESSION (r12869): :hover subselector does not"
            text run at (0,18) width 132: "work in quirks mode"
        RenderText {#text} at (131,18) size 102x17
          text run at (131,18) width 102: ". This tests that "
        RenderInline {CODE} at (0,0) size 97x15
          RenderText {#text} at (232,20) size 97x15
            text run at (232,20) width 97: "span#t:hover"
        RenderText {#text} at (328,18) size 174x17
          text run at (328,18) width 174: " matches the hovered span."
