layer at (0,0) size 800x600
  RenderView at (0,0) size 800x600
layer at (0,0) size 800x600
  RenderBlock {HTML} at (0,0) size 800x600
    RenderBody {BODY} at (8,8) size 784x584
      RenderBlock {DIV} at (0,0) size 784x20
        RenderText {#text} at (0,0) size 245x19
          text run at (0,0) width 245: "This text should have default font size"
      RenderBlock {DIV} at (0,20) size 784x20
        RenderText {#text} at (0,0) size 318x19
          text run at (0,0) width 318: "This text should have larger than default font size"
