layer at (0,0) size 800x600
  RenderView at (0,0) size 800x600
layer at (0,0) size 800x600
  RenderBlock {HTML} at (0,0) size 800x600
    RenderBody {BODY} at (8,8) size 784x584
      RenderBlock {DIV} at (0,0) size 784x180 [border: (80px solid #FF0000)]
        RenderText {#text} at (80,80) size 212x19
          text run at (80,80) width 212: "This border should be 5em thick."
      RenderBlock {DIV} at (0,180) size 100x40 [bgcolor=#00FF00]
        RenderText {#text} at (0,0) size 100x39
          text run at (0,0) width 100: "This div should"
          text run at (0,20) width 99: "be 100px wide."
