layer at (0,0) size 800x600
  RenderView at (0,0) size 800x600
layer at (0,0) size 800x600
  RenderBlock {HTML} at (0,0) size 800x600
    RenderBody {BODY} at (8,8) size 784x576
      RenderBlock {H1} at (0,0) size 784x37
        RenderText {#text} at (0,0) size 254x36
          text run at (0,0) width 254: "setAttribute() Test"
      RenderBlock {P} at (0,58) size 784x20 [color=#008000]
        RenderText {#text} at (0,0) size 481x19
          text run at (0,0) width 481: "This element's Class attribute is set using setAttribute(). It should be green."
      RenderBlock {P} at (0,94) size 784x20 [color=#008000]
        RenderText {#text} at (0,0) size 464x19
          text run at (0,0) width 464: "This element's ID attribute is set using setAttribute(). It should be green."
      RenderBlock {P} at (0,130) size 784x20 [color=#008000]
        RenderText {#text} at (0,0) size 477x19
          text run at (0,0) width 477: "This element's Title attribute is set using setAttribute(). It should be green."
      RenderBlock {P} at (0,166) size 784x20 [color=#008000]
        RenderText {#text} at (0,0) size 402x19
          text run at (0,0) width 402: "This element's Title attribute is hard-coded. It should be green."
      RenderBlock {P} at (0,202) size 784x20 [color=#008000]
        RenderText {#text} at (0,0) size 480x19
          text run at (0,0) width 480: "This element's Lang attribute is set using setAttribute(). It should be green."
