layer at (0,0) size 800x874
  RenderView at (0,0) size 800x600
layer at (0,0) size 800x874
  RenderBlock {HTML} at (0,0) size 800x874
    RenderBody {BODY} at (8,8) size 784x846
      RenderBlock {P} at (0,0) size 784x18
        RenderText {#text} at (0,0) size 568x17
          text run at (0,0) width 568: "This test checks that text with text-overflow:ellipsis follows 'text-align: center' correctly."
      RenderBlock {P} at (0,34) size 784x18
        RenderText {#text} at (0,0) size 394x17
          text run at (0,0) width 394: "The text in all boxes should have the text centered in the box."
      RenderBlock {H3} at (0,70) size 784x22
        RenderText {#text} at (0,0) size 83x21
          text run at (0,0) width 83: "Single line"
      RenderBlock {H3} at (0,150) size 784x22
        RenderText {#text} at (0,0) size 79x21
          text run at (0,0) width 79: "Multi line"
      RenderBlock {H3} at (0,284) size 784x22
        RenderText {#text} at (0,0) size 227x21
          text run at (0,0) width 227: "Containing replaced content"
      RenderBlock {H3} at (0,376) size 784x22
        RenderText {#text} at (0,0) size 389x21
          text run at (0,0) width 389: "Containing replaced content blocking the ellipsis"
      RenderBlock {H3} at (0,468) size 784x22
        RenderText {#text} at (0,0) size 197x21
          text run at (0,0) width 197: "Right-To-Left single line"
      RenderBlock {H3} at (0,548) size 784x22
        RenderText {#text} at (0,0) size 196x21
          text run at (0,0) width 196: "Right-To-Left Multi line"
      RenderBlock {H3} at (0,682) size 784x22
        RenderText {#text} at (0,0) size 339x21
          text run at (0,0) width 339: "Right-To-Left containing replaced content"
      RenderBlock {H3} at (0,774) size 784x22
        RenderText {#text} at (0,0) size 501x21
          text run at (0,0) width 501: "Right-To-Left containing replaced content blocking the ellipsis"
layer at (8,118) size 310x20 clip at (9,119) size 308x18 scrollWidth 740
  RenderBlock {DIV} at (0,110) size 310x20 [border: (1px solid #000000)]
    RenderText {#text} at (2,1) size 739x17
      text run at (2,1) width 739: "Lorem ipsum dolor sit amet, consectetur adipiscing elit. Vivamus vitae eros non libero faucibus sagittis sed ut eros."
layer at (8,198) size 310x74 clip at (9,199) size 308x72 scrollWidth 740
  RenderBlock {DIV} at (0,190) size 310x74 [border: (1px solid #000000)]
    RenderText {#text} at (2,1) size 739x17
      text run at (2,1) width 739: "Lorem ipsum dolor sit amet, consectetur adipiscing elit. Vivamus vitae eros non libero faucibus sagittis sed ut eros."
    RenderBR {BR} at (0,0) size 0x0
    RenderText {#text} at (1,19) size 730x17
      text run at (1,19) width 730: "orem ipsum dolor sit amet, consectetur adipiscing elit. Vivamus vitae eros non libero faucibus sagittis sed ut eros."
    RenderBR {BR} at (0,0) size 0x0
    RenderText {#text} at (2,37) size 721x17
      text run at (2,37) width 721: "rem ipsum dolor sit amet, consectetur adipiscing elit. Vivamus vitae eros non libero faucibus sagittis sed ut eros."
    RenderBR {BR} at (0,0) size 0x0
    RenderText {#text} at (2,55) size 716x17
      text run at (2,55) width 716: "em ipsum dolor sit amet, consectetur adipiscing elit. Vivamus vitae eros non libero faucibus sagittis sed ut eros."
    RenderBR {BR} at (0,0) size 0x0
layer at (8,332) size 310x32 clip at (9,333) size 308x30 scrollWidth 768
  RenderBlock {DIV} at (0,324) size 310x32 [border: (1px solid #000000)]
    RenderText {#text} at (1,13) size 187x17
      text run at (1,13) width 187: "Lorem ipsum dolor sit amet, "
    RenderImage {IMG} at (187,1) size 25x25
    RenderText {#text} at (212,13) size 557x17
      text run at (212,13) width 557: " consectetur adipiscing elit. Vivamus vitae eros non libero faucibus sagittis sed ut eros."
layer at (8,424) size 310x32 clip at (9,425) size 308x30 scrollWidth 764
  RenderBlock {DIV} at (0,416) size 310x32 [border: (1px solid #000000)]
    RenderText {#text} at (1,13) size 278x17
      text run at (1,13) width 278: "Lorem ipsum dolor sit amet, consectetur ad"
    RenderImage {IMG} at (279,1) size 25x25
    RenderText {#text} at (303,13) size 462x17
      text run at (303,13) width 462: "ipiscing elit. Vivamus vitae eros non libero faucibus sagittis sed ut eros."
layer at (8,516) size 310x20 clip at (9,517) size 308x18 scrollX 432 scrollWidth 740
  RenderBlock {DIV} at (0,508) size 310x20 [border: (1px solid #000000)]
    RenderText {#text} at (-430,1) size 739x17
      text run at (-430,1) width 738 RTL override: "Lorem ipsum dolor sit amet, consectetur adipiscing elit. Vivamus vitae eros non libero faucibus sagittis sed ut eros."
layer at (8,596) size 310x74 clip at (9,597) size 308x72 scrollX 432 scrollWidth 740
  RenderBlock {DIV} at (0,588) size 310x74 [border: (1px solid #000000)]
    RenderText {#text} at (-430,1) size 739x17
      text run at (-430,1) width 738 RTL override: "Lorem ipsum dolor sit amet, consectetur adipiscing elit. Vivamus vitae eros non libero faucibus sagittis sed ut eros."
    RenderBR {BR} at (0,0) size 0x0
    RenderText {#text} at (-420,19) size 730x17
      text run at (-420,19) width 729 RTL override: "orem ipsum dolor sit amet, consectetur adipiscing elit. Vivamus vitae eros non libero faucibus sagittis sed ut eros."
    RenderBR {BR} at (0,0) size 0x0
    RenderText {#text} at (-412,37) size 721x17
      text run at (-412,37) width 720 RTL override: "rem ipsum dolor sit amet, consectetur adipiscing elit. Vivamus vitae eros non libero faucibus sagittis sed ut eros."
    RenderBR {BR} at (0,0) size 0x0
    RenderText {#text} at (-407,55) size 716x17
      text run at (-407,55) width 715 RTL override: "em ipsum dolor sit amet, consectetur adipiscing elit. Vivamus vitae eros non libero faucibus sagittis sed ut eros."
    RenderBR {BR} at (0,0) size 0x0
layer at (8,730) size 310x32 clip at (9,731) size 308x30 scrollX 460 scrollWidth 768
  RenderBlock {DIV} at (0,722) size 310x32 [border: (1px solid #000000)]
    RenderText {#text} at (122,13) size 187x17
      text run at (122,13) width 187 RTL override: "Lorem ipsum dolor sit amet, "
    RenderImage {IMG} at (98,1) size 25x25
    RenderText {#text} at (-458,13) size 557x17
      text run at (-458,13) width 556 RTL override: " consectetur adipiscing elit. Vivamus vitae eros non libero faucibus sagittis sed ut eros."
layer at (8,822) size 310x32 clip at (9,823) size 308x30 scrollX 456 scrollWidth 764
  RenderBlock {DIV} at (0,814) size 310x32 [border: (1px solid #000000)]
    RenderText {#text} at (31,13) size 278x17
      text run at (31,13) width 278 RTL override: "Lorem ipsum dolor sit amet, consectetur ad"
    RenderImage {IMG} at (6,1) size 25x25
    RenderText {#text} at (-454,13) size 462x17
      text run at (-454,13) width 461 RTL override: "ipiscing elit. Vivamus vitae eros non libero faucibus sagittis sed ut eros."
