layer at (0,0) size 800x600
  RenderView at (0,0) size 800x600
layer at (0,0) size 800x600
  RenderBlock {HTML} at (0,0) size 800x600
    RenderBody {BODY} at (8,8) size 784x572
      RenderBlock {P} at (0,0) size 784x60
        RenderText {#text} at (0,0) size 781x59
          text run at (0,0) width 753: "This file tests capitalisation with all sorts of odd things. There is some RTL text, some text with an inlined-div placed"
          text run at (0,20) width 781: "inside a word, an image between words as well as a div between words. Each word below should be capitalised, and there"
          text run at (0,40) width 284: "should be no capitals n the middle of words."
      RenderBlock {DIV} at (20,80) size 744x120 [border: (5px solid #FF0000)]
        RenderBlock {DIV} at (25,25) size 694x20
          RenderText {#text} at (663,0) size 31x19
            text run at (663,0) width 31 RTL override: "Capi"
          RenderInline {SPAN} at (0,0) size 17x19
            RenderText {#text} at (647,0) size 17x19
              text run at (647,0) width 17 RTL override: "tal"
          RenderText {#text} at (629,0) size 19x19
            text run at (629,0) width 19 RTL override: "ise"
        RenderBlock {DIV} at (25,45) size 694x50
          RenderBlock (anonymous) at (0,0) size 694x30
            RenderText {#text} at (0,10) size 31x19
              text run at (0,10) width 31: "A W"
            RenderInline {DIV} at (0,0) size 14x19
              RenderText {#text} at (30,10) size 14x19
                text run at (30,10) width 14: "or"
            RenderText {#text} at (44,10) size 45x19
              text run at (44,10) width 45: "d With"
            RenderImage {IMG} at (88,0) size 25x25
            RenderText {#text} at (113,10) size 64x19
              text run at (113,10) width 64: "An Image"
          RenderBlock {DIV} at (0,30) size 694x0
          RenderBlock (anonymous) at (0,30) size 694x20
            RenderText {#text} at (0,0) size 36x19
              text run at (0,0) width 36: "In Be"
            RenderInline {SPAN} at (0,0) size 17x19
              RenderText {#text} at (35,0) size 17x19
                text run at (35,0) width 17: "tw"
            RenderText {#text} at (51,0) size 23x19
              text run at (51,0) width 23: "een"
