layer at (0,0) size 800x2976
  RenderView at (0,0) size 800x600
layer at (0,0) size 800x2976
  RenderBlock {HTML} at (0,0) size 800x2976
    RenderBody {BODY} at (8,8) size 784x2948
      RenderBlock {H3} at (0,0) size 784x23
        RenderText {#text} at (0,0) size 83x22
          text run at (0,0) width 83: "Single line"
      RenderBlock {H3} at (0,371) size 784x23
        RenderText {#text} at (0,0) size 79x22
          text run at (0,0) width 79: "Multi line"
      RenderBlock {H3} at (0,742) size 784x23
        RenderText {#text} at (0,0) size 227x22
          text run at (0,0) width 227: "Containing replaced content"
      RenderBlock {H3} at (0,1113) size 784x23
        RenderText {#text} at (0,0) size 389x22
          text run at (0,0) width 389: "Containing replaced content blocking the ellipsis"
      RenderBlock {H3} at (0,1484) size 784x23
        RenderText {#text} at (0,0) size 197x22
          text run at (0,0) width 197: "Right-To-Left single line"
      RenderBlock {H3} at (0,1855) size 784x23
        RenderText {#text} at (0,0) size 196x22
          text run at (0,0) width 196: "Right-To-Left Multi line"
      RenderBlock {H3} at (0,2226) size 784x23
        RenderText {#text} at (0,0) size 339x22
          text run at (0,0) width 339: "Right-To-Left containing replaced content"
      RenderBlock {H3} at (0,2597) size 784x23
        RenderText {#text} at (0,0) size 501x22
          text run at (0,0) width 501: "Right-To-Left containing replaced content blocking the ellipsis"
layer at (8,49) size 22x310 clip at (9,50) size 20x308 scrollHeight 739
  RenderBlock {DIV} at (0,41) size 22x310 [border: (1px solid #000000)]
    RenderText {#text} at (1,1) size 19x739
      text run at (1,1) width 739: "Lorem ipsum dolor sit amet, consectetur adipiscing elit. Vivamus vitae eros non libero faucibus sagittis sed ut eros."
layer at (8,420) size 82x310 clip at (9,421) size 80x308 scrollHeight 739
  RenderBlock {DIV} at (0,412) size 82x310 [border: (1px solid #000000)]
    RenderText {#text} at (1,1) size 19x739
      text run at (1,1) width 739: "Lorem ipsum dolor sit amet, consectetur adipiscing elit. Vivamus vitae eros non libero faucibus sagittis sed ut eros."
    RenderBR {BR} at (0,0) size 0x0
    RenderText {#text} at (21,1) size 19x729
      text run at (21,1) width 729: "orem ipsum dolor sit amet, consectetur adipiscing elit. Vivamus vitae eros non libero faucibus sagittis sed ut eros."
    RenderBR {BR} at (0,0) size 0x0
    RenderText {#text} at (41,1) size 19x721
      text run at (41,1) width 721: "rem ipsum dolor sit amet, consectetur adipiscing elit. Vivamus vitae eros non libero faucibus sagittis sed ut eros."
    RenderBR {BR} at (0,0) size 0x0
    RenderText {#text} at (61,1) size 19x715
      text run at (61,1) width 715: "em ipsum dolor sit amet, consectetur adipiscing elit. Vivamus vitae eros non libero faucibus sagittis sed ut eros."
    RenderBR {BR} at (0,0) size 0x0
layer at (8,791) size 32x310 clip at (9,792) size 30x308 scrollHeight 768
  RenderBlock {DIV} at (0,783) size 32x310 [border: (1px solid #000000)]
    RenderText {#text} at (11,1) size 19x186
      text run at (11,1) width 186: "Lorem ipsum dolor sit amet, "
    RenderImage {IMG} at (1,187) size 25x25
    RenderText {#text} at (11,211) size 19x558
      text run at (11,211) width 557: " consectetur adipiscing elit. Vivamus vitae eros non libero faucibus sagittis sed ut eros."
layer at (8,1162) size 32x310 clip at (9,1163) size 30x308 scrollHeight 764
  RenderBlock {DIV} at (0,1154) size 32x310 [border: (1px solid #000000)]
    RenderText {#text} at (11,1) size 19x278
      text run at (11,1) width 278: "Lorem ipsum dolor sit amet, consectetur ad"
    RenderImage {IMG} at (1,279) size 25x25
    RenderText {#text} at (11,303) size 19x462
      text run at (11,303) width 461: "ipiscing elit. Vivamus vitae eros non libero faucibus sagittis sed ut eros."
layer at (8,1533) size 22x310 clip at (9,1534) size 20x308 scrollY 431 scrollHeight 739
  RenderBlock {DIV} at (0,1525) size 22x310 [border: (1px solid #000000)]
    RenderText {#text} at (1,-429) size 19x739
      text run at (1,-429) width 739 RTL override: "Lorem ipsum dolor sit amet, consectetur adipiscing elit. Vivamus vitae eros non libero faucibus sagittis sed ut eros."
layer at (8,1904) size 82x310 clip at (9,1905) size 80x308 scrollY 431 scrollHeight 739
  RenderBlock {DIV} at (0,1896) size 82x310 [border: (1px solid #000000)]
    RenderText {#text} at (1,-429) size 19x739
      text run at (1,-429) width 739 RTL override: "Lorem ipsum dolor sit amet, consectetur adipiscing elit. Vivamus vitae eros non libero faucibus sagittis sed ut eros."
    RenderBR {BR} at (0,0) size 0x0
    RenderText {#text} at (21,-419) size 19x729
      text run at (21,-419) width 729 RTL override: "orem ipsum dolor sit amet, consectetur adipiscing elit. Vivamus vitae eros non libero faucibus sagittis sed ut eros."
    RenderBR {BR} at (0,0) size 0x0
    RenderText {#text} at (41,-411) size 19x721
      text run at (41,-411) width 721 RTL override: "rem ipsum dolor sit amet, consectetur adipiscing elit. Vivamus vitae eros non libero faucibus sagittis sed ut eros."
    RenderBR {BR} at (0,0) size 0x0
    RenderText {#text} at (61,-405) size 19x715
      text run at (61,-405) width 715 RTL override: "em ipsum dolor sit amet, consectetur adipiscing elit. Vivamus vitae eros non libero faucibus sagittis sed ut eros."
    RenderBR {BR} at (0,0) size 0x0
layer at (8,2275) size 32x310 clip at (9,2276) size 30x308 scrollY 460 scrollHeight 768
  RenderBlock {DIV} at (0,2267) size 32x310 [border: (1px solid #000000)]
    RenderText {#text} at (11,123) size 19x186
      text run at (11,123) width 186 RTL override: "Lorem ipsum dolor sit amet, "
    RenderImage {IMG} at (1,98) size 25x25
    RenderText {#text} at (11,-458) size 19x558
      text run at (11,-458) width 557 RTL override: " consectetur adipiscing elit. Vivamus vitae eros non libero faucibus sagittis sed ut eros."
layer at (8,2646) size 32x310 clip at (9,2647) size 30x308 scrollY 456 scrollHeight 764
  RenderBlock {DIV} at (0,2638) size 32x310 [border: (1px solid #000000)]
    RenderText {#text} at (11,31) size 19x278
      text run at (11,31) width 278 RTL override: "Lorem ipsum dolor sit amet, consectetur ad"
    RenderImage {IMG} at (1,6) size 25x25
    RenderText {#text} at (11,-454) size 19x462
      text run at (11,-454) width 461 RTL override: "ipiscing elit. Vivamus vitae eros non libero faucibus sagittis sed ut eros."
