layer at (0,0) size 800x600
  RenderView at (0,0) size 800x600
layer at (0,0) size 800x600
  RenderBlock {HTML} at (0,0) size 800x600
    RenderBody {BODY} at (0,0) size 800x600
      RenderInline {A} at (0,0) size 300x17
        RenderImage {IMG} at (0,0) size 300x300
      RenderText {#text} at (300,287) size 4x17
        text run at (300,287) width 4: " "
      RenderText {#text} at (304,287) size 450x17
        text run at (304,287) width 355: "The element at position (100, 100) should be the body. "
        text run at (658,287) width 96: "Result: BODY"
