layer at (0,0) size 4167x585
  RenderView at (0,0) size 800x585
layer at (-3367,0) size 4167x585 backgroundClip at (0,0) size 4167x585 clip at (0,0) size 4167x585 outlineClip at (0,0) size 4167x585
  RenderBlock {HTML} at (0,0) size 4168x585
    RenderBody {BODY} at (58,46) size 4051x493
      RenderBlock {H1} at (0,0) size 48x492
        RenderText {#text} at (6,0) size 36x64
          text run at (6,0) width 64: "\x{8349}\x{6795}"
      RenderBlock {H2} at (69,0) size 37x492
        RenderText {#text} at (5,0) size 26x96
          text run at (5,0) width 96: "\x{590F}\x{76EE}\x{6F31}\x{77F3}"
      RenderBlock {DIV} at (125,0) size 3926x492
        RenderBlock (anonymous) at (0,0) size 2214x492
          RenderBR {BR} at (0,0) size 17x0
          RenderBR {BR} at (18,0) size 17x0
          RenderBR {BR} at (36,0) size 17x0
          RenderText {#text} at (54,0) size 17x144
            text run at (54,0) width 144: "\x{3000}\x{3000}\x{3000}\x{3000}\x{3000}\x{3000}\x{3000}\x{3000}\x{4E00}"
          RenderBR {BR} at (54,144) size 17x0
          RenderBR {BR} at (72,0) size 17x0
          RenderText {#text} at (99,0) size 17x16
            text run at (99,0) width 16: "\x{3000}"
          RenderRuby (inline) {RUBY} at (0,0) size 17x32
            RenderRubyRun (anonymous) at (99,14) size 18x36
              RenderRubyText {RT} at (-10,0) size 10x36
                RenderText {#text} at (0,0) size 10x36
                  text run at (0,0) width 36: "\x{3084}\x{307E}\x{307F}\x{3061}"
              RenderRubyBase (anonymous) at (0,0) size 18x36
                RenderInline {RB} at (0,0) size 17x32
                  RenderText {#text} at (0,2) size 17x32
                    text run at (0,2) width 32: "\x{5C71}\x{8DEF}"
          RenderText {#text} at (99,48) size 17x208
            text run at (99,48) width 208: "\x{3092}\x{767B}\x{308A}\x{306A}\x{304C}\x{3089}\x{3001}\x{3053}\x{3046}\x{8003}\x{3048}\x{305F}\x{3002}"
          RenderBR {BR} at (99,256) size 17x0
          RenderText {#text} at (126,0) size 17x16
            text run at (126,0) width 16: "\x{3000}"
          RenderRuby (inline) {RUBY} at (0,0) size 17x16
            RenderRubyRun (anonymous) at (126,16) size 18x16
              RenderRubyText {RT} at (-10,0) size 10x16
                RenderText {#text} at (0,3) size 10x10
                  text run at (0,3) width 9: "\x{3061}"
              RenderRubyBase (anonymous) at (0,0) size 18x16
                RenderInline {RB} at (0,0) size 17x16
                  RenderText {#text} at (0,0) size 17x16
                    text run at (0,0) width 16: "\x{667A}"
          RenderText {#text} at (126,32) size 17x64
            text run at (126,32) width 64: "\x{306B}\x{50CD}\x{3051}\x{3070}"
          RenderRuby (inline) {RUBY} at (0,0) size 17x16
            RenderRubyRun (anonymous) at (126,95) size 18x18
              RenderRubyText {RT} at (-10,0) size 10x18
                RenderText {#text} at (0,0) size 10x18
                  text run at (0,0) width 18: "\x{304B}\x{3069}"
              RenderRubyBase (anonymous) at (0,0) size 18x18
                RenderInline {RB} at (0,0) size 17x16
                  RenderText {#text} at (0,1) size 17x16
                    text run at (0,1) width 16: "\x{89D2}"
          RenderText {#text} at (126,112) size 17x64
            text run at (126,112) width 64: "\x{304C}\x{7ACB}\x{3064}\x{3002}"
          RenderRuby (inline) {RUBY} at (0,0) size 17x19
            RenderRubyRun (anonymous) at (126,172) size 18x27
              RenderRubyText {RT} at (-10,0) size 10x27
                RenderText {#text} at (0,0) size 10x27
                  text run at (0,0) width 27: "\x{3058}\x{3087}\x{3046}"
              RenderRubyBase (anonymous) at (0,0) size 18x27
                RenderInline {RB} at (0,0) size 17x17
                  RenderText {#text} at (0,5) size 17x17
                    text run at (0,5) width 16: "\x{60C5}"
          RenderText {#text} at (126,195) size 17x16
            text run at (126,195) width 16: "\x{306B}"
          RenderRuby (inline) {RUBY} at (0,0) size 17x16
            RenderRubyRun (anonymous) at (126,210) size 18x18
              RenderRubyText {RT} at (-10,0) size 10x18
                RenderText {#text} at (0,0) size 10x18
                  text run at (0,0) width 18: "\x{3055}\x{304A}"
              RenderRubyBase (anonymous) at (0,0) size 18x18
                RenderInline {RB} at (0,0) size 17x16
                  RenderText {#text} at (0,1) size 17x16
                    text run at (0,1) width 16: "\x{68F9}"
          RenderText {#text} at (126,227) size 17x176
            text run at (126,227) width 176: "\x{3055}\x{305B}\x{3070}\x{6D41}\x{3055}\x{308C}\x{308B}\x{3002}\x{610F}\x{5730}\x{3092}"
          RenderRuby (inline) {RUBY} at (0,0) size 17x16
            RenderRubyRun (anonymous) at (126,402) size 18x18
              RenderRubyText {RT} at (-10,0) size 10x18
                RenderText {#text} at (0,0) size 10x18
                  text run at (0,0) width 18: "\x{3068}\x{304A}"
              RenderRubyBase (anonymous) at (0,0) size 18x18
                RenderInline {RB} at (0,0) size 17x16
                  RenderText {#text} at (0,1) size 17x16
                    text run at (0,1) width 16: "\x{901A}"
          RenderText {#text} at (126,419) size 17x32
            text run at (126,419) width 32: "\x{305B}\x{3070}"
          RenderRuby (inline) {RUBY} at (0,0) size 17x41
            RenderRubyRun (anonymous) at (153,0) size 18x45
              RenderRubyText {RT} at (-10,0) size 10x45
                RenderText {#text} at (0,0) size 10x45
                  text run at (0,0) width 45: "\x{304D}\x{3085}\x{3046}\x{304F}\x{3064}"
              RenderRubyBase (anonymous) at (0,0) size 18x45
                RenderInline {RB} at (0,0) size 17x33
                  RenderText {#text} at (0,6) size 17x33
                    text run at (0,6) width 32: "\x{7AAE}\x{5C48}"
          RenderText {#text} at (153,41) size 17x254
            text run at (153,41) width 254: "\x{3060}\x{3002}\x{3068}\x{304B}\x{304F}\x{306B}\x{4EBA}\x{306E}\x{4E16}\x{306F}\x{4F4F}\x{307F}\x{306B}\x{304F}\x{3044}\x{3002}"
          RenderBR {BR} at (153,295) size 17x0
          RenderText {#text} at (180,0) size 17x112
            text run at (180,0) width 112: "\x{3000}\x{4F4F}\x{307F}\x{306B}\x{304F}\x{3055}\x{304C}"
          RenderRuby (inline) {RUBY} at (0,0) size 17x16
            RenderRubyRun (anonymous) at (180,111) size 18x18
              RenderRubyText {RT} at (-10,0) size 10x18
                RenderText {#text} at (0,0) size 10x18
                  text run at (0,0) width 18: "\x{3053}\x{3046}"
              RenderRubyBase (anonymous) at (0,0) size 18x18
                RenderInline {RB} at (0,0) size 17x16
                  RenderText {#text} at (0,1) size 17x16
                    text run at (0,1) width 16: "\x{9AD8}"
          RenderText {#text} at (180,128) size 44x480
            text run at (180,128) width 352: "\x{3058}\x{308B}\x{3068}\x{3001}\x{5B89}\x{3044}\x{6240}\x{3078}\x{5F15}\x{304D}\x{8D8A}\x{3057}\x{305F}\x{304F}\x{306A}\x{308B}\x{3002}\x{3069}\x{3053}\x{3078}\x{8D8A}\x{3057}"
            text run at (207,0) width 128: "\x{3066}\x{3082}\x{4F4F}\x{307F}\x{306B}\x{304F}\x{3044}\x{3068}"
          RenderRuby (inline) {RUBY} at (0,0) size 17x16
            RenderRubyRun (anonymous) at (207,127) size 18x18
              RenderRubyText {RT} at (-10,0) size 10x18
                RenderText {#text} at (0,0) size 10x18
                  text run at (0,0) width 18: "\x{3055}\x{3068}"
              RenderRubyBase (anonymous) at (0,0) size 18x18
                RenderInline {RB} at (0,0) size 17x16
                  RenderText {#text} at (0,1) size 17x16
                    text run at (0,1) width 16: "\x{609F}"
          RenderText {#text} at (207,144) size 17x160
            text run at (207,144) width 160: "\x{3063}\x{305F}\x{6642}\x{3001}\x{8A69}\x{304C}\x{751F}\x{308C}\x{3066}\x{3001}"
          RenderRuby (inline) {RUBY} at (0,0) size 17x16
            RenderRubyRun (anonymous) at (207,304) size 18x16
              RenderRubyText {RT} at (-10,0) size 10x16
                RenderText {#text} at (0,3) size 10x10
                  text run at (0,3) width 9: "\x{3048}"
              RenderRubyBase (anonymous) at (0,0) size 18x16
                RenderInline {RB} at (0,0) size 17x16
                  RenderText {#text} at (0,0) size 17x16
                    text run at (0,0) width 16: "\x{753B}"
          RenderText {#text} at (207,320) size 17x80
            text run at (207,320) width 80: "\x{304C}\x{51FA}\x{6765}\x{308B}\x{3002}"
          RenderBR {BR} at (207,400) size 17x0
          RenderText {#text} at (225,0) size 17x16
            text run at (225,0) width 16: "\x{3000}"
          RenderInline {STRONG} at (0,0) size 17x46
            RenderText {#text} at (225,16) size 17x46
              text run at (225,16) width 46: "\x{4EBA}\x{306E}\x{4E16}"
          RenderText {#text} at (225,62) size 44x476
            text run at (225,62) width 414: "\x{3092}\x{4F5C}\x{3063}\x{305F}\x{3082}\x{306E}\x{306F}\x{795E}\x{3067}\x{3082}\x{306A}\x{3051}\x{308C}\x{3070}\x{9B3C}\x{3067}\x{3082}\x{306A}\x{3044}\x{3002}\x{3084}\x{306F}\x{308A}\x{5411}\x{3046}\x{4E09}"
            text run at (252,0) width 16: "\x{8ED2}"
          RenderRuby (inline) {RUBY} at (0,0) size 17x37
            RenderRubyRun (anonymous) at (252,12) size 18x45
              RenderRubyText {RT} at (-10,0) size 10x45
                RenderText {#text} at (0,0) size 10x45
                  text run at (0,0) width 45: "\x{308A}\x{3087}\x{3046}\x{3069}\x{306A}"
              RenderRubyBase (anonymous) at (0,0) size 18x45
                RenderInline {RB} at (0,0) size 17x33
                  RenderText {#text} at (0,6) size 17x33
                    text run at (0,6) width 32: "\x{4E21}\x{96A3}"
          RenderText {#text} at (252,53) size 17x380
            text run at (252,53) width 380: "\x{308A}\x{306B}\x{3061}\x{3089}\x{3061}\x{3089}\x{3059}\x{308B}\x{305F}\x{3060}\x{306E}\x{4EBA}\x{3067}\x{3042}\x{308B}\x{3002}\x{305F}\x{3060}\x{306E}\x{4EBA}\x{304C}\x{4F5C}\x{3063}\x{305F}"
          RenderInline {STRONG} at (0,0) size 35x463
            RenderText {#text} at (252,433) size 35x463
              text run at (252,433) width 30: "\x{4EBA}\x{306E}"
              text run at (270,0) width 16: "\x{4E16}"
          RenderText {#text} at (270,16) size 17x368
            text run at (270,16) width 368: "\x{304C}\x{4F4F}\x{307F}\x{306B}\x{304F}\x{3044}\x{304B}\x{3089}\x{3068}\x{3066}\x{3001}\x{8D8A}\x{3059}\x{56FD}\x{306F}\x{3042}\x{308B}\x{307E}\x{3044}\x{3002}\x{3042}\x{308C}\x{3070}"
          RenderInline {STRONG} at (0,0) size 17x64
            RenderText {#text} at (270,384) size 17x64
              text run at (270,384) width 64: "\x{4EBA}\x{3067}\x{306A}\x{3057}"
          RenderText {#text} at (270,448) size 35x478
            text run at (270,448) width 30: "\x{306E}\x{56FD}"
            text run at (288,0) width 128: "\x{3078}\x{884C}\x{304F}\x{3070}\x{304B}\x{308A}\x{3060}\x{3002}"
          RenderInline {STRONG} at (0,0) size 17x64
            RenderText {#text} at (288,128) size 17x64
              text run at (288,128) width 64: "\x{4EBA}\x{3067}\x{306A}\x{3057}"
          RenderText {#text} at (288,192) size 17x46
            text run at (288,192) width 46: "\x{306E}\x{56FD}\x{306F}"
          RenderInline {STRONG} at (0,0) size 17x46
            RenderText {#text} at (288,238) size 17x46
              text run at (288,238) width 46: "\x{4EBA}\x{306E}\x{4E16}"
          RenderText {#text} at (288,284) size 35x460
            text run at (288,284) width 176: "\x{3088}\x{308A}\x{3082}\x{306A}\x{304A}\x{4F4F}\x{307F}\x{306B}\x{304F}\x{304B}\x{308D}"
            text run at (306,0) width 32: "\x{3046}\x{3002}"
          RenderBR {BR} at (306,32) size 17x0
          RenderText {#text} at (324,0) size 44x462
            text run at (324,0) width 462: "\x{3000}\x{8D8A}\x{3059}\x{4E8B}\x{306E}\x{306A}\x{3089}\x{306C}\x{4E16}\x{304C}\x{4F4F}\x{307F}\x{306B}\x{304F}\x{3051}\x{308C}\x{3070}\x{3001}\x{4F4F}\x{307F}\x{306B}\x{304F}\x{3044}\x{6240}\x{3092}\x{3069}\x{308C}\x{307B}\x{3069}"
            text run at (351,0) width 32: "\x{304B}\x{3001}"
          RenderRuby (inline) {RUBY} at (0,0) size 17x32
            RenderRubyRun (anonymous) at (351,30) size 18x36
              RenderRubyText {RT} at (-10,0) size 10x36
                RenderText {#text} at (0,0) size 10x36
                  text run at (0,0) width 36: "\x{304F}\x{3064}\x{308D}\x{3052}"
              RenderRubyBase (anonymous) at (0,0) size 18x36
                RenderInline {RB} at (0,0) size 17x32
                  RenderText {#text} at (0,2) size 17x32
                    text run at (0,2) width 32: "\x{5BDB}\x{5BB9}"
          RenderText {#text} at (351,64) size 17x32
            text run at (351,64) width 32: "\x{3066}\x{3001}"
          RenderRuby (inline) {RUBY} at (0,0) size 17x16
            RenderRubyRun (anonymous) at (351,95) size 18x18
              RenderRubyText {RT} at (-10,0) size 10x18
                RenderText {#text} at (0,0) size 10x18
                  text run at (0,0) width 18: "\x{3064}\x{304B}"
              RenderRubyBase (anonymous) at (0,0) size 18x18
                RenderInline {RB} at (0,0) size 17x16
                  RenderText {#text} at (0,1) size 17x16
                    text run at (0,1) width 16: "\x{675F}"
          RenderText {#text} at (351,112) size 17x14
            text run at (351,112) width 14: "\x{306E}"
          RenderRuby (inline) {RUBY} at (0,0) size 17x16
            RenderRubyRun (anonymous) at (351,126) size 18x16
              RenderRubyText {RT} at (-10,0) size 10x16
                RenderText {#text} at (0,3) size 10x10
                  text run at (0,3) width 9: "\x{307E}"
              RenderRubyBase (anonymous) at (0,0) size 18x16
                RenderInline {RB} at (0,0) size 17x16
                  RenderText {#text} at (0,0) size 17x16
                    text run at (0,0) width 16: "\x{9593}"
          RenderText {#text} at (351,142) size 44x490
            text run at (351,142) width 348: "\x{306E}\x{547D}\x{3092}\x{3001}\x{675F}\x{306E}\x{9593}\x{3067}\x{3082}\x{4F4F}\x{307F}\x{3088}\x{304F}\x{305B}\x{306D}\x{3070}\x{306A}\x{3089}\x{306C}\x{3002}\x{3053}\x{3053}"
            text run at (378,0) width 384: "\x{306B}\x{8A69}\x{4EBA}\x{3068}\x{3044}\x{3046}\x{5929}\x{8077}\x{304C}\x{51FA}\x{6765}\x{3066}\x{3001}\x{3053}\x{3053}\x{306B}\x{753B}\x{5BB6}\x{3068}\x{3044}\x{3046}\x{4F7F}\x{547D}\x{304C}"
          RenderRuby (inline) {RUBY} at (0,0) size 17x16
            RenderRubyRun (anonymous) at (378,383) size 18x18
              RenderRubyText {RT} at (-10,0) size 10x18
                RenderText {#text} at (0,0) size 10x18
                  text run at (0,0) width 18: "\x{304F}\x{3060}"
              RenderRubyBase (anonymous) at (0,0) size 18x18
                RenderInline {RB} at (0,0) size 17x16
                  RenderText {#text} at (0,1) size 17x16
                    text run at (0,1) width 16: "\x{964D}"
          RenderText {#text} at (378,400) size 44x480
            text run at (378,400) width 80: "\x{308B}\x{3002}\x{3042}\x{3089}\x{3086}"
            text run at (405,0) width 156: "\x{308B}\x{82B8}\x{8853}\x{306E}\x{58EB}\x{306F}\x{4EBA}\x{306E}\x{4E16}\x{3092}"
          RenderRuby (inline) {RUBY} at (0,0) size 17x32
            RenderRubyRun (anonymous) at (405,156) size 18x32
              RenderRubyText {RT} at (-10,0) size 10x32
                RenderText {#text} at (0,3) size 10x26
                  text run at (0,3) width 26: "\x{306E}\x{3069}\x{304B}"
              RenderRubyBase (anonymous) at (0,0) size 18x32
                RenderInline {RB} at (0,0) size 17x32
                  RenderText {#text} at (0,0) size 17x32
                    text run at (0,0) width 32: "\x{9577}\x{9591}"
          RenderText {#text} at (405,188) size 17x206
            text run at (405,188) width 206: "\x{306B}\x{3057}\x{3001}\x{4EBA}\x{306E}\x{5FC3}\x{3092}\x{8C4A}\x{304B}\x{306B}\x{3059}\x{308B}\x{304C}"
          RenderRuby (inline) {RUBY} at (0,0) size 17x16
            RenderRubyRun (anonymous) at (405,393) size 18x18
              RenderRubyText {RT} at (-10,0) size 10x18
                RenderText {#text} at (0,0) size 10x18
                  text run at (0,0) width 18: "\x{3086}\x{3048}"
              RenderRubyBase (anonymous) at (0,0) size 18x18
                RenderInline {RB} at (0,0) size 17x16
                  RenderText {#text} at (0,1) size 17x16
                    text run at (0,1) width 16: "\x{6545}"
          RenderText {#text} at (405,410) size 17x16
            text run at (405,410) width 16: "\x{306B}"
          RenderRuby (inline) {RUBY} at (0,0) size 17x16
            RenderRubyRun (anonymous) at (405,425) size 18x18
              RenderRubyText {RT} at (-10,0) size 10x18
                RenderText {#text} at (0,0) size 10x18
                  text run at (0,0) width 18: "\x{305F}\x{3063}"
              RenderRubyBase (anonymous) at (0,0) size 18x18
                RenderInline {RB} at (0,0) size 17x16
                  RenderText {#text} at (0,1) size 17x16
                    text run at (0,1) width 16: "\x{5C0A}"
          RenderText {#text} at (405,442) size 17x48
            text run at (405,442) width 48: "\x{3068}\x{3044}\x{3002}"
          RenderBR {BR} at (405,490) size 17x0
          RenderText {#text} at (432,0) size 17x240
            text run at (432,0) width 240: "\x{3000}\x{4F4F}\x{307F}\x{306B}\x{304F}\x{304D}\x{4E16}\x{304B}\x{3089}\x{3001}\x{4F4F}\x{307F}\x{306B}\x{304F}\x{304D}"
          RenderRuby (inline) {RUBY} at (0,0) size 17x19
            RenderRubyRun (anonymous) at (432,236) size 18x27
              RenderRubyText {RT} at (-10,0) size 10x27
                RenderText {#text} at (0,0) size 10x27
                  text run at (0,0) width 27: "\x{308F}\x{305A}\x{3089}"
              RenderRubyBase (anonymous) at (0,0) size 18x27
                RenderInline {RB} at (0,0) size 17x17
                  RenderText {#text} at (0,5) size 17x17
                    text run at (0,5) width 16: "\x{7169}"
          RenderText {#text} at (432,259) size 44x483
            text run at (432,259) width 224: "\x{3044}\x{3092}\x{5F15}\x{304D}\x{629C}\x{3044}\x{3066}\x{3001}\x{3042}\x{308A}\x{304C}\x{305F}\x{3044}\x{4E16}"
            text run at (459,0) width 268: "\x{754C}\x{3092}\x{307E}\x{306E}\x{3042}\x{305F}\x{308A}\x{306B}\x{5199}\x{3059}\x{306E}\x{304C}\x{8A69}\x{3067}\x{3042}\x{308B}\x{3001}"
          RenderRuby (inline) {RUBY} at (0,0) size 17x16
            RenderRubyRun (anonymous) at (459,268) size 18x16
              RenderRubyText {RT} at (-10,0) size 10x16
                RenderText {#text} at (0,3) size 10x10
                  text run at (0,3) width 9: "\x{3048}"
              RenderRubyBase (anonymous) at (0,0) size 18x16
                RenderInline {RB} at (0,0) size 17x16
                  RenderText {#text} at (0,0) size 17x16
                    text run at (0,0) width 16: "\x{753B}"
          RenderText {#text} at (459,284) size 44x476
            text run at (459,284) width 192: "\x{3067}\x{3042}\x{308B}\x{3002}\x{3042}\x{308B}\x{306F}\x{97F3}\x{697D}\x{3068}\x{5F6B}\x{523B}"
            text run at (486,0) width 128: "\x{3067}\x{3042}\x{308B}\x{3002}\x{3053}\x{307E}\x{304B}\x{306B}"
          RenderRuby (inline) {RUBY} at (0,0) size 17x16
            RenderRubyRun (anonymous) at (486,128) size 18x16
              RenderRubyText {RT} at (-10,0) size 10x16
                RenderText {#text} at (0,3) size 10x10
                  text run at (0,3) width 9: "\x{3044}"
              RenderRubyBase (anonymous) at (0,0) size 18x16
                RenderInline {RB} at (0,0) size 17x16
                  RenderText {#text} at (0,0) size 17x16
                    text run at (0,0) width 16: "\x{4E91}"
          RenderText {#text} at (486,144) size 44x478
            text run at (486,144) width 334: "\x{3048}\x{3070}\x{5199}\x{3055}\x{306A}\x{3044}\x{3067}\x{3082}\x{3088}\x{3044}\x{3002}\x{305F}\x{3060}\x{307E}\x{306E}\x{3042}\x{305F}\x{308A}\x{306B}\x{898B}\x{308C}"
            text run at (513,0) width 192: "\x{3070}\x{3001}\x{305D}\x{3053}\x{306B}\x{8A69}\x{3082}\x{751F}\x{304D}\x{3001}\x{6B4C}\x{3082}"
          RenderRuby (inline) {RUBY} at (0,0) size 17x16
            RenderRubyRun (anonymous) at (513,192) size 18x16
              RenderRubyText {RT} at (-10,0) size 10x16
                RenderText {#text} at (0,3) size 10x10
                  text run at (0,3) width 9: "\x{308F}"
              RenderRubyBase (anonymous) at (0,0) size 18x16
                RenderInline {RB} at (0,0) size 17x16
                  RenderText {#text} at (0,0) size 17x16
                    text run at (0,0) width 16: "\x{6E67}"
          RenderText {#text} at (513,208) size 17x192
            text run at (513,208) width 192: "\x{304F}\x{3002}\x{7740}\x{60F3}\x{3092}\x{7D19}\x{306B}\x{843D}\x{3055}\x{306C}\x{3068}\x{3082}"
          RenderRuby (inline) {RUBY} at (0,0) size 17x37
            RenderRubyRun (anonymous) at (513,396) size 18x45
              RenderRubyText {RT} at (-10,0) size 10x45
                RenderText {#text} at (0,0) size 10x45
                  text run at (0,0) width 45: "\x{304D}\x{3085}\x{3046}\x{305D}\x{3046}"
              RenderRubyBase (anonymous) at (0,0) size 18x45
                RenderInline {RB} at (0,0) size 17x33
                  RenderText {#text} at (0,6) size 17x17
                    text run at (0,6) width 16: "\x{7486}"
                  RenderText {#text} at (0,22) size 17x17
                    text run at (0,22) width 16: "\x{93D8}"
          RenderText {#text} at (513,437) size 17x14
            text run at (513,437) width 14: "\x{306E}"
          RenderRuby (inline) {RUBY} at (0,0) size 17x16
            RenderRubyRun (anonymous) at (513,450) size 18x18
              RenderRubyText {RT} at (-10,0) size 10x18
                RenderText {#text} at (0,0) size 10x18
                  text run at (0,0) width 18: "\x{304A}\x{3093}"
              RenderRubyBase (anonymous) at (0,0) size 18x18
                RenderInline {RB} at (0,0) size 17x16
                  RenderText {#text} at (0,1) size 17x16
                    text run at (0,1) width 16: "\x{97F3}"
          RenderText {#text} at (513,467) size 17x16
            text run at (513,467) width 16: "\x{306F}"
          RenderRuby (inline) {RUBY} at (0,0) size 17x34
            RenderRubyRun (anonymous) at (540,0) size 18x36
              RenderRubyText {RT} at (-10,0) size 10x36
                RenderText {#text} at (0,0) size 10x36
                  text run at (0,0) width 36: "\x{304D}\x{3087}\x{3046}\x{308A}"
              RenderRubyBase (anonymous) at (0,0) size 18x36
                RenderInline {RB} at (0,0) size 17x32
                  RenderText {#text} at (0,2) size 17x32
                    text run at (0,2) width 32: "\x{80F8}\x{88CF}"
          RenderText {#text} at (540,34) size 17x16
            text run at (540,34) width 16: "\x{306B}"
          RenderRuby (inline) {RUBY} at (0,0) size 17x16
            RenderRubyRun (anonymous) at (540,49) size 18x18
              RenderRubyText {RT} at (-10,0) size 10x18
                RenderText {#text} at (0,0) size 10x18
                  text run at (0,0) width 18: "\x{304A}\x{3053}"
              RenderRubyBase (anonymous) at (0,0) size 18x18
                RenderInline {RB} at (0,0) size 17x16
                  RenderText {#text} at (0,1) size 17x16
                    text run at (0,1) width 16: "\x{8D77}"
          RenderText {#text} at (540,66) size 17x32
            text run at (540,66) width 32: "\x{308B}\x{3002}"
          RenderRuby (inline) {RUBY} at (0,0) size 17x32
            RenderRubyRun (anonymous) at (540,96) size 18x36
              RenderRubyText {RT} at (-10,0) size 10x36
                RenderText {#text} at (0,0) size 10x36
                  text run at (0,0) width 36: "\x{305F}\x{3093}\x{305B}\x{3044}"
              RenderRubyBase (anonymous) at (0,0) size 18x36
                RenderInline {RB} at (0,0) size 17x32
                  RenderText {#text} at (0,2) size 17x32
                    text run at (0,2) width 32: "\x{4E39}\x{9752}"
          RenderText {#text} at (540,130) size 17x16
            text run at (540,130) width 16: "\x{306F}"
          RenderRuby (inline) {RUBY} at (0,0) size 17x32
            RenderRubyRun (anonymous) at (540,146) size 18x32
              RenderRubyText {RT} at (-10,0) size 10x32
                RenderText {#text} at (0,7) size 10x18
                  text run at (0,7) width 18: "\x{304C}\x{304B}"
              RenderRubyBase (anonymous) at (0,0) size 18x32
                RenderInline {RB} at (0,0) size 17x32
                  RenderText {#text} at (0,0) size 17x32
                    text run at (0,0) width 32: "\x{753B}\x{67B6}"
          RenderText {#text} at (540,178) size 17x64
            text run at (540,178) width 64: "\x{306B}\x{5411}\x{3063}\x{3066}"
          RenderRuby (inline) {RUBY} at (0,0) size 17x32
            RenderRubyRun (anonymous) at (540,242) size 18x32
              RenderRubyText {RT} at (-10,0) size 10x32
                RenderText {#text} at (0,2) size 10x28
                  text run at (0,2) width 27: "\x{3068}\x{307E}\x{3064}"
              RenderRubyBase (anonymous) at (0,0) size 18x32
                RenderInline {RB} at (0,0) size 17x32
                  RenderText {#text} at (0,0) size 17x32
                    text run at (0,0) width 32: "\x{5857}\x{62B9}"
          RenderText {#text} at (540,274) size 17x64
            text run at (540,274) width 64: "\x{305B}\x{3093}\x{3067}\x{3082}"
          RenderRuby (inline) {RUBY} at (0,0) size 17x32
            RenderRubyRun (anonymous) at (540,338) size 18x32
              RenderRubyText {RT} at (-10,0) size 10x32
                RenderText {#text} at (0,2) size 10x28
                  text run at (0,2) width 27: "\x{3054}\x{3055}\x{3044}"
              RenderRubyBase (anonymous) at (0,0) size 18x32
                RenderInline {RB} at (0,0) size 17x32
                  RenderText {#text} at (0,0) size 17x32
                    text run at (0,0) width 32: "\x{4E94}\x{5F69}"
          RenderText {#text} at (540,370) size 17x14
            text run at (540,370) width 14: "\x{306E}"
          RenderRuby (inline) {RUBY} at (0,0) size 17x32
            RenderRubyRun (anonymous) at (540,382) size 18x36
              RenderRubyText {RT} at (-10,0) size 10x36
                RenderText {#text} at (0,0) size 10x36
                  text run at (0,0) width 36: "\x{3051}\x{3093}\x{3089}\x{3093}"
              RenderRubyBase (anonymous) at (0,0) size 18x36
                RenderInline {RB} at (0,0) size 17x32
                  RenderText {#text} at (0,2) size 17x32
                    text run at (0,2) width 32: "\x{7D62}\x{721B}"
          RenderText {#text} at (540,416) size 17x16
            text run at (540,416) width 16: "\x{306F}"
          RenderRuby (inline) {RUBY} at (0,0) size 17x18
            RenderRubyRun (anonymous) at (540,428) size 18x26
              RenderRubyText {RT} at (-10,0) size 10x26
                RenderText {#text} at (0,0) size 10x26
                  text run at (0,0) width 26: "\x{304A}\x{306E}\x{305A}"
              RenderRubyBase (anonymous) at (0,0) size 18x26
                RenderInline {RB} at (0,0) size 17x16
                  RenderText {#text} at (0,5) size 17x16
                    text run at (0,5) width 16: "\x{81EA}"
          RenderText {#text} at (540,450) size 17x32
            text run at (540,450) width 32: "\x{304B}\x{3089}"
          RenderRuby (inline) {RUBY} at (0,0) size 17x34
            RenderRubyRun (anonymous) at (567,0) size 18x36
              RenderRubyText {RT} at (-10,0) size 10x36
                RenderText {#text} at (0,0) size 10x36
                  text run at (0,0) width 36: "\x{3057}\x{3093}\x{304C}\x{3093}"
              RenderRubyBase (anonymous) at (0,0) size 18x36
                RenderInline {RB} at (0,0) size 17x32
                  RenderText {#text} at (0,2) size 17x32
                    text run at (0,2) width 32: "\x{5FC3}\x{773C}"
          RenderText {#text} at (567,34) size 17x254
            text run at (567,34) width 254: "\x{306B}\x{6620}\x{308B}\x{3002}\x{305F}\x{3060}\x{304A}\x{306E}\x{304C}\x{4F4F}\x{3080}\x{4E16}\x{3092}\x{3001}\x{304B}\x{304F}"
          RenderRuby (inline) {RUBY} at (0,0) size 17x16
            RenderRubyRun (anonymous) at (567,287) size 18x18
              RenderRubyText {RT} at (-10,0) size 10x18
                RenderText {#text} at (0,0) size 10x18
                  text run at (0,0) width 18: "\x{304B}\x{3093}"
              RenderRubyBase (anonymous) at (0,0) size 18x18
                RenderInline {RB} at (0,0) size 17x16
                  RenderText {#text} at (0,1) size 17x16
                    text run at (0,1) width 16: "\x{89B3}"
          RenderText {#text} at (567,304) size 17x64
            text run at (567,304) width 64: "\x{3058}\x{5F97}\x{3066}\x{3001}"
          RenderRuby (inline) {RUBY} at (0,0) size 17x64
            RenderRubyRun (anonymous) at (567,364) size 18x72
              RenderRubyText {RT} at (-10,0) size 10x72
                RenderText {#text} at (0,0) size 10x72
                  text run at (0,0) width 72: "\x{308C}\x{3044}\x{3060}\x{3044}\x{307B}\x{3046}\x{3059}\x{3093}"
              RenderRubyBase (anonymous) at (0,0) size 18x72
                RenderInline {RB} at (0,0) size 17x64
                  RenderText {#text} at (0,4) size 17x64
                    text run at (0,4) width 64: "\x{970A}\x{53F0}\x{65B9}\x{5BF8}"
          RenderText {#text} at (567,432) size 44x478
            text run at (567,432) width 46: "\x{306E}\x{30AB}\x{30E1}"
            text run at (594,0) width 32: "\x{30E9}\x{306B}"
          RenderRuby (inline) {RUBY} at (0,0) size 17x64
            RenderRubyRun (anonymous) at (594,28) size 18x72
              RenderRubyText {RT} at (-10,0) size 10x72
                RenderText {#text} at (0,0) size 10x72
                  text run at (0,0) width 72: "\x{304E}\x{3087}\x{3046}\x{304D}\x{3053}\x{3093}\x{3060}\x{304F}"
              RenderRubyBase (anonymous) at (0,0) size 18x72
                RenderInline {RB} at (0,0) size 17x64
                  RenderText {#text} at (0,4) size 17x64
                    text run at (0,4) width 64: "\x{6F86}\x{5B63}\x{6EB7}\x{6FC1}"
          RenderText {#text} at (594,96) size 17x206
            text run at (594,96) width 206: "\x{306E}\x{4FD7}\x{754C}\x{3092}\x{6E05}\x{304F}\x{3046}\x{3089}\x{3089}\x{304B}\x{306B}\x{53CE}\x{3081}"
          RenderRuby (inline) {RUBY} at (0,0) size 17x16
            RenderRubyRun (anonymous) at (594,302) size 18x16
              RenderRubyText {RT} at (-10,0) size 10x16
                RenderText {#text} at (0,3) size 10x10
                  text run at (0,3) width 9: "\x{3046}"
              RenderRubyBase (anonymous) at (0,0) size 18x16
                RenderInline {RB} at (0,0) size 17x16
                  RenderText {#text} at (0,0) size 17x16
                    text run at (0,0) width 16: "\x{5F97}"
          RenderText {#text} at (594,318) size 17x32
            text run at (594,318) width 32: "\x{308C}\x{3070}"
          RenderRuby (inline) {RUBY} at (0,0) size 17x16
            RenderRubyRun (anonymous) at (594,350) size 18x16
              RenderRubyText {RT} at (-10,0) size 10x16
                RenderText {#text} at (0,3) size 10x10
                  text run at (0,3) width 9: "\x{305F}"
              RenderRubyBase (anonymous) at (0,0) size 18x16
                RenderInline {RB} at (0,0) size 17x16
                  RenderText {#text} at (0,0) size 17x16
                    text run at (0,0) width 16: "\x{8DB3}"
          RenderText {#text} at (594,366) size 17x94
            text run at (594,366) width 94: "\x{308B}\x{3002}\x{3053}\x{306E}\x{6545}\x{306B}"
          RenderRuby (inline) {RUBY} at (0,0) size 17x32
            RenderRubyRun (anonymous) at (621,0) size 18x32
              RenderRubyText {RT} at (-10,0) size 10x32
                RenderText {#text} at (0,2) size 10x28
                  text run at (0,2) width 27: "\x{3080}\x{305B}\x{3044}"
              RenderRubyBase (anonymous) at (0,0) size 18x32
                RenderInline {RB} at (0,0) size 17x32
                  RenderText {#text} at (0,0) size 17x32
                    text run at (0,0) width 32: "\x{7121}\x{58F0}"
          RenderText {#text} at (621,32) size 17x158
            text run at (621,32) width 158: "\x{306E}\x{8A69}\x{4EBA}\x{306B}\x{306F}\x{4E00}\x{53E5}\x{306A}\x{304F}\x{3001}"
          RenderRuby (inline) {RUBY} at (0,0) size 17x32
            RenderRubyRun (anonymous) at (621,188) size 18x36
              RenderRubyText {RT} at (-10,0) size 10x36
                RenderText {#text} at (0,0) size 10x36
                  text run at (0,0) width 36: "\x{3080}\x{3057}\x{3087}\x{304F}"
              RenderRubyBase (anonymous) at (0,0) size 18x36
                RenderInline {RB} at (0,0) size 17x32
                  RenderText {#text} at (0,2) size 17x32
                    text run at (0,2) width 32: "\x{7121}\x{8272}"
          RenderText {#text} at (621,222) size 17x78
            text run at (621,222) width 78: "\x{306E}\x{753B}\x{5BB6}\x{306B}\x{306F}"
          RenderRuby (inline) {RUBY} at (0,0) size 17x32
            RenderRubyRun (anonymous) at (621,298) size 18x36
              RenderRubyText {RT} at (-10,0) size 10x36
                RenderText {#text} at (0,0) size 10x36
                  text run at (0,0) width 36: "\x{305B}\x{3063}\x{3051}\x{3093}"
              RenderRubyBase (anonymous) at (0,0) size 18x36
                RenderInline {RB} at (0,0) size 17x32
                  RenderText {#text} at (0,2) size 17x32
                    text run at (0,2) width 32: "\x{5C3A}\x{7E11}"
          RenderText {#text} at (621,332) size 17x96
            text run at (621,332) width 96: "\x{306A}\x{304D}\x{3082}\x{3001}\x{304B}\x{304F}"
          RenderRuby (inline) {RUBY} at (0,0) size 17x32
            RenderRubyRun (anonymous) at (621,426) size 18x36
              RenderRubyText {RT} at (-10,0) size 10x36
                RenderText {#text} at (0,0) size 10x36
                  text run at (0,0) width 36: "\x{3058}\x{3093}\x{305B}\x{3044}"
              RenderRubyBase (anonymous) at (0,0) size 18x36
                RenderInline {RB} at (0,0) size 17x32
                  RenderText {#text} at (0,2) size 17x32
                    text run at (0,2) width 32: "\x{4EBA}\x{4E16}"
          RenderText {#text} at (621,460) size 44x476
            text run at (621,460) width 16: "\x{3092}"
            text run at (648,0) width 206: "\x{89B3}\x{3058}\x{5F97}\x{308B}\x{306E}\x{70B9}\x{306B}\x{304A}\x{3044}\x{3066}\x{3001}\x{304B}\x{304F}"
          RenderRuby (inline) {RUBY} at (0,0) size 17x33
            RenderRubyRun (anonymous) at (648,205) size 18x35
              RenderRubyText {RT} at (-10,0) size 10x35
                RenderText {#text} at (0,0) size 10x35
                  text run at (0,0) width 35: "\x{307C}\x{3093}\x{306E}\x{3046}"
              RenderRubyBase (anonymous) at (0,0) size 18x35
                RenderInline {RB} at (0,0) size 17x33
                  RenderText {#text} at (0,1) size 17x33
                    text run at (0,1) width 32: "\x{7169}\x{60A9}"
          RenderText {#text} at (648,239) size 17x16
            text run at (648,239) width 16: "\x{3092}"
          RenderRuby (inline) {RUBY} at (0,0) size 17x32
            RenderRubyRun (anonymous) at (648,255) size 18x32
              RenderRubyText {RT} at (-10,0) size 10x32
                RenderText {#text} at (0,2) size 10x28
                  text run at (0,2) width 27: "\x{3052}\x{3060}\x{3064}"
              RenderRubyBase (anonymous) at (0,0) size 18x32
                RenderInline {RB} at (0,0) size 17x32
                  RenderText {#text} at (0,0) size 17x32
                    text run at (0,0) width 32: "\x{89E3}\x{8131}"
          RenderText {#text} at (648,287) size 17x174
            text run at (648,287) width 174: "\x{3059}\x{308B}\x{306E}\x{70B9}\x{306B}\x{304A}\x{3044}\x{3066}\x{3001}\x{304B}\x{304F}"
          RenderRuby (inline) {RUBY} at (0,0) size 17x68
            RenderRubyRun (anonymous) at (675,0) size 18x72
              RenderRubyText {RT} at (-10,0) size 10x72
                RenderText {#text} at (0,0) size 10x72
                  text run at (0,0) width 72: "\x{3057}\x{3087}\x{3046}\x{3058}\x{3087}\x{3046}\x{304B}\x{3044}"
              RenderRubyBase (anonymous) at (0,0) size 18x72
                RenderInline {RB} at (0,0) size 17x48
                  RenderText {#text} at (0,12) size 17x48
                    text run at (0,12) width 48: "\x{6E05}\x{6D44}\x{754C}"
          RenderText {#text} at (675,68) size 17x16
            text run at (675,68) width 16: "\x{306B}"
          RenderRuby (inline) {RUBY} at (0,0) size 17x46
            RenderRubyRun (anonymous) at (675,80) size 18x54
              RenderRubyText {RT} at (-10,0) size 10x54
                RenderText {#text} at (0,0) size 10x54
                  text run at (0,0) width 54: "\x{3057}\x{3085}\x{3064}\x{306B}\x{3085}\x{3046}"
              RenderRubyBase (anonymous) at (0,0) size 18x54
                RenderInline {RB} at (0,0) size 17x32
                  RenderText {#text} at (0,11) size 17x32
                    text run at (0,11) width 32: "\x{51FA}\x{5165}"
          RenderText {#text} at (675,130) size 17x220
            text run at (675,130) width 220: "\x{3057}\x{5F97}\x{308B}\x{306E}\x{70B9}\x{306B}\x{304A}\x{3044}\x{3066}\x{3001}\x{307E}\x{305F}\x{3053}\x{306E}"
          RenderRuby (inline) {RUBY} at (0,0) size 17x64
            RenderRubyRun (anonymous) at (675,350) size 18x64
              RenderRubyText {RT} at (-10,0) size 10x64
                RenderText {#text} at (0,9) size 10x46
                  text run at (0,9) width 45: "\x{3075}\x{3069}\x{3046}\x{3075}\x{3058}"
              RenderRubyBase (anonymous) at (0,0) size 18x64
                RenderInline {RB} at (0,0) size 17x64
                  RenderText {#text} at (0,0) size 17x64
                    text run at (0,0) width 64: "\x{4E0D}\x{540C}\x{4E0D}\x{4E8C}"
          RenderText {#text} at (675,414) size 17x14
            text run at (675,414) width 14: "\x{306E}"
          RenderRuby (inline) {RUBY} at (0,0) size 17x32
            RenderRubyRun (anonymous) at (675,426) size 18x36
              RenderRubyText {RT} at (-10,0) size 10x36
                RenderText {#text} at (0,0) size 10x36
                  text run at (0,0) width 36: "\x{3051}\x{3093}\x{3053}\x{3093}"
              RenderRubyBase (anonymous) at (0,0) size 18x36
                RenderInline {RB} at (0,0) size 17x32
                  RenderText {#text} at (0,2) size 17x32
                    text run at (0,2) width 32: "\x{4E7E}\x{5764}"
          RenderText {#text} at (675,460) size 17x16
            text run at (675,460) width 16: "\x{3092}"
          RenderRuby (inline) {RUBY} at (0,0) size 17x41
            RenderRubyRun (anonymous) at (702,0) size 18x45
              RenderRubyText {RT} at (-10,0) size 10x45
                RenderText {#text} at (0,0) size 10x45
                  text run at (0,0) width 45: "\x{3053}\x{3093}\x{308A}\x{3085}\x{3046}"
              RenderRubyBase (anonymous) at (0,0) size 18x45
                RenderInline {RB} at (0,0) size 17x33
                  RenderText {#text} at (0,6) size 17x33
                    text run at (0,6) width 32: "\x{5EFA}\x{7ACB}"
          RenderText {#text} at (702,41) size 17x158
            text run at (702,41) width 158: "\x{3057}\x{5F97}\x{308B}\x{306E}\x{70B9}\x{306B}\x{304A}\x{3044}\x{3066}\x{3001}"
          RenderRuby (inline) {RUBY} at (0,0) size 17x64
            RenderRubyRun (anonymous) at (702,199) size 18x64
              RenderRubyText {RT} at (-10,0) size 10x64
                RenderText {#text} at (0,9) size 10x46
                  text run at (0,9) width 45: "\x{304C}\x{308A}\x{3057}\x{3088}\x{304F}"
              RenderRubyBase (anonymous) at (0,0) size 18x64
                RenderInline {RB} at (0,0) size 17x64
                  RenderText {#text} at (0,0) size 17x64
                    text run at (0,0) width 64: "\x{6211}\x{5229}\x{79C1}\x{617E}"
          RenderText {#text} at (702,263) size 17x14
            text run at (702,263) width 14: "\x{306E}"
          RenderRuby (inline) {RUBY} at (0,0) size 17x32
            RenderRubyRun (anonymous) at (702,277) size 18x32
              RenderRubyText {RT} at (-10,0) size 10x32
                RenderText {#text} at (0,2) size 10x28
                  text run at (0,2) width 27: "\x{304D}\x{306F}\x{3093}"
              RenderRubyBase (anonymous) at (0,0) size 18x32
                RenderInline {RB} at (0,0) size 17x32
                  RenderText {#text} at (0,0) size 17x32
                    text run at (0,0) width 32: "\x{898A}\x{7D46}"
          RenderText {#text} at (702,309) size 17x16
            text run at (702,309) width 16: "\x{3092}"
          RenderRuby (inline) {RUBY} at (0,0) size 17x32
            RenderRubyRun (anonymous) at (702,323) size 18x36
              RenderRubyText {RT} at (-10,0) size 10x36
                RenderText {#text} at (0,0) size 10x36
                  text run at (0,0) width 36: "\x{305D}\x{3046}\x{3068}\x{3046}"
              RenderRubyBase (anonymous) at (0,0) size 18x36
                RenderInline {RB} at (0,0) size 17x32
                  RenderText {#text} at (0,2) size 17x32
                    text run at (0,2) width 32: "\x{6383}\x{8569}"
          RenderText {#text} at (702,357) size 44x467
            text run at (702,357) width 110: "\x{3059}\x{308B}\x{306E}\x{70B9}\x{306B}\x{304A}\x{3044}"
            text run at (729,0) width 64: "\x{3066}\x{3001}\x{2015}\x{2015}"
          RenderRuby (inline) {RUBY} at (0,0) size 17x32
            RenderRubyRun (anonymous) at (729,62) size 18x36
              RenderRubyText {RT} at (-10,0) size 10x36
                RenderText {#text} at (0,0) size 10x36
                  text run at (0,0) width 36: "\x{305B}\x{3093}\x{304D}\x{3093}"
              RenderRubyBase (anonymous) at (0,0) size 18x36
                RenderInline {RB} at (0,0) size 17x32
                  RenderText {#text} at (0,2) size 17x32
                    text run at (0,2) width 32: "\x{5343}\x{91D1}"
          RenderText {#text} at (729,96) size 17x94
            text run at (729,96) width 94: "\x{306E}\x{5B50}\x{3088}\x{308A}\x{3082}\x{3001}"
          RenderRuby (inline) {RUBY} at (0,0) size 17x37
            RenderRubyRun (anonymous) at (729,186) size 18x45
              RenderRubyText {RT} at (-10,0) size 10x45
                RenderText {#text} at (0,0) size 10x45
                  text run at (0,0) width 45: "\x{3070}\x{3093}\x{3058}\x{3087}\x{3046}"
              RenderRubyBase (anonymous) at (0,0) size 18x45
                RenderInline {RB} at (0,0) size 17x33
                  RenderText {#text} at (0,6) size 17x33
                    text run at (0,6) width 32: "\x{4E07}\x{4E57}"
          RenderText {#text} at (729,227) size 17x204
            text run at (729,227) width 204: "\x{306E}\x{541B}\x{3088}\x{308A}\x{3082}\x{3001}\x{3042}\x{3089}\x{3086}\x{308B}\x{4FD7}\x{754C}\x{306E}"
          RenderRuby (inline) {RUBY} at (0,0) size 17x32
            RenderRubyRun (anonymous) at (729,429) size 18x36
              RenderRubyText {RT} at (-10,0) size 10x36
                RenderText {#text} at (0,0) size 10x36
                  text run at (0,0) width 36: "\x{3061}\x{3087}\x{3046}\x{3058}"
              RenderRubyBase (anonymous) at (0,0) size 18x36
                RenderInline {RB} at (0,0) size 17x32
                  RenderText {#text} at (0,2) size 17x32
                    text run at (0,2) width 32: "\x{5BF5}\x{5150}"
          RenderText {#text} at (729,463) size 35x479
            text run at (729,463) width 16: "\x{3088}"
            text run at (747,0) width 128: "\x{308A}\x{3082}\x{5E78}\x{798F}\x{3067}\x{3042}\x{308B}\x{3002}"
          RenderBR {BR} at (747,128) size 17x0
          RenderText {#text} at (774,0) size 17x272
            text run at (774,0) width 272: "\x{3000}\x{4E16}\x{306B}\x{4F4F}\x{3080}\x{3053}\x{3068}\x{4E8C}\x{5341}\x{5E74}\x{306B}\x{3057}\x{3066}\x{3001}\x{4F4F}\x{3080}\x{306B}"
          RenderRuby (inline) {RUBY} at (0,0) size 17x32
            RenderRubyRun (anonymous) at (774,272) size 18x32
              RenderRubyText {RT} at (-10,0) size 10x32
                RenderText {#text} at (0,7) size 10x18
                  text run at (0,7) width 18: "\x{304B}\x{3044}"
              RenderRubyBase (anonymous) at (0,0) size 18x32
                RenderInline {RB} at (0,0) size 17x32
                  RenderText {#text} at (0,0) size 17x32
                    text run at (0,0) width 32: "\x{7532}\x{6590}"
          RenderText {#text} at (774,304) size 44x480
            text run at (774,304) width 176: "\x{3042}\x{308B}\x{4E16}\x{3068}\x{77E5}\x{3063}\x{305F}\x{3002}\x{4E8C}\x{5341}\x{4E94}"
            text run at (801,0) width 112: "\x{5E74}\x{306B}\x{3057}\x{3066}\x{660E}\x{6697}\x{306F}"
          RenderRuby (inline) {RUBY} at (0,0) size 17x32
            RenderRubyRun (anonymous) at (801,110) size 18x36
              RenderRubyText {RT} at (-10,0) size 10x36
                RenderText {#text} at (0,0) size 10x36
                  text run at (0,0) width 36: "\x{3072}\x{3087}\x{3046}\x{308A}"
              RenderRubyBase (anonymous) at (0,0) size 18x36
                RenderInline {RB} at (0,0) size 17x32
                  RenderText {#text} at (0,2) size 17x32
                    text run at (0,2) width 32: "\x{8868}\x{88CF}"
          RenderText {#text} at (801,144) size 44x476
            text run at (801,144) width 332: "\x{306E}\x{3054}\x{3068}\x{304F}\x{3001}\x{65E5}\x{306E}\x{3042}\x{305F}\x{308B}\x{6240}\x{306B}\x{306F}\x{304D}\x{3063}\x{3068}\x{5F71}\x{304C}\x{3055}\x{3059}\x{3068}"
            text run at (828,0) width 110: "\x{609F}\x{3063}\x{305F}\x{3002}\x{4E09}\x{5341}\x{306E}"
          RenderRuby (inline) {RUBY} at (0,0) size 17x32
            RenderRubyRun (anonymous) at (828,108) size 18x36
              RenderRubyText {RT} at (-10,0) size 10x36
                RenderText {#text} at (0,0) size 10x36
                  text run at (0,0) width 36: "\x{3053}\x{3093}\x{306B}\x{3061}"
              RenderRubyBase (anonymous) at (0,0) size 18x36
                RenderInline {RB} at (0,0) size 17x32
                  RenderText {#text} at (0,2) size 17x32
                    text run at (0,2) width 32: "\x{4ECA}\x{65E5}"
          RenderText {#text} at (828,142) size 17x286
            text run at (828,142) width 286: "\x{306F}\x{3053}\x{3046}\x{601D}\x{3046}\x{3066}\x{3044}\x{308B}\x{3002}\x{2015}\x{2015}\x{559C}\x{3073}\x{306E}\x{6DF1}\x{304D}\x{3068}\x{304D}"
          RenderRuby (inline) {RUBY} at (0,0) size 17x19
            RenderRubyRun (anonymous) at (828,424) size 18x27
              RenderRubyText {RT} at (-10,0) size 10x27
                RenderText {#text} at (0,0) size 10x27
                  text run at (0,0) width 27: "\x{3046}\x{308C}\x{3044}"
              RenderRubyBase (anonymous) at (0,0) size 18x27
                RenderInline {RB} at (0,0) size 17x17
                  RenderText {#text} at (0,5) size 17x17
                    text run at (0,5) width 16: "\x{6182}"
          RenderText {#text} at (828,447) size 44x479
            text run at (828,447) width 32: "\x{3044}\x{3088}"
            text run at (855,0) width 80: "\x{3044}\x{3088}\x{6DF1}\x{304F}\x{3001}"
          RenderRuby (inline) {RUBY} at (0,0) size 17x18
            RenderRubyRun (anonymous) at (855,76) size 18x26
              RenderRubyText {RT} at (-10,0) size 10x26
                RenderText {#text} at (0,0) size 10x26
                  text run at (0,0) width 26: "\x{305F}\x{306E}\x{3057}"
              RenderRubyBase (anonymous) at (0,0) size 18x26
                RenderInline {RB} at (0,0) size 17x16
                  RenderText {#text} at (0,5) size 17x16
                    text run at (0,5) width 16: "\x{697D}"
          RenderText {#text} at (855,98) size 44x480
            text run at (855,98) width 382: "\x{307F}\x{306E}\x{5927}\x{3044}\x{306A}\x{308B}\x{307B}\x{3069}\x{82E6}\x{3057}\x{307F}\x{3082}\x{5927}\x{304D}\x{3044}\x{3002}\x{3053}\x{308C}\x{3092}\x{5207}\x{308A}\x{653E}\x{305D}\x{3046}"
            text run at (882,0) width 160: "\x{3068}\x{3059}\x{308B}\x{3068}\x{8EAB}\x{304C}\x{6301}\x{3066}\x{306C}\x{3002}"
          RenderRuby (inline) {RUBY} at (0,0) size 17x16
            RenderRubyRun (anonymous) at (882,159) size 18x18
              RenderRubyText {RT} at (-10,0) size 10x18
                RenderText {#text} at (0,0) size 10x18
                  text run at (0,0) width 18: "\x{304B}\x{305F}"
              RenderRubyBase (anonymous) at (0,0) size 18x18
                RenderInline {RB} at (0,0) size 17x16
                  RenderText {#text} at (0,1) size 17x16
                    text run at (0,1) width 16: "\x{7247}"
          RenderText {#text} at (882,176) size 44x464
            text run at (882,176) width 288: "\x{3065}\x{3051}\x{3088}\x{3046}\x{3068}\x{3059}\x{308C}\x{3070}\x{4E16}\x{304C}\x{7ACB}\x{305F}\x{306C}\x{3002}\x{91D1}\x{306F}\x{5927}\x{4E8B}"
            text run at (909,0) width 126: "\x{3060}\x{3001}\x{5927}\x{4E8B}\x{306A}\x{3082}\x{306E}\x{304C}"
          RenderRuby (inline) {RUBY} at (0,0) size 17x16
            RenderRubyRun (anonymous) at (909,126) size 18x16
              RenderRubyText {RT} at (-10,0) size 10x16
                RenderText {#text} at (0,3) size 10x10
                  text run at (0,3) width 9: "\x{3075}"
              RenderRubyBase (anonymous) at (0,0) size 18x16
                RenderInline {RB} at (0,0) size 17x16
                  RenderText {#text} at (0,0) size 17x16
                    text run at (0,0) width 16: "\x{6B96}"
          RenderText {#text} at (909,142) size 17x48
            text run at (909,142) width 48: "\x{3048}\x{308C}\x{3070}"
          RenderRuby (inline) {RUBY} at (0,0) size 17x16
            RenderRubyRun (anonymous) at (909,190) size 18x16
              RenderRubyText {RT} at (-10,0) size 10x16
                RenderText {#text} at (0,3) size 10x10
                  text run at (0,3) width 9: "\x{306D}"
              RenderRubyBase (anonymous) at (0,0) size 18x16
                RenderInline {RB} at (0,0) size 17x16
                  RenderText {#text} at (0,0) size 17x16
                    text run at (0,0) width 16: "\x{5BDD}"
          RenderText {#text} at (909,206) size 17x16
            text run at (909,206) width 16: "\x{308B}"
          RenderRuby (inline) {RUBY} at (0,0) size 17x16
            RenderRubyRun (anonymous) at (909,222) size 18x16
              RenderRubyText {RT} at (-10,0) size 10x16
                RenderText {#text} at (0,3) size 10x10
                  text run at (0,3) width 9: "\x{307E}"
              RenderRubyBase (anonymous) at (0,0) size 18x16
                RenderInline {RB} at (0,0) size 17x16
                  RenderText {#text} at (0,0) size 17x16
                    text run at (0,0) width 16: "\x{9593}"
          RenderText {#text} at (909,238) size 62x478
            text run at (909,238) width 240: "\x{3082}\x{5FC3}\x{914D}\x{3060}\x{308D}\x{3046}\x{3002}\x{604B}\x{306F}\x{3046}\x{308C}\x{3057}\x{3044}\x{3001}\x{5B09}"
            text run at (927,0) width 478: "\x{3057}\x{3044}\x{604B}\x{304C}\x{7A4D}\x{3082}\x{308C}\x{3070}\x{3001}\x{604B}\x{3092}\x{305B}\x{306C}\x{6614}\x{304C}\x{304B}\x{3048}\x{3063}\x{3066}\x{604B}\x{3057}\x{304B}\x{308D}\x{3002}\x{95A3}\x{50DA}\x{306E}\x{80A9}\x{306F}\x{6570}"
            text run at (954,0) width 94: "\x{767E}\x{4E07}\x{4EBA}\x{306E}\x{8DB3}\x{3092}"
          RenderRuby (inline) {RUBY} at (0,0) size 17x16
            RenderRubyRun (anonymous) at (954,93) size 18x18
              RenderRubyText {RT} at (-10,0) size 10x18
                RenderText {#text} at (0,0) size 10x18
                  text run at (0,0) width 18: "\x{3055}\x{3055}"
              RenderRubyBase (anonymous) at (0,0) size 18x18
                RenderInline {RB} at (0,0) size 17x16
                  RenderText {#text} at (0,1) size 17x16
                    text run at (0,1) width 16: "\x{652F}"
          RenderText {#text} at (954,110) size 17x80
            text run at (954,110) width 80: "\x{3048}\x{3066}\x{3044}\x{308B}\x{3002}"
          RenderRuby (inline) {RUBY} at (0,0) size 17x32
            RenderRubyRun (anonymous) at (954,190) size 18x32
              RenderRubyText {RT} at (-10,0) size 10x32
                RenderText {#text} at (0,2) size 10x28
                  text run at (0,2) width 27: "\x{305B}\x{306A}\x{304B}"
              RenderRubyBase (anonymous) at (0,0) size 18x32
                RenderInline {RB} at (0,0) size 17x32
                  RenderText {#text} at (0,0) size 17x32
                    text run at (0,0) width 32: "\x{80CC}\x{4E2D}"
          RenderText {#text} at (954,222) size 44x478
            text run at (954,222) width 256: "\x{306B}\x{306F}\x{91CD}\x{3044}\x{5929}\x{4E0B}\x{304C}\x{304A}\x{3076}\x{3055}\x{3063}\x{3066}\x{3044}\x{308B}\x{3002}\x{3046}"
            text run at (981,0) width 272: "\x{307E}\x{3044}\x{7269}\x{3082}\x{98DF}\x{308F}\x{306D}\x{3070}\x{60DC}\x{3057}\x{3044}\x{3002}\x{5C11}\x{3057}\x{98DF}\x{3048}\x{3070}"
          RenderRuby (inline) {RUBY} at (0,0) size 17x16
            RenderRubyRun (anonymous) at (981,272) size 18x16
              RenderRubyText {RT} at (-10,0) size 10x16
                RenderText {#text} at (0,3) size 10x10
                  text run at (0,3) width 9: "\x{3042}"
              RenderRubyBase (anonymous) at (0,0) size 18x16
                RenderInline {RB} at (0,0) size 17x16
                  RenderText {#text} at (0,0) size 17x16
                    text run at (0,0) width 16: "\x{98FD}"
          RenderText {#text} at (981,288) size 17x16
            text run at (981,288) width 16: "\x{304D}"
          RenderRuby (inline) {RUBY} at (0,0) size 17x16
            RenderRubyRun (anonymous) at (981,304) size 18x16
              RenderRubyText {RT} at (-10,0) size 10x16
                RenderText {#text} at (0,3) size 10x10
                  text run at (0,3) width 9: "\x{305F}"
              RenderRubyBase (anonymous) at (0,0) size 18x16
                RenderInline {RB} at (0,0) size 17x16
                  RenderText {#text} at (0,0) size 17x16
                    text run at (0,0) width 16: "\x{8DB3}"
          RenderText {#text} at (981,320) size 35x480
            text run at (981,320) width 160: "\x{3089}\x{306C}\x{3002}\x{5B58}\x{5206}\x{98DF}\x{3048}\x{3070}\x{3042}\x{3068}"
            text run at (999,0) width 128: "\x{304C}\x{4E0D}\x{6109}\x{5FEB}\x{3060}\x{3002}\x{2026}\x{2026}"
          RenderBR {BR} at (999,128) size 17x0
          RenderText {#text} at (1026,0) size 17x16
            text run at (1026,0) width 16: "\x{3000}"
          RenderRuby (inline) {RUBY} at (0,0) size 17x16
            RenderRubyRun (anonymous) at (1026,16) size 18x16
              RenderRubyText {RT} at (-10,0) size 10x16
                RenderText {#text} at (0,3) size 10x10
                  text run at (0,3) width 9: "\x{3088}"
              RenderRubyBase (anonymous) at (0,0) size 18x16
                RenderInline {RB} at (0,0) size 17x16
                  RenderText {#text} at (0,0) size 17x16
                    text run at (0,0) width 16: "\x{4F59}"
          RenderText {#text} at (1026,32) size 17x14
            text run at (1026,32) width 14: "\x{306E}"
          RenderRuby (inline) {RUBY} at (0,0) size 17x28
            RenderRubyRun (anonymous) at (1026,42) size 18x36
              RenderRubyText {RT} at (-10,0) size 10x36
                RenderText {#text} at (0,0) size 10x36
                  text run at (0,0) width 36: "\x{304B}\x{3093}\x{304C}\x{3048}"
              RenderRubyBase (anonymous) at (0,0) size 18x36
                RenderInline {RB} at (0,0) size 17x16
                  RenderText {#text} at (0,10) size 17x16
                    text run at (0,10) width 16: "\x{8003}"
          RenderText {#text} at (1026,74) size 17x254
            text run at (1026,74) width 254: "\x{304C}\x{3053}\x{3053}\x{307E}\x{3067}\x{6F02}\x{6D41}\x{3057}\x{3066}\x{6765}\x{305F}\x{6642}\x{306B}\x{3001}\x{4F59}\x{306E}"
          RenderRuby (inline) {RUBY} at (0,0) size 17x32
            RenderRubyRun (anonymous) at (1026,328) size 18x32
              RenderRubyText {RT} at (-10,0) size 10x32
                RenderText {#text} at (0,2) size 10x28
                  text run at (0,2) width 27: "\x{3046}\x{305D}\x{304F}"
              RenderRubyBase (anonymous) at (0,0) size 18x32
                RenderInline {RB} at (0,0) size 17x32
                  RenderText {#text} at (0,0) size 17x32
                    text run at (0,0) width 32: "\x{53F3}\x{8DB3}"
          RenderText {#text} at (1026,360) size 17x48
            text run at (1026,360) width 48: "\x{306F}\x{7A81}\x{7136}"
          RenderRuby (inline) {RUBY} at (0,0) size 17x16
            RenderRubyRun (anonymous) at (1026,407) size 18x18
              RenderRubyText {RT} at (-10,0) size 10x18
                RenderText {#text} at (0,0) size 10x18
                  text run at (0,0) width 18: "\x{3059}\x{308F}"
              RenderRubyBase (anonymous) at (0,0) size 18x18
                RenderInline {RB} at (0,0) size 17x16
                  RenderText {#text} at (0,1) size 17x16
                    text run at (0,1) width 16: "\x{5750}"
          RenderText {#text} at (1026,424) size 44x486
            text run at (1026,424) width 62: "\x{308A}\x{306E}\x{308F}\x{308B}"
            text run at (1053,0) width 16: "\x{3044}"
          RenderRuby (inline) {RUBY} at (0,0) size 17x32
            RenderRubyRun (anonymous) at (1053,14) size 18x36
              RenderRubyText {RT} at (-10,0) size 10x36
                RenderText {#text} at (0,0) size 10x36
                  text run at (0,0) width 36: "\x{304B}\x{304F}\x{3044}\x{3057}"
              RenderRubyBase (anonymous) at (0,0) size 18x36
                RenderInline {RB} at (0,0) size 17x32
                  RenderText {#text} at (0,2) size 17x32
                    text run at (0,2) width 32: "\x{89D2}\x{77F3}"
          RenderText {#text} at (1053,48) size 17x14
            text run at (1053,48) width 14: "\x{306E}"
          RenderRuby (inline) {RUBY} at (0,0) size 17x16
            RenderRubyRun (anonymous) at (1053,61) size 18x18
              RenderRubyText {RT} at (-10,0) size 10x18
                RenderText {#text} at (0,0) size 10x18
                  text run at (0,0) width 18: "\x{306F}\x{3057}"
              RenderRubyBase (anonymous) at (0,0) size 18x18
                RenderInline {RB} at (0,0) size 17x16
                  RenderText {#text} at (0,1) size 17x16
                    text run at (0,1) width 16: "\x{7AEF}"
          RenderText {#text} at (1053,78) size 17x48
            text run at (1053,78) width 48: "\x{3092}\x{8E0F}\x{307F}"
          RenderRuby (inline) {RUBY} at (0,0) size 17x16
            RenderRubyRun (anonymous) at (1053,126) size 18x16
              RenderRubyText {RT} at (-10,0) size 10x16
                RenderText {#text} at (0,3) size 10x10
                  text run at (0,3) width 9: "\x{305D}"
              RenderRubyBase (anonymous) at (0,0) size 18x16
                RenderInline {RB} at (0,0) size 17x16
                  RenderText {#text} at (0,0) size 17x16
                    text run at (0,0) width 16: "\x{640D}"
          RenderText {#text} at (1053,142) size 17x80
            text run at (1053,142) width 80: "\x{304F}\x{306A}\x{3063}\x{305F}\x{3002}"
          RenderRuby (inline) {RUBY} at (0,0) size 17x32
            RenderRubyRun (anonymous) at (1053,220) size 18x36
              RenderRubyText {RT} at (-10,0) size 10x36
                RenderText {#text} at (0,0) size 10x36
                  text run at (0,0) width 36: "\x{3078}\x{3044}\x{3053}\x{3046}"
              RenderRubyBase (anonymous) at (0,0) size 18x36
                RenderInline {RB} at (0,0) size 17x32
                  RenderText {#text} at (0,2) size 17x32
                    text run at (0,2) width 32: "\x{5E73}\x{8861}"
          RenderText {#text} at (1053,254) size 44x478
            text run at (1053,254) width 224: "\x{3092}\x{4FDD}\x{3064}\x{305F}\x{3081}\x{306B}\x{3001}\x{3059}\x{308F}\x{3084}\x{3068}\x{524D}\x{306B}\x{98DB}"
            text run at (1080,0) width 64: "\x{3073}\x{51FA}\x{3057}\x{305F}"
          RenderRuby (inline) {RUBY} at (0,0) size 17x32
            RenderRubyRun (anonymous) at (1080,64) size 18x32
              RenderRubyText {RT} at (-10,0) size 10x32
                RenderText {#text} at (0,2) size 10x28
                  text run at (0,2) width 27: "\x{3055}\x{305D}\x{304F}"
              RenderRubyBase (anonymous) at (0,0) size 18x32
                RenderInline {RB} at (0,0) size 17x32
                  RenderText {#text} at (0,0) size 17x32
                    text run at (0,0) width 32: "\x{5DE6}\x{8DB3}"
          RenderText {#text} at (1080,96) size 17x32
            text run at (1080,96) width 32: "\x{304C}\x{3001}"
          RenderRuby (inline) {RUBY} at (0,0) size 17x32
            RenderRubyRun (anonymous) at (1080,128) size 18x32
              RenderRubyText {RT} at (-10,0) size 10x32
                RenderText {#text} at (0,2) size 10x28
                  text run at (0,2) width 27: "\x{3057}\x{305D}\x{3093}"
              RenderRubyBase (anonymous) at (0,0) size 18x32
                RenderInline {RB} at (0,0) size 17x32
                  RenderText {#text} at (0,0) size 17x32
                    text run at (0,0) width 32: "\x{4ED5}\x{640D}"
          RenderText {#text} at (1080,160) size 17x30
            text run at (1080,160) width 30: "\x{3058}\x{306E}"
          RenderRuby (inline) {RUBY} at (0,0) size 17x16
            RenderRubyRun (anonymous) at (1080,190) size 18x16
              RenderRubyText {RT} at (-10,0) size 10x16
                RenderText {#text} at (0,3) size 10x10
                  text run at (0,3) width 9: "\x{3046}"
              RenderRubyBase (anonymous) at (0,0) size 18x16
                RenderInline {RB} at (0,0) size 17x16
                  RenderText {#text} at (0,0) size 17x16
                    text run at (0,0) width 16: "\x{57CB}"
          RenderText {#text} at (1080,206) size 17x16
            text run at (1080,206) width 16: "\x{3081}"
          RenderRuby (inline) {RUBY} at (0,0) size 17x16
            RenderRubyRun (anonymous) at (1080,221) size 18x18
              RenderRubyText {RT} at (-10,0) size 10x18
                RenderText {#text} at (0,0) size 10x18
                  text run at (0,0) width 18: "\x{3042}\x{308F}"
              RenderRubyBase (anonymous) at (0,0) size 18x18
                RenderInline {RB} at (0,0) size 17x16
                  RenderText {#text} at (0,1) size 17x16
                    text run at (0,1) width 16: "\x{5408}"
          RenderText {#text} at (1080,238) size 44x476
            text run at (1080,238) width 238: "\x{305B}\x{3092}\x{3059}\x{308B}\x{3068}\x{5171}\x{306B}\x{3001}\x{4F59}\x{306E}\x{8170}\x{306F}\x{5177}\x{5408}\x{3088}"
            text run at (1107,0) width 16: "\x{304F}"
          RenderRuby (inline) {RUBY} at (0,0) size 17x16
            RenderRubyRun (anonymous) at (1107,15) size 18x18
              RenderRubyText {RT} at (-10,0) size 10x18
                RenderText {#text} at (0,0) size 10x18
                  text run at (0,0) width 18: "\x{307B}\x{3046}"
              RenderRubyBase (anonymous) at (0,0) size 18x18
                RenderInline {RB} at (0,0) size 17x16
                  RenderText {#text} at (0,1) size 17x16
                    text run at (0,1) width 16: "\x{65B9}"
          RenderText {#text} at (1107,32) size 17x142
            text run at (1107,32) width 142: "\x{4E09}\x{5C3A}\x{307B}\x{3069}\x{306A}\x{5CA9}\x{306E}\x{4E0A}\x{306B}"
          RenderRuby (inline) {RUBY} at (0,0) size 17x16
            RenderRubyRun (anonymous) at (1107,174) size 18x16
              RenderRubyText {RT} at (-10,0) size 10x16
                RenderText {#text} at (0,3) size 10x10
                  text run at (0,3) width 9: "\x{304A}"
              RenderRubyBase (anonymous) at (0,0) size 18x16
                RenderInline {RB} at (0,0) size 17x16
                  RenderText {#text} at (0,0) size 17x16
                    text run at (0,0) width 16: "\x{5378}"
          RenderText {#text} at (1107,190) size 17x206
            text run at (1107,190) width 206: "\x{308A}\x{305F}\x{3002}\x{80A9}\x{306B}\x{304B}\x{3051}\x{305F}\x{7D75}\x{306E}\x{5177}\x{7BB1}\x{304C}"
          RenderRuby (inline) {RUBY} at (0,0) size 17x16
            RenderRubyRun (anonymous) at (1107,395) size 18x18
              RenderRubyText {RT} at (-10,0) size 10x18
                RenderText {#text} at (0,0) size 10x18
                  text run at (0,0) width 18: "\x{308F}\x{304D}"
              RenderRubyBase (anonymous) at (0,0) size 18x18
                RenderInline {RB} at (0,0) size 17x16
                  RenderText {#text} at (0,1) size 17x16
                    text run at (0,1) width 16: "\x{814B}"
          RenderText {#text} at (1107,412) size 17x62
            text run at (1107,412) width 62: "\x{306E}\x{4E0B}\x{304B}\x{3089}"
          RenderRuby (inline) {RUBY} at (0,0) size 17x17
            RenderRubyRun (anonymous) at (1107,473) size 18x18
              RenderRubyText {RT} at (-10,0) size 10x18
                RenderText {#text} at (0,0) size 10x18
                  text run at (0,0) width 18: "\x{304A}\x{3069}"
              RenderRubyBase (anonymous) at (0,0) size 18x18
                RenderInline {RB} at (0,0) size 17x16
                  RenderText {#text} at (0,1) size 17x16
                    text run at (0,1) width 16: "\x{8E8D}"
          RenderText {#text} at (1134,0) size 17x176
            text run at (1134,0) width 176: "\x{308A}\x{51FA}\x{3057}\x{305F}\x{3060}\x{3051}\x{3067}\x{3001}\x{5E78}\x{3044}\x{3068}"
          RenderRuby (inline) {RUBY} at (0,0) size 17x16
            RenderRubyRun (anonymous) at (1134,175) size 18x18
              RenderRubyText {RT} at (-10,0) size 10x18
                RenderText {#text} at (0,0) size 10x18
                  text run at (0,0) width 18: "\x{306A}\x{3093}"
              RenderRubyBase (anonymous) at (0,0) size 18x18
                RenderInline {RB} at (0,0) size 17x16
                  RenderText {#text} at (0,1) size 17x16
                    text run at (0,1) width 16: "\x{4F55}"
          RenderText {#text} at (1134,192) size 17x126
            text run at (1134,192) width 126: "\x{306E}\x{4E8B}\x{3082}\x{306A}\x{304B}\x{3063}\x{305F}\x{3002}"
          RenderBR {BR} at (1134,318) size 17x0
          RenderText {#text} at (1161,0) size 17x240
            text run at (1161,0) width 240: "\x{3000}\x{7ACB}\x{3061}\x{4E0A}\x{304C}\x{308B}\x{6642}\x{306B}\x{5411}\x{3046}\x{3092}\x{898B}\x{308B}\x{3068}\x{3001}"
          RenderRuby (inline) {RUBY} at (0,0) size 17x16
            RenderRubyRun (anonymous) at (1161,239) size 18x18
              RenderRubyText {RT} at (-10,0) size 10x18
                RenderText {#text} at (0,0) size 10x18
                  text run at (0,0) width 18: "\x{307F}\x{3061}"
              RenderRubyBase (anonymous) at (0,0) size 18x18
                RenderInline {RB} at (0,0) size 17x16
                  RenderText {#text} at (0,1) size 17x16
                    text run at (0,1) width 16: "\x{8DEF}"
          RenderText {#text} at (1161,256) size 44x478
            text run at (1161,256) width 222: "\x{304B}\x{3089}\x{5DE6}\x{306E}\x{65B9}\x{306B}\x{30D0}\x{30B1}\x{30C4}\x{3092}\x{4F0F}\x{305B}\x{305F}\x{3088}"
            text run at (1188,0) width 64: "\x{3046}\x{306A}\x{5CF0}\x{304C}"
          RenderRuby (inline) {RUBY} at (0,0) size 17x16
            RenderRubyRun (anonymous) at (1188,63) size 18x18
              RenderRubyText {RT} at (-10,0) size 10x18
                RenderText {#text} at (0,0) size 10x18
                  text run at (0,0) width 18: "\x{305D}\x{3073}"
              RenderRubyBase (anonymous) at (0,0) size 18x18
                RenderInline {RB} at (0,0) size 17x16
                  RenderText {#text} at (0,1) size 17x16
                    text run at (0,1) width 16: "\x{8073}"
          RenderText {#text} at (1188,80) size 17x112
            text run at (1188,80) width 112: "\x{3048}\x{3066}\x{3044}\x{308B}\x{3002}\x{6749}\x{304B}"
          RenderRuby (inline) {RUBY} at (0,0) size 17x18
            RenderRubyRun (anonymous) at (1188,188) size 18x26
              RenderRubyText {RT} at (-10,0) size 10x26
                RenderText {#text} at (0,0) size 10x26
                  text run at (0,0) width 26: "\x{3072}\x{306E}\x{304D}"
              RenderRubyBase (anonymous) at (0,0) size 18x26
                RenderInline {RB} at (0,0) size 17x16
                  RenderText {#text} at (0,5) size 17x16
                    text run at (0,5) width 16: "\x{6A9C}"
          RenderText {#text} at (1188,210) size 17x112
            text run at (1188,210) width 112: "\x{304B}\x{5206}\x{304B}\x{3089}\x{306A}\x{3044}\x{304C}"
          RenderRuby (inline) {RUBY} at (0,0) size 17x32
            RenderRubyRun (anonymous) at (1188,322) size 18x32
              RenderRubyText {RT} at (-10,0) size 10x32
                RenderText {#text} at (0,2) size 10x28
                  text run at (0,2) width 27: "\x{306D}\x{3082}\x{3068}"
              RenderRubyBase (anonymous) at (0,0) size 18x32
                RenderInline {RB} at (0,0) size 17x32
                  RenderText {#text} at (0,0) size 17x32
                    text run at (0,0) width 32: "\x{6839}\x{5143}"
          RenderText {#text} at (1188,354) size 17x32
            text run at (1188,354) width 32: "\x{304B}\x{3089}"
          RenderRuby (inline) {RUBY} at (0,0) size 17x19
            RenderRubyRun (anonymous) at (1188,382) size 18x27
              RenderRubyText {RT} at (-10,0) size 10x27
                RenderText {#text} at (0,0) size 10x27
                  text run at (0,0) width 27: "\x{3044}\x{305F}\x{3060}"
              RenderRubyBase (anonymous) at (0,0) size 18x27
                RenderInline {RB} at (0,0) size 17x17
                  RenderText {#text} at (0,5) size 17x17
                    text run at (0,5) width 16: "\x{9802}"
          RenderText {#text} at (1188,405) size 44x485
            text run at (1188,405) width 80: "\x{304D}\x{307E}\x{3067}\x{3053}\x{3068}"
            text run at (1215,0) width 48: "\x{3054}\x{3068}\x{304F}"
          RenderRuby (inline) {RUBY} at (0,0) size 17x32
            RenderRubyRun (anonymous) at (1215,46) size 18x36
              RenderRubyText {RT} at (-10,0) size 10x36
                RenderText {#text} at (0,0) size 10x36
                  text run at (0,0) width 36: "\x{3042}\x{304A}\x{3050}\x{308D}"
              RenderRubyBase (anonymous) at (0,0) size 18x36
                RenderInline {RB} at (0,0) size 17x32
                  RenderText {#text} at (0,2) size 17x32
                    text run at (0,2) width 32: "\x{84BC}\x{9ED2}"
          RenderText {#text} at (1215,80) size 17x240
            text run at (1215,80) width 240: "\x{3044}\x{4E2D}\x{306B}\x{3001}\x{5C71}\x{685C}\x{304C}\x{8584}\x{8D64}\x{304F}\x{3060}\x{3093}\x{3060}\x{3089}\x{306B}"
          RenderRuby (inline) {RUBY} at (0,0) size 17x32
            RenderRubyRun (anonymous) at (1215,320) size 18x32
              RenderRubyText {RT} at (-10,0) size 10x32
                RenderText {#text} at (0,2) size 10x28
                  text run at (0,2) width 27: "\x{305F}\x{306A}\x{3073}"
              RenderRubyBase (anonymous) at (0,0) size 18x32
                RenderInline {RB} at (0,0) size 17x32
                  RenderText {#text} at (0,0) size 17x32
                    text run at (0,0) width 32: "\x{68DA}\x{5F15}"
          RenderText {#text} at (1215,352) size 17x48
            text run at (1215,352) width 48: "\x{3044}\x{3066}\x{3001}"
          RenderRuby (inline) {RUBY} at (0,0) size 17x16
            RenderRubyRun (anonymous) at (1215,400) size 18x16
              RenderRubyText {RT} at (-10,0) size 10x16
                RenderText {#text} at (0,3) size 10x10
                  text run at (0,3) width 9: "\x{3064}"
              RenderRubyBase (anonymous) at (0,0) size 18x16
                RenderInline {RB} at (0,0) size 17x16
                  RenderText {#text} at (0,0) size 17x16
                    text run at (0,0) width 16: "\x{7D9A}"
          RenderText {#text} at (1215,416) size 17x16
            text run at (1215,416) width 16: "\x{304E}"
          RenderRuby (inline) {RUBY} at (0,0) size 17x16
            RenderRubyRun (anonymous) at (1215,432) size 18x16
              RenderRubyText {RT} at (-10,0) size 10x16
                RenderText {#text} at (0,3) size 10x10
                  text run at (0,3) width 9: "\x{3081}"
              RenderRubyBase (anonymous) at (0,0) size 18x16
                RenderInline {RB} at (0,0) size 17x16
                  RenderText {#text} at (0,0) size 17x16
                    text run at (0,0) width 16: "\x{76EE}"
          RenderText {#text} at (1215,448) size 17x16
            text run at (1215,448) width 16: "\x{304C}"
          RenderRuby (inline) {RUBY} at (0,0) size 17x17
            RenderRubyRun (anonymous) at (1215,463) size 18x18
              RenderRubyText {RT} at (-10,0) size 10x18
                RenderText {#text} at (0,0) size 10x18
                  text run at (0,0) width 18: "\x{3057}\x{304B}"
              RenderRubyBase (anonymous) at (0,0) size 18x18
                RenderInline {RB} at (0,0) size 17x16
                  RenderText {#text} at (0,1) size 17x16
                    text run at (0,1) width 16: "\x{78BA}"
          RenderText {#text} at (1242,0) size 17x112
            text run at (1242,0) width 112: "\x{3068}\x{898B}\x{3048}\x{306C}\x{304F}\x{3089}\x{3044}"
          RenderRuby (inline) {RUBY} at (0,0) size 17x16
            RenderRubyRun (anonymous) at (1242,111) size 18x18
              RenderRubyText {RT} at (-10,0) size 10x18
                RenderText {#text} at (0,0) size 10x18
                  text run at (0,0) width 18: "\x{3082}\x{3084}"
              RenderRubyBase (anonymous) at (0,0) size 18x18
                RenderInline {RB} at (0,0) size 17x16
                  RenderText {#text} at (0,1) size 17x16
                    text run at (0,1) width 16: "\x{9744}"
          RenderText {#text} at (1242,128) size 17x144
            text run at (1242,128) width 144: "\x{304C}\x{6FC3}\x{3044}\x{3002}\x{5C11}\x{3057}\x{624B}\x{524D}\x{306B}"
          RenderRuby (inline) {RUBY} at (0,0) size 17x32
            RenderRubyRun (anonymous) at (1242,270) size 18x36
              RenderRubyText {RT} at (-10,0) size 10x36
                RenderText {#text} at (0,0) size 10x36
                  text run at (0,0) width 36: "\x{306F}\x{3052}\x{3084}\x{307E}"
              RenderRubyBase (anonymous) at (0,0) size 18x36
                RenderInline {RB} at (0,0) size 17x32
                  RenderText {#text} at (0,2) size 17x32
                    text run at (0,2) width 32: "\x{79BF}\x{5C71}"
          RenderText {#text} at (1242,304) size 17x64
            text run at (1242,304) width 64: "\x{304C}\x{4E00}\x{3064}\x{3001}"
          RenderRuby (inline) {RUBY} at (0,0) size 17x16
            RenderRubyRun (anonymous) at (1242,367) size 18x18
              RenderRubyText {RT} at (-10,0) size 10x18
                RenderText {#text} at (0,0) size 10x18
                  text run at (0,0) width 18: "\x{3050}\x{3093}"
              RenderRubyBase (anonymous) at (0,0) size 18x18
                RenderInline {RB} at (0,0) size 17x16
                  RenderText {#text} at (0,1) size 17x16
                    text run at (0,1) width 16: "\x{7FA4}"
          RenderText {#text} at (1242,384) size 17x96
            text run at (1242,384) width 96: "\x{3092}\x{306C}\x{304D}\x{3093}\x{3067}\x{3066}"
          RenderRuby (inline) {RUBY} at (0,0) size 17x17
            RenderRubyRun (anonymous) at (1269,0) size 18x18
              RenderRubyText {RT} at (-10,0) size 10x18
                RenderText {#text} at (0,0) size 10x18
                  text run at (0,0) width 18: "\x{307E}\x{3086}"
              RenderRubyBase (anonymous) at (0,0) size 18x18
                RenderInline {RB} at (0,0) size 17x16
                  RenderText {#text} at (0,1) size 17x16
                    text run at (0,1) width 16: "\x{7709}"
          RenderText {#text} at (1269,17) size 17x16
            text run at (1269,17) width 16: "\x{306B}"
          RenderRuby (inline) {RUBY} at (0,0) size 17x16
            RenderRubyRun (anonymous) at (1269,32) size 18x18
              RenderRubyText {RT} at (-10,0) size 10x18
                RenderText {#text} at (0,0) size 10x18
                  text run at (0,0) width 18: "\x{305B}\x{307E}"
              RenderRubyBase (anonymous) at (0,0) size 18x18
                RenderInline {RB} at (0,0) size 17x16
                  RenderText {#text} at (0,1) size 17x16
                    text run at (0,1) width 16: "\x{903C}"
          RenderText {#text} at (1269,49) size 17x32
            text run at (1269,49) width 32: "\x{308B}\x{3002}"
          RenderRuby (inline) {RUBY} at (0,0) size 17x16
            RenderRubyRun (anonymous) at (1269,81) size 18x16
              RenderRubyText {RT} at (-10,0) size 10x16
                RenderText {#text} at (0,3) size 10x10
                  text run at (0,3) width 9: "\x{306F}"
              RenderRubyBase (anonymous) at (0,0) size 18x16
                RenderInline {RB} at (0,0) size 17x16
                  RenderText {#text} at (0,0) size 17x16
                    text run at (0,0) width 16: "\x{79BF}"
          RenderText {#text} at (1269,97) size 17x126
            text run at (1269,97) width 126: "\x{3052}\x{305F}\x{5074}\x{9762}\x{306F}\x{5DE8}\x{4EBA}\x{306E}"
          RenderRuby (inline) {RUBY} at (0,0) size 17x17
            RenderRubyRun (anonymous) at (1269,223) size 18x17
              RenderRubyText {RT} at (-10,0) size 10x17
                RenderText {#text} at (0,0) size 10x17
                  text run at (0,0) width 17: "\x{304A}\x{306E}"
              RenderRubyBase (anonymous) at (0,0) size 18x17
                RenderInline {RB} at (0,0) size 17x17
                  RenderText {#text} at (0,0) size 17x17
                    text run at (0,0) width 16: "\x{65A7}"
          RenderText {#text} at (1269,240) size 17x16
            text run at (1269,240) width 16: "\x{3067}"
          RenderRuby (inline) {RUBY} at (0,0) size 17x16
            RenderRubyRun (anonymous) at (1269,255) size 18x18
              RenderRubyText {RT} at (-10,0) size 10x18
                RenderText {#text} at (0,0) size 10x18
                  text run at (0,0) width 18: "\x{3051}\x{305A}"
              RenderRubyBase (anonymous) at (0,0) size 18x18
                RenderInline {RB} at (0,0) size 17x16
                  RenderText {#text} at (0,1) size 17x16
                    text run at (0,1) width 16: "\x{524A}"
          RenderText {#text} at (1269,272) size 44x480
            text run at (1269,272) width 208: "\x{308A}\x{53BB}\x{3063}\x{305F}\x{304B}\x{3001}\x{92ED}\x{3069}\x{304D}\x{5E73}\x{9762}\x{3092}\x{3084}"
            text run at (1296,0) width 94: "\x{3051}\x{306B}\x{8C37}\x{306E}\x{5E95}\x{306B}"
          RenderRuby (inline) {RUBY} at (0,0) size 17x16
            RenderRubyRun (anonymous) at (1296,93) size 18x18
              RenderRubyText {RT} at (-10,0) size 10x18
                RenderText {#text} at (0,0) size 10x18
                  text run at (0,0) width 18: "\x{3046}\x{305A}"
              RenderRubyBase (anonymous) at (0,0) size 18x18
                RenderInline {RB} at (0,0) size 17x16
                  RenderText {#text} at (0,1) size 17x16
                    text run at (0,1) width 16: "\x{57CB}"
          RenderText {#text} at (1296,110) size 17x80
            text run at (1296,110) width 80: "\x{3081}\x{3066}\x{3044}\x{308B}\x{3002}"
          RenderRuby (inline) {RUBY} at (0,0) size 17x32
            RenderRubyRun (anonymous) at (1296,188) size 18x36
              RenderRubyText {RT} at (-10,0) size 10x36
                RenderText {#text} at (0,0) size 10x36
                  text run at (0,0) width 36: "\x{3066}\x{3063}\x{307A}\x{3093}"
              RenderRubyBase (anonymous) at (0,0) size 18x36
                RenderInline {RB} at (0,0) size 17x32
                  RenderText {#text} at (0,2) size 17x32
                    text run at (0,2) width 32: "\x{5929}\x{8FBA}"
          RenderText {#text} at (1296,222) size 44x490
            text run at (1296,222) width 268: "\x{306B}\x{4E00}\x{672C}\x{898B}\x{3048}\x{308B}\x{306E}\x{306F}\x{8D64}\x{677E}\x{3060}\x{308D}\x{3046}\x{3002}\x{679D}\x{306E}\x{9593}"
            text run at (1323,0) width 62: "\x{306E}\x{7A7A}\x{3055}\x{3048}"
          RenderRuby (inline) {RUBY} at (0,0) size 17x32
            RenderRubyRun (anonymous) at (1323,60) size 18x36
              RenderRubyText {RT} at (-10,0) size 10x36
                RenderText {#text} at (0,0) size 10x36
                  text run at (0,0) width 36: "\x{306F}\x{3063}\x{304D}\x{308A}"
              RenderRubyBase (anonymous) at (0,0) size 18x36
                RenderInline {RB} at (0,0) size 17x32
                  RenderText {#text} at (0,2) size 17x32
                    text run at (0,2) width 32: "\x{5224}\x{7136}"
          RenderText {#text} at (1323,94) size 44x478
            text run at (1323,94) width 384: "\x{3057}\x{3066}\x{3044}\x{308B}\x{3002}\x{884C}\x{304F}\x{624B}\x{306F}\x{4E8C}\x{4E01}\x{307B}\x{3069}\x{3067}\x{5207}\x{308C}\x{3066}\x{3044}\x{308B}\x{304C}\x{3001}\x{9AD8}\x{3044}\x{6240}"
            text run at (1350,0) width 64: "\x{304B}\x{3089}\x{8D64}\x{3044}"
          RenderRuby (inline) {RUBY} at (0,0) size 17x32
            RenderRubyRun (anonymous) at (1350,64) size 18x32
              RenderRubyText {RT} at (-10,0) size 10x32
                RenderText {#text} at (0,2) size 10x28
                  text run at (0,2) width 27: "\x{3051}\x{3063}\x{3068}"
              RenderRubyBase (anonymous) at (0,0) size 18x32
                RenderInline {RB} at (0,0) size 17x32
                  RenderText {#text} at (0,0) size 17x32
                    text run at (0,0) width 32: "\x{6BDB}\x{5E03}"
          RenderText {#text} at (1350,96) size 44x476
            text run at (1350,96) width 380: "\x{304C}\x{52D5}\x{3044}\x{3066}\x{6765}\x{308B}\x{306E}\x{3092}\x{898B}\x{308B}\x{3068}\x{3001}\x{767B}\x{308C}\x{3070}\x{3042}\x{3059}\x{3053}\x{3078}\x{51FA}\x{308B}\x{306E}\x{3060}\x{308D}"
            text run at (1377,0) width 128: "\x{3046}\x{3002}\x{8DEF}\x{306F}\x{3059}\x{3053}\x{3076}\x{308B}"
          RenderRuby (inline) {RUBY} at (0,0) size 17x32
            RenderRubyRun (anonymous) at (1377,128) size 18x32
              RenderRubyText {RT} at (-10,0) size 10x32
                RenderText {#text} at (0,2) size 10x28
                  text run at (0,2) width 27: "\x{306A}\x{3093}\x{304E}"
              RenderRubyBase (anonymous) at (0,0) size 18x32
                RenderInline {RB} at (0,0) size 17x32
                  RenderText {#text} at (0,0) size 17x32
                    text run at (0,0) width 32: "\x{96E3}\x{7FA9}"
          RenderText {#text} at (1377,160) size 17x32
            text run at (1377,160) width 32: "\x{3060}\x{3002}"
          RenderBR {BR} at (1377,192) size 17x0
          RenderText {#text} at (1404,0) size 17x208
            text run at (1404,0) width 208: "\x{3000}\x{571F}\x{3092}\x{306A}\x{3089}\x{3059}\x{3060}\x{3051}\x{306A}\x{3089}\x{3055}\x{307B}\x{3069}"
          RenderRuby (inline) {RUBY} at (0,0) size 17x32
            RenderRubyRun (anonymous) at (1404,208) size 18x32
              RenderRubyText {RT} at (-10,0) size 10x32
                RenderText {#text} at (0,7) size 10x18
                  text run at (0,7) width 18: "\x{3066}\x{307E}"
              RenderRubyBase (anonymous) at (0,0) size 18x32
                RenderInline {RB} at (0,0) size 17x32
                  RenderText {#text} at (0,0) size 17x32
                    text run at (0,0) width 32: "\x{624B}\x{9593}"
          RenderText {#text} at (1404,240) size 17x16
            text run at (1404,240) width 16: "\x{3082}"
          RenderRuby (inline) {RUBY} at (0,0) size 17x16
            RenderRubyRun (anonymous) at (1404,256) size 18x16
              RenderRubyText {RT} at (-10,0) size 10x16
                RenderText {#text} at (0,3) size 10x10
                  text run at (0,3) width 9: "\x{3044}"
              RenderRubyBase (anonymous) at (0,0) size 18x16
                RenderInline {RB} at (0,0) size 17x16
                  RenderText {#text} at (0,0) size 17x16
                    text run at (0,0) width 16: "\x{5165}"
          RenderText {#text} at (1404,272) size 44x478
            text run at (1404,272) width 206: "\x{308B}\x{307E}\x{3044}\x{304C}\x{3001}\x{571F}\x{306E}\x{4E2D}\x{306B}\x{306F}\x{5927}\x{304D}\x{306A}"
            text run at (1431,0) width 112: "\x{77F3}\x{304C}\x{3042}\x{308B}\x{3002}\x{571F}\x{306F}"
          RenderRuby (inline) {RUBY} at (0,0) size 17x16
            RenderRubyRun (anonymous) at (1431,111) size 18x18
              RenderRubyText {RT} at (-10,0) size 10x18
                RenderText {#text} at (0,0) size 10x18
                  text run at (0,0) width 18: "\x{305F}\x{3044}"
              RenderRubyBase (anonymous) at (0,0) size 18x18
                RenderInline {RB} at (0,0) size 17x16
                  RenderText {#text} at (0,1) size 17x16
                    text run at (0,1) width 16: "\x{5E73}"
          RenderText {#text} at (1431,128) size 44x464
            text run at (1431,128) width 336: "\x{3089}\x{306B}\x{3057}\x{3066}\x{3082}\x{77F3}\x{306F}\x{5E73}\x{3089}\x{306B}\x{306A}\x{3089}\x{306C}\x{3002}\x{77F3}\x{306F}\x{5207}\x{308A}\x{7815}\x{3044}\x{3066}"
            text run at (1458,0) width 176: "\x{3082}\x{3001}\x{5CA9}\x{306F}\x{59CB}\x{672B}\x{304C}\x{3064}\x{304B}\x{306C}\x{3002}"
          RenderRuby (inline) {RUBY} at (0,0) size 17x32
            RenderRubyRun (anonymous) at (1458,174) size 18x36
              RenderRubyText {RT} at (-10,0) size 10x36
                RenderText {#text} at (0,0) size 10x36
                  text run at (0,0) width 36: "\x{307B}\x{308A}\x{304F}\x{305A}"
              RenderRubyBase (anonymous) at (0,0) size 18x36
                RenderInline {RB} at (0,0) size 17x32
                  RenderText {#text} at (0,2) size 17x32
                    text run at (0,2) width 32: "\x{6398}\x{5D29}"
          RenderText {#text} at (1458,208) size 17x94
            text run at (1458,208) width 94: "\x{3057}\x{305F}\x{571F}\x{306E}\x{4E0A}\x{306B}"
          RenderRuby (inline) {RUBY} at (0,0) size 17x32
            RenderRubyRun (anonymous) at (1458,300) size 18x36
              RenderRubyText {RT} at (-10,0) size 10x36
                RenderText {#text} at (0,0) size 10x36
                  text run at (0,0) width 36: "\x{3086}\x{3046}\x{305C}\x{3093}"
              RenderRubyBase (anonymous) at (0,0) size 18x36
                RenderInline {RB} at (0,0) size 17x32
                  RenderText {#text} at (0,2) size 17x32
                    text run at (0,2) width 32: "\x{60A0}\x{7136}"
          RenderText {#text} at (1458,334) size 17x16
            text run at (1458,334) width 16: "\x{3068}"
          RenderRuby (inline) {RUBY} at (0,0) size 17x19
            RenderRubyRun (anonymous) at (1458,346) size 18x27
              RenderRubyText {RT} at (-10,0) size 10x27
                RenderText {#text} at (0,0) size 10x27
                  text run at (0,0) width 27: "\x{305D}\x{3070}\x{3060}"
              RenderRubyBase (anonymous) at (0,0) size 18x27
                RenderInline {RB} at (0,0) size 17x17
                  RenderText {#text} at (0,5) size 17x17
                    text run at (0,5) width 16: "\x{5CD9}"
          RenderText {#text} at (1458,369) size 44x479
            text run at (1458,369) width 110: "\x{3063}\x{3066}\x{3001}\x{543E}\x{3089}\x{306E}\x{305F}"
            text run at (1485,0) width 96: "\x{3081}\x{306B}\x{9053}\x{3092}\x{8B72}\x{308B}"
          RenderRuby (inline) {RUBY} at (0,0) size 17x32
            RenderRubyRun (anonymous) at (1485,96) size 18x32
              RenderRubyText {RT} at (-10,0) size 10x32
                RenderText {#text} at (0,2) size 10x28
                  text run at (0,2) width 27: "\x{3051}\x{3057}\x{304D}"
              RenderRubyBase (anonymous) at (0,0) size 18x32
                RenderInline {RB} at (0,0) size 17x32
                  RenderText {#text} at (0,0) size 17x32
                    text run at (0,0) width 32: "\x{666F}\x{8272}"
          RenderText {#text} at (1485,128) size 44x480
            text run at (1485,128) width 352: "\x{306F}\x{306A}\x{3044}\x{3002}\x{5411}\x{3046}\x{3067}\x{805E}\x{304B}\x{306C}\x{4E0A}\x{306F}\x{4E57}\x{308A}\x{8D8A}\x{3059}\x{304B}\x{3001}\x{5EFB}\x{3089}\x{306A}\x{3051}"
            text run at (1512,0) width 96: "\x{308C}\x{3070}\x{306A}\x{3089}\x{3093}\x{3002}"
          RenderRuby (inline) {RUBY} at (0,0) size 17x16
            RenderRubyRun (anonymous) at (1512,95) size 18x18
              RenderRubyText {RT} at (-10,0) size 10x18
                RenderText {#text} at (0,0) size 10x18
                  text run at (0,0) width 18: "\x{3044}\x{308F}"
              RenderRubyBase (anonymous) at (0,0) size 18x18
                RenderInline {RB} at (0,0) size 17x16
                  RenderText {#text} at (0,1) size 17x16
                    text run at (0,1) width 16: "\x{5DCC}"
          RenderText {#text} at (1512,112) size 17x110
            text run at (1512,112) width 110: "\x{306E}\x{306A}\x{3044}\x{6240}\x{3067}\x{3055}\x{3048}"
          RenderRuby (inline) {RUBY} at (0,0) size 17x16
            RenderRubyRun (anonymous) at (1512,222) size 18x16
              RenderRubyText {RT} at (-10,0) size 10x16
                RenderText {#text} at (0,3) size 10x10
                  text run at (0,3) width 9: "\x{3042}"
              RenderRubyBase (anonymous) at (0,0) size 18x16
                RenderInline {RB} at (0,0) size 17x16
                  RenderText {#text} at (0,0) size 17x16
                    text run at (0,0) width 16: "\x{6B69}"
          RenderText {#text} at (1512,238) size 44x462
            text run at (1512,238) width 224: "\x{308B}\x{304D}\x{3088}\x{304F}\x{306F}\x{306A}\x{3044}\x{3002}\x{5DE6}\x{53F3}\x{304C}\x{9AD8}\x{304F}\x{3063}"
            text run at (1539,0) width 80: "\x{3066}\x{3001}\x{4E2D}\x{5FC3}\x{304C}"
          RenderRuby (inline) {RUBY} at (0,0) size 17x16
            RenderRubyRun (anonymous) at (1539,79) size 18x18
              RenderRubyText {RT} at (-10,0) size 10x18
                RenderText {#text} at (0,0) size 10x18
                  text run at (0,0) width 18: "\x{304F}\x{307C}"
              RenderRubyBase (anonymous) at (0,0) size 18x18
                RenderInline {RB} at (0,0) size 17x16
                  RenderText {#text} at (0,1) size 17x16
                    text run at (0,1) width 16: "\x{7AAA}"
          RenderText {#text} at (1539,96) size 17x128
            text run at (1539,96) width 128: "\x{3093}\x{3067}\x{3001}\x{307E}\x{308B}\x{3067}\x{4E00}\x{9593}"
          RenderRuby (inline) {RUBY} at (0,0) size 17x16
            RenderRubyRun (anonymous) at (1539,223) size 18x18
              RenderRubyText {RT} at (-10,0) size 10x18
                RenderText {#text} at (0,0) size 10x18
                  text run at (0,0) width 18: "\x{306F}\x{3070}"
              RenderRubyBase (anonymous) at (0,0) size 18x18
                RenderInline {RB} at (0,0) size 17x16
                  RenderText {#text} at (0,1) size 17x16
                    text run at (0,1) width 16: "\x{5E45}"
          RenderText {#text} at (1539,240) size 17x64
            text run at (1539,240) width 64: "\x{3092}\x{4E09}\x{89D2}\x{306B}"
          RenderRuby (inline) {RUBY} at (0,0) size 17x16
            RenderRubyRun (anonymous) at (1539,304) size 18x16
              RenderRubyText {RT} at (-10,0) size 10x16
                RenderText {#text} at (0,3) size 10x10
                  text run at (0,3) width 9: "\x{304F}"
              RenderRubyBase (anonymous) at (0,0) size 18x16
                RenderInline {RB} at (0,0) size 17x16
                  RenderText {#text} at (0,0) size 17x16
                    text run at (0,0) width 16: "\x{7A7F}"
          RenderText {#text} at (1539,320) size 17x126
            text run at (1539,320) width 126: "\x{3063}\x{3066}\x{3001}\x{305D}\x{306E}\x{9802}\x{70B9}\x{304C}"
          RenderRuby (inline) {RUBY} at (0,0) size 17x34
            RenderRubyRun (anonymous) at (1539,444) size 18x36
              RenderRubyText {RT} at (-10,0) size 10x36
                RenderText {#text} at (0,0) size 10x36
                  text run at (0,0) width 36: "\x{307E}\x{3093}\x{306A}\x{304B}"
              RenderRubyBase (anonymous) at (0,0) size 18x36
                RenderInline {RB} at (0,0) size 17x32
                  RenderText {#text} at (0,2) size 17x32
                    text run at (0,2) width 32: "\x{771F}\x{4E2D}"
          RenderText {#text} at (1566,0) size 17x16
            text run at (1566,0) width 16: "\x{3092}"
          RenderRuby (inline) {RUBY} at (0,0) size 17x19
            RenderRubyRun (anonymous) at (1566,12) size 18x27
              RenderRubyText {RT} at (-10,0) size 10x27
                RenderText {#text} at (0,0) size 10x27
                  text run at (0,0) width 27: "\x{3064}\x{3089}\x{306C}"
              RenderRubyBase (anonymous) at (0,0) size 18x27
                RenderInline {RB} at (0,0) size 17x17
                  RenderText {#text} at (0,5) size 17x17
                    text run at (0,5) width 16: "\x{8CAB}"
          RenderText {#text} at (1566,35) size 17x400
            text run at (1566,35) width 400: "\x{3044}\x{3066}\x{3044}\x{308B}\x{3068}\x{8A55}\x{3057}\x{3066}\x{3082}\x{3088}\x{3044}\x{3002}\x{8DEF}\x{3092}\x{884C}\x{304F}\x{3068}\x{4E91}\x{308F}\x{3093}\x{3088}\x{308A}\x{5DDD}\x{5E95}\x{3092}"
          RenderRuby (inline) {RUBY} at (0,0) size 17x16
            RenderRubyRun (anonymous) at (1566,434) size 18x18
              RenderRubyText {RT} at (-10,0) size 10x18
                RenderText {#text} at (0,0) size 10x18
                  text run at (0,0) width 18: "\x{308F}\x{305F}"
              RenderRubyBase (anonymous) at (0,0) size 18x18
                RenderInline {RB} at (0,0) size 17x16
                  RenderText {#text} at (0,1) size 17x16
                    text run at (0,1) width 16: "\x{6E09}"
          RenderText {#text} at (1566,451) size 44x483
            text run at (1566,451) width 32: "\x{308B}\x{3068}"
            text run at (1593,0) width 128: "\x{4E91}\x{3046}\x{65B9}\x{304C}\x{9069}\x{5F53}\x{3060}\x{3002}"
          RenderRuby (inline) {RUBY} at (0,0) size 17x16
            RenderRubyRun (anonymous) at (1593,127) size 18x18
              RenderRubyText {RT} at (-10,0) size 10x18
                RenderText {#text} at (0,0) size 10x18
                  text run at (0,0) width 18: "\x{3082}\x{3068}"
              RenderRubyBase (anonymous) at (0,0) size 18x18
                RenderInline {RB} at (0,0) size 17x16
                  RenderText {#text} at (0,1) size 17x16
                    text run at (0,1) width 16: "\x{56FA}"
          RenderText {#text} at (1593,144) size 17x256
            text run at (1593,144) width 256: "\x{3088}\x{308A}\x{6025}\x{3050}\x{65C5}\x{3067}\x{306A}\x{3044}\x{304B}\x{3089}\x{3001}\x{3076}\x{3089}\x{3076}\x{3089}\x{3068}"
          RenderRuby (inline) {RUBY} at (0,0) size 17x32
            RenderRubyRun (anonymous) at (1593,398) size 18x36
              RenderRubyText {RT} at (-10,0) size 10x36
                RenderText {#text} at (0,0) size 10x36
                  text run at (0,0) width 36: "\x{306A}\x{306A}\x{307E}\x{304C}"
              RenderRubyBase (anonymous) at (0,0) size 18x36
                RenderInline {RB} at (0,0) size 17x32
                  RenderText {#text} at (0,2) size 17x32
                    text run at (0,2) width 32: "\x{4E03}\x{66F2}"
          RenderText {#text} at (1593,432) size 35x480
            text run at (1593,432) width 48: "\x{308A}\x{3078}\x{304B}"
            text run at (1611,0) width 48: "\x{304B}\x{308B}\x{3002}"
          RenderBR {BR} at (1611,48) size 17x0
          RenderText {#text} at (1638,0) size 17x142
            text run at (1638,0) width 142: "\x{3000}\x{305F}\x{3061}\x{307E}\x{3061}\x{8DB3}\x{306E}\x{4E0B}\x{3067}"
          RenderRuby (inline) {RUBY} at (0,0) size 17x32
            RenderRubyRun (anonymous) at (1638,142) size 18x32
              RenderRubyText {RT} at (-10,0) size 10x32
                RenderText {#text} at (0,2) size 10x28
                  text run at (0,2) width 27: "\x{3072}\x{3070}\x{308A}"
              RenderRubyBase (anonymous) at (0,0) size 18x32
                RenderInline {RB} at (0,0) size 17x32
                  RenderText {#text} at (0,0) size 17x32
                    text run at (0,0) width 32: "\x{96F2}\x{96C0}"
          RenderText {#text} at (1638,174) size 17x158
            text run at (1638,174) width 158: "\x{306E}\x{58F0}\x{304C}\x{3057}\x{51FA}\x{3057}\x{305F}\x{3002}\x{8C37}\x{3092}"
          RenderRuby (inline) {RUBY} at (0,0) size 17x32
            RenderRubyRun (anonymous) at (1638,332) size 18x32
              RenderRubyText {RT} at (-10,0) size 10x32
                RenderText {#text} at (0,2) size 10x28
                  text run at (0,2) width 27: "\x{307F}\x{304A}\x{308D}"
              RenderRubyBase (anonymous) at (0,0) size 18x32
                RenderInline {RB} at (0,0) size 17x32
                  RenderText {#text} at (0,0) size 17x32
                    text run at (0,0) width 32: "\x{898B}\x{4E0B}"
          RenderText {#text} at (1638,364) size 62x480
            text run at (1638,364) width 112: "\x{3057}\x{305F}\x{304C}\x{3001}\x{3069}\x{3053}\x{3067}"
            text run at (1656,0) width 480: "\x{9CF4}\x{3044}\x{3066}\x{308B}\x{304B}\x{5F71}\x{3082}\x{5F62}\x{3082}\x{898B}\x{3048}\x{306C}\x{3002}\x{305F}\x{3060}\x{58F0}\x{3060}\x{3051}\x{304C}\x{660E}\x{3089}\x{304B}\x{306B}\x{805E}\x{3048}\x{308B}\x{3002}\x{305B}\x{3063}\x{305B}"
            text run at (1683,0) width 16: "\x{3068}"
          RenderRuby (inline) {RUBY} at (0,0) size 17x16
            RenderRubyRun (anonymous) at (1683,15) size 18x18
              RenderRubyText {RT} at (-10,0) size 10x18
                RenderText {#text} at (0,0) size 10x18
                  text run at (0,0) width 18: "\x{305B}\x{308F}"
              RenderRubyBase (anonymous) at (0,0) size 18x18
                RenderInline {RB} at (0,0) size 17x16
                  RenderText {#text} at (0,1) size 17x16
                    text run at (0,1) width 16: "\x{5FD9}"
          RenderText {#text} at (1683,32) size 17x48
            text run at (1683,32) width 48: "\x{3057}\x{304F}\x{3001}"
          RenderRuby (inline) {RUBY} at (0,0) size 17x32
            RenderRubyRun (anonymous) at (1683,80) size 18x32
              RenderRubyText {RT} at (-10,0) size 10x32
                RenderText {#text} at (0,2) size 10x28
                  text run at (0,2) width 27: "\x{305F}\x{3048}\x{307E}"
              RenderRubyBase (anonymous) at (0,0) size 18x32
                RenderInline {RB} at (0,0) size 17x32
                  RenderText {#text} at (0,0) size 17x32
                    text run at (0,0) width 32: "\x{7D76}\x{9593}"
          RenderText {#text} at (1683,112) size 17x128
            text run at (1683,112) width 128: "\x{306A}\x{304F}\x{9CF4}\x{3044}\x{3066}\x{3044}\x{308B}\x{3002}"
          RenderRuby (inline) {RUBY} at (0,0) size 17x48
            RenderRubyRun (anonymous) at (1683,240) size 18x48
              RenderRubyText {RT} at (-10,0) size 10x48
                RenderText {#text} at (0,1) size 10x46
                  text run at (0,1) width 45: "\x{307B}\x{3046}\x{3044}\x{304F}\x{308A}"
              RenderRubyBase (anonymous) at (0,0) size 18x48
                RenderInline {RB} at (0,0) size 17x48
                  RenderText {#text} at (0,0) size 17x48
                    text run at (0,0) width 48: "\x{65B9}\x{5E7E}\x{91CC}"
          RenderText {#text} at (1683,288) size 17x110
            text run at (1683,288) width 110: "\x{306E}\x{7A7A}\x{6C17}\x{304C}\x{4E00}\x{9762}\x{306B}"
          RenderRuby (inline) {RUBY} at (0,0) size 17x17
            RenderRubyRun (anonymous) at (1683,398) size 18x17
              RenderRubyText {RT} at (-10,0) size 10x17
                RenderText {#text} at (0,0) size 10x17
                  text run at (0,0) width 17: "\x{306E}\x{307F}"
              RenderRubyBase (anonymous) at (0,0) size 18x17
                RenderInline {RB} at (0,0) size 17x17
                  RenderText {#text} at (0,0) size 17x17
                    text run at (0,0) width 16: "\x{86A4}"
          RenderText {#text} at (1683,415) size 44x479
            text run at (1683,415) width 64: "\x{306B}\x{523A}\x{3055}\x{308C}"
            text run at (1710,0) width 348: "\x{3066}\x{3044}\x{305F}\x{305F}\x{307E}\x{308C}\x{306A}\x{3044}\x{3088}\x{3046}\x{306A}\x{6C17}\x{304C}\x{3059}\x{308B}\x{3002}\x{3042}\x{306E}\x{9CE5}\x{306E}\x{9CF4}\x{304F}"
          RenderRuby (inline) {RUBY} at (0,0) size 17x16
            RenderRubyRun (anonymous) at (1710,348) size 18x16
              RenderRubyText {RT} at (-10,0) size 10x16
                RenderText {#text} at (0,3) size 10x10
                  text run at (0,3) width 9: "\x{306D}"
              RenderRubyBase (anonymous) at (0,0) size 18x16
                RenderInline {RB} at (0,0) size 17x16
                  RenderText {#text} at (0,0) size 17x16
                    text run at (0,0) width 16: "\x{97F3}"
          RenderText {#text} at (1710,364) size 98x490
            text run at (1710,364) width 126: "\x{306B}\x{306F}\x{77AC}\x{6642}\x{306E}\x{4F59}\x{88D5}\x{3082}"
            text run at (1728,0) width 476: "\x{306A}\x{3044}\x{3002}\x{306E}\x{3069}\x{304B}\x{306A}\x{6625}\x{306E}\x{65E5}\x{3092}\x{9CF4}\x{304D}\x{5C3D}\x{304F}\x{3057}\x{3001}\x{9CF4}\x{304D}\x{3042}\x{304B}\x{3057}\x{3001}\x{307E}\x{305F}\x{9CF4}\x{304D}\x{66AE}\x{3089}\x{3055}"
            text run at (1746,0) width 478: "\x{306A}\x{3051}\x{308C}\x{3070}\x{6C17}\x{304C}\x{6E08}\x{307E}\x{3093}\x{3068}\x{898B}\x{3048}\x{308B}\x{3002}\x{305D}\x{306E}\x{4E0A}\x{3069}\x{3053}\x{307E}\x{3067}\x{3082}\x{767B}\x{3063}\x{3066}\x{884C}\x{304F}\x{3001}\x{3044}\x{3064}"
            text run at (1764,0) width 478: "\x{307E}\x{3067}\x{3082}\x{767B}\x{3063}\x{3066}\x{884C}\x{304F}\x{3002}\x{96F2}\x{96C0}\x{306F}\x{304D}\x{3063}\x{3068}\x{96F2}\x{306E}\x{4E2D}\x{3067}\x{6B7B}\x{306C}\x{306B}\x{76F8}\x{9055}\x{306A}\x{3044}\x{3002}\x{767B}\x{308A}\x{8A70}"
            text run at (1791,0) width 32: "\x{3081}\x{305F}"
          RenderRuby (inline) {RUBY} at (0,0) size 17x32
            RenderRubyRun (anonymous) at (1791,32) size 18x32
              RenderRubyText {RT} at (-10,0) size 10x32
                RenderText {#text} at (0,2) size 10x28
                  text run at (0,2) width 27: "\x{3042}\x{3052}\x{304F}"
              RenderRubyBase (anonymous) at (0,0) size 18x32
                RenderInline {RB} at (0,0) size 17x32
                  RenderText {#text} at (0,0) size 17x32
                    text run at (0,0) width 32: "\x{63DA}\x{53E5}"
          RenderText {#text} at (1791,64) size 17x112
            text run at (1791,64) width 112: "\x{306F}\x{3001}\x{6D41}\x{308C}\x{3066}\x{96F2}\x{306B}"
          RenderRuby (inline) {RUBY} at (0,0) size 17x16
            RenderRubyRun (anonymous) at (1791,176) size 18x16
              RenderRubyText {RT} at (-10,0) size 10x16
                RenderText {#text} at (0,3) size 10x10
                  text run at (0,3) width 9: "\x{3044}"
              RenderRubyBase (anonymous) at (0,0) size 18x16
                RenderInline {RB} at (0,0) size 17x16
                  RenderText {#text} at (0,0) size 17x16
                    text run at (0,0) width 16: "\x{5165}"
          RenderText {#text} at (1791,192) size 17x48
            text run at (1791,192) width 48: "\x{3063}\x{3066}\x{3001}"
          RenderRuby (inline) {RUBY} at (0,0) size 17x19
            RenderRubyRun (anonymous) at (1791,236) size 18x27
              RenderRubyText {RT} at (-10,0) size 10x27
                RenderText {#text} at (0,0) size 10x27
                  text run at (0,0) width 27: "\x{305F}\x{3060}\x{3088}"
              RenderRubyBase (anonymous) at (0,0) size 18x27
                RenderInline {RB} at (0,0) size 17x17
                  RenderText {#text} at (0,5) size 17x17
                    text run at (0,5) width 16: "\x{6F02}"
          RenderText {#text} at (1791,259) size 44x483
            text run at (1791,259) width 224: "\x{3046}\x{3066}\x{3044}\x{308B}\x{3046}\x{3061}\x{306B}\x{5F62}\x{306F}\x{6D88}\x{3048}\x{3066}\x{306A}\x{304F}"
            text run at (1818,0) width 190: "\x{306A}\x{3063}\x{3066}\x{3001}\x{305F}\x{3060}\x{58F0}\x{3060}\x{3051}\x{304C}\x{7A7A}\x{306E}"
          RenderRuby (inline) {RUBY} at (0,0) size 17x16
            RenderRubyRun (anonymous) at (1818,189) size 18x18
              RenderRubyText {RT} at (-10,0) size 10x18
                RenderText {#text} at (0,0) size 10x18
                  text run at (0,0) width 18: "\x{3046}\x{3061}"
              RenderRubyBase (anonymous) at (0,0) size 18x18
                RenderInline {RB} at (0,0) size 17x16
                  RenderText {#text} at (0,1) size 17x16
                    text run at (0,1) width 16: "\x{88E1}"
          RenderText {#text} at (1818,206) size 17x174
            text run at (1818,206) width 174: "\x{306B}\x{6B8B}\x{308B}\x{306E}\x{304B}\x{3082}\x{77E5}\x{308C}\x{306A}\x{3044}\x{3002}"
          RenderBR {BR} at (1818,380) size 17x0
          RenderText {#text} at (1845,0) size 17x16
            text run at (1845,0) width 16: "\x{3000}"
          RenderRuby (inline) {RUBY} at (0,0) size 17x32
            RenderRubyRun (anonymous) at (1845,14) size 18x36
              RenderRubyText {RT} at (-10,0) size 10x36
                RenderText {#text} at (0,0) size 10x36
                  text run at (0,0) width 36: "\x{3044}\x{308F}\x{304B}\x{3069}"
              RenderRubyBase (anonymous) at (0,0) size 18x36
                RenderInline {RB} at (0,0) size 17x32
                  RenderText {#text} at (0,2) size 17x32
                    text run at (0,2) width 32: "\x{5DCC}\x{89D2}"
          RenderText {#text} at (1845,48) size 17x128
            text run at (1845,48) width 128: "\x{3092}\x{92ED}\x{3069}\x{304F}\x{5EFB}\x{3063}\x{3066}\x{3001}"
          RenderRuby (inline) {RUBY} at (0,0) size 17x32
            RenderRubyRun (anonymous) at (1845,176) size 18x32
              RenderRubyText {RT} at (-10,0) size 10x32
                RenderText {#text} at (0,2) size 10x28
                  text run at (0,2) width 27: "\x{3042}\x{3093}\x{307E}"
              RenderRubyBase (anonymous) at (0,0) size 18x32
                RenderInline {RB} at (0,0) size 17x32
                  RenderText {#text} at (0,0) size 17x32
                    text run at (0,0) width 32: "\x{6309}\x{6469}"
          RenderText {#text} at (1845,208) size 17x32
            text run at (1845,208) width 32: "\x{306A}\x{3089}"
          RenderRuby (inline) {RUBY} at (0,0) size 17x48
            RenderRubyRun (anonymous) at (1845,237) size 18x54
              RenderRubyText {RT} at (-10,0) size 10x54
                RenderText {#text} at (0,0) size 10x54
                  text run at (0,0) width 54: "\x{307E}\x{3063}\x{3055}\x{304B}\x{3055}\x{307E}"
              RenderRubyBase (anonymous) at (0,0) size 18x54
                RenderInline {RB} at (0,0) size 17x48
                  RenderText {#text} at (0,3) size 17x48
                    text run at (0,3) width 48: "\x{771F}\x{9006}\x{69D8}"
          RenderText {#text} at (1845,288) size 17x144
            text run at (1845,288) width 144: "\x{306B}\x{843D}\x{3064}\x{308B}\x{3068}\x{3053}\x{308D}\x{3092}\x{3001}"
          RenderRuby (inline) {RUBY} at (0,0) size 17x16
            RenderRubyRun (anonymous) at (1845,431) size 18x18
              RenderRubyText {RT} at (-10,0) size 10x18
                RenderText {#text} at (0,0) size 10x18
                  text run at (0,0) width 18: "\x{304D}\x{308F}"
              RenderRubyBase (anonymous) at (0,0) size 18x18
                RenderInline {RB} at (0,0) size 17x16
                  RenderText {#text} at (0,1) size 17x16
                    text run at (0,1) width 16: "\x{969B}"
          RenderText {#text} at (1845,448) size 44x480
            text run at (1845,448) width 32: "\x{3069}\x{304F}"
            text run at (1872,0) width 128: "\x{53F3}\x{3078}\x{5207}\x{308C}\x{3066}\x{3001}\x{6A2A}\x{306B}"
          RenderRuby (inline) {RUBY} at (0,0) size 17x32
            RenderRubyRun (anonymous) at (1872,128) size 18x32
              RenderRubyText {RT} at (-10,0) size 10x32
                RenderText {#text} at (0,2) size 10x28
                  text run at (0,2) width 27: "\x{307F}\x{304A}\x{308D}"
              RenderRubyBase (anonymous) at (0,0) size 18x32
                RenderInline {RB} at (0,0) size 17x32
                  RenderText {#text} at (0,0) size 17x32
                    text run at (0,0) width 32: "\x{898B}\x{4E0B}"
          RenderText {#text} at (1872,160) size 17x48
            text run at (1872,160) width 48: "\x{3059}\x{3068}\x{3001}"
          RenderRuby (inline) {RUBY} at (0,0) size 17x16
            RenderRubyRun (anonymous) at (1872,208) size 18x16
              RenderRubyText {RT} at (-10,0) size 10x16
                RenderText {#text} at (0,3) size 10x10
                  text run at (0,3) width 9: "\x{306A}"
              RenderRubyBase (anonymous) at (0,0) size 18x16
                RenderInline {RB} at (0,0) size 17x16
                  RenderText {#text} at (0,0) size 17x16
                    text run at (0,0) width 16: "\x{83DC}"
          RenderText {#text} at (1872,224) size 44x478
            text run at (1872,224) width 254: "\x{306E}\x{82B1}\x{304C}\x{4E00}\x{9762}\x{306B}\x{898B}\x{3048}\x{308B}\x{3002}\x{96F2}\x{96C0}\x{306F}\x{3042}\x{3059}\x{3053}"
            text run at (1899,0) width 268: "\x{3078}\x{843D}\x{3061}\x{308B}\x{306E}\x{304B}\x{3068}\x{601D}\x{3063}\x{305F}\x{3002}\x{3044}\x{3044}\x{3084}\x{3001}\x{3042}\x{306E}"
          RenderRuby (inline) {RUBY} at (0,0) size 17x32
            RenderRubyRun (anonymous) at (1899,268) size 18x32
              RenderRubyText {RT} at (-10,0) size 10x32
                RenderText {#text} at (0,2) size 10x28
                  text run at (0,2) width 27: "\x{3053}\x{304C}\x{306D}"
              RenderRubyBase (anonymous) at (0,0) size 18x32
                RenderInline {RB} at (0,0) size 17x32
                  RenderText {#text} at (0,0) size 17x32
                    text run at (0,0) width 32: "\x{9EC4}\x{91D1}"
          RenderText {#text} at (1899,300) size 44x490
            text run at (1899,300) width 190: "\x{306E}\x{539F}\x{304B}\x{3089}\x{98DB}\x{3073}\x{4E0A}\x{304C}\x{3063}\x{3066}\x{304F}\x{308B}"
            text run at (1926,0) width 270: "\x{306E}\x{304B}\x{3068}\x{601D}\x{3063}\x{305F}\x{3002}\x{6B21}\x{306B}\x{306F}\x{843D}\x{3061}\x{308B}\x{96F2}\x{96C0}\x{3068}\x{3001}"
          RenderRuby (inline) {RUBY} at (0,0) size 17x16
            RenderRubyRun (anonymous) at (1926,269) size 18x18
              RenderRubyText {RT} at (-10,0) size 10x18
                RenderText {#text} at (0,0) size 10x18
                  text run at (0,0) width 18: "\x{3042}\x{304C}"
              RenderRubyBase (anonymous) at (0,0) size 18x18
                RenderInline {RB} at (0,0) size 17x16
                  RenderText {#text} at (0,1) size 17x16
                    text run at (0,1) width 16: "\x{4E0A}"
          RenderText {#text} at (1926,286) size 17x16
            text run at (1926,286) width 16: "\x{308B}"
          RenderRuby (inline) {RUBY} at (0,0) size 17x32
            RenderRubyRun (anonymous) at (1926,302) size 18x32
              RenderRubyText {RT} at (-10,0) size 10x32
                RenderText {#text} at (0,2) size 10x28
                  text run at (0,2) width 27: "\x{3072}\x{3070}\x{308A}"
              RenderRubyBase (anonymous) at (0,0) size 18x32
                RenderInline {RB} at (0,0) size 17x32
                  RenderText {#text} at (0,0) size 17x32
                    text run at (0,0) width 32: "\x{96F2}\x{96C0}"
          RenderText {#text} at (1926,334) size 44x478
            text run at (1926,334) width 144: "\x{304C}\x{5341}\x{6587}\x{5B57}\x{306B}\x{3059}\x{308C}\x{9055}\x{3046}"
            text run at (1953,0) width 446: "\x{306E}\x{304B}\x{3068}\x{601D}\x{3063}\x{305F}\x{3002}\x{6700}\x{5F8C}\x{306B}\x{3001}\x{843D}\x{3061}\x{308B}\x{6642}\x{3082}\x{3001}\x{4E0A}\x{308B}\x{6642}\x{3082}\x{3001}\x{307E}\x{305F}\x{5341}\x{6587}\x{5B57}\x{306B}"
          RenderRuby (inline) {RUBY} at (0,0) size 17x16
            RenderRubyRun (anonymous) at (1953,446) size 18x16
              RenderRubyText {RT} at (-10,0) size 10x16
                RenderText {#text} at (0,3) size 10x10
                  text run at (0,3) width 9: "\x{3059}"
              RenderRubyBase (anonymous) at (0,0) size 18x16
                RenderInline {RB} at (0,0) size 17x16
                  RenderText {#text} at (0,0) size 17x16
                    text run at (0,0) width 16: "\x{64E6}"
          RenderText {#text} at (1953,462) size 35x478
            text run at (1953,462) width 16: "\x{308C}"
            text run at (1971,0) width 384: "\x{9055}\x{3046}\x{3068}\x{304D}\x{306B}\x{3082}\x{5143}\x{6C17}\x{3088}\x{304F}\x{9CF4}\x{304D}\x{3064}\x{3065}\x{3051}\x{308B}\x{3060}\x{308D}\x{3046}\x{3068}\x{601D}\x{3063}\x{305F}\x{3002}"
          RenderBR {BR} at (1971,384) size 17x0
          RenderText {#text} at (1998,0) size 17x192
            text run at (1998,0) width 192: "\x{3000}\x{6625}\x{306F}\x{7720}\x{304F}\x{306A}\x{308B}\x{3002}\x{732B}\x{306F}\x{9F20}\x{3092}"
          RenderRuby (inline) {RUBY} at (0,0) size 17x16
            RenderRubyRun (anonymous) at (1998,192) size 18x16
              RenderRubyText {RT} at (-10,0) size 10x16
                RenderText {#text} at (0,3) size 10x10
                  text run at (0,3) width 9: "\x{3068}"
              RenderRubyBase (anonymous) at (0,0) size 18x16
                RenderInline {RB} at (0,0) size 17x16
                  RenderText {#text} at (0,0) size 17x16
                    text run at (0,0) width 16: "\x{6355}"
          RenderText {#text} at (1998,208) size 44x478
            text run at (1998,208) width 270: "\x{308B}\x{4E8B}\x{3092}\x{5FD8}\x{308C}\x{3001}\x{4EBA}\x{9593}\x{306F}\x{501F}\x{91D1}\x{306E}\x{3042}\x{308B}\x{4E8B}\x{3092}\x{5FD8}"
            text run at (2025,0) width 142: "\x{308C}\x{308B}\x{3002}\x{6642}\x{306B}\x{306F}\x{81EA}\x{5206}\x{306E}"
          RenderRuby (inline) {RUBY} at (0,0) size 17x28
            RenderRubyRun (anonymous) at (2025,138) size 18x36
              RenderRubyText {RT} at (-10,0) size 10x36
                RenderText {#text} at (0,0) size 10x36
                  text run at (0,0) width 36: "\x{305F}\x{307E}\x{3057}\x{3044}"
              RenderRubyBase (anonymous) at (0,0) size 18x36
                RenderInline {RB} at (0,0) size 17x16
                  RenderText {#text} at (0,10) size 17x16
                    text run at (0,10) width 16: "\x{9B42}"
          RenderText {#text} at (2025,170) size 17x14
            text run at (2025,170) width 14: "\x{306E}"
          RenderRuby (inline) {RUBY} at (0,0) size 17x32
            RenderRubyRun (anonymous) at (2025,182) size 18x36
              RenderRubyText {RT} at (-10,0) size 10x36
                RenderText {#text} at (0,0) size 10x36
                  text run at (0,0) width 36: "\x{3044}\x{3069}\x{3053}\x{308D}"
              RenderRubyBase (anonymous) at (0,0) size 18x36
                RenderInline {RB} at (0,0) size 17x32
                  RenderText {#text} at (0,2) size 17x32
                    text run at (0,2) width 32: "\x{5C45}\x{6240}"
          RenderText {#text} at (2025,216) size 44x486
            text run at (2025,216) width 270: "\x{3055}\x{3048}\x{5FD8}\x{308C}\x{3066}\x{6B63}\x{4F53}\x{306A}\x{304F}\x{306A}\x{308B}\x{3002}\x{305F}\x{3060}\x{83DC}\x{306E}\x{82B1}"
            text run at (2052,0) width 176: "\x{3092}\x{9060}\x{304F}\x{671B}\x{3093}\x{3060}\x{3068}\x{304D}\x{306B}\x{773C}\x{304C}"
          RenderRuby (inline) {RUBY} at (0,0) size 17x16
            RenderRubyRun (anonymous) at (2052,176) size 18x16
              RenderRubyText {RT} at (-10,0) size 10x16
                RenderText {#text} at (0,3) size 10x10
                  text run at (0,3) width 9: "\x{3055}"
              RenderRubyBase (anonymous) at (0,0) size 18x16
                RenderInline {RB} at (0,0) size 17x16
                  RenderText {#text} at (0,0) size 17x16
                    text run at (0,0) width 16: "\x{9192}"
          RenderText {#text} at (2052,192) size 44x476
            text run at (2052,192) width 284: "\x{3081}\x{308B}\x{3002}\x{96F2}\x{96C0}\x{306E}\x{58F0}\x{3092}\x{805E}\x{3044}\x{305F}\x{3068}\x{304D}\x{306B}\x{9B42}\x{306E}\x{3042}\x{308A}"
            text run at (2079,0) width 32: "\x{304B}\x{304C}"
          RenderRuby (inline) {RUBY} at (0,0) size 17x32
            RenderRubyRun (anonymous) at (2079,30) size 18x36
              RenderRubyText {RT} at (-10,0) size 10x36
                RenderText {#text} at (0,0) size 10x36
                  text run at (0,0) width 36: "\x{306F}\x{3093}\x{305C}\x{3093}"
              RenderRubyBase (anonymous) at (0,0) size 18x36
                RenderInline {RB} at (0,0) size 17x32
                  RenderText {#text} at (0,2) size 17x32
                    text run at (0,2) width 32: "\x{5224}\x{7136}"
          RenderText {#text} at (2079,64) size 71x488
            text run at (2079,64) width 424: "\x{3059}\x{308B}\x{3002}\x{96F2}\x{96C0}\x{306E}\x{9CF4}\x{304F}\x{306E}\x{306F}\x{53E3}\x{3067}\x{9CF4}\x{304F}\x{306E}\x{3067}\x{306F}\x{306A}\x{3044}\x{3001}\x{9B42}\x{5168}\x{4F53}\x{304C}\x{9CF4}\x{304F}\x{306E}"
            text run at (2097,0) width 488: "\x{3060}\x{3002}\x{9B42}\x{306E}\x{6D3B}\x{52D5}\x{304C}\x{58F0}\x{306B}\x{3042}\x{3089}\x{308F}\x{308C}\x{305F}\x{3082}\x{306E}\x{306E}\x{3046}\x{3061}\x{3067}\x{3001}\x{3042}\x{308C}\x{307B}\x{3069}\x{5143}\x{6C17}\x{306E}\x{3042}\x{308B}\x{3082}"
            text run at (2115,0) width 460: "\x{306E}\x{306F}\x{306A}\x{3044}\x{3002}\x{3042}\x{3042}\x{6109}\x{5FEB}\x{3060}\x{3002}\x{3053}\x{3046}\x{601D}\x{3063}\x{3066}\x{3001}\x{3053}\x{3046}\x{6109}\x{5FEB}\x{306B}\x{306A}\x{308B}\x{306E}\x{304C}\x{8A69}\x{3067}\x{3042}"
            text run at (2133,0) width 32: "\x{308B}\x{3002}"
          RenderBR {BR} at (2133,32) size 17x0
          RenderText {#text} at (2151,0) size 44x490
            text run at (2151,0) width 490: "\x{3000}\x{305F}\x{3061}\x{307E}\x{3061}\x{30B7}\x{30A7}\x{30EC}\x{30FC}\x{306E}\x{96F2}\x{96C0}\x{306E}\x{8A69}\x{3092}\x{601D}\x{3044}\x{51FA}\x{3057}\x{3066}\x{3001}\x{53E3}\x{306E}\x{3046}\x{3061}\x{3067}\x{899A}\x{3048}\x{305F}\x{3068}\x{3053}"
            text run at (2178,0) width 48: "\x{308D}\x{3060}\x{3051}"
          RenderRuby (inline) {RUBY} at (0,0) size 17x37
            RenderRubyRun (anonymous) at (2178,44) size 18x45
              RenderRubyText {RT} at (-10,0) size 10x45
                RenderText {#text} at (0,0) size 10x45
                  text run at (0,0) width 45: "\x{3042}\x{3093}\x{3057}\x{3087}\x{3046}"
              RenderRubyBase (anonymous) at (0,0) size 18x45
                RenderInline {RB} at (0,0) size 17x33
                  RenderText {#text} at (0,6) size 17x33
                    text run at (0,6) width 32: "\x{6697}\x{8AA6}"
          RenderText {#text} at (2178,85) size 35x485
            text run at (2178,85) width 400: "\x{3057}\x{3066}\x{898B}\x{305F}\x{304C}\x{3001}\x{899A}\x{3048}\x{3066}\x{3044}\x{308B}\x{3068}\x{3053}\x{308D}\x{306F}\x{4E8C}\x{4E09}\x{53E5}\x{3057}\x{304B}\x{306A}\x{304B}\x{3063}\x{305F}\x{3002}"
            text run at (2196,0) width 266: "\x{305D}\x{306E}\x{4E8C}\x{4E09}\x{53E5}\x{306E}\x{306A}\x{304B}\x{306B}\x{3053}\x{3093}\x{306A}\x{306E}\x{304C}\x{3042}\x{308B}\x{3002}"
          RenderBR {BR} at (2196,266) size 17x0
        RenderBlock {DIV} at (2214,32) size 90x460
          RenderText {#text} at (0,0) size 17x189
            text run at (0,0) width 189: "\x{3000}\x{3000}We look before and after"
          RenderBR {BR} at (0,189) size 17x0
          RenderText {#text} at (18,0) size 17x222
            text run at (18,0) width 222: "\x{3000}\x{3000}\x{3000}\x{3000}And pine for what is not:"
          RenderBR {BR} at (18,222) size 17x0
          RenderText {#text} at (36,0) size 17x170
            text run at (36,0) width 170: "\x{3000}\x{3000}Our sincerest laughter"
          RenderBR {BR} at (36,170) size 17x0
          RenderText {#text} at (54,0) size 17x230
            text run at (54,0) width 230: "\x{3000}\x{3000}\x{3000}\x{3000}With some pain is fraught;"
          RenderBR {BR} at (54,230) size 17x0
          RenderText {#text} at (72,0) size 17x355
            text run at (72,0) width 355: "Our sweetest songs are those that tell of saddest thought."
          RenderBR {BR} at (72,355) size 17x0
        RenderBlock (anonymous) at (2304,0) size 1621x492
          RenderText {#text} at (10,0) size 17x112
            text run at (10,0) width 112: "\x{300C}\x{524D}\x{3092}\x{307F}\x{3066}\x{306F}\x{3001}"
          RenderRuby (inline) {RUBY} at (0,0) size 17x16
            RenderRubyRun (anonymous) at (10,111) size 18x18
              RenderRubyText {RT} at (-10,0) size 10x18
                RenderText {#text} at (0,0) size 10x18
                  text run at (0,0) width 18: "\x{3057}\x{308A}"
              RenderRubyBase (anonymous) at (0,0) size 18x18
                RenderInline {RB} at (0,0) size 17x16
                  RenderText {#text} at (0,1) size 17x16
                    text run at (0,1) width 16: "\x{5F8C}"
          RenderText {#text} at (10,128) size 17x96
            text run at (10,128) width 96: "\x{3048}\x{3092}\x{898B}\x{3066}\x{306F}\x{3001}"
          RenderRuby (inline) {RUBY} at (0,0) size 17x32
            RenderRubyRun (anonymous) at (10,224) size 18x32
              RenderRubyText {RT} at (-10,0) size 10x32
                RenderText {#text} at (0,3) size 10x26
                  text run at (0,3) width 26: "\x{3082}\x{306E}\x{307B}"
              RenderRubyBase (anonymous) at (0,0) size 18x32
                RenderInline {RB} at (0,0) size 17x32
                  RenderText {#text} at (0,0) size 17x32
                    text run at (0,0) width 32: "\x{7269}\x{6B32}"
          RenderText {#text} at (10,256) size 44x480
            text run at (10,256) width 224: "\x{3057}\x{3068}\x{3001}\x{3042}\x{3053}\x{304C}\x{308B}\x{308B}\x{304B}\x{306A}\x{308F}\x{308C}\x{3002}\x{8179}"
            text run at (37,0) width 460: "\x{304B}\x{3089}\x{306E}\x{3001}\x{7B11}\x{3068}\x{3044}\x{3048}\x{3069}\x{3001}\x{82E6}\x{3057}\x{307F}\x{306E}\x{3001}\x{305D}\x{3053}\x{306B}\x{3042}\x{308B}\x{3079}\x{3057}\x{3002}\x{3046}\x{3064}\x{304F}\x{3057}\x{304D}\x{3001}"
          RenderRuby (inline) {RUBY} at (0,0) size 17x17
            RenderRubyRun (anonymous) at (37,459) size 18x18
              RenderRubyText {RT} at (-10,0) size 10x18
                RenderText {#text} at (0,0) size 10x18
                  text run at (0,0) width 18: "\x{304D}\x{308F}"
              RenderRubyBase (anonymous) at (0,0) size 18x18
                RenderInline {RB} at (0,0) size 17x16
                  RenderText {#text} at (0,1) size 17x16
                    text run at (0,1) width 16: "\x{6975}"
          RenderText {#text} at (64,0) size 17x202
            text run at (64,0) width 202: "\x{307F}\x{306E}\x{6B4C}\x{306B}\x{3001}\x{60B2}\x{3057}\x{3055}\x{306E}\x{3001}\x{6975}\x{307F}\x{306E}"
          RenderRuby (inline) {RUBY} at (0,0) size 17x19
            RenderRubyRun (anonymous) at (64,198) size 18x27
              RenderRubyText {RT} at (-10,0) size 10x27
                RenderText {#text} at (0,0) size 10x27
                  text run at (0,0) width 27: "\x{304A}\x{3082}\x{3044}"
              RenderRubyBase (anonymous) at (0,0) size 18x27
                RenderInline {RB} at (0,0) size 17x17
                  RenderText {#text} at (0,5) size 17x17
                    text run at (0,5) width 16: "\x{60F3}"
          RenderText {#text} at (64,221) size 17x16
            text run at (64,221) width 16: "\x{3001}"
          RenderRuby (inline) {RUBY} at (0,0) size 17x16
            RenderRubyRun (anonymous) at (64,236) size 18x18
              RenderRubyText {RT} at (-10,0) size 10x18
                RenderText {#text} at (0,0) size 10x18
                  text run at (0,0) width 18: "\x{3053}\x{3082}"
              RenderRubyBase (anonymous) at (0,0) size 18x18
                RenderInline {RB} at (0,0) size 17x16
                  RenderText {#text} at (0,1) size 17x16
                    text run at (0,1) width 16: "\x{7C60}"
          RenderText {#text} at (64,253) size 17x96
            text run at (64,253) width 96: "\x{308B}\x{3068}\x{305E}\x{77E5}\x{308C}\x{300D}"
          RenderBR {BR} at (64,349) size 17x0
          RenderText {#text} at (82,0) size 44x476
            text run at (82,0) width 476: "\x{3000}\x{306A}\x{308B}\x{307B}\x{3069}\x{3044}\x{304F}\x{3089}\x{8A69}\x{4EBA}\x{304C}\x{5E78}\x{798F}\x{3067}\x{3082}\x{3001}\x{3042}\x{306E}\x{96F2}\x{96C0}\x{306E}\x{3088}\x{3046}\x{306B}\x{601D}\x{3044}\x{5207}\x{3063}\x{3066}\x{3001}"
            text run at (109,0) width 336: "\x{4E00}\x{5FC3}\x{4E0D}\x{4E71}\x{306B}\x{3001}\x{524D}\x{5F8C}\x{3092}\x{5FD8}\x{5374}\x{3057}\x{3066}\x{3001}\x{308F}\x{304C}\x{559C}\x{3073}\x{3092}\x{6B4C}\x{3046}"
          RenderRuby (inline) {RUBY} at (0,0) size 17x16
            RenderRubyRun (anonymous) at (109,335) size 18x18
              RenderRubyText {RT} at (-10,0) size 10x18
                RenderText {#text} at (0,0) size 10x18
                  text run at (0,0) width 18: "\x{308F}\x{3051}"
              RenderRubyBase (anonymous) at (0,0) size 18x18
                RenderInline {RB} at (0,0) size 17x16
                  RenderText {#text} at (0,1) size 17x16
                    text run at (0,1) width 16: "\x{8A33}"
          RenderText {#text} at (109,352) size 44x480
            text run at (109,352) width 128: "\x{306B}\x{306F}\x{884C}\x{304F}\x{307E}\x{3044}\x{3002}\x{897F}"
            text run at (136,0) width 282: "\x{6D0B}\x{306E}\x{8A69}\x{306F}\x{7121}\x{8AD6}\x{306E}\x{4E8B}\x{3001}\x{652F}\x{90A3}\x{306E}\x{8A69}\x{306B}\x{3082}\x{3001}\x{3088}\x{304F}"
          RenderRuby (inline) {RUBY} at (0,0) size 17x32
            RenderRubyRun (anonymous) at (136,280) size 18x36
              RenderRubyText {RT} at (-10,0) size 10x36
                RenderText {#text} at (0,0) size 10x36
                  text run at (0,0) width 36: "\x{3070}\x{3093}\x{3053}\x{304F}"
              RenderRubyBase (anonymous) at (0,0) size 18x36
                RenderInline {RB} at (0,0) size 17x32
                  RenderText {#text} at (0,2) size 17x32
                    text run at (0,2) width 32: "\x{4E07}\x{659B}"
          RenderText {#text} at (136,314) size 17x14
            text run at (136,314) width 14: "\x{306E}"
          RenderRuby (inline) {RUBY} at (0,0) size 17x19
            RenderRubyRun (anonymous) at (136,324) size 18x27
              RenderRubyText {RT} at (-10,0) size 10x27
                RenderText {#text} at (0,0) size 10x27
                  text run at (0,0) width 27: "\x{3046}\x{308C}\x{3044}"
              RenderRubyBase (anonymous) at (0,0) size 18x27
                RenderInline {RB} at (0,0) size 17x17
                  RenderText {#text} at (0,5) size 17x17
                    text run at (0,5) width 16: "\x{6101}"
          RenderText {#text} at (136,347) size 44x475
            text run at (136,347) width 128: "\x{306A}\x{3069}\x{3068}\x{4E91}\x{3046}\x{5B57}\x{304C}\x{3042}"
            text run at (163,0) width 160: "\x{308B}\x{3002}\x{8A69}\x{4EBA}\x{3060}\x{304B}\x{3089}\x{4E07}\x{659B}\x{3067}"
          RenderRuby (inline) {RUBY} at (0,0) size 17x32
            RenderRubyRun (anonymous) at (163,158) size 18x36
              RenderRubyText {RT} at (-10,0) size 10x36
                RenderText {#text} at (0,0) size 10x36
                  text run at (0,0) width 36: "\x{3057}\x{308D}\x{3046}\x{3068}"
              RenderRubyBase (anonymous) at (0,0) size 18x36
                RenderInline {RB} at (0,0) size 17x32
                  RenderText {#text} at (0,2) size 17x32
                    text run at (0,2) width 32: "\x{7D20}\x{4EBA}"
          RenderText {#text} at (163,192) size 17x48
            text run at (163,192) width 48: "\x{306A}\x{3089}\x{4E00}"
          RenderRuby (inline) {RUBY} at (0,0) size 17x16
            RenderRubyRun (anonymous) at (163,239) size 18x18
              RenderRubyText {RT} at (-10,0) size 10x18
                RenderText {#text} at (0,0) size 10x18
                  text run at (0,0) width 18: "\x{3054}\x{3046}"
              RenderRubyBase (anonymous) at (0,0) size 18x18
                RenderInline {RB} at (0,0) size 17x16
                  RenderText {#text} at (0,1) size 17x16
                    text run at (0,1) width 16: "\x{5408}"
          RenderText {#text} at (163,256) size 44x480
            text run at (163,256) width 224: "\x{3067}\x{6E08}\x{3080}\x{304B}\x{3082}\x{77E5}\x{308C}\x{306C}\x{3002}\x{3057}\x{3066}\x{898B}\x{308B}\x{3068}"
            text run at (190,0) width 222: "\x{8A69}\x{4EBA}\x{306F}\x{5E38}\x{306E}\x{4EBA}\x{3088}\x{308A}\x{3082}\x{82E6}\x{52B4}\x{6027}\x{3067}\x{3001}"
          RenderRuby (inline) {RUBY} at (0,0) size 17x32
            RenderRubyRun (anonymous) at (190,220) size 18x36
              RenderRubyText {RT} at (-10,0) size 10x36
                RenderText {#text} at (0,0) size 10x36
                  text run at (0,0) width 36: "\x{307C}\x{3093}\x{3053}\x{3064}"
              RenderRubyBase (anonymous) at (0,0) size 18x36
                RenderInline {RB} at (0,0) size 17x32
                  RenderText {#text} at (0,2) size 17x32
                    text run at (0,2) width 32: "\x{51E1}\x{9AA8}"
          RenderText {#text} at (190,254) size 44x490
            text run at (190,254) width 236: "\x{306E}\x{500D}\x{4EE5}\x{4E0A}\x{306B}\x{795E}\x{7D4C}\x{304C}\x{92ED}\x{654F}\x{306A}\x{306E}\x{304B}\x{3082}\x{77E5}"
            text run at (217,0) width 268: "\x{308C}\x{3093}\x{3002}\x{8D85}\x{4FD7}\x{306E}\x{559C}\x{3073}\x{3082}\x{3042}\x{308D}\x{3046}\x{304C}\x{3001}\x{7121}\x{91CF}\x{306E}"
          RenderRuby (inline) {RUBY} at (0,0) size 17x28
            RenderRubyRun (anonymous) at (217,264) size 18x36
              RenderRubyText {RT} at (-10,0) size 10x36
                RenderText {#text} at (0,0) size 10x36
                  text run at (0,0) width 36: "\x{304B}\x{306A}\x{3057}\x{307F}"
              RenderRubyBase (anonymous) at (0,0) size 18x36
                RenderInline {RB} at (0,0) size 17x16
                  RenderText {#text} at (0,10) size 17x16
                    text run at (0,10) width 16: "\x{60B2}"
          RenderText {#text} at (217,296) size 35x488
            text run at (217,296) width 192: "\x{3082}\x{591A}\x{304B}\x{308D}\x{3046}\x{3002}\x{305D}\x{3093}\x{306A}\x{3089}\x{3070}\x{8A69}"
            text run at (235,0) width 174: "\x{4EBA}\x{306B}\x{306A}\x{308B}\x{306E}\x{3082}\x{8003}\x{3048}\x{7269}\x{3060}\x{3002}"
          RenderBR {BR} at (235,174) size 17x0
          RenderText {#text} at (262,0) size 17x128
            text run at (262,0) width 128: "\x{3000}\x{3057}\x{3070}\x{3089}\x{304F}\x{306F}\x{8DEF}\x{304C}"
          RenderRuby (inline) {RUBY} at (0,0) size 17x19
            RenderRubyRun (anonymous) at (262,124) size 18x27
              RenderRubyText {RT} at (-10,0) size 10x27
                RenderText {#text} at (0,0) size 10x27
                  text run at (0,0) width 27: "\x{305F}\x{3044}\x{3089}"
              RenderRubyBase (anonymous) at (0,0) size 18x27
                RenderInline {RB} at (0,0) size 17x17
                  RenderText {#text} at (0,5) size 17x17
                    text run at (0,5) width 16: "\x{5E73}"
          RenderText {#text} at (262,147) size 17x64
            text run at (262,147) width 64: "\x{3067}\x{3001}\x{53F3}\x{306F}"
          RenderRuby (inline) {RUBY} at (0,0) size 17x48
            RenderRubyRun (anonymous) at (262,211) size 18x48
              RenderRubyText {RT} at (-10,0) size 10x48
                RenderText {#text} at (0,1) size 10x46
                  text run at (0,1) width 45: "\x{305E}\x{3046}\x{304D}\x{3084}\x{307E}"
              RenderRubyBase (anonymous) at (0,0) size 18x48
                RenderInline {RB} at (0,0) size 17x48
                  RenderText {#text} at (0,0) size 17x48
                    text run at (0,0) width 48: "\x{96D1}\x{6728}\x{5C71}"
          RenderText {#text} at (262,259) size 44x463
            text run at (262,259) width 204: "\x{3001}\x{5DE6}\x{306F}\x{83DC}\x{306E}\x{82B1}\x{306E}\x{898B}\x{3064}\x{3065}\x{3051}\x{3067}\x{3042}"
            text run at (289,0) width 126: "\x{308B}\x{3002}\x{8DB3}\x{306E}\x{4E0B}\x{306B}\x{6642}\x{3005}"
          RenderRuby (inline) {RUBY} at (0,0) size 17x48
            RenderRubyRun (anonymous) at (289,126) size 18x48
              RenderRubyText {RT} at (-10,0) size 10x48
                RenderText {#text} at (0,6) size 10x36
                  text run at (0,6) width 36: "\x{305F}\x{3093}\x{307D}\x{307D}"
              RenderRubyBase (anonymous) at (0,0) size 18x48
                RenderInline {RB} at (0,0) size 17x48
                  RenderText {#text} at (0,0) size 17x48
                    text run at (0,0) width 48: "\x{84B2}\x{516C}\x{82F1}"
          RenderText {#text} at (289,174) size 17x112
            text run at (289,174) width 112: "\x{3092}\x{8E0F}\x{307F}\x{3064}\x{3051}\x{308B}\x{3002}"
          RenderRuby (inline) {RUBY} at (0,0) size 17x27
            RenderRubyRun (anonymous) at (289,282) size 18x35
              RenderRubyText {RT} at (-10,0) size 10x35
                RenderText {#text} at (0,0) size 10x35
                  text run at (0,0) width 35: "\x{306E}\x{3053}\x{304E}\x{308A}"
              RenderRubyBase (anonymous) at (0,0) size 18x35
                RenderInline {RB} at (0,0) size 17x17
                  RenderText {#text} at (0,9) size 17x17
                    text run at (0,9) width 16: "\x{92F8}"
          RenderText {#text} at (289,313) size 44x487
            text run at (289,313) width 174: "\x{306E}\x{3088}\x{3046}\x{306A}\x{8449}\x{304C}\x{9060}\x{616E}\x{306A}\x{304F}\x{56DB}"
            text run at (316,0) width 174: "\x{65B9}\x{3078}\x{306E}\x{3057}\x{3066}\x{771F}\x{4E2D}\x{306B}\x{9EC4}\x{8272}\x{306A}"
          RenderRuby (inline) {RUBY} at (0,0) size 17x16
            RenderRubyRun (anonymous) at (316,173) size 18x18
              RenderRubyText {RT} at (-10,0) size 10x18
                RenderText {#text} at (0,0) size 10x18
                  text run at (0,0) width 18: "\x{305F}\x{307E}"
              RenderRubyBase (anonymous) at (0,0) size 18x18
                RenderInline {RB} at (0,0) size 17x16
                  RenderText {#text} at (0,1) size 17x16
                    text run at (0,1) width 16: "\x{73E0}"
          RenderText {#text} at (316,190) size 62x478
            text run at (316,190) width 270: "\x{3092}\x{64C1}\x{8B77}\x{3057}\x{3066}\x{3044}\x{308B}\x{3002}\x{83DC}\x{306E}\x{82B1}\x{306B}\x{6C17}\x{3092}\x{3068}\x{3089}\x{308C}"
            text run at (334,0) width 478: "\x{3066}\x{3001}\x{8E0F}\x{307F}\x{3064}\x{3051}\x{305F}\x{3042}\x{3068}\x{3067}\x{3001}\x{6C17}\x{306E}\x{6BD2}\x{306A}\x{4E8B}\x{3092}\x{3057}\x{305F}\x{3068}\x{3001}\x{632F}\x{308A}\x{5411}\x{3044}\x{3066}\x{898B}\x{308B}\x{3068}\x{3001}"
            text run at (361,0) width 238: "\x{9EC4}\x{8272}\x{306A}\x{73E0}\x{306F}\x{4F9D}\x{7136}\x{3068}\x{3057}\x{3066}\x{92F8}\x{306E}\x{306A}\x{304B}\x{306B}"
          RenderRuby (inline) {RUBY} at (0,0) size 17x32
            RenderRubyRun (anonymous) at (361,238) size 18x32
              RenderRubyText {RT} at (-10,0) size 10x32
                RenderText {#text} at (0,2) size 10x28
                  text run at (0,2) width 27: "\x{3061}\x{3093}\x{3056}"
              RenderRubyBase (anonymous) at (0,0) size 18x32
                RenderInline {RB} at (0,0) size 17x32
                  RenderText {#text} at (0,0) size 17x32
                    text run at (0,0) width 32: "\x{93AE}\x{5EA7}"
          RenderText {#text} at (361,270) size 17x80
            text run at (361,270) width 80: "\x{3057}\x{3066}\x{3044}\x{308B}\x{3002}"
          RenderRuby (inline) {RUBY} at (0,0) size 17x32
            RenderRubyRun (anonymous) at (361,350) size 18x32
              RenderRubyText {RT} at (-10,0) size 10x32
                RenderText {#text} at (0,3) size 10x26
                  text run at (0,3) width 26: "\x{306E}\x{3093}\x{304D}"
              RenderRubyBase (anonymous) at (0,0) size 18x32
                RenderInline {RB} at (0,0) size 17x32
                  RenderText {#text} at (0,0) size 17x32
                    text run at (0,0) width 32: "\x{5451}\x{6C17}"
          RenderText {#text} at (361,382) size 35x476
            text run at (361,382) width 94: "\x{306A}\x{3082}\x{306E}\x{3060}\x{3002}\x{307E}"
            text run at (379,0) width 144: "\x{305F}\x{8003}\x{3048}\x{3092}\x{3064}\x{3065}\x{3051}\x{308B}\x{3002}"
          RenderBR {BR} at (379,144) size 17x0
          RenderText {#text} at (406,0) size 17x64
            text run at (406,0) width 64: "\x{3000}\x{8A69}\x{4EBA}\x{306B}"
          RenderRuby (inline) {RUBY} at (0,0) size 17x19
            RenderRubyRun (anonymous) at (406,60) size 18x27
              RenderRubyText {RT} at (-10,0) size 10x27
                RenderText {#text} at (0,0) size 10x27
                  text run at (0,0) width 27: "\x{3046}\x{308C}\x{3044}"
              RenderRubyBase (anonymous) at (0,0) size 18x27
                RenderInline {RB} at (0,0) size 17x17
                  RenderText {#text} at (0,5) size 17x17
                    text run at (0,5) width 16: "\x{6182}"
          RenderText {#text} at (406,83) size 17x236
            text run at (406,83) width 236: "\x{306F}\x{3064}\x{304D}\x{3082}\x{306E}\x{304B}\x{3082}\x{77E5}\x{308C}\x{306A}\x{3044}\x{304C}\x{3001}\x{3042}\x{306E}"
          RenderRuby (inline) {RUBY} at (0,0) size 17x32
            RenderRubyRun (anonymous) at (406,319) size 18x32
              RenderRubyText {RT} at (-10,0) size 10x32
                RenderText {#text} at (0,2) size 10x28
                  text run at (0,2) width 27: "\x{3072}\x{3070}\x{308A}"
              RenderRubyBase (anonymous) at (0,0) size 18x32
                RenderInline {RB} at (0,0) size 17x32
                  RenderText {#text} at (0,0) size 17x32
                    text run at (0,0) width 32: "\x{96F2}\x{96C0}"
          RenderText {#text} at (406,351) size 44x479
            text run at (406,351) width 128: "\x{3092}\x{805E}\x{304F}\x{5FC3}\x{6301}\x{306B}\x{306A}\x{308C}"
            text run at (433,0) width 16: "\x{3070}"
          RenderRuby (inline) {RUBY} at (0,0) size 17x32
            RenderRubyRun (anonymous) at (433,16) size 18x32
              RenderRubyText {RT} at (-10,0) size 10x32
                RenderText {#text} at (0,2) size 10x28
                  text run at (0,2) width 27: "\x{307F}\x{3058}\x{3093}"
              RenderRubyBase (anonymous) at (0,0) size 18x32
                RenderInline {RB} at (0,0) size 17x32
                  RenderText {#text} at (0,0) size 17x32
                    text run at (0,0) width 32: "\x{5FAE}\x{5875}"
          RenderText {#text} at (433,48) size 17x14
            text run at (433,48) width 14: "\x{306E}"
          RenderRuby (inline) {RUBY} at (0,0) size 17x16
            RenderRubyRun (anonymous) at (433,62) size 18x16
              RenderRubyText {RT} at (-10,0) size 10x16
                RenderText {#text} at (0,3) size 10x10
                  text run at (0,3) width 9: "\x{304F}"
              RenderRubyBase (anonymous) at (0,0) size 18x16
                RenderInline {RB} at (0,0) size 17x16
                  RenderText {#text} at (0,0) size 17x16
                    text run at (0,0) width 16: "\x{82E6}"
          RenderText {#text} at (433,78) size 17x334
            text run at (433,78) width 334: "\x{3082}\x{306A}\x{3044}\x{3002}\x{83DC}\x{306E}\x{82B1}\x{3092}\x{898B}\x{3066}\x{3082}\x{3001}\x{305F}\x{3060}\x{3046}\x{308C}\x{3057}\x{304F}\x{3066}\x{80F8}\x{304C}"
          RenderRuby (inline) {RUBY} at (0,0) size 17x16
            RenderRubyRun (anonymous) at (433,411) size 18x18
              RenderRubyText {RT} at (-10,0) size 10x18
                RenderText {#text} at (0,0) size 10x18
                  text run at (0,0) width 18: "\x{304A}\x{3069}"
              RenderRubyBase (anonymous) at (0,0) size 18x18
                RenderInline {RB} at (0,0) size 17x16
                  RenderText {#text} at (0,1) size 17x16
                    text run at (0,1) width 16: "\x{8E8D}"
          RenderText {#text} at (433,428) size 62x478
            text run at (433,428) width 48: "\x{308B}\x{3070}\x{304B}"
            text run at (451,0) width 478: "\x{308A}\x{3060}\x{3002}\x{84B2}\x{516C}\x{82F1}\x{3082}\x{305D}\x{306E}\x{901A}\x{308A}\x{3001}\x{685C}\x{3082}\x{2015}\x{2015}\x{685C}\x{306F}\x{3044}\x{3064}\x{304B}\x{898B}\x{3048}\x{306A}\x{304F}\x{306A}\x{3063}\x{305F}\x{3002}\x{3053}"
            text run at (478,0) width 156: "\x{3046}\x{5C71}\x{306E}\x{4E2D}\x{3078}\x{6765}\x{3066}\x{81EA}\x{7136}\x{306E}"
          RenderRuby (inline) {RUBY} at (0,0) size 17x32
            RenderRubyRun (anonymous) at (478,154) size 18x36
              RenderRubyText {RT} at (-10,0) size 10x36
                RenderText {#text} at (0,0) size 10x36
                  text run at (0,0) width 36: "\x{3051}\x{3044}\x{3076}\x{3064}"
              RenderRubyBase (anonymous) at (0,0) size 18x36
                RenderInline {RB} at (0,0) size 17x32
                  RenderText {#text} at (0,2) size 17x32
                    text run at (0,2) width 32: "\x{666F}\x{7269}"
          RenderText {#text} at (478,188) size 44x472
            text run at (478,188) width 284: "\x{306B}\x{63A5}\x{3059}\x{308C}\x{3070}\x{3001}\x{898B}\x{308B}\x{3082}\x{306E}\x{3082}\x{805E}\x{304F}\x{3082}\x{306E}\x{3082}\x{9762}\x{767D}"
            text run at (505,0) width 430: "\x{3044}\x{3002}\x{9762}\x{767D}\x{3044}\x{3060}\x{3051}\x{3067}\x{5225}\x{6BB5}\x{306E}\x{82E6}\x{3057}\x{307F}\x{3082}\x{8D77}\x{3089}\x{306C}\x{3002}\x{8D77}\x{308B}\x{3068}\x{3059}\x{308C}\x{3070}\x{8DB3}\x{304C}"
          RenderRuby (inline) {RUBY} at (0,0) size 17x32
            RenderRubyRun (anonymous) at (505,430) size 18x32
              RenderRubyText {RT} at (-10,0) size 10x32
                RenderText {#text} at (0,2) size 10x28
                  text run at (0,2) width 27: "\x{304F}\x{305F}\x{3073}"
              RenderRubyBase (anonymous) at (0,0) size 18x32
                RenderInline {RB} at (0,0) size 17x32
                  RenderText {#text} at (0,0) size 17x32
                    text run at (0,0) width 32: "\x{8349}\x{81E5}"
          RenderText {#text} at (505,462) size 44x478
            text run at (505,462) width 16: "\x{308C}"
            text run at (532,0) width 32: "\x{3066}\x{3001}"
          RenderRuby (inline) {RUBY} at (0,0) size 17x16
            RenderRubyRun (anonymous) at (532,31) size 18x18
              RenderRubyText {RT} at (-10,0) size 10x18
                RenderText {#text} at (0,0) size 10x18
                  text run at (0,0) width 18: "\x{3046}\x{307E}"
              RenderRubyBase (anonymous) at (0,0) size 18x18
                RenderInline {RB} at (0,0) size 17x16
                  RenderText {#text} at (0,1) size 17x16
                    text run at (0,1) width 16: "\x{65E8}"
          RenderText {#text} at (532,48) size 17x284
            text run at (532,48) width 284: "\x{3044}\x{3082}\x{306E}\x{304C}\x{98DF}\x{3079}\x{3089}\x{308C}\x{306C}\x{304F}\x{3089}\x{3044}\x{306E}\x{4E8B}\x{3060}\x{308D}\x{3046}\x{3002}"
          RenderBR {BR} at (532,332) size 17x0
          RenderText {#text} at (559,0) size 17x410
            text run at (559,0) width 410: "\x{3000}\x{3057}\x{304B}\x{3057}\x{82E6}\x{3057}\x{307F}\x{306E}\x{306A}\x{3044}\x{306E}\x{306F}\x{306A}\x{305C}\x{3060}\x{308D}\x{3046}\x{3002}\x{305F}\x{3060}\x{3053}\x{306E}\x{666F}\x{8272}\x{3092}\x{4E00}"
          RenderRuby (inline) {RUBY} at (0,0) size 17x16
            RenderRubyRun (anonymous) at (559,409) size 18x18
              RenderRubyText {RT} at (-10,0) size 10x18
                RenderText {#text} at (0,0) size 10x18
                  text run at (0,0) width 18: "\x{3077}\x{304F}"
              RenderRubyBase (anonymous) at (0,0) size 18x18
                RenderInline {RB} at (0,0) size 17x16
                  RenderText {#text} at (0,1) size 17x16
                    text run at (0,1) width 16: "\x{5E45}"
          RenderText {#text} at (559,426) size 17x14
            text run at (559,426) width 14: "\x{306E}"
          RenderRuby (inline) {RUBY} at (0,0) size 17x16
            RenderRubyRun (anonymous) at (559,440) size 18x16
              RenderRubyText {RT} at (-10,0) size 10x16
                RenderText {#text} at (0,3) size 10x10
                  text run at (0,3) width 9: "\x{3048}"
              RenderRubyBase (anonymous) at (0,0) size 18x16
                RenderInline {RB} at (0,0) size 17x16
                  RenderText {#text} at (0,0) size 17x16
                    text run at (0,0) width 16: "\x{753B}"
          RenderText {#text} at (559,456) size 44x488
            text run at (559,456) width 32: "\x{3068}\x{3057}"
            text run at (586,0) width 16: "\x{3066}"
          RenderRuby (inline) {RUBY} at (0,0) size 17x16
            RenderRubyRun (anonymous) at (586,16) size 18x16
              RenderRubyText {RT} at (-10,0) size 10x16
                RenderText {#text} at (0,3) size 10x10
                  text run at (0,3) width 9: "\x{307F}"
              RenderRubyBase (anonymous) at (0,0) size 18x16
                RenderInline {RB} at (0,0) size 17x16
                  RenderText {#text} at (0,0) size 17x16
                    text run at (0,0) width 16: "\x{89B3}"
          RenderText {#text} at (586,32) size 17x32
            text run at (586,32) width 32: "\x{3001}\x{4E00}"
          RenderRuby (inline) {RUBY} at (0,0) size 17x16
            RenderRubyRun (anonymous) at (586,63) size 18x18
              RenderRubyText {RT} at (-10,0) size 10x18
                RenderText {#text} at (0,0) size 10x18
                  text run at (0,0) width 18: "\x{304B}\x{3093}"
              RenderRubyBase (anonymous) at (0,0) size 18x18
                RenderInline {RB} at (0,0) size 17x16
                  RenderText {#text} at (0,1) size 17x16
                    text run at (0,1) width 16: "\x{5DFB}"
          RenderText {#text} at (586,80) size 17x206
            text run at (586,80) width 206: "\x{306E}\x{8A69}\x{3068}\x{3057}\x{3066}\x{8AAD}\x{3080}\x{304B}\x{3089}\x{3067}\x{3042}\x{308B}\x{3002}"
          RenderRuby (inline) {RUBY} at (0,0) size 17x16
            RenderRubyRun (anonymous) at (586,286) size 18x16
              RenderRubyText {RT} at (-10,0) size 10x16
                RenderText {#text} at (0,3) size 10x10
                  text run at (0,3) width 9: "\x{304C}"
              RenderRubyBase (anonymous) at (0,0) size 18x16
                RenderInline {RB} at (0,0) size 17x16
                  RenderText {#text} at (0,0) size 17x16
                    text run at (0,0) width 16: "\x{753B}"
          RenderText {#text} at (586,302) size 17x160
            text run at (586,302) width 160: "\x{3067}\x{3042}\x{308A}\x{8A69}\x{3067}\x{3042}\x{308B}\x{4EE5}\x{4E0A}\x{306F}"
          RenderRuby (inline) {RUBY} at (0,0) size 17x32
            RenderRubyRun (anonymous) at (613,0) size 18x32
              RenderRubyText {RT} at (-10,0) size 10x32
                RenderText {#text} at (0,2) size 10x28
                  text run at (0,2) width 27: "\x{3058}\x{3081}\x{3093}"
              RenderRubyBase (anonymous) at (0,0) size 18x32
                RenderInline {RB} at (0,0) size 17x32
                  RenderText {#text} at (0,0) size 17x32
                    text run at (0,0) width 32: "\x{5730}\x{9762}"
          RenderText {#text} at (613,32) size 17x368
            text run at (613,32) width 368: "\x{3092}\x{8CB0}\x{3063}\x{3066}\x{3001}\x{958B}\x{62D3}\x{3059}\x{308B}\x{6C17}\x{306B}\x{3082}\x{306A}\x{3089}\x{306D}\x{3070}\x{3001}\x{9244}\x{9053}\x{3092}\x{304B}\x{3051}\x{3066}"
          RenderRuby (inline) {RUBY} at (0,0) size 17x32
            RenderRubyRun (anonymous) at (613,398) size 18x36
              RenderRubyText {RT} at (-10,0) size 10x36
                RenderText {#text} at (0,0) size 10x36
                  text run at (0,0) width 36: "\x{3072}\x{3068}\x{3082}\x{3046}"
              RenderRubyBase (anonymous) at (0,0) size 18x36
                RenderInline {RB} at (0,0) size 17x32
                  RenderText {#text} at (0,2) size 17x32
                    text run at (0,2) width 32: "\x{4E00}\x{5132}"
          RenderText {#text} at (613,432) size 17x48
            text run at (613,432) width 48: "\x{3051}\x{3059}\x{308B}"
          RenderRuby (inline) {RUBY} at (0,0) size 17x41
            RenderRubyRun (anonymous) at (640,0) size 18x45
              RenderRubyText {RT} at (-10,0) size 10x45
                RenderText {#text} at (0,0) size 10x45
                  text run at (0,0) width 45: "\x{308A}\x{3087}\x{3046}\x{3051}\x{3093}"
              RenderRubyBase (anonymous) at (0,0) size 18x45
                RenderInline {RB} at (0,0) size 17x33
                  RenderText {#text} at (0,6) size 17x33
                    text run at (0,6) width 32: "\x{4E86}\x{898B}"
          RenderText {#text} at (640,41) size 17x252
            text run at (640,41) width 252: "\x{3082}\x{8D77}\x{3089}\x{306C}\x{3002}\x{305F}\x{3060}\x{3053}\x{306E}\x{666F}\x{8272}\x{304C}\x{2015}\x{2015}\x{8179}\x{306E}"
          RenderRuby (inline) {RUBY} at (0,0) size 17x16
            RenderRubyRun (anonymous) at (640,293) size 18x16
              RenderRubyText {RT} at (-10,0) size 10x16
                RenderText {#text} at (0,3) size 10x10
                  text run at (0,3) width 9: "\x{305F}"
              RenderRubyBase (anonymous) at (0,0) size 18x16
                RenderInline {RB} at (0,0) size 17x16
                  RenderText {#text} at (0,0) size 17x16
                    text run at (0,0) width 16: "\x{8DB3}"
          RenderText {#text} at (640,309) size 62x483
            text run at (640,309) width 174: "\x{3057}\x{306B}\x{3082}\x{306A}\x{3089}\x{306C}\x{3001}\x{6708}\x{7D66}\x{306E}\x{88DC}"
            text run at (658,0) width 476: "\x{3044}\x{306B}\x{3082}\x{306A}\x{3089}\x{306C}\x{3053}\x{306E}\x{666F}\x{8272}\x{304C}\x{666F}\x{8272}\x{3068}\x{3057}\x{3066}\x{306E}\x{307F}\x{3001}\x{4F59}\x{304C}\x{5FC3}\x{3092}\x{697D}\x{307E}\x{305B}\x{3064}\x{3064}\x{3042}\x{308B}"
            text run at (685,0) width 128: "\x{304B}\x{3089}\x{82E6}\x{52B4}\x{3082}\x{5FC3}\x{914D}\x{3082}"
          RenderRuby (inline) {RUBY} at (0,0) size 17x19
            RenderRubyRun (anonymous) at (685,124) size 18x27
              RenderRubyText {RT} at (-10,0) size 10x27
                RenderText {#text} at (0,0) size 10x27
                  text run at (0,0) width 27: "\x{3068}\x{3082}\x{306A}"
              RenderRubyBase (anonymous) at (0,0) size 18x27
                RenderInline {RB} at (0,0) size 17x17
                  RenderText {#text} at (0,5) size 17x17
                    text run at (0,5) width 16: "\x{4F34}"
          RenderText {#text} at (685,147) size 17x284
            text run at (685,147) width 284: "\x{308F}\x{306C}\x{306E}\x{3060}\x{308D}\x{3046}\x{3002}\x{81EA}\x{7136}\x{306E}\x{529B}\x{306F}\x{3053}\x{3053}\x{306B}\x{304A}\x{3044}\x{3066}"
          RenderRuby (inline) {RUBY} at (0,0) size 17x16
            RenderRubyRun (anonymous) at (685,430) size 18x18
              RenderRubyText {RT} at (-10,0) size 10x18
                RenderText {#text} at (0,0) size 10x18
                  text run at (0,0) width 18: "\x{305F}\x{3063}"
              RenderRubyBase (anonymous) at (0,0) size 18x18
                RenderInline {RB} at (0,0) size 17x16
                  RenderText {#text} at (0,1) size 17x16
                    text run at (0,1) width 16: "\x{5C0A}"
          RenderText {#text} at (685,447) size 44x463
            text run at (685,447) width 16: "\x{3068}"
            text run at (712,0) width 174: "\x{3044}\x{3002}\x{543E}\x{4EBA}\x{306E}\x{6027}\x{60C5}\x{3092}\x{77AC}\x{523B}\x{306B}"
          RenderRuby (inline) {RUBY} at (0,0) size 17x32
            RenderRubyRun (anonymous) at (712,174) size 18x32
              RenderRubyText {RT} at (-10,0) size 10x32
                RenderText {#text} at (0,2) size 10x28
                  text run at (0,2) width 27: "\x{3068}\x{3046}\x{3084}"
              RenderRubyBase (anonymous) at (0,0) size 18x32
                RenderInline {RB} at (0,0) size 17x32
                  RenderText {#text} at (0,0) size 17x32
                    text run at (0,0) width 32: "\x{9676}\x{51B6}"
          RenderText {#text} at (712,206) size 17x32
            text run at (712,206) width 32: "\x{3057}\x{3066}"
          RenderRuby (inline) {RUBY} at (0,0) size 17x32
            RenderRubyRun (anonymous) at (712,236) size 18x36
              RenderRubyText {RT} at (-10,0) size 10x36
                RenderText {#text} at (0,0) size 10x36
                  text run at (0,0) width 36: "\x{3058}\x{3085}\x{3093}\x{3053}"
              RenderRubyBase (anonymous) at (0,0) size 18x36
                RenderInline {RB} at (0,0) size 17x32
                  RenderText {#text} at (0,2) size 17x32
                    text run at (0,2) width 32: "\x{9187}\x{4E4E}"
          RenderText {#text} at (712,270) size 35x478
            text run at (712,270) width 208: "\x{3068}\x{3057}\x{3066}\x{9187}\x{306A}\x{308B}\x{8A69}\x{5883}\x{306B}\x{5165}\x{3089}\x{3057}\x{3080}"
            text run at (730,0) width 142: "\x{308B}\x{306E}\x{306F}\x{81EA}\x{7136}\x{3067}\x{3042}\x{308B}\x{3002}"
          RenderBR {BR} at (730,142) size 17x0
          RenderText {#text} at (748,0) size 44x480
            text run at (748,0) width 480: "\x{3000}\x{604B}\x{306F}\x{3046}\x{3064}\x{304F}\x{3057}\x{304B}\x{308D}\x{3001}\x{5B5D}\x{3082}\x{3046}\x{3064}\x{304F}\x{3057}\x{304B}\x{308D}\x{3001}\x{5FE0}\x{541B}\x{611B}\x{56FD}\x{3082}\x{7D50}\x{69CB}\x{3060}\x{308D}\x{3046}\x{3002}"
            text run at (775,0) width 126: "\x{3057}\x{304B}\x{3057}\x{81EA}\x{8EAB}\x{304C}\x{305D}\x{306E}"
          RenderRuby (inline) {RUBY} at (0,0) size 17x19
            RenderRubyRun (anonymous) at (775,122) size 18x27
              RenderRubyText {RT} at (-10,0) size 10x27
                RenderText {#text} at (0,0) size 10x27
                  text run at (0,0) width 27: "\x{304D}\x{3087}\x{304F}"
              RenderRubyBase (anonymous) at (0,0) size 18x27
                RenderInline {RB} at (0,0) size 17x17
                  RenderText {#text} at (0,5) size 17x17
                    text run at (0,5) width 16: "\x{5C40}"
          RenderText {#text} at (775,145) size 17x110
            text run at (775,145) width 110: "\x{306B}\x{5F53}\x{308C}\x{3070}\x{5229}\x{5BB3}\x{306E}"
          RenderRuby (inline) {RUBY} at (0,0) size 17x32
            RenderRubyRun (anonymous) at (775,255) size 18x32
              RenderRubyText {RT} at (-10,0) size 10x32
                RenderText {#text} at (0,2) size 10x28
                  text run at (0,2) width 27: "\x{3064}\x{3080}\x{3058}"
              RenderRubyBase (anonymous) at (0,0) size 18x32
                RenderInline {RB} at (0,0) size 17x32
                  RenderText {#text} at (0,0) size 17x32
                    text run at (0,0) width 32: "\x{65CB}\x{98A8}"
          RenderText {#text} at (775,287) size 17x16
            text run at (775,287) width 16: "\x{306B}"
          RenderRuby (inline) {RUBY} at (0,0) size 17x16
            RenderRubyRun (anonymous) at (775,303) size 18x16
              RenderRubyText {RT} at (-10,0) size 10x16
                RenderText {#text} at (0,3) size 10x10
                  text run at (0,3) width 9: "\x{307E}"
              RenderRubyBase (anonymous) at (0,0) size 18x16
                RenderInline {RB} at (0,0) size 17x16
                  RenderText {#text} at (0,0) size 17x16
                    text run at (0,0) width 16: "\x{6372}"
          RenderText {#text} at (775,319) size 44x479
            text run at (775,319) width 160: "\x{304D}\x{8FBC}\x{307E}\x{308C}\x{3066}\x{3001}\x{3046}\x{3064}\x{304F}\x{3057}"
            text run at (802,0) width 224: "\x{304D}\x{4E8B}\x{306B}\x{3082}\x{3001}\x{7D50}\x{69CB}\x{306A}\x{4E8B}\x{306B}\x{3082}\x{3001}\x{76EE}\x{306F}"
          RenderRuby (inline) {RUBY} at (0,0) size 17x16
            RenderRubyRun (anonymous) at (802,223) size 18x18
              RenderRubyText {RT} at (-10,0) size 10x18
                RenderText {#text} at (0,0) size 10x18
                  text run at (0,0) width 18: "\x{304F}\x{3089}"
              RenderRubyBase (anonymous) at (0,0) size 18x18
                RenderInline {RB} at (0,0) size 17x16
                  RenderText {#text} at (0,1) size 17x16
                    text run at (0,1) width 16: "\x{7729}"
          RenderText {#text} at (802,240) size 44x480
            text run at (802,240) width 240: "\x{3093}\x{3067}\x{3057}\x{307E}\x{3046}\x{3002}\x{3057}\x{305F}\x{304C}\x{3063}\x{3066}\x{3069}\x{3053}\x{306B}\x{8A69}"
            text run at (829,0) width 128: "\x{304C}\x{3042}\x{308B}\x{304B}\x{81EA}\x{8EAB}\x{306B}\x{306F}"
          RenderRuby (inline) {RUBY} at (0,0) size 17x16
            RenderRubyRun (anonymous) at (829,128) size 18x16
              RenderRubyText {RT} at (-10,0) size 10x16
                RenderText {#text} at (0,3) size 10x10
                  text run at (0,3) width 9: "\x{3052}"
              RenderRubyBase (anonymous) at (0,0) size 18x16
                RenderInline {RB} at (0,0) size 17x16
                  RenderText {#text} at (0,0) size 17x16
                    text run at (0,0) width 16: "\x{89E3}"
          RenderText {#text} at (829,144) size 17x80
            text run at (829,144) width 80: "\x{3057}\x{304B}\x{306D}\x{308B}\x{3002}"
          RenderBR {BR} at (829,224) size 17x0
          RenderText {#text} at (847,0) size 44x490
            text run at (847,0) width 490: "\x{3000}\x{3053}\x{308C}\x{304C}\x{308F}\x{304B}\x{308B}\x{305F}\x{3081}\x{306B}\x{306F}\x{3001}\x{308F}\x{304B}\x{308B}\x{3060}\x{3051}\x{306E}\x{4F59}\x{88D5}\x{306E}\x{3042}\x{308B}\x{7B2C}\x{4E09}\x{8005}\x{306E}\x{5730}\x{4F4D}\x{306B}\x{7ACB}"
            text run at (874,0) width 334: "\x{305F}\x{306D}\x{3070}\x{306A}\x{3089}\x{306C}\x{3002}\x{4E09}\x{8005}\x{306E}\x{5730}\x{4F4D}\x{306B}\x{7ACB}\x{3066}\x{3070}\x{3053}\x{305D}\x{829D}\x{5C45}\x{306F}"
          RenderRuby (inline) {RUBY} at (0,0) size 17x16
            RenderRubyRun (anonymous) at (874,334) size 18x16
              RenderRubyText {RT} at (-10,0) size 10x16
                RenderText {#text} at (0,3) size 10x10
                  text run at (0,3) width 9: "\x{307F}"
              RenderRubyBase (anonymous) at (0,0) size 18x16
                RenderInline {RB} at (0,0) size 17x16
                  RenderText {#text} at (0,0) size 17x16
                    text run at (0,0) width 16: "\x{89B3}"
          RenderText {#text} at (874,350) size 62x480
            text run at (874,350) width 128: "\x{3066}\x{9762}\x{767D}\x{3044}\x{3002}\x{5C0F}\x{8AAC}\x{3082}"
            text run at (892,0) width 480: "\x{898B}\x{3066}\x{9762}\x{767D}\x{3044}\x{3002}\x{829D}\x{5C45}\x{3092}\x{898B}\x{3066}\x{9762}\x{767D}\x{3044}\x{4EBA}\x{3082}\x{3001}\x{5C0F}\x{8AAC}\x{3092}\x{8AAD}\x{3093}\x{3067}\x{9762}\x{767D}\x{3044}\x{4EBA}\x{3082}\x{3001}\x{81EA}"
            text run at (919,0) width 78: "\x{5DF1}\x{306E}\x{5229}\x{5BB3}\x{306F}"
          RenderRuby (inline) {RUBY} at (0,0) size 17x16
            RenderRubyRun (anonymous) at (919,77) size 18x18
              RenderRubyText {RT} at (-10,0) size 10x18
                RenderText {#text} at (0,0) size 10x18
                  text run at (0,0) width 18: "\x{305F}\x{306A}"
              RenderRubyBase (anonymous) at (0,0) size 18x18
                RenderInline {RB} at (0,0) size 17x16
                  RenderText {#text} at (0,1) size 17x16
                    text run at (0,1) width 16: "\x{68DA}"
          RenderText {#text} at (919,94) size 35x478
            text run at (919,94) width 384: "\x{3078}\x{4E0A}\x{3052}\x{3066}\x{3044}\x{308B}\x{3002}\x{898B}\x{305F}\x{308A}\x{8AAD}\x{3093}\x{3060}\x{308A}\x{3059}\x{308B}\x{9593}\x{3060}\x{3051}\x{306F}\x{8A69}\x{4EBA}\x{3067}\x{3042}"
            text run at (937,0) width 32: "\x{308B}\x{3002}"
          RenderBR {BR} at (937,32) size 17x0
          RenderText {#text} at (964,0) size 17x302
            text run at (964,0) width 302: "\x{3000}\x{305D}\x{308C}\x{3059}\x{3089}\x{3001}\x{666E}\x{901A}\x{306E}\x{829D}\x{5C45}\x{3084}\x{5C0F}\x{8AAC}\x{3067}\x{306F}\x{4EBA}\x{60C5}\x{3092}"
          RenderRuby (inline) {RUBY} at (0,0) size 17x16
            RenderRubyRun (anonymous) at (964,301) size 18x18
              RenderRubyText {RT} at (-10,0) size 10x18
                RenderText {#text} at (0,0) size 10x18
                  text run at (0,0) width 18: "\x{307E}\x{306C}"
              RenderRubyBase (anonymous) at (0,0) size 18x18
                RenderInline {RB} at (0,0) size 17x16
                  RenderText {#text} at (0,1) size 17x16
                    text run at (0,1) width 16: "\x{514D}"
          RenderText {#text} at (964,318) size 62x478
            text run at (964,318) width 160: "\x{304B}\x{308C}\x{306C}\x{3002}\x{82E6}\x{3057}\x{3093}\x{3060}\x{308A}\x{3001}"
            text run at (982,0) width 476: "\x{6012}\x{3063}\x{305F}\x{308A}\x{3001}\x{9A12}\x{3044}\x{3060}\x{308A}\x{3001}\x{6CE3}\x{3044}\x{305F}\x{308A}\x{3059}\x{308B}\x{3002}\x{898B}\x{308B}\x{3082}\x{306E}\x{3082}\x{3044}\x{3064}\x{304B}\x{305D}\x{306E}\x{4E2D}\x{306B}\x{540C}"
            text run at (1009,0) width 416: "\x{5316}\x{3057}\x{3066}\x{82E6}\x{3057}\x{3093}\x{3060}\x{308A}\x{3001}\x{6012}\x{3063}\x{305F}\x{308A}\x{3001}\x{9A12}\x{3044}\x{3060}\x{308A}\x{3001}\x{6CE3}\x{3044}\x{305F}\x{308A}\x{3059}\x{308B}\x{3002}"
          RenderRuby (inline) {RUBY} at (0,0) size 17x32
            RenderRubyRun (anonymous) at (1009,416) size 18x32
              RenderRubyText {RT} at (-10,0) size 10x32
                RenderText {#text} at (0,2) size 10x28
                  text run at (0,2) width 27: "\x{3068}\x{308A}\x{3048}"
              RenderRubyBase (anonymous) at (0,0) size 18x32
                RenderInline {RB} at (0,0) size 17x32
                  RenderText {#text} at (0,0) size 17x32
                    text run at (0,0) width 32: "\x{53D6}\x{67C4}"
          RenderText {#text} at (1009,448) size 44x480
            text run at (1009,448) width 32: "\x{306F}\x{5229}"
            text run at (1036,0) width 32: "\x{617E}\x{304C}"
          RenderRuby (inline) {RUBY} at (0,0) size 17x16
            RenderRubyRun (anonymous) at (1036,31) size 18x18
              RenderRubyText {RT} at (-10,0) size 10x18
                RenderText {#text} at (0,0) size 10x18
                  text run at (0,0) width 18: "\x{307E}\x{3058}"
              RenderRubyBase (anonymous) at (0,0) size 18x18
                RenderInline {RB} at (0,0) size 17x16
                  RenderText {#text} at (0,1) size 17x16
                    text run at (0,1) width 16: "\x{4EA4}"
          RenderText {#text} at (1036,48) size 17x112
            text run at (1036,48) width 112: "\x{3089}\x{306C}\x{3068}\x{4E91}\x{3046}\x{70B9}\x{306B}"
          RenderRuby (inline) {RUBY} at (0,0) size 17x16
            RenderRubyRun (anonymous) at (1036,159) size 18x18
              RenderRubyText {RT} at (-10,0) size 10x18
                RenderText {#text} at (0,0) size 10x18
                  text run at (0,0) width 18: "\x{305D}\x{3093}"
              RenderRubyBase (anonymous) at (0,0) size 18x18
                RenderInline {RB} at (0,0) size 17x16
                  RenderText {#text} at (0,1) size 17x16
                    text run at (0,1) width 16: "\x{5B58}"
          RenderText {#text} at (1036,176) size 17x300
            text run at (1036,176) width 300: "\x{3059}\x{308B}\x{304B}\x{3082}\x{77E5}\x{308C}\x{306C}\x{304C}\x{3001}\x{4EA4}\x{3089}\x{306C}\x{3060}\x{3051}\x{306B}\x{305D}\x{306E}\x{4ED6}\x{306E}"
          RenderRuby (inline) {RUBY} at (0,0) size 17x41
            RenderRubyRun (anonymous) at (1063,0) size 18x45
              RenderRubyText {RT} at (-10,0) size 10x45
                RenderText {#text} at (0,0) size 10x45
                  text run at (0,0) width 45: "\x{3058}\x{3087}\x{3046}\x{3057}\x{3087}"
              RenderRubyBase (anonymous) at (0,0) size 18x45
                RenderInline {RB} at (0,0) size 17x33
                  RenderText {#text} at (0,6) size 17x33
                    text run at (0,6) width 32: "\x{60C5}\x{7DD2}"
          RenderText {#text} at (1063,41) size 17x304
            text run at (1063,41) width 304: "\x{306F}\x{5E38}\x{3088}\x{308A}\x{306F}\x{4F59}\x{8A08}\x{306B}\x{6D3B}\x{52D5}\x{3059}\x{308B}\x{3060}\x{308D}\x{3046}\x{3002}\x{305D}\x{308C}\x{304C}"
          RenderRuby (inline) {RUBY} at (0,0) size 17x16
            RenderRubyRun (anonymous) at (1063,344) size 18x18
              RenderRubyText {RT} at (-10,0) size 10x18
                RenderText {#text} at (0,0) size 10x18
                  text run at (0,0) width 18: "\x{3044}\x{3084}"
              RenderRubyBase (anonymous) at (0,0) size 18x18
                RenderInline {RB} at (0,0) size 17x16
                  RenderText {#text} at (0,1) size 17x16
                    text run at (0,1) width 16: "\x{5ACC}"
          RenderText {#text} at (1063,361) size 17x32
            text run at (1063,361) width 32: "\x{3060}\x{3002}"
          RenderBR {BR} at (1063,393) size 17x0
          RenderText {#text} at (1081,0) size 44x476
            text run at (1081,0) width 476: "\x{3000}\x{82E6}\x{3057}\x{3093}\x{3060}\x{308A}\x{3001}\x{6012}\x{3063}\x{305F}\x{308A}\x{3001}\x{9A12}\x{3044}\x{3060}\x{308A}\x{3001}\x{6CE3}\x{3044}\x{305F}\x{308A}\x{306F}\x{4EBA}\x{306E}\x{4E16}\x{306B}\x{3064}\x{304D}\x{3082}\x{306E}"
            text run at (1108,0) width 190: "\x{3060}\x{3002}\x{4F59}\x{3082}\x{4E09}\x{5341}\x{5E74}\x{306E}\x{9593}\x{305D}\x{308C}\x{3092}"
          RenderRuby (inline) {RUBY} at (0,0) size 17x32
            RenderRubyRun (anonymous) at (1108,190) size 18x32
              RenderRubyText {RT} at (-10,0) size 10x32
                RenderText {#text} at (0,2) size 10x28
                  text run at (0,2) width 27: "\x{3057}\x{3068}\x{304A}"
              RenderRubyBase (anonymous) at (0,0) size 18x32
                RenderInline {RB} at (0,0) size 17x32
                  RenderText {#text} at (0,0) size 17x32
                    text run at (0,0) width 32: "\x{4ED5}\x{901A}"
          RenderText {#text} at (1108,222) size 17x48
            text run at (1108,222) width 48: "\x{3057}\x{3066}\x{3001}"
          RenderRuby (inline) {RUBY} at (0,0) size 17x32
            RenderRubyRun (anonymous) at (1108,268) size 18x36
              RenderRubyText {RT} at (-10,0) size 10x36
                RenderText {#text} at (0,0) size 10x36
                  text run at (0,0) width 36: "\x{3042}\x{304D}\x{3042}\x{304D}"
              RenderRubyBase (anonymous) at (0,0) size 18x36
                RenderInline {RB} at (0,0) size 17x32
                  RenderText {#text} at (0,2) size 17x32
                    text run at (0,2) width 32: "\x{98FD}\x{3005}"
          RenderText {#text} at (1108,302) size 17x48
            text run at (1108,302) width 48: "\x{3057}\x{305F}\x{3002}"
          RenderRuby (inline) {RUBY} at (0,0) size 17x16
            RenderRubyRun (anonymous) at (1108,350) size 18x16
              RenderRubyText {RT} at (-10,0) size 10x16
                RenderText {#text} at (0,3) size 10x10
                  text run at (0,3) width 9: "\x{3042}"
              RenderRubyBase (anonymous) at (0,0) size 18x16
                RenderInline {RB} at (0,0) size 17x16
                  RenderText {#text} at (0,0) size 17x16
                    text run at (0,0) width 16: "\x{98FD}"
          RenderText {#text} at (1108,366) size 62x480
            text run at (1108,366) width 112: "\x{304D}\x{98FD}\x{304D}\x{3057}\x{305F}\x{4E0A}\x{306B}"
            text run at (1126,0) width 480: "\x{829D}\x{5C45}\x{3084}\x{5C0F}\x{8AAC}\x{3067}\x{540C}\x{3058}\x{523A}\x{6FC0}\x{3092}\x{7E70}\x{308A}\x{8FD4}\x{3057}\x{3066}\x{306F}\x{5927}\x{5909}\x{3060}\x{3002}\x{4F59}\x{304C}\x{6B32}\x{3059}\x{308B}\x{8A69}\x{306F}\x{305D}\x{3093}"
            text run at (1153,0) width 126: "\x{306A}\x{4E16}\x{9593}\x{7684}\x{306E}\x{4EBA}\x{60C5}\x{3092}"
          RenderRuby (inline) {RUBY} at (0,0) size 17x32
            RenderRubyRun (anonymous) at (1153,126) size 18x32
              RenderRubyText {RT} at (-10,0) size 10x32
                RenderText {#text} at (0,7) size 10x18
                  text run at (0,7) width 18: "\x{3053}\x{3076}"
              RenderRubyBase (anonymous) at (0,0) size 18x32
                RenderInline {RB} at (0,0) size 17x32
                  RenderText {#text} at (0,0) size 17x32
                    text run at (0,0) width 32: "\x{9F13}\x{821E}"
          RenderText {#text} at (1153,158) size 44x476
            text run at (1153,158) width 318: "\x{3059}\x{308B}\x{3088}\x{3046}\x{306A}\x{3082}\x{306E}\x{3067}\x{306F}\x{306A}\x{3044}\x{3002}\x{4FD7}\x{5FF5}\x{3092}\x{653E}\x{68C4}\x{3057}\x{3066}\x{3001}"
            text run at (1180,0) width 96: "\x{3057}\x{3070}\x{3089}\x{304F}\x{3067}\x{3082}"
          RenderRuby (inline) {RUBY} at (0,0) size 17x32
            RenderRubyRun (anonymous) at (1180,94) size 18x36
              RenderRubyText {RT} at (-10,0) size 10x36
                RenderText {#text} at (0,0) size 10x36
                  text run at (0,0) width 36: "\x{3058}\x{3093}\x{304B}\x{3044}"
              RenderRubyBase (anonymous) at (0,0) size 18x36
                RenderInline {RB} at (0,0) size 17x32
                  RenderText {#text} at (0,2) size 17x32
                    text run at (0,2) width 32: "\x{5875}\x{754C}"
          RenderText {#text} at (1180,128) size 80x490
            text run at (1180,128) width 352: "\x{3092}\x{96E2}\x{308C}\x{305F}\x{5FC3}\x{6301}\x{3061}\x{306B}\x{306A}\x{308C}\x{308B}\x{8A69}\x{3067}\x{3042}\x{308B}\x{3002}\x{3044}\x{304F}\x{3089}\x{5091}\x{4F5C}\x{3067}"
            text run at (1198,0) width 480: "\x{3082}\x{4EBA}\x{60C5}\x{3092}\x{96E2}\x{308C}\x{305F}\x{829D}\x{5C45}\x{306F}\x{306A}\x{3044}\x{3001}\x{7406}\x{975E}\x{3092}\x{7D76}\x{3057}\x{305F}\x{5C0F}\x{8AAC}\x{306F}\x{5C11}\x{304B}\x{308D}\x{3046}\x{3002}\x{3069}\x{3053}\x{307E}"
            text run at (1216,0) width 490: "\x{3067}\x{3082}\x{4E16}\x{9593}\x{3092}\x{51FA}\x{308B}\x{4E8B}\x{304C}\x{51FA}\x{6765}\x{306C}\x{306E}\x{304C}\x{5F7C}\x{3089}\x{306E}\x{7279}\x{8272}\x{3067}\x{3042}\x{308B}\x{3002}\x{3053}\x{3068}\x{306B}\x{897F}\x{6D0B}\x{306E}\x{8A69}\x{306B}"
            text run at (1243,0) width 288: "\x{306A}\x{308B}\x{3068}\x{3001}\x{4EBA}\x{4E8B}\x{304C}\x{6839}\x{672C}\x{306B}\x{306A}\x{308B}\x{304B}\x{3089}\x{3044}\x{308F}\x{3086}\x{308B}"
          RenderRuby (inline) {RUBY} at (0,0) size 17x32
            RenderRubyRun (anonymous) at (1243,288) size 18x32
              RenderRubyText {RT} at (-10,0) size 10x32
                RenderText {#text} at (0,2) size 10x28
                  text run at (0,2) width 27: "\x{3057}\x{3044}\x{304B}"
              RenderRubyBase (anonymous) at (0,0) size 18x32
                RenderInline {RB} at (0,0) size 17x32
                  RenderText {#text} at (0,0) size 17x32
                    text run at (0,0) width 32: "\x{8A69}\x{6B4C}"
          RenderText {#text} at (1243,320) size 17x154
            text run at (1243,320) width 154: "\x{306E}\x{7D14}\x{7C8B}\x{306A}\x{308B}\x{3082}\x{306E}\x{3082}\x{3053}\x{306E}"
          RenderRuby (inline) {RUBY} at (0,0) size 17x23
            RenderRubyRun (anonymous) at (1270,0) size 18x27
              RenderRubyText {RT} at (-10,0) size 10x27
                RenderText {#text} at (0,0) size 10x27
                  text run at (0,0) width 27: "\x{304D}\x{3087}\x{3046}"
              RenderRubyBase (anonymous) at (0,0) size 18x27
                RenderInline {RB} at (0,0) size 17x17
                  RenderText {#text} at (0,5) size 17x17
                    text run at (0,5) width 16: "\x{5883}"
          RenderText {#text} at (1270,23) size 17x16
            text run at (1270,23) width 16: "\x{3092}"
          RenderRuby (inline) {RUBY} at (0,0) size 17x32
            RenderRubyRun (anonymous) at (1270,39) size 18x32
              RenderRubyText {RT} at (-10,0) size 10x32
                RenderText {#text} at (0,2) size 10x28
                  text run at (0,2) width 27: "\x{3052}\x{3060}\x{3064}"
              RenderRubyBase (anonymous) at (0,0) size 18x32
                RenderInline {RB} at (0,0) size 17x32
                  RenderText {#text} at (0,0) size 17x32
                    text run at (0,0) width 32: "\x{89E3}\x{8131}"
          RenderText {#text} at (1270,71) size 44x487
            text run at (1270,71) width 416: "\x{3059}\x{308B}\x{4E8B}\x{3092}\x{77E5}\x{3089}\x{306C}\x{3002}\x{3069}\x{3053}\x{307E}\x{3067}\x{3082}\x{540C}\x{60C5}\x{3060}\x{3068}\x{304B}\x{3001}\x{611B}\x{3060}\x{3068}\x{304B}\x{3001}\x{6B63}\x{7FA9}"
            text run at (1297,0) width 160: "\x{3060}\x{3068}\x{304B}\x{3001}\x{81EA}\x{7531}\x{3060}\x{3068}\x{304B}\x{3001}"
          RenderRuby (inline) {RUBY} at (0,0) size 17x32
            RenderRubyRun (anonymous) at (1297,160) size 18x32
              RenderRubyText {RT} at (-10,0) size 10x32
                RenderText {#text} at (0,2) size 10x28
                  text run at (0,2) width 27: "\x{3046}\x{304D}\x{3088}"
              RenderRubyBase (anonymous) at (0,0) size 18x32
                RenderInline {RB} at (0,0) size 17x32
                  RenderText {#text} at (0,0) size 17x32
                    text run at (0,0) width 32: "\x{6D6E}\x{4E16}"
          RenderText {#text} at (1297,192) size 17x14
            text run at (1297,192) width 14: "\x{306E}"
          RenderRuby (inline) {RUBY} at (0,0) size 17x48
            RenderRubyRun (anonymous) at (1297,206) size 18x48
              RenderRubyText {RT} at (-10,0) size 10x48
                RenderText {#text} at (0,1) size 10x46
                  text run at (0,1) width 45: "\x{304B}\x{3093}\x{3053}\x{3046}\x{3070}"
              RenderRubyBase (anonymous) at (0,0) size 18x48
                RenderInline {RB} at (0,0) size 17x48
                  RenderText {#text} at (0,0) size 17x48
                    text run at (0,0) width 48: "\x{52E7}\x{5DE5}\x{5834}"
          RenderText {#text} at (1297,254) size 17x158
            text run at (1297,254) width 158: "\x{306B}\x{3042}\x{308B}\x{3082}\x{306E}\x{3060}\x{3051}\x{3067}\x{7528}\x{3092}"
          RenderRuby (inline) {RUBY} at (0,0) size 17x16
            RenderRubyRun (anonymous) at (1297,411) size 18x18
              RenderRubyText {RT} at (-10,0) size 10x18
                RenderText {#text} at (0,0) size 10x18
                  text run at (0,0) width 18: "\x{3079}\x{3093}"
              RenderRubyBase (anonymous) at (0,0) size 18x18
                RenderInline {RB} at (0,0) size 17x16
                  RenderText {#text} at (0,1) size 17x16
                    text run at (0,1) width 16: "\x{5F01}"
          RenderText {#text} at (1297,428) size 44x476
            text run at (1297,428) width 48: "\x{3058}\x{3066}\x{3044}"
            text run at (1324,0) width 270: "\x{308B}\x{3002}\x{3044}\x{304F}\x{3089}\x{8A69}\x{7684}\x{306B}\x{306A}\x{3063}\x{3066}\x{3082}\x{5730}\x{9762}\x{306E}\x{4E0A}\x{3092}"
          RenderRuby (inline) {RUBY} at (0,0) size 17x16
            RenderRubyRun (anonymous) at (1324,270) size 18x16
              RenderRubyText {RT} at (-10,0) size 10x16
                RenderText {#text} at (0,3) size 10x10
                  text run at (0,3) width 9: "\x{304B}"
              RenderRubyBase (anonymous) at (0,0) size 18x16
                RenderInline {RB} at (0,0) size 17x16
                  RenderText {#text} at (0,0) size 17x16
                    text run at (0,0) width 16: "\x{99B3}"
          RenderText {#text} at (1324,286) size 17x112
            text run at (1324,286) width 112: "\x{3051}\x{3066}\x{3042}\x{308B}\x{3044}\x{3066}\x{3001}"
          RenderRuby (inline) {RUBY} at (0,0) size 17x16
            RenderRubyRun (anonymous) at (1324,397) size 18x18
              RenderRubyText {RT} at (-10,0) size 10x18
                RenderText {#text} at (0,0) size 10x18
                  text run at (0,0) width 18: "\x{305C}\x{306B}"
              RenderRubyBase (anonymous) at (0,0) size 18x18
                RenderInline {RB} at (0,0) size 17x16
                  RenderText {#text} at (0,1) size 17x16
                    text run at (0,1) width 16: "\x{92AD}"
          RenderText {#text} at (1324,414) size 44x476
            text run at (1324,414) width 62: "\x{306E}\x{52D8}\x{5B9A}\x{3092}"
            text run at (1351,0) width 224: "\x{5FD8}\x{308C}\x{308B}\x{3072}\x{307E}\x{304C}\x{306A}\x{3044}\x{3002}\x{30B7}\x{30A7}\x{30EC}\x{30FC}\x{304C}"
          RenderRuby (inline) {RUBY} at (0,0) size 17x32
            RenderRubyRun (anonymous) at (1351,224) size 18x32
              RenderRubyText {RT} at (-10,0) size 10x32
                RenderText {#text} at (0,2) size 10x28
                  text run at (0,2) width 27: "\x{3072}\x{3070}\x{308A}"
              RenderRubyBase (anonymous) at (0,0) size 18x32
                RenderInline {RB} at (0,0) size 17x32
                  RenderText {#text} at (0,0) size 17x32
                    text run at (0,0) width 32: "\x{96F2}\x{96C0}"
          RenderText {#text} at (1351,256) size 35x478
            text run at (1351,256) width 222: "\x{3092}\x{805E}\x{3044}\x{3066}\x{5606}\x{606F}\x{3057}\x{305F}\x{306E}\x{3082}\x{7121}\x{7406}\x{306F}\x{306A}"
            text run at (1369,0) width 32: "\x{3044}\x{3002}"
          RenderBR {BR} at (1369,32) size 17x0
          RenderText {#text} at (1396,0) size 17x158
            text run at (1396,0) width 158: "\x{3000}\x{3046}\x{308C}\x{3057}\x{3044}\x{4E8B}\x{306B}\x{6771}\x{6D0B}\x{306E}"
          RenderRuby (inline) {RUBY} at (0,0) size 17x32
            RenderRubyRun (anonymous) at (1396,158) size 18x32
              RenderRubyText {RT} at (-10,0) size 10x32
                RenderText {#text} at (0,2) size 10x28
                  text run at (0,2) width 27: "\x{3057}\x{3044}\x{304B}"
              RenderRubyBase (anonymous) at (0,0) size 18x32
                RenderInline {RB} at (0,0) size 17x32
                  RenderText {#text} at (0,0) size 17x32
                    text run at (0,0) width 32: "\x{8A69}\x{6B4C}"
          RenderText {#text} at (1396,190) size 17x64
            text run at (1396,190) width 64: "\x{306F}\x{305D}\x{3053}\x{3092}"
          RenderRuby (inline) {RUBY} at (0,0) size 17x32
            RenderRubyRun (anonymous) at (1396,254) size 18x32
              RenderRubyText {RT} at (-10,0) size 10x32
                RenderText {#text} at (0,2) size 10x28
                  text run at (0,2) width 27: "\x{3052}\x{3060}\x{3064}"
              RenderRubyBase (anonymous) at (0,0) size 18x32
                RenderInline {RB} at (0,0) size 17x32
                  RenderText {#text} at (0,0) size 17x32
                    text run at (0,0) width 32: "\x{89E3}\x{8131}"
          RenderText {#text} at (1396,286) size 17x110
            text run at (1396,286) width 110: "\x{3057}\x{305F}\x{306E}\x{304C}\x{3042}\x{308B}\x{3002}"
          RenderRuby (inline) {RUBY} at (0,0) size 17x41
            RenderRubyRun (anonymous) at (1396,392) size 18x45
              RenderRubyText {RT} at (-10,0) size 10x45
                RenderText {#text} at (0,0) size 10x45
                  text run at (0,0) width 45: "\x{304D}\x{304F}\x{3092}\x{3068}\x{308B}"
              RenderRubyBase (anonymous) at (0,0) size 18x45
                RenderInline {RB} at (0,0) size 17x33
                  RenderText {#text} at (0,6) size 17x33
                    text run at (0,6) width 32: "\x{63A1}\x{83CA}"
          RenderRuby (inline) {RUBY} at (0,0) size 17x53
            RenderRubyRun (anonymous) at (1396,437) size 18x53
              RenderRubyText {RT} at (-10,0) size 10x53
                RenderText {#text} at (0,0) size 10x53
                  text run at (0,0) width 53: "\x{3068}\x{3046}\x{308A}\x{306E}\x{3082}\x{3068}"
              RenderRubyBase (anonymous) at (0,0) size 18x53
                RenderInline {RB} at (0,0) size 17x49
                  RenderText {#text} at (0,2) size 17x49
                    text run at (0,2) width 48: "\x{6771}\x{7C6C}\x{4E0B}"
          RenderText {#text} at (1423,0) size 17x16
            text run at (1423,0) width 16: "\x{3001}"
          RenderRuby (inline) {RUBY} at (0,0) size 17x59
            RenderRubyRun (anonymous) at (1423,12) size 18x63
              RenderRubyText {RT} at (-10,0) size 10x63
                RenderText {#text} at (0,0) size 10x63
                  text run at (0,0) width 63: "\x{3086}\x{3046}\x{305C}\x{3093}\x{3068}\x{3057}\x{3066}"
              RenderRubyBase (anonymous) at (0,0) size 18x63
                RenderInline {RB} at (0,0) size 17x33
                  RenderText {#text} at (0,15) size 17x33
                    text run at (0,15) width 32: "\x{60A0}\x{7136}"
          RenderRuby (inline) {RUBY} at (0,0) size 17x59
            RenderRubyRun (anonymous) at (1423,75) size 18x63
              RenderRubyText {RT} at (-10,0) size 10x63
                RenderText {#text} at (0,0) size 10x63
                  text run at (0,0) width 63: "\x{306A}\x{3093}\x{3056}\x{3093}\x{3092}\x{307F}\x{308B}"
              RenderRubyBase (anonymous) at (0,0) size 18x63
                RenderInline {RB} at (0,0) size 17x49
                  RenderText {#text} at (0,7) size 17x49
                    text run at (0,7) width 48: "\x{898B}\x{5357}\x{5C71}"
          RenderText {#text} at (1423,134) size 17x126
            text run at (1423,134) width 126: "\x{3002}\x{305F}\x{3060}\x{305D}\x{308C}\x{304E}\x{308A}\x{306E}"
          RenderRuby (inline) {RUBY} at (0,0) size 17x16
            RenderRubyRun (anonymous) at (1423,259) size 18x18
              RenderRubyText {RT} at (-10,0) size 10x18
                RenderText {#text} at (0,0) size 10x18
                  text run at (0,0) width 18: "\x{3046}\x{3061}"
              RenderRubyBase (anonymous) at (0,0) size 18x18
                RenderInline {RB} at (0,0) size 17x16
                  RenderText {#text} at (0,1) size 17x16
                    text run at (0,1) width 16: "\x{88CF}"
          RenderText {#text} at (1423,276) size 44x482
            text run at (1423,276) width 206: "\x{306B}\x{6691}\x{82E6}\x{3057}\x{3044}\x{4E16}\x{306E}\x{4E2D}\x{3092}\x{307E}\x{308B}\x{3067}\x{5FD8}"
            text run at (1450,0) width 316: "\x{308C}\x{305F}\x{5149}\x{666F}\x{304C}\x{51FA}\x{3066}\x{304F}\x{308B}\x{3002}\x{57A3}\x{306E}\x{5411}\x{3046}\x{306B}\x{96A3}\x{308A}\x{306E}\x{5A18}\x{304C}"
          RenderRuby (inline) {RUBY} at (0,0) size 17x17
            RenderRubyRun (anonymous) at (1450,316) size 18x17
              RenderRubyText {RT} at (-10,0) size 10x17
                RenderText {#text} at (0,0) size 10x17
                  text run at (0,0) width 17: "\x{306E}\x{305E}"
              RenderRubyBase (anonymous) at (0,0) size 18x17
                RenderInline {RB} at (0,0) size 17x17
                  RenderText {#text} at (0,0) size 17x17
                    text run at (0,0) width 16: "\x{8997}"
          RenderText {#text} at (1450,333) size 44x477
            text run at (1450,333) width 144: "\x{3044}\x{3066}\x{308B}\x{8A33}\x{3067}\x{3082}\x{306A}\x{3051}\x{308C}"
            text run at (1477,0) width 32: "\x{3070}\x{3001}"
          RenderRuby (inline) {RUBY} at (0,0) size 17x32
            RenderRubyRun (anonymous) at (1477,30) size 18x36
              RenderRubyText {RT} at (-10,0) size 10x36
                RenderText {#text} at (0,0) size 10x36
                  text run at (0,0) width 36: "\x{306A}\x{3093}\x{3056}\x{3093}"
              RenderRubyBase (anonymous) at (0,0) size 18x36
                RenderInline {RB} at (0,0) size 17x32
                  RenderText {#text} at (0,2) size 17x32
                    text run at (0,2) width 32: "\x{5357}\x{5C71}"
          RenderText {#text} at (1477,64) size 17x320
            text run at (1477,64) width 320: "\x{306B}\x{89AA}\x{53CB}\x{304C}\x{5949}\x{8077}\x{3057}\x{3066}\x{3044}\x{308B}\x{6B21}\x{7B2C}\x{3067}\x{3082}\x{306A}\x{3044}\x{3002}\x{8D85}\x{7136}\x{3068}"
          RenderRuby (inline) {RUBY} at (0,0) size 17x64
            RenderRubyRun (anonymous) at (1477,380) size 18x72
              RenderRubyText {RT} at (-10,0) size 10x72
                RenderText {#text} at (0,0) size 10x72
                  text run at (0,0) width 72: "\x{3057}\x{3085}\x{3063}\x{305B}\x{3051}\x{3093}\x{3066}\x{304D}"
              RenderRubyBase (anonymous) at (0,0) size 18x72
                RenderInline {RB} at (0,0) size 17x64
                  RenderText {#text} at (0,4) size 17x64
                    text run at (0,4) width 64: "\x{51FA}\x{4E16}\x{9593}\x{7684}"
          RenderText {#text} at (1477,448) size 44x480
            text run at (1477,448) width 32: "\x{306B}\x{5229}"
            text run at (1504,0) width 302: "\x{5BB3}\x{640D}\x{5F97}\x{306E}\x{6C57}\x{3092}\x{6D41}\x{3057}\x{53BB}\x{3063}\x{305F}\x{5FC3}\x{6301}\x{3061}\x{306B}\x{306A}\x{308C}\x{308B}\x{3002}"
          RenderRuby (inline) {RUBY} at (0,0) size 17x23
            RenderRubyRun (anonymous) at (1504,298) size 18x27
              RenderRubyText {RT} at (-10,0) size 10x27
                RenderText {#text} at (0,0) size 10x27
                  text run at (0,0) width 27: "\x{3072}\x{3068}\x{308A}"
              RenderRubyBase (anonymous) at (0,0) size 18x27
                RenderInline {RB} at (0,0) size 17x17
                  RenderText {#text} at (0,5) size 17x17
                    text run at (0,5) width 16: "\x{72EC}"
          RenderRuby (inline) {RUBY} at (0,0) size 17x85
            RenderRubyRun (anonymous) at (1504,325) size 18x89
              RenderRubyText {RT} at (-10,0) size 10x89
                RenderText {#text} at (0,0) size 10x89
                  text run at (0,0) width 89: "\x{3086}\x{3046}\x{3053}\x{3046}\x{306E}\x{3046}\x{3061}\x{306B}\x{3056}\x{3057}"
              RenderRubyBase (anonymous) at (0,0) size 18x89
                RenderInline {RB} at (0,0) size 17x65
                  RenderText {#text} at (0,12) size 17x65
                    text run at (0,12) width 64: "\x{5750}\x{5E7D}\x{7BC1}\x{88CF}"
          RenderText {#text} at (1504,410) size 17x16
            text run at (1504,410) width 16: "\x{3001}"
          RenderRuby (inline) {RUBY} at (0,0) size 17x59
            RenderRubyRun (anonymous) at (1504,422) size 18x63
              RenderRubyText {RT} at (-10,0) size 10x63
                RenderText {#text} at (0,0) size 10x63
                  text run at (0,0) width 63: "\x{304D}\x{3093}\x{3092}\x{3060}\x{3093}\x{3058}\x{3066}"
              RenderRubyBase (anonymous) at (0,0) size 18x63
                RenderInline {RB} at (0,0) size 17x33
                  RenderText {#text} at (0,15) size 17x33
                    text run at (0,15) width 32: "\x{5F3E}\x{7434}"
          RenderRuby (inline) {RUBY} at (0,0) size 17x77
            RenderRubyRun (anonymous) at (1531,0) size 18x81
              RenderRubyText {RT} at (-10,0) size 10x81
                RenderText {#text} at (0,0) size 10x81
                  text run at (0,0) width 81: "\x{307E}\x{305F}\x{3061}\x{3087}\x{3046}\x{3057}\x{3087}\x{3046}\x{3059}"
              RenderRubyBase (anonymous) at (0,0) size 18x81
                RenderInline {RB} at (0,0) size 17x49
                  RenderText {#text} at (0,16) size 17x49
                    text run at (0,16) width 48: "\x{5FA9}\x{9577}\x{562F}"
          RenderText {#text} at (1531,77) size 17x16
            text run at (1531,77) width 16: "\x{3001}"
          RenderRuby (inline) {RUBY} at (0,0) size 17x34
            RenderRubyRun (anonymous) at (1531,91) size 18x36
              RenderRubyText {RT} at (-10,0) size 10x36
                RenderText {#text} at (0,0) size 10x36
                  text run at (0,0) width 36: "\x{3057}\x{3093}\x{308A}\x{3093}"
              RenderRubyBase (anonymous) at (0,0) size 18x36
                RenderInline {RB} at (0,0) size 17x32
                  RenderText {#text} at (0,2) size 17x32
                    text run at (0,2) width 32: "\x{6DF1}\x{6797}"
          RenderRuby (inline) {RUBY} at (0,0) size 17x48
            RenderRubyRun (anonymous) at (1531,127) size 18x48
              RenderRubyText {RT} at (-10,0) size 10x48
                RenderText {#text} at (0,1) size 10x46
                  text run at (0,1) width 45: "\x{3072}\x{3068}\x{3057}\x{3089}\x{305A}"
              RenderRubyBase (anonymous) at (0,0) size 18x48
                RenderInline {RB} at (0,0) size 17x48
                  RenderText {#text} at (0,0) size 17x48
                    text run at (0,0) width 48: "\x{4EBA}\x{4E0D}\x{77E5}"
          RenderText {#text} at (1531,175) size 17x16
            text run at (1531,175) width 16: "\x{3001}"
          RenderRuby (inline) {RUBY} at (0,0) size 17x68
            RenderRubyRun (anonymous) at (1531,187) size 18x72
              RenderRubyText {RT} at (-10,0) size 10x72
                RenderText {#text} at (0,0) size 10x72
                  text run at (0,0) width 72: "\x{3081}\x{3044}\x{3052}\x{3064}\x{304D}\x{305F}\x{308A}\x{3066}"
              RenderRubyBase (anonymous) at (0,0) size 18x72
                RenderInline {RB} at (0,0) size 17x48
                  RenderText {#text} at (0,12) size 17x48
                    text run at (0,12) width 48: "\x{660E}\x{6708}\x{6765}"
          RenderRuby (inline) {RUBY} at (0,0) size 17x41
            RenderRubyRun (anonymous) at (1531,259) size 18x45
              RenderRubyText {RT} at (-10,0) size 10x45
                RenderText {#text} at (0,0) size 10x45
                  text run at (0,0) width 45: "\x{3042}\x{3044}\x{3066}\x{3089}\x{3059}"
              RenderRubyBase (anonymous) at (0,0) size 18x45
                RenderInline {RB} at (0,0) size 17x33
                  RenderText {#text} at (0,6) size 17x33
                    text run at (0,6) width 32: "\x{76F8}\x{7167}"
          RenderText {#text} at (1531,300) size 17x158
            text run at (1531,300) width 158: "\x{3002}\x{305F}\x{3060}\x{4E8C}\x{5341}\x{5B57}\x{306E}\x{3046}\x{3061}\x{306B}"
          RenderRuby (inline) {RUBY} at (0,0) size 17x16
            RenderRubyRun (anonymous) at (1531,457) size 18x18
              RenderRubyText {RT} at (-10,0) size 10x18
                RenderText {#text} at (0,0) size 10x18
                  text run at (0,0) width 18: "\x{3086}\x{3046}"
              RenderRubyBase (anonymous) at (0,0) size 18x18
                RenderInline {RB} at (0,0) size 17x16
                  RenderText {#text} at (0,1) size 17x16
                    text run at (0,1) width 16: "\x{512A}"
          RenderText {#text} at (1531,474) size 17x16
            text run at (1531,474) width 16: "\x{306B}"
          RenderRuby (inline) {RUBY} at (0,0) size 17x51
            RenderRubyRun (anonymous) at (1558,0) size 18x54
              RenderRubyText {RT} at (-10,0) size 10x54
                RenderText {#text} at (0,0) size 10x54
                  text run at (0,0) width 54: "\x{3079}\x{3064}\x{3051}\x{3093}\x{3053}\x{3093}"
              RenderRubyBase (anonymous) at (0,0) size 18x54
                RenderInline {RB} at (0,0) size 17x48
                  RenderText {#text} at (0,3) size 17x48
                    text run at (0,3) width 48: "\x{5225}\x{4E7E}\x{5764}"
          RenderText {#text} at (1558,51) size 17x16
            text run at (1558,51) width 16: "\x{3092}"
          RenderRuby (inline) {RUBY} at (0,0) size 17x37
            RenderRubyRun (anonymous) at (1558,63) size 18x45
              RenderRubyText {RT} at (-10,0) size 10x45
                RenderText {#text} at (0,0) size 10x45
                  text run at (0,0) width 45: "\x{3053}\x{3093}\x{308A}\x{3085}\x{3046}"
              RenderRubyBase (anonymous) at (0,0) size 18x45
                RenderInline {RB} at (0,0) size 17x33
                  RenderText {#text} at (0,6) size 17x33
                    text run at (0,6) width 32: "\x{5EFA}\x{7ACB}"
          RenderText {#text} at (1558,104) size 17x156
            text run at (1558,104) width 156: "\x{3057}\x{3066}\x{3044}\x{308B}\x{3002}\x{3053}\x{306E}\x{4E7E}\x{5764}\x{306E}"
          RenderRuby (inline) {RUBY} at (0,0) size 17x32
            RenderRubyRun (anonymous) at (1558,260) size 18x32
              RenderRubyText {RT} at (-10,0) size 10x32
                RenderText {#text} at (0,2) size 10x28
                  text run at (0,2) width 27: "\x{304F}\x{3069}\x{304F}"
              RenderRubyBase (anonymous) at (0,0) size 18x32
                RenderInline {RB} at (0,0) size 17x32
                  RenderText {#text} at (0,0) size 17x32
                    text run at (0,0) width 32: "\x{529F}\x{5FB3}"
          RenderText {#text} at (1558,292) size 17x32
            text run at (1558,292) width 32: "\x{306F}\x{300C}"
          RenderRuby (inline) {RUBY} at (0,0) size 17x48
            RenderRubyRun (anonymous) at (1558,324) size 18x48
              RenderRubyText {RT} at (-10,0) size 10x48
                RenderText {#text} at (0,1) size 10x46
                  text run at (0,1) width 45: "\x{307B}\x{3068}\x{3068}\x{304E}\x{3059}"
              RenderRubyBase (anonymous) at (0,0) size 18x48
                RenderInline {RB} at (0,0) size 17x48
                  RenderText {#text} at (0,0) size 17x48
                    text run at (0,0) width 48: "\x{4E0D}\x{5982}\x{5E30}"
          RenderText {#text} at (1558,372) size 17x48
            text run at (1558,372) width 48: "\x{300D}\x{3084}\x{300C}"
          RenderRuby (inline) {RUBY} at (0,0) size 17x64
            RenderRubyRun (anonymous) at (1558,420) size 18x64
              RenderRubyText {RT} at (-10,0) size 10x64
                RenderText {#text} at (0,0) size 10x64
                  text run at (0,0) width 63: "\x{3053}\x{3093}\x{3058}\x{304D}\x{3084}\x{3057}\x{3083}"
              RenderRubyBase (anonymous) at (0,0) size 18x64
                RenderInline {RB} at (0,0) size 17x64
                  RenderText {#text} at (0,0) size 17x64
                    text run at (0,0) width 64: "\x{91D1}\x{8272}\x{591C}\x{53C9}"
          RenderText {#text} at (1576,0) size 44x478
            text run at (1576,0) width 478: "\x{300D}\x{306E}\x{529F}\x{5FB3}\x{3067}\x{306F}\x{306A}\x{3044}\x{3002}\x{6C7D}\x{8239}\x{3001}\x{6C7D}\x{8ECA}\x{3001}\x{6A29}\x{5229}\x{3001}\x{7FA9}\x{52D9}\x{3001}\x{9053}\x{5FB3}\x{3001}\x{793C}\x{7FA9}\x{3067}\x{75B2}\x{308C}\x{679C}"
            text run at (1603,0) width 32: "\x{3066}\x{305F}"
          RenderRuby (inline) {RUBY} at (0,0) size 17x17
            RenderRubyRun (anonymous) at (1603,32) size 18x17
              RenderRubyText {RT} at (-10,0) size 10x17
                RenderText {#text} at (0,0) size 10x17
                  text run at (0,0) width 17: "\x{306E}\x{3061}"
              RenderRubyBase (anonymous) at (0,0) size 18x17
                RenderInline {RB} at (0,0) size 17x17
                  RenderText {#text} at (0,0) size 17x17
                    text run at (0,0) width 16: "\x{5F8C}"
          RenderText {#text} at (1603,49) size 17x416
            text run at (1603,49) width 416: "\x{306B}\x{3001}\x{3059}\x{3079}\x{3066}\x{3092}\x{5FD8}\x{5374}\x{3057}\x{3066}\x{3050}\x{3063}\x{3059}\x{308A}\x{5BDD}\x{8FBC}\x{3080}\x{3088}\x{3046}\x{306A}\x{529F}\x{5FB3}\x{3067}\x{3042}\x{308B}\x{3002}"
          RenderBR {BR} at (1603,465) size 17x0
