layer at (0,0) size 800x600
  RenderView at (0,0) size 800x600
layer at (0,0) size 800x600
  RenderBlock {HTML} at (0,0) size 800x600
    RenderBody {BODY} at (8,8) size 784x584
      RenderBlock {FORM} at (0,0) size 784x58
        RenderMenuList {SELECT} at (2,2) size 106x26 [bgcolor=#FFFFFF] [border: (1px solid #000000)]
          RenderBlock (anonymous) at (9,5) size 66x16
            RenderText at (0,0) size 66x16
              text run at (0,0) width 66: "append cell"
        RenderText {#text} at (110,5) size 52x19
          text run at (110,5) width 52: "   tbody "
        RenderTextControl {INPUT} at (164,3) size 67x24 [bgcolor=#FFFFFF] [border: (2px inset #000000)]
        RenderText {#text} at (233,5) size 41x19
          text run at (233,5) width 41: "   row "
        RenderTextControl {INPUT} at (276,3) size 67x24 [bgcolor=#FFFFFF] [border: (2px inset #000000)]
        RenderText {#text} at (345,5) size 35x19
          text run at (345,5) width 35: "   col "
        RenderTextControl {INPUT} at (382,3) size 67x24 [bgcolor=#FFFFFF] [border: (2px inset #000000)]
        RenderText {#text} at (451,5) size 74x19
          text run at (451,5) width 74: "   row span "
        RenderTextControl {INPUT} at (527,3) size 67x24 [bgcolor=#FFFFFF] [border: (2px inset #000000)]
        RenderText {#text} at (596,5) size 68x19
          text run at (596,5) width 68: "   col span "
        RenderTextControl {INPUT} at (666,3) size 67x24 [bgcolor=#FFFFFF] [border: (2px inset #000000)]
        RenderText {#text} at (735,5) size 16x19
          text run at (735,5) width 16: "    "
        RenderButton {INPUT} at (2,32) size 44x24 [bgcolor=#C0C0C0] [border: (2px outset #C0C0C0)]
          RenderBlock (anonymous) at (8,4) size 28x16
            RenderText at (0,0) size 28x16
              text run at (0,0) width 28: "Do It"
        RenderText {#text} at (0,0) size 0x0
      RenderBlock (anonymous) at (0,74) size 784x20
        RenderBR {BR} at (0,0) size 0x19
      RenderTable {TABLE} at (0,94) size 62x56 [bgcolor=#FFA500] [border: (1px outset #808080)]
        RenderTableSection {TBODY} at (1,1) size 60x54
          RenderTableRow {TR} at (0,2) size 60x24
            RenderTableCell {TD} at (2,2) size 27x24 [border: (1px inset #808080)] [r=0 c=0 rs=1 cs=1]
              RenderText {#text} at (2,2) size 23x19
                text run at (2,2) width 23: "c11"
          RenderTableRow {TR} at (0,28) size 60x24
            RenderTableCell {TD} at (2,28) size 27x24 [border: (1px inset #808080)] [r=1 c=0 rs=1 cs=1]
              RenderText {#text} at (2,2) size 23x19
                text run at (2,2) width 23: "c21"
            RenderTableCell {TD} at (31,28) size 27x24 [border: (1px inset #808080)] [r=1 c=1 rs=1 cs=1]
              RenderText {#text} at (2,2) size 23x19
                text run at (2,2) width 23: "c22"
      RenderBlock (anonymous) at (0,150) size 784x20
        RenderBR {BR} at (0,0) size 0x19
layer at (175,15) size 61x16
  RenderBlock {DIV} at (3,4) size 61x16
    RenderText {#text} at (1,0) size 7x16
      text run at (1,0) width 7: "0"
layer at (287,15) size 61x16
  RenderBlock {DIV} at (3,4) size 61x16
    RenderText {#text} at (1,0) size 7x16
      text run at (1,0) width 7: "0"
layer at (393,15) size 61x16
  RenderBlock {DIV} at (3,4) size 61x16
    RenderText {#text} at (1,0) size 7x16
      text run at (1,0) width 7: "0"
layer at (538,15) size 61x16
  RenderBlock {DIV} at (3,4) size 61x16
    RenderText {#text} at (1,0) size 7x16
      text run at (1,0) width 7: "1"
layer at (677,15) size 61x16
  RenderBlock {DIV} at (3,4) size 61x16
    RenderText {#text} at (1,0) size 7x16
      text run at (1,0) width 7: "1"
