layer at (0,0) size 800x600
  RenderView at (0,0) size 800x600
layer at (0,0) size 800x600
  RenderBlock {HTML} at (0,0) size 800x600
    RenderBody {BODY} at (8,8) size 784x584 [bgcolor=#CCCCCC]
      RenderBlock {P} at (0,0) size 784x20
        RenderText {#text} at (0,0) size 363x19
          text run at (0,0) width 363: "The style declarations which apply to the text below are:"
      RenderBlock {PRE} at (0,36) size 784x48
        RenderText {#text} at (0,0) size 256x48
          text run at (0,0) width 256: ".one {font-variant: small-caps;}"
          text run at (256,0) width 0: " "
          text run at (0,16) width 224: ".two {font-variant: normal;}"
          text run at (224,16) width 0: " "
          text run at (0,32) width 0: " "
      RenderBlock {HR} at (0,97) size 784x2 [border: (1px inset #000000)]
      RenderBlock {P} at (0,115) size 784x20
        RenderText {#text} at (0,0) size 267x19
          text run at (0,0) width 267: "This Paragraph should be in Small Caps."
      RenderBlock {P} at (0,151) size 784x20
        RenderText {#text} at (0,0) size 569x19
          text run at (0,0) width 569: "This Paragraph should be in Small Caps, but the Last Word in the Sentence should be "
        RenderInline {SPAN} at (0,0) size 50x19
          RenderText {#text} at (568,0) size 50x19
            text run at (568,0) width 50: "Normal"
        RenderText {#text} at (617,0) size 5x19
          text run at (617,0) width 5: "."
      RenderTable {TABLE} at (0,187) size 644x94 [border: (1px outset #808080)]
        RenderTableSection {TBODY} at (1,1) size 642x92
          RenderTableRow {TR} at (0,0) size 642x28
            RenderTableCell {TD} at (0,0) size 642x28 [bgcolor=#C0C0C0] [border: (1px inset #808080)] [r=0 c=0 rs=1 cs=2]
              RenderInline {STRONG} at (0,0) size 163x19
                RenderText {#text} at (4,4) size 163x19
                  text run at (4,4) width 163: "TABLE Testing Section"
          RenderTableRow {TR} at (0,28) size 642x64
            RenderTableCell {TD} at (0,46) size 12x28 [bgcolor=#C0C0C0] [border: (1px inset #808080)] [r=1 c=0 rs=1 cs=1]
              RenderText {#text} at (4,4) size 4x19
                text run at (4,4) width 4: " "
            RenderTableCell {TD} at (12,28) size 630x64 [border: (1px inset #808080)] [r=1 c=1 rs=1 cs=1]
              RenderBlock {P} at (4,4) size 622x20
                RenderText {#text} at (0,0) size 267x19
                  text run at (0,0) width 267: "This Paragraph should be in Small Caps."
              RenderBlock {P} at (4,40) size 622x20
                RenderText {#text} at (0,0) size 569x19
                  text run at (0,0) width 569: "This Paragraph should be in Small Caps, but the Last Word in the Sentence should be "
                RenderInline {SPAN} at (0,0) size 50x19
                  RenderText {#text} at (568,0) size 50x19
                    text run at (568,0) width 50: "Normal"
                RenderText {#text} at (617,0) size 5x19
                  text run at (617,0) width 5: "."
