layer at (0,0) size 800x707
  RenderView at (0,0) size 800x600
layer at (0,0) size 800x707
  RenderBlock {HTML} at (0,0) size 800x707
    RenderBody {BODY} at (8,8) size 784x691
      RenderBlock (anonymous) at (0,0) size 784x40
        RenderText {#text} at (0,0) size 761x39
          text run at (0,0) width 734: "In the test below, the column rules should not be visible, since a negative z-index child is painting on top of them. "
          text run at (733,0) width 28: "You"
          text run at (0,20) width 159: "should see no red below."
layer at (8,48) size 784x651 layerType: background only
layer at (13,53) size 774x641
  RenderBlock (positioned) zI: -1 {DIV} at (5,5) size 774x641 [bgcolor=#EEEEEE]
layer at (8,48) size 784x651 layerType: foreground only
  RenderBlock (relative positioned) {DIV} at (0,40) size 784x651 [bgcolor=#FF0000] [border: (5px solid #000000)]
    RenderText {#text} at (35,5) size 227x1881
      text run at (35,5) width 182: "Lorem ipsum dolor sit amet,"
      text run at (35,25) width 218: "consectetuer adipiscing elit. Nulla"
      text run at (35,45) width 184: "varius enim ac mi. Curabitur"
      text run at (35,65) width 180: "sollicitudin felis quis lectus."
      text run at (35,85) width 212: "Quisque adipiscing rhoncus sem."
      text run at (35,105) width 206: "Proin nulla purus, vulputate vel,"
      text run at (35,125) width 197: "varius ut, euismod et, nisi. Sed"
      text run at (35,145) width 225: "vitae felis vel orci sagittis aliquam."
      text run at (35,165) width 195: "Cras convallis adipiscing sem."
      text run at (35,185) width 193: "Nam nonummy enim. Nullam"
      text run at (35,205) width 164: "bibendum lobortis neque."
      text run at (35,225) width 191: "Vestibulum velit orci, tempus"
      text run at (35,245) width 209: "euismod, pretium quis, interdum"
      text run at (35,265) width 217: "vitae, nulla. Phasellus eget ante et"
      text run at (35,285) width 207: "tortor condimentum vestibulum."
      text run at (35,305) width 206: "Suspendisse hendrerit quam nec"
      text run at (35,325) width 217: "felis. Sed varius turpis vitae pede."
      text run at (35,345) width 182: "Lorem ipsum dolor sit amet,"
      text run at (35,365) width 217: "consectetuer adipiscing elit. Proin"
      text run at (35,385) width 197: "bibendum justo ac enim. Class"
      text run at (35,405) width 193: "aptent taciti sociosqu ad litora"
      text run at (35,425) width 205: "torquent per conubia nostra, per"
      text run at (35,445) width 225: "inceptos hymenaeos. Sed leo nulla,"
      text run at (35,465) width 217: "rutrum eu, dictum ut, posuere vel,"
      text run at (35,485) width 189: "arcu. Nam libero. Morbi orci."
      text run at (35,505) width 218: "Maecenas pellentesque. Curabitur"
      text run at (35,525) width 209: "erat erat, ullamcorper at, gravida"
      text run at (35,545) width 201: "vitae, iaculis vitae, elit. Nullam"
      text run at (35,565) width 172: "quam. Quisque orci lectus,"
      text run at (35,585) width 196: "ullamcorper eu, imperdiet sed,"
      text run at (35,605) width 198: "accumsan et, ligula. Duis diam"
      text run at (35,625) width 201: "nisl, sagittis a, blandit volutpat,"
      text run at (35,646) width 203: "interdum sed, velit. Vestibulum"
      text run at (35,666) width 199: "quam. Nulla a purus. Phasellus"
      text run at (35,686) width 182: "semper semper lectus. Nulla"
      text run at (35,706) width 218: "porttitor, dolor dictum scelerisque"
      text run at (35,726) width 223: "luctus, velit ipsum lobortis mauris,"
      text run at (35,746) width 201: "ac pretium enim nunc vel risus."
      text run at (35,766) width 199: "Proin gravida mi ut sem cursus"
      text run at (35,786) width 194: "mattis. Fusce laoreet, nisi quis"
      text run at (35,806) width 226: "luctus volutpat, arcu pede tincidunt"
      text run at (35,826) width 213: "enim, nec malesuada urna nisl eu"
      text run at (35,846) width 202: "enim. Vivamus varius augue ac"
      text run at (35,866) width 198: "purus. Vestibulum vestibulum."
      text run at (35,886) width 164: "Phasellus et est vitae ante"
      text run at (35,906) width 166: "accumsan rhoncus. Morbi"
      text run at (35,926) width 227: "convallis, arcu at hendrerit gravida,"
      text run at (35,946) width 192: "sem diam dignissim risus, sed"
      text run at (35,966) width 218: "aliquet erat mi ut mi. Nunc cursus"
      text run at (35,986) width 214: "lacinia elit. Nunc nisi. Quisque at"
      text run at (35,1006) width 195: "erat. Vestibulum dictum quam"
      text run at (35,1026) width 201: "vitae nibh. Nunc vitae ante non"
      text run at (35,1046) width 209: "odio interdum blandit. Curabitur"
      text run at (35,1066) width 216: "leo quam, fermentum sed, feugiat"
      text run at (35,1086) width 155: "in, ullamcorper id, nibh."
      text run at (35,1106) width 205: "Suspendisse ac turpis. In iaculis"
      text run at (35,1126) width 189: "sollicitudin dui. Aenean vitae"
      text run at (35,1146) width 193: "lectus vitae nulla pellentesque"
      text run at (35,1166) width 224: "sollicitudin. Nunc gravida pharetra"
      text run at (35,1186) width 220: "lectus. Etiam lacus ligula, placerat"
      text run at (35,1206) width 221: "ut, dictum vitae, tempus vel, risus."
      text run at (35,1226) width 190: "Cras rhoncus. Praesent varius"
      text run at (35,1246) width 220: "ultricies orci. Donec mattis, neque"
      text run at (35,1266) width 181: "ut ornare fringilla, ante urna"
      text run at (35,1287) width 205: "placerat eros, vel commodo nisi"
      text run at (35,1307) width 223: "tortor ut mauris. Morbi magna dui,"
      text run at (35,1327) width 185: "sagittis sit amet, tincidunt et,"
      text run at (35,1347) width 191: "elementum eget, quam. Fusce"
      text run at (35,1367) width 227: "molestie nisl vitae nisi. Vestibulum"
      text run at (35,1387) width 193: "a sapien. Phasellus ante lacus,"
      text run at (35,1407) width 217: "vehicula non, cursus a, tempor ut,"
      text run at (35,1427) width 223: "magna. Suspendisse potenti. Fusce"
      text run at (35,1447) width 193: "aliquet, odio viverra vulputate"
      text run at (35,1467) width 220: "dictum, enim odio luctus purus, ut"
      text run at (35,1487) width 201: "scelerisque quam nulla non est."
      text run at (35,1507) width 203: "Donec eros lacus, egestas vitae,"
      text run at (35,1527) width 200: "lacinia quis, tempor quis, pede."
      text run at (35,1547) width 213: "Morbi orci erat, iaculis id, ornare"
      text run at (35,1567) width 186: "ac, elementum at, sem. Nunc"
      text run at (35,1587) width 168: "ornare sodales nisi. Morbi"
      text run at (35,1607) width 199: "interdum commodo nisl. Fusce"
      text run at (35,1627) width 216: "eget eros non nisi ornare facilisis."
      text run at (35,1647) width 187: "Sed placerat, est non posuere"
      text run at (35,1667) width 190: "posuere, purus sem dignissim"
      text run at (35,1687) width 202: "libero, a viverra tellus dolor vel"
      text run at (35,1707) width 219: "lorem. Cras augue. Etiam ultricies"
      text run at (35,1727) width 214: "consequat odio. Mauris ac libero."
      text run at (35,1747) width 173: "Etiam posuere, libero vitae"
      text run at (35,1767) width 168: "euismod gravida, urna elit"
      text run at (35,1787) width 205: "imperdiet magna, vel cursus elit"
      text run at (35,1807) width 214: "felis non mauris. Donec orci erat,"
      text run at (35,1827) width 194: "porta id, dignissim ut, posuere"
      text run at (35,1847) width 159: "dictum, leo. Suspendisse"
      text run at (35,1867) width 162: "scelerisque egestas nulla."
