layer at (0,0) size 800x808
  RenderView at (0,0) size 800x600
layer at (0,0) size 800x808
  RenderBlock {HTML} at (0,0) size 800x808
    RenderBody {BODY} at (8,8) size 784x792
layer at (8,8) size 784x388
  RenderBlock {DIV} at (0,0) size 784x388 [border: (5px solid #0000FF)]
    RenderBlock (anonymous) at (5,5) size 379x378
      RenderText {#text} at (0,0) size 113x17
        text run at (0,0) width 113: "This is some text."
      RenderBR {BR} at (112,13) size 1x0
      RenderText {#text} at (0,18) size 113x17
        text run at (0,18) width 113: "This is some text."
      RenderBR {BR} at (112,31) size 1x0
      RenderText {#text} at (0,36) size 113x17
        text run at (0,36) width 113: "This is some text."
      RenderBR {BR} at (112,49) size 1x0
      RenderText {#text} at (0,54) size 113x17
        text run at (0,54) width 113: "This is some text."
      RenderBR {BR} at (112,67) size 1x0
      RenderText {#text} at (0,72) size 113x17
        text run at (0,72) width 113: "This is some text."
      RenderBR {BR} at (112,85) size 1x0
      RenderText {#text} at (0,90) size 113x17
        text run at (0,90) width 113: "This is some text."
      RenderBR {BR} at (112,103) size 1x0
      RenderText {#text} at (0,108) size 113x17
        text run at (0,108) width 113: "This is some text."
      RenderBR {BR} at (112,121) size 1x0
      RenderText {#text} at (0,126) size 113x17
        text run at (0,126) width 113: "This is some text."
      RenderBR {BR} at (112,139) size 1x0
      RenderText {#text} at (0,144) size 113x17
        text run at (0,144) width 113: "This is some text."
      RenderBR {BR} at (112,157) size 1x0
      RenderText {#text} at (0,162) size 113x17
        text run at (0,162) width 113: "This is some text."
      RenderBR {BR} at (112,175) size 1x0
      RenderText {#text} at (0,180) size 113x17
        text run at (0,180) width 113: "This is some text."
      RenderBR {BR} at (112,193) size 1x0
      RenderText {#text} at (0,198) size 113x17
        text run at (0,198) width 113: "This is some text."
      RenderBR {BR} at (112,211) size 1x0
      RenderText {#text} at (0,216) size 113x17
        text run at (0,216) width 113: "This is some text."
      RenderBR {BR} at (112,229) size 1x0
      RenderText {#text} at (0,234) size 113x17
        text run at (0,234) width 113: "This is some text."
      RenderBR {BR} at (112,247) size 1x0
      RenderText {#text} at (0,252) size 113x17
        text run at (0,252) width 113: "This is some text."
      RenderBR {BR} at (112,265) size 1x0
      RenderText {#text} at (0,270) size 113x17
        text run at (0,270) width 113: "This is some text."
      RenderBR {BR} at (112,283) size 1x0
      RenderText {#text} at (0,288) size 113x17
        text run at (0,288) width 113: "This is some text."
      RenderBR {BR} at (112,301) size 1x0
      RenderText {#text} at (0,306) size 113x17
        text run at (0,306) width 113: "This is some text."
      RenderBR {BR} at (112,319) size 1x0
      RenderText {#text} at (0,324) size 113x17
        text run at (0,324) width 113: "This is some text."
      RenderBR {BR} at (112,337) size 1x0
      RenderText {#text} at (0,342) size 113x17
        text run at (0,342) width 113: "This is some text."
      RenderBR {BR} at (112,355) size 1x0
      RenderText {#text} at (0,360) size 113x17
        text run at (0,360) width 113: "This is some text."
      RenderBR {BR} at (112,373) size 1x0
    RenderBlock {DIV} at (5,383) size 379x72
      RenderText {#text} at (0,0) size 267x17
        text run at (0,0) width 267: "This text should be in the second column."
      RenderBR {BR} at (266,13) size 1x0
      RenderText {#text} at (0,18) size 267x17
        text run at (0,18) width 267: "This text should be in the second column."
      RenderBR {BR} at (266,31) size 1x0
      RenderText {#text} at (0,36) size 267x17
        text run at (0,36) width 267: "This text should be in the second column."
      RenderBR {BR} at (266,49) size 1x0
      RenderText {#text} at (0,54) size 267x17
        text run at (0,54) width 267: "This text should be in the second column."
      RenderBR {BR} at (266,67) size 1x0
layer at (8,412) size 784x388
  RenderBlock {DIV} at (0,404) size 784x388 [border: (5px solid #0000FF)]
    RenderBlock (anonymous) at (5,5) size 379x72
      RenderText {#text} at (0,0) size 249x17
        text run at (0,0) width 249: "This text should be in the first column."
      RenderBR {BR} at (248,13) size 1x0
      RenderText {#text} at (0,18) size 249x17
        text run at (0,18) width 249: "This text should be in the first column."
      RenderBR {BR} at (248,31) size 1x0
      RenderText {#text} at (0,36) size 249x17
        text run at (0,36) width 249: "This text should be in the first column."
      RenderBR {BR} at (248,49) size 1x0
      RenderText {#text} at (0,54) size 249x17
        text run at (0,54) width 249: "This text should be in the first column."
      RenderBR {BR} at (248,67) size 1x0
    RenderBlock {DIV} at (5,383) size 379x378
      RenderText {#text} at (0,0) size 113x17
        text run at (0,0) width 113: "This is some text."
      RenderBR {BR} at (112,13) size 1x0
      RenderText {#text} at (0,18) size 113x17
        text run at (0,18) width 113: "This is some text."
      RenderBR {BR} at (112,31) size 1x0
      RenderText {#text} at (0,36) size 113x17
        text run at (0,36) width 113: "This is some text."
      RenderBR {BR} at (112,49) size 1x0
      RenderText {#text} at (0,54) size 113x17
        text run at (0,54) width 113: "This is some text."
      RenderBR {BR} at (112,67) size 1x0
      RenderText {#text} at (0,72) size 113x17
        text run at (0,72) width 113: "This is some text."
      RenderBR {BR} at (112,85) size 1x0
      RenderText {#text} at (0,90) size 113x17
        text run at (0,90) width 113: "This is some text."
      RenderBR {BR} at (112,103) size 1x0
      RenderText {#text} at (0,108) size 113x17
        text run at (0,108) width 113: "This is some text."
      RenderBR {BR} at (112,121) size 1x0
      RenderText {#text} at (0,126) size 113x17
        text run at (0,126) width 113: "This is some text."
      RenderBR {BR} at (112,139) size 1x0
      RenderText {#text} at (0,144) size 113x17
        text run at (0,144) width 113: "This is some text."
      RenderBR {BR} at (112,157) size 1x0
      RenderText {#text} at (0,162) size 113x17
        text run at (0,162) width 113: "This is some text."
      RenderBR {BR} at (112,175) size 1x0
      RenderText {#text} at (0,180) size 113x17
        text run at (0,180) width 113: "This is some text."
      RenderBR {BR} at (112,193) size 1x0
      RenderText {#text} at (0,198) size 113x17
        text run at (0,198) width 113: "This is some text."
      RenderBR {BR} at (112,211) size 1x0
      RenderText {#text} at (0,216) size 113x17
        text run at (0,216) width 113: "This is some text."
      RenderBR {BR} at (112,229) size 1x0
      RenderText {#text} at (0,234) size 113x17
        text run at (0,234) width 113: "This is some text."
      RenderBR {BR} at (112,247) size 1x0
      RenderText {#text} at (0,252) size 113x17
        text run at (0,252) width 113: "This is some text."
      RenderBR {BR} at (112,265) size 1x0
      RenderText {#text} at (0,270) size 113x17
        text run at (0,270) width 113: "This is some text."
      RenderBR {BR} at (112,283) size 1x0
      RenderText {#text} at (0,288) size 113x17
        text run at (0,288) width 113: "This is some text."
      RenderBR {BR} at (112,301) size 1x0
      RenderText {#text} at (0,306) size 113x17
        text run at (0,306) width 113: "This is some text."
      RenderBR {BR} at (112,319) size 1x0
      RenderText {#text} at (0,324) size 113x17
        text run at (0,324) width 113: "This is some text."
      RenderBR {BR} at (112,337) size 1x0
      RenderText {#text} at (0,342) size 113x17
        text run at (0,342) width 113: "This is some text."
      RenderBR {BR} at (112,355) size 1x0
      RenderText {#text} at (0,360) size 113x17
        text run at (0,360) width 113: "This is some text."
      RenderBR {BR} at (112,373) size 1x0
