layer at (0,0) size 1188x1680
  RenderView at (0,0) size 800x600
layer at (0,0) size 800x1680
  RenderBlock {HTML} at (0,0) size 800x1680
    RenderBody {BODY} at (8,8) size 784x1664
layer at (8,8) size 784x404
  RenderBlock {DIV} at (0,0) size 784x404 [border: (2px solid #000000)]
    RenderBlock (anonymous) at (2,2) size 382x280
      RenderText {#text} at (0,0) size 110x19
        text run at (0,0) width 110: "This is some text."
      RenderBR {BR} at (110,15) size 0x0
      RenderText {#text} at (0,20) size 110x19
        text run at (0,20) width 110: "This is some text."
      RenderBR {BR} at (110,35) size 0x0
      RenderText {#text} at (0,40) size 110x19
        text run at (0,40) width 110: "This is some text."
      RenderBR {BR} at (110,55) size 0x0
      RenderText {#text} at (0,60) size 110x19
        text run at (0,60) width 110: "This is some text."
      RenderBR {BR} at (110,75) size 0x0
      RenderText {#text} at (0,80) size 110x19
        text run at (0,80) width 110: "This is some text."
      RenderBR {BR} at (110,95) size 0x0
      RenderText {#text} at (0,100) size 110x19
        text run at (0,100) width 110: "This is some text."
      RenderBR {BR} at (110,115) size 0x0
      RenderText {#text} at (0,120) size 110x19
        text run at (0,120) width 110: "This is some text."
      RenderBR {BR} at (110,135) size 0x0
      RenderText {#text} at (0,140) size 110x19
        text run at (0,140) width 110: "This is some text."
      RenderBR {BR} at (110,155) size 0x0
      RenderText {#text} at (0,160) size 110x19
        text run at (0,160) width 110: "This is some text."
      RenderBR {BR} at (110,175) size 0x0
      RenderText {#text} at (0,180) size 110x19
        text run at (0,180) width 110: "This is some text."
      RenderBR {BR} at (110,195) size 0x0
      RenderText {#text} at (0,200) size 110x19
        text run at (0,200) width 110: "This is some text."
      RenderBR {BR} at (110,215) size 0x0
      RenderText {#text} at (0,220) size 110x19
        text run at (0,220) width 110: "This is some text."
      RenderBR {BR} at (110,235) size 0x0
      RenderText {#text} at (0,240) size 110x19
        text run at (0,240) width 110: "This is some text."
      RenderBR {BR} at (110,255) size 0x0
      RenderText {#text} at (0,260) size 110x19
        text run at (0,260) width 110: "This is some text."
      RenderBR {BR} at (110,275) size 0x0
    RenderBlock {P} at (2,298) size 382x624
      RenderBlock (floating) {SPAN} at (0,104) size 78x150
        RenderText {#text} at (0,2) size 78x145
          text run at (0,2) width 78: "T"
      RenderText {#text} at (78,104) size 100x19
        text run at (78,104) width 100: "his is some text."
      RenderBR {BR} at (178,119) size 0x0
      RenderText {#text} at (78,124) size 110x19
        text run at (78,124) width 110: "This is some text."
      RenderBR {BR} at (188,139) size 0x0
      RenderText {#text} at (78,144) size 110x19
        text run at (78,144) width 110: "This is some text."
      RenderBR {BR} at (188,159) size 0x0
      RenderText {#text} at (78,164) size 110x19
        text run at (78,164) width 110: "This is some text."
      RenderBR {BR} at (188,179) size 0x0
      RenderText {#text} at (78,184) size 110x19
        text run at (78,184) width 110: "This is some text."
      RenderBR {BR} at (188,199) size 0x0
      RenderText {#text} at (78,204) size 110x19
        text run at (78,204) width 110: "This is some text."
      RenderBR {BR} at (188,219) size 0x0
      RenderText {#text} at (78,224) size 110x19
        text run at (78,224) width 110: "This is some text."
      RenderBR {BR} at (188,239) size 0x0
      RenderText {#text} at (78,244) size 110x19
        text run at (78,244) width 110: "This is some text."
      RenderBR {BR} at (188,259) size 0x0
      RenderText {#text} at (0,264) size 110x19
        text run at (0,264) width 110: "This is some text."
      RenderBR {BR} at (110,279) size 0x0
      RenderText {#text} at (0,284) size 110x19
        text run at (0,284) width 110: "This is some text."
      RenderBR {BR} at (110,299) size 0x0
      RenderText {#text} at (0,304) size 110x19
        text run at (0,304) width 110: "This is some text."
      RenderBR {BR} at (110,319) size 0x0
      RenderText {#text} at (0,324) size 110x19
        text run at (0,324) width 110: "This is some text."
      RenderBR {BR} at (110,339) size 0x0
      RenderText {#text} at (0,344) size 110x19
        text run at (0,344) width 110: "This is some text."
      RenderBR {BR} at (110,359) size 0x0
      RenderText {#text} at (0,364) size 110x19
        text run at (0,364) width 110: "This is some text."
      RenderBR {BR} at (110,379) size 0x0
      RenderText {#text} at (0,384) size 110x19
        text run at (0,384) width 110: "This is some text."
      RenderBR {BR} at (110,399) size 0x0
      RenderText {#text} at (0,404) size 110x19
        text run at (0,404) width 110: "This is some text."
      RenderBR {BR} at (110,419) size 0x0
      RenderText {#text} at (0,424) size 110x19
        text run at (0,424) width 110: "This is some text."
      RenderBR {BR} at (110,439) size 0x0
      RenderText {#text} at (0,444) size 110x19
        text run at (0,444) width 110: "This is some text."
      RenderBR {BR} at (110,459) size 0x0
      RenderText {#text} at (0,464) size 110x19
        text run at (0,464) width 110: "This is some text."
      RenderBR {BR} at (110,479) size 0x0
      RenderText {#text} at (0,484) size 110x19
        text run at (0,484) width 110: "This is some text."
      RenderBR {BR} at (110,499) size 0x0
      RenderText {#text} at (0,504) size 110x19
        text run at (0,504) width 110: "This is some text."
      RenderBR {BR} at (110,519) size 0x0
      RenderText {#text} at (0,524) size 110x19
        text run at (0,524) width 110: "This is some text."
      RenderBR {BR} at (110,539) size 0x0
      RenderText {#text} at (0,544) size 110x19
        text run at (0,544) width 110: "This is some text."
      RenderBR {BR} at (110,559) size 0x0
      RenderText {#text} at (0,564) size 110x19
        text run at (0,564) width 110: "This is some text."
      RenderBR {BR} at (110,579) size 0x0
      RenderText {#text} at (0,584) size 110x19
        text run at (0,584) width 110: "This is some text."
      RenderBR {BR} at (110,599) size 0x0
      RenderText {#text} at (0,604) size 110x19
        text run at (0,604) width 110: "This is some text."
      RenderBR {BR} at (110,619) size 0x0
layer at (8,428) size 784x404
  RenderBlock {DIV} at (0,420) size 784x404 [border: (2px solid #000000)]
    RenderBlock (anonymous) at (2,2) size 382x280
      RenderText {#text} at (0,0) size 110x19
        text run at (0,0) width 110: "This is some text."
      RenderBR {BR} at (110,15) size 0x0
      RenderText {#text} at (0,20) size 110x19
        text run at (0,20) width 110: "This is some text."
      RenderBR {BR} at (110,35) size 0x0
      RenderText {#text} at (0,40) size 110x19
        text run at (0,40) width 110: "This is some text."
      RenderBR {BR} at (110,55) size 0x0
      RenderText {#text} at (0,60) size 110x19
        text run at (0,60) width 110: "This is some text."
      RenderBR {BR} at (110,75) size 0x0
      RenderText {#text} at (0,80) size 110x19
        text run at (0,80) width 110: "This is some text."
      RenderBR {BR} at (110,95) size 0x0
      RenderText {#text} at (0,100) size 110x19
        text run at (0,100) width 110: "This is some text."
      RenderBR {BR} at (110,115) size 0x0
      RenderText {#text} at (0,120) size 110x19
        text run at (0,120) width 110: "This is some text."
      RenderBR {BR} at (110,135) size 0x0
      RenderText {#text} at (0,140) size 110x19
        text run at (0,140) width 110: "This is some text."
      RenderBR {BR} at (110,155) size 0x0
      RenderText {#text} at (0,160) size 110x19
        text run at (0,160) width 110: "This is some text."
      RenderBR {BR} at (110,175) size 0x0
      RenderText {#text} at (0,180) size 110x19
        text run at (0,180) width 110: "This is some text."
      RenderBR {BR} at (110,195) size 0x0
      RenderText {#text} at (0,200) size 110x19
        text run at (0,200) width 110: "This is some text."
      RenderBR {BR} at (110,215) size 0x0
      RenderText {#text} at (0,220) size 110x19
        text run at (0,220) width 110: "This is some text."
      RenderBR {BR} at (110,235) size 0x0
      RenderText {#text} at (0,240) size 110x19
        text run at (0,240) width 110: "This is some text."
      RenderBR {BR} at (110,255) size 0x0
      RenderText {#text} at (0,260) size 110x19
        text run at (0,260) width 110: "This is some text."
      RenderBR {BR} at (110,275) size 0x0
    RenderBlock {P} at (2,298) size 382x624
      RenderImage {IMG} at (0,104) size 100x100 [bgcolor=#008000]
      RenderImage {IMG} at (282,104) size 100x200 [bgcolor=#008000]
      RenderText {#text} at (100,104) size 106x19
        text run at (100,104) width 106: "This is some text"
      RenderBR {BR} at (206,119) size 0x0
      RenderText {#text} at (100,124) size 110x19
        text run at (100,124) width 110: "This is some text."
      RenderBR {BR} at (210,139) size 0x0
      RenderText {#text} at (100,144) size 110x19
        text run at (100,144) width 110: "This is some text."
      RenderBR {BR} at (210,159) size 0x0
      RenderText {#text} at (100,164) size 110x19
        text run at (100,164) width 110: "This is some text."
      RenderBR {BR} at (210,179) size 0x0
      RenderText {#text} at (100,184) size 110x19
        text run at (100,184) width 110: "This is some text."
      RenderBR {BR} at (210,199) size 0x0
      RenderText {#text} at (0,204) size 110x19
        text run at (0,204) width 110: "This is some text."
      RenderBR {BR} at (110,219) size 0x0
      RenderText {#text} at (0,224) size 110x19
        text run at (0,224) width 110: "This is some text."
      RenderBR {BR} at (110,239) size 0x0
      RenderText {#text} at (0,244) size 110x19
        text run at (0,244) width 110: "This is some text."
      RenderBR {BR} at (110,259) size 0x0
      RenderText {#text} at (0,264) size 110x19
        text run at (0,264) width 110: "This is some text."
      RenderBR {BR} at (110,279) size 0x0
      RenderText {#text} at (0,284) size 110x19
        text run at (0,284) width 110: "This is some text."
      RenderBR {BR} at (110,299) size 0x0
      RenderText {#text} at (0,304) size 110x19
        text run at (0,304) width 110: "This is some text."
      RenderBR {BR} at (110,319) size 0x0
      RenderText {#text} at (0,324) size 110x19
        text run at (0,324) width 110: "This is some text."
      RenderBR {BR} at (110,339) size 0x0
      RenderText {#text} at (0,344) size 110x19
        text run at (0,344) width 110: "This is some text."
      RenderBR {BR} at (110,359) size 0x0
      RenderText {#text} at (0,364) size 110x19
        text run at (0,364) width 110: "This is some text."
      RenderBR {BR} at (110,379) size 0x0
      RenderText {#text} at (0,384) size 110x19
        text run at (0,384) width 110: "This is some text."
      RenderBR {BR} at (110,399) size 0x0
      RenderText {#text} at (0,404) size 110x19
        text run at (0,404) width 110: "This is some text."
      RenderBR {BR} at (110,419) size 0x0
      RenderText {#text} at (0,424) size 110x19
        text run at (0,424) width 110: "This is some text."
      RenderBR {BR} at (110,439) size 0x0
      RenderText {#text} at (0,444) size 110x19
        text run at (0,444) width 110: "This is some text."
      RenderBR {BR} at (110,459) size 0x0
      RenderText {#text} at (0,464) size 110x19
        text run at (0,464) width 110: "This is some text."
      RenderBR {BR} at (110,479) size 0x0
      RenderText {#text} at (0,484) size 110x19
        text run at (0,484) width 110: "This is some text."
      RenderBR {BR} at (110,499) size 0x0
      RenderText {#text} at (0,504) size 110x19
        text run at (0,504) width 110: "This is some text."
      RenderBR {BR} at (110,519) size 0x0
      RenderText {#text} at (0,524) size 110x19
        text run at (0,524) width 110: "This is some text."
      RenderBR {BR} at (110,539) size 0x0
      RenderText {#text} at (0,544) size 110x19
        text run at (0,544) width 110: "This is some text."
      RenderBR {BR} at (110,559) size 0x0
      RenderText {#text} at (0,564) size 110x19
        text run at (0,564) width 110: "This is some text."
      RenderBR {BR} at (110,579) size 0x0
      RenderText {#text} at (0,584) size 110x19
        text run at (0,584) width 110: "This is some text."
      RenderBR {BR} at (110,599) size 0x0
      RenderText {#text} at (0,604) size 110x19
        text run at (0,604) width 110: "This is some text."
      RenderBR {BR} at (110,619) size 0x0
layer at (8,848) size 784x404
  RenderBlock {DIV} at (0,840) size 784x404 [border: (2px solid #000000)]
    RenderImage {IMG} at (2,2) size 300x390 [bgcolor=#008000]
    RenderText {#text} at (302,2) size 380x419
      text run at (302,2) width 73: "Longer text"
      text run at (302,22) width 72: "designed to"
      text run at (302,42) width 80: "test float and"
      text run at (302,62) width 60: "wrapping"
      text run at (302,82) width 59: "behavior."
      text run at (302,102) width 73: "Longer text"
      text run at (302,122) width 72: "designed to"
      text run at (302,142) width 80: "test float and"
      text run at (302,162) width 60: "wrapping"
      text run at (302,182) width 59: "behavior."
      text run at (302,202) width 73: "Longer text"
      text run at (302,222) width 72: "designed to"
      text run at (302,242) width 80: "test float and"
      text run at (302,262) width 60: "wrapping"
      text run at (302,282) width 59: "behavior."
      text run at (302,302) width 73: "Longer text"
      text run at (302,322) width 72: "designed to"
      text run at (302,342) width 80: "test float and"
      text run at (302,362) width 60: "wrapping"
      text run at (302,382) width 59: "behavior."
      text run at (2,402) width 360: "Longer text designed to test float and wrapping behavior."
layer at (8,1268) size 784x404
  RenderBlock {DIV} at (0,1260) size 784x404 [border: (2px solid #000000)]
    RenderImage {IMG} at (2,2) size 382x380 [bgcolor=#0000FF]
    RenderInline {SPAN} at (0,0) size 370x251
      RenderImage {IMG} at (2,402) size 100x20 [bgcolor=#008000]
      RenderText {#text} at (102,402) size 211x27
        text run at (102,402) width 211: "Longer text designed "
      RenderImage {IMG} at (284,430) size 100x20 [bgcolor=#008000]
      RenderText {#text} at (313,402) size 370x251
        text run at (313,402) width 59: "to test"
        text run at (2,430) width 280: "float and wrapping behavior."
        text run at (2,458) width 362: "Longer text designed to test float and"
        text run at (2,486) width 307: "wrapping behavior. Longer text"
        text run at (2,514) width 340: "designed to test float and wrapping"
        text run at (2,542) width 367: "behavior. Longer text designed to test"
        text run at (2,570) width 356: "float and wrapping behavior. Longer"
        text run at (2,598) width 286: "text designed to test float and"
        text run at (2,626) width 188: "wrapping behavior."
    RenderText {#text} at (0,0) size 0x0
