layer at (0,0) size 1586x600
  RenderView at (0,0) size 800x600
layer at (0,0) size 800x600
  RenderBlock {HTML} at (0,0) size 800x600
    RenderBody {BODY} at (8,8) size 784x584
layer at (8,8) size 784x404
  RenderBlock {DIV} at (0,0) size 784x404 [border: (2px solid #000000)]
    RenderBlock (anonymous) at (2,2) size 382x180
      RenderText {#text} at (0,0) size 113x17
        text run at (0,0) width 113: "This is some text."
      RenderBR {BR} at (112,13) size 1x0
      RenderText {#text} at (0,18) size 113x17
        text run at (0,18) width 113: "This is some text."
      RenderBR {BR} at (112,31) size 1x0
      RenderText {#text} at (0,36) size 113x17
        text run at (0,36) width 113: "This is some text."
      RenderBR {BR} at (112,49) size 1x0
      RenderText {#text} at (0,54) size 113x17
        text run at (0,54) width 113: "This is some text."
      RenderBR {BR} at (112,67) size 1x0
      RenderText {#text} at (0,72) size 113x17
        text run at (0,72) width 113: "This is some text."
      RenderBR {BR} at (112,85) size 1x0
      RenderText {#text} at (0,90) size 113x17
        text run at (0,90) width 113: "This is some text."
      RenderBR {BR} at (112,103) size 1x0
      RenderText {#text} at (0,108) size 113x17
        text run at (0,108) width 113: "This is some text."
      RenderBR {BR} at (112,121) size 1x0
      RenderText {#text} at (0,126) size 113x17
        text run at (0,126) width 113: "This is some text."
      RenderBR {BR} at (112,139) size 1x0
      RenderText {#text} at (0,144) size 113x17
        text run at (0,144) width 113: "This is some text."
      RenderBR {BR} at (112,157) size 1x0
      RenderText {#text} at (0,162) size 113x17
        text run at (0,162) width 113: "This is some text."
      RenderBR {BR} at (112,175) size 1x0
    RenderImage {IMG} at (2,402) size 250x300 [bgcolor=#008000]
    RenderBlock (anonymous) at (2,702) size 382x554
      RenderText {#text} at (0,0) size 113x17
        text run at (0,0) width 113: "This is some text."
      RenderBR {BR} at (112,13) size 1x0
      RenderText {#text} at (0,18) size 113x17
        text run at (0,18) width 113: "This is some text."
      RenderBR {BR} at (112,31) size 1x0
      RenderText {#text} at (0,36) size 113x17
        text run at (0,36) width 113: "This is some text."
      RenderBR {BR} at (112,49) size 1x0
      RenderText {#text} at (0,54) size 113x17
        text run at (0,54) width 113: "This is some text."
      RenderBR {BR} at (112,67) size 1x0
      RenderText {#text} at (0,72) size 113x17
        text run at (0,72) width 113: "This is some text."
      RenderBR {BR} at (112,85) size 1x0
      RenderText {#text} at (0,100) size 113x17
        text run at (0,100) width 113: "This is some text."
      RenderBR {BR} at (112,113) size 1x0
      RenderText {#text} at (0,118) size 113x17
        text run at (0,118) width 113: "This is some text."
      RenderBR {BR} at (112,131) size 1x0
      RenderText {#text} at (0,136) size 113x17
        text run at (0,136) width 113: "This is some text."
      RenderBR {BR} at (112,149) size 1x0
      RenderText {#text} at (0,154) size 113x17
        text run at (0,154) width 113: "This is some text."
      RenderBR {BR} at (112,167) size 1x0
      RenderText {#text} at (0,172) size 113x17
        text run at (0,172) width 113: "This is some text."
      RenderBR {BR} at (112,185) size 1x0
      RenderText {#text} at (0,190) size 113x17
        text run at (0,190) width 113: "This is some text."
      RenderBR {BR} at (112,203) size 1x0
      RenderText {#text} at (0,208) size 113x17
        text run at (0,208) width 113: "This is some text."
      RenderBR {BR} at (112,221) size 1x0
      RenderText {#text} at (0,226) size 113x17
        text run at (0,226) width 113: "This is some text."
      RenderBR {BR} at (112,239) size 1x0
      RenderText {#text} at (0,244) size 113x17
        text run at (0,244) width 113: "This is some text."
      RenderBR {BR} at (112,257) size 1x0
      RenderText {#text} at (0,262) size 113x17
        text run at (0,262) width 113: "This is some text."
      RenderBR {BR} at (112,275) size 1x0
      RenderText {#text} at (0,280) size 113x17
        text run at (0,280) width 113: "This is some text."
      RenderBR {BR} at (112,293) size 1x0
      RenderText {#text} at (0,298) size 113x17
        text run at (0,298) width 113: "This is some text."
      RenderBR {BR} at (112,311) size 1x0
      RenderText {#text} at (0,316) size 113x17
        text run at (0,316) width 113: "This is some text."
      RenderBR {BR} at (112,329) size 1x0
      RenderText {#text} at (0,334) size 113x17
        text run at (0,334) width 113: "This is some text."
      RenderBR {BR} at (112,347) size 1x0
      RenderText {#text} at (0,352) size 113x17
        text run at (0,352) width 113: "This is some text."
      RenderBR {BR} at (112,365) size 1x0
      RenderText {#text} at (0,370) size 113x17
        text run at (0,370) width 113: "This is some text."
      RenderBR {BR} at (112,383) size 1x0
      RenderText {#text} at (0,388) size 113x17
        text run at (0,388) width 113: "This is some text."
      RenderBR {BR} at (112,401) size 1x0
      RenderText {#text} at (0,406) size 113x17
        text run at (0,406) width 113: "This is some text."
      RenderBR {BR} at (112,419) size 1x0
      RenderText {#text} at (0,424) size 113x17
        text run at (0,424) width 113: "This is some text."
      RenderBR {BR} at (112,437) size 1x0
      RenderText {#text} at (0,442) size 113x17
        text run at (0,442) width 113: "This is some text."
      RenderBR {BR} at (112,455) size 1x0
      RenderText {#text} at (0,460) size 113x17
        text run at (0,460) width 113: "This is some text."
      RenderBR {BR} at (112,473) size 1x0
      RenderText {#text} at (0,478) size 113x17
        text run at (0,478) width 113: "This is some text."
      RenderBR {BR} at (112,491) size 1x0
      RenderText {#text} at (0,500) size 113x17
        text run at (0,500) width 113: "This is some text."
      RenderBR {BR} at (112,513) size 1x0
      RenderText {#text} at (0,518) size 113x17
        text run at (0,518) width 113: "This is some text."
      RenderBR {BR} at (112,531) size 1x0
      RenderText {#text} at (0,536) size 113x17
        text run at (0,536) width 113: "This is some text."
      RenderBR {BR} at (112,549) size 1x0
