layer at (0,0) size 1117x600
  RenderView at (0,0) size 800x600
layer at (0,0) size 800x600
  RenderBlock {HTML} at (0,0) size 800x600
    RenderBody {BODY} at (8,8) size 784x584
layer at (8,8) size 109x300
  RenderBlock (positioned) {DIV} at (8,8) size 109x300 [bgcolor=#00FF00]
    RenderText {#text} at (0,0) size 109x17
      text run at (0,0) width 109: "This is some text"
    RenderBR {BR} at (108,13) size 1x0
    RenderText {#text} at (0,18) size 109x17
      text run at (0,18) width 109: "This is some text"
    RenderBR {BR} at (108,31) size 1x0
    RenderText {#text} at (0,36) size 109x17
      text run at (0,36) width 109: "This is some text"
    RenderBR {BR} at (108,49) size 1x0
    RenderText {#text} at (0,54) size 109x17
      text run at (0,54) width 109: "This is some text"
    RenderBR {BR} at (108,67) size 1x0
    RenderText {#text} at (0,72) size 109x17
      text run at (0,72) width 109: "This is some text"
    RenderBR {BR} at (108,85) size 1x0
    RenderText {#text} at (0,90) size 109x17
      text run at (0,90) width 109: "This is some text"
    RenderBR {BR} at (108,103) size 1x0
    RenderText {#text} at (0,108) size 109x17
      text run at (0,108) width 109: "This is some text"
    RenderBR {BR} at (108,121) size 1x0
    RenderText {#text} at (0,126) size 109x17
      text run at (0,126) width 109: "This is some text"
    RenderBR {BR} at (108,139) size 1x0
    RenderText {#text} at (0,144) size 109x17
      text run at (0,144) width 109: "This is some text"
    RenderBR {BR} at (108,157) size 1x0
    RenderText {#text} at (0,162) size 109x17
      text run at (0,162) width 109: "This is some text"
    RenderBR {BR} at (108,175) size 1x0
    RenderText {#text} at (0,180) size 109x17
      text run at (0,180) width 109: "This is some text"
    RenderBR {BR} at (108,193) size 1x0
    RenderText {#text} at (0,198) size 109x17
      text run at (0,198) width 109: "This is some text"
    RenderBR {BR} at (108,211) size 1x0
    RenderText {#text} at (0,216) size 109x17
      text run at (0,216) width 109: "This is some text"
    RenderBR {BR} at (108,229) size 1x0
    RenderText {#text} at (0,234) size 109x17
      text run at (0,234) width 109: "This is some text"
    RenderBR {BR} at (108,247) size 1x0
    RenderText {#text} at (0,252) size 109x17
      text run at (0,252) width 109: "This is some text"
    RenderBR {BR} at (108,265) size 1x0
    RenderText {#text} at (0,270) size 109x17
      text run at (0,270) width 109: "This is some text"
    RenderBR {BR} at (108,283) size 1x0
    RenderText {#text} at (0,300) size 109x17
      text run at (0,300) width 109: "This is some text"
    RenderBR {BR} at (108,313) size 1x0
    RenderText {#text} at (0,318) size 109x17
      text run at (0,318) width 109: "This is some text"
    RenderBR {BR} at (108,331) size 1x0
    RenderText {#text} at (0,336) size 109x17
      text run at (0,336) width 109: "This is some text"
    RenderBR {BR} at (108,349) size 1x0
    RenderText {#text} at (0,354) size 109x17
      text run at (0,354) width 109: "This is some text"
    RenderBR {BR} at (108,367) size 1x0
    RenderText {#text} at (0,372) size 109x17
      text run at (0,372) width 109: "This is some text"
    RenderBR {BR} at (108,385) size 1x0
    RenderText {#text} at (0,390) size 109x17
      text run at (0,390) width 109: "This is some text"
    RenderBR {BR} at (108,403) size 1x0
    RenderText {#text} at (0,408) size 109x17
      text run at (0,408) width 109: "This is some text"
    RenderBR {BR} at (108,421) size 1x0
    RenderText {#text} at (0,426) size 109x17
      text run at (0,426) width 109: "This is some text"
    RenderBR {BR} at (108,439) size 1x0
    RenderText {#text} at (0,444) size 109x17
      text run at (0,444) width 109: "This is some text"
    RenderBR {BR} at (108,457) size 1x0
    RenderText {#text} at (0,462) size 109x17
      text run at (0,462) width 109: "This is some text"
    RenderBR {BR} at (108,475) size 1x0
    RenderText {#text} at (0,480) size 109x17
      text run at (0,480) width 109: "This is some text"
    RenderBR {BR} at (108,493) size 1x0
    RenderText {#text} at (0,498) size 109x17
      text run at (0,498) width 109: "This is some text"
    RenderBR {BR} at (108,511) size 1x0
    RenderText {#text} at (0,516) size 109x17
      text run at (0,516) width 109: "This is some text"
    RenderBR {BR} at (108,529) size 1x0
    RenderText {#text} at (0,534) size 109x17
      text run at (0,534) width 109: "This is some text"
    RenderBR {BR} at (108,547) size 1x0
    RenderText {#text} at (0,552) size 109x17
      text run at (0,552) width 109: "This is some text"
    RenderBR {BR} at (108,565) size 1x0
    RenderText {#text} at (0,570) size 109x17
      text run at (0,570) width 109: "This is some text"
    RenderBR {BR} at (108,583) size 1x0
    RenderText {#text} at (0,600) size 109x17
      text run at (0,600) width 109: "This is some text"
    RenderBR {BR} at (108,613) size 1x0
    RenderText {#text} at (0,618) size 109x17
      text run at (0,618) width 109: "This is some text"
    RenderBR {BR} at (108,631) size 1x0
    RenderText {#text} at (0,636) size 109x17
      text run at (0,636) width 109: "This is some text"
    RenderBR {BR} at (108,649) size 1x0
    RenderText {#text} at (0,654) size 109x17
      text run at (0,654) width 109: "This is some text"
    RenderBR {BR} at (108,667) size 1x0
    RenderText {#text} at (0,672) size 109x17
      text run at (0,672) width 109: "This is some text"
    RenderBR {BR} at (108,685) size 1x0
    RenderText {#text} at (0,690) size 109x17
      text run at (0,690) width 109: "This is some text"
    RenderBR {BR} at (108,703) size 1x0
    RenderText {#text} at (0,708) size 109x17
      text run at (0,708) width 109: "This is some text"
    RenderBR {BR} at (108,721) size 1x0
    RenderText {#text} at (0,726) size 109x17
      text run at (0,726) width 109: "This is some text"
    RenderBR {BR} at (108,739) size 1x0
    RenderText {#text} at (0,744) size 109x17
      text run at (0,744) width 109: "This is some text"
    RenderBR {BR} at (108,757) size 1x0
    RenderText {#text} at (0,762) size 109x17
      text run at (0,762) width 109: "This is some text"
    RenderBR {BR} at (108,775) size 1x0
    RenderText {#text} at (0,780) size 109x17
      text run at (0,780) width 109: "This is some text"
    RenderBR {BR} at (108,793) size 1x0
    RenderText {#text} at (0,798) size 109x17
      text run at (0,798) width 109: "This is some text"
    RenderBR {BR} at (108,811) size 1x0
    RenderText {#text} at (0,816) size 109x17
      text run at (0,816) width 109: "This is some text"
    RenderBR {BR} at (108,829) size 1x0
    RenderText {#text} at (0,834) size 109x17
      text run at (0,834) width 109: "This is some text"
    RenderBR {BR} at (108,847) size 1x0
    RenderText {#text} at (0,852) size 109x17
      text run at (0,852) width 109: "This is some text"
    RenderBR {BR} at (108,865) size 1x0
    RenderText {#text} at (0,870) size 109x17
      text run at (0,870) width 109: "This is some text"
    RenderBR {BR} at (108,883) size 1x0
    RenderText {#text} at (0,900) size 109x17
      text run at (0,900) width 109: "This is some text"
    RenderBR {BR} at (108,913) size 1x0
    RenderText {#text} at (0,918) size 109x17
      text run at (0,918) width 109: "This is some text"
    RenderBR {BR} at (108,931) size 1x0
    RenderText {#text} at (0,936) size 109x17
      text run at (0,936) width 109: "This is some text"
    RenderBR {BR} at (108,949) size 1x0
    RenderText {#text} at (0,954) size 109x17
      text run at (0,954) width 109: "This is some text"
    RenderBR {BR} at (108,967) size 1x0
    RenderText {#text} at (0,972) size 109x17
      text run at (0,972) width 109: "This is some text"
    RenderBR {BR} at (108,985) size 1x0
    RenderText {#text} at (0,990) size 109x17
      text run at (0,990) width 109: "This is some text"
    RenderBR {BR} at (108,1003) size 1x0
    RenderText {#text} at (0,1008) size 109x17
      text run at (0,1008) width 109: "This is some text"
    RenderBR {BR} at (108,1021) size 1x0
    RenderText {#text} at (0,1026) size 109x17
      text run at (0,1026) width 109: "This is some text"
    RenderBR {BR} at (108,1039) size 1x0
    RenderText {#text} at (0,1044) size 109x17
      text run at (0,1044) width 109: "This is some text"
    RenderBR {BR} at (108,1057) size 1x0
    RenderText {#text} at (0,1062) size 109x17
      text run at (0,1062) width 109: "This is some text"
    RenderBR {BR} at (108,1075) size 1x0
    RenderText {#text} at (0,1080) size 109x17
      text run at (0,1080) width 109: "This is some text"
    RenderBR {BR} at (108,1093) size 1x0
    RenderText {#text} at (0,1098) size 109x17
      text run at (0,1098) width 109: "This is some text"
    RenderBR {BR} at (108,1111) size 1x0
    RenderText {#text} at (0,1116) size 109x17
      text run at (0,1116) width 109: "This is some text"
    RenderBR {BR} at (108,1129) size 1x0
    RenderText {#text} at (0,1134) size 109x17
      text run at (0,1134) width 109: "This is some text"
    RenderBR {BR} at (108,1147) size 1x0
    RenderText {#text} at (0,1152) size 109x17
      text run at (0,1152) width 109: "This is some text"
    RenderBR {BR} at (108,1165) size 1x0
    RenderText {#text} at (0,1170) size 109x17
      text run at (0,1170) width 109: "This is some text"
    RenderBR {BR} at (108,1183) size 1x0
    RenderText {#text} at (0,1200) size 109x17
      text run at (0,1200) width 109: "This is some text"
    RenderBR {BR} at (108,1213) size 1x0
    RenderText {#text} at (0,1218) size 109x17
      text run at (0,1218) width 109: "This is some text"
    RenderBR {BR} at (108,1231) size 1x0
    RenderText {#text} at (0,1236) size 109x17
      text run at (0,1236) width 109: "This is some text"
    RenderBR {BR} at (108,1249) size 1x0
    RenderText {#text} at (0,1254) size 109x17
      text run at (0,1254) width 109: "This is some text"
    RenderBR {BR} at (108,1267) size 1x0
    RenderText {#text} at (0,1272) size 109x17
      text run at (0,1272) width 109: "This is some text"
    RenderBR {BR} at (108,1285) size 1x0
    RenderText {#text} at (0,1290) size 109x17
      text run at (0,1290) width 109: "This is some text"
    RenderBR {BR} at (108,1303) size 1x0
    RenderText {#text} at (0,1308) size 109x17
      text run at (0,1308) width 109: "This is some text"
    RenderBR {BR} at (108,1321) size 1x0
    RenderText {#text} at (0,1326) size 109x17
      text run at (0,1326) width 109: "This is some text"
    RenderBR {BR} at (108,1339) size 1x0
    RenderText {#text} at (0,1344) size 109x17
      text run at (0,1344) width 109: "This is some text"
    RenderBR {BR} at (108,1357) size 1x0
    RenderText {#text} at (0,1362) size 109x17
      text run at (0,1362) width 109: "This is some text"
    RenderBR {BR} at (108,1375) size 1x0
    RenderText {#text} at (0,1380) size 109x17
      text run at (0,1380) width 109: "This is some text"
    RenderBR {BR} at (108,1393) size 1x0
    RenderText {#text} at (0,1398) size 109x17
      text run at (0,1398) width 109: "This is some text"
    RenderBR {BR} at (108,1411) size 1x0
    RenderText {#text} at (0,1416) size 109x17
      text run at (0,1416) width 109: "This is some text"
    RenderBR {BR} at (108,1429) size 1x0
    RenderText {#text} at (0,1434) size 109x17
      text run at (0,1434) width 109: "This is some text"
    RenderBR {BR} at (108,1447) size 1x0
    RenderText {#text} at (0,1452) size 109x17
      text run at (0,1452) width 109: "This is some text"
    RenderBR {BR} at (108,1465) size 1x0
    RenderText {#text} at (0,1470) size 109x17
      text run at (0,1470) width 109: "This is some text"
    RenderBR {BR} at (108,1483) size 1x0
    RenderText {#text} at (0,1500) size 109x17
      text run at (0,1500) width 109: "This is some text"
    RenderBR {BR} at (108,1513) size 1x0
    RenderText {#text} at (0,1518) size 109x17
      text run at (0,1518) width 109: "This is some text"
    RenderBR {BR} at (108,1531) size 1x0
    RenderText {#text} at (0,1536) size 109x17
      text run at (0,1536) width 109: "This is some text"
    RenderBR {BR} at (108,1549) size 1x0
    RenderText {#text} at (0,1554) size 109x17
      text run at (0,1554) width 109: "This is some text"
    RenderBR {BR} at (108,1567) size 1x0
    RenderText {#text} at (0,1572) size 109x17
      text run at (0,1572) width 109: "This is some text"
    RenderBR {BR} at (108,1585) size 1x0
    RenderText {#text} at (0,1590) size 109x17
      text run at (0,1590) width 109: "This is some text"
    RenderBR {BR} at (108,1603) size 1x0
    RenderText {#text} at (0,1608) size 109x17
      text run at (0,1608) width 109: "This is some text"
    RenderBR {BR} at (108,1621) size 1x0
    RenderText {#text} at (0,1626) size 109x17
      text run at (0,1626) width 109: "This is some text"
    RenderBR {BR} at (108,1639) size 1x0
    RenderText {#text} at (0,1644) size 109x17
      text run at (0,1644) width 109: "This is some text"
    RenderBR {BR} at (108,1657) size 1x0
    RenderText {#text} at (0,1662) size 109x17
      text run at (0,1662) width 109: "This is some text"
    RenderBR {BR} at (108,1675) size 1x0
    RenderText {#text} at (0,1680) size 109x17
      text run at (0,1680) width 109: "This is some text"
    RenderBR {BR} at (108,1693) size 1x0
    RenderText {#text} at (0,1698) size 109x17
      text run at (0,1698) width 109: "This is some text"
    RenderBR {BR} at (108,1711) size 1x0
    RenderText {#text} at (0,1716) size 109x17
      text run at (0,1716) width 109: "This is some text"
    RenderBR {BR} at (108,1729) size 1x0
    RenderText {#text} at (0,1734) size 109x17
      text run at (0,1734) width 109: "This is some text"
    RenderBR {BR} at (108,1747) size 1x0
    RenderText {#text} at (0,1752) size 109x17
      text run at (0,1752) width 109: "This is some text"
    RenderBR {BR} at (108,1765) size 1x0
    RenderText {#text} at (0,1770) size 109x17
      text run at (0,1770) width 109: "This is some text"
    RenderBR {BR} at (108,1783) size 1x0
    RenderText {#text} at (0,1800) size 109x17
      text run at (0,1800) width 109: "This is some text"
    RenderBR {BR} at (108,1813) size 1x0
    RenderText {#text} at (0,1818) size 109x17
      text run at (0,1818) width 109: "This is some text"
    RenderBR {BR} at (108,1831) size 1x0
    RenderText {#text} at (0,1836) size 109x17
      text run at (0,1836) width 109: "This is some text"
    RenderBR {BR} at (108,1849) size 1x0
    RenderText {#text} at (0,1854) size 109x17
      text run at (0,1854) width 109: "This is some text"
    RenderBR {BR} at (108,1867) size 1x0
    RenderText {#text} at (0,1872) size 109x17
      text run at (0,1872) width 109: "This is some text"
    RenderBR {BR} at (108,1885) size 1x0
    RenderText {#text} at (0,1890) size 109x17
      text run at (0,1890) width 109: "This is some text"
    RenderBR {BR} at (108,1903) size 1x0
    RenderText {#text} at (0,1908) size 109x17
      text run at (0,1908) width 109: "This is some text"
    RenderBR {BR} at (108,1921) size 1x0
    RenderText {#text} at (0,1926) size 109x17
      text run at (0,1926) width 109: "This is some text"
    RenderBR {BR} at (108,1939) size 1x0
    RenderText {#text} at (0,1944) size 109x17
      text run at (0,1944) width 109: "This is some text"
    RenderBR {BR} at (108,1957) size 1x0
    RenderText {#text} at (0,1962) size 109x17
      text run at (0,1962) width 109: "This is some text"
    RenderBR {BR} at (108,1975) size 1x0
    RenderText {#text} at (0,1980) size 109x17
      text run at (0,1980) width 109: "This is some text"
    RenderBR {BR} at (108,1993) size 1x0
    RenderText {#text} at (0,1998) size 109x17
      text run at (0,1998) width 109: "This is some text"
    RenderBR {BR} at (108,2011) size 1x0
    RenderText {#text} at (0,2016) size 109x17
      text run at (0,2016) width 109: "This is some text"
    RenderBR {BR} at (108,2029) size 1x0
    RenderText {#text} at (0,2034) size 109x17
      text run at (0,2034) width 109: "This is some text"
    RenderBR {BR} at (108,2047) size 1x0
    RenderText {#text} at (0,2052) size 109x17
      text run at (0,2052) width 109: "This is some text"
    RenderBR {BR} at (108,2065) size 1x0
    RenderText {#text} at (0,2070) size 109x17
      text run at (0,2070) width 109: "This is some text"
    RenderBR {BR} at (108,2083) size 1x0
    RenderText {#text} at (0,2100) size 109x17
      text run at (0,2100) width 109: "This is some text"
    RenderBR {BR} at (108,2113) size 1x0
    RenderText {#text} at (0,2118) size 109x17
      text run at (0,2118) width 109: "This is some text"
    RenderBR {BR} at (108,2131) size 1x0
    RenderText {#text} at (0,2136) size 109x17
      text run at (0,2136) width 109: "This is some text"
    RenderBR {BR} at (108,2149) size 1x0
    RenderText {#text} at (0,2154) size 109x17
      text run at (0,2154) width 109: "This is some text"
    RenderBR {BR} at (108,2167) size 1x0
    RenderText {#text} at (0,2172) size 109x17
      text run at (0,2172) width 109: "This is some text"
    RenderBR {BR} at (108,2185) size 1x0
    RenderText {#text} at (0,2190) size 109x17
      text run at (0,2190) width 109: "This is some text"
    RenderBR {BR} at (108,2203) size 1x0
    RenderText {#text} at (0,2208) size 109x17
      text run at (0,2208) width 109: "This is some text"
    RenderBR {BR} at (108,2221) size 1x0
    RenderText {#text} at (0,2226) size 109x17
      text run at (0,2226) width 109: "This is some text"
    RenderBR {BR} at (108,2239) size 1x0
    RenderText {#text} at (0,2244) size 109x17
      text run at (0,2244) width 109: "This is some text"
    RenderBR {BR} at (108,2257) size 1x0
    RenderText {#text} at (0,2262) size 109x17
      text run at (0,2262) width 109: "This is some text"
    RenderBR {BR} at (108,2275) size 1x0
    RenderText {#text} at (0,2280) size 109x17
      text run at (0,2280) width 109: "This is some text"
    RenderBR {BR} at (108,2293) size 1x0
    RenderText {#text} at (0,2298) size 109x17
      text run at (0,2298) width 109: "This is some text"
    RenderBR {BR} at (108,2311) size 1x0
    RenderText {#text} at (0,2316) size 109x17
      text run at (0,2316) width 109: "This is some text"
    RenderBR {BR} at (108,2329) size 1x0
    RenderText {#text} at (0,2334) size 109x17
      text run at (0,2334) width 109: "This is some text"
    RenderBR {BR} at (108,2347) size 1x0
    RenderText {#text} at (0,2352) size 109x17
      text run at (0,2352) width 109: "This is some text"
    RenderBR {BR} at (108,2365) size 1x0
    RenderText {#text} at (0,2370) size 109x17
      text run at (0,2370) width 109: "This is some text"
    RenderBR {BR} at (108,2383) size 1x0
    RenderText {#text} at (0,2400) size 109x17
      text run at (0,2400) width 109: "This is some text"
    RenderBR {BR} at (108,2413) size 1x0
    RenderText {#text} at (0,2418) size 109x17
      text run at (0,2418) width 109: "This is some text"
    RenderBR {BR} at (108,2431) size 1x0
    RenderText {#text} at (0,2436) size 109x17
      text run at (0,2436) width 109: "This is some text"
    RenderBR {BR} at (108,2449) size 1x0
    RenderText {#text} at (0,2454) size 109x17
      text run at (0,2454) width 109: "This is some text"
    RenderBR {BR} at (108,2467) size 1x0
    RenderText {#text} at (0,2472) size 109x17
      text run at (0,2472) width 109: "This is some text"
    RenderBR {BR} at (108,2485) size 1x0
    RenderText {#text} at (0,2490) size 109x17
      text run at (0,2490) width 109: "This is some text"
    RenderBR {BR} at (108,2503) size 1x0
    RenderText {#text} at (0,2508) size 109x17
      text run at (0,2508) width 109: "This is some text"
    RenderBR {BR} at (108,2521) size 1x0
