layer at (0,0) size 800x600
  RenderView at (0,0) size 800x600
layer at (0,0) size 800x600
  RenderBlock {HTML} at (0,0) size 800x600
    RenderBody {BODY} at (8,8) size 784x584
layer at (8,8) size 784x304
  RenderBlock {DIV} at (0,0) size 784x304 [border: (2px solid #000000)]
    RenderBlock {DIV} at (2,2) size 382x250
    RenderBlock {DIV} at (2,252) size 382x250
layer at (10,260) size 300x200
  RenderBlock (positioned) {DIV} at (0,0) size 300x200 [bgcolor=#D3D3D3]
    RenderText {#text} at (0,0) size 292x19
      text run at (0,0) width 292: "This text should paginate across the columns."
    RenderBR {BR} at (291,15) size 1x0
    RenderText {#text} at (0,20) size 292x19
      text run at (0,20) width 292: "This text should paginate across the columns."
    RenderBR {BR} at (291,35) size 1x0
    RenderText {#text} at (0,50) size 292x19
      text run at (0,50) width 292: "This text should paginate across the columns."
    RenderBR {BR} at (291,65) size 1x0
    RenderText {#text} at (0,70) size 292x19
      text run at (0,70) width 292: "This text should paginate across the columns."
    RenderBR {BR} at (291,85) size 1x0
    RenderText {#text} at (0,90) size 292x19
      text run at (0,90) width 292: "This text should paginate across the columns."
    RenderBR {BR} at (291,105) size 1x0
