layer at (0,0) size 800x600
  RenderView at (0,0) size 800x600
layer at (0,0) size 800x8
  RenderBlock {HTML} at (0,0) size 800x8
    RenderBody {BODY} at (8,8) size 784x0
      RenderBlock {DIV} at (0,0) size 784x0
layer at (20,36) size 424x299
  RenderBlock (positioned) {P} at (20,36) size 424x299 [border: (2px solid #000000)]
    RenderBlock (floating) at (2,2) size 25x43
      RenderText {#text} at (0,1) size 25x41
        text run at (0,1) width 25: "L"
    RenderText {#text} at (31,2) size 200x563
      text run at (31,2) width 171: "orem ipsum dolor sit"
      text run at (31,22) width 171: "amet, consectetur"
      text run at (2,42) width 200: "adipiscing elit. Cras"
      text run at (2,62) width 200: "pharetra mollis pharetra."
      text run at (2,82) width 200: "Suspendisse lacinia orci et"
      text run at (2,102) width 200: "felis tristique sit amet"
      text run at (2,122) width 200: "semper massa tempus."
      text run at (2,142) width 200: "Suspendisse consectetur"
      text run at (2,162) width 200: "tempor pulvinar. Proin dui"
      text run at (2,182) width 200: "eros, ultricies vel malesuada"
      text run at (2,202) width 200: "vel, tempor at ante. Nam"
      text run at (2,222) width 200: "eget nisl dui. Donec molestie"
      text run at (2,242) width 200: "lectus a nunc scelerisque"
      text run at (2,262) width 200: "blandit. Nam non ligula"
      text run at (2,306) width 200: "massa, sed suscipit turpis."
      text run at (2,326) width 200: "Etiam eget ligula sit amet"
      text run at (2,346) width 200: "turpis venenatis dictum in"
      text run at (2,366) width 200: "eleifend augue. Duis tellus"
      text run at (2,386) width 200: "lectus, volutpat et adipiscing"
      text run at (2,406) width 200: "a, pellentesque eu metus."
      text run at (2,426) width 200: "Aenean suscipit congue"
      text run at (2,446) width 200: "mauris at gravida. Integer"
      text run at (2,466) width 200: "lectus ligula, consectetur sit"
      text run at (2,486) width 200: "amet venenatis id,"
      text run at (2,506) width 200: "scelerisque eget nisl. Nunc"
      text run at (2,526) width 200: "dapibus posuere risus, vitae"
      text run at (2,546) width 153: "tempor nibh iaculis et."
