EDITING DELEGATE: shouldBeginEditingInDOMRange:range from 0 of DIV > BODY > HTML > #document to 2 of DIV > BODY > HTML > #document
EDITING DELEGATE: webViewDidBeginEditing:WebViewDidBeginEditingNotification
EDITING DELEGATE: webViewDidChangeSelection:WebViewDidChangeSelectionNotification
EDITING DELEGATE: webViewDidChangeSelection:WebViewDidChangeSelectionNotification
EDITING DELEGATE: shouldEndEditingInDOMRange:range from 0 of DIV > BODY > HTML > #document to 2 of DIV > BODY > HTML > #document
EDITING DELEGATE: webViewDidChangeSelection:WebViewDidChangeSelectionNotification
EDITING DELEGATE: webViewDidEndEditing:WebViewDidEndEditingNotification
EDITING DELEGATE: shouldChangeSelectedDOMRange:(null) toDOMRange:range from 127 of #text > P > BODY > HTML > #document to 127 of #text > P > BODY > HTML > #document affinity:NSSelectionAffinityDownstream stillSelecting:FALSE
EDITING DELEGATE: webViewDidChangeSelection:WebViewDidChangeSelectionNotification
layer at (0,0) size 800x600
  RenderView at (0,0) size 800x600
layer at (0,0) size 800x600
  RenderBlock {HTML} at (0,0) size 800x600
    RenderBody {BODY} at (8,8) size 784x584
      RenderBlock {P} at (0,0) size 784x40
        RenderText {#text} at (0,0) size 719x39
          text run at (0,0) width 719: "This tests non-smartmove drag/drop. The space should be deleted on move, but not reinserted on drop, resulting in"
          text run at (0,20) width 86: "\"worldhello\"."
      RenderBlock {DIV} at (0,56) size 784x20
        RenderInline {SPAN} at (0,0) size 31x19
          RenderText {#text} at (0,0) size 31x19
            text run at (0,0) width 31: "hello"
        RenderText {#text} at (31,0) size 41x19
          text run at (31,0) width 41: " world"
caret: position 127 of child 0 {#text} of child 1 {P} of body
