EDITING DELEGATE: shouldBeginEditingInDOMRange:range from 0 of DIV > BODY > HTML > #document to 3 of DIV > BODY > HTML > #document
EDITING DELEGATE: webViewDidBeginEditing:WebViewDidBeginEditingNotification
EDITING DELEGATE: webViewDidChangeSelection:WebViewDidChangeSelectionNotification
EDITING DELEGATE: webViewDidChangeSelection:WebViewDidChangeSelectionNotification
EDITING DELEGATE: webViewDidChangeSelection:WebViewDidChangeSelectionNotification
CONSOLE MESSAGE: line 27: TypeError: 'undefined' is not a function (evaluating 'eventSender.clearKillRing()')
layer at (0,0) size 800x600
  RenderView at (0,0) size 800x600
layer at (0,0) size 800x600
  RenderBlock {HTML} at (0,0) size 800x600
    RenderBody {BODY} at (8,8) size 784x584
      RenderBlock {DIV} at (0,0) size 784x210 [border: (2px solid #0000FF)]
        RenderBlock {DIV} at (14,14) size 756x55
          RenderText {#text} at (0,0) size 68x26
            text run at (0,0) width 68: "Tests: "
          RenderBR {BR} at (0,0) size 0x0
          RenderText {#text} at (0,27) size 345x27
            text run at (0,27) width 345: "Multiple ctrl-k presses then a ctrl-y."
        RenderBlock {DIV} at (14,85) size 756x111
          RenderBlock (anonymous) at (0,0) size 756x27
            RenderText {#text} at (0,0) size 190x26
              text run at (0,0) width 190: "Expected Results: "
            RenderBR {BR} at (189,21) size 1x0
          RenderBlock {DIV} at (0,27) size 756x84
            RenderBlock (anonymous) at (0,0) size 756x28
              RenderText {#text} at (0,0) size 131x27
                text run at (0,0) width 131: "one two three"
            RenderBlock {DIV} at (0,28) size 756x28
              RenderText {#text} at (0,0) size 118x27
                text run at (0,0) width 118: "four five six"
            RenderBlock {DIV} at (0,56) size 756x28
              RenderText {#text} at (0,0) size 156x27
                text run at (0,0) width 156: "seven eight nine"
      RenderBlock {DIV} at (0,234) size 784x88
        RenderBlock {DIV} at (0,0) size 784x88 [border: (2px solid #FF0000)]
          RenderBlock (anonymous) at (2,2) size 780x28
            RenderText {#text} at (0,0) size 131x27
              text run at (0,0) width 131: "one two three"
          RenderBlock {DIV} at (2,30) size 780x28
            RenderText {#text} at (0,0) size 118x27
              text run at (0,0) width 118: "four five six"
          RenderBlock {DIV} at (2,58) size 780x28
            RenderText {#text} at (0,0) size 156x27
              text run at (0,0) width 156: "seven eight nine"
caret: position 8 of child 0 {#text} of child 1 {DIV} of child 3 {DIV} of body
