EDITING DELEGATE: shouldBeginEditingInDOMRange:range from 0 of DIV > BODY > HTML > #document to 3 of DIV > BODY > HTML > #document
EDITING DELEGATE: webViewDidBeginEditing:WebViewDidBeginEditingNotification
EDITING DELEGATE: webViewDidChangeSelection:WebViewDidChangeSelectionNotification
layer at (0,0) size 800x600
  RenderView at (0,0) size 800x600
layer at (0,0) size 800x600
  RenderBlock {HTML} at (0,0) size 800x600
    RenderBody {BODY} at (8,8) size 784x576
      RenderBlock {P} at (0,0) size 784x36
        RenderText {#text} at (0,0) size 726x35
          text run at (0,0) width 726: "On Tiger, this test demonstrates a bug in AppKit's -[NSString _documentFromRange:] method where it produces"
          text run at (0,18) width 330: "fragments with extra trailing and leading newlines. "
          text run at (329,18) width 187: "This bug is fixed in Leopard."
      RenderBlock {DIV} at (0,52) size 784x28 [border: (2px solid #FF0000)]
        RenderBlock {DIV} at (14,14) size 756x0
      RenderBlock {DIV} at (0,96) size 784x18
        RenderBlock {P} at (0,0) size 784x18
          RenderText {#text} at (0,0) size 142x17
            text run at (0,0) width 142: "FAIL - no objCPlugin"
caret: position 0 of child 3 {DIV} of body
