EDITING DELEGATE: shouldBeginEditingInDOMRange:range from 0 of DIV > BODY > HTML > #document to 3 of DIV > BODY > HTML > #document
EDITING DELEGATE: webViewDidBeginEditing:WebViewDidBeginEditingNotification
EDITING DELEGATE: webViewDidChangeSelection:WebViewDidChangeSelectionNotification
EDITING DELEGATE: webViewDidChangeSelection:WebViewDidChangeSelectionNotification
EDITING DELEGATE: webViewDidChangeSelection:WebViewDidChangeSelectionNotification
EDITING DELEGATE: webViewDidChangeSelection:WebViewDidChangeSelectionNotification
EDITING DELEGATE: webViewDidChangeSelection:WebViewDidChangeSelectionNotification
EDITING DELEGATE: webViewDidChangeSelection:WebViewDidChangeSelectionNotification
EDITING DELEGATE: webViewDidChangeSelection:WebViewDidChangeSelectionNotification
EDITING DELEGATE: webViewDidChangeSelection:WebViewDidChangeSelectionNotification
EDITING DELEGATE: webViewDidChangeSelection:WebViewDidChangeSelectionNotification
EDITING DELEGATE: webViewDidChangeSelection:WebViewDidChangeSelectionNotification
EDITING DELEGATE: webViewDidChangeSelection:WebViewDidChangeSelectionNotification
EDITING DELEGATE: shouldInsertNode:#document-fragment replacingDOMRange:range from 1 of DIV > DIV > BODY > HTML > #document to 1 of #text > DIV > DIV > BODY > HTML > #document givenAction:WebViewInsertActionPasted
EDITING DELEGATE: webViewDidChangeSelection:WebViewDidChangeSelectionNotification
EDITING DELEGATE: shouldChangeSelectedDOMRange:range from 1 of DIV > DIV > BODY > HTML > #document to 1 of #text > DIV > DIV > BODY > HTML > #document toDOMRange:range from 1 of #text > DIV > DIV > BODY > HTML > #document to 1 of #text > DIV > DIV > BODY > HTML > #document affinity:NSSelectionAffinityDownstream stillSelecting:FALSE
EDITING DELEGATE: webViewDidChangeSelection:WebViewDidChangeSelectionNotification
EDITING DELEGATE: webViewDidChange:WebViewDidChangeNotification
layer at (0,0) size 800x600
  RenderView at (0,0) size 800x600
layer at (0,0) size 800x600
  RenderBlock {HTML} at (0,0) size 800x600
    RenderBody {BODY} at (8,8) size 784x584
      RenderBlock {DIV} at (0,0) size 784x238 [border: (2px solid #0000FF)]
        RenderBlock {DIV} at (14,14) size 756x83
          RenderText {#text} at (0,0) size 67x26
            text run at (0,0) width 67: "Tests: "
          RenderBR {BR} at (0,0) size 0x0
          RenderText {#text} at (0,27) size 162x27
            text run at (0,27) width 162: "Fix for this bug: "
          RenderInline {A} at (0,0) size 260x27 [color=#0000EE]
            RenderText {#text} at (162,27) size 260x27
              text run at (162,27) width 260: "<rdar://problem/4045513>"
          RenderText {#text} at (422,27) size 721x55
            text run at (422,27) width 299: " Copying and pasting selection"
            text run at (0,55) width 601: "starting at end of paragraph can incorrectly remove line break"
        RenderBlock {DIV} at (14,113) size 756x111
          RenderText {#text} at (0,0) size 189x26
            text run at (0,0) width 189: "Expected Results: "
          RenderBR {BR} at (189,21) size 0x0
          RenderText {#text} at (0,27) size 747x83
            text run at (0,27) width 708: "Should see two lines of text below, self-documenting themselves as \"line"
            text run at (0,55) width 747: "one\" and \"line two\". The insertion point must be after the first character (\"l\")"
            text run at (0,83) width 131: "of \"line two\"."
      RenderBlock {DIV} at (0,262) size 784x60
        RenderBlock {DIV} at (0,0) size 784x60 [border: (2px solid #FF0000)]
          RenderText {#text} at (2,2) size 78x27
            text run at (2,2) width 78: "line one"
          RenderBR {BR} at (80,23) size 0x0
          RenderText {#text} at (2,30) size 7x27
            text run at (2,30) width 7: "l"
          RenderText {#text} at (9,30) size 72x27
            text run at (9,30) width 72: "ine two"
caret: position 1 of child 2 {#text} of child 1 {DIV} of child 3 {DIV} of body
