EDITING DELEGATE: shouldBeginEditingInDOMRange:range from 0 of BODY > HTML > #document to 8 of BODY > HTML > #document
EDITING DELEGATE: webViewDidBeginEditing:WebViewDidBeginEditingNotification
EDITING DELEGATE: webViewDidChangeSelection:WebViewDidChangeSelectionNotification
EDITING DELEGATE: webViewDidChangeSelection:WebViewDidChangeSelectionNotification
EDITING DELEGATE: webViewDidChangeSelection:WebViewDidChangeSelectionNotification
EDITING DELEGATE: shouldInsertNode:#document-fragment replacingDOMRange:range from 0 of #text > DIV > BODY > HTML > #document to 9 of #text > DIV > BODY > HTML > #document givenAction:WebViewInsertActionPasted
EDITING DELEGATE: webViewDidChangeSelection:WebViewDidChangeSelectionNotification
EDITING DELEGATE: shouldChangeSelectedDOMRange:range from 0 of DIV > BODY > HTML > #document to 0 of DIV > BODY > HTML > #document toDOMRange:range from 2 of TD > TR > TBODY > TABLE > DIV > BODY > HTML > #document to 2 of TD > TR > TBODY > TABLE > DIV > BODY > HTML > #document affinity:NSSelectionAffinityDownstream stillSelecting:FALSE
EDITING DELEGATE: webViewDidChangeSelection:WebViewDidChangeSelectionNotification
EDITING DELEGATE: webViewDidChange:WebViewDidChangeNotification
layer at (0,0) size 800x600
  RenderView at (0,0) size 800x600
layer at (0,0) size 800x600
  RenderBlock {HTML} at (0,0) size 800x600
    RenderBody {BODY} at (8,8) size 784x584
      RenderBlock {P} at (0,0) size 784x80
        RenderText {#text} at (0,0) size 298x19
          text run at (0,0) width 298: "This tests pasting a table to replace some text. "
        RenderInline {B} at (0,0) size 784x79
          RenderText {#text} at (297,0) size 784x79
            text run at (297,0) width 484: "It demonstrates two bugs: 1) selecting a table without also selecting the"
            text run at (780,0) width 4: " "
            text run at (0,20) width 771: "line break after programmatically is impossible when its followed by a div because of the way DOM positions are"
            text run at (770,20) width 5: " "
            text run at (0,40) width 765: "mapped to visible positions, 2) pasting content that ends in a table places the caret in the last table cell instead of"
            text run at (764,40) width 5: " "
            text run at (0,60) width 644: "after the table, so the interchange newline is placed in the last table cell and not after the table."
      RenderTable {TABLE} at (0,96) size 59x26
        RenderTableSection {TBODY} at (0,0) size 59x26
          RenderTableRow {TR} at (0,2) size 59x22
            RenderTableCell {TD} at (2,2) size 26x22 [r=0 c=0 rs=1 cs=1]
              RenderText {#text} at (1,1) size 24x19
                text run at (1,1) width 24: "one"
            RenderTableCell {TD} at (30,2) size 27x22 [r=0 c=1 rs=1 cs=1]
              RenderText {#text} at (1,1) size 25x19
                text run at (1,1) width 25: "two"
      RenderBlock {DIV} at (0,122) size 784x46
        RenderTable {TABLE} at (0,0) size 59x46
          RenderTableSection {TBODY} at (0,0) size 59x46
            RenderTableRow {TR} at (0,2) size 59x42
              RenderTableCell {TD} at (2,12) size 26x22 [r=0 c=0 rs=1 cs=1]
                RenderText {#text} at (1,1) size 24x19
                  text run at (1,1) width 24: "one"
              RenderTableCell {TD} at (30,2) size 27x42 [r=0 c=1 rs=1 cs=1]
                RenderText {#text} at (1,1) size 25x19
                  text run at (1,1) width 25: "two"
                RenderBR {BR} at (25,16) size 1x0
                RenderBR {BR} at (1,21) size 0x19
        RenderBlock (anonymous) at (0,46) size 784x0
caret: position 0 of child 2 {BR} of child 1 {TD} of child 0 {TR} of child 0 {TBODY} of child 0 {TABLE} of child 5 {DIV} of body
