EDITING DELEGATE: shouldBeginEditingInDOMRange:range from 0 of DIV > BODY > HTML > #document to 2 of DIV > BODY > HTML > #document
EDITING DELEGATE: webViewDidBeginEditing:WebViewDidBeginEditingNotification
EDITING DELEGATE: webViewDidChangeSelection:WebViewDidChangeSelectionNotification
EDITING DELEGATE: shouldEndEditingInDOMRange:range from 0 of DIV > BODY > HTML > #document to 2 of DIV > BODY > HTML > #document
EDITING DELEGATE: webViewDidChangeSelection:WebViewDidChangeSelectionNotification
EDITING DELEGATE: webViewDidEndEditing:WebViewDidEndEditingNotification
EDITING DELEGATE: shouldChangeSelectedDOMRange:(null) toDOMRange:range from 197 of #text > P > BODY > HTML > #document to 197 of #text > P > BODY > HTML > #document affinity:NSSelectionAffinityDownstream stillSelecting:FALSE
EDITING DELEGATE: webViewDidChangeSelection:WebViewDidChangeSelectionNotification
EDITING DELEGATE: shouldChangeSelectedDOMRange:range from 197 of #text > P > BODY > HTML > #document to 197 of #text > P > BODY > HTML > #document toDOMRange:range from 197 of #text > P > BODY > HTML > #document to 197 of #text > P > BODY > HTML > #document affinity:NSSelectionAffinityDownstream stillSelecting:FALSE
EDITING DELEGATE: shouldChangeSelectedDOMRange:range from 197 of #text > P > BODY > HTML > #document to 197 of #text > P > BODY > HTML > #document toDOMRange:range from 197 of #text > P > BODY > HTML > #document to 197 of #text > P > BODY > HTML > #document affinity:NSSelectionAffinityDownstream stillSelecting:FALSE
layer at (0,0) size 800x600
  RenderView at (0,0) size 800x600
layer at (0,0) size 800x600
  RenderBlock {HTML} at (0,0) size 800x600
    RenderBody {BODY} at (8,8) size 784x584
      RenderBlock {P} at (0,0) size 784x40
        RenderText {#text} at (0,0) size 773x39
          text run at (0,0) width 773: "Tests that drag/drop after double-click does a smart drag. Specifically the end result should have a space: \"world hello\". To"
          text run at (0,20) width 434: "test manually double click on the \"hello\" and drag it to after \"world\"."
      RenderBlock {DIV} at (0,56) size 784x20
        RenderInline {SPAN} at (0,0) size 31x19
          RenderText {#text} at (0,0) size 31x19
            text run at (0,0) width 31: "hello"
        RenderText {#text} at (31,0) size 41x19
          text run at (31,0) width 41: " world"
caret: position 197 of child 0 {#text} of child 1 {P} of body
