layer at (0,0) size 800x919
  RenderView at (0,0) size 800x600
layer at (0,0) size 800x919
  RenderBlock {HTML} at (0,0) size 800x919
    RenderBody {BODY} at (8,8) size 784x903 [bgcolor=#CCCCCC]
      RenderBlock {P} at (0,0) size 784x20
        RenderText {#text} at (0,0) size 363x19
          text run at (0,0) width 363: "The style declarations which apply to the text below are:"
      RenderBlock {PRE} at (0,36) size 784x96
        RenderText {#text} at (0,0) size 464x96
          text run at (0,0) width 456: ".zero {background-color: silver; border-bottom-width: 0;}"
          text run at (456,0) width 0: " "
          text run at (0,16) width 432: ".one {border-bottom-width: 50px; border-style: solid;}"
          text run at (432,16) width 0: " "
          text run at (0,32) width 440: ".two {border-bottom-width: thick; border-style: solid;}"
          text run at (440,32) width 0: " "
          text run at (0,48) width 464: ".three {border-bottom-width: medium; border-style: solid;}"
          text run at (464,48) width 0: " "
          text run at (0,64) width 440: ".four {border-bottom-width: thin; border-style: solid;}"
          text run at (440,64) width 0: " "
          text run at (0,80) width 272: ".five {border-bottom-width: 25px;}"
          text run at (272,80) width 0: " "
      RenderBlock {HR} at (0,145) size 784x2 [border: (1px inset #000000)]
      RenderBlock {P} at (0,163) size 784x20
        RenderText {#text} at (0,0) size 160x19
          text run at (0,0) width 160: "(These will only work if "
        RenderInline {CODE} at (0,0) size 97x16
          RenderText {#text} at (159,3) size 97x16
            text run at (159,3) width 97: "border-style"
        RenderText {#text} at (255,0) size 92x19
          text run at (255,0) width 92: " is supported.)"
      RenderBlock {P} at (0,199) size 784x20 [bgcolor=#C0C0C0]
        RenderText {#text} at (0,0) size 208x19
          text run at (0,0) width 208: "This element has a class of zero."
      RenderBlock {P} at (0,235) size 784x73 [border: (3px solid #000000) (50px solid #000000) (3px solid #000000)]
        RenderText {#text} at (3,3) size 395x19
          text run at (3,3) width 395: "This element should have a bottom border width of 50 pixels."
      RenderBlock {P} at (0,324) size 784x28 [border: (3px solid #000000) (5px solid #000000) (3px solid #000000)]
        RenderText {#text} at (3,3) size 351x19
          text run at (3,3) width 351: "This element should have a thick bottom border width."
      RenderBlock {P} at (0,368) size 784x26 [border: (3px solid #000000)]
        RenderText {#text} at (3,3) size 372x19
          text run at (3,3) width 372: "This element should have a medium bottom border width."
      RenderBlock {P} at (0,410) size 784x24 [border: (3px solid #000000) (1px solid #000000) (3px solid #000000)]
        RenderText {#text} at (3,3) size 344x19
          text run at (3,3) width 344: "This element should have a thin bottom border width."
      RenderBlock {P} at (0,450) size 784x20
        RenderText {#text} at (0,0) size 546x19
          text run at (0,0) width 546: "This element should have no border and no extra \"padding\" on its bottom side, as no "
        RenderInline {CODE} at (0,0) size 97x16
          RenderText {#text} at (545,3) size 97x16
            text run at (545,3) width 97: "border-style"
        RenderText {#text} at (641,0) size 55x19
          text run at (641,0) width 55: " was set."
      RenderBlock {P} at (0,486) size 784x20 [bgcolor=#C0C0C0]
        RenderText {#text} at (0,0) size 208x19
          text run at (0,0) width 208: "This element has a class of zero."
      RenderTable {TABLE} at (0,522) size 718x381 [border: (1px outset #808080)]
        RenderTableSection {TBODY} at (1,1) size 716x379
          RenderTableRow {TR} at (0,0) size 716x28
            RenderTableCell {TD} at (0,0) size 716x28 [bgcolor=#C0C0C0] [border: (1px inset #808080)] [r=0 c=0 rs=1 cs=2]
              RenderInline {STRONG} at (0,0) size 163x19
                RenderText {#text} at (4,4) size 163x19
                  text run at (4,4) width 163: "TABLE Testing Section"
          RenderTableRow {TR} at (0,28) size 716x351
            RenderTableCell {TD} at (0,189) size 12x28 [bgcolor=#C0C0C0] [border: (1px inset #808080)] [r=1 c=0 rs=1 cs=1]
              RenderText {#text} at (4,4) size 4x19
                text run at (4,4) width 4: " "
            RenderTableCell {TD} at (12,28) size 704x351 [border: (1px inset #808080)] [r=1 c=1 rs=1 cs=1]
              RenderBlock {P} at (4,4) size 696x20
                RenderText {#text} at (0,0) size 160x19
                  text run at (0,0) width 160: "(These will only work if "
                RenderInline {CODE} at (0,0) size 97x16
                  RenderText {#text} at (159,3) size 97x16
                    text run at (159,3) width 97: "border-style"
                RenderText {#text} at (255,0) size 92x19
                  text run at (255,0) width 92: " is supported.)"
              RenderBlock {P} at (4,40) size 696x20 [bgcolor=#C0C0C0]
                RenderText {#text} at (0,0) size 208x19
                  text run at (0,0) width 208: "This element has a class of zero."
              RenderBlock {P} at (4,76) size 696x73 [border: (3px solid #000000) (50px solid #000000) (3px solid #000000)]
                RenderText {#text} at (3,3) size 395x19
                  text run at (3,3) width 395: "This element should have a bottom border width of 50 pixels."
              RenderBlock {P} at (4,165) size 696x28 [border: (3px solid #000000) (5px solid #000000) (3px solid #000000)]
                RenderText {#text} at (3,3) size 351x19
                  text run at (3,3) width 351: "This element should have a thick bottom border width."
              RenderBlock {P} at (4,209) size 696x26 [border: (3px solid #000000)]
                RenderText {#text} at (3,3) size 372x19
                  text run at (3,3) width 372: "This element should have a medium bottom border width."
              RenderBlock {P} at (4,251) size 696x24 [border: (3px solid #000000) (1px solid #000000) (3px solid #000000)]
                RenderText {#text} at (3,3) size 344x19
                  text run at (3,3) width 344: "This element should have a thin bottom border width."
              RenderBlock {P} at (4,291) size 696x20
                RenderText {#text} at (0,0) size 546x19
                  text run at (0,0) width 546: "This element should have no border and no extra \"padding\" on its bottom side, as no "
                RenderInline {CODE} at (0,0) size 97x16
                  RenderText {#text} at (545,3) size 97x16
                    text run at (545,3) width 97: "border-style"
                RenderText {#text} at (641,0) size 55x19
                  text run at (641,0) width 55: " was set."
              RenderBlock {P} at (4,327) size 696x20 [bgcolor=#C0C0C0]
                RenderText {#text} at (0,0) size 208x19
                  text run at (0,0) width 208: "This element has a class of zero."
