layer at (0,0) size 800x853
  RenderView at (0,0) size 800x600
layer at (0,0) size 800x853
  RenderBlock {HTML} at (0,0) size 800x853
    RenderBody {BODY} at (8,8) size 784x837 [bgcolor=#CCCCCC]
      RenderBlock {P} at (0,0) size 784x20
        RenderText {#text} at (0,0) size 355x19
          text run at (0,0) width 355: "The style declarations which apply to the text below are:"
      RenderBlock {PRE} at (0,36) size 784x96
        RenderText {#text} at (0,0) size 448x96
          text run at (0,0) width 440: ".zero {background-color: silver; border-left-width: 0;}"
          text run at (440,0) width 0: " "
          text run at (0,16) width 416: ".one {border-left-width: 50px; border-style: solid;}"
          text run at (416,16) width 0: " "
          text run at (0,32) width 424: ".two {border-left-width: thick; border-style: solid;}"
          text run at (424,32) width 0: " "
          text run at (0,48) width 448: ".three {border-left-width: medium; border-style: solid;}"
          text run at (448,48) width 0: " "
          text run at (0,64) width 424: ".four {border-left-width: thin; border-style: solid;}"
          text run at (424,64) width 0: " "
          text run at (0,80) width 256: ".five {border-left-width: 25px;}"
          text run at (256,80) width 0: " "
      RenderBlock {HR} at (0,145) size 784x2 [border: (1px inset #000000)]
      RenderBlock {P} at (0,163) size 784x20
        RenderText {#text} at (0,0) size 157x19
          text run at (0,0) width 157: "(These will only work if "
        RenderInline {CODE} at (0,0) size 96x16
          RenderText {#text} at (157,3) size 96x16
            text run at (157,3) width 96: "border-style"
        RenderText {#text} at (253,0) size 89x19
          text run at (253,0) width 89: " is supported.)"
      RenderBlock {P} at (0,199) size 784x20 [bgcolor=#C0C0C0]
        RenderText {#text} at (0,0) size 203x19
          text run at (0,0) width 203: "This element has a class of zero."
      RenderBlock {P} at (0,235) size 784x46 [border: (3px solid #000000) (50px solid #000000)]
        RenderText {#text} at (50,3) size 713x39
          text run at (50,3) width 713: "This element should have a left border width of 50 pixels, which will be more obvious if the element is more than"
          text run at (50,23) width 86: "one line long."
      RenderBlock {P} at (0,297) size 784x26 [border: (3px solid #000000) (5px solid #000000)]
        RenderText {#text} at (5,3) size 760x19
          text run at (5,3) width 760: "This element should have a thick left border width, which will be more obvious if the element is more than one line long."
      RenderBlock {P} at (0,339) size 784x46 [border: (3px solid #000000)]
        RenderText {#text} at (3,3) size 744x39
          text run at (3,3) width 744: "This element should have a medium left border width, which will be more obvious if the element is more than one line"
          text run at (3,23) width 32: "long."
      RenderBlock {P} at (0,401) size 784x26 [border: (3px solid #000000) (1px solid #000000)]
        RenderText {#text} at (1,3) size 753x19
          text run at (1,3) width 753: "This element should have a thin left border width, which will be more obvious if the element is more than one line long."
      RenderBlock {P} at (0,443) size 784x20
        RenderText {#text} at (0,0) size 513x19
          text run at (0,0) width 513: "This element should have no border and no extra \"padding\" on its left side, as no "
        RenderInline {CODE} at (0,0) size 96x16
          RenderText {#text} at (513,3) size 96x16
            text run at (513,3) width 96: "border-style"
        RenderText {#text} at (609,0) size 54x19
          text run at (609,0) width 54: " was set."
      RenderTable {TABLE} at (0,479) size 784x358 [border: (1px outset #808080)]
        RenderTableSection {TBODY} at (1,1) size 782x356
          RenderTableRow {TR} at (0,0) size 782x28
            RenderTableCell {TD} at (0,0) size 782x28 [bgcolor=#C0C0C0] [border: (1px inset #808080)] [r=0 c=0 rs=1 cs=2]
              RenderInline {STRONG} at (0,0) size 163x19
                RenderText {#text} at (4,4) size 163x19
                  text run at (4,4) width 163: "TABLE Testing Section"
          RenderTableRow {TR} at (0,28) size 782x328
            RenderTableCell {TD} at (0,178) size 12x28 [bgcolor=#C0C0C0] [border: (1px inset #808080)] [r=1 c=0 rs=1 cs=1]
              RenderText {#text} at (4,4) size 4x19
                text run at (4,4) width 4: " "
            RenderTableCell {TD} at (12,28) size 770x328 [border: (1px inset #808080)] [r=1 c=1 rs=1 cs=1]
              RenderBlock {P} at (4,4) size 762x20
                RenderText {#text} at (0,0) size 157x19
                  text run at (0,0) width 157: "(These will only work if "
                RenderInline {CODE} at (0,0) size 96x16
                  RenderText {#text} at (157,3) size 96x16
                    text run at (157,3) width 96: "border-style"
                RenderText {#text} at (253,0) size 89x19
                  text run at (253,0) width 89: " is supported.)"
              RenderBlock {P} at (4,40) size 762x20 [bgcolor=#C0C0C0]
                RenderText {#text} at (0,0) size 203x19
                  text run at (0,0) width 203: "This element has a class of zero."
              RenderBlock {P} at (4,76) size 762x46 [border: (3px solid #000000) (50px solid #000000)]
                RenderText {#text} at (50,3) size 682x39
                  text run at (50,3) width 682: "This element should have a left border width of 50 pixels, which will be more obvious if the element is more"
                  text run at (50,23) width 117: "than one line long."
              RenderBlock {P} at (4,138) size 762x46 [border: (3px solid #000000) (5px solid #000000)]
                RenderText {#text} at (5,3) size 724x39
                  text run at (5,3) width 724: "This element should have a thick left border width, which will be more obvious if the element is more than one line"
                  text run at (5,23) width 32: "long."
              RenderBlock {P} at (4,200) size 762x46 [border: (3px solid #000000)]
                RenderText {#text} at (3,3) size 744x39
                  text run at (3,3) width 744: "This element should have a medium left border width, which will be more obvious if the element is more than one line"
                  text run at (3,23) width 32: "long."
              RenderBlock {P} at (4,262) size 762x26 [border: (3px solid #000000) (1px solid #000000)]
                RenderText {#text} at (1,3) size 753x19
                  text run at (1,3) width 753: "This element should have a thin left border width, which will be more obvious if the element is more than one line long."
              RenderBlock {P} at (4,304) size 762x20
                RenderText {#text} at (0,0) size 513x19
                  text run at (0,0) width 513: "This element should have no border and no extra \"padding\" on its left side, as no "
                RenderInline {CODE} at (0,0) size 96x16
                  RenderText {#text} at (513,3) size 96x16
                    text run at (513,3) width 96: "border-style"
                RenderText {#text} at (609,0) size 54x19
                  text run at (609,0) width 54: " was set."
