layer at (0,0) size 800x600
  RenderView at (0,0) size 800x600
layer at (0,0) size 800x600
  RenderBlock {HTML} at (0,0) size 800x600
    RenderBody {BODY} at (8,8) size 784x584 [bgcolor=#CCCCCC]
      RenderBlock {P} at (0,0) size 784x20
        RenderText {#text} at (0,0) size 363x19
          text run at (0,0) width 363: "The style declarations which apply to the text below are:"
      RenderBlock {PRE} at (0,36) size 784x48
        RenderText {#text} at (0,0) size 328x48
          text run at (0,0) width 328: ".one {border-bottom: purple double 10px;}"
          text run at (328,0) width 0: " "
          text run at (0,16) width 320: ".two {border-bottom: purple thin solid;}"
          text run at (320,16) width 0: " "
          text run at (0,32) width 0: " "
      RenderBlock {HR} at (0,97) size 784x2 [border: (1px inset #000000)]
      RenderBlock {P} at (0,115) size 784x60 [bgcolor=#C0C0C0]
        RenderText {#text} at (0,0) size 681x19
          text run at (0,0) width 681: "This is an unstyled element, save for the background color, and containing inline elements with classes of "
        RenderInline {SPAN} at (0,0) size 59x29 [border: none (10px double #800080) none]
          RenderText {#text} at (680,0) size 59x19
            text run at (680,0) width 59: "class one"
        RenderText {#text} at (738,0) size 743x39
          text run at (738,0) width 5: ","
          text run at (0,20) width 412: "which should have a 10-pixel purple double bottom border; and "
        RenderInline {SPAN} at (0,0) size 60x20 [border: none (1px solid #800080) none]
          RenderText {#text} at (411,20) size 60x19
            text run at (411,20) width 60: "class two"
        RenderText {#text} at (470,20) size 769x39
          text run at (470,20) width 299: ", which should have a thin solid purple bottom"
          text run at (0,40) width 50: "border. "
          text run at (49,40) width 439: "The line-height of the parent element should not change on any line."
      RenderTable {TABLE} at (0,191) size 784x98 [border: (1px outset #808080)]
        RenderTableSection {TBODY} at (1,1) size 782x96
          RenderTableRow {TR} at (0,0) size 782x28
            RenderTableCell {TD} at (0,0) size 782x28 [bgcolor=#C0C0C0] [border: (1px inset #808080)] [r=0 c=0 rs=1 cs=2]
              RenderInline {STRONG} at (0,0) size 163x19
                RenderText {#text} at (4,4) size 163x19
                  text run at (4,4) width 163: "TABLE Testing Section"
          RenderTableRow {TR} at (0,28) size 782x68
            RenderTableCell {TD} at (0,48) size 12x28 [bgcolor=#C0C0C0] [border: (1px inset #808080)] [r=1 c=0 rs=1 cs=1]
              RenderText {#text} at (4,4) size 4x19
                text run at (4,4) width 4: " "
            RenderTableCell {TD} at (12,28) size 770x68 [border: (1px inset #808080)] [r=1 c=1 rs=1 cs=1]
              RenderBlock {P} at (4,4) size 762x60 [bgcolor=#C0C0C0]
                RenderText {#text} at (0,0) size 681x19
                  text run at (0,0) width 681: "This is an unstyled element, save for the background color, and containing inline elements with classes of "
                RenderInline {SPAN} at (0,0) size 59x29 [border: none (10px double #800080) none]
                  RenderText {#text} at (680,0) size 59x19
                    text run at (680,0) width 59: "class one"
                RenderText {#text} at (738,0) size 743x39
                  text run at (738,0) width 5: ","
                  text run at (0,20) width 412: "which should have a 10-pixel purple double bottom border; and "
                RenderInline {SPAN} at (0,0) size 60x20 [border: none (1px solid #800080) none]
                  RenderText {#text} at (411,20) size 60x19
                    text run at (411,20) width 60: "class two"
                RenderText {#text} at (470,20) size 719x39
                  text run at (470,20) width 249: ", which should have a thin solid purple"
                  text run at (0,40) width 100: "bottom border. "
                  text run at (99,40) width 438: "The line-height of the parent element should not change on any line."
