layer at (0,0) size 800x2926
  RenderView at (0,0) size 800x600
layer at (0,0) size 800x2926
  RenderBlock {HTML} at (0,0) size 800x2926
    RenderBody {BODY} at (8,8) size 784x2910 [bgcolor=#CCCCCC]
      RenderBlock (floating) {P} at (0,0) size 392x40 [bgcolor=#FFFF00]
        RenderText {#text} at (0,0) size 392x39
          text run at (0,0) width 392: "This paragraph is of class \"one\". It has a width of 50% and is"
          text run at (0,20) width 110: "floated to the left."
      RenderBlock {P} at (0,0) size 784x80
        RenderText {#text} at (392,0) size 784x79
          text run at (392,0) width 392: "This paragraph should start on the right side of a yellow box"
          text run at (392,20) width 392: "which contains the previous paragraph. Since the text of this"
          text run at (0,40) width 784: "element is much longer than the text in the previous element, the text will wrap around the yellow box. There is no padding,"
          text run at (0,60) width 740: "border or margins on this and the previous element, so the text of the two elements should be very close to each other."
      RenderBlock (anonymous) at (0,80) size 784x20
        RenderBR {BR} at (0,0) size 0x19
      RenderBlock {HR} at (0,108) size 784x2 [border: (1px inset #000000)]
      RenderBlock (floating) {P} at (0,118) size 784x80 [bgcolor=#FFFF00]
        RenderText {#text} at (0,0) size 784x79
          text run at (0,0) width 784: "This paragraph is of class \"two\". Since the width has been set to 100%, it should automatically be as wide as its parent"
          text run at (0,20) width 784: "element allows it to be. Therefore, even though the element is floated, there is no room for other content on the sides and a"
          text run at (0,40) width 784: "orange square image should be seen AFTER the paragraph, not next to it. A yellow background has been added to this"
          text run at (0,60) width 217: "paragraph for diagnostic purposes."
      RenderBlock (anonymous) at (0,118) size 784x100
        RenderImage {IMG} at (0,80) size 15x15
        RenderText {#text} at (15,80) size 4x19
          text run at (15,80) width 4: " "
        RenderBR {BR} at (19,95) size 0x0
      RenderBlock {HR} at (0,226) size 784x2 [border: (1px inset #000000)]
      RenderBlock (floating) {P} at (0,236) size 392x120 [bgcolor=#FFFF00]
        RenderText {#text} at (0,0) size 392x119
          text run at (0,0) width 392: "This paragraph is floated to the left and the orange square"
          text run at (0,20) width 392: "image should appear to the right of the paragraph. This"
          text run at (0,40) width 392: "paragraph has a yellow background and no padding, margin"
          text run at (0,60) width 392: "or border. The right edge of this yellow box should be"
          text run at (0,80) width 392: "horizontally aligned with the left edge of the yellow box"
          text run at (0,100) width 79: "undernearth."
      RenderBlock (anonymous) at (0,236) size 784x120
        RenderImage {IMG} at (392,0) size 15x15
        RenderText {#text} at (407,0) size 4x19
          text run at (407,0) width 4: " "
        RenderBR {BR} at (411,15) size 0x0
      RenderBlock {HR} at (0,364) size 784x2 [border: (1px inset #000000)]
      RenderBlock (floating) {P} at (392,374) size 392x120 [bgcolor=#FFFF00]
        RenderText {#text} at (0,0) size 392x119
          text run at (0,0) width 392: "This paragraph is floated to the right (using a STYLE"
          text run at (0,20) width 392: "attribute) and the orange square image should appear to the"
          text run at (0,40) width 392: "left of the paragraph. This paragraph has a yellow background"
          text run at (0,60) width 392: "and no padding, margin or border. The left edge of this"
          text run at (0,80) width 392: "yellow box should be horizonally aligned with the right edge"
          text run at (0,100) width 157: "of the yellow box above."
      RenderBlock (anonymous) at (0,374) size 784x120
        RenderImage {IMG} at (0,0) size 15x15
        RenderText {#text} at (15,0) size 4x19
          text run at (15,0) width 4: " "
        RenderBR {BR} at (19,15) size 0x0
      RenderBlock {HR} at (0,502) size 784x2 [border: (1px inset #000000)]
      RenderBlock {P} at (0,512) size 784x60
        RenderBlock (floating) {SPAN} at (0,0) size 48x37 [bgcolor=#C0C0C0]
          RenderText {#text} at (0,0) size 21x36
            text run at (0,0) width 21: "T"
        RenderText {#text} at (48,0) size 784x59
          text run at (48,0) width 736: "he first letter (a \"T\") of this paragraph should float left and be twice the font-size of the rest of the paragraph, as well"
          text run at (48,20) width 481: "as bold, with a content width of 1.5em and a background-color of silver. "
          text run at (529,20) width 255: "The top of the big letter \"T\" should be"
          text run at (0,40) width 656: "vertically aligned with the top of the first line of this paragraph. This is commonly known as \"drop-cap\"."
      RenderBlock (anonymous) at (0,572) size 784x20
        RenderBR {BR} at (0,0) size 0x19
      RenderBlock {HR} at (0,600) size 784x2 [border: (1px inset #000000)]
      RenderBlock (floating) {P} at (438,620) size 336x216 [bgcolor=#FFFF00] [border: (3px solid #FF0000)]
        RenderText {#text} at (8,8) size 320x199
          text run at (8,8) width 320: "This paragraph should be floated to the right, sort"
          text run at (8,28) width 320: "of like a 'sidebar' in a magazine article. Its width is"
          text run at (8,48) width 320: "20em so the box should not be reformatted when"
          text run at (8,68) width 320: "the size of the viewport is changed (e.g. when the"
          text run at (8,88) width 320: "window is resized). The background color of the"
          text run at (8,108) width 320: "element is yellow, and there should be a 3px solid"
          text run at (8,128) width 320: "red border outside a 5px wide padding. Also, the"
          text run at (8,148) width 320: "element has a 10px wide margin around it where"
          text run at (8,168) width 320: "the blue background of the paragraph in the"
          text run at (8,188) width 217: "normal flow should shine through."
      RenderBlock {P} at (0,610) size 784x220 [bgcolor=#66CCFF]
        RenderText {#text} at (0,0) size 428x219
          text run at (0,0) width 428: "This paragraph is not floating. If there is enough room, the textual"
          text run at (0,20) width 428: "content of the paragraph should appear on the left side of the yellow"
          text run at (0,40) width 157: "\"sidebar\" on the right. "
          text run at (157,40) width 271: "The content of this element should flow"
          text run at (0,60) width 183: "around the floated element. "
          text run at (183,60) width 245: "However, the floated element may or"
          text run at (0,80) width 428: "may not be obscured by the blue background of this element, as the"
          text run at (0,100) width 353: "specification does not say which is drawn \"on top.\" "
          text run at (353,100) width 75: "Even if the"
          text run at (0,120) width 428: "floated element is obscured, it still forces the content of this element"
          text run at (0,140) width 121: "to flow around it. "
          text run at (121,140) width 307: "If the floated element is not obscured, then the"
          text run at (0,160) width 428: "blue rectangle of this paragraph should extend 10px above and to"
          text run at (0,180) width 428: "the right of the sidebar's red border, due to the margin styles set for"
          text run at (0,200) width 123: "the floated element."
      RenderBlock (anonymous) at (0,830) size 784x20
        RenderBR {BR} at (0,0) size 0x19
      RenderBlock {HR} at (0,858) size 784x2 [border: (1px inset #000000)]
      RenderBlock {DIV} at (0,868) size 784x28 [bgcolor=#66CCFF] [border: (4px solid #FF0000)]
        RenderBlock (floating) {DIV} at (440,14) size 330x250 [bgcolor=#FFFF00]
          RenderBlock {P} at (5,5) size 320x240
            RenderText {#text} at (0,0) size 320x239
              text run at (0,0) width 320: "This paragraph is placed inside a DIV element"
              text run at (0,20) width 320: "which is floated to the right. The width of the DIV"
              text run at (0,40) width 320: "element is 20em. The background is yellow and"
              text run at (0,60) width 320: "there is a 5px padding, a 10px margin and no"
              text run at (0,80) width 320: "border. Since it is floated, the yellow box should"
              text run at (0,100) width 320: "be rendered on top of the background and borders"
              text run at (0,120) width 320: "of adjacent non-floated elements. To the left of this"
              text run at (0,140) width 320: "yellow box there should be a short paragraph with"
              text run at (0,160) width 320: "a blue background and a red border. The yellow"
              text run at (0,180) width 320: "box should be rendered on top of the bottom red"
              text run at (0,200) width 320: "border. I.e., the bottom red border will appear"
              text run at (0,220) width 318: "broken where it's overlaid by the yellow rectangle."
        RenderBlock {P} at (4,4) size 776x20
          RenderText {#text} at (0,0) size 268x19
            text run at (0,0) width 268: "See description in the box on the right side"
      RenderBlock (anonymous) at (0,896) size 784x246
        RenderBR {BR} at (0,0) size 0x19
      RenderBlock {HR} at (0,1150) size 784x2 [border: (1px inset #000000)]
      RenderBlock (floating) {DIV} at (0,1160) size 196x80 [bgcolor=#66CCFF]
        RenderBlock {P} at (0,0) size 196x80
          RenderText {#text} at (0,0) size 196x79
            text run at (0,0) width 196: "This paragraph is inside a DIV"
            text run at (0,20) width 196: "which is floated left. Its"
            text run at (0,40) width 196: "background is blue and the"
            text run at (0,60) width 87: "width is 25%."
      RenderBlock (floating) {DIV} at (588,1160) size 196x80 [bgcolor=#FFFF00]
        RenderBlock {P} at (0,0) size 196x80
          RenderText {#text} at (0,0) size 196x79
            text run at (0,0) width 196: "This paragraph is inside a DIV"
            text run at (0,20) width 196: "which is floated right. Its"
            text run at (0,40) width 196: "background is yellow and the"
            text run at (0,60) width 87: "width is 25%."
      RenderBlock {P} at (0,1160) size 784x40
        RenderText {#text} at (196,0) size 392x39
          text run at (196,0) width 392: "This paragraph should appear between a blue box (on the left)"
          text run at (196,20) width 199: "and a yellow box (on the right)."
      RenderBlock (anonymous) at (0,1200) size 784x40
        RenderBR {BR} at (196,0) size 0x19
      RenderBlock {HR} at (0,1248) size 784x2 [border: (1px inset #000000)]
      RenderBlock (floating) {DIV} at (0,1258) size 588x140 [bgcolor=#66CCFF]
        RenderBlock (floating) {DIV} at (431,0) size 147x40 [bgcolor=#FFFF00]
          RenderBlock {P} at (0,0) size 147x40
            RenderText {#text} at (0,0) size 147x39
              text run at (0,0) width 147: "See description in the"
              text run at (0,20) width 124: "box on the left side."
        RenderBlock {P} at (0,0) size 588x140
          RenderText {#text} at (0,0) size 588x139
            text run at (0,0) width 431: "This paragraph is inside a DIV which is floated left. The"
            text run at (0,20) width 431: "background of the DIV element is blue and its width is 75%. This"
            text run at (0,40) width 373: "text should all be inside the blue rectangle. The blue DIV "
            text run at (373,40) width 215: "element has another DIV element"
            text run at (0,60) width 170: "as a child. It has a yellow "
            text run at (170,60) width 368: "background color and is floated to the right. Since it is a "
            text run at (538,60) width 50: "child of"
            text run at (0,80) width 350: "the blue DIV, the yellow DIV should appear inside the "
            text run at (350,80) width 238: "blue rectangle. Due to it being floated"
            text run at (0,100) width 155: "to the right and having "
            text run at (155,100) width 433: "a 10px right margin, the yellow rectange should have a 10px blue"
            text run at (0,120) width 138: "stripe on its right side."
      RenderBlock (anonymous) at (0,1258) size 784x140
        RenderBR {BR} at (588,0) size 0x19
      RenderBlock {HR} at (0,1406) size 784x2 [border: (1px inset #000000)]
      RenderTable {TABLE} at (0,1416) size 784x1494 [border: (1px outset #808080)]
        RenderTableSection {TBODY} at (1,1) size 782x1492
          RenderTableRow {TR} at (0,0) size 782x28
            RenderTableCell {TD} at (0,0) size 782x28 [bgcolor=#C0C0C0] [border: (1px inset #808080)] [r=0 c=0 rs=1 cs=2]
              RenderInline {STRONG} at (0,0) size 163x19
                RenderText {#text} at (4,4) size 163x19
                  text run at (4,4) width 163: "TABLE Testing Section"
          RenderTableRow {TR} at (0,28) size 782x1464
            RenderTableCell {TD} at (0,746) size 12x28 [bgcolor=#C0C0C0] [border: (1px inset #808080)] [r=1 c=0 rs=1 cs=1]
              RenderText {#text} at (4,4) size 4x19
                text run at (4,4) width 4: " "
            RenderTableCell {TD} at (12,28) size 770x1464 [border: (1px inset #808080)] [r=1 c=1 rs=1 cs=1]
              RenderBlock (floating) {P} at (4,4) size 381x40 [bgcolor=#FFFF00]
                RenderText {#text} at (0,0) size 381x39
                  text run at (0,0) width 381: "This paragraph is of class \"one\". It has a width of 50% and"
                  text run at (0,20) width 124: "is floated to the left."
              RenderBlock {P} at (4,4) size 762x100
                RenderText {#text} at (381,0) size 762x99
                  text run at (381,0) width 381: "This paragraph should start on the right side of a yellow box"
                  text run at (381,20) width 381: "which contains the previous paragraph. Since the text of this"
                  text run at (0,40) width 762: "element is much longer than the text in the previous element, the text will wrap around the yellow box. There is no"
                  text run at (0,60) width 762: "padding, border or margins on this and the previous element, so the text of the two elements should be very close to each"
                  text run at (0,80) width 36: "other."
              RenderBlock (anonymous) at (4,104) size 762x20
                RenderBR {BR} at (0,0) size 0x19
              RenderBlock {HR} at (4,132) size 762x2 [border: (1px inset #000000)]
              RenderBlock (floating) {P} at (4,142) size 762x80 [bgcolor=#FFFF00]
                RenderText {#text} at (0,0) size 762x79
                  text run at (0,0) width 762: "This paragraph is of class \"two\". Since the width has been set to 100%, it should automatically be as wide as its parent"
                  text run at (0,20) width 762: "element allows it to be. Therefore, even though the element is floated, there is no room for other content on the sides and"
                  text run at (0,40) width 762: "a orange square image should be seen AFTER the paragraph, not next to it. A yellow background has been added to this"
                  text run at (0,60) width 217: "paragraph for diagnostic purposes."
              RenderBlock (anonymous) at (4,142) size 762x100
                RenderImage {IMG} at (0,80) size 15x15
                RenderText {#text} at (15,80) size 4x19
                  text run at (15,80) width 4: " "
                RenderBR {BR} at (19,95) size 0x0
              RenderBlock {HR} at (4,250) size 762x2 [border: (1px inset #000000)]
              RenderBlock (floating) {P} at (4,260) size 381x120 [bgcolor=#FFFF00]
                RenderText {#text} at (0,0) size 381x119
                  text run at (0,0) width 381: "This paragraph is floated to the left and the orange square"
                  text run at (0,20) width 381: "image should appear to the right of the paragraph. This"
                  text run at (0,40) width 381: "paragraph has a yellow background and no padding, margin"
                  text run at (0,60) width 381: "or border. The right edge of this yellow box should be"
                  text run at (0,80) width 381: "horizontally aligned with the left edge of the yellow box"
                  text run at (0,100) width 79: "undernearth."
              RenderBlock (anonymous) at (4,260) size 762x120
                RenderImage {IMG} at (381,0) size 15x15
                RenderText {#text} at (396,0) size 4x19
                  text run at (396,0) width 4: " "
                RenderBR {BR} at (400,15) size 0x0
              RenderBlock {HR} at (4,388) size 762x2 [border: (1px inset #000000)]
              RenderBlock (floating) {P} at (385,398) size 381x120 [bgcolor=#FFFF00]
                RenderText {#text} at (0,0) size 381x119
                  text run at (0,0) width 381: "This paragraph is floated to the right (using a STYLE"
                  text run at (0,20) width 381: "attribute) and the orange square image should appear to the"
                  text run at (0,40) width 381: "left of the paragraph. This paragraph has a yellow"
                  text run at (0,60) width 381: "background and no padding, margin or border. The left"
                  text run at (0,80) width 381: "edge of this yellow box should be horizonally aligned with"
                  text run at (0,100) width 247: "the right edge of the yellow box above."
              RenderBlock (anonymous) at (4,398) size 762x120
                RenderImage {IMG} at (0,0) size 15x15
                RenderText {#text} at (15,0) size 4x19
                  text run at (15,0) width 4: " "
                RenderBR {BR} at (19,15) size 0x0
              RenderBlock {HR} at (4,526) size 762x2 [border: (1px inset #000000)]
              RenderBlock {P} at (4,536) size 762x60
                RenderBlock (floating) {SPAN} at (0,0) size 48x37 [bgcolor=#C0C0C0]
                  RenderText {#text} at (0,0) size 21x36
                    text run at (0,0) width 21: "T"
                RenderText {#text} at (48,0) size 762x59
                  text run at (48,0) width 714: "he first letter (a \"T\") of this paragraph should float left and be twice the font-size of the rest of the paragraph, as"
                  text run at (48,20) width 491: "well as bold, with a content width of 1.5em and a background-color of silver. "
                  text run at (539,20) width 223: "The top of the big letter \"T\" should"
                  text run at (0,40) width 675: "be vertically aligned with the top of the first line of this paragraph. This is commonly known as \"drop-cap\"."
              RenderBlock (anonymous) at (4,596) size 762x20
                RenderBR {BR} at (0,0) size 0x19
              RenderBlock {HR} at (4,624) size 762x2 [border: (1px inset #000000)]
              RenderBlock (floating) {P} at (420,644) size 336x216 [bgcolor=#FFFF00] [border: (3px solid #FF0000)]
                RenderText {#text} at (8,8) size 320x199
                  text run at (8,8) width 320: "This paragraph should be floated to the right, sort"
                  text run at (8,28) width 320: "of like a 'sidebar' in a magazine article. Its width is"
                  text run at (8,48) width 320: "20em so the box should not be reformatted when"
                  text run at (8,68) width 320: "the size of the viewport is changed (e.g. when the"
                  text run at (8,88) width 320: "window is resized). The background color of the"
                  text run at (8,108) width 320: "element is yellow, and there should be a 3px solid"
                  text run at (8,128) width 320: "red border outside a 5px wide padding. Also, the"
                  text run at (8,148) width 320: "element has a 10px wide margin around it where"
                  text run at (8,168) width 320: "the blue background of the paragraph in the"
                  text run at (8,188) width 217: "normal flow should shine through."
              RenderBlock {P} at (4,634) size 762x240 [bgcolor=#66CCFF]
                RenderText {#text} at (0,0) size 406x239
                  text run at (0,0) width 406: "This paragraph is not floating. If there is enough room, the"
                  text run at (0,20) width 406: "textual content of the paragraph should appear on the left side of"
                  text run at (0,40) width 226: "the yellow \"sidebar\" on the right. "
                  text run at (226,40) width 180: "The content of this element"
                  text run at (0,60) width 268: "should flow around the floated element. "
                  text run at (268,60) width 138: "However, the floated"
                  text run at (0,80) width 406: "element may or may not be obscured by the blue background of"
                  text run at (0,100) width 406: "this element, as the specification does not say which is drawn"
                  text run at (0,120) width 64: "\"on top.\" "
                  text run at (64,120) width 342: "Even if the floated element is obscured, it still forces"
                  text run at (0,140) width 318: "the content of this element to flow around it. "
                  text run at (318,140) width 88: "If the floated"
                  text run at (0,160) width 406: "element is not obscured, then the blue rectangle of this"
                  text run at (0,180) width 406: "paragraph should extend 10px above and to the right of the"
                  text run at (0,200) width 406: "sidebar's red border, due to the margin styles set for the floated"
                  text run at (0,220) width 53: "element."
              RenderBlock (anonymous) at (4,874) size 762x20
                RenderBR {BR} at (0,0) size 0x19
              RenderBlock {HR} at (4,902) size 762x2 [border: (1px inset #000000)]
              RenderBlock {DIV} at (4,912) size 762x28 [bgcolor=#66CCFF] [border: (4px solid #FF0000)]
                RenderBlock (floating) {DIV} at (418,14) size 330x250 [bgcolor=#FFFF00]
                  RenderBlock {P} at (5,5) size 320x240
                    RenderText {#text} at (0,0) size 320x239
                      text run at (0,0) width 320: "This paragraph is placed inside a DIV element"
                      text run at (0,20) width 320: "which is floated to the right. The width of the DIV"
                      text run at (0,40) width 320: "element is 20em. The background is yellow and"
                      text run at (0,60) width 320: "there is a 5px padding, a 10px margin and no"
                      text run at (0,80) width 320: "border. Since it is floated, the yellow box should"
                      text run at (0,100) width 320: "be rendered on top of the background and borders"
                      text run at (0,120) width 320: "of adjacent non-floated elements. To the left of this"
                      text run at (0,140) width 320: "yellow box there should be a short paragraph with"
                      text run at (0,160) width 320: "a blue background and a red border. The yellow"
                      text run at (0,180) width 320: "box should be rendered on top of the bottom red"
                      text run at (0,200) width 320: "border. I.e., the bottom red border will appear"
                      text run at (0,220) width 318: "broken where it's overlaid by the yellow rectangle."
                RenderBlock {P} at (4,4) size 754x20
                  RenderText {#text} at (0,0) size 268x19
                    text run at (0,0) width 268: "See description in the box on the right side"
              RenderBlock (anonymous) at (4,940) size 762x246
                RenderBR {BR} at (0,0) size 0x19
              RenderBlock {HR} at (4,1194) size 762x2 [border: (1px inset #000000)]
              RenderBlock (floating) {DIV} at (4,1204) size 190x80 [bgcolor=#66CCFF]
                RenderBlock {P} at (0,0) size 190x80
                  RenderText {#text} at (0,0) size 190x79
                    text run at (0,0) width 190: "This paragraph is inside a"
                    text run at (0,20) width 190: "DIV which is floated left. Its"
                    text run at (0,40) width 190: "background is blue and the"
                    text run at (0,60) width 87: "width is 25%."
              RenderBlock (floating) {DIV} at (576,1204) size 190x80 [bgcolor=#FFFF00]
                RenderBlock {P} at (0,0) size 190x80
                  RenderText {#text} at (0,0) size 190x79
                    text run at (0,0) width 190: "This paragraph is inside a"
                    text run at (0,20) width 190: "DIV which is floated right. Its"
                    text run at (0,40) width 190: "background is yellow and the"
                    text run at (0,60) width 87: "width is 25%."
              RenderBlock {P} at (4,1204) size 762x40
                RenderText {#text} at (190,0) size 382x39
                  text run at (190,0) width 382: "This paragraph should appear between a blue box (on the"
                  text run at (190,20) width 29: "left) "
                  text run at (219,20) width 199: "and a yellow box (on the right)."
              RenderBlock (anonymous) at (4,1244) size 762x40
                RenderBR {BR} at (190,0) size 0x19
              RenderBlock {HR} at (4,1292) size 762x2 [border: (1px inset #000000)]
              RenderBlock (floating) {DIV} at (4,1302) size 571x140 [bgcolor=#66CCFF]
                RenderBlock (floating) {DIV} at (419,0) size 142x40 [bgcolor=#FFFF00]
                  RenderBlock {P} at (0,0) size 142x40
                    RenderText {#text} at (0,0) size 142x39
                      text run at (0,0) width 142: "See description in the"
                      text run at (0,20) width 124: "box on the left side."
                RenderBlock {P} at (0,0) size 571x140
                  RenderText {#text} at (0,0) size 571x139
                    text run at (0,0) width 419: "This paragraph is inside a DIV which is floated left. The"
                    text run at (0,20) width 419: "background of the DIV element is blue and its width is 75%. This"
                    text run at (0,40) width 402: "text should all be inside the blue rectangle. The blue DIV "
                    text run at (402,40) width 169: "element has another DIV"
                    text run at (0,60) width 217: "element as a child. It has a yellow "
                    text run at (217,60) width 354: "background color and is floated to the right. Since it is a"
                    text run at (0,80) width 415: "child of the blue DIV, the yellow DIV should appear inside the "
                    text run at (415,80) width 156: "blue rectangle. Due to it"
                    text run at (0,100) width 233: "being floated to the right and having "
                    text run at (233,100) width 338: "a 10px right margin, the yellow rectange should have"
                    text run at (0,120) width 78: "a 10px blue "
                    text run at (78,120) width 138: "stripe on its right side."
              RenderBlock (anonymous) at (4,1302) size 762x140
                RenderBR {BR} at (571,0) size 0x19
              RenderBlock {HR} at (4,1450) size 762x2 [border: (1px inset #000000)]
