layer at (0,0) size 800x1005
  RenderView at (0,0) size 800x600
layer at (0,0) size 800x1005
  RenderBlock {HTML} at (0,0) size 800x1005
    RenderBody {BODY} at (8,8) size 784x989 [bgcolor=#CCCCCC]
      RenderBlock {P} at (0,0) size 784x18
        RenderText {#text} at (0,0) size 363x17
          text run at (0,0) width 363: "The style declarations which apply to the text below are:"
      RenderBlock {PRE} at (0,34) size 784x90
        RenderText {#text} at (0,0) size 408x90
          text run at (0,0) width 392: ".zero {background-color: silver; margin-left: 0;}"
          text run at (392,0) width 0: " "
          text run at (0,15) width 400: ".one {margin-left: 0.5in; background-color: aqua;}"
          text run at (400,15) width 0: " "
          text run at (0,30) width 392: ".two {margin-left: 25px; background-color: aqua;}"
          text run at (392,30) width 0: " "
          text run at (0,45) width 400: ".three {margin-left: 5em; background-color: aqua;}"
          text run at (400,45) width 0: " "
          text run at (0,60) width 392: ".four {margin-left: 25%; background-color: aqua;}"
          text run at (392,60) width 0: " "
          text run at (0,75) width 408: ".five {margin-left: -10px; background-color: aqua;}"
          text run at (408,75) width 0: " "
      RenderBlock {HR} at (0,137) size 784x2 [border: (1px inset #000000)]
      RenderBlock {P} at (0,155) size 784x18 [bgcolor=#C0C0C0]
        RenderText {#text} at (0,0) size 208x17
          text run at (0,0) width 208: "This element has a class of zero."
      RenderBlock {P} at (48,189) size 736x18 [bgcolor=#00FFFF]
        RenderText {#text} at (0,0) size 356x17
          text run at (0,0) width 356: "This sentence should have a left margin of half an inch."
      RenderBlock {P} at (25,223) size 759x18 [bgcolor=#00FFFF]
        RenderText {#text} at (0,0) size 338x17
          text run at (0,0) width 338: "This sentence should have a left margin of 25 pixels."
      RenderBlock {P} at (80,257) size 704x18 [bgcolor=#00FFFF]
        RenderText {#text} at (0,0) size 312x17
          text run at (0,0) width 312: "This sentence should have a left margin of 5 em."
      RenderBlock {P} at (196,291) size 588x36 [bgcolor=#00FFFF]
        RenderText {#text} at (0,0) size 558x35
          text run at (0,0) width 558: "This sentence should have a left margin of 25%, which is calculated with respect to the"
          text run at (0,18) width 181: "width of the parent element."
      RenderBlock {UL} at (25,343) size 759x90 [bgcolor=#808080]
        RenderListItem {LI} at (40,0) size 719x18
          RenderListMarker at (-16,0) size 6x17: bullet
          RenderText {#text} at (0,0) size 701x17
            text run at (0,0) width 701: "The left margin on this unordered list has been set to 25 pixels, and its background color has been set to gray."
        RenderListItem {LI} at (65,18) size 694x54 [bgcolor=#FFFFFF]
          RenderListMarker at (-16,0) size 6x17: bullet
          RenderText {#text} at (0,0) size 686x53
            text run at (0,0) width 670: "Another list item might not be such a bad idea, either, considering that such things do need to be double-"
            text run at (0,18) width 61: "checked. "
            text run at (60,18) width 626: "This list item has its left margin also set to 25 pixels, which should combine with the list's margin"
            text run at (0,36) width 489: "to make 50 pixels of margin, and its background color has been set to white."
        RenderListItem {LI} at (40,72) size 719x18
          RenderListMarker at (-16,0) size 6x17: bullet
          RenderText {#text} at (0,0) size 185x17
            text run at (0,0) width 185: "This is an unclassed list item"
      RenderBlock {P} at (0,449) size 784x18 [bgcolor=#C0C0C0]
        RenderText {#text} at (0,0) size 208x17
          text run at (0,0) width 208: "This element has a class of zero."
      RenderBlock {P} at (-10,483) size 794x54 [bgcolor=#00FFFF]
        RenderText {#text} at (0,0) size 794x53
          text run at (0,0) width 774: "This paragraph has a left margin of -10px, which should cause it to be wider than it might otherwise be, and it has a light"
          text run at (0,18) width 116: "blue background. "
          text run at (115,18) width 395: "In all other respects, however, the element should be normal. "
          text run at (509,18) width 285: "No styles have been applied to it besides the"
          text run at (0,36) width 301: "negative left margin and the background color."
      RenderTable {TABLE} at (0,553) size 784x436 [border: (1px outset #808080)]
        RenderTableSection {TBODY} at (1,1) size 782x434
          RenderTableRow {TR} at (0,0) size 782x26
            RenderTableCell {TD} at (0,0) size 782x26 [bgcolor=#C0C0C0] [border: (1px inset #808080)] [r=0 c=0 rs=1 cs=2]
              RenderInline {STRONG} at (0,0) size 163x17
                RenderText {#text} at (4,4) size 163x17
                  text run at (4,4) width 163: "TABLE Testing Section"
          RenderTableRow {TR} at (0,26) size 782x408
            RenderTableCell {TD} at (0,217) size 12x26 [bgcolor=#C0C0C0] [border: (1px inset #808080)] [r=1 c=0 rs=1 cs=1]
              RenderText {#text} at (4,4) size 4x17
                text run at (4,4) width 4: " "
            RenderTableCell {TD} at (12,26) size 770x408 [border: (1px inset #808080)] [r=1 c=1 rs=1 cs=1]
              RenderBlock {P} at (4,4) size 762x18 [bgcolor=#C0C0C0]
                RenderText {#text} at (0,0) size 208x17
                  text run at (0,0) width 208: "This element has a class of zero."
              RenderBlock {P} at (52,38) size 714x18 [bgcolor=#00FFFF]
                RenderText {#text} at (0,0) size 356x17
                  text run at (0,0) width 356: "This sentence should have a left margin of half an inch."
              RenderBlock {P} at (29,72) size 737x18 [bgcolor=#00FFFF]
                RenderText {#text} at (0,0) size 338x17
                  text run at (0,0) width 338: "This sentence should have a left margin of 25 pixels."
              RenderBlock {P} at (84,106) size 682x18 [bgcolor=#00FFFF]
                RenderText {#text} at (0,0) size 312x17
                  text run at (0,0) width 312: "This sentence should have a left margin of 5 em."
              RenderBlock {P} at (194,140) size 572x36 [bgcolor=#00FFFF]
                RenderText {#text} at (0,0) size 558x35
                  text run at (0,0) width 558: "This sentence should have a left margin of 25%, which is calculated with respect to the"
                  text run at (0,18) width 181: "width of the parent element."
              RenderBlock {UL} at (29,192) size 737x108 [bgcolor=#808080]
                RenderListItem {LI} at (40,0) size 697x36
                  RenderListMarker at (-16,0) size 6x17: bullet
                  RenderText {#text} at (0,0) size 664x35
                    text run at (0,0) width 664: "The left margin on this unordered list has been set to 25 pixels, and its background color has been set to"
                    text run at (0,18) width 33: "gray."
                RenderListItem {LI} at (65,36) size 672x54 [bgcolor=#FFFFFF]
                  RenderListMarker at (-16,0) size 6x17: bullet
                  RenderText {#text} at (0,0) size 670x53
                    text run at (0,0) width 670: "Another list item might not be such a bad idea, either, considering that such things do need to be double-"
                    text run at (0,18) width 61: "checked. "
                    text run at (60,18) width 577: "This list item has its left margin also set to 25 pixels, which should combine with the list's"
                    text run at (0,36) width 538: "margin to make 50 pixels of margin, and its background color has been set to white."
                RenderListItem {LI} at (40,90) size 697x18
                  RenderListMarker at (-16,0) size 6x17: bullet
                  RenderText {#text} at (0,0) size 185x17
                    text run at (0,0) width 185: "This is an unclassed list item"
              RenderBlock {P} at (4,316) size 762x18 [bgcolor=#C0C0C0]
                RenderText {#text} at (0,0) size 208x17
                  text run at (0,0) width 208: "This element has a class of zero."
              RenderBlock {P} at (-6,350) size 772x54 [bgcolor=#00FFFF]
                RenderText {#text} at (0,0) size 752x53
                  text run at (0,0) width 741: "This paragraph has a left margin of -10px, which should cause it to be wider than it might otherwise be, and it has a"
                  text run at (0,18) width 149: "light blue background. "
                  text run at (148,18) width 395: "In all other respects, however, the element should be normal. "
                  text run at (542,18) width 210: "No styles have been applied to it"
                  text run at (0,36) width 375: "besides the negative left margin and the background color."
