layer at (0,0) size 802x1005
  RenderView at (0,0) size 800x600
layer at (0,0) size 800x1005
  RenderBlock {HTML} at (0,0) size 800x1005
    RenderBody {BODY} at (8,8) size 784x989 [bgcolor=#CCCCCC]
      RenderBlock {P} at (0,0) size 784x18
        RenderText {#text} at (0,0) size 363x17
          text run at (0,0) width 363: "The style declarations which apply to the text below are:"
      RenderBlock {PRE} at (0,34) size 784x90
        RenderText {#text} at (0,0) size 560x90
          text run at (0,0) width 552: ".zero {background-color: silver; margin-right: 0; text-align: right;}"
          text run at (552,0) width 0: " "
          text run at (0,15) width 560: ".one {margin-right: 0.5in; text-align: right; background-color: aqua;}"
          text run at (560,15) width 0: " "
          text run at (0,30) width 552: ".two {margin-right: 25px; text-align: right; background-color: aqua;}"
          text run at (552,30) width 0: " "
          text run at (0,45) width 560: ".three {margin-right: 5em; text-align: right; background-color: aqua;}"
          text run at (560,45) width 0: " "
          text run at (0,60) width 552: ".four {margin-right: 25%; text-align: right; background-color: aqua;}"
          text run at (552,60) width 0: " "
          text run at (0,75) width 416: ".five {margin-right: -10px; background-color: aqua;}"
          text run at (416,75) width 0: " "
      RenderBlock {HR} at (0,137) size 784x2 [border: (1px inset #000000)]
      RenderBlock {P} at (0,155) size 784x18 [bgcolor=#C0C0C0]
        RenderText {#text} at (576,0) size 208x17
          text run at (576,0) width 208: "This element has a class of zero."
      RenderBlock {P} at (0,189) size 736x18 [bgcolor=#00FFFF]
        RenderText {#text} at (371,0) size 365x17
          text run at (371,0) width 365: "This sentence should have a right margin of half an inch."
      RenderBlock {P} at (0,223) size 759x18 [bgcolor=#00FFFF]
        RenderText {#text} at (412,0) size 347x17
          text run at (412,0) width 347: "This sentence should have a right margin of 25 pixels."
      RenderBlock {P} at (0,257) size 704x18 [bgcolor=#00FFFF]
        RenderText {#text} at (383,0) size 321x17
          text run at (383,0) width 321: "This sentence should have a right margin of 5 em."
      RenderBlock {P} at (0,291) size 588x36 [bgcolor=#00FFFF]
        RenderText {#text} at (21,0) size 567x35
          text run at (21,0) width 567: "This sentence should have a right margin of 25%, which is calculated with respect to the"
          text run at (407,18) width 181: "width of the parent element."
      RenderBlock {UL} at (0,343) size 759x90 [bgcolor=#808080]
        RenderListItem {LI} at (40,0) size 719x18
          RenderListMarker at (-16,0) size 6x17: bullet
          RenderText {#text} at (5,0) size 714x17
            text run at (5,0) width 714: "The right margin on this unordered list has been set to 25 pixels, and the background color has been set to gray."
        RenderListItem {LI} at (40,18) size 694x54 [bgcolor=#FFFFFF]
          RenderListMarker at (-16,0) size 6x17: bullet
          RenderText {#text} at (24,0) size 670x53
            text run at (24,0) width 670: "Another list item might not be such a bad idea, either, considering that such things do need to be double-"
            text run at (48,18) width 62: "checked. "
            text run at (109,18) width 585: "This list item has its right margin also set to 25 pixels, which should combine with the list's"
            text run at (155,36) width 539: "margin to make 50 pixels of margin, and its background-color has been set to white."
        RenderListItem {LI} at (40,72) size 719x18
          RenderListMarker at (-16,0) size 6x17: bullet
          RenderText {#text} at (534,0) size 185x17
            text run at (534,0) width 185: "This is an unclassed list item"
      RenderBlock {P} at (0,449) size 784x18 [bgcolor=#C0C0C0]
        RenderText {#text} at (576,0) size 208x17
          text run at (576,0) width 208: "This element has a class of zero."
      RenderBlock {P} at (0,483) size 794x54 [bgcolor=#00FFFF]
        RenderText {#text} at (0,0) size 794x53
          text run at (0,0) width 783: "This paragraph has a right margin of -10px, which should cause it to be wider than it might otherwise be, and it has a light"
          text run at (0,18) width 116: "blue background. "
          text run at (115,18) width 395: "In all other respects, however, the element should be normal. "
          text run at (509,18) width 285: "No styles have been applied to it besides the"
          text run at (0,36) width 309: "negative right margin and the background color."
      RenderTable {TABLE} at (0,553) size 784x436 [border: (1px outset #808080)]
        RenderTableSection {TBODY} at (1,1) size 782x434
          RenderTableRow {TR} at (0,0) size 782x26
            RenderTableCell {TD} at (0,0) size 782x26 [bgcolor=#C0C0C0] [border: (1px inset #808080)] [r=0 c=0 rs=1 cs=2]
              RenderInline {STRONG} at (0,0) size 163x17
                RenderText {#text} at (4,4) size 163x17
                  text run at (4,4) width 163: "TABLE Testing Section"
          RenderTableRow {TR} at (0,26) size 782x408
            RenderTableCell {TD} at (0,217) size 12x26 [bgcolor=#C0C0C0] [border: (1px inset #808080)] [r=1 c=0 rs=1 cs=1]
              RenderText {#text} at (4,4) size 4x17
                text run at (4,4) width 4: " "
            RenderTableCell {TD} at (12,26) size 770x408 [border: (1px inset #808080)] [r=1 c=1 rs=1 cs=1]
              RenderBlock {P} at (4,4) size 762x18 [bgcolor=#C0C0C0]
                RenderText {#text} at (554,0) size 208x17
                  text run at (554,0) width 208: "This element has a class of zero."
              RenderBlock {P} at (4,38) size 714x18 [bgcolor=#00FFFF]
                RenderText {#text} at (349,0) size 365x17
                  text run at (349,0) width 365: "This sentence should have a right margin of half an inch."
              RenderBlock {P} at (4,72) size 737x18 [bgcolor=#00FFFF]
                RenderText {#text} at (390,0) size 347x17
                  text run at (390,0) width 347: "This sentence should have a right margin of 25 pixels."
              RenderBlock {P} at (4,106) size 682x18 [bgcolor=#00FFFF]
                RenderText {#text} at (361,0) size 321x17
                  text run at (361,0) width 321: "This sentence should have a right margin of 5 em."
              RenderBlock {P} at (4,140) size 572x36 [bgcolor=#00FFFF]
                RenderText {#text} at (5,0) size 567x35
                  text run at (5,0) width 567: "This sentence should have a right margin of 25%, which is calculated with respect to the"
                  text run at (391,18) width 181: "width of the parent element."
              RenderBlock {UL} at (4,192) size 737x108 [bgcolor=#808080]
                RenderListItem {LI} at (40,0) size 697x36
                  RenderListMarker at (-16,0) size 6x17: bullet
                  RenderText {#text} at (19,0) size 678x35
                    text run at (19,0) width 678: "The right margin on this unordered list has been set to 25 pixels, and the background color has been set to"
                    text run at (664,18) width 33: "gray."
                RenderListItem {LI} at (40,36) size 672x54 [bgcolor=#FFFFFF]
                  RenderListMarker at (-16,0) size 6x17: bullet
                  RenderText {#text} at (2,0) size 670x53
                    text run at (2,0) width 670: "Another list item might not be such a bad idea, either, considering that such things do need to be double-"
                    text run at (26,18) width 62: "checked. "
                    text run at (87,18) width 585: "This list item has its right margin also set to 25 pixels, which should combine with the list's"
                    text run at (133,36) width 539: "margin to make 50 pixels of margin, and its background-color has been set to white."
                RenderListItem {LI} at (40,90) size 697x18
                  RenderListMarker at (-16,0) size 6x17: bullet
                  RenderText {#text} at (512,0) size 185x17
                    text run at (512,0) width 185: "This is an unclassed list item"
              RenderBlock {P} at (4,316) size 762x18 [bgcolor=#C0C0C0]
                RenderText {#text} at (554,0) size 208x17
                  text run at (554,0) width 208: "This element has a class of zero."
              RenderBlock {P} at (4,350) size 772x54 [bgcolor=#00FFFF]
                RenderText {#text} at (0,0) size 752x53
                  text run at (0,0) width 750: "This paragraph has a right margin of -10px, which should cause it to be wider than it might otherwise be, and it has a"
                  text run at (0,18) width 149: "light blue background. "
                  text run at (148,18) width 395: "In all other respects, however, the element should be normal. "
                  text run at (542,18) width 210: "No styles have been applied to it"
                  text run at (0,36) width 384: "besides the negative right margin and the background color."
