layer at (0,0) size 800x600
  RenderView at (0,0) size 800x600
layer at (0,0) size 800x600
  RenderBlock {HTML} at (0,0) size 800x600
    RenderBody {BODY} at (8,8) size 784x584 [bgcolor=#CCCCCC]
      RenderBlock {P} at (0,0) size 784x20
        RenderText {#text} at (0,0) size 363x19
          text run at (0,0) width 363: "The style declarations which apply to the text below are:"
      RenderBlock {PRE} at (0,36) size 784x32
        RenderText {#text} at (0,0) size 416x32
          text run at (0,0) width 408: ".one {margin-bottom: 25px; background-color: aqua;}"
          text run at (408,0) width 0: " "
          text run at (0,16) width 416: ".two {margin-bottom: -10px; background-color: aqua;}"
          text run at (416,16) width 0: " "
      RenderBlock {HR} at (0,81) size 784x2 [border: (1px inset #000000)]
      RenderBlock {P} at (0,99) size 784x60 [bgcolor=#808080]
        RenderText {#text} at (0,0) size 491x19
          text run at (0,0) width 401: "This element is unstyled save for a background color of gray.. "
          text run at (400,0) width 91: "It contains an "
        RenderInline {SPAN} at (0,0) size 778x39 [bgcolor=#00FFFF]
          RenderText {#text} at (490,0) size 149x19
            text run at (490,0) width 149: "inline element of class "
          RenderInline {TT} at (0,0) size 25x16
            RenderText {#text} at (638,3) size 25x16
              text run at (638,3) width 25: "one"
          RenderText {#text} at (662,0) size 778x39
            text run at (662,0) width 116: ", giving it an aqua"
            text run at (0,20) width 249: "background and a 25px bottom margin"
        RenderText {#text} at (248,20) size 777x39
          text run at (248,20) width 9: ". "
          text run at (256,20) width 521: "Margins on inline elements does not affect line-height calculations, so all lines in"
          text run at (0,40) width 297: "this element should have the same line-height."
      RenderBlock {P} at (0,175) size 784x60 [bgcolor=#808080]
        RenderText {#text} at (0,0) size 491x19
          text run at (0,0) width 401: "This element is unstyled save for a background color of gray.. "
          text run at (400,0) width 91: "It contains an "
        RenderInline {SPAN} at (0,0) size 778x39 [bgcolor=#00FFFF]
          RenderText {#text} at (490,0) size 149x19
            text run at (490,0) width 149: "inline element of class "
          RenderInline {TT} at (0,0) size 25x16
            RenderText {#text} at (638,3) size 25x16
              text run at (638,3) width 25: "two"
          RenderText {#text} at (662,0) size 778x39
            text run at (662,0) width 116: ", giving it an aqua"
            text run at (0,20) width 254: "background and a -10px bottom margin"
        RenderText {#text} at (253,20) size 782x39
          text run at (253,20) width 9: ". "
          text run at (261,20) width 521: "Margins on inline elements does not affect line-height calculations, so all lines in"
          text run at (0,40) width 297: "this element should have the same line-height."
      RenderTable {TABLE} at (0,251) size 784x174 [border: (1px outset #808080)]
        RenderTableSection {TBODY} at (1,1) size 782x172
          RenderTableRow {TR} at (0,0) size 782x28
            RenderTableCell {TD} at (0,0) size 782x28 [bgcolor=#C0C0C0] [border: (1px inset #808080)] [r=0 c=0 rs=1 cs=2]
              RenderInline {STRONG} at (0,0) size 163x19
                RenderText {#text} at (4,4) size 163x19
                  text run at (4,4) width 163: "TABLE Testing Section"
          RenderTableRow {TR} at (0,28) size 782x144
            RenderTableCell {TD} at (0,86) size 12x28 [bgcolor=#C0C0C0] [border: (1px inset #808080)] [r=1 c=0 rs=1 cs=1]
              RenderText {#text} at (4,4) size 4x19
                text run at (4,4) width 4: " "
            RenderTableCell {TD} at (12,28) size 770x144 [border: (1px inset #808080)] [r=1 c=1 rs=1 cs=1]
              RenderBlock {P} at (4,4) size 762x60 [bgcolor=#808080]
                RenderText {#text} at (0,0) size 491x19
                  text run at (0,0) width 401: "This element is unstyled save for a background color of gray.. "
                  text run at (400,0) width 91: "It contains an "
                RenderInline {SPAN} at (0,0) size 744x39 [bgcolor=#00FFFF]
                  RenderText {#text} at (490,0) size 149x19
                    text run at (490,0) width 149: "inline element of class "
                  RenderInline {TT} at (0,0) size 25x16
                    RenderText {#text} at (638,3) size 25x16
                      text run at (638,3) width 25: "one"
                  RenderText {#text} at (662,0) size 744x39
                    text run at (662,0) width 82: ", giving it an"
                    text run at (0,20) width 283: "aqua background and a 25px bottom margin"
                RenderText {#text} at (282,20) size 760x39
                  text run at (282,20) width 9: ". "
                  text run at (290,20) width 470: "Margins on inline elements does not affect line-height calculations, so all"
                  text run at (0,40) width 348: "lines in this element should have the same line-height."
              RenderBlock {P} at (4,80) size 762x60 [bgcolor=#808080]
                RenderText {#text} at (0,0) size 491x19
                  text run at (0,0) width 401: "This element is unstyled save for a background color of gray.. "
                  text run at (400,0) width 91: "It contains an "
                RenderInline {SPAN} at (0,0) size 744x39 [bgcolor=#00FFFF]
                  RenderText {#text} at (490,0) size 149x19
                    text run at (490,0) width 149: "inline element of class "
                  RenderInline {TT} at (0,0) size 25x16
                    RenderText {#text} at (638,3) size 25x16
                      text run at (638,3) width 25: "two"
                  RenderText {#text} at (662,0) size 744x39
                    text run at (662,0) width 82: ", giving it an"
                    text run at (0,20) width 289: "aqua background and a -10px bottom margin"
                RenderText {#text} at (288,20) size 746x39
                  text run at (288,20) width 9: ". "
                  text run at (296,20) width 450: "Margins on inline elements does not affect line-height calculations, so"
                  text run at (0,40) width 368: "all lines in this element should have the same line-height."
