layer at (0,0) size 800x600
  RenderView at (0,0) size 800x600
layer at (0,0) size 800x600
  RenderBlock {HTML} at (0,0) size 800x600
    RenderBody {BODY} at (8,8) size 784x584 [bgcolor=#CCCCCC]
      RenderBlock {P} at (0,0) size 784x20
        RenderText {#text} at (0,0) size 363x19
          text run at (0,0) width 363: "The style declarations which apply to the text below are:"
      RenderBlock {PRE} at (0,36) size 784x64
        RenderText {#text} at (0,0) size 392x64
          text run at (0,0) width 384: ".zero {background-color: silver; margin-top: 0;}"
          text run at (384,0) width 0: " "
          text run at (0,16) width 384: ".one {margin-top: 25px; background-color: aqua;}"
          text run at (384,16) width 0: " "
          text run at (0,32) width 392: ".two {margin-top: -10px; background-color: aqua;}"
          text run at (392,32) width 0: " "
          text run at (0,48) width 0: " "
      RenderBlock {HR} at (0,113) size 784x2 [border: (1px inset #000000)]
      RenderBlock {P} at (0,131) size 784x60 [bgcolor=#808080]
        RenderText {#text} at (0,0) size 487x19
          text run at (0,0) width 397: "This element is unstyled save for a background color of gray. "
          text run at (396,0) width 91: "It contains an "
        RenderInline {SPAN} at (0,0) size 774x39 [bgcolor=#00FFFF]
          RenderText {#text} at (486,0) size 149x19
            text run at (486,0) width 149: "inline element of class "
          RenderInline {TT} at (0,0) size 25x16
            RenderText {#text} at (634,3) size 25x16
              text run at (634,3) width 25: "one"
          RenderText {#text} at (658,0) size 774x39
            text run at (658,0) width 116: ", giving it an aqua"
            text run at (0,20) width 224: "background and a 25px top margin"
        RenderText {#text} at (223,20) size 766x39
          text run at (223,20) width 9: ". "
          text run at (231,20) width 535: "Margins on inline elements do not affect line-height calculations, so all lines in this"
          text run at (0,40) width 270: "element should have the same line-height."
      RenderBlock {P} at (0,207) size 784x60 [bgcolor=#808080]
        RenderText {#text} at (0,0) size 487x19
          text run at (0,0) width 397: "This element is unstyled save for a background color of gray. "
          text run at (396,0) width 91: "It contains an "
        RenderInline {SPAN} at (0,0) size 772x39 [bgcolor=#00FFFF]
          RenderText {#text} at (486,0) size 149x19
            text run at (486,0) width 149: "inline element of class "
          RenderInline {TT} at (0,0) size 25x16
            RenderText {#text} at (634,3) size 25x16
              text run at (634,3) width 25: "two"
          RenderText {#text} at (658,0) size 772x39
            text run at (658,0) width 114: ", giving the inline"
            text run at (0,20) width 337: "element an aqua background and a -10px top margin"
        RenderText {#text} at (336,20) size 781x39
          text run at (336,20) width 9: ". "
          text run at (344,20) width 437: "Margins on inline elements do not affect line-height calculations, so"
          text run at (0,40) width 368: "all lines in this element should have the same line-height."
      RenderTable {TABLE} at (0,283) size 784x174 [border: (1px outset #808080)]
        RenderTableSection {TBODY} at (1,1) size 782x172
          RenderTableRow {TR} at (0,0) size 782x28
            RenderTableCell {TD} at (0,0) size 782x28 [bgcolor=#C0C0C0] [border: (1px inset #808080)] [r=0 c=0 rs=1 cs=2]
              RenderInline {STRONG} at (0,0) size 163x19
                RenderText {#text} at (4,4) size 163x19
                  text run at (4,4) width 163: "TABLE Testing Section"
          RenderTableRow {TR} at (0,28) size 782x144
            RenderTableCell {TD} at (0,86) size 12x28 [bgcolor=#C0C0C0] [border: (1px inset #808080)] [r=1 c=0 rs=1 cs=1]
              RenderText {#text} at (4,4) size 4x19
                text run at (4,4) width 4: " "
            RenderTableCell {TD} at (12,28) size 770x144 [border: (1px inset #808080)] [r=1 c=1 rs=1 cs=1]
              RenderBlock {P} at (4,4) size 762x60 [bgcolor=#808080]
                RenderText {#text} at (0,0) size 487x19
                  text run at (0,0) width 397: "This element is unstyled save for a background color of gray. "
                  text run at (396,0) width 91: "It contains an "
                RenderInline {SPAN} at (0,0) size 740x39 [bgcolor=#00FFFF]
                  RenderText {#text} at (486,0) size 149x19
                    text run at (486,0) width 149: "inline element of class "
                  RenderInline {TT} at (0,0) size 25x16
                    RenderText {#text} at (634,3) size 25x16
                      text run at (634,3) width 25: "one"
                  RenderText {#text} at (658,0) size 740x39
                    text run at (658,0) width 82: ", giving it an"
                    text run at (0,20) width 258: "aqua background and a 25px top margin"
                RenderText {#text} at (257,20) size 756x39
                  text run at (257,20) width 9: ". "
                  text run at (265,20) width 491: "Margins on inline elements do not affect line-height calculations, so all lines"
                  text run at (0,40) width 314: "in this element should have the same line-height."
              RenderBlock {P} at (4,80) size 762x60 [bgcolor=#808080]
                RenderText {#text} at (0,0) size 487x19
                  text run at (0,0) width 397: "This element is unstyled save for a background color of gray. "
                  text run at (396,0) width 91: "It contains an "
                RenderInline {SPAN} at (0,0) size 731x39 [bgcolor=#00FFFF]
                  RenderText {#text} at (486,0) size 149x19
                    text run at (486,0) width 149: "inline element of class "
                  RenderInline {TT} at (0,0) size 25x16
                    RenderText {#text} at (634,3) size 25x16
                      text run at (634,3) width 25: "two"
                  RenderText {#text} at (658,0) size 731x39
                    text run at (658,0) width 73: ", giving the"
                    text run at (0,20) width 378: "inline element an aqua background and a -10px top margin"
                RenderText {#text} at (377,20) size 719x39
                  text run at (377,20) width 9: ". "
                  text run at (385,20) width 334: "Margins on inline elements do not affect line-height"
                  text run at (0,40) width 470: "calculations, so all lines in this element should have the same line-height."
