layer at (0,0) size 800x809
  RenderView at (0,0) size 800x600
layer at (0,0) size 800x809
  RenderBlock {HTML} at (0,0) size 800x809
    RenderBody {BODY} at (8,8) size 784x793 [bgcolor=#CCCCCC]
      RenderBlock {P} at (0,0) size 784x20
        RenderText {#text} at (0,0) size 355x19
          text run at (0,0) width 355: "The style declarations which apply to the text below are:"
      RenderBlock {PRE} at (0,36) size 784x64
        RenderText {#text} at (0,0) size 368x64
          text run at (0,0) width 360: ".zero {background-color: silver; padding: 0;}"
          text run at (360,0) width 0: " "
          text run at (0,16) width 360: ".one {padding: 25px; background-color: aqua;}"
          text run at (360,16) width 0: " "
          text run at (0,32) width 368: ".two {padding: -10px; background-color: aqua;}"
          text run at (368,32) width 0: " "
          text run at (0,48) width 0: " "
      RenderBlock {HR} at (0,113) size 784x2 [border: (1px inset #000000)]
      RenderBlock {P} at (0,131) size 784x20 [bgcolor=#C0C0C0]
        RenderText {#text} at (0,0) size 203x19
          text run at (0,0) width 203: "This element has a class of zero."
      RenderBlock {P} at (0,167) size 784x120 [bgcolor=#808080]
        RenderText {#text} at (0,0) size 477x19
          text run at (0,0) width 389: "This element is unstyled save for a background color of gray. "
          text run at (389,0) width 88: "It contains an "
        RenderInline {SPAN} at (0,0) size 782x89 [bgcolor=#00FFFF]
          RenderText {#text} at (502,0) size 143x19
            text run at (502,0) width 143: "inline element of class "
          RenderInline {TT} at (0,0) size 24x16
            RenderText {#text} at (645,3) size 24x16
              text run at (645,3) width 24: "one"
          RenderText {#text} at (669,0) size 782x39
            text run at (669,0) width 113: ", giving it an aqua"
            text run at (0,20) width 204: "background and a 25px padding"
        RenderText {#text} at (229,20) size 780x99
          text run at (229,20) width 8: ". "
          text run at (237,20) width 531: "Padding on inline elements does not affect line-height calculations, so all lines in this"
          text run at (0,40) width 267: "element should have the same line-height. "
          text run at (267,40) width 488: "There may be implementation-specific limits on how much of the padding the"
          text run at (0,60) width 353: "user agent is able to display above and below each line. "
          text run at (353,60) width 427: "However, there should be at least 25px of padding to the left side of"
          text run at (0,80) width 778: "the inline box in the first line it appears, and 25px of padding to the right side of the inline element box in the last line where"
          text run at (0,100) width 64: "it appears."
      RenderBlock {P} at (0,303) size 784x20 [bgcolor=#C0C0C0]
        RenderText {#text} at (0,0) size 203x19
          text run at (0,0) width 203: "This element has a class of zero."
      RenderBlock {P} at (0,339) size 784x60 [bgcolor=#808080]
        RenderText {#text} at (0,0) size 477x19
          text run at (0,0) width 389: "This element is unstyled save for a background color of gray. "
          text run at (389,0) width 88: "It contains an "
        RenderInline {SPAN} at (0,0) size 757x39 [bgcolor=#00FFFF]
          RenderText {#text} at (477,0) size 143x19
            text run at (477,0) width 143: "inline element of class "
          RenderInline {TT} at (0,0) size 24x16
            RenderText {#text} at (620,3) size 24x16
              text run at (620,3) width 24: "two"
          RenderText {#text} at (644,0) size 757x39
            text run at (644,0) width 113: ", giving it an aqua"
            text run at (0,20) width 474: "background and no padding, since negative padding values are not allowed"
        RenderText {#text} at (474,20) size 780x39
          text run at (474,20) width 8: ". "
          text run at (482,20) width 298: "Padding on inline elements does not affect line-"
          text run at (0,40) width 500: "height calculations, so all lines in this element should have the same line-height."
      RenderBlock {P} at (0,415) size 784x20 [bgcolor=#C0C0C0]
        RenderText {#text} at (0,0) size 203x19
          text run at (0,0) width 203: "This element has a class of zero."
      RenderTable {TABLE} at (0,451) size 784x342 [border: (1px outset #808080)]
        RenderTableSection {TBODY} at (1,1) size 782x340
          RenderTableRow {TR} at (0,0) size 782x28
            RenderTableCell {TD} at (0,0) size 782x28 [bgcolor=#C0C0C0] [border: (1px inset #808080)] [r=0 c=0 rs=1 cs=2]
              RenderInline {STRONG} at (0,0) size 163x19
                RenderText {#text} at (4,4) size 163x19
                  text run at (4,4) width 163: "TABLE Testing Section"
          RenderTableRow {TR} at (0,28) size 782x312
            RenderTableCell {TD} at (0,170) size 12x28 [bgcolor=#C0C0C0] [border: (1px inset #808080)] [r=1 c=0 rs=1 cs=1]
              RenderText {#text} at (4,4) size 4x19
                text run at (4,4) width 4: " "
            RenderTableCell {TD} at (12,28) size 770x312 [border: (1px inset #808080)] [r=1 c=1 rs=1 cs=1]
              RenderBlock {P} at (4,4) size 762x20 [bgcolor=#C0C0C0]
                RenderText {#text} at (0,0) size 203x19
                  text run at (0,0) width 203: "This element has a class of zero."
              RenderBlock {P} at (4,40) size 762x120 [bgcolor=#808080]
                RenderText {#text} at (0,0) size 477x19
                  text run at (0,0) width 389: "This element is unstyled save for a background color of gray. "
                  text run at (389,0) width 88: "It contains an "
                RenderInline {SPAN} at (0,0) size 748x89 [bgcolor=#00FFFF]
                  RenderText {#text} at (502,0) size 143x19
                    text run at (502,0) width 143: "inline element of class "
                  RenderInline {TT} at (0,0) size 24x16
                    RenderText {#text} at (645,3) size 24x16
                      text run at (645,3) width 24: "one"
                  RenderText {#text} at (669,0) size 748x39
                    text run at (669,0) width 79: ", giving it an"
                    text run at (0,20) width 238: "aqua background and a 25px padding"
                RenderText {#text} at (263,20) size 760x99
                  text run at (263,20) width 8: ". "
                  text run at (271,20) width 489: "Padding on inline elements does not affect line-height calculations, so all lines"
                  text run at (0,40) width 309: "in this element should have the same line-height. "
                  text run at (309,40) width 410: "There may be implementation-specific limits on how much of the"
                  text run at (0,60) width 431: "padding the user agent is able to display above and below each line. "
                  text run at (431,60) width 318: "However, there should be at least 25px of padding"
                  text run at (0,80) width 753: "to the left side of the inline box in the first line it appears, and 25px of padding to the right side of the inline element box"
                  text run at (0,100) width 198: "in the last line where it appears."
              RenderBlock {P} at (4,176) size 762x20 [bgcolor=#C0C0C0]
                RenderText {#text} at (0,0) size 203x19
                  text run at (0,0) width 203: "This element has a class of zero."
              RenderBlock {P} at (4,212) size 762x60 [bgcolor=#808080]
                RenderText {#text} at (0,0) size 477x19
                  text run at (0,0) width 389: "This element is unstyled save for a background color of gray. "
                  text run at (389,0) width 88: "It contains an "
                RenderInline {SPAN} at (0,0) size 757x39 [bgcolor=#00FFFF]
                  RenderText {#text} at (477,0) size 143x19
                    text run at (477,0) width 143: "inline element of class "
                  RenderInline {TT} at (0,0) size 24x16
                    RenderText {#text} at (620,3) size 24x16
                      text run at (620,3) width 24: "two"
                  RenderText {#text} at (644,0) size 757x39
                    text run at (644,0) width 113: ", giving it an aqua"
                    text run at (0,20) width 474: "background and no padding, since negative padding values are not allowed"
                RenderText {#text} at (474,20) size 748x39
                  text run at (474,20) width 8: ". "
                  text run at (482,20) width 266: "Padding on inline elements does not affect"
                  text run at (0,40) width 528: "line-height calculations, so all lines in this element should have the same line-height."
              RenderBlock {P} at (4,288) size 762x20 [bgcolor=#C0C0C0]
                RenderText {#text} at (0,0) size 203x19
                  text run at (0,0) width 203: "This element has a class of zero."
