layer at (0,0) size 800x1525
  RenderView at (0,0) size 800x600
layer at (0,0) size 800x1525
  RenderBlock {HTML} at (0,0) size 800x1525
    RenderBody {BODY} at (8,8) size 784x1509 [bgcolor=#CCCCCC]
      RenderBlock {P} at (0,0) size 784x20
        RenderText {#text} at (0,0) size 355x19
          text run at (0,0) width 355: "The style declarations which apply to the text below are:"
      RenderBlock {PRE} at (0,36) size 784x96
        RenderText {#text} at (0,0) size 408x96
          text run at (0,0) width 392: ".zero {background-color: silver; padding-top: 0;}"
          text run at (392,0) width 0: " "
          text run at (0,16) width 400: ".one {padding-top: 0.5in; background-color: aqua;}"
          text run at (400,16) width 0: " "
          text run at (0,32) width 392: ".two {padding-top: 25px; background-color: aqua;}"
          text run at (392,32) width 0: " "
          text run at (0,48) width 400: ".three {padding-top: 5em; background-color: aqua;}"
          text run at (400,48) width 0: " "
          text run at (0,64) width 392: ".four {padding-top: 25%; background-color: aqua;}"
          text run at (392,64) width 0: " "
          text run at (0,80) width 408: ".five {padding-top: -20px; background-color: aqua;}"
          text run at (408,80) width 0: " "
      RenderBlock {HR} at (0,145) size 784x2 [border: (1px inset #000000)]
      RenderBlock {P} at (0,163) size 784x20 [bgcolor=#C0C0C0]
        RenderText {#text} at (0,0) size 203x19
          text run at (0,0) width 203: "This element has a class of zero."
      RenderBlock {P} at (0,199) size 784x88 [bgcolor=#00FFFF]
        RenderText {#text} at (0,48) size 737x39
          text run at (0,48) width 633: "This element should have a top padding of half an inch, which will require extra text in order to test. "
          text run at (633,48) width 104: "Both the content"
          text run at (0,68) width 356: "background and the padding should be aqua (light blue)."
      RenderBlock {P} at (0,303) size 784x65 [bgcolor=#00FFFF]
        RenderText {#text} at (0,25) size 720x39
          text run at (0,25) width 616: "This element should have a top padding of 25 pixels, which will require extra text in order to test. "
          text run at (616,25) width 104: "Both the content"
          text run at (0,45) width 356: "background and the padding should be aqua (light blue)."
      RenderBlock {P} at (0,384) size 784x120 [bgcolor=#00FFFF]
        RenderText {#text} at (0,80) size 773x39
          text run at (0,80) width 590: "This element should have a top padding of 5 em, which will require extra text in order to test. "
          text run at (590,80) width 183: "Both the content background"
          text run at (0,100) width 277: "and the padding should be aqua (light blue)."
      RenderBlock {P} at (0,520) size 784x236 [bgcolor=#00FFFF]
        RenderText {#text} at (0,196) size 763x39
          text run at (0,196) width 732: "This element should have a top padding of 25%, which is calculated with respect to the width of the parent element. "
          text run at (732,196) width 31: "Both"
          text run at (0,216) width 433: "the content background and the padding should be aqua (light blue). "
          text run at (433,216) width 264: "This will require extra text in order to test."
      RenderBlock {P} at (0,772) size 784x40 [bgcolor=#00FFFF]
        RenderText {#text} at (0,0) size 775x39
          text run at (0,0) width 565: "This element should have no top padding, since negative padding values are not allowed. "
          text run at (565,0) width 210: "Both the content background and"
          text run at (0,20) width 298: "the normal padding should be aqua (light blue)."
      RenderTable {TABLE} at (0,828) size 784x681 [border: (1px outset #808080)]
        RenderTableSection {TBODY} at (1,1) size 782x679
          RenderTableRow {TR} at (0,0) size 782x28
            RenderTableCell {TD} at (0,0) size 782x28 [bgcolor=#C0C0C0] [border: (1px inset #808080)] [r=0 c=0 rs=1 cs=2]
              RenderInline {STRONG} at (0,0) size 163x19
                RenderText {#text} at (4,4) size 163x19
                  text run at (4,4) width 163: "TABLE Testing Section"
          RenderTableRow {TR} at (0,28) size 782x651
            RenderTableCell {TD} at (0,339) size 12x28 [bgcolor=#C0C0C0] [border: (1px inset #808080)] [r=1 c=0 rs=1 cs=1]
              RenderText {#text} at (4,4) size 4x19
                text run at (4,4) width 4: " "
            RenderTableCell {TD} at (12,28) size 770x651 [border: (1px inset #808080)] [r=1 c=1 rs=1 cs=1]
              RenderBlock {P} at (4,4) size 762x20 [bgcolor=#C0C0C0]
                RenderText {#text} at (0,0) size 203x19
                  text run at (0,0) width 203: "This element has a class of zero."
              RenderBlock {P} at (4,40) size 762x88 [bgcolor=#00FFFF]
                RenderText {#text} at (0,48) size 737x39
                  text run at (0,48) width 633: "This element should have a top padding of half an inch, which will require extra text in order to test. "
                  text run at (633,48) width 104: "Both the content"
                  text run at (0,68) width 356: "background and the padding should be aqua (light blue)."
              RenderBlock {P} at (4,144) size 762x65 [bgcolor=#00FFFF]
                RenderText {#text} at (0,25) size 720x39
                  text run at (0,25) width 616: "This element should have a top padding of 25 pixels, which will require extra text in order to test. "
                  text run at (616,25) width 104: "Both the content"
                  text run at (0,45) width 356: "background and the padding should be aqua (light blue)."
              RenderBlock {P} at (4,225) size 762x120 [bgcolor=#00FFFF]
                RenderText {#text} at (0,80) size 694x39
                  text run at (0,80) width 590: "This element should have a top padding of 5 em, which will require extra text in order to test. "
                  text run at (590,80) width 104: "Both the content"
                  text run at (0,100) width 356: "background and the padding should be aqua (light blue)."
              RenderBlock {P} at (4,361) size 762x230 [bgcolor=#00FFFF]
                RenderText {#text} at (0,190) size 732x39
                  text run at (0,190) width 728: "This element should have a top padding of 25%, which is calculated with respect to the width of the parent element."
                  text run at (0,210) width 468: "Both the content background and the padding should be aqua (light blue). "
                  text run at (468,210) width 264: "This will require extra text in order to test."
              RenderBlock {P} at (4,607) size 762x40 [bgcolor=#00FFFF]
                RenderText {#text} at (0,0) size 748x39
                  text run at (0,0) width 565: "This element should have no top padding, since negative padding values are not allowed. "
                  text run at (565,0) width 183: "Both the content background"
                  text run at (0,20) width 325: "and the normal padding should be aqua (light blue)."
