layer at (0,0) size 800x600
  RenderView at (0,0) size 800x600
layer at (0,0) size 800x600
  RenderBlock {HTML} at (0,0) size 800x600
    RenderBody {BODY} at (8,8) size 784x584 [bgcolor=#CCCCCC]
      RenderBlock {P} at (0,0) size 784x20
        RenderText {#text} at (0,0) size 363x19
          text run at (0,0) width 363: "The style declarations which apply to the text below are:"
      RenderBlock {PRE} at (0,36) size 784x48
        RenderText {#text} at (0,0) size 400x48
          text run at (0,0) width 392: ".one {padding-top: 25px; background-color: aqua;}"
          text run at (392,0) width 0: " "
          text run at (0,16) width 400: ".two {padding-top: -10px; background-color: aqua;}"
          text run at (400,16) width 0: " "
          text run at (0,32) width 0: " "
      RenderBlock {HR} at (0,97) size 784x2 [border: (1px inset #000000)]
      RenderBlock {P} at (0,115) size 784x80 [bgcolor=#808080]
        RenderText {#text} at (0,0) size 487x19
          text run at (0,0) width 397: "This element is unstyled save for a background color of gray. "
          text run at (396,0) width 91: "It contains an "
        RenderInline {SPAN} at (0,0) size 774x64 [bgcolor=#00FFFF]
          RenderText {#text} at (486,0) size 149x19
            text run at (486,0) width 149: "inline element of class "
          RenderInline {TT} at (0,0) size 25x16
            RenderText {#text} at (634,3) size 25x16
              text run at (634,3) width 25: "one"
          RenderText {#text} at (658,0) size 774x39
            text run at (658,0) width 116: ", giving it an aqua"
            text run at (0,20) width 230: "background and a 25px top padding"
        RenderText {#text} at (229,20) size 784x59
          text run at (229,20) width 9: ". "
          text run at (237,20) width 547: "Padding on inline elements does not affect line-height calculations, so all lines in this"
          text run at (0,40) width 274: "element should have the same line-height. "
          text run at (273,40) width 500: "There may be implementation-specific limits on how much of the padding the"
          text run at (0,60) width 182: "user agent is able to display."
      RenderBlock {P} at (0,211) size 784x60 [bgcolor=#808080]
        RenderText {#text} at (0,0) size 487x19
          text run at (0,0) width 397: "This element is unstyled save for a background color of gray. "
          text run at (396,0) width 91: "It contains an "
        RenderInline {SPAN} at (0,0) size 774x39 [bgcolor=#00FFFF]
          RenderText {#text} at (486,0) size 149x19
            text run at (486,0) width 149: "inline element of class "
          RenderInline {TT} at (0,0) size 25x16
            RenderText {#text} at (634,3) size 25x16
              text run at (634,3) width 25: "two"
          RenderText {#text} at (658,0) size 774x39
            text run at (658,0) width 116: ", giving it an aqua"
            text run at (0,20) width 505: "background and no top padding, since negative padding values are not allowed"
        RenderText {#text} at (504,20) size 745x39
          text run at (504,20) width 9: ". "
          text run at (512,20) width 233: "Padding on inline elements does not"
          text run at (0,40) width 584: "affect line-height calculations, so all lines in this element should have the same line-height."
      RenderTable {TABLE} at (0,287) size 784x194 [border: (1px outset #808080)]
        RenderTableSection {TBODY} at (1,1) size 782x192
          RenderTableRow {TR} at (0,0) size 782x28
            RenderTableCell {TD} at (0,0) size 782x28 [bgcolor=#C0C0C0] [border: (1px inset #808080)] [r=0 c=0 rs=1 cs=2]
              RenderInline {STRONG} at (0,0) size 163x19
                RenderText {#text} at (4,4) size 163x19
                  text run at (4,4) width 163: "TABLE Testing Section"
          RenderTableRow {TR} at (0,28) size 782x164
            RenderTableCell {TD} at (0,96) size 12x28 [bgcolor=#C0C0C0] [border: (1px inset #808080)] [r=1 c=0 rs=1 cs=1]
              RenderText {#text} at (4,4) size 4x19
                text run at (4,4) width 4: " "
            RenderTableCell {TD} at (12,28) size 770x164 [border: (1px inset #808080)] [r=1 c=1 rs=1 cs=1]
              RenderBlock {P} at (4,4) size 762x80 [bgcolor=#808080]
                RenderText {#text} at (0,0) size 487x19
                  text run at (0,0) width 397: "This element is unstyled save for a background color of gray. "
                  text run at (396,0) width 91: "It contains an "
                RenderInline {SPAN} at (0,0) size 740x64 [bgcolor=#00FFFF]
                  RenderText {#text} at (486,0) size 149x19
                    text run at (486,0) width 149: "inline element of class "
                  RenderInline {TT} at (0,0) size 25x16
                    RenderText {#text} at (634,3) size 25x16
                      text run at (634,3) width 25: "one"
                  RenderText {#text} at (658,0) size 740x39
                    text run at (658,0) width 82: ", giving it an"
                    text run at (0,20) width 264: "aqua background and a 25px top padding"
                RenderText {#text} at (264,20) size 748x59
                  text run at (264,20) width 8: ". "
                  text run at (272,20) width 469: "Padding on inline elements does not affect line-height calculations, so all"
                  text run at (0,40) width 352: "lines in this element should have the same line-height. "
                  text run at (351,40) width 397: "There may be implementation-specific limits on how much of"
                  text run at (0,60) width 285: "the padding the user agent is able to display."
              RenderBlock {P} at (4,100) size 762x60 [bgcolor=#808080]
                RenderText {#text} at (0,0) size 487x19
                  text run at (0,0) width 397: "This element is unstyled save for a background color of gray. "
                  text run at (396,0) width 91: "It contains an "
                RenderInline {SPAN} at (0,0) size 740x39 [bgcolor=#00FFFF]
                  RenderText {#text} at (486,0) size 149x19
                    text run at (486,0) width 149: "inline element of class "
                  RenderInline {TT} at (0,0) size 25x16
                    RenderText {#text} at (634,3) size 25x16
                      text run at (634,3) width 25: "two"
                  RenderText {#text} at (658,0) size 740x39
                    text run at (658,0) width 82: ", giving it an"
                    text run at (0,20) width 540: "aqua background and no top padding, since negative padding values are not allowed"
                RenderText {#text} at (539,20) size 755x39
                  text run at (539,20) width 9: ". "
                  text run at (547,20) width 208: "Padding on inline elements does"
                  text run at (0,40) width 609: "not affect line-height calculations, so all lines in this element should have the same line-height."
