layer at (0,0) size 866x600
  RenderView at (0,0) size 800x600
layer at (-66,0) size 866x600 backgroundClip at (0,0) size 866x600 clip at (0,0) size 866x600 outlineClip at (0,0) size 866x600
  RenderBlock {HTML} at (0,0) size 866x600
    RenderBody {BODY} at (8,8) size 850x584
layer at (-58,8) size 850x584 backgroundClip at (0,0) size 866x600 clip at (0,0) size 866x600 outlineClip at (0,0) size 866x600
  RenderBlock {DIV} at (0,0) size 850x584 [border: (5px solid #000000)]
    RenderText {#text} at (5,15) size 2519x174
      text run at (5,15) width 143: "Lorem ipsum dolor sit"
      text run at (25,15) width 120: "amet, consectetuer"
      text run at (45,15) width 134: "adipiscing elit. Nulla"
      text run at (65,15) width 119: "varius enim ac mi."
      text run at (85,15) width 169: "Curabitur sollicitudin felis"
      text run at (105,15) width 130: "quis lectus. Quisque"
      text run at (125,15) width 155: "adipiscing rhoncus sem."
      text run at (145,15) width 115: "Proin nulla purus,"
      text run at (165,15) width 151: "vulputate vel, varius ut,"
      text run at (185,15) width 169: "euismod et, nisi. Sed vitae"
      text run at (205,15) width 130: "felis vel orci sagittis"
      text run at (225,15) width 151: "aliquam. Cras convallis"
      text run at (245,15) width 135: "adipiscing sem. Nam"
      text run at (265,15) width 157: "nonummy enim. Nullam"
      text run at (285,15) width 164: "bibendum lobortis neque."
      text run at (305,15) width 141: "Vestibulum velit orci,"
      text run at (325,15) width 163: "tempus euismod, pretium"
      text run at (345,15) width 172: "quis, interdum vitae, nulla."
      text run at (365,15) width 138: "Phasellus eget ante et"
      text run at (385,15) width 128: "tortor condimentum"
      text run at (405,15) width 158: "vestibulum. Suspendisse"
      text run at (425,15) width 160: "hendrerit quam nec felis."
      text run at (445,15) width 143: "Sed varius turpis vitae"
      text run at (465,15) width 162: "pede. Lorem ipsum dolor"
      text run at (485,15) width 139: "sit amet, consectetuer"
      text run at (505,15) width 133: "adipiscing elit. Proin"
      text run at (525,15) width 158: "bibendum justo ac enim."
      text run at (545,15) width 174: "Class aptent taciti sociosqu"
      text run at (565,15) width 135: "ad litora torquent per"
      text run at (585,15) width 123: "conubia nostra, per"
      text run at (605,15) width 162: "inceptos hymenaeos. Sed"
      text run at (625,15) width 131: "leo nulla, rutrum eu,"
      text run at (645,15) width 147: "dictum ut, posuere vel,"
      text run at (665,15) width 157: "arcu. Nam libero. Morbi"
      text run at (685,15) width 97: "orci. Maecenas"
      text run at (705,15) width 150: "pellentesque. Curabitur"
      text run at (725,15) width 157: "erat erat, ullamcorper at,"
      text run at (745,15) width 173: "gravida vitae, iaculis vitae,"
      text run at (765,15) width 121: "elit. Nullam quam."
      text run at (785,15) width 128: "Quisque orci lectus,"
      text run at (805,15) width 166: "ullamcorper eu, imperdiet"
      text run at (825,15) width 157: "sed, accumsan et, ligula."
      text run at (845,15) width 162: "Duis diam nisl, sagittis a,"
      text run at (865,15) width 167: "blandit volutpat, interdum"
      text run at (885,15) width 141: "sed, velit. Vestibulum"
      text run at (905,15) width 134: "quam. Nulla a purus."
      text run at (925,15) width 161: "Phasellus semper semper"
      text run at (945,15) width 142: "lectus. Nulla porttitor,"
      text run at (965,15) width 158: "dolor dictum scelerisque"
      text run at (985,15) width 171: "luctus, velit ipsum lobortis"
      text run at (1005,15) width 156: "mauris, ac pretium enim"
      text run at (1025,15) width 132: "nunc vel risus. Proin"
      text run at (1045,15) width 161: "gravida mi ut sem cursus"
      text run at (1065,15) width 164: "mattis. Fusce laoreet, nisi"
      text run at (1085,15) width 161: "quis luctus volutpat, arcu"
      text run at (1105,15) width 158: "pede tincidunt enim, nec"
      text run at (1125,15) width 147: "malesuada urna nisl eu"
      text run at (1145,15) width 141: "enim. Vivamus varius"
      text run at (1165,15) width 100: "augue ac purus."
      text run at (1185,15) width 154: "Vestibulum vestibulum."
      text run at (1205,15) width 164: "Phasellus et est vitae ante"
      text run at (1225,15) width 166: "accumsan rhoncus. Morbi"
      text run at (1245,15) width 171: "convallis, arcu at hendrerit"
      text run at (1265,15) width 118: "gravida, sem diam"
      text run at (1285,15) width 174: "dignissim risus, sed aliquet"
      text run at (1305,15) width 170: "erat mi ut mi. Nunc cursus"
      text run at (1325,15) width 141: "lacinia elit. Nunc nisi."
      text run at (1345,15) width 101: "Quisque at erat."
      text run at (1365,15) width 163: "Vestibulum dictum quam"
      text run at (1385,15) width 173: "vitae nibh. Nunc vitae ante"
      text run at (1405,15) width 171: "non odio interdum blandit."
      text run at (1425,15) width 129: "Curabitur leo quam,"
      text run at (1445,15) width 169: "fermentum sed, feugiat in,"
      text run at (1465,15) width 135: "ullamcorper id, nibh."
      text run at (1485,15) width 159: "Suspendisse ac turpis. In"
      text run at (1505,15) width 147: "iaculis sollicitudin dui."
      text run at (1525,15) width 161: "Aenean vitae lectus vitae"
      text run at (1545,15) width 117: "nulla pellentesque"
      text run at (1565,15) width 167: "sollicitudin. Nunc gravida"
      text run at (1585,15) width 141: "pharetra lectus. Etiam"
      text run at (1605,15) width 153: "lacus ligula, placerat ut,"
      text run at (1625,15) width 162: "dictum vitae, tempus vel,"
      text run at (1645,15) width 127: "risus. Cras rhoncus."
      text run at (1665,15) width 153: "Praesent varius ultricies"
      text run at (1685,15) width 165: "orci. Donec mattis, neque"
      text run at (1705,15) width 148: "ut ornare fringilla, ante"
      text run at (1725,15) width 142: "urna placerat eros, vel"
      text run at (1745,15) width 148: "commodo nisi tortor ut"
      text run at (1765,15) width 167: "mauris. Morbi magna dui,"
      text run at (1785,15) width 165: "sagittis sit amet, tincidunt"
      text run at (1805,15) width 169: "et, elementum eget, quam."
      text run at (1825,15) width 158: "Fusce molestie nisl vitae"
      text run at (1845,15) width 166: "nisi. Vestibulum a sapien."
      text run at (1865,15) width 133: "Phasellus ante lacus,"
      text run at (1885,15) width 147: "vehicula non, cursus a,"
      text run at (1905,15) width 117: "tempor ut, magna."
      text run at (1925,15) width 173: "Suspendisse potenti. Fusce"
      text run at (1945,15) width 130: "aliquet, odio viverra"
      text run at (1965,15) width 149: "vulputate dictum, enim"
      text run at (1985,15) width 131: "odio luctus purus, ut"
      text run at (2005,15) width 147: "scelerisque quam nulla"
      text run at (2025,15) width 168: "non est. Donec eros lacus,"
      text run at (2045,15) width 167: "egestas vitae, lacinia quis,"
      text run at (2065,15) width 163: "tempor quis, pede. Morbi"
      text run at (2085,15) width 169: "orci erat, iaculis id, ornare"
      text run at (2105,15) width 147: "ac, elementum at, sem."
      text run at (2125,15) width 162: "Nunc ornare sodales nisi."
      text run at (2145,15) width 170: "Morbi interdum commodo"
      text run at (2165,15) width 158: "nisl. Fusce eget eros non"
      text run at (2185,15) width 154: "nisi ornare facilisis. Sed"
      text run at (2205,15) width 159: "placerat, est non posuere"
      text run at (2225,15) width 124: "posuere, purus sem"
      text run at (2245,15) width 169: "dignissim libero, a viverra"
      text run at (2265,15) width 142: "tellus dolor vel lorem."
      text run at (2285,15) width 174: "Cras augue. Etiam ultricies"
      text run at (2305,15) width 169: "consequat odio. Mauris ac"
      text run at (2325,15) width 142: "libero. Etiam posuere,"
      text run at (2345,15) width 131: "libero vitae euismod"
      text run at (2365,15) width 109: "gravida, urna elit"
      text run at (2385,15) width 136: "imperdiet magna, vel"
      text run at (2405,15) width 125: "cursus elit felis non"
      text run at (2425,15) width 155: "mauris. Donec orci erat,"
      text run at (2445,15) width 141: "porta id, dignissim ut,"
      text run at (2465,15) width 130: "posuere dictum, leo."
      text run at (2485,15) width 154: "Suspendisse scelerisque"
      text run at (2505,15) width 87: "egestas nulla."
