layer at (0,0) size 808x600
  RenderView at (0,0) size 800x600
layer at (-8,0) size 808x600 backgroundClip at (0,0) size 808x600 clip at (0,0) size 808x600 outlineClip at (0,0) size 808x600
  RenderBlock {HTML} at (0,0) size 808x600
    RenderBody {BODY} at (8,8) size 792x584
layer at (404,8) size 388x584
  RenderBlock {DIV} at (0,0) size 388x584 [border: (5px solid #0000FF)]
    RenderBlock (anonymous) at (5,5) size 378x279
      RenderText {#text} at (0,0) size 17x113
        text run at (0,0) width 113: "This is some text."
      RenderBR {BR} at (13,112) size 0x1
      RenderText {#text} at (18,0) size 17x113
        text run at (18,0) width 113: "This is some text."
      RenderBR {BR} at (31,112) size 0x1
      RenderText {#text} at (36,0) size 17x113
        text run at (36,0) width 113: "This is some text."
      RenderBR {BR} at (49,112) size 0x1
      RenderText {#text} at (54,0) size 17x113
        text run at (54,0) width 113: "This is some text."
      RenderBR {BR} at (67,112) size 0x1
      RenderText {#text} at (72,0) size 17x113
        text run at (72,0) width 113: "This is some text."
      RenderBR {BR} at (85,112) size 0x1
      RenderText {#text} at (90,0) size 17x113
        text run at (90,0) width 113: "This is some text."
      RenderBR {BR} at (103,112) size 0x1
      RenderText {#text} at (108,0) size 17x113
        text run at (108,0) width 113: "This is some text."
      RenderBR {BR} at (121,112) size 0x1
      RenderText {#text} at (126,0) size 17x113
        text run at (126,0) width 113: "This is some text."
      RenderBR {BR} at (139,112) size 0x1
      RenderText {#text} at (144,0) size 17x113
        text run at (144,0) width 113: "This is some text."
      RenderBR {BR} at (157,112) size 0x1
      RenderText {#text} at (162,0) size 17x113
        text run at (162,0) width 113: "This is some text."
      RenderBR {BR} at (175,112) size 0x1
      RenderText {#text} at (180,0) size 17x113
        text run at (180,0) width 113: "This is some text."
      RenderBR {BR} at (193,112) size 0x1
      RenderText {#text} at (198,0) size 17x113
        text run at (198,0) width 113: "This is some text."
      RenderBR {BR} at (211,112) size 0x1
      RenderText {#text} at (216,0) size 17x113
        text run at (216,0) width 113: "This is some text."
      RenderBR {BR} at (229,112) size 0x1
      RenderText {#text} at (234,0) size 17x113
        text run at (234,0) width 113: "This is some text."
      RenderBR {BR} at (247,112) size 0x1
      RenderText {#text} at (252,0) size 17x113
        text run at (252,0) width 113: "This is some text."
      RenderBR {BR} at (265,112) size 0x1
      RenderText {#text} at (270,0) size 17x113
        text run at (270,0) width 113: "This is some text."
      RenderBR {BR} at (283,112) size 0x1
      RenderText {#text} at (288,0) size 17x113
        text run at (288,0) width 113: "This is some text."
      RenderBR {BR} at (301,112) size 0x1
      RenderText {#text} at (306,0) size 17x113
        text run at (306,0) width 113: "This is some text."
      RenderBR {BR} at (319,112) size 0x1
      RenderText {#text} at (324,0) size 17x113
        text run at (324,0) width 113: "This is some text."
      RenderBR {BR} at (337,112) size 0x1
      RenderText {#text} at (342,0) size 17x113
        text run at (342,0) width 113: "This is some text."
      RenderBR {BR} at (355,112) size 0x1
      RenderText {#text} at (360,0) size 17x113
        text run at (360,0) width 113: "This is some text."
      RenderBR {BR} at (373,112) size 0x1
    RenderBlock {DIV} at (383,5) size 72x279
      RenderText {#text} at (0,0) size 17x267
        text run at (0,0) width 267: "This text should be in the second column."
      RenderBR {BR} at (13,266) size 0x1
      RenderText {#text} at (18,0) size 17x267
        text run at (18,0) width 267: "This text should be in the second column."
      RenderBR {BR} at (31,266) size 0x1
      RenderText {#text} at (36,0) size 17x267
        text run at (36,0) width 267: "This text should be in the second column."
      RenderBR {BR} at (49,266) size 0x1
      RenderText {#text} at (54,0) size 17x267
        text run at (54,0) width 267: "This text should be in the second column."
      RenderBR {BR} at (67,266) size 0x1
layer at (0,8) size 388x584
  RenderBlock {DIV} at (404,0) size 388x584 [border: (5px solid #0000FF)]
    RenderBlock (anonymous) at (5,5) size 72x279
      RenderText {#text} at (0,0) size 17x249
        text run at (0,0) width 249: "This text should be in the first column."
      RenderBR {BR} at (13,248) size 0x1
      RenderText {#text} at (18,0) size 17x249
        text run at (18,0) width 249: "This text should be in the first column."
      RenderBR {BR} at (31,248) size 0x1
      RenderText {#text} at (36,0) size 17x249
        text run at (36,0) width 249: "This text should be in the first column."
      RenderBR {BR} at (49,248) size 0x1
      RenderText {#text} at (54,0) size 17x249
        text run at (54,0) width 249: "This text should be in the first column."
      RenderBR {BR} at (67,248) size 0x1
    RenderBlock {DIV} at (383,5) size 378x279
      RenderText {#text} at (0,0) size 17x113
        text run at (0,0) width 113: "This is some text."
      RenderBR {BR} at (13,112) size 0x1
      RenderText {#text} at (18,0) size 17x113
        text run at (18,0) width 113: "This is some text."
      RenderBR {BR} at (31,112) size 0x1
      RenderText {#text} at (36,0) size 17x113
        text run at (36,0) width 113: "This is some text."
      RenderBR {BR} at (49,112) size 0x1
      RenderText {#text} at (54,0) size 17x113
        text run at (54,0) width 113: "This is some text."
      RenderBR {BR} at (67,112) size 0x1
      RenderText {#text} at (72,0) size 17x113
        text run at (72,0) width 113: "This is some text."
      RenderBR {BR} at (85,112) size 0x1
      RenderText {#text} at (90,0) size 17x113
        text run at (90,0) width 113: "This is some text."
      RenderBR {BR} at (103,112) size 0x1
      RenderText {#text} at (108,0) size 17x113
        text run at (108,0) width 113: "This is some text."
      RenderBR {BR} at (121,112) size 0x1
      RenderText {#text} at (126,0) size 17x113
        text run at (126,0) width 113: "This is some text."
      RenderBR {BR} at (139,112) size 0x1
      RenderText {#text} at (144,0) size 17x113
        text run at (144,0) width 113: "This is some text."
      RenderBR {BR} at (157,112) size 0x1
      RenderText {#text} at (162,0) size 17x113
        text run at (162,0) width 113: "This is some text."
      RenderBR {BR} at (175,112) size 0x1
      RenderText {#text} at (180,0) size 17x113
        text run at (180,0) width 113: "This is some text."
      RenderBR {BR} at (193,112) size 0x1
      RenderText {#text} at (198,0) size 17x113
        text run at (198,0) width 113: "This is some text."
      RenderBR {BR} at (211,112) size 0x1
      RenderText {#text} at (216,0) size 17x113
        text run at (216,0) width 113: "This is some text."
      RenderBR {BR} at (229,112) size 0x1
      RenderText {#text} at (234,0) size 17x113
        text run at (234,0) width 113: "This is some text."
      RenderBR {BR} at (247,112) size 0x1
      RenderText {#text} at (252,0) size 17x113
        text run at (252,0) width 113: "This is some text."
      RenderBR {BR} at (265,112) size 0x1
      RenderText {#text} at (270,0) size 17x113
        text run at (270,0) width 113: "This is some text."
      RenderBR {BR} at (283,112) size 0x1
      RenderText {#text} at (288,0) size 17x113
        text run at (288,0) width 113: "This is some text."
      RenderBR {BR} at (301,112) size 0x1
      RenderText {#text} at (306,0) size 17x113
        text run at (306,0) width 113: "This is some text."
      RenderBR {BR} at (319,112) size 0x1
      RenderText {#text} at (324,0) size 17x113
        text run at (324,0) width 113: "This is some text."
      RenderBR {BR} at (337,112) size 0x1
      RenderText {#text} at (342,0) size 17x113
        text run at (342,0) width 113: "This is some text."
      RenderBR {BR} at (355,112) size 0x1
      RenderText {#text} at (360,0) size 17x113
        text run at (360,0) width 113: "This is some text."
      RenderBR {BR} at (373,112) size 0x1
