layer at (0,0) size 800x600
  RenderView at (0,0) size 800x600
layer at (0,0) size 800x600
  RenderBlock {HTML} at (0,0) size 800x600
    RenderBody {BODY} at (8,8) size 776x584
layer at (632,8) size 160x584
  RenderBlock {P} at (0,0) size 160x584 [border: (10px solid #800000)]
    RenderText {#text} at (30,30) size 19x161
      text run at (30,30) width 161: "This is some column text."
    RenderBR {BR} at (45,191) size 0x0
    RenderText {#text} at (50,30) size 19x161
      text run at (50,30) width 161: "This is some column text."
    RenderBR {BR} at (65,191) size 0x0
    RenderText {#text} at (70,30) size 19x161
      text run at (70,30) width 161: "This is some column text."
    RenderBR {BR} at (85,191) size 0x0
    RenderText {#text} at (90,30) size 19x161
      text run at (90,30) width 161: "This is some column text."
    RenderBR {BR} at (105,191) size 0x0
    RenderText {#text} at (110,30) size 19x161
      text run at (110,30) width 161: "This is some column text."
    RenderBR {BR} at (125,191) size 0x0
    RenderText {#text} at (130,30) size 19x161
      text run at (130,30) width 161: "This is some column text."
    RenderBR {BR} at (145,191) size 0x0
    RenderText {#text} at (150,30) size 19x161
      text run at (150,30) width 161: "This is some column text."
    RenderBR {BR} at (165,191) size 0x0
    RenderText {#text} at (170,30) size 19x161
      text run at (170,30) width 161: "This is some column text."
    RenderBR {BR} at (185,191) size 0x0
    RenderText {#text} at (190,30) size 19x161
      text run at (190,30) width 161: "This is some column text."
    RenderBR {BR} at (205,191) size 0x0
    RenderText {#text} at (210,30) size 19x161
      text run at (210,30) width 161: "This is some column text."
    RenderBR {BR} at (225,191) size 0x0
    RenderText {#text} at (230,30) size 19x161
      text run at (230,30) width 161: "This is some column text."
    RenderBR {BR} at (245,191) size 0x0
    RenderText {#text} at (250,30) size 19x161
      text run at (250,30) width 161: "This is some column text."
    RenderBR {BR} at (265,191) size 0x0
    RenderText {#text} at (270,30) size 19x161
      text run at (270,30) width 161: "This is some column text."
    RenderBR {BR} at (285,191) size 0x0
layer at (456,8) size 160x584
  RenderBlock {P} at (176,0) size 160x584 [border: (10px solid #800000)]
    RenderText {#text} at (30,33) size 19x161
      text run at (30,33) width 4 RTL: "."
      text run at (30,37) width 157: "This is some column text"
    RenderBR {BR} at (45,33) size 0x0
    RenderText {#text} at (50,33) size 19x161
      text run at (50,33) width 4 RTL: "."
      text run at (50,37) width 157: "This is some column text"
    RenderBR {BR} at (65,33) size 0x0
    RenderText {#text} at (70,33) size 19x161
      text run at (70,33) width 4 RTL: "."
      text run at (70,37) width 157: "This is some column text"
    RenderBR {BR} at (85,33) size 0x0
    RenderText {#text} at (90,33) size 19x161
      text run at (90,33) width 4 RTL: "."
      text run at (90,37) width 157: "This is some column text"
    RenderBR {BR} at (105,33) size 0x0
    RenderText {#text} at (110,33) size 19x161
      text run at (110,33) width 4 RTL: "."
      text run at (110,37) width 157: "This is some column text"
    RenderBR {BR} at (125,33) size 0x0
    RenderText {#text} at (130,33) size 19x161
      text run at (130,33) width 4 RTL: "."
      text run at (130,37) width 157: "This is some column text"
    RenderBR {BR} at (145,33) size 0x0
    RenderText {#text} at (150,33) size 19x161
      text run at (150,33) width 4 RTL: "."
      text run at (150,37) width 157: "This is some column text"
    RenderBR {BR} at (165,33) size 0x0
    RenderText {#text} at (170,33) size 19x161
      text run at (170,33) width 4 RTL: "."
      text run at (170,37) width 157: "This is some column text"
    RenderBR {BR} at (185,33) size 0x0
    RenderText {#text} at (190,33) size 19x161
      text run at (190,33) width 4 RTL: "."
      text run at (190,37) width 157: "This is some column text"
    RenderBR {BR} at (205,33) size 0x0
    RenderText {#text} at (210,33) size 19x161
      text run at (210,33) width 4 RTL: "."
      text run at (210,37) width 157: "This is some column text"
    RenderBR {BR} at (225,33) size 0x0
    RenderText {#text} at (230,33) size 19x161
      text run at (230,33) width 4 RTL: "."
      text run at (230,37) width 157: "This is some column text"
    RenderBR {BR} at (245,33) size 0x0
    RenderText {#text} at (250,33) size 19x161
      text run at (250,33) width 4 RTL: "."
      text run at (250,37) width 157: "This is some column text"
    RenderBR {BR} at (265,33) size 0x0
    RenderText {#text} at (270,33) size 19x161
      text run at (270,33) width 4 RTL: "."
      text run at (270,37) width 157: "This is some column text"
    RenderBR {BR} at (285,33) size 0x0
