layer at (0,0) size 800x1141
  RenderView at (0,0) size 800x600
layer at (0,0) size 800x600
  RenderBlock {HTML} at (0,0) size 800x600
layer at (292,8) size 500x750
  RenderBody {BODY} at (8,8) size 500x750
    RenderBlock {H1} at (0,0) size 37x367
      RenderText {#text} at (0,0) size 36x167
        text run at (0,0) width 167: "Header One"
    RenderBlock (anonymous) at (58,0) size 220x367
      RenderText {#text} at (0,0) size 219x367
        text run at (0,0) width 365: "Lorem ipsum dolor sit amet, consectetuer adipiscing elit."
        text run at (20,0) width 362: "Nulla varius enim ac mi. Curabitur sollicitudin felis quis"
        text run at (40,0) width 332: "lectus. Quisque adipiscing rhoncus sem. Proin nulla"
        text run at (60,0) width 367: "purus, vulputate vel, varius ut, euismod et, nisi. Sed vitae"
        text run at (80,0) width 354: "felis vel orci sagittis aliquam. Cras convallis adipiscing"
        text run at (100,0) width 347: "sem. Nam nonummy enim. Nullam bibendum lobortis"
        text run at (120,0) width 353: "neque. Vestibulum velit orci, tempus euismod, pretium"
        text run at (140,0) width 353: "quis, interdum vitae, nulla. Phasellus eget ante et tortor"
        text run at (160,0) width 351: "condimentum vestibulum. Suspendisse hendrerit quam"
        text run at (180,0) width 333: "nec felis. Sed varius turpis vitae pede. Lorem ipsum"
        text run at (200,0) width 275: "dolor sit amet, consectetuer adipiscing elit."
    RenderBlock {H1} at (299,0) size 37x367
      RenderText {#text} at (0,0) size 36x170
        text run at (0,0) width 170: "Header Two"
    RenderBlock (anonymous) at (357,0) size 223x367
      RenderText {#text} at (0,0) size 222x367
        text run at (0,0) width 365: "Lorem ipsum dolor sit amet, consectetuer adipiscing elit."
        text run at (20,0) width 362: "Nulla varius enim ac mi. Curabitur sollicitudin felis quis"
        text run at (40,0) width 332: "lectus. Quisque adipiscing rhoncus sem. Proin nulla"
        text run at (60,0) width 367: "purus, vulputate vel, varius ut, euismod et, nisi. Sed vitae"
        text run at (80,0) width 354: "felis vel orci sagittis aliquam. Cras convallis adipiscing"
        text run at (100,0) width 347: "sem. Nam nonummy enim. Nullam bibendum lobortis"
        text run at (120,0) width 353: "neque. Vestibulum velit orci, tempus euismod, pretium"
        text run at (143,0) width 353: "quis, interdum vitae, nulla. Phasellus eget ante et tortor"
        text run at (163,0) width 351: "condimentum vestibulum. Suspendisse hendrerit quam"
        text run at (183,0) width 333: "nec felis. Sed varius turpis vitae pede. Lorem ipsum"
        text run at (203,0) width 275: "dolor sit amet, consectetuer adipiscing elit."
    RenderBlock {H1} at (601,0) size 37x367
      RenderText {#text} at (0,0) size 36x192
        text run at (0,0) width 192: "Header Three"
    RenderBlock {H1} at (940,0) size 37x367
      RenderText {#text} at (0,0) size 36x177
        text run at (0,0) width 177: "Header Four"
    RenderBlock (anonymous) at (1000,0) size 40x367
      RenderText {#text} at (0,0) size 39x365
        text run at (0,0) width 365: "Lorem ipsum dolor sit amet, consectetuer adipiscing elit."
        text run at (20,0) width 158: "Nulla varius enim ac mi."
layer at (-127,8) size 260x367 backgroundClip at (0,0) size 800x1141 clip at (0,0) size 800x1141 outlineClip at (0,0) size 800x1141
  RenderBlock {DIV} at (659,0) size 260x367
    RenderText {#text} at (0,0) size 479x172
      text run at (0,0) width 143: "Lorem ipsum dolor sit"
      text run at (20,0) width 120: "amet, consectetuer"
      text run at (40,0) width 134: "adipiscing elit. Nulla"
      text run at (60,0) width 119: "varius enim ac mi."
      text run at (80,0) width 169: "Curabitur sollicitudin felis"
      text run at (100,0) width 130: "quis lectus. Quisque"
      text run at (120,0) width 155: "adipiscing rhoncus sem."
      text run at (140,0) width 115: "Proin nulla purus,"
      text run at (160,0) width 151: "vulputate vel, varius ut,"
      text run at (180,0) width 169: "euismod et, nisi. Sed vitae"
      text run at (200,0) width 130: "felis vel orci sagittis"
      text run at (220,0) width 151: "aliquam. Cras convallis"
      text run at (240,0) width 135: "adipiscing sem. Nam"
      text run at (260,0) width 157: "nonummy enim. Nullam"
      text run at (280,0) width 164: "bibendum lobortis neque."
      text run at (300,0) width 141: "Vestibulum velit orci,"
      text run at (320,0) width 163: "tempus euismod, pretium"
      text run at (340,0) width 172: "quis, interdum vitae, nulla."
      text run at (360,0) width 138: "Phasellus eget ante et"
      text run at (380,0) width 128: "tortor condimentum"
      text run at (400,0) width 158: "vestibulum. Suspendisse"
      text run at (420,0) width 160: "hendrerit quam nec felis."
      text run at (440,0) width 143: "Sed varius turpis vitae"
      text run at (460,0) width 39: "pede. "
    RenderText {#text} at (0,0) size 0x0
