layer at (0,0) size 800x964
  RenderView at (0,0) size 800x600
layer at (0,0) size 800x964
  RenderBlock {HTML} at (0,0) size 800x964
    RenderBody {BODY} at (8,8) size 784x948
      RenderBlock (anonymous) at (0,0) size 784x18
        RenderText {#text} at (0,0) size 321x17
          text run at (0,0) width 321: "fixed table - percentage width cell honored to min"
      RenderTable {TABLE} at (0,18) size 300x28 [border: (1px outset #808080)]
        RenderTableSection {TBODY} at (1,1) size 298x26
          RenderTableRow {TR} at (0,2) size 298x22
            RenderTableCell {TD} at (2,2) size 26x22 [border: (1px inset #808080)] [r=0 c=0 rs=1 cs=1]
              RenderText {#text} at (2,2) size 22x17
                text run at (2,2) width 22: "foo"
            RenderTableCell {TD} at (30,2) size 266x22 [border: (1px inset #808080)] [r=0 c=1 rs=1 cs=1]
              RenderText {#text} at (2,2) size 22x17
                text run at (2,2) width 22: "foo"
      RenderBlock (anonymous) at (0,46) size 784x36
        RenderBR {BR} at (0,0) size 0x17
        RenderText {#text} at (0,18) size 352x17
          text run at (0,18) width 352: "fixed table - percentage cells allocated left to rigth first"
      RenderTable {TABLE} at (0,82) size 300x46 [border: (1px outset #808080)]
        RenderTableSection {TBODY} at (1,1) size 298x44
          RenderTableRow {TR} at (0,2) size 298x40
            RenderTableCell {TD} at (2,2) size 44x40 [border: (1px inset #808080)] [r=0 c=0 rs=1 cs=1]
              RenderText {#text} at (2,2) size 40x35
                text run at (2,2) width 40: "100px"
                text run at (2,20) width 40: "100px"
            RenderTableCell {TD} at (48,11) size 123x22 [border: (1px inset #808080)] [r=0 c=1 rs=1 cs=1]
              RenderText {#text} at (2,2) size 30x17
                text run at (2,2) width 30: "50%"
            RenderTableCell {TD} at (173,11) size 123x22 [border: (1px inset #808080)] [r=0 c=2 rs=1 cs=1]
              RenderText {#text} at (2,2) size 30x17
                text run at (2,2) width 30: "50%"
      RenderBlock (anonymous) at (0,128) size 784x36
        RenderBR {BR} at (0,0) size 0x17
        RenderText {#text} at (0,18) size 525x17
          text run at (0,18) width 525: "fixed table - percentage cells allocated left to rigth first allocated from left to right"
      RenderTable {TABLE} at (0,164) size 300x46 [border: (1px outset #808080)]
        RenderTableSection {TBODY} at (1,1) size 298x44
          RenderTableRow {TR} at (0,2) size 298x40
            RenderTableCell {TD} at (2,2) size 44x40 [border: (1px inset #808080)] [r=0 c=0 rs=1 cs=1]
              RenderText {#text} at (2,2) size 40x35
                text run at (2,2) width 40: "100px"
                text run at (2,20) width 40: "100px"
            RenderTableCell {TD} at (48,11) size 212x22 [border: (1px inset #808080)] [r=0 c=1 rs=1 cs=1]
              RenderText {#text} at (2,2) size 30x17
                text run at (2,2) width 30: "95%"
            RenderTableCell {TD} at (262,11) size 34x22 [border: (1px inset #808080)] [r=0 c=2 rs=1 cs=1]
              RenderText {#text} at (2,2) size 30x17
                text run at (2,2) width 30: "95%"
      RenderBlock (anonymous) at (0,210) size 784x36
        RenderBR {BR} at (0,0) size 0x17
        RenderText {#text} at (0,18) size 352x17
          text run at (0,18) width 352: "fixed table - percentage cells allocated left to rigth first"
      RenderTable {TABLE} at (0,246) size 200x62 [border: (1px outset #808080)]
        RenderTableSection {TBODY} at (1,1) size 198x60
          RenderTableRow {TR} at (0,10) size 198x40
            RenderTableCell {TD} at (10,10) size 84x40 [border: (1px inset #808080)] [r=0 c=0 rs=1 cs=1]
              RenderText {#text} at (2,2) size 40x35
                text run at (2,2) width 40: "100px"
                text run at (2,20) width 40: "100px"
            RenderTableCell {TD} at (104,19) size 84x22 [border: (1px inset #808080)] [r=0 c=1 rs=1 cs=1]
              RenderText {#text} at (2,2) size 30x17
                text run at (2,2) width 30: "50%"
      RenderBlock (anonymous) at (0,308) size 784x36
        RenderBR {BR} at (0,0) size 0x17
        RenderText {#text} at (0,18) size 352x17
          text run at (0,18) width 352: "fixed table - percentage cells allocated left to right first"
      RenderTable {TABLE} at (0,344) size 200x80 [border: (1px outset #808080)]
        RenderTableSection {TBODY} at (1,1) size 198x78
          RenderTableRow {TR} at (0,10) size 198x58
            RenderTableCell {TD} at (10,19) size 44x40 [border: (1px inset #808080)] [r=0 c=0 rs=1 cs=1]
              RenderText {#text} at (2,2) size 40x35
                text run at (2,2) width 40: "100px"
                text run at (2,20) width 40: "100px"
            RenderTableCell {TD} at (64,10) size 57x58 [border: (1px inset #808080)] [r=0 c=1 rs=1 cs=1]
              RenderText {#text} at (2,2) size 30x53
                text run at (2,2) width 30: "50%"
                text run at (2,20) width 30: "50%"
                text run at (2,38) width 30: "50%"
            RenderTableCell {TD} at (131,10) size 57x58 [border: (1px inset #808080)] [r=0 c=2 rs=1 cs=1]
              RenderText {#text} at (2,2) size 30x53
                text run at (2,2) width 30: "50%"
                text run at (2,20) width 30: "50%"
                text run at (2,38) width 30: "50%"
      RenderBlock (anonymous) at (0,424) size 784x36
        RenderBR {BR} at (0,0) size 0x17
        RenderText {#text} at (0,18) size 352x17
          text run at (0,18) width 352: "fixed table - percentage cells allocated left to right first"
      RenderTable {TABLE} at (0,460) size 400x62 [border: (1px outset #808080)]
        RenderTableSection {TBODY} at (1,1) size 398x60
          RenderTableRow {TR} at (0,10) size 398x40
            RenderTableCell {TD} at (10,10) size 44x40 [border: (1px inset #808080)] [r=0 c=0 rs=1 cs=1]
              RenderText {#text} at (2,2) size 40x35
                text run at (2,2) width 40: "100px"
                text run at (2,20) width 40: "100px"
            RenderTableCell {TD} at (64,10) size 44x40 [border: (1px inset #808080)] [r=0 c=1 rs=1 cs=1]
              RenderText {#text} at (2,2) size 40x35
                text run at (2,2) width 40: "100px"
                text run at (2,20) width 40: "100px"
            RenderTableCell {TD} at (118,19) size 130x22 [border: (1px inset #808080)] [r=0 c=2 rs=1 cs=1]
              RenderText {#text} at (2,2) size 96x17
                text run at (2,2) width 96: "50% 50% 50%"
            RenderTableCell {TD} at (258,19) size 130x22 [border: (1px inset #808080)] [r=0 c=3 rs=1 cs=1]
              RenderText {#text} at (2,2) size 96x17
                text run at (2,2) width 96: "50% 50% 50%"
      RenderBlock (anonymous) at (0,522) size 784x36
        RenderBR {BR} at (0,0) size 0x17
        RenderText {#text} at (0,18) size 352x17
          text run at (0,18) width 352: "fixed table - percentage cells allocated left to right first"
      RenderTable {TABLE} at (0,558) size 400x80 [border: (1px outset #808080)]
        RenderTableSection {TBODY} at (1,1) size 398x78
          RenderTableRow {TR} at (0,10) size 398x58
            RenderTableCell {TD} at (10,19) size 44x40 [border: (1px inset #808080)] [r=0 c=0 rs=1 cs=1]
              RenderText {#text} at (2,2) size 40x35
                text run at (2,2) width 40: "100px"
                text run at (2,20) width 40: "100px"
            RenderTableCell {TD} at (64,19) size 44x40 [border: (1px inset #808080)] [r=0 c=1 rs=1 cs=1]
              RenderText {#text} at (2,2) size 40x35
                text run at (2,2) width 40: "100px"
                text run at (2,20) width 40: "100px"
            RenderTableCell {TD} at (118,28) size 108x22 [border: (1px inset #808080)] [r=0 c=2 rs=1 cs=1]
              RenderText {#text} at (2,2) size 96x17
                text run at (2,2) width 96: "50% 50% 50%"
            RenderTableCell {TD} at (236,28) size 108x22 [border: (1px inset #808080)] [r=0 c=3 rs=1 cs=1]
              RenderText {#text} at (2,2) size 96x17
                text run at (2,2) width 96: "50% 50% 50%"
            RenderTableCell {TD} at (354,10) size 34x58 [border: (1px inset #808080)] [r=0 c=4 rs=1 cs=1]
              RenderText {#text} at (2,2) size 30x53
                text run at (2,2) width 30: "50%"
                text run at (2,20) width 30: "50%"
                text run at (2,38) width 30: "50%"
      RenderBlock (anonymous) at (0,638) size 784x18
        RenderBR {BR} at (0,0) size 0x17
      RenderTable {TABLE} at (0,656) size 200x28 [border: (1px outset #808080)]
        RenderTableSection {TBODY} at (1,1) size 198x26
          RenderTableRow {TR} at (0,2) size 198x22
            RenderTableCell {TD} at (2,2) size 26x22 [border: (1px inset #808080)] [r=0 c=0 rs=1 cs=1]
              RenderText {#text} at (2,2) size 22x17
                text run at (2,2) width 22: "foo"
            RenderTableCell {TD} at (30,2) size 81x22 [border: (1px inset #808080)] [r=0 c=1 rs=1 cs=1]
              RenderText {#text} at (2,2) size 21x17
                text run at (2,2) width 21: "bar"
            RenderTableCell {TD} at (113,2) size 83x22 [border: (1px inset #808080)] [r=0 c=2 rs=1 cs=1]
              RenderText {#text} at (2,2) size 23x17
                text run at (2,2) width 23: "zap"
      RenderBlock (anonymous) at (0,684) size 784x36
        RenderBR {BR} at (0,0) size 0x17
        RenderText {#text} at (0,18) size 226x17
          text run at (0,18) width 226: "PERCENTAGE WIDTH TABLES"
      RenderTable {TABLE} at (0,720) size 784x82 [border: (1px outset #808080)]
        RenderTableSection {TBODY} at (1,1) size 782x80
          RenderTableRow {TR} at (0,2) size 782x76
            RenderTableCell {TD} at (2,29) size 149x22 [bgcolor=#FFA500] [border: (1px inset #808080)] [r=0 c=0 rs=1 cs=1]
              RenderText {#text} at (2,2) size 98x17
                text run at (2,2) width 98: "foo foo foo foo"
            RenderTableCell {TD} at (153,29) size 149x22 [bgcolor=#0000FF] [border: (1px inset #808080)] [r=0 c=1 rs=1 cs=1]
              RenderText {#text} at (2,2) size 98x17
                text run at (2,2) width 98: "foo foo foo foo"
            RenderTableCell {TD} at (304,29) size 448x22 [bgcolor=#008000] [border: (1px inset #808080)] [r=0 c=2 rs=1 cs=1]
              RenderText {#text} at (348,2) size 98x17
                text run at (348,2) width 98: "foo foo foo foo"
            RenderTableCell {TD} at (754,2) size 26x76 [bgcolor=#FF0000] [border: (1px inset #808080)] [r=0 c=3 rs=1 cs=1]
              RenderText {#text} at (2,2) size 22x71
                text run at (2,2) width 22: "foo"
                text run at (2,20) width 22: "foo"
                text run at (2,38) width 22: "foo"
                text run at (2,56) width 22: "foo"
      RenderBlock (anonymous) at (0,802) size 784x18
        RenderBR {BR} at (0,0) size 0x17
      RenderTable {TABLE} at (0,820) size 784x82 [border: (1px outset #808080)]
        RenderTableSection {TBODY} at (1,1) size 782x80
          RenderTableRow {TR} at (0,2) size 782x76
            RenderTableCell {TD} at (2,2) size 26x76 [bgcolor=#FF0000] [border: (1px inset #808080)] [r=0 c=0 rs=1 cs=1]
              RenderText {#text} at (2,2) size 22x71
                text run at (2,2) width 22: "foo"
                text run at (2,20) width 22: "foo"
                text run at (2,38) width 22: "foo"
                text run at (2,56) width 22: "foo"
            RenderTableCell {TD} at (30,29) size 144x22 [bgcolor=#FFA500] [border: (1px inset #808080)] [r=0 c=1 rs=1 cs=1]
              RenderText {#text} at (2,2) size 98x17
                text run at (2,2) width 98: "foo foo foo foo"
            RenderTableCell {TD} at (176,29) size 144x22 [bgcolor=#0000FF] [border: (1px inset #808080)] [r=0 c=2 rs=1 cs=1]
              RenderText {#text} at (2,2) size 98x17
                text run at (2,2) width 98: "foo foo foo foo"
            RenderTableCell {TD} at (322,29) size 430x22 [bgcolor=#008000] [border: (1px inset #808080)] [r=0 c=3 rs=1 cs=1]
              RenderText {#text} at (330,2) size 98x17
                text run at (330,2) width 98: "foo foo foo foo"
            RenderTableCell {TD} at (754,2) size 26x76 [bgcolor=#FF0000] [border: (1px inset #808080)] [r=0 c=4 rs=1 cs=1]
              RenderText {#text} at (2,2) size 22x71
                text run at (2,2) width 22: "foo"
                text run at (2,20) width 22: "foo"
                text run at (2,38) width 22: "foo"
                text run at (2,56) width 22: "foo"
      RenderBlock (anonymous) at (0,902) size 784x18
        RenderBR {BR} at (0,0) size 0x17
      RenderTable {TABLE} at (0,920) size 784x28 [border: (1px outset #808080)]
        RenderTableSection {TBODY} at (1,1) size 782x26
          RenderTableRow {TR} at (0,2) size 782x22
            RenderTableCell {TD} at (2,2) size 154x22 [bgcolor=#FF0000] [border: (1px inset #808080)] [r=0 c=0 rs=1 cs=1]
              RenderText {#text} at (2,2) size 98x17
                text run at (2,2) width 98: "foo foo foo foo"
            RenderTableCell {TD} at (158,2) size 154x22 [bgcolor=#FFA500] [border: (1px inset #808080)] [r=0 c=1 rs=1 cs=1]
              RenderText {#text} at (2,2) size 98x17
                text run at (2,2) width 98: "foo foo foo foo"
            RenderTableCell {TD} at (314,2) size 154x22 [bgcolor=#0000FF] [border: (1px inset #808080)] [r=0 c=2 rs=1 cs=1]
              RenderText {#text} at (2,2) size 98x17
                text run at (2,2) width 98: "foo foo foo foo"
            RenderTableCell {TD} at (470,2) size 154x22 [bgcolor=#008000] [border: (1px inset #808080)] [r=0 c=3 rs=1 cs=1]
              RenderText {#text} at (54,2) size 98x17
                text run at (54,2) width 98: "foo foo foo foo"
            RenderTableCell {TD} at (626,2) size 154x22 [bgcolor=#FF0000] [border: (1px inset #808080)] [r=0 c=4 rs=1 cs=1]
              RenderText {#text} at (2,2) size 98x17
                text run at (2,2) width 98: "foo foo foo foo"
