layer at (0,0) size 800x600
  RenderView at (0,0) size 800x600
layer at (0,0) size 800x600
  RenderBlock {HTML} at (0,0) size 800x600
    RenderBody {BODY} at (8,8) size 784x584
      RenderBlock {P} at (0,0) size 784x20
        RenderText {#text} at (0,0) size 300x19
          text run at (0,0) width 300: "The caption should be at the bottom of the table"
      RenderTable {TABLE} at (0,36) size 168x76 [border: (1px outset #808080)]
        RenderBlock {CAPTION} at (0,56) size 168x20
          RenderText {#text} at (52,0) size 64x19
            text run at (52,0) width 64: "Wild Cats"
        RenderTableSection {TBODY} at (1,1) size 166x54
          RenderTableRow {TR} at (0,2) size 166x24
            RenderTableCell {TD} at (2,2) size 45x24 [border: (1px inset #808080)] [r=0 c=0 rs=1 cs=1]
              RenderText {#text} at (2,2) size 30x19
                text run at (2,2) width 30: "Lion"
            RenderTableCell {TD} at (49,2) size 57x24 [border: (1px inset #808080)] [r=0 c=1 rs=1 cs=1]
              RenderText {#text} at (2,2) size 53x19
                text run at (2,2) width 53: "Leopard"
            RenderTableCell {TD} at (108,2) size 56x24 [border: (1px inset #808080)] [r=0 c=2 rs=1 cs=1]
              RenderText {#text} at (2,2) size 52x19
                text run at (2,2) width 52: "Cheetah"
          RenderTableRow {TR} at (0,28) size 166x24
            RenderTableCell {TD} at (2,28) size 45x24 [border: (1px inset #808080)] [r=1 c=0 rs=1 cs=1]
              RenderText {#text} at (2,2) size 41x19
                text run at (2,2) width 41: "Jaguar"
            RenderTableCell {TD} at (49,28) size 57x24 [border: (1px inset #808080)] [r=1 c=1 rs=1 cs=1]
              RenderText {#text} at (2,2) size 45x19
                text run at (2,2) width 45: "Bobcat"
            RenderTableCell {TD} at (108,28) size 56x24 [border: (1px inset #808080)] [r=1 c=2 rs=1 cs=1]
              RenderText {#text} at (2,2) size 42x19
                text run at (2,2) width 42: "Ocelot"
