layer at (0,0) size 800x600
  RenderView at (0,0) size 800x600
layer at (0,0) size 800x600
  RenderBlock {HTML} at (0,0) size 800x600
    RenderBody {BODY} at (8,8) size 784x584
      RenderBlock (anonymous) at (0,0) size 784x40
        RenderText {#text} at (0,0) size 784x39
          text run at (0,0) width 734: "The table heading (The EggPlant Exchange) should not wrap when window is resized. However, the cell below the "
          text run at (734,0) width 50: "heading"
          text run at (0,20) width 152: "will wrap atuomatically."
        RenderBR {BR} at (152,35) size 0x0
      RenderTable {TABLE} at (0,40) size 250x56 [border: (1px outset #808080)]
        RenderTableSection {TBODY} at (1,1) size 248x54
          RenderTableRow {TR} at (0,2) size 248x24
            RenderTableCell {TH} at (2,2) size 238x24 [border: (1px inset #808080)] [r=0 c=0 rs=1 cs=1]
              RenderText {#text} at (37,2) size 164x19
                text run at (37,2) width 164: "The Eggplant Exchange"
            RenderTableCell {TH} at (242,12) size 4x4 [border: (1px inset #808080)] [r=0 c=1 rs=1 cs=1]
          RenderTableRow {TR} at (0,28) size 248x24
            RenderTableCell {TD} at (2,28) size 238x24 [border: (1px inset #808080)] [r=1 c=0 rs=1 cs=1]
              RenderText {#text} at (2,2) size 234x19
                text run at (2,2) width 234: "Lots of Recipies for Eggplant Lovers"
