layer at (0,0) size 800x600
  RenderView at (0,0) size 800x600
layer at (0,0) size 800x600
  RenderBlock {HTML} at (0,0) size 800x600
    RenderBody {BODY} at (8,8) size 784x584
      RenderText {#text} at (0,0) size 457x19
        text run at (0,0) width 457: "The table displayed is two rows by three columns with right alignment."
      RenderBR {BR} at (456,15) size 1x0
      RenderTable {TABLE} at (573,20) size 211x50
        RenderTableSection {TBODY} at (0,0) size 211x50
          RenderTableRow {TR} at (0,2) size 211x22
            RenderTableCell {TD} at (2,2) size 68x22 [r=0 c=0 rs=1 cs=1]
              RenderText {#text} at (1,1) size 65x19
                text run at (1,1) width 65: "Navigator"
            RenderTableCell {TD} at (72,2) size 72x22 [r=0 c=1 rs=1 cs=1]
              RenderText {#text} at (1,1) size 70x19
                text run at (1,1) width 70: "Messenger"
            RenderTableCell {TD} at (146,2) size 63x22 [r=0 c=2 rs=1 cs=1]
              RenderText {#text} at (1,1) size 56x19
                text run at (1,1) width 56: "Collabra"
          RenderTableRow {TR} at (0,26) size 211x22
            RenderTableCell {TD} at (2,26) size 68x22 [r=1 c=0 rs=1 cs=1]
              RenderText {#text} at (1,1) size 66x19
                text run at (1,1) width 66: "Composer"
            RenderTableCell {TD} at (72,26) size 72x22 [r=1 c=1 rs=1 cs=1]
              RenderText {#text} at (1,1) size 58x19
                text run at (1,1) width 58: "Calendar"
            RenderTableCell {TD} at (146,26) size 63x22 [r=1 c=2 rs=1 cs=1]
              RenderText {#text} at (1,1) size 61x19
                text run at (1,1) width 61: "Netcaster"
      RenderText {#text} at (0,0) size 0x0
