layer at (0,0) size 800x600
  RenderView at (0,0) size 800x600
layer at (0,0) size 800x600
  RenderBlock {HTML} at (0,0) size 800x600
    RenderBody {BODY} at (8,8) size 784x584
      RenderBlock (anonymous) at (0,0) size 784x40
        RenderText {#text} at (0,0) size 781x39
          text run at (0,0) width 598: "This test case shows how WIDTH can set the width of the table to a fixed size using PIXELS. "
          text run at (598,0) width 183: "This first table has a width of"
          text run at (0,20) width 69: "400 pixels."
      RenderTable {TABLE} at (0,40) size 400x50
        RenderTableSection {TBODY} at (0,0) size 400x50
          RenderTableRow {TR} at (0,2) size 400x22
            RenderTableCell {TD} at (2,2) size 132x22 [r=0 c=0 rs=1 cs=1]
              RenderText {#text} at (1,1) size 63x19
                text run at (1,1) width 63: "Navigator"
            RenderTableCell {TD} at (136,2) size 138x22 [r=0 c=1 rs=1 cs=1]
              RenderText {#text} at (1,1) size 68x19
                text run at (1,1) width 68: "Messenger"
            RenderTableCell {TD} at (276,2) size 122x22 [r=0 c=2 rs=1 cs=1]
              RenderText {#text} at (1,1) size 54x19
                text run at (1,1) width 54: "Collabra"
          RenderTableRow {TR} at (0,26) size 400x22
            RenderTableCell {TD} at (2,26) size 132x22 [r=1 c=0 rs=1 cs=1]
              RenderText {#text} at (1,1) size 65x19
                text run at (1,1) width 65: "Composer"
            RenderTableCell {TD} at (136,26) size 138x22 [r=1 c=1 rs=1 cs=1]
              RenderText {#text} at (1,1) size 57x19
                text run at (1,1) width 57: "Calendar"
            RenderTableCell {TD} at (276,26) size 122x22 [r=1 c=2 rs=1 cs=1]
              RenderText {#text} at (1,1) size 59x19
                text run at (1,1) width 59: "Netcaster"
      RenderBlock (anonymous) at (0,90) size 784x40
        RenderBR {BR} at (0,0) size 0x19
        RenderText {#text} at (0,20) size 316x19
          text run at (0,20) width 316: "While, this second table has a width of 300 pixels."
      RenderTable {TABLE} at (0,130) size 300x50
        RenderTableSection {TBODY} at (0,0) size 300x50
          RenderTableRow {TR} at (0,2) size 300x22
            RenderTableCell {TD} at (2,2) size 98x22 [r=0 c=0 rs=1 cs=1]
              RenderText {#text} at (1,1) size 63x19
                text run at (1,1) width 63: "Navigator"
            RenderTableCell {TD} at (102,2) size 103x22 [r=0 c=1 rs=1 cs=1]
              RenderText {#text} at (1,1) size 68x19
                text run at (1,1) width 68: "Messenger"
            RenderTableCell {TD} at (207,2) size 91x22 [r=0 c=2 rs=1 cs=1]
              RenderText {#text} at (1,1) size 54x19
                text run at (1,1) width 54: "Collabra"
          RenderTableRow {TR} at (0,26) size 300x22
            RenderTableCell {TD} at (2,26) size 98x22 [r=1 c=0 rs=1 cs=1]
              RenderText {#text} at (1,1) size 65x19
                text run at (1,1) width 65: "Composer"
            RenderTableCell {TD} at (102,26) size 103x22 [r=1 c=1 rs=1 cs=1]
              RenderText {#text} at (1,1) size 57x19
                text run at (1,1) width 57: "Calendar"
            RenderTableCell {TD} at (207,26) size 91x22 [r=1 c=2 rs=1 cs=1]
              RenderText {#text} at (1,1) size 59x19
                text run at (1,1) width 59: "Netcaster"
