layer at (0,0) size 800x600
  RenderView at (0,0) size 800x600
layer at (0,0) size 800x600
  RenderBlock {HTML} at (0,0) size 800x600
    RenderBody {BODY} at (8,8) size 784x584
      RenderBlock (anonymous) at (0,0) size 784x40
        RenderText {#text} at (0,0) size 646x19
          text run at (0,0) width 646: "This table uses a ROWSPAN attribute in the first TD tag. The ROWSPAN attribute has a value of 2."
        RenderBR {BR} at (645,15) size 1x0
        RenderBR {BR} at (0,20) size 0x19
      RenderTable {TABLE} at (0,40) size 274x56 [border: (1px outset #808080)]
        RenderTableSection {TBODY} at (1,1) size 272x54
          RenderTableRow {TR} at (0,2) size 272x24
            RenderTableCell {TD} at (2,15) size 67x24 [border: (1px inset #808080)] [r=0 c=0 rs=2 cs=1]
              RenderText {#text} at (2,2) size 63x19
                text run at (2,2) width 63: "Platforms"
            RenderTableCell {TD} at (71,2) size 199x24 [border: (1px inset #808080)] [r=0 c=1 rs=1 cs=1]
              RenderText {#text} at (2,2) size 195x19
                text run at (2,2) width 195: "Netscape Communicator 4.0.6"
          RenderTableRow {TR} at (0,28) size 272x24
            RenderTableCell {TD} at (71,28) size 199x24 [border: (1px inset #808080)] [r=1 c=1 rs=1 cs=1]
              RenderText {#text} at (2,2) size 144x19
                text run at (2,2) width 144: "Available Everywhere"
