layer at (0,0) size 800x600
  RenderView at (0,0) size 800x600
layer at (0,0) size 800x600
  RenderBlock {HTML} at (0,0) size 800x600
    RenderBody {BODY} at (8,8) size 784x584
      RenderBlock (anonymous) at (0,0) size 784x20
        RenderText {#text} at (0,0) size 584x19
          text run at (0,0) width 584: "The TH tag uses the ALIGN attribute. The contents in the TH tag should be center aligned."
        RenderBR {BR} at (583,15) size 1x0
      RenderTable {TABLE} at (0,20) size 298x56 [border: (1px outset #808080)]
        RenderTableSection {TBODY} at (1,1) size 296x54
          RenderTableRow {TR} at (0,2) size 296x24
            RenderTableCell {TH} at (2,2) size 286x24 [border: (1px inset #808080)] [r=0 c=0 rs=1 cs=1]
              RenderText {#text} at (58,2) size 170x19
                text run at (58,2) width 170: "Netscape Communicator"
            RenderTableCell {TH} at (290,12) size 4x4 [border: (1px inset #808080)] [r=0 c=1 rs=1 cs=1]
          RenderTableRow {TR} at (0,28) size 296x24
            RenderTableCell {TD} at (2,28) size 286x24 [border: (1px inset #808080)] [r=1 c=0 rs=1 cs=1]
              RenderText {#text} at (2,2) size 282x19
                text run at (2,2) width 282: "Available on the Mac/PC/UNIX platforms !"
