layer at (0,0) size 800x1784
  RenderView at (0,0) size 800x600
layer at (0,0) size 800x1784
  RenderBlock {html} at (0,0) size 800x1784
    RenderBody {body} at (8,16) size 784x1760 [bgcolor=#FFFFFF]
      RenderBlock {p} at (0,0) size 784x21
        RenderText {#text} at (0,1) size 270x19
          text run at (0,1) width 270: "Black table with a white body background"
      RenderTable {table} at (0,37) size 418x58 [bgcolor=#000000] [border: (1px outset #808080)]
        RenderTableSection (anonymous) at (1,1) size 416x56
          RenderTableRow {tr} at (0,2) size 416x25
            RenderTableCell {td} at (2,2) size 136x25 [border: (1px inset #808080)] [r=0 c=0 rs=1 cs=1]
              RenderText {#text} at (2,3) size 132x19
                text run at (2,3) width 132: "table table table table"
            RenderTableCell {td} at (140,2) size 136x25 [border: (1px inset #808080)] [r=0 c=1 rs=1 cs=1]
              RenderText {#text} at (2,3) size 132x19
                text run at (2,3) width 132: "table table table table"
            RenderTableCell {td} at (278,2) size 136x25 [border: (1px inset #808080)] [r=0 c=2 rs=1 cs=1]
              RenderText {#text} at (2,3) size 132x19
                text run at (2,3) width 132: "table table table table"
          RenderTableRow {tr} at (0,29) size 416x25
            RenderTableCell {td} at (2,29) size 136x25 [border: (1px inset #808080)] [r=1 c=0 rs=1 cs=1]
              RenderText {#text} at (2,3) size 132x19
                text run at (2,3) width 132: "table table table table"
            RenderTableCell {td} at (140,29) size 136x25 [border: (1px inset #808080)] [r=1 c=1 rs=1 cs=1]
              RenderText {#text} at (2,3) size 132x19
                text run at (2,3) width 132: "table table table table"
            RenderTableCell {td} at (278,29) size 136x25 [border: (1px inset #808080)] [r=1 c=2 rs=1 cs=1]
              RenderText {#text} at (2,3) size 132x19
                text run at (2,3) width 132: "table table table table"
      RenderBlock {p} at (0,111) size 784x21
        RenderText {#text} at (0,1) size 270x19
          text run at (0,1) width 270: "Silver table with a white body background"
      RenderTable {table} at (0,148) size 418x58 [bgcolor=#C0C0C0] [border: (1px outset #808080)]
        RenderTableSection (anonymous) at (1,1) size 416x56
          RenderTableRow {tr} at (0,2) size 416x25
            RenderTableCell {td} at (2,2) size 136x25 [border: (1px inset #808080)] [r=0 c=0 rs=1 cs=1]
              RenderText {#text} at (2,3) size 132x19
                text run at (2,3) width 132: "table table table table"
            RenderTableCell {td} at (140,2) size 136x25 [border: (1px inset #808080)] [r=0 c=1 rs=1 cs=1]
              RenderText {#text} at (2,3) size 132x19
                text run at (2,3) width 132: "table table table table"
            RenderTableCell {td} at (278,2) size 136x25 [border: (1px inset #808080)] [r=0 c=2 rs=1 cs=1]
              RenderText {#text} at (2,3) size 132x19
                text run at (2,3) width 132: "table table table table"
          RenderTableRow {tr} at (0,29) size 416x25
            RenderTableCell {td} at (2,29) size 136x25 [border: (1px inset #808080)] [r=1 c=0 rs=1 cs=1]
              RenderText {#text} at (2,3) size 132x19
                text run at (2,3) width 132: "table table table table"
            RenderTableCell {td} at (140,29) size 136x25 [border: (1px inset #808080)] [r=1 c=1 rs=1 cs=1]
              RenderText {#text} at (2,3) size 132x19
                text run at (2,3) width 132: "table table table table"
            RenderTableCell {td} at (278,29) size 136x25 [border: (1px inset #808080)] [r=1 c=2 rs=1 cs=1]
              RenderText {#text} at (2,3) size 132x19
                text run at (2,3) width 132: "table table table table"
      RenderBlock {p} at (0,222) size 784x21
        RenderText {#text} at (0,1) size 265x19
          text run at (0,1) width 265: "Gray table with a white body background"
      RenderTable {table} at (0,259) size 418x58 [bgcolor=#808080] [border: (1px outset #808080)]
        RenderTableSection (anonymous) at (1,1) size 416x56
          RenderTableRow {tr} at (0,2) size 416x25
            RenderTableCell {td} at (2,2) size 136x25 [border: (1px inset #808080)] [r=0 c=0 rs=1 cs=1]
              RenderText {#text} at (2,3) size 132x19
                text run at (2,3) width 132: "table table table table"
            RenderTableCell {td} at (140,2) size 136x25 [border: (1px inset #808080)] [r=0 c=1 rs=1 cs=1]
              RenderText {#text} at (2,3) size 132x19
                text run at (2,3) width 132: "table table table table"
            RenderTableCell {td} at (278,2) size 136x25 [border: (1px inset #808080)] [r=0 c=2 rs=1 cs=1]
              RenderText {#text} at (2,3) size 132x19
                text run at (2,3) width 132: "table table table table"
          RenderTableRow {tr} at (0,29) size 416x25
            RenderTableCell {td} at (2,29) size 136x25 [border: (1px inset #808080)] [r=1 c=0 rs=1 cs=1]
              RenderText {#text} at (2,3) size 132x19
                text run at (2,3) width 132: "table table table table"
            RenderTableCell {td} at (140,29) size 136x25 [border: (1px inset #808080)] [r=1 c=1 rs=1 cs=1]
              RenderText {#text} at (2,3) size 132x19
                text run at (2,3) width 132: "table table table table"
            RenderTableCell {td} at (278,29) size 136x25 [border: (1px inset #808080)] [r=1 c=2 rs=1 cs=1]
              RenderText {#text} at (2,3) size 132x19
                text run at (2,3) width 132: "table table table table"
      RenderBlock {p} at (0,333) size 784x21
        RenderText {#text} at (0,1) size 271x19
          text run at (0,1) width 271: "White table with a white body background"
      RenderTable {table} at (0,370) size 418x58 [border: (1px outset #808080)]
        RenderTableSection (anonymous) at (1,1) size 416x56
          RenderTableRow {tr} at (0,2) size 416x25
            RenderTableCell {td} at (2,2) size 136x25 [border: (1px inset #808080)] [r=0 c=0 rs=1 cs=1]
              RenderText {#text} at (2,3) size 132x19
                text run at (2,3) width 132: "table table table table"
            RenderTableCell {td} at (140,2) size 136x25 [border: (1px inset #808080)] [r=0 c=1 rs=1 cs=1]
              RenderText {#text} at (2,3) size 132x19
                text run at (2,3) width 132: "table table table table"
            RenderTableCell {td} at (278,2) size 136x25 [border: (1px inset #808080)] [r=0 c=2 rs=1 cs=1]
              RenderText {#text} at (2,3) size 132x19
                text run at (2,3) width 132: "table table table table"
          RenderTableRow {tr} at (0,29) size 416x25
            RenderTableCell {td} at (2,29) size 136x25 [border: (1px inset #808080)] [r=1 c=0 rs=1 cs=1]
              RenderText {#text} at (2,3) size 132x19
                text run at (2,3) width 132: "table table table table"
            RenderTableCell {td} at (140,29) size 136x25 [border: (1px inset #808080)] [r=1 c=1 rs=1 cs=1]
              RenderText {#text} at (2,3) size 132x19
                text run at (2,3) width 132: "table table table table"
            RenderTableCell {td} at (278,29) size 136x25 [border: (1px inset #808080)] [r=1 c=2 rs=1 cs=1]
              RenderText {#text} at (2,3) size 132x19
                text run at (2,3) width 132: "table table table table"
      RenderBlock {p} at (0,444) size 784x21
        RenderText {#text} at (0,1) size 283x19
          text run at (0,1) width 283: "Maroon table with a white body background"
      RenderTable {table} at (0,481) size 418x58 [bgcolor=#800000] [border: (1px outset #808080)]
        RenderTableSection (anonymous) at (1,1) size 416x56
          RenderTableRow {tr} at (0,2) size 416x25
            RenderTableCell {td} at (2,2) size 136x25 [border: (1px inset #808080)] [r=0 c=0 rs=1 cs=1]
              RenderText {#text} at (2,3) size 132x19
                text run at (2,3) width 132: "table table table table"
            RenderTableCell {td} at (140,2) size 136x25 [border: (1px inset #808080)] [r=0 c=1 rs=1 cs=1]
              RenderText {#text} at (2,3) size 132x19
                text run at (2,3) width 132: "table table table table"
            RenderTableCell {td} at (278,2) size 136x25 [border: (1px inset #808080)] [r=0 c=2 rs=1 cs=1]
              RenderText {#text} at (2,3) size 132x19
                text run at (2,3) width 132: "table table table table"
          RenderTableRow {tr} at (0,29) size 416x25
            RenderTableCell {td} at (2,29) size 136x25 [border: (1px inset #808080)] [r=1 c=0 rs=1 cs=1]
              RenderText {#text} at (2,3) size 132x19
                text run at (2,3) width 132: "table table table table"
            RenderTableCell {td} at (140,29) size 136x25 [border: (1px inset #808080)] [r=1 c=1 rs=1 cs=1]
              RenderText {#text} at (2,3) size 132x19
                text run at (2,3) width 132: "table table table table"
            RenderTableCell {td} at (278,29) size 136x25 [border: (1px inset #808080)] [r=1 c=2 rs=1 cs=1]
              RenderText {#text} at (2,3) size 132x19
                text run at (2,3) width 132: "table table table table"
      RenderBlock {p} at (0,555) size 784x21
        RenderText {#text} at (0,1) size 259x19
          text run at (0,1) width 259: "Red table with a white body background"
      RenderTable {table} at (0,592) size 418x58 [bgcolor=#FF0000] [border: (1px outset #808080)]
        RenderTableSection (anonymous) at (1,1) size 416x56
          RenderTableRow {tr} at (0,2) size 416x25
            RenderTableCell {td} at (2,2) size 136x25 [border: (1px inset #808080)] [r=0 c=0 rs=1 cs=1]
              RenderText {#text} at (2,3) size 132x19
                text run at (2,3) width 132: "table table table table"
            RenderTableCell {td} at (140,2) size 136x25 [border: (1px inset #808080)] [r=0 c=1 rs=1 cs=1]
              RenderText {#text} at (2,3) size 132x19
                text run at (2,3) width 132: "table table table table"
            RenderTableCell {td} at (278,2) size 136x25 [border: (1px inset #808080)] [r=0 c=2 rs=1 cs=1]
              RenderText {#text} at (2,3) size 132x19
                text run at (2,3) width 132: "table table table table"
          RenderTableRow {tr} at (0,29) size 416x25
            RenderTableCell {td} at (2,29) size 136x25 [border: (1px inset #808080)] [r=1 c=0 rs=1 cs=1]
              RenderText {#text} at (2,3) size 132x19
                text run at (2,3) width 132: "table table table table"
            RenderTableCell {td} at (140,29) size 136x25 [border: (1px inset #808080)] [r=1 c=1 rs=1 cs=1]
              RenderText {#text} at (2,3) size 132x19
                text run at (2,3) width 132: "table table table table"
            RenderTableCell {td} at (278,29) size 136x25 [border: (1px inset #808080)] [r=1 c=2 rs=1 cs=1]
              RenderText {#text} at (2,3) size 132x19
                text run at (2,3) width 132: "table table table table"
      RenderBlock {p} at (0,666) size 784x21
        RenderText {#text} at (0,1) size 274x19
          text run at (0,1) width 274: "Purple table with a white body background"
      RenderTable {table} at (0,703) size 418x58 [bgcolor=#800080] [border: (1px outset #808080)]
        RenderTableSection (anonymous) at (1,1) size 416x56
          RenderTableRow {tr} at (0,2) size 416x25
            RenderTableCell {td} at (2,2) size 136x25 [border: (1px inset #808080)] [r=0 c=0 rs=1 cs=1]
              RenderText {#text} at (2,3) size 132x19
                text run at (2,3) width 132: "table table table table"
            RenderTableCell {td} at (140,2) size 136x25 [border: (1px inset #808080)] [r=0 c=1 rs=1 cs=1]
              RenderText {#text} at (2,3) size 132x19
                text run at (2,3) width 132: "table table table table"
            RenderTableCell {td} at (278,2) size 136x25 [border: (1px inset #808080)] [r=0 c=2 rs=1 cs=1]
              RenderText {#text} at (2,3) size 132x19
                text run at (2,3) width 132: "table table table table"
          RenderTableRow {tr} at (0,29) size 416x25
            RenderTableCell {td} at (2,29) size 136x25 [border: (1px inset #808080)] [r=1 c=0 rs=1 cs=1]
              RenderText {#text} at (2,3) size 132x19
                text run at (2,3) width 132: "table table table table"
            RenderTableCell {td} at (140,29) size 136x25 [border: (1px inset #808080)] [r=1 c=1 rs=1 cs=1]
              RenderText {#text} at (2,3) size 132x19
                text run at (2,3) width 132: "table table table table"
            RenderTableCell {td} at (278,29) size 136x25 [border: (1px inset #808080)] [r=1 c=2 rs=1 cs=1]
              RenderText {#text} at (2,3) size 132x19
                text run at (2,3) width 132: "table table table table"
      RenderBlock {p} at (0,777) size 784x21
        RenderText {#text} at (0,1) size 282x19
          text run at (0,1) width 282: "Fuchsia table with a white body background"
      RenderTable {table} at (0,814) size 418x58 [bgcolor=#FF00FF] [border: (1px outset #808080)]
        RenderTableSection (anonymous) at (1,1) size 416x56
          RenderTableRow {tr} at (0,2) size 416x25
            RenderTableCell {td} at (2,2) size 136x25 [border: (1px inset #808080)] [r=0 c=0 rs=1 cs=1]
              RenderText {#text} at (2,3) size 132x19
                text run at (2,3) width 132: "table table table table"
            RenderTableCell {td} at (140,2) size 136x25 [border: (1px inset #808080)] [r=0 c=1 rs=1 cs=1]
              RenderText {#text} at (2,3) size 132x19
                text run at (2,3) width 132: "table table table table"
            RenderTableCell {td} at (278,2) size 136x25 [border: (1px inset #808080)] [r=0 c=2 rs=1 cs=1]
              RenderText {#text} at (2,3) size 132x19
                text run at (2,3) width 132: "table table table table"
          RenderTableRow {tr} at (0,29) size 416x25
            RenderTableCell {td} at (2,29) size 136x25 [border: (1px inset #808080)] [r=1 c=0 rs=1 cs=1]
              RenderText {#text} at (2,3) size 132x19
                text run at (2,3) width 132: "table table table table"
            RenderTableCell {td} at (140,29) size 136x25 [border: (1px inset #808080)] [r=1 c=1 rs=1 cs=1]
              RenderText {#text} at (2,3) size 132x19
                text run at (2,3) width 132: "table table table table"
            RenderTableCell {td} at (278,29) size 136x25 [border: (1px inset #808080)] [r=1 c=2 rs=1 cs=1]
              RenderText {#text} at (2,3) size 132x19
                text run at (2,3) width 132: "table table table table"
      RenderBlock {p} at (0,888) size 784x21
        RenderText {#text} at (0,1) size 272x19
          text run at (0,1) width 272: "Green table with a white body background"
      RenderTable {table} at (0,925) size 418x58 [bgcolor=#008000] [border: (1px outset #808080)]
        RenderTableSection (anonymous) at (1,1) size 416x56
          RenderTableRow {tr} at (0,2) size 416x25
            RenderTableCell {td} at (2,2) size 136x25 [border: (1px inset #808080)] [r=0 c=0 rs=1 cs=1]
              RenderText {#text} at (2,3) size 132x19
                text run at (2,3) width 132: "table table table table"
            RenderTableCell {td} at (140,2) size 136x25 [border: (1px inset #808080)] [r=0 c=1 rs=1 cs=1]
              RenderText {#text} at (2,3) size 132x19
                text run at (2,3) width 132: "table table table table"
            RenderTableCell {td} at (278,2) size 136x25 [border: (1px inset #808080)] [r=0 c=2 rs=1 cs=1]
              RenderText {#text} at (2,3) size 132x19
                text run at (2,3) width 132: "table table table table"
          RenderTableRow {tr} at (0,29) size 416x25
            RenderTableCell {td} at (2,29) size 136x25 [border: (1px inset #808080)] [r=1 c=0 rs=1 cs=1]
              RenderText {#text} at (2,3) size 132x19
                text run at (2,3) width 132: "table table table table"
            RenderTableCell {td} at (140,29) size 136x25 [border: (1px inset #808080)] [r=1 c=1 rs=1 cs=1]
              RenderText {#text} at (2,3) size 132x19
                text run at (2,3) width 132: "table table table table"
            RenderTableCell {td} at (278,29) size 136x25 [border: (1px inset #808080)] [r=1 c=2 rs=1 cs=1]
              RenderText {#text} at (2,3) size 132x19
                text run at (2,3) width 132: "table table table table"
      RenderBlock {p} at (0,999) size 784x21
        RenderText {#text} at (0,1) size 266x19
          text run at (0,1) width 266: "Lime table with a white body background"
      RenderTable {table} at (0,1036) size 418x58 [bgcolor=#00FF00] [border: (1px outset #808080)]
        RenderTableSection (anonymous) at (1,1) size 416x56
          RenderTableRow {tr} at (0,2) size 416x25
            RenderTableCell {td} at (2,2) size 136x25 [border: (1px inset #808080)] [r=0 c=0 rs=1 cs=1]
              RenderText {#text} at (2,3) size 132x19
                text run at (2,3) width 132: "table table table table"
            RenderTableCell {td} at (140,2) size 136x25 [border: (1px inset #808080)] [r=0 c=1 rs=1 cs=1]
              RenderText {#text} at (2,3) size 132x19
                text run at (2,3) width 132: "table table table table"
            RenderTableCell {td} at (278,2) size 136x25 [border: (1px inset #808080)] [r=0 c=2 rs=1 cs=1]
              RenderText {#text} at (2,3) size 132x19
                text run at (2,3) width 132: "table table table table"
          RenderTableRow {tr} at (0,29) size 416x25
            RenderTableCell {td} at (2,29) size 136x25 [border: (1px inset #808080)] [r=1 c=0 rs=1 cs=1]
              RenderText {#text} at (2,3) size 132x19
                text run at (2,3) width 132: "table table table table"
            RenderTableCell {td} at (140,29) size 136x25 [border: (1px inset #808080)] [r=1 c=1 rs=1 cs=1]
              RenderText {#text} at (2,3) size 132x19
                text run at (2,3) width 132: "table table table table"
            RenderTableCell {td} at (278,29) size 136x25 [border: (1px inset #808080)] [r=1 c=2 rs=1 cs=1]
              RenderText {#text} at (2,3) size 132x19
                text run at (2,3) width 132: "table table table table"
      RenderBlock {p} at (0,1110) size 784x21
        RenderText {#text} at (0,1) size 268x19
          text run at (0,1) width 268: "Olive table with a white body background"
      RenderTable {table} at (0,1147) size 418x58 [bgcolor=#808000] [border: (1px outset #808080)]
        RenderTableSection (anonymous) at (1,1) size 416x56
          RenderTableRow {tr} at (0,2) size 416x25
            RenderTableCell {td} at (2,2) size 136x25 [border: (1px inset #808080)] [r=0 c=0 rs=1 cs=1]
              RenderText {#text} at (2,3) size 132x19
                text run at (2,3) width 132: "table table table table"
            RenderTableCell {td} at (140,2) size 136x25 [border: (1px inset #808080)] [r=0 c=1 rs=1 cs=1]
              RenderText {#text} at (2,3) size 132x19
                text run at (2,3) width 132: "table table table table"
            RenderTableCell {td} at (278,2) size 136x25 [border: (1px inset #808080)] [r=0 c=2 rs=1 cs=1]
              RenderText {#text} at (2,3) size 132x19
                text run at (2,3) width 132: "table table table table"
          RenderTableRow {tr} at (0,29) size 416x25
            RenderTableCell {td} at (2,29) size 136x25 [border: (1px inset #808080)] [r=1 c=0 rs=1 cs=1]
              RenderText {#text} at (2,3) size 132x19
                text run at (2,3) width 132: "table table table table"
            RenderTableCell {td} at (140,29) size 136x25 [border: (1px inset #808080)] [r=1 c=1 rs=1 cs=1]
              RenderText {#text} at (2,3) size 132x19
                text run at (2,3) width 132: "table table table table"
            RenderTableCell {td} at (278,29) size 136x25 [border: (1px inset #808080)] [r=1 c=2 rs=1 cs=1]
              RenderText {#text} at (2,3) size 132x19
                text run at (2,3) width 132: "table table table table"
      RenderBlock {p} at (0,1221) size 784x21
        RenderText {#text} at (0,1) size 279x19
          text run at (0,1) width 279: "Yellow table with a white body background"
      RenderTable {table} at (0,1258) size 418x58 [bgcolor=#FFFF00] [border: (1px outset #808080)]
        RenderTableSection (anonymous) at (1,1) size 416x56
          RenderTableRow {tr} at (0,2) size 416x25
            RenderTableCell {td} at (2,2) size 136x25 [border: (1px inset #808080)] [r=0 c=0 rs=1 cs=1]
              RenderText {#text} at (2,3) size 132x19
                text run at (2,3) width 132: "table table table table"
            RenderTableCell {td} at (140,2) size 136x25 [border: (1px inset #808080)] [r=0 c=1 rs=1 cs=1]
              RenderText {#text} at (2,3) size 132x19
                text run at (2,3) width 132: "table table table table"
            RenderTableCell {td} at (278,2) size 136x25 [border: (1px inset #808080)] [r=0 c=2 rs=1 cs=1]
              RenderText {#text} at (2,3) size 132x19
                text run at (2,3) width 132: "table table table table"
          RenderTableRow {tr} at (0,29) size 416x25
            RenderTableCell {td} at (2,29) size 136x25 [border: (1px inset #808080)] [r=1 c=0 rs=1 cs=1]
              RenderText {#text} at (2,3) size 132x19
                text run at (2,3) width 132: "table table table table"
            RenderTableCell {td} at (140,29) size 136x25 [border: (1px inset #808080)] [r=1 c=1 rs=1 cs=1]
              RenderText {#text} at (2,3) size 132x19
                text run at (2,3) width 132: "table table table table"
            RenderTableCell {td} at (278,29) size 136x25 [border: (1px inset #808080)] [r=1 c=2 rs=1 cs=1]
              RenderText {#text} at (2,3) size 132x19
                text run at (2,3) width 132: "table table table table"
      RenderBlock {p} at (0,1332) size 784x21
        RenderText {#text} at (0,1) size 269x19
          text run at (0,1) width 269: "Navy table with a white body background"
      RenderTable {table} at (0,1369) size 418x58 [bgcolor=#000080] [border: (1px outset #808080)]
        RenderTableSection (anonymous) at (1,1) size 416x56
          RenderTableRow {tr} at (0,2) size 416x25
            RenderTableCell {td} at (2,2) size 136x25 [border: (1px inset #808080)] [r=0 c=0 rs=1 cs=1]
              RenderText {#text} at (2,3) size 132x19
                text run at (2,3) width 132: "table table table table"
            RenderTableCell {td} at (140,2) size 136x25 [border: (1px inset #808080)] [r=0 c=1 rs=1 cs=1]
              RenderText {#text} at (2,3) size 132x19
                text run at (2,3) width 132: "table table table table"
            RenderTableCell {td} at (278,2) size 136x25 [border: (1px inset #808080)] [r=0 c=2 rs=1 cs=1]
              RenderText {#text} at (2,3) size 132x19
                text run at (2,3) width 132: "table table table table"
          RenderTableRow {tr} at (0,29) size 416x25
            RenderTableCell {td} at (2,29) size 136x25 [border: (1px inset #808080)] [r=1 c=0 rs=1 cs=1]
              RenderText {#text} at (2,3) size 132x19
                text run at (2,3) width 132: "table table table table"
            RenderTableCell {td} at (140,29) size 136x25 [border: (1px inset #808080)] [r=1 c=1 rs=1 cs=1]
              RenderText {#text} at (2,3) size 132x19
                text run at (2,3) width 132: "table table table table"
            RenderTableCell {td} at (278,29) size 136x25 [border: (1px inset #808080)] [r=1 c=2 rs=1 cs=1]
              RenderText {#text} at (2,3) size 132x19
                text run at (2,3) width 132: "table table table table"
      RenderBlock {p} at (0,1443) size 784x21
        RenderText {#text} at (0,1) size 263x19
          text run at (0,1) width 263: "Blue table with a white body background"
      RenderTable {table} at (0,1480) size 418x58 [bgcolor=#0000FF] [border: (1px outset #808080)]
        RenderTableSection (anonymous) at (1,1) size 416x56
          RenderTableRow {tr} at (0,2) size 416x25
            RenderTableCell {td} at (2,2) size 136x25 [border: (1px inset #808080)] [r=0 c=0 rs=1 cs=1]
              RenderText {#text} at (2,3) size 132x19
                text run at (2,3) width 132: "table table table table"
            RenderTableCell {td} at (140,2) size 136x25 [border: (1px inset #808080)] [r=0 c=1 rs=1 cs=1]
              RenderText {#text} at (2,3) size 132x19
                text run at (2,3) width 132: "table table table table"
            RenderTableCell {td} at (278,2) size 136x25 [border: (1px inset #808080)] [r=0 c=2 rs=1 cs=1]
              RenderText {#text} at (2,3) size 132x19
                text run at (2,3) width 132: "table table table table"
          RenderTableRow {tr} at (0,29) size 416x25
            RenderTableCell {td} at (2,29) size 136x25 [border: (1px inset #808080)] [r=1 c=0 rs=1 cs=1]
              RenderText {#text} at (2,3) size 132x19
                text run at (2,3) width 132: "table table table table"
            RenderTableCell {td} at (140,29) size 136x25 [border: (1px inset #808080)] [r=1 c=1 rs=1 cs=1]
              RenderText {#text} at (2,3) size 132x19
                text run at (2,3) width 132: "table table table table"
            RenderTableCell {td} at (278,29) size 136x25 [border: (1px inset #808080)] [r=1 c=2 rs=1 cs=1]
              RenderText {#text} at (2,3) size 132x19
                text run at (2,3) width 132: "table table table table"
      RenderBlock {p} at (0,1554) size 784x21
        RenderText {#text} at (0,1) size 260x19
          text run at (0,1) width 260: "Teal table with a white body background"
      RenderTable {table} at (0,1591) size 418x58 [bgcolor=#008080] [border: (1px outset #808080)]
        RenderTableSection (anonymous) at (1,1) size 416x56
          RenderTableRow {tr} at (0,2) size 416x25
            RenderTableCell {td} at (2,2) size 136x25 [border: (1px inset #808080)] [r=0 c=0 rs=1 cs=1]
              RenderText {#text} at (2,3) size 132x19
                text run at (2,3) width 132: "table table table table"
            RenderTableCell {td} at (140,2) size 136x25 [border: (1px inset #808080)] [r=0 c=1 rs=1 cs=1]
              RenderText {#text} at (2,3) size 132x19
                text run at (2,3) width 132: "table table table table"
            RenderTableCell {td} at (278,2) size 136x25 [border: (1px inset #808080)] [r=0 c=2 rs=1 cs=1]
              RenderText {#text} at (2,3) size 132x19
                text run at (2,3) width 132: "table table table table"
          RenderTableRow {tr} at (0,29) size 416x25
            RenderTableCell {td} at (2,29) size 136x25 [border: (1px inset #808080)] [r=1 c=0 rs=1 cs=1]
              RenderText {#text} at (2,3) size 132x19
                text run at (2,3) width 132: "table table table table"
            RenderTableCell {td} at (140,29) size 136x25 [border: (1px inset #808080)] [r=1 c=1 rs=1 cs=1]
              RenderText {#text} at (2,3) size 132x19
                text run at (2,3) width 132: "table table table table"
            RenderTableCell {td} at (278,29) size 136x25 [border: (1px inset #808080)] [r=1 c=2 rs=1 cs=1]
              RenderText {#text} at (2,3) size 132x19
                text run at (2,3) width 132: "table table table table"
      RenderBlock {p} at (0,1665) size 784x21
        RenderText {#text} at (0,1) size 268x19
          text run at (0,1) width 268: "Aqua table with a white body background"
      RenderTable {table} at (0,1702) size 418x58 [bgcolor=#00FFFF] [border: (1px outset #808080)]
        RenderTableSection (anonymous) at (1,1) size 416x56
          RenderTableRow {tr} at (0,2) size 416x25
            RenderTableCell {td} at (2,2) size 136x25 [border: (1px inset #808080)] [r=0 c=0 rs=1 cs=1]
              RenderText {#text} at (2,3) size 132x19
                text run at (2,3) width 132: "table table table table"
            RenderTableCell {td} at (140,2) size 136x25 [border: (1px inset #808080)] [r=0 c=1 rs=1 cs=1]
              RenderText {#text} at (2,3) size 132x19
                text run at (2,3) width 132: "table table table table"
            RenderTableCell {td} at (278,2) size 136x25 [border: (1px inset #808080)] [r=0 c=2 rs=1 cs=1]
              RenderText {#text} at (2,3) size 132x19
                text run at (2,3) width 132: "table table table table"
          RenderTableRow {tr} at (0,29) size 416x25
            RenderTableCell {td} at (2,29) size 136x25 [border: (1px inset #808080)] [r=1 c=0 rs=1 cs=1]
              RenderText {#text} at (2,3) size 132x19
                text run at (2,3) width 132: "table table table table"
            RenderTableCell {td} at (140,29) size 136x25 [border: (1px inset #808080)] [r=1 c=1 rs=1 cs=1]
              RenderText {#text} at (2,3) size 132x19
                text run at (2,3) width 132: "table table table table"
            RenderTableCell {td} at (278,29) size 136x25 [border: (1px inset #808080)] [r=1 c=2 rs=1 cs=1]
              RenderText {#text} at (2,3) size 132x19
                text run at (2,3) width 132: "table table table table"
