layer at (0,0) size 800x600
  RenderView at (0,0) size 800x600
layer at (0,0) size 800x49
  RenderBlock {html} at (0,0) size 800x49
    RenderBody {body} at (8,8) size 784x33
      RenderTable {table} at (0,0) size 581x33 [border: (3px solid #FF0000)]
        RenderTableSection (anonymous) at (3,3) size 575x27
          RenderTableRow {tr} at (0,2) size 575x23
            RenderTableCell {td} at (2,2) size 571x23 [r=0 c=0 rs=1 cs=1]
              RenderText {#text} at (1,2) size 568x19
                text run at (1,2) width 369: "This tests the 'style' attribute of TABLE. This table should "
                text run at (370,2) width 199: "have a solid medium red border"
