layer at (0,0) size 800x600
  RenderView at (0,0) size 800x600
layer at (0,0) size 800x150
  RenderBlock {html} at (0,0) size 800x150
    RenderBody {body} at (8,16) size 784x126
      RenderBlock {p} at (0,0) size 784x21
        RenderText {#text} at (0,1) size 341x19
          text run at (0,1) width 341: "In this test, the TBODY text should be center aligned."
      RenderTable {table} at (0,37) size 178x89 [border: (1px outset #808080)]
        RenderTableSection {thead} at (1,1) size 176x29
          RenderTableRow {tr} at (0,2) size 176x25
            RenderTableCell {td} at (2,2) size 172x25 [border: (1px inset #808080)] [r=0 c=0 rs=1 cs=1]
              RenderText {#text} at (2,3) size 168x19
                text run at (2,3) width 168: "This text is in the THEAD"
        RenderTableSection {tfoot} at (1,59) size 176x29
          RenderTableRow {tr} at (0,2) size 176x25
            RenderTableCell {td} at (2,2) size 172x25 [border: (1px inset #808080)] [r=0 c=0 rs=1 cs=1]
              RenderText {#text} at (2,3) size 165x19
                text run at (2,3) width 165: "This text is in the TFOOT"
        RenderTableSection {tbody} at (1,30) size 176x29
          RenderTableRow {tr} at (0,2) size 176x25
            RenderTableCell {td} at (2,2) size 172x25 [border: (1px inset #808080)] [r=0 c=0 rs=1 cs=1]
              RenderText {#text} at (57,3) size 57x19
                text run at (57,3) width 57: "TBODY"
