layer at (0,0) size 800x600
  RenderView at (0,0) size 800x600
layer at (0,0) size 800x326
  RenderBlock {html} at (0,0) size 800x326
    RenderBody {body} at (8,16) size 784x302
      RenderBlock {p} at (0,0) size 784x21
        RenderText {#text} at (0,1) size 176x19
          text run at (0,1) width 176: "TD VALIGN=BASELINE"
      RenderTable {table} at (0,37) size 784x265 [border: (1px outset #808080)]
        RenderTableSection (anonymous) at (1,1) size 782x263
          RenderTableRow {tr} at (0,2) size 782x259
            RenderTableCell {td} at (2,25) size 213x109 [border: (1px inset #808080)] [r=0 c=0 rs=1 cs=1]
              RenderText {#text} at (2,3) size 207x103
                text run at (2,3) width 204: "Compare the baseline of the first"
                text run at (2,24) width 44: "line of "
                text run at (46,24) width 146: "text in this cell with the"
                text run at (2,45) width 207: "baseline of the first line of text in"
                text run at (2,66) width 176: "the next cell: they should be"
                text run at (2,87) width 108: "vertically aligned"
            RenderTableCell {td} at (217,2) size 563x259 [border: (1px inset #808080)] [r=0 c=1 rs=1 cs=1]
              RenderText {#text} at (2,5) size 533x249
                text run at (2,5) width 358: "Compare the baseline "
                text run at (360,5) width 166: "of the first"
                text run at (2,56) width 490: "line of text in this cell with the"
                text run at (2,107) width 245: "baseline of the "
                text run at (247,107) width 288: "first line of text in"
                text run at (2,158) width 520: "the previous cell: they should be"
                text run at (2,209) width 161: "vertically "
                text run at (163,209) width 118: "aligned"
