layer at (0,0) size 908x600
  RenderView at (0,0) size 800x600
layer at (0,0) size 908x74
  RenderBlock {html} at (0,0) size 800x74
    RenderBody {body} at (8,8) size 784x58
      RenderTable {table} at (0,0) size 900x58 [border: (1px outset #808080)]
        RenderTableSection (anonymous) at (1,1) size 898x56
          RenderTableRow {tr} at (0,2) size 898x25
            RenderTableCell {td} at (2,2) size 894x25 [border: (1px inset #808080)] [r=0 c=0 rs=1 cs=1]
              RenderText {#text} at (2,3) size 890x19
                text run at (2,3) width 263: "The text in the cell should not wrap upon "
                text run at (265,3) width 257: "window resizing    x-fill x-fill x-fill x-fill "
                text run at (522,3) width 306: "x-fill x-fill x-fill x-fill x-fill x-fill x-fill x-fill x-fill "
                text run at (828,3) width 64: "x-fill x-fill"
          RenderTableRow {tr} at (0,29) size 898x25
            RenderTableCell {td} at (2,29) size 894x25 [border: (1px inset #808080)] [r=1 c=0 rs=1 cs=1]
              RenderText {#text} at (2,3) size 890x19
                text run at (2,3) width 263: "The text in the cell should not wrap upon "
                text run at (265,3) width 257: "window resizing    x-fill x-fill x-fill x-fill "
                text run at (522,3) width 306: "x-fill x-fill x-fill x-fill x-fill x-fill x-fill x-fill x-fill "
                text run at (828,3) width 64: "x-fill x-fill"
