layer at (0,0) size 800x600
  RenderView at (0,0) size 800x600
layer at (0,0) size 800x110
  RenderBlock {html} at (0,0) size 800x110
    RenderBody {body} at (8,8) size 784x94
      RenderTable {table} at (0,0) size 784x94 [border: (1px outset #808080)]
        RenderTableSection (anonymous) at (1,1) size 782x92
          RenderTableRow {tr} at (0,2) size 782x88
            RenderTableCell {td} at (2,2) size 388x88 [border: (1px inset #808080)] [r=0 c=0 rs=1 cs=1]
              RenderText {#text} at (2,3) size 384x82
                text run at (2,3) width 212: "This cell text should be justified "
                text run at (214,3) width 172: "which means that the right"
                text run at (2,24) width 247: "and left margins should line up, no "
                text run at (249,24) width 137: "matter how long the"
                text run at (2,45) width 294: "content becomes (except the last line which "
                text run at (296,45) width 90: "should be left"
                text run at (2,66) width 51: "aligned)"
            RenderTableCell {td} at (392,33) size 388x25 [border: (1px inset #808080)] [r=0 c=1 rs=1 cs=1]
              RenderText {#text} at (2,3) size 227x19
                text run at (2,3) width 227: "This cell text should be left justified"
