layer at (0,0) size 800x600
  RenderView at (0,0) size 800x600
layer at (0,0) size 800x334
  RenderBlock {html} at (0,0) size 800x334
    RenderBody {body} at (8,16) size 784x310
      RenderBlock {p} at (0,0) size 784x21
        RenderText {#text} at (0,1) size 159x19
          text run at (0,1) width 159: "TFOOT VALIGN=TOP"
      RenderTable {table} at (0,37) size 658x273 [border: (1px outset #808080)]
        RenderTableSection {thead} at (1,1) size 656x29
          RenderTableRow {tr} at (0,2) size 656x25
            RenderTableCell {td} at (2,2) size 204x25 [border: (1px inset #808080)] [r=0 c=0 rs=1 cs=1]
              RenderText {#text} at (2,3) size 56x19
                text run at (2,3) width 56: "THEAD"
            RenderTableCell {td} at (208,2) size 446x25 [border: (1px inset #808080)] [r=0 c=1 rs=1 cs=1]
              RenderText {#text} at (2,3) size 56x19
                text run at (2,3) width 56: "THEAD"
        RenderTableSection {tfoot} at (1,59) size 656x213
          RenderTableRow {tr} at (0,2) size 656x209
            RenderTableCell {td} at (2,2) size 204x209 [border: (1px inset #808080)] [r=0 c=0 rs=1 cs=1]
              RenderImage {img} at (2,2) size 200x200
            RenderTableCell {td} at (208,2) size 446x25 [border: (1px inset #808080)] [r=0 c=1 rs=1 cs=1]
              RenderText {#text} at (2,3) size 441x19
                text run at (2,3) width 380: "The top of this text should be vertically aligned to the top of "
                text run at (382,3) width 61: "the image"
        RenderTableSection {tbody} at (1,30) size 656x29
          RenderTableRow {tr} at (0,2) size 656x25
            RenderTableCell {td} at (2,2) size 204x25 [border: (1px inset #808080)] [r=0 c=0 rs=1 cs=1]
              RenderText {#text} at (2,3) size 57x19
                text run at (2,3) width 57: "TBODY"
            RenderTableCell {td} at (208,2) size 446x25 [border: (1px inset #808080)] [r=0 c=1 rs=1 cs=1]
              RenderText {#text} at (2,3) size 57x19
                text run at (2,3) width 57: "TBODY"
