layer at (0,0) size 800x600
  RenderView at (0,0) size 800x600
layer at (0,0) size 800x231
  RenderBlock {html} at (0,0) size 800x231
    RenderBody {body} at (8,16) size 784x207
      RenderBlock {p} at (0,0) size 784x21
        RenderText {#text} at (0,1) size 394x19
          text run at (0,1) width 394: "The numbers in the TFOOT should align at the decimal points"
      RenderTable {table} at (0,37) size 365x170 [border: (1px outset #808080)]
        RenderTableSection {thead} at (1,1) size 363x56
          RenderTableRow {tr} at (0,2) size 363x25
            RenderTableCell {td} at (2,2) size 113x25 [border: (1px inset #808080)] [r=0 c=0 rs=1 cs=1]
              RenderText {#text} at (2,3) size 56x19
                text run at (2,3) width 56: "THEAD"
            RenderTableCell {td} at (117,2) size 121x25 [border: (1px inset #808080)] [r=0 c=1 rs=1 cs=1]
              RenderText {#text} at (2,3) size 56x19
                text run at (2,3) width 56: "THEAD"
            RenderTableCell {td} at (240,2) size 121x25 [border: (1px inset #808080)] [r=0 c=2 rs=1 cs=1]
              RenderText {#text} at (2,3) size 56x19
                text run at (2,3) width 56: "THEAD"
          RenderTableRow {tr} at (0,29) size 363x25
            RenderTableCell {td} at (2,29) size 113x25 [border: (1px inset #808080)] [r=1 c=0 rs=1 cs=1]
              RenderText {#text} at (2,3) size 56x19
                text run at (2,3) width 56: "THEAD"
            RenderTableCell {td} at (117,29) size 121x25 [border: (1px inset #808080)] [r=1 c=1 rs=1 cs=1]
              RenderText {#text} at (2,3) size 56x19
                text run at (2,3) width 56: "THEAD"
            RenderTableCell {td} at (240,29) size 121x25 [border: (1px inset #808080)] [r=1 c=2 rs=1 cs=1]
              RenderText {#text} at (2,3) size 56x19
                text run at (2,3) width 56: "THEAD"
        RenderTableSection {tfoot} at (1,113) size 363x56
          RenderTableRow {tr} at (0,2) size 363x25
            RenderTableCell {td} at (2,2) size 113x25 [border: (1px inset #808080)] [r=0 c=0 rs=1 cs=1]
              RenderText {#text} at (2,3) size 93x19
                text run at (2,3) width 93: "TFOOT 55.00"
            RenderTableCell {td} at (117,2) size 121x25 [border: (1px inset #808080)] [r=0 c=1 rs=1 cs=1]
              RenderText {#text} at (2,3) size 117x19
                text run at (2,3) width 117: "TFOOT 55555.00"
            RenderTableCell {td} at (240,2) size 121x25 [border: (1px inset #808080)] [r=0 c=2 rs=1 cs=1]
              RenderText {#text} at (2,3) size 101x19
                text run at (2,3) width 101: "TFOOT 555.00"
          RenderTableRow {tr} at (0,29) size 363x25
            RenderTableCell {td} at (2,29) size 113x25 [border: (1px inset #808080)] [r=1 c=0 rs=1 cs=1]
              RenderText {#text} at (2,3) size 109x19
                text run at (2,3) width 109: "TFOOT 1234.56"
            RenderTableCell {td} at (117,29) size 121x25 [border: (1px inset #808080)] [r=1 c=1 rs=1 cs=1]
              RenderText {#text} at (2,3) size 101x19
                text run at (2,3) width 101: "TFOOT 123.45"
            RenderTableCell {td} at (240,29) size 121x25 [border: (1px inset #808080)] [r=1 c=2 rs=1 cs=1]
              RenderText {#text} at (2,3) size 117x19
                text run at (2,3) width 117: "TFOOT 12345.67"
        RenderTableSection {tbody} at (1,57) size 363x56
          RenderTableRow {tr} at (0,2) size 363x25
            RenderTableCell {td} at (2,2) size 113x25 [border: (1px inset #808080)] [r=0 c=0 rs=1 cs=1]
              RenderText {#text} at (2,3) size 57x19
                text run at (2,3) width 57: "TBODY"
            RenderTableCell {td} at (117,2) size 121x25 [border: (1px inset #808080)] [r=0 c=1 rs=1 cs=1]
              RenderText {#text} at (2,3) size 57x19
                text run at (2,3) width 57: "TBODY"
            RenderTableCell {td} at (240,2) size 121x25 [border: (1px inset #808080)] [r=0 c=2 rs=1 cs=1]
              RenderText {#text} at (2,3) size 57x19
                text run at (2,3) width 57: "TBODY"
          RenderTableRow {tr} at (0,29) size 363x25
            RenderTableCell {td} at (2,29) size 113x25 [border: (1px inset #808080)] [r=1 c=0 rs=1 cs=1]
              RenderText {#text} at (2,3) size 57x19
                text run at (2,3) width 57: "TBODY"
            RenderTableCell {td} at (117,29) size 121x25 [border: (1px inset #808080)] [r=1 c=1 rs=1 cs=1]
              RenderText {#text} at (2,3) size 57x19
                text run at (2,3) width 57: "TBODY"
            RenderTableCell {td} at (240,29) size 121x25 [border: (1px inset #808080)] [r=1 c=2 rs=1 cs=1]
              RenderText {#text} at (2,3) size 57x19
                text run at (2,3) width 57: "TBODY"
