layer at (0,0) size 800x600
  RenderView at (0,0) size 800x600
layer at (0,0) size 800x276
  RenderBlock {html} at (0,0) size 800x276
    RenderBody {body} at (8,16) size 784x252
      RenderBlock {p} at (0,0) size 784x21
        RenderText {#text} at (0,1) size 160x19
          text run at (0,1) width 160: "TH VALIGN=MIDDLE"
      RenderTable {table} at (0,37) size 641x215 [border: (1px outset #808080)]
        RenderTableSection (anonymous) at (1,1) size 639x213
          RenderTableRow {tr} at (0,2) size 639x209
            RenderTableCell {th} at (2,2) size 204x209 [border: (1px inset #808080)] [r=0 c=0 rs=1 cs=1]
              RenderImage {img} at (2,2) size 200x200
            RenderTableCell {th} at (208,94) size 429x25 [border: (1px inset #808080)] [r=0 c=1 rs=1 cs=1]
              RenderText {#text} at (2,3) size 425x19
                text run at (2,3) width 293: "This text should be vertically aligned to the "
                text run at (295,3) width 132: "middle of the image"
