layer at (0,0) size 932x600
  RenderView at (0,0) size 800x600
layer at (0,0) size 932x74
  RenderBlock {html} at (0,0) size 800x74
    RenderBody {body} at (8,8) size 784x58
      RenderTable {table} at (0,0) size 924x58 [border: (1px outset #808080)]
        RenderTableSection (anonymous) at (1,1) size 922x56
          RenderTableRow {tr} at (0,2) size 922x25
            RenderTableCell {th} at (2,2) size 918x25 [border: (1px inset #808080)] [r=0 c=0 rs=1 cs=1]
              RenderText {#text} at (2,3) size 914x19
                text run at (2,3) width 282: "The text in the cell should not wrap upon "
                text run at (284,3) width 262: "window resizing    x-fill x-fill x-fill x-fill "
                text run at (546,3) width 306: "x-fill x-fill x-fill x-fill x-fill x-fill x-fill x-fill x-fill "
                text run at (852,3) width 64: "x-fill x-fill"
          RenderTableRow {tr} at (0,29) size 922x25
            RenderTableCell {th} at (2,29) size 918x25 [border: (1px inset #808080)] [r=1 c=0 rs=1 cs=1]
              RenderText {#text} at (2,3) size 914x19
                text run at (2,3) width 282: "The text in the cell should not wrap upon "
                text run at (284,3) width 262: "window resizing    x-fill x-fill x-fill x-fill "
                text run at (546,3) width 306: "x-fill x-fill x-fill x-fill x-fill x-fill x-fill x-fill x-fill "
                text run at (852,3) width 64: "x-fill x-fill"
