layer at (0,0) size 800x1650
  RenderView at (0,0) size 800x600
layer at (0,0) size 800x1650
  RenderBlock {html} at (0,0) size 800x1650
    RenderBody {body} at (8,8) size 784x1634
      RenderTable {table} at (0,0) size 293x110 [border: (1px outset #808080)]
        RenderTableSection (anonymous) at (1,1) size 291x108
          RenderTableRow {tr} at (0,2) size 291x104
            RenderTableCell {th} at (2,41) size 287x25 [border: (1px inset #808080)] [r=0 c=0 rs=1 cs=1]
              RenderText {#text} at (2,3) size 283x19
                text run at (2,3) width 283: "The height of this cell should be 100 pixels"
      RenderBlock (anonymous) at (0,110) size 784x21
        RenderBR {br} at (0,1) size 0x19
      RenderTable {table} at (0,131) size 293x210 [border: (1px outset #808080)]
        RenderTableSection (anonymous) at (1,1) size 291x208
          RenderTableRow {tr} at (0,2) size 291x204
            RenderTableCell {th} at (2,91) size 287x25 [border: (1px inset #808080)] [r=0 c=0 rs=1 cs=1]
              RenderText {#text} at (2,3) size 283x19
                text run at (2,3) width 283: "The height of this cell should be 200 pixels"
      RenderBlock (anonymous) at (0,341) size 784x21
        RenderBR {br} at (0,1) size 0x19
      RenderTable {table} at (0,362) size 293x310 [border: (1px outset #808080)]
        RenderTableSection (anonymous) at (1,1) size 291x308
          RenderTableRow {tr} at (0,2) size 291x304
            RenderTableCell {th} at (2,141) size 287x25 [border: (1px inset #808080)] [r=0 c=0 rs=1 cs=1]
              RenderText {#text} at (2,3) size 283x19
                text run at (2,3) width 283: "The height of this cell should be 300 pixels"
      RenderBlock (anonymous) at (0,672) size 784x21
        RenderBR {br} at (0,1) size 0x19
      RenderTable {table} at (0,693) size 293x410 [border: (1px outset #808080)]
        RenderTableSection (anonymous) at (1,1) size 291x408
          RenderTableRow {tr} at (0,2) size 291x404
            RenderTableCell {th} at (2,191) size 287x25 [border: (1px inset #808080)] [r=0 c=0 rs=1 cs=1]
              RenderText {#text} at (2,3) size 283x19
                text run at (2,3) width 283: "The height of this cell should be 400 pixels"
      RenderBlock (anonymous) at (0,1103) size 784x21
        RenderBR {br} at (0,1) size 0x19
      RenderTable {table} at (0,1124) size 293x510 [border: (1px outset #808080)]
        RenderTableSection (anonymous) at (1,1) size 291x508
          RenderTableRow {tr} at (0,2) size 291x504
            RenderTableCell {th} at (2,241) size 287x25 [border: (1px inset #808080)] [r=0 c=0 rs=1 cs=1]
              RenderText {#text} at (2,3) size 283x19
                text run at (2,3) width 283: "The height of this cell should be 500 pixels"
