layer at (0,0) size 800x600
  RenderView at (0,0) size 800x600
layer at (0,0) size 800x74
  RenderBlock {html} at (0,0) size 800x74
    RenderBody {body} at (8,8) size 784x58
      RenderTable {table} at (0,0) size 232x58 [border: (1px outset #808080)]
        RenderTableSection (anonymous) at (1,1) size 230x56
          RenderTableRow {tr} at (0,2) size 230x25
            RenderTableCell {th} at (2,15) size 168x25 [border: (1px inset #808080)] [r=0 c=0 rs=2 cs=1]
              RenderText {#text} at (2,3) size 164x19
                text run at (2,3) width 164: "This cell spans two rows"
            RenderTableCell {th} at (172,2) size 56x25 [border: (1px inset #808080)] [r=0 c=1 rs=1 cs=1]
              RenderText {#text} at (2,3) size 52x19
                text run at (2,3) width 52: "xxx xxx"
          RenderTableRow {tr} at (0,29) size 230x25
            RenderTableCell {th} at (172,29) size 56x25 [border: (1px inset #808080)] [r=1 c=1 rs=1 cs=1]
              RenderText {#text} at (2,3) size 52x19
                text run at (2,3) width 52: "xxx xxx"
