layer at (0,0) size 800x600
  RenderView at (0,0) size 800x600
layer at (0,0) size 800x74
  RenderBlock {html} at (0,0) size 800x74
    RenderBody {body} at (8,8) size 784x58
      RenderTable {table} at (0,0) size 197x58 [border: (1px outset #808080)]
        RenderTableSection (anonymous) at (1,1) size 195x56
          RenderTableRow {tr} at (0,2) size 195x25
            RenderTableCell {th} at (2,2) size 191x25 [border: (1px inset #808080)] [r=0 c=0 rs=1 cs=2]
              RenderText {#text} at (2,3) size 187x19
                text run at (2,3) width 187: "This cell spans two columns"
          RenderTableRow {tr} at (0,29) size 195x25
            RenderTableCell {th} at (2,29) size 94x25 [border: (1px inset #808080)] [r=1 c=0 rs=1 cs=1]
              RenderText {#text} at (21,3) size 52x19
                text run at (21,3) width 52: "xxx xxx"
            RenderTableCell {th} at (98,29) size 95x25 [border: (1px inset #808080)] [r=1 c=1 rs=1 cs=1]
              RenderText {#text} at (21,3) size 52x19
                text run at (21,3) width 52: "xxx xxx"
