layer at (0,0) size 800x600
  RenderView at (0,0) size 800x600
layer at (0,0) size 800x47
  RenderBlock {html} at (0,0) size 800x47
    RenderBody {body} at (8,8) size 784x31
      RenderTable {table} at (0,0) size 534x31 [border: (1px outset #808080)]
        RenderTableSection (anonymous) at (1,1) size 532x29
          RenderTableRow {tr} at (0,2) size 532x25 [bgcolor=#00FF00]
            RenderTableCell {td} at (2,2) size 263x25 [border: (1px inset #808080)] [r=0 c=0 rs=1 cs=1]
              RenderText {#text} at (2,3) size 259x19
                text run at (2,3) width 259: "This row should have a lime background"
            RenderTableCell {td} at (267,2) size 263x25 [border: (1px inset #808080)] [r=0 c=1 rs=1 cs=1]
              RenderText {#text} at (2,3) size 259x19
                text run at (2,3) width 259: "This row should have a lime background"
