layer at (0,0) size 784x584
  RenderView at (0,0) size 784x584
layer at (0,0) size 784x584
  RenderBlock {HTML} at (0,0) size 784x584
    RenderBody {BODY} at (8,8) size 768x568
      RenderBlock {DIV} at (0,0) size 768x30 [bgcolor=#000000]
      RenderBlock {DIV} at (0,30) size 768x20
        RenderText {#text} at (0,0) size 140x19
          text run at (0,0) width 140: "This test requires DRT."
