layer at (0,0) size 800x600
  RenderView at (0,0) size 800x600
layer at (0,0) size 800x600
  RenderBlock {HTML} at (0,0) size 800x600
    RenderBody {BODY} at (8,8) size 784x576
      RenderBlock {DIV} at (0,0) size 784x20
        RenderText {#text} at (0,0) size 53x19
          text run at (0,0) width 53: "Test for "
        RenderInline {A} at (0,0) size 644x19 [color=#0000EE]
          RenderText {#text} at (53,0) size 644x19
            text run at (53,0) width 644: "Bug 22466: REGRESSION (35867): Many resources missing when saving webarchive of webkit.org"
        RenderText {#text} at (0,0) size 0x0
      RenderBlock {P} at (0,36) size 784x20
        RenderText {#text} at (0,0) size 427x19
          text run at (0,0) width 427: "Some resources are missing when saving this page as a webarchive."
