layer at (0,0) size 800x600
  RenderView at (0,0) size 800x600
layer at (0,0) size 800x600
  RenderBlock {HTML} at (0,0) size 800x600
    RenderBody {BODY} at (8,8) size 784x584
      RenderBlock {DIV} at (0,0) size 784x20
        RenderText {#text} at (0,0) size 53x19
          text run at (0,0) width 53: "Test for "
        RenderInline {A} at (0,0) size 400x19 [color=#0000EE]
          RenderText {#text} at (53,0) size 400x19
            text run at (53,0) width 400: "Bug 11850: Webarchive fails to save images referenced in CSS"
        RenderText {#text} at (0,0) size 0x0
      RenderBlock {DIV} at (0,36) size 784x20
        RenderBlock {P} at (0,0) size 784x20
          RenderText {#text} at (0,0) size 665x19
            text run at (0,0) width 665: "This test makes sure that the URL in the shift-jis encoded CSS file is encoded properly in the webarchive."
      RenderBlock {DIV} at (0,72) size 784x283
        RenderBlock (anonymous) at (0,0) size 784x70
          RenderText {#text} at (0,50) size 63x19
            text run at (0,50) width 63: "Expected "
          RenderInline {TT} at (0,0) size 192x16
            RenderText {#text} at (63,53) size 192x16
              text run at (63,53) width 192: "?img-src-utf-8-%E4%BA%9C"
          RenderText {#text} at (255,50) size 358x19
            text run at (255,50) width 358: " query string for <img> tag with utf-8 document charset: "
          RenderBlock {DIV} at (613,0) size 54x66 [border: (1px solid #000000)]
            RenderImage {IMG} at (1,1) size 52x64
          RenderText {#text} at (0,0) size 0x0
        RenderBlock {DIV} at (0,70) size 784x71
          RenderText {#text} at (0,51) size 63x19
            text run at (0,51) width 63: "Expected "
          RenderInline {TT} at (0,0) size 304x16
            RenderText {#text} at (63,54) size 304x16
              text run at (63,54) width 304: "?css-url-no-charset-%EF%BF%BD%EF%BF%BD"
          RenderText {#text} at (367,51) size 306x19
            text run at (367,51) width 306: " query string for CSS url() with no CSS charset: "
          RenderBlock {DIV} at (673,0) size 54x66 [border: (1px solid #000000)]
        RenderBlock {DIV} at (0,141) size 784x71
          RenderText {#text} at (0,51) size 63x19
            text run at (0,51) width 63: "Expected "
          RenderInline {TT} at (0,0) size 200x16
            RenderText {#text} at (63,54) size 200x16
              text run at (63,54) width 200: "?css-url-shift-jis-%88%9F"
          RenderText {#text} at (263,51) size 336x19
            text run at (263,51) width 336: " query string for CSS url() with shift-jis CSS charset: "
          RenderBlock {DIV} at (599,0) size 54x66 [border: (1px solid #000000)]
        RenderBlock {DIV} at (0,212) size 784x71
          RenderText {#text} at (0,51) size 63x19
            text run at (0,51) width 63: "Expected "
          RenderInline {TT} at (0,0) size 192x16
            RenderText {#text} at (63,54) size 192x16
              text run at (63,54) width 192: "?css-url-utf-8-%E4%BA%9C"
          RenderText {#text} at (255,51) size 320x19
            text run at (255,51) width 320: " query string for CSS url() with utf-8 CSS charset: "
          RenderBlock {DIV} at (575,0) size 54x66 [border: (1px solid #000000)]
