layer at (0,0) size 800x600
  RenderView at (0,0) size 800x600
layer at (0,0) size 800x600
  RenderBlock {HTML} at (0,0) size 800x600
    RenderBody {BODY} at (8,8) size 784x584
      RenderBlock {DIV} at (0,0) size 784x18
        RenderText {#text} at (0,0) size 539x19
          text run at (0,0) width 539: "This test passes if the video controls are non-blurry and properly positioned in HiDPI."
      RenderBlock (anonymous) at (0,18) size 784x150
        RenderText {#text} at (0,0) size 0x0
layer at (8,26) size 300x150
  RenderVideo {VIDEO} at (0,0) size 300x150
layer at (8,26) size 300x150
  RenderFlexibleBox {DIV} at (0,0) size 300x150
    RenderBlock {DIV} at (0,110) size 300x40
layer at (13,141) size 290x30
  RenderFlexibleBox {DIV} at (5,5) size 290x30 [bgcolor=#141414CC]
    RenderButton {INPUT} at (9,0) size 30x30
    RenderSlider {INPUT} at (49,11) size 179x8 [color=#E6E6E659]
      RenderFlexibleBox {DIV} at (0,0) size 179x8 [border: (1px solid #E6E6E659)]
        RenderBlock {DIV} at (1,-2) size 191x12
          RenderBlock {DIV} at (-7,0) size 12x12 [color=#FFFFFF]
    RenderFlexibleBox {DIV} at (243,0) size 32x30 [color=#FFFFFF]
      RenderBlock (anonymous) at (0,0) size 32x30
        RenderText {#text} at (0,7) size 32x15
          text run at (0,7) width 32: "00:00"
