layer at (0,0) size 785x636
  RenderView at (0,0) size 785x600
layer at (0,0) size 785x636
  RenderBlock {HTML} at (0,0) size 785x636
    RenderBody {BODY} at (8,8) size 769x620
      RenderMenuList {SELECT} at (2,2) size 100x38 [color=#808080] [bgcolor=#FFFFFF]
        RenderBlock (anonymous) at (15,10) size 44x18
          RenderText at (0,0) size 44x17
            text run at (0,0) width 44: "PASS"
      RenderBR {BR} at (104,26) size 0x0
      RenderMenuList {SELECT} at (2,44) size 100x38 [color=#808080] [bgcolor=#FFFFFF]
        RenderBlock (anonymous) at (15,10) size 44x18
          RenderText at (0,0) size 44x17
            text run at (0,0) width 44: "PASS"
      RenderBR {BR} at (104,68) size 0x0
      RenderMenuList {SELECT} at (2,86) size 100x38 [bgcolor=#FFFFFF]
        RenderBlock (anonymous) at (15,10) size 44x18
          RenderText at (0,0) size 44x17
            text run at (0,0) width 44: "PASS"
      RenderBR {BR} at (104,110) size 0x0
      RenderMenuList {SELECT} at (2,128) size 100x38 [bgcolor=#FFFFFF]
        RenderBlock (anonymous) at (15,10) size 44x18
          RenderText at (0,0) size 44x17
            text run at (0,0) width 44: "PASS"
      RenderBR {BR} at (104,152) size 0x0
      RenderListBox {SELECT} at (2,170) size 65x73 [color=#808080] [bgcolor=#FFFFFF] [border: (1px inset #808080)]
      RenderBR {BR} at (69,238) size 0x0
      RenderListBox {SELECT} at (2,247) size 65x73 [color=#808080] [bgcolor=#FFFFFF] [border: (1px inset #808080)]
      RenderBR {BR} at (69,315) size 0x0
      RenderListBox {SELECT} at (2,324) size 65x73 [bgcolor=#FFFFFF] [border: (1px inset #808080)]
      RenderBR {BR} at (69,392) size 0x0
      RenderListBox {SELECT} at (2,401) size 65x73 [bgcolor=#FFFFFF] [border: (1px inset #808080)]
      RenderBR {BR} at (69,469) size 0x0
      RenderText {#text} at (0,476) size 486x17
        text run at (0,476) width 486: "PASS: sel1 correctly set to selectedIndex 1 by sel1.options[1].selected = true."
      RenderBR {BR} at (486,490) size 0x0
      RenderText {#text} at (0,494) size 438x17
        text run at (0,494) width 438: "PASS: sel2 correctly set to selectedIndex 1 by sel2.selectedIndex = 1."
      RenderBR {BR} at (438,508) size 0x0
      RenderText {#text} at (0,512) size 486x17
        text run at (0,512) width 486: "PASS: sel3 correctly set to selectedIndex 1 by sel3.options[1].selected = true."
      RenderBR {BR} at (486,526) size 0x0
      RenderText {#text} at (0,530) size 438x17
        text run at (0,530) width 438: "PASS: sel4 correctly set to selectedIndex 1 by sel4.selectedIndex = 1."
      RenderBR {BR} at (438,544) size 0x0
      RenderText {#text} at (0,548) size 486x17
        text run at (0,548) width 486: "PASS: sel5 correctly set to selectedIndex 1 by sel5.options[1].selected = true."
      RenderBR {BR} at (486,562) size 0x0
      RenderText {#text} at (0,566) size 438x17
        text run at (0,566) width 438: "PASS: sel6 correctly set to selectedIndex 1 by sel6.selectedIndex = 1."
      RenderBR {BR} at (438,580) size 0x0
      RenderText {#text} at (0,584) size 486x17
        text run at (0,584) width 486: "PASS: sel7 correctly set to selectedIndex 1 by sel7.options[1].selected = true."
      RenderBR {BR} at (486,598) size 0x0
      RenderText {#text} at (0,602) size 438x17
        text run at (0,602) width 438: "PASS: sel8 correctly set to selectedIndex 1 by sel8.selectedIndex = 1."
      RenderBR {BR} at (438,616) size 0x0
