layer at (0,0) size 800x600
  RenderView at (0,0) size 800x600
layer at (0,0) size 800x600
  RenderBlock {HTML} at (0,0) size 800x600
    RenderBody {BODY} at (8,8) size 784x576
      RenderBlock (anonymous) at (0,0) size 784x18
        RenderText {#text} at (0,0) size 762x17
          text run at (0,0) width 762: "This tests the height attribute of form elements. The only element that should honour this value is the Image type of input."
      RenderBlock {FORM} at (0,18) size 784x368
        RenderText {#text} at (0,8) size 36x17
          text run at (0,8) width 36: "input "
        RenderTextControl {INPUT} at (38,2) size 192x28 [bgcolor=#FFFFFF]
        RenderText {#text} at (232,8) size 4x17
          text run at (232,8) width 4: " "
        RenderBR {BR} at (236,22) size 0x0
        RenderText {#text} at (0,40) size 27x17
          text run at (0,40) width 27: "text "
        RenderTextControl {INPUT} at (29,34) size 192x28 [bgcolor=#FFFFFF]
        RenderText {#text} at (223,40) size 4x17
          text run at (223,40) width 4: " "
        RenderBR {BR} at (227,54) size 0x0
        RenderText {#text} at (0,64) size 65x17
          text run at (0,64) width 65: "checkbox "
        RenderBlock {INPUT} at (69,69) size 13x12
        RenderText {#text} at (86,64) size 4x17
          text run at (86,64) width 4: " "
        RenderBR {BR} at (90,78) size 0x0
        RenderText {#text} at (0,96) size 24x17
          text run at (0,96) width 24: "file "
        RenderFileUploadControl {INPUT} at (26,86) size 306x40 "No file selected"
          RenderButton {INPUT} at (0,0) size 121x40 [bgcolor=#C0C0C0] [border: (2px outset #C0C0C0)]
            RenderBlock (anonymous) at (17,10) size 87x18
              RenderText at (0,0) size 87x17
                text run at (0,0) width 87: "Choose File"
        RenderText {#text} at (334,96) size 4x17
          text run at (334,96) width 4: " "
        RenderBR {BR} at (338,110) size 0x0
        RenderText {#text} at (0,128) size 42x17
          text run at (0,128) width 42: "image "
        RenderImage {INPUT} at (42,141) size 10x1
        RenderText {#text} at (52,128) size 4x17
          text run at (52,128) width 4: " "
        RenderBR {BR} at (56,142) size 0x0
        RenderText {#text} at (0,146) size 36x17
          text run at (0,146) width 36: "radio "
        RenderBlock {INPUT} at (40,151) size 13x12
        RenderText {#text} at (57,146) size 4x17
          text run at (57,146) width 4: " "
        RenderBR {BR} at (61,160) size 0x0
        RenderText {#text} at (0,166) size 39x17
          text run at (0,166) width 39: "range "
        RenderSlider {INPUT} at (41,169) size 129x11 [color=#909090] [bgcolor=#FFFFFF]
          RenderFlexibleBox {DIV} at (0,0) size 129x11
            RenderBlock {DIV} at (0,0) size 129x11
              RenderBlock {DIV} at (50,0) size 29x11
        RenderText {#text} at (172,166) size 4x17
          text run at (172,166) width 4: " "
        RenderBR {BR} at (176,180) size 0x0
        RenderText {#text} at (0,196) size 33x17
          text run at (0,196) width 33: "reset "
        RenderButton {INPUT} at (35,186) size 76x40 [bgcolor=#C0C0C0] [border: (2px outset #C0C0C0)]
          RenderBlock (anonymous) at (17,10) size 42x18
            RenderText at (0,0) size 42x17
              text run at (0,0) width 42: "Reset"
        RenderText {#text} at (113,196) size 4x17
          text run at (113,196) width 4: " "
        RenderBR {BR} at (117,210) size 0x0
        RenderText {#text} at (0,240) size 46x17
          text run at (0,240) width 46: "submit "
        RenderButton {INPUT} at (48,230) size 84x40 [bgcolor=#C0C0C0] [border: (2px outset #C0C0C0)]
          RenderBlock (anonymous) at (17,10) size 50x18
            RenderText at (0,0) size 50x17
              text run at (0,0) width 50: "Submit"
        RenderText {#text} at (134,240) size 4x17
          text run at (134,240) width 4: " "
        RenderBR {BR} at (138,254) size 0x0
        RenderText {#text} at (0,280) size 49x17
          text run at (0,280) width 49: "isindex "
        RenderTextControl {INPUT} at (51,274) size 192x28 [bgcolor=#FFFFFF]
        RenderText {#text} at (245,280) size 4x17
          text run at (245,280) width 4: " "
        RenderBR {BR} at (249,294) size 0x0
        RenderText {#text} at (0,312) size 64x17
          text run at (0,312) width 64: "password "
        RenderTextControl {INPUT} at (66,306) size 192x28 [bgcolor=#FFFFFF]
        RenderText {#text} at (260,312) size 4x17
          text run at (260,312) width 4: " "
        RenderBR {BR} at (264,326) size 0x0
        RenderText {#text} at (0,344) size 44x17
          text run at (0,344) width 44: "search "
        RenderTextControl {INPUT} at (46,338) size 192x28 [bgcolor=#FFFFFF]
          RenderDeprecatedFlexibleBox {DIV} at (4,6) size 185x18
            RenderBlock {DIV} at (0,9) size 0x0
            RenderBlock {DIV} at (0,0) size 185x18
            RenderBlock {DIV} at (185,9) size 0x0
        RenderText {#text} at (0,0) size 0x0
layer at (50,34) size 185x18
  RenderBlock {DIV} at (4,6) size 185x18
layer at (41,66) size 185x18
  RenderBlock {DIV} at (4,6) size 185x18
layer at (63,306) size 185x18
  RenderBlock {DIV} at (4,6) size 185x18
layer at (78,338) size 185x18
  RenderBlock {DIV} at (4,6) size 185x18
layer at (58,370) size 185x18
  RenderBlock {DIV} at (0,0) size 185x18
