layer at (0,0) size 800x600
  RenderView at (0,0) size 800x600
layer at (0,0) size 800x600
  RenderBlock {HTML} at (0,0) size 800x600
    RenderBody {BODY} at (8,8) size 784x584
      RenderText {#text} at (0,0) size 344x17
        text run at (0,0) width 344: "This tests that the new text fields use the correct width."
      RenderBR {BR} at (344,14) size 0x0
      RenderTextControl {INPUT} at (2,20) size 192x28 [bgcolor=#FFFFFF]
      RenderBR {BR} at (196,40) size 0x0
      RenderTextControl {INPUT} at (0,52) size 200x28 [bgcolor=#FFFFFF]
      RenderBR {BR} at (200,72) size 0x0
      RenderTextControl {INPUT} at (2,84) size 462x28 [bgcolor=#FFFFFF]
      RenderBR {BR} at (466,104) size 0x0
      RenderTextControl {INPUT} at (0,116) size 200x28 [bgcolor=#FFFFFF]
      RenderBR {BR} at (200,136) size 0x0
      RenderTextControl {INPUT} at (2,148) size 102x28 [bgcolor=#FFFFFF]
      RenderBR {BR} at (106,168) size 0x0
layer at (14,34) size 185x18
  RenderBlock {DIV} at (4,6) size 185x18
layer at (12,66) size 193x18
  RenderBlock {DIV} at (4,6) size 193x18
    RenderText {#text} at (0,0) size 132x17
      text run at (0,0) width 132: "styled width 200px"
layer at (14,98) size 455x18
  RenderBlock {DIV} at (4,6) size 455x18
    RenderText {#text} at (0,0) size 51x17
      text run at (0,0) width 51: "size 50"
layer at (12,130) size 193x18 scrollWidth 208
  RenderBlock {DIV} at (4,6) size 193x18
    RenderText {#text} at (0,0) size 207x17
      text run at (0,0) width 207: "styled width 200px & size=10"
layer at (14,162) size 95x18
  RenderBlock {DIV} at (4,6) size 95x18
    RenderText {#text} at (0,0) size 51x17
      text run at (0,0) width 51: "size 10"
