layer at (0,0) size 800x600
  RenderView at (0,0) size 800x600
layer at (0,0) size 800x600
  RenderBlock {HTML} at (0,0) size 800x600
    RenderBody {BODY} at (8,8) size 784x576
      RenderBlock (anonymous) at (0,0) size 784x32
        RenderTextControl {INPUT} at (2,2) size 192x28 [bgcolor=#FFFFFF]
        RenderText {#text} at (0,0) size 0x0
      RenderBlock {P} at (0,48) size 784x18
        RenderText {#text} at (0,0) size 567x17
          text run at (0,0) width 567: "Tests double-clicking on a word. If the test succeeds, the word \"word\" should be selected."
layer at (14,16) size 185x18
  RenderBlock {DIV} at (4,6) size 185x18
    RenderText {#text} at (0,0) size 93x17
      text run at (0,0) width 93: "word another"
selection start: position 0 of child 0 {#text} of child 0 {DIV} of {#document-fragment} of child 0 {INPUT} of body
selection end:   position 4 of child 0 {#text} of child 0 {DIV} of {#document-fragment} of child 0 {INPUT} of body
