layer at (0,0) size 800x1441
  RenderView at (0,0) size 800x600
layer at (0,0) size 800x1441
  RenderBlock {HTML} at (0,0) size 800x1441
    RenderBody {BODY} at (8,8) size 784x1425
      RenderBlock {H1} at (0,0) size 784x37
        RenderText {#text} at (0,0) size 399x36
          text run at (0,0) width 399: "Example 6: Table Stress Test"
      RenderBlock {PRE} at (0,58) size 784x16 [color=#FF0000]
        RenderText {#text} at (0,0) size 272x16
          text run at (0,0) width 272: "Resize document for maximum effect"
      RenderBlock (anonymous) at (0,87) size 784x20
        RenderBR {BR} at (0,0) size 0x19
      RenderBlock {H2} at (0,126) size 784x27
        RenderText {#text} at (0,0) size 504x26
          text run at (0,0) width 504: "Auto-width tables with spans nested 8 levels deep"
      RenderTable {TABLE} at (0,172) size 784x394 [bgcolor=#FF0000] [border: (1px outset #808080)]
        RenderTableSection {TBODY} at (1,1) size 782x392
          RenderTableRow {TR} at (0,2) size 782x24
            RenderTableCell {TD} at (2,2) size 31x24 [border: (1px inset #808080)] [r=0 c=0 rs=1 cs=1]
              RenderText {#text} at (2,2) size 27x19
                text run at (2,2) width 27: "Cell"
            RenderTableCell {TD} at (35,2) size 745x362 [border: (1px inset #808080)] [r=0 c=1 rs=2 cs=2]
              RenderTable {TABLE} at (2,2) size 741x358 [bgcolor=#ADD8E6] [border: (1px outset #808080)]
                RenderTableSection {TBODY} at (1,1) size 739x356
                  RenderTableRow {TR} at (0,2) size 739x24
                    RenderTableCell {TD} at (2,2) size 31x24 [border: (1px inset #808080)] [r=0 c=0 rs=1 cs=1]
                      RenderText {#text} at (2,2) size 27x19
                        text run at (2,2) width 27: "Cell"
                    RenderTableCell {TD} at (35,2) size 702x326 [border: (1px inset #808080)] [r=0 c=1 rs=2 cs=2]
                      RenderTable {TABLE} at (2,2) size 698x322 [bgcolor=#90EE90] [border: (1px outset #808080)]
                        RenderTableSection {TBODY} at (1,1) size 696x320
                          RenderTableRow {TR} at (0,2) size 696x24
                            RenderTableCell {TD} at (2,2) size 31x24 [border: (1px inset #808080)] [r=0 c=0 rs=1 cs=1]
                              RenderText {#text} at (2,2) size 27x19
                                text run at (2,2) width 27: "Cell"
                            RenderTableCell {TD} at (35,2) size 659x290 [border: (1px inset #808080)] [r=0 c=1 rs=2 cs=2]
                              RenderTable {TABLE} at (2,2) size 655x286 [border: (1px outset #808080)]
                                RenderTableSection {TBODY} at (1,1) size 653x284
                                  RenderTableRow {TR} at (0,2) size 653x24
                                    RenderTableCell {TD} at (2,2) size 31x24 [border: (1px inset #808080)] [r=0 c=0 rs=1 cs=1]
                                      RenderText {#text} at (2,2) size 27x19
                                        text run at (2,2) width 27: "Cell"
                                    RenderTableCell {TD} at (35,2) size 616x254 [border: (1px inset #808080)] [r=0 c=1 rs=2 cs=2]
                                      RenderTable {TABLE} at (2,2) size 612x250 [bgcolor=#FFA500] [border: (1px outset #808080)]
                                        RenderTableSection {TBODY} at (1,1) size 610x248
                                          RenderTableRow {TR} at (0,2) size 610x24
                                            RenderTableCell {TD} at (2,2) size 31x24 [border: (1px inset #808080)] [r=0 c=0 rs=1 cs=1]
                                              RenderText {#text} at (2,2) size 27x19
                                                text run at (2,2) width 27: "Cell"
                                            RenderTableCell {TD} at (35,2) size 573x218 [border: (1px inset #808080)] [r=0 c=1 rs=2 cs=2]
                                              RenderTable {TABLE} at (2,2) size 569x214 [bgcolor=#FF0000] [border: (1px outset #808080)]
                                                RenderTableSection {TBODY} at (1,1) size 567x212
                                                  RenderTableRow {TR} at (0,2) size 567x24
                                                    RenderTableCell {TD} at (2,2) size 31x24 [border: (1px inset #808080)] [r=0 c=0 rs=1 cs=1]
                                                      RenderText {#text} at (2,2) size 27x19
                                                        text run at (2,2) width 27: "Cell"
                                                    RenderTableCell {TD} at (35,2) size 530x162 [border: (1px inset #808080)] [r=0 c=1 rs=2 cs=2]
                                                      RenderTable {TABLE} at (2,2) size 526x158 [bgcolor=#ADD8E6] [border: (1px outset #808080)]
                                                        RenderTableSection {TBODY} at (1,1) size 524x156
                                                          RenderTableRow {TR} at (0,2) size 524x24
                                                            RenderTableCell {TD} at (2,2) size 31x24 [border: (1px inset #808080)] [r=0 c=0 rs=1 cs=1]
                                                              RenderText {#text} at (2,2) size 27x19
                                                                text run at (2,2) width 27: "Cell"
                                                            RenderTableCell {TD} at (35,2) size 487x106 [border: (1px inset #808080)] [r=0 c=1 rs=2 cs=2]
                                                              RenderTable {TABLE} at (2,2) size 483x102 [bgcolor=#90EE90] [border: (1px outset #808080)]
                                                                RenderTableSection {TBODY} at (1,1) size 481x100
                                                                  RenderTableRow {TR} at (0,2) size 481x24
                                                                    RenderTableCell {TD} at (2,2) size 31x24 [border: (1px inset #808080)] [r=0 c=0 rs=1 cs=1]
                                                                      RenderText {#text} at (2,2) size 27x19
                                                                        text run at (2,2) width 27: "Cell"
                                                                    RenderTableCell {TD} at (35,5) size 444x44 [border: (1px inset #808080)] [r=0 c=1 rs=2 cs=2]
                                                                      RenderText {#text} at (2,2) size 400x39
                                                                        text run at (2,2) width 400: "Cell, and stuff to test out table cell layout. This should be long"
                                                                        text run at (2,22) width 121: "enough for testing."
                                                                  RenderTableRow {TR} at (0,28) size 481x24
                                                                    RenderTableCell {TD} at (2,28) size 31x24 [border: (1px inset #808080)] [r=1 c=0 rs=1 cs=1]
                                                                      RenderText {#text} at (2,2) size 27x19
                                                                        text run at (2,2) width 27: "Cell"
                                                                  RenderTableRow {TR} at (0,54) size 481x44
                                                                    RenderTableCell {TD} at (2,64) size 31x24 [border: (1px inset #808080)] [r=2 c=0 rs=1 cs=1]
                                                                      RenderText {#text} at (2,2) size 27x19
                                                                        text run at (2,2) width 27: "Cell"
                                                                    RenderTableCell {TD} at (35,54) size 411x44 [border: (1px inset #808080)] [r=2 c=1 rs=1 cs=1]
                                                                      RenderText {#text} at (2,2) size 400x39
                                                                        text run at (2,2) width 400: "Cell, and stuff to test out table cell layout. This should be long"
                                                                        text run at (2,22) width 121: "enough for testing."
                                                                    RenderTableCell {TD} at (448,64) size 31x24 [border: (1px inset #808080)] [r=2 c=2 rs=1 cs=1]
                                                                      RenderText {#text} at (2,2) size 27x19
                                                                        text run at (2,2) width 27: "Cell"
                                                          RenderTableRow {TR} at (0,28) size 524x80
                                                            RenderTableCell {TD} at (2,56) size 31x24 [border: (1px inset #808080)] [r=1 c=0 rs=1 cs=1]
                                                              RenderText {#text} at (2,2) size 27x19
                                                                text run at (2,2) width 27: "Cell"
                                                          RenderTableRow {TR} at (0,110) size 524x44
                                                            RenderTableCell {TD} at (2,120) size 31x24 [border: (1px inset #808080)] [r=2 c=0 rs=1 cs=1]
                                                              RenderText {#text} at (2,2) size 27x19
                                                                text run at (2,2) width 27: "Cell"
                                                            RenderTableCell {TD} at (35,110) size 454x44 [border: (1px inset #808080)] [r=2 c=1 rs=1 cs=1]
                                                              RenderText {#text} at (2,2) size 400x39
                                                                text run at (2,2) width 400: "Cell, and stuff to test out table cell layout. This should be long"
                                                                text run at (2,22) width 121: "enough for testing."
                                                            RenderTableCell {TD} at (491,120) size 31x24 [border: (1px inset #808080)] [r=2 c=2 rs=1 cs=1]
                                                              RenderText {#text} at (2,2) size 27x19
                                                                text run at (2,2) width 27: "Cell"
                                                  RenderTableRow {TR} at (0,28) size 567x136
                                                    RenderTableCell {TD} at (2,84) size 31x24 [border: (1px inset #808080)] [r=1 c=0 rs=1 cs=1]
                                                      RenderText {#text} at (2,2) size 27x19
                                                        text run at (2,2) width 27: "Cell"
                                                  RenderTableRow {TR} at (0,166) size 567x44
                                                    RenderTableCell {TD} at (2,176) size 31x24 [border: (1px inset #808080)] [r=2 c=0 rs=1 cs=1]
                                                      RenderText {#text} at (2,2) size 27x19
                                                        text run at (2,2) width 27: "Cell"
                                                    RenderTableCell {TD} at (35,166) size 497x44 [border: (1px inset #808080)] [r=2 c=1 rs=1 cs=1]
                                                      RenderText {#text} at (2,2) size 474x39
                                                        text run at (2,2) width 404: "Cell, and stuff to test out table cell layout. This should be long "
                                                        text run at (405,2) width 71: "enough for"
                                                        text run at (2,22) width 47: "testing."
                                                    RenderTableCell {TD} at (534,176) size 31x24 [border: (1px inset #808080)] [r=2 c=2 rs=1 cs=1]
                                                      RenderText {#text} at (2,2) size 27x19
                                                        text run at (2,2) width 27: "Cell"
                                          RenderTableRow {TR} at (0,28) size 610x192
                                            RenderTableCell {TD} at (2,112) size 31x24 [border: (1px inset #808080)] [r=1 c=0 rs=1 cs=1]
                                              RenderText {#text} at (2,2) size 27x19
                                                text run at (2,2) width 27: "Cell"
                                          RenderTableRow {TR} at (0,222) size 610x24
                                            RenderTableCell {TD} at (2,222) size 31x24 [border: (1px inset #808080)] [r=2 c=0 rs=1 cs=1]
                                              RenderText {#text} at (2,2) size 27x19
                                                text run at (2,2) width 27: "Cell"
                                            RenderTableCell {TD} at (35,222) size 538x24 [border: (1px inset #808080)] [r=2 c=1 rs=1 cs=1]
                                              RenderText {#text} at (2,2) size 524x19
                                                text run at (2,2) width 404: "Cell, and stuff to test out table cell layout. This should be long "
                                                text run at (405,2) width 121: "enough for testing."
                                            RenderTableCell {TD} at (575,222) size 33x24 [border: (1px inset #808080)] [r=2 c=2 rs=1 cs=1]
                                              RenderText {#text} at (2,2) size 27x19
                                                text run at (2,2) width 27: "Cell"
                                  RenderTableRow {TR} at (0,28) size 653x228
                                    RenderTableCell {TD} at (2,130) size 31x24 [border: (1px inset #808080)] [r=1 c=0 rs=1 cs=1]
                                      RenderText {#text} at (2,2) size 27x19
                                        text run at (2,2) width 27: "Cell"
                                  RenderTableRow {TR} at (0,258) size 653x24
                                    RenderTableCell {TD} at (2,258) size 31x24 [border: (1px inset #808080)] [r=2 c=0 rs=1 cs=1]
                                      RenderText {#text} at (2,2) size 27x19
                                        text run at (2,2) width 27: "Cell"
                                    RenderTableCell {TD} at (35,258) size 579x24 [border: (1px inset #808080)] [r=2 c=1 rs=1 cs=1]
                                      RenderText {#text} at (2,2) size 524x19
                                        text run at (2,2) width 404: "Cell, and stuff to test out table cell layout. This should be long "
                                        text run at (405,2) width 121: "enough for testing."
                                    RenderTableCell {TD} at (616,258) size 35x24 [border: (1px inset #808080)] [r=2 c=2 rs=1 cs=1]
                                      RenderText {#text} at (2,2) size 27x19
                                        text run at (2,2) width 27: "Cell"
                          RenderTableRow {TR} at (0,28) size 696x264
                            RenderTableCell {TD} at (2,148) size 31x24 [border: (1px inset #808080)] [r=1 c=0 rs=1 cs=1]
                              RenderText {#text} at (2,2) size 27x19
                                text run at (2,2) width 27: "Cell"
                          RenderTableRow {TR} at (0,294) size 696x24
                            RenderTableCell {TD} at (2,294) size 31x24 [border: (1px inset #808080)] [r=2 c=0 rs=1 cs=1]
                              RenderText {#text} at (2,2) size 27x19
                                text run at (2,2) width 27: "Cell"
                            RenderTableCell {TD} at (35,294) size 620x24 [border: (1px inset #808080)] [r=2 c=1 rs=1 cs=1]
                              RenderText {#text} at (2,2) size 524x19
                                text run at (2,2) width 404: "Cell, and stuff to test out table cell layout. This should be long "
                                text run at (405,2) width 121: "enough for testing."
                            RenderTableCell {TD} at (657,294) size 37x24 [border: (1px inset #808080)] [r=2 c=2 rs=1 cs=1]
                              RenderText {#text} at (2,2) size 27x19
                                text run at (2,2) width 27: "Cell"
                  RenderTableRow {TR} at (0,28) size 739x300
                    RenderTableCell {TD} at (2,166) size 31x24 [border: (1px inset #808080)] [r=1 c=0 rs=1 cs=1]
                      RenderText {#text} at (2,2) size 27x19
                        text run at (2,2) width 27: "Cell"
                  RenderTableRow {TR} at (0,330) size 739x24
                    RenderTableCell {TD} at (2,330) size 31x24 [border: (1px inset #808080)] [r=2 c=0 rs=1 cs=1]
                      RenderText {#text} at (2,2) size 27x19
                        text run at (2,2) width 27: "Cell"
                    RenderTableCell {TD} at (35,330) size 660x24 [border: (1px inset #808080)] [r=2 c=1 rs=1 cs=1]
                      RenderText {#text} at (2,2) size 524x19
                        text run at (2,2) width 404: "Cell, and stuff to test out table cell layout. This should be long "
                        text run at (405,2) width 121: "enough for testing."
                    RenderTableCell {TD} at (697,330) size 40x24 [border: (1px inset #808080)] [r=2 c=2 rs=1 cs=1]
                      RenderText {#text} at (2,2) size 27x19
                        text run at (2,2) width 27: "Cell"
          RenderTableRow {TR} at (0,28) size 782x336
            RenderTableCell {TD} at (2,184) size 31x24 [border: (1px inset #808080)] [r=1 c=0 rs=1 cs=1]
              RenderText {#text} at (2,2) size 27x19
                text run at (2,2) width 27: "Cell"
          RenderTableRow {TR} at (0,366) size 782x24
            RenderTableCell {TD} at (2,366) size 31x24 [border: (1px inset #808080)] [r=2 c=0 rs=1 cs=1]
              RenderText {#text} at (2,2) size 27x19
                text run at (2,2) width 27: "Cell"
            RenderTableCell {TD} at (35,366) size 701x24 [border: (1px inset #808080)] [r=2 c=1 rs=1 cs=1]
              RenderText {#text} at (2,2) size 524x19
                text run at (2,2) width 404: "Cell, and stuff to test out table cell layout. This should be long "
                text run at (405,2) width 121: "enough for testing."
            RenderTableCell {TD} at (738,366) size 42x24 [border: (1px inset #808080)] [r=2 c=2 rs=1 cs=1]
              RenderText {#text} at (2,2) size 27x19
                text run at (2,2) width 27: "Cell"
      RenderBlock (anonymous) at (0,566) size 784x20
        RenderBR {BR} at (0,0) size 0x19
      RenderBlock {H2} at (0,605) size 784x27
        RenderText {#text} at (0,0) size 397x26
          text run at (0,0) width 397: "100% width tables nested 6 levels deep"
      RenderTable {TABLE} at (0,651) size 784x774 [bgcolor=#FFFF00] [border: (1px outset #808080)]
        RenderTableSection {TBODY} at (1,1) size 782x772
          RenderTableRow {TR} at (0,2) size 782x24
            RenderTableCell {TD} at (2,2) size 620x24 [border: (1px inset #808080)] [r=0 c=0 rs=1 cs=1]
              RenderText {#text} at (2,2) size 54x19
                text run at (2,2) width 54: "Cell one"
            RenderTableCell {TD} at (624,2) size 77x24 [border: (1px inset #808080)] [r=0 c=1 rs=1 cs=1]
              RenderText {#text} at (2,2) size 35x19
                text run at (2,2) width 35: "Cell2"
            RenderTableCell {TD} at (703,2) size 77x24 [border: (1px inset #808080)] [r=0 c=2 rs=1 cs=1]
              RenderText {#text} at (2,2) size 39x19
                text run at (2,2) width 39: "Cell 3"
          RenderTableRow {TR} at (0,28) size 782x24
            RenderTableCell {TD} at (2,28) size 620x24 [border: (1px inset #808080)] [r=1 c=0 rs=1 cs=1]
              RenderText {#text} at (2,2) size 39x19
                text run at (2,2) width 39: "Cell 4"
            RenderTableCell {TD} at (624,28) size 77x24 [border: (1px inset #808080)] [r=1 c=1 rs=1 cs=1]
              RenderText {#text} at (2,2) size 39x19
                text run at (2,2) width 39: "Cell 5"
            RenderTableCell {TD} at (703,28) size 77x24 [border: (1px inset #808080)] [r=1 c=2 rs=1 cs=1]
              RenderText {#text} at (2,2) size 39x19
                text run at (2,2) width 39: "Cell 6"
          RenderTableRow {TR} at (0,54) size 782x716
            RenderTableCell {TD} at (2,54) size 620x716 [border: (1px inset #808080)] [r=2 c=0 rs=1 cs=1]
              RenderTable {TABLE} at (2,2) size 616x692 [bgcolor=#D3D3D3]
                RenderTableSection {TBODY} at (0,0) size 616x692
                  RenderTableRow {TR} at (0,2) size 616x22
                    RenderTableCell {TD} at (2,2) size 18x22 [r=0 c=0 rs=1 cs=1]
                      RenderText {#text} at (1,1) size 8x19
                        text run at (1,1) width 8: "1"
                    RenderTableCell {TD} at (22,2) size 571x22 [r=0 c=1 rs=1 cs=1]
                      RenderText {#text} at (1,1) size 8x19
                        text run at (1,1) width 8: "2"
                    RenderTableCell {TD} at (595,2) size 19x22 [r=0 c=2 rs=1 cs=1]
                      RenderText {#text} at (1,1) size 8x19
                        text run at (1,1) width 8: "3"
                  RenderTableRow {TR} at (0,26) size 616x640
                    RenderTableCell {TD} at (2,335) size 18x22 [r=1 c=0 rs=1 cs=1]
                      RenderText {#text} at (1,1) size 8x19
                        text run at (1,1) width 8: "4"
                    RenderTableCell {TD} at (22,26) size 571x640 [r=1 c=1 rs=1 cs=1]
                      RenderTable {TABLE} at (1,1) size 569x618 [bgcolor=#ADD8E6] [border: (1px outset #808080)]
                        RenderTableSection {TBODY} at (1,1) size 567x616
                          RenderTableRow {TR} at (0,2) size 567x560
                            RenderTableCell {TD} at (2,270) size 21x24 [border: (1px inset #808080)] [r=0 c=0 rs=1 cs=1]
                              RenderText {#text} at (2,2) size 8x19
                                text run at (2,2) width 8: "1"
                            RenderTableCell {TD} at (25,2) size 515x560 [border: (1px inset #808080)] [r=0 c=1 rs=1 cs=1]
                              RenderTable {TABLE} at (2,2) size 511x536 [bgcolor=#FF0000] [border: (1px outset #808080)]
                                RenderTableSection {TBODY} at (1,1) size 509x534
                                  RenderTableRow {TR} at (0,2) size 509x24
                                    RenderTableCell {TD} at (2,2) size 22x24 [border: (1px inset #808080)] [r=0 c=0 rs=1 cs=1]
                                      RenderText {#text} at (2,2) size 8x19
                                        text run at (2,2) width 8: "1"
                                    RenderTableCell {TD} at (26,2) size 22x24 [border: (1px inset #808080)] [r=0 c=1 rs=1 cs=1]
                                      RenderText {#text} at (2,2) size 8x19
                                        text run at (2,2) width 8: "2"
                                    RenderTableCell {TD} at (50,2) size 407x24 [border: (1px inset #808080)] [r=0 c=2 rs=1 cs=1]
                                      RenderText {#text} at (2,2) size 8x19
                                        text run at (2,2) width 8: "3"
                                    RenderTableCell {TD} at (459,2) size 23x24 [border: (1px inset #808080)] [r=0 c=3 rs=1 cs=1]
                                      RenderText {#text} at (2,2) size 8x19
                                        text run at (2,2) width 8: "4"
                                    RenderTableCell {TD} at (484,2) size 23x24 [border: (1px inset #808080)] [r=0 c=4 rs=1 cs=1]
                                      RenderText {#text} at (2,2) size 8x19
                                        text run at (2,2) width 8: "5"
                                  RenderTableRow {TR} at (0,28) size 509x426
                                    RenderTableCell {TD} at (2,229) size 22x24 [border: (1px inset #808080)] [r=1 c=0 rs=1 cs=1]
                                      RenderText {#text} at (2,2) size 8x19
                                        text run at (2,2) width 8: "6"
                                    RenderTableCell {TD} at (26,229) size 22x24 [border: (1px inset #808080)] [r=1 c=1 rs=1 cs=1]
                                      RenderText {#text} at (2,2) size 8x19
                                        text run at (2,2) width 8: "7"
                                    RenderTableCell {TD} at (50,28) size 407x426 [border: (1px inset #808080)] [r=1 c=2 rs=1 cs=1]
                                      RenderTable {TABLE} at (2,2) size 403x402 [bgcolor=#008000] [border: (1px outset #808080)]
                                        RenderTableSection {TBODY} at (1,1) size 401x400
                                          RenderTableRow {TR} at (0,2) size 401x24
                                            RenderTableCell {TD} at (2,2) size 23x24 [border: (1px inset #808080)] [r=0 c=0 rs=1 cs=1]
                                              RenderText {#text} at (2,2) size 8x19
                                                text run at (2,2) width 8: "a"
                                            RenderTableCell {TD} at (27,2) size 23x24 [border: (1px inset #808080)] [r=0 c=1 rs=1 cs=1]
                                              RenderText {#text} at (2,2) size 8x19
                                                text run at (2,2) width 8: "b"
                                            RenderTableCell {TD} at (52,2) size 295x24 [border: (1px inset #808080)] [r=0 c=2 rs=1 cs=1]
                                              RenderText {#text} at (2,2) size 8x19
                                                text run at (2,2) width 8: "c"
                                            RenderTableCell {TD} at (349,2) size 24x24 [border: (1px inset #808080)] [r=0 c=3 rs=1 cs=1]
                                              RenderText {#text} at (2,2) size 8x19
                                                text run at (2,2) width 8: "d"
                                            RenderTableCell {TD} at (375,2) size 24x24 [border: (1px inset #808080)] [r=0 c=4 rs=1 cs=1]
                                              RenderText {#text} at (2,2) size 8x19
                                                text run at (2,2) width 8: "e"
                                          RenderTableRow {TR} at (0,28) size 401x24
                                            RenderTableCell {TD} at (2,28) size 23x24 [border: (1px inset #808080)] [r=1 c=0 rs=1 cs=1]
                                              RenderText {#text} at (2,2) size 6x19
                                                text run at (2,2) width 6: "f"
                                            RenderTableCell {TD} at (27,28) size 23x24 [border: (1px inset #808080)] [r=1 c=1 rs=1 cs=1]
                                              RenderText {#text} at (2,2) size 8x19
                                                text run at (2,2) width 8: "g"
                                            RenderTableCell {TD} at (52,28) size 295x24 [border: (1px inset #808080)] [r=1 c=2 rs=1 cs=1]
                                              RenderText {#text} at (2,2) size 8x19
                                                text run at (2,2) width 8: "h"
                                            RenderTableCell {TD} at (349,28) size 24x24 [border: (1px inset #808080)] [r=1 c=3 rs=1 cs=1]
                                              RenderText {#text} at (2,2) size 5x19
                                                text run at (2,2) width 5: "i"
                                            RenderTableCell {TD} at (375,28) size 24x24 [border: (1px inset #808080)] [r=1 c=4 rs=1 cs=1]
                                              RenderText {#text} at (2,2) size 5x19
                                                text run at (2,2) width 5: "j"
                                          RenderTableRow {TR} at (0,54) size 401x292
                                            RenderTableCell {TD} at (2,188) size 23x24 [border: (1px inset #808080)] [r=2 c=0 rs=1 cs=1]
                                              RenderText {#text} at (2,2) size 8x19
                                                text run at (2,2) width 8: "k"
                                            RenderTableCell {TD} at (27,188) size 23x24 [border: (1px inset #808080)] [r=2 c=1 rs=1 cs=1]
                                              RenderText {#text} at (2,2) size 5x19
                                                text run at (2,2) width 5: "l"
                                            RenderTableCell {TD} at (52,54) size 295x292 [border: (1px inset #808080)] [r=2 c=2 rs=1 cs=1]
                                              RenderTable {TABLE} at (2,2) size 291x268 [bgcolor=#800080] [border: (1px outset #808080)]
                                                RenderTableSection {TBODY} at (1,1) size 289x266
                                                  RenderTableRow {TR} at (0,2) size 289x24
                                                    RenderTableCell {TD} at (2,2) size 25x24 [border: (1px inset #808080)] [r=0 c=0 rs=1 cs=1]
                                                      RenderText {#text} at (2,2) size 8x19
                                                        text run at (2,2) width 8: "a"
                                                    RenderTableCell {TD} at (29,2) size 25x24 [border: (1px inset #808080)] [r=0 c=1 rs=1 cs=1]
                                                      RenderText {#text} at (2,2) size 8x19
                                                        text run at (2,2) width 8: "b"
                                                    RenderTableCell {TD} at (56,2) size 176x24 [border: (1px inset #808080)] [r=0 c=2 rs=1 cs=1]
                                                      RenderText {#text} at (2,2) size 8x19
                                                        text run at (2,2) width 8: "c"
                                                    RenderTableCell {TD} at (234,2) size 25x24 [border: (1px inset #808080)] [r=0 c=3 rs=1 cs=1]
                                                      RenderText {#text} at (2,2) size 8x19
                                                        text run at (2,2) width 8: "d"
                                                    RenderTableCell {TD} at (261,2) size 26x24 [border: (1px inset #808080)] [r=0 c=4 rs=1 cs=1]
                                                      RenderText {#text} at (2,2) size 8x19
                                                        text run at (2,2) width 8: "e"
                                                  RenderTableRow {TR} at (0,28) size 289x24
                                                    RenderTableCell {TD} at (2,28) size 25x24 [border: (1px inset #808080)] [r=1 c=0 rs=1 cs=1]
                                                      RenderText {#text} at (2,2) size 6x19
                                                        text run at (2,2) width 6: "f"
                                                    RenderTableCell {TD} at (29,28) size 25x24 [border: (1px inset #808080)] [r=1 c=1 rs=1 cs=1]
                                                      RenderText {#text} at (2,2) size 8x19
                                                        text run at (2,2) width 8: "g"
                                                    RenderTableCell {TD} at (56,28) size 176x24 [border: (1px inset #808080)] [r=1 c=2 rs=1 cs=1]
                                                      RenderText {#text} at (2,2) size 8x19
                                                        text run at (2,2) width 8: "h"
                                                    RenderTableCell {TD} at (234,28) size 25x24 [border: (1px inset #808080)] [r=1 c=3 rs=1 cs=1]
                                                      RenderText {#text} at (2,2) size 5x19
                                                        text run at (2,2) width 5: "i"
                                                    RenderTableCell {TD} at (261,28) size 26x24 [border: (1px inset #808080)] [r=1 c=4 rs=1 cs=1]
                                                      RenderText {#text} at (2,2) size 5x19
                                                        text run at (2,2) width 5: "j"
                                                  RenderTableRow {TR} at (0,54) size 289x158
                                                    RenderTableCell {TD} at (2,121) size 25x24 [border: (1px inset #808080)] [r=2 c=0 rs=1 cs=1]
                                                      RenderText {#text} at (2,2) size 8x19
                                                        text run at (2,2) width 8: "k"
                                                    RenderTableCell {TD} at (29,121) size 25x24 [border: (1px inset #808080)] [r=2 c=1 rs=1 cs=1]
                                                      RenderText {#text} at (2,2) size 5x19
                                                        text run at (2,2) width 5: "l"
                                                    RenderTableCell {TD} at (56,54) size 176x158 [border: (1px inset #808080)] [r=2 c=2 rs=1 cs=1]
                                                      RenderTable {TABLE} at (2,2) size 172x134 [bgcolor=#FFA500] [border: (1px outset #808080)]
                                                        RenderTableSection {TBODY} at (1,1) size 170x132
                                                          RenderTableRow {TR} at (0,2) size 170x24
                                                            RenderTableCell {TD} at (2,2) size 29x24 [border: (1px inset #808080)] [r=0 c=0 rs=1 cs=1]
                                                              RenderText {#text} at (2,2) size 8x19
                                                                text run at (2,2) width 8: "a"
                                                            RenderTableCell {TD} at (33,2) size 29x24 [border: (1px inset #808080)] [r=0 c=1 rs=1 cs=1]
                                                              RenderText {#text} at (2,2) size 8x19
                                                                text run at (2,2) width 8: "b"
                                                            RenderTableCell {TD} at (64,2) size 41x24 [border: (1px inset #808080)] [r=0 c=2 rs=1 cs=1]
                                                              RenderText {#text} at (2,2) size 8x19
                                                                text run at (2,2) width 8: "c"
                                                            RenderTableCell {TD} at (107,2) size 29x24 [border: (1px inset #808080)] [r=0 c=3 rs=1 cs=1]
                                                              RenderText {#text} at (2,2) size 8x19
                                                                text run at (2,2) width 8: "d"
                                                            RenderTableCell {TD} at (138,2) size 30x24 [border: (1px inset #808080)] [r=0 c=4 rs=1 cs=1]
                                                              RenderText {#text} at (2,2) size 8x19
                                                                text run at (2,2) width 8: "e"
                                                          RenderTableRow {TR} at (0,28) size 170x24
                                                            RenderTableCell {TD} at (2,28) size 29x24 [border: (1px inset #808080)] [r=1 c=0 rs=1 cs=1]
                                                              RenderText {#text} at (2,2) size 6x19
                                                                text run at (2,2) width 6: "f"
                                                            RenderTableCell {TD} at (33,28) size 29x24 [border: (1px inset #808080)] [r=1 c=1 rs=1 cs=1]
                                                              RenderText {#text} at (2,2) size 8x19
                                                                text run at (2,2) width 8: "g"
                                                            RenderTableCell {TD} at (64,28) size 41x24 [border: (1px inset #808080)] [r=1 c=2 rs=1 cs=1]
                                                              RenderText {#text} at (2,2) size 8x19
                                                                text run at (2,2) width 8: "h"
                                                            RenderTableCell {TD} at (107,28) size 29x24 [border: (1px inset #808080)] [r=1 c=3 rs=1 cs=1]
                                                              RenderText {#text} at (2,2) size 5x19
                                                                text run at (2,2) width 5: "i"
                                                            RenderTableCell {TD} at (138,28) size 30x24 [border: (1px inset #808080)] [r=1 c=4 rs=1 cs=1]
                                                              RenderText {#text} at (2,2) size 5x19
                                                                text run at (2,2) width 5: "j"
                                                          RenderTableRow {TR} at (0,54) size 170x24
                                                            RenderTableCell {TD} at (2,54) size 29x24 [border: (1px inset #808080)] [r=2 c=0 rs=1 cs=1]
                                                              RenderText {#text} at (2,2) size 8x19
                                                                text run at (2,2) width 8: "k"
                                                            RenderTableCell {TD} at (33,54) size 29x24 [border: (1px inset #808080)] [r=2 c=1 rs=1 cs=1]
                                                              RenderText {#text} at (2,2) size 5x19
                                                                text run at (2,2) width 5: "l"
                                                            RenderTableCell {TD} at (64,54) size 41x24 [border: (1px inset #808080)] [r=2 c=2 rs=1 cs=1]
                                                              RenderText {#text} at (2,2) size 13x19
                                                                text run at (2,2) width 13: "m"
                                                            RenderTableCell {TD} at (107,54) size 29x24 [border: (1px inset #808080)] [r=2 c=3 rs=1 cs=1]
                                                              RenderText {#text} at (2,2) size 8x19
                                                                text run at (2,2) width 8: "n"
                                                            RenderTableCell {TD} at (138,54) size 30x24 [border: (1px inset #808080)] [r=2 c=4 rs=1 cs=1]
                                                              RenderText {#text} at (2,2) size 8x19
                                                                text run at (2,2) width 8: "o"
                                                          RenderTableRow {TR} at (0,80) size 170x24
                                                            RenderTableCell {TD} at (2,80) size 29x24 [border: (1px inset #808080)] [r=3 c=0 rs=1 cs=1]
                                                              RenderText {#text} at (2,2) size 8x19
                                                                text run at (2,2) width 8: "p"
                                                            RenderTableCell {TD} at (33,80) size 29x24 [border: (1px inset #808080)] [r=3 c=1 rs=1 cs=1]
                                                              RenderText {#text} at (2,2) size 8x19
                                                                text run at (2,2) width 8: "q"
                                                            RenderTableCell {TD} at (64,80) size 41x24 [border: (1px inset #808080)] [r=3 c=2 rs=1 cs=1]
                                                              RenderText {#text} at (2,2) size 6x19
                                                                text run at (2,2) width 6: "r"
                                                            RenderTableCell {TD} at (107,80) size 29x24 [border: (1px inset #808080)] [r=3 c=3 rs=1 cs=1]
                                                              RenderText {#text} at (2,2) size 7x19
                                                                text run at (2,2) width 7: "s"
                                                            RenderTableCell {TD} at (138,80) size 30x24 [border: (1px inset #808080)] [r=3 c=4 rs=1 cs=1]
                                                              RenderText {#text} at (2,2) size 5x19
                                                                text run at (2,2) width 5: "t"
                                                          RenderTableRow {TR} at (0,106) size 170x24
                                                            RenderTableCell {TD} at (2,106) size 29x24 [border: (1px inset #808080)] [r=4 c=0 rs=1 cs=1]
                                                              RenderText {#text} at (2,2) size 8x19
                                                                text run at (2,2) width 8: "u"
                                                            RenderTableCell {TD} at (33,106) size 29x24 [border: (1px inset #808080)] [r=4 c=1 rs=1 cs=1]
                                                              RenderText {#text} at (2,2) size 8x19
                                                                text run at (2,2) width 8: "v"
                                                            RenderTableCell {TD} at (64,106) size 41x24 [border: (1px inset #808080)] [r=4 c=2 rs=1 cs=1]
                                                              RenderText {#text} at (2,2) size 12x19
                                                                text run at (2,2) width 12: "w"
                                                            RenderTableCell {TD} at (107,106) size 29x24 [border: (1px inset #808080)] [r=4 c=3 rs=1 cs=1]
                                                              RenderText {#text} at (2,2) size 8x19
                                                                text run at (2,2) width 8: "x"
                                                            RenderTableCell {TD} at (138,106) size 30x24 [border: (1px inset #808080)] [r=4 c=4 rs=1 cs=1]
                                                              RenderText {#text} at (2,2) size 8x19
                                                                text run at (2,2) width 8: "y"
                                                      RenderBlock (anonymous) at (2,136) size 172x20
                                                        RenderText {#text} at (0,0) size 4x19
                                                          text run at (0,0) width 4: " "
                                                    RenderTableCell {TD} at (234,121) size 25x24 [border: (1px inset #808080)] [r=2 c=3 rs=1 cs=1]
                                                      RenderText {#text} at (2,2) size 8x19
                                                        text run at (2,2) width 8: "n"
                                                    RenderTableCell {TD} at (261,121) size 26x24 [border: (1px inset #808080)] [r=2 c=4 rs=1 cs=1]
                                                      RenderText {#text} at (2,2) size 8x19
                                                        text run at (2,2) width 8: "o"
                                                  RenderTableRow {TR} at (0,214) size 289x24
                                                    RenderTableCell {TD} at (2,214) size 25x24 [border: (1px inset #808080)] [r=3 c=0 rs=1 cs=1]
                                                      RenderText {#text} at (2,2) size 8x19
                                                        text run at (2,2) width 8: "p"
                                                    RenderTableCell {TD} at (29,214) size 25x24 [border: (1px inset #808080)] [r=3 c=1 rs=1 cs=1]
                                                      RenderText {#text} at (2,2) size 8x19
                                                        text run at (2,2) width 8: "q"
                                                    RenderTableCell {TD} at (56,214) size 176x24 [border: (1px inset #808080)] [r=3 c=2 rs=1 cs=1]
                                                      RenderText {#text} at (2,2) size 6x19
                                                        text run at (2,2) width 6: "r"
                                                    RenderTableCell {TD} at (234,214) size 25x24 [border: (1px inset #808080)] [r=3 c=3 rs=1 cs=1]
                                                      RenderText {#text} at (2,2) size 7x19
                                                        text run at (2,2) width 7: "s"
                                                    RenderTableCell {TD} at (261,214) size 26x24 [border: (1px inset #808080)] [r=3 c=4 rs=1 cs=1]
                                                      RenderText {#text} at (2,2) size 5x19
                                                        text run at (2,2) width 5: "t"
                                                  RenderTableRow {TR} at (0,240) size 289x24
                                                    RenderTableCell {TD} at (2,240) size 25x24 [border: (1px inset #808080)] [r=4 c=0 rs=1 cs=1]
                                                      RenderText {#text} at (2,2) size 8x19
                                                        text run at (2,2) width 8: "u"
                                                    RenderTableCell {TD} at (29,240) size 25x24 [border: (1px inset #808080)] [r=4 c=1 rs=1 cs=1]
                                                      RenderText {#text} at (2,2) size 8x19
                                                        text run at (2,2) width 8: "v"
                                                    RenderTableCell {TD} at (56,240) size 176x24 [border: (1px inset #808080)] [r=4 c=2 rs=1 cs=1]
                                                      RenderText {#text} at (2,2) size 12x19
                                                        text run at (2,2) width 12: "w"
                                                    RenderTableCell {TD} at (234,240) size 25x24 [border: (1px inset #808080)] [r=4 c=3 rs=1 cs=1]
                                                      RenderText {#text} at (2,2) size 8x19
                                                        text run at (2,2) width 8: "x"
                                                    RenderTableCell {TD} at (261,240) size 26x24 [border: (1px inset #808080)] [r=4 c=4 rs=1 cs=1]
                                                      RenderText {#text} at (2,2) size 8x19
                                                        text run at (2,2) width 8: "y"
                                              RenderBlock (anonymous) at (2,270) size 291x20
                                                RenderText {#text} at (0,0) size 4x19
                                                  text run at (0,0) width 4: " "
                                            RenderTableCell {TD} at (349,188) size 24x24 [border: (1px inset #808080)] [r=2 c=3 rs=1 cs=1]
                                              RenderText {#text} at (2,2) size 8x19
                                                text run at (2,2) width 8: "n"
                                            RenderTableCell {TD} at (375,188) size 24x24 [border: (1px inset #808080)] [r=2 c=4 rs=1 cs=1]
                                              RenderText {#text} at (2,2) size 8x19
                                                text run at (2,2) width 8: "o"
                                          RenderTableRow {TR} at (0,348) size 401x24
                                            RenderTableCell {TD} at (2,348) size 23x24 [border: (1px inset #808080)] [r=3 c=0 rs=1 cs=1]
                                              RenderText {#text} at (2,2) size 8x19
                                                text run at (2,2) width 8: "p"
                                            RenderTableCell {TD} at (27,348) size 23x24 [border: (1px inset #808080)] [r=3 c=1 rs=1 cs=1]
                                              RenderText {#text} at (2,2) size 8x19
                                                text run at (2,2) width 8: "q"
                                            RenderTableCell {TD} at (52,348) size 295x24 [border: (1px inset #808080)] [r=3 c=2 rs=1 cs=1]
                                              RenderText {#text} at (2,2) size 6x19
                                                text run at (2,2) width 6: "r"
                                            RenderTableCell {TD} at (349,348) size 24x24 [border: (1px inset #808080)] [r=3 c=3 rs=1 cs=1]
                                              RenderText {#text} at (2,2) size 7x19
                                                text run at (2,2) width 7: "s"
                                            RenderTableCell {TD} at (375,348) size 24x24 [border: (1px inset #808080)] [r=3 c=4 rs=1 cs=1]
                                              RenderText {#text} at (2,2) size 5x19
                                                text run at (2,2) width 5: "t"
                                          RenderTableRow {TR} at (0,374) size 401x24
                                            RenderTableCell {TD} at (2,374) size 23x24 [border: (1px inset #808080)] [r=4 c=0 rs=1 cs=1]
                                              RenderText {#text} at (2,2) size 8x19
                                                text run at (2,2) width 8: "u"
                                            RenderTableCell {TD} at (27,374) size 23x24 [border: (1px inset #808080)] [r=4 c=1 rs=1 cs=1]
                                              RenderText {#text} at (2,2) size 8x19
                                                text run at (2,2) width 8: "v"
                                            RenderTableCell {TD} at (52,374) size 295x24 [border: (1px inset #808080)] [r=4 c=2 rs=1 cs=1]
                                              RenderText {#text} at (2,2) size 12x19
                                                text run at (2,2) width 12: "w"
                                            RenderTableCell {TD} at (349,374) size 24x24 [border: (1px inset #808080)] [r=4 c=3 rs=1 cs=1]
                                              RenderText {#text} at (2,2) size 8x19
                                                text run at (2,2) width 8: "x"
                                            RenderTableCell {TD} at (375,374) size 24x24 [border: (1px inset #808080)] [r=4 c=4 rs=1 cs=1]
                                              RenderText {#text} at (2,2) size 8x19
                                                text run at (2,2) width 8: "y"
                                      RenderBlock (anonymous) at (2,404) size 403x20
                                        RenderText {#text} at (0,0) size 4x19
                                          text run at (0,0) width 4: " "
                                    RenderTableCell {TD} at (459,229) size 23x24 [border: (1px inset #808080)] [r=1 c=3 rs=1 cs=1]
                                      RenderText {#text} at (2,2) size 8x19
                                        text run at (2,2) width 8: "9"
                                    RenderTableCell {TD} at (484,229) size 23x24 [border: (1px inset #808080)] [r=1 c=4 rs=1 cs=1]
                                      RenderText {#text} at (2,2) size 8x19
                                        text run at (2,2) width 8: "0"
                                  RenderTableRow {TR} at (0,456) size 509x24
                                    RenderTableCell {TD} at (2,456) size 22x24 [border: (1px inset #808080)] [r=2 c=0 rs=1 cs=1]
                                      RenderText {#text} at (2,2) size 8x19
                                        text run at (2,2) width 8: "a"
                                    RenderTableCell {TD} at (26,456) size 22x24 [border: (1px inset #808080)] [r=2 c=1 rs=1 cs=1]
                                      RenderText {#text} at (2,2) size 8x19
                                        text run at (2,2) width 8: "b"
                                    RenderTableCell {TD} at (50,456) size 407x24 [border: (1px inset #808080)] [r=2 c=2 rs=1 cs=1]
                                      RenderText {#text} at (2,2) size 8x19
                                        text run at (2,2) width 8: "c"
                                    RenderTableCell {TD} at (459,456) size 23x24 [border: (1px inset #808080)] [r=2 c=3 rs=1 cs=1]
                                      RenderText {#text} at (2,2) size 8x19
                                        text run at (2,2) width 8: "d"
                                    RenderTableCell {TD} at (484,456) size 23x24 [border: (1px inset #808080)] [r=2 c=4 rs=1 cs=1]
                                      RenderText {#text} at (2,2) size 8x19
                                        text run at (2,2) width 8: "e"
                                  RenderTableRow {TR} at (0,482) size 509x24
                                    RenderTableCell {TD} at (2,482) size 22x24 [border: (1px inset #808080)] [r=3 c=0 rs=1 cs=1]
                                      RenderText {#text} at (2,2) size 6x19
                                        text run at (2,2) width 6: "f"
                                    RenderTableCell {TD} at (26,482) size 22x24 [border: (1px inset #808080)] [r=3 c=1 rs=1 cs=1]
                                      RenderText {#text} at (2,2) size 8x19
                                        text run at (2,2) width 8: "g"
                                    RenderTableCell {TD} at (50,482) size 407x24 [border: (1px inset #808080)] [r=3 c=2 rs=1 cs=1]
                                      RenderText {#text} at (2,2) size 8x19
                                        text run at (2,2) width 8: "h"
                                    RenderTableCell {TD} at (459,482) size 23x24 [border: (1px inset #808080)] [r=3 c=3 rs=1 cs=1]
                                      RenderText {#text} at (2,2) size 5x19
                                        text run at (2,2) width 5: "i"
                                    RenderTableCell {TD} at (484,482) size 23x24 [border: (1px inset #808080)] [r=3 c=4 rs=1 cs=1]
                                      RenderText {#text} at (2,2) size 5x19
                                        text run at (2,2) width 5: "j"
                                  RenderTableRow {TR} at (0,508) size 509x24
                                    RenderTableCell {TD} at (2,508) size 22x24 [border: (1px inset #808080)] [r=4 c=0 rs=1 cs=1]
                                      RenderText {#text} at (2,2) size 8x19
                                        text run at (2,2) width 8: "k"
                                    RenderTableCell {TD} at (26,508) size 22x24 [border: (1px inset #808080)] [r=4 c=1 rs=1 cs=1]
                                      RenderText {#text} at (2,2) size 5x19
                                        text run at (2,2) width 5: "l"
                                    RenderTableCell {TD} at (50,508) size 407x24 [border: (1px inset #808080)] [r=4 c=2 rs=1 cs=1]
                                      RenderText {#text} at (2,2) size 13x19
                                        text run at (2,2) width 13: "m"
                                    RenderTableCell {TD} at (459,508) size 23x24 [border: (1px inset #808080)] [r=4 c=3 rs=1 cs=1]
                                      RenderText {#text} at (2,2) size 8x19
                                        text run at (2,2) width 8: "n"
                                    RenderTableCell {TD} at (484,508) size 23x24 [border: (1px inset #808080)] [r=4 c=4 rs=1 cs=1]
                                      RenderText {#text} at (2,2) size 8x19
                                        text run at (2,2) width 8: "o"
                              RenderBlock (anonymous) at (2,538) size 511x20
                                RenderText {#text} at (0,0) size 4x19
                                  text run at (0,0) width 4: " "
                            RenderTableCell {TD} at (542,270) size 23x24 [border: (1px inset #808080)] [r=0 c=2 rs=1 cs=1]
                              RenderText {#text} at (2,2) size 8x19
                                text run at (2,2) width 8: "3"
                          RenderTableRow {TR} at (0,564) size 567x24
                            RenderTableCell {TD} at (2,564) size 21x24 [border: (1px inset #808080)] [r=1 c=0 rs=1 cs=1]
                              RenderText {#text} at (2,2) size 8x19
                                text run at (2,2) width 8: "4"
                            RenderTableCell {TD} at (25,564) size 515x24 [border: (1px inset #808080)] [r=1 c=1 rs=1 cs=1]
                              RenderText {#text} at (2,2) size 8x19
                                text run at (2,2) width 8: "5"
                            RenderTableCell {TD} at (542,564) size 23x24 [border: (1px inset #808080)] [r=1 c=2 rs=1 cs=1]
                              RenderText {#text} at (2,2) size 8x19
                                text run at (2,2) width 8: "6"
                          RenderTableRow {TR} at (0,590) size 567x24
                            RenderTableCell {TD} at (2,590) size 21x24 [border: (1px inset #808080)] [r=2 c=0 rs=1 cs=1]
                              RenderText {#text} at (2,2) size 8x19
                                text run at (2,2) width 8: "7"
                            RenderTableCell {TD} at (25,590) size 515x24 [border: (1px inset #808080)] [r=2 c=1 rs=1 cs=1]
                              RenderText {#text} at (2,2) size 8x19
                                text run at (2,2) width 8: "8"
                            RenderTableCell {TD} at (542,590) size 23x24 [border: (1px inset #808080)] [r=2 c=2 rs=1 cs=1]
                              RenderText {#text} at (2,2) size 8x19
                                text run at (2,2) width 8: "9"
                      RenderBlock (anonymous) at (1,619) size 569x20
                        RenderText {#text} at (0,0) size 4x19
                          text run at (0,0) width 4: " "
                    RenderTableCell {TD} at (595,335) size 19x22 [r=1 c=2 rs=1 cs=1]
                      RenderText {#text} at (1,1) size 8x19
                        text run at (1,1) width 8: "6"
                  RenderTableRow {TR} at (0,668) size 616x22
                    RenderTableCell {TD} at (2,668) size 18x22 [r=2 c=0 rs=1 cs=1]
                      RenderText {#text} at (1,1) size 8x19
                        text run at (1,1) width 8: "7"
                    RenderTableCell {TD} at (22,668) size 571x22 [r=2 c=1 rs=1 cs=1]
                      RenderText {#text} at (1,1) size 8x19
                        text run at (1,1) width 8: "8"
                    RenderTableCell {TD} at (595,668) size 19x22 [r=2 c=2 rs=1 cs=1]
                      RenderText {#text} at (1,1) size 8x19
                        text run at (1,1) width 8: "9"
              RenderBlock (anonymous) at (2,694) size 616x20
                RenderText {#text} at (0,0) size 4x19
                  text run at (0,0) width 4: " "
            RenderTableCell {TD} at (624,400) size 77x24 [border: (1px inset #808080)] [r=2 c=1 rs=1 cs=1]
              RenderText {#text} at (2,2) size 8x19
                text run at (2,2) width 8: "8"
            RenderTableCell {TD} at (703,400) size 77x24 [border: (1px inset #808080)] [r=2 c=2 rs=1 cs=1]
              RenderText {#text} at (2,2) size 8x19
                text run at (2,2) width 8: "9"
