layer at (0,0) size 800x600
  RenderView at (0,0) size 800x600
layer at (0,0) size 800x600
  RenderBlock {HTML} at (0,0) size 800x600
    RenderBody {BODY} at (8,8) size 784x584
      RenderBlock {P} at (0,0) size 784x36
        RenderInline {A} at (0,0) size 305x19 [color=#0000EE]
          RenderText {#text} at (0,0) size 305x19
            text run at (0,0) width 305: "https://bugs.webkit.org/show_bug.cgi?id=25066"
        RenderBR {BR} at (305,15) size 0x0
        RenderText {#text} at (0,18) size 415x19
          text run at (0,18) width 415: "controls should not be misplaced when video gets a RenderLayer."
      RenderBlock (anonymous) at (0,52) size 784x252
        RenderText {#text} at (0,0) size 0x0
        RenderText {#text} at (0,0) size 0x0
layer at (58,110) size 302x152
  RenderVideo {VIDEO} at (50,50) size 302x152 [border: (1px solid #000000)]
layer at (59,111) size 300x150
  RenderFlexibleBox {DIV} at (1,1) size 300x150
    RenderBlock {DIV} at (0,110) size 300x40
layer at (64,226) size 290x30
  RenderFlexibleBox {DIV} at (5,5) size 290x30 [bgcolor=#141414CC]
    RenderButton {INPUT} at (9,0) size 30x30
    RenderSlider {INPUT} at (49,11) size 179x8 [color=#E6E6E659]
      RenderFlexibleBox {DIV} at (0,0) size 179x8 [border: (1px solid #E6E6E659)]
        RenderBlock {DIV} at (1,-2) size 191x12
          RenderBlock {DIV} at (-7,0) size 12x12 [color=#FFFFFF]
    RenderFlexibleBox {DIV} at (243,0) size 32x30 [color=#FFFFFF]
      RenderBlock (anonymous) at (0,0) size 32x30
        RenderText {#text} at (0,7) size 32x15
          text run at (0,7) width 32: "00:00"
