layer at (0,0) size 800x600
  RenderView at (0,0) size 800x600
layer at (0,0) size 800x600
  RenderBlock {HTML} at (0,0) size 800x600
    RenderBody {BODY} at (8,8) size 784x584
      RenderBlock (anonymous) at (0,0) size 784x60
        RenderText {#text} at (0,0) size 757x39
          text run at (0,0) width 757: "This test is for a bug we had with clipping transparency layers. The bug is visual, so the pixel test is more worthwhile."
          text run at (0,20) width 648: "Below, \"Peach,\" \"Plum,\" and \"Pear\" should appear. Before, we were clipping out \"Plum\" and \"Pear.\""
        RenderBR {BR} at (647,35) size 1x0
        RenderBR {BR} at (0,40) size 0x19
layer at (8,68) size 784x20
  RenderBlock {DIV} at (0,60) size 784x20
    RenderText {#text} at (0,0) size 39x19
      text run at (0,0) width 39: "Peach"
    RenderText {#text} at (0,0) size 0x0
layer at (8,88) size 34x20
  RenderBlock (positioned) {DIV} at (8,88) size 34x20
    RenderText {#text} at (0,0) size 34x19
      text run at (0,0) width 34: "Plum"
    RenderText {#text} at (0,0) size 0x0
layer at (8,108) size 29x20
  RenderBlock (positioned) {DIV} at (0,20) size 29x20
    RenderText {#text} at (0,0) size 29x19
      text run at (0,0) width 29: "Pear"
