layer at (0,0) size 800x600
  RenderView at (0,0) size 800x600
layer at (0,0) size 800x600
  RenderBlock {HTML} at (0,0) size 800x600
    RenderBody {BODY} at (8,8) size 784x584
      RenderTable {TABLE} at (0,0) size 423x118 [border: (2px outset #808080)]
        RenderBlock {CAPTION} at (0,0) size 423x20
          RenderText {#text} at (13,0) size 397x19
            text run at (13,0) width 397: "Communicator 4.5 Installers for Mac and Windows Platforms"
        RenderTableSection {TBODY} at (2,22) size 418x93
          RenderTableRow {TR} at (0,0) size 418x25
            RenderTableCell {TH} at (0,10) size 123x5 [border: (3px none #808080) none none (3px solid #808080)] [r=0 c=0 rs=1 cs=1]
            RenderTableCell {TH} at (123,0) size 111x25 [border: (3px none #808080) none none (1px solid #808080)] [r=0 c=1 rs=1 cs=1]
              RenderText {#text} at (2,4) size 108x19
                text run at (2,4) width 108: "Macintosh PPC"
            RenderTableCell {TH} at (234,0) size 88x25 [border: (3px none #808080) none none (1px solid #808080)] [r=0 c=2 rs=1 cs=1]
              RenderText {#text} at (2,4) size 85x19
                text run at (2,4) width 85: "Windows 95"
            RenderTableCell {TH} at (322,0) size 96x25 [border: (3px none #808080) (2px solid #808080) none (1px solid #808080)] [r=0 c=3 rs=1 cs=1]
              RenderText {#text} at (2,4) size 91x19
                text run at (2,4) width 91: "Windows NT"
          RenderTableRow {TR} at (0,25) size 418x22
            RenderTableCell {TD} at (0,25) size 123x22 [border: none none none (3px solid #808080)] [r=1 c=0 rs=1 cs=1]
              RenderText {#text} at (4,1) size 76x19
                text run at (4,1) width 76: "Base Install"
            RenderTableCell {TD} at (123,25) size 111x22 [border: none none none (1px solid #808080)] [r=1 c=1 rs=1 cs=1]
              RenderText {#text} at (2,1) size 22x19
                text run at (2,1) width 22: "yes"
            RenderTableCell {TD} at (234,25) size 88x22 [border: none none none (1px solid #808080)] [r=1 c=2 rs=1 cs=1]
              RenderText {#text} at (2,1) size 22x19
                text run at (2,1) width 22: "yes"
            RenderTableCell {TD} at (322,25) size 96x22 [border: none (2px solid #808080) none (1px solid #808080)] [r=1 c=3 rs=1 cs=1]
              RenderText {#text} at (2,1) size 22x19
                text run at (2,1) width 22: "yes"
          RenderTableRow {TR} at (0,47) size 418x22
            RenderTableCell {TD} at (0,47) size 123x22 [border: none none none (3px solid #808080)] [r=2 c=0 rs=1 cs=1]
              RenderText {#text} at (4,1) size 107x19
                text run at (4,1) width 107: "Complete Install"
            RenderTableCell {TD} at (123,47) size 111x22 [border: none none none (1px solid #808080)] [r=2 c=1 rs=1 cs=1]
              RenderText {#text} at (2,1) size 22x19
                text run at (2,1) width 22: "yes"
            RenderTableCell {TD} at (234,47) size 88x22 [border: none none none (1px solid #808080)] [r=2 c=2 rs=1 cs=1]
              RenderText {#text} at (2,1) size 22x19
                text run at (2,1) width 22: "yes"
            RenderTableCell {TD} at (322,47) size 96x22 [border: none (2px solid #808080) none (1px solid #808080)] [r=2 c=3 rs=1 cs=1]
              RenderText {#text} at (2,1) size 22x19
                text run at (2,1) width 22: "yes"
          RenderTableRow {TR} at (0,69) size 418x24
            RenderTableCell {TD} at (0,69) size 123x24 [border: none none (2px none #808080) (3px solid #808080)] [r=3 c=0 rs=1 cs=1]
              RenderText {#text} at (4,1) size 118x19
                text run at (4,1) width 118: "Pro Edition Install"
            RenderTableCell {TD} at (123,69) size 111x24 [border: none none (2px none #808080) (1px solid #808080)] [r=3 c=1 rs=1 cs=1]
              RenderText {#text} at (2,1) size 22x19
                text run at (2,1) width 22: "yes"
            RenderTableCell {TD} at (234,69) size 88x24 [border: none none (2px none #808080) (1px solid #808080)] [r=3 c=2 rs=1 cs=1]
              RenderText {#text} at (2,1) size 22x19
                text run at (2,1) width 22: "yes"
            RenderTableCell {TD} at (322,69) size 96x24 [border: none (2px solid #808080) (2px none #808080) (1px solid #808080)] [r=3 c=3 rs=1 cs=1]
              RenderText {#text} at (2,1) size 22x19
                text run at (2,1) width 22: "yes"
