layer at (0,0) size 800x600
  RenderView at (0,0) size 800x600
layer at (0,0) size 800x600
  RenderBlock {HTML} at (0,0) size 800x600
    RenderBody {BODY} at (8,8) size 784x584
      RenderBlock {H3} at (0,0) size 784x22
        RenderText {#text} at (0,0) size 200x21
          text run at (0,0) width 200: "With long hidden values"
      RenderTable {TABLE} at (0,40) size 216x89 [border: (1px solid #FF0000)]
        RenderTableSection {TBODY} at (1,1) size 214x86
          RenderTableRow {TR} at (0,2) size 214x80
            RenderTableCell {TD} at (2,2) size 210x80 [r=0 c=0 rs=1 cs=1]
              RenderBlock {FORM} at (1,1) size 208x62
                RenderTextControl {INPUT} at (2,6) size 129x28 [bgcolor=#FFFFFF]
                RenderText {#text} at (133,12) size 4x17
                  text run at (133,12) width 4: " "
                RenderButton {INPUT} at (139,2) size 63x40 [bgcolor=#C0C0C0] [border: (2px outset #C0C0C0)]
                  RenderBlock (anonymous) at (17,10) size 29x18
                    RenderText at (0,0) size 29x17
                      text run at (0,0) width 29: " Go "
                RenderText {#text} at (204,12) size 4x17
                  text run at (204,12) width 4: " "
                RenderBR {BR} at (208,26) size 0x0
                RenderText {#text} at (0,44) size 188x17
                  text run at (0,44) width 188: "Enter City Name or Zip Code"
          RenderTableRow {TR} at (0,84) size 214x0
      RenderBlock {HR} at (0,136) size 784x3 [border: (1px inset #000000)]
      RenderBlock {H3} at (0,157) size 784x23
        RenderText {#text} at (0,0) size 206x21
          text run at (0,0) width 206: "With short hidden values"
      RenderTable {TABLE} at (0,198) size 216x89 [border: (1px solid #FF0000)]
        RenderTableSection {TBODY} at (1,1) size 214x86
          RenderTableRow {TR} at (0,2) size 214x80
            RenderTableCell {TD} at (2,2) size 210x80 [r=0 c=0 rs=1 cs=1]
              RenderBlock {FORM} at (1,1) size 208x62
                RenderTextControl {INPUT} at (2,6) size 129x28 [bgcolor=#FFFFFF]
                RenderText {#text} at (133,12) size 4x17
                  text run at (133,12) width 4: " "
                RenderButton {INPUT} at (139,2) size 63x40 [bgcolor=#C0C0C0] [border: (2px outset #C0C0C0)]
                  RenderBlock (anonymous) at (17,10) size 29x18
                    RenderText at (0,0) size 29x17
                      text run at (0,0) width 29: " Go "
                RenderText {#text} at (204,12) size 4x17
                  text run at (204,12) width 4: " "
                RenderBR {BR} at (208,26) size 0x0
                RenderText {#text} at (0,44) size 188x17
                  text run at (0,44) width 188: "Enter City Name or Zip Code"
          RenderTableRow {TR} at (0,84) size 214x0
layer at (18,65) size 122x18
  RenderBlock {DIV} at (4,6) size 122x18
layer at (18,222) size 122x18
  RenderBlock {DIV} at (4,6) size 122x18
