layer at (0,0) size 800x1568
  RenderView at (0,0) size 800x600
layer at (0,0) size 800x1568
  RenderBlock {HTML} at (0,0) size 800x1568
    RenderBody {BODY} at (8,8) size 784x1552 [bgcolor=#CCCCCC]
      RenderBlock {P} at (0,0) size 784x18
        RenderText {#text} at (0,0) size 363x17
          text run at (0,0) width 363: "The style declarations which apply to the text below are:"
      RenderBlock {PRE} at (0,34) size 784x165
        RenderText {#text} at (0,0) size 624x165
          text run at (0,0) width 184: ".zero {margin-left: 0;}"
          text run at (184,0) width 0: " "
          text run at (0,15) width 192: ".one {margin-left: 3em;}"
          text run at (192,15) width 0: " "
          text run at (0,30) width 192: ".two {margin-left: 3ex;}"
          text run at (192,30) width 0: " "
          text run at (0,45) width 216: ".three {margin-left: 36px;}"
          text run at (216,45) width 0: " "
          text run at (0,60) width 216: ".four {margin-left: 0.5in;}"
          text run at (216,60) width 0: " "
          text run at (0,75) width 224: ".five {margin-left: 1.27cm;}"
          text run at (224,75) width 0: " "
          text run at (0,90) width 216: ".six {margin-left: 12.7mm;}"
          text run at (216,90) width 0: " "
          text run at (0,105) width 216: ".seven {margin-left: 36pt;}"
          text run at (216,105) width 0: " "
          text run at (0,120) width 208: ".eight {margin-left: 3pc;}"
          text run at (208,120) width 0: " "
          text run at (0,135) width 208: ".nine {margin-left: +3pc;}"
          text run at (208,135) width 0: " "
          text run at (0,150) width 624: ".ten {font-size: 40px; border-left: 1ex solid purple; background-color: aqua;}"
          text run at (624,150) width 0: " "
      RenderBlock {HR} at (0,212) size 784x2 [border: (1px inset #000000)]
      RenderBlock {P} at (0,230) size 784x36
        RenderText {#text} at (0,0) size 778x35
          text run at (0,0) width 778: "This paragraph has no left margin. The following paragraphs have all been given a left margin and their left (outer) edges"
          text run at (0,18) width 357: "should therefore be appropriately shifted to the right of "
        RenderInline {EM} at (0,0) size 24x17
          RenderText {#text} at (356,18) size 24x17
            text run at (356,18) width 24: "this"
        RenderText {#text} at (379,18) size 141x17
          text run at (379,18) width 141: " paragraph's left edge."
      RenderBlock {P} at (48,282) size 736x18
        RenderText {#text} at (0,0) size 317x17
          text run at (0,0) width 317: "This paragraph should have a left margin of 3em."
      RenderBlock {P} at (21,316) size 763x18
        RenderText {#text} at (0,0) size 312x17
          text run at (0,0) width 312: "This paragraph should have a left margin of 3ex."
      RenderBlock {P} at (36,350) size 748x18
        RenderText {#text} at (0,0) size 347x17
          text run at (0,0) width 347: "This paragraph should have a left margin of 36 pixels."
      RenderBlock {P} at (48,384) size 736x18
        RenderText {#text} at (0,0) size 365x17
          text run at (0,0) width 365: "This paragraph should have a left margin of half an inch."
      RenderBlock {P} at (48,418) size 736x18
        RenderText {#text} at (0,0) size 337x17
          text run at (0,0) width 337: "This paragraph should have a left margin of 1.27cm."
      RenderBlock {P} at (48,452) size 736x18
        RenderText {#text} at (0,0) size 342x17
          text run at (0,0) width 342: "This paragraph should have a left margin of 12.7mm."
      RenderBlock {P} at (48,486) size 736x18
        RenderText {#text} at (0,0) size 348x17
          text run at (0,0) width 348: "This paragraph should have a left margin of 36 points."
      RenderBlock {P} at (48,520) size 736x18
        RenderText {#text} at (0,0) size 334x17
          text run at (0,0) width 334: "This paragraph should have a left margin of 3 picas."
      RenderBlock {P} at (48,554) size 736x18
        RenderText {#text} at (0,0) size 604x17
          text run at (0,0) width 604: "This paragraph should have a left margin of 3 picas (the plus sign should make no difference)."
      RenderBlock {P} at (0,612) size 784x241 [bgcolor=#00FFFF] [border: none (17px solid #800080)]
        RenderText {#text} at (17,1) size 309x45
          text run at (17,1) width 309: "This element has a "
        RenderInline {CODE} at (0,0) size 217x45
          RenderText {#text} at (325,5) size 217x45
            text run at (325,5) width 217: "font-size"
        RenderText {#text} at (541,1) size 55x45
          text run at (541,1) width 55: " of "
        RenderInline {CODE} at (0,0) size 97x45
          RenderText {#text} at (595,5) size 97x45
            text run at (595,5) width 97: "40px"
        RenderText {#text} at (691,1) size 742x95
          text run at (691,1) width 68: " and"
          text run at (17,51) width 28: "a "
        RenderInline {CODE} at (0,0) size 265x45
          RenderText {#text} at (44,55) size 265x45
            text run at (44,55) width 265: "border-left"
        RenderText {#text} at (308,51) size 55x45
          text run at (308,51) width 55: " of "
        RenderInline {CODE} at (0,0) size 385x45
          RenderText {#text} at (362,55) size 385x45
            text run at (362,55) width 385: "1ex solid purple"
        RenderText {#text} at (746,51) size 740x189
          text run at (746,51) width 11: "."
          text run at (17,101) width 672: "This should make the left border the same"
          text run at (17,148) width 710: "number of pixels as the lower-case 'x' in this"
          text run at (17,195) width 610: "element's font, as well as solid purple."
      RenderTable {TABLE} at (0,893) size 784x659 [border: (1px outset #808080)]
        RenderTableSection {TBODY} at (1,1) size 782x657
          RenderTableRow {TR} at (0,0) size 782x26
            RenderTableCell {TD} at (0,0) size 782x26 [bgcolor=#C0C0C0] [border: (1px inset #808080)] [r=0 c=0 rs=1 cs=2]
              RenderInline {STRONG} at (0,0) size 163x17
                RenderText {#text} at (4,4) size 163x17
                  text run at (4,4) width 163: "TABLE Testing Section"
          RenderTableRow {TR} at (0,26) size 782x631
            RenderTableCell {TD} at (0,328) size 12x26 [bgcolor=#C0C0C0] [border: (1px inset #808080)] [r=1 c=0 rs=1 cs=1]
              RenderText {#text} at (4,4) size 4x17
                text run at (4,4) width 4: " "
            RenderTableCell {TD} at (12,26) size 770x631 [border: (1px inset #808080)] [r=1 c=1 rs=1 cs=1]
              RenderBlock {P} at (4,4) size 762x36
                RenderText {#text} at (0,0) size 737x35
                  text run at (0,0) width 737: "This paragraph has no left margin. The following paragraphs have all been given a left margin and their left (outer)"
                  text run at (0,18) width 397: "edges should therefore be appropriately shifted to the right of "
                RenderInline {EM} at (0,0) size 24x17
                  RenderText {#text} at (396,18) size 24x17
                    text run at (396,18) width 24: "this"
                RenderText {#text} at (419,18) size 142x17
                  text run at (419,18) width 142: " paragraph's left edge."
              RenderBlock {P} at (52,56) size 714x18
                RenderText {#text} at (0,0) size 317x17
                  text run at (0,0) width 317: "This paragraph should have a left margin of 3em."
              RenderBlock {P} at (25,90) size 741x18
                RenderText {#text} at (0,0) size 312x17
                  text run at (0,0) width 312: "This paragraph should have a left margin of 3ex."
              RenderBlock {P} at (40,124) size 726x18
                RenderText {#text} at (0,0) size 347x17
                  text run at (0,0) width 347: "This paragraph should have a left margin of 36 pixels."
              RenderBlock {P} at (52,158) size 714x18
                RenderText {#text} at (0,0) size 365x17
                  text run at (0,0) width 365: "This paragraph should have a left margin of half an inch."
              RenderBlock {P} at (52,192) size 714x18
                RenderText {#text} at (0,0) size 337x17
                  text run at (0,0) width 337: "This paragraph should have a left margin of 1.27cm."
              RenderBlock {P} at (52,226) size 714x18
                RenderText {#text} at (0,0) size 342x17
                  text run at (0,0) width 342: "This paragraph should have a left margin of 12.7mm."
              RenderBlock {P} at (52,260) size 714x18
                RenderText {#text} at (0,0) size 348x17
                  text run at (0,0) width 348: "This paragraph should have a left margin of 36 points."
              RenderBlock {P} at (52,294) size 714x18
                RenderText {#text} at (0,0) size 334x17
                  text run at (0,0) width 334: "This paragraph should have a left margin of 3 picas."
              RenderBlock {P} at (52,328) size 714x18
                RenderText {#text} at (0,0) size 604x17
                  text run at (0,0) width 604: "This paragraph should have a left margin of 3 picas (the plus sign should make no difference)."
              RenderBlock {P} at (4,386) size 762x241 [bgcolor=#00FFFF] [border: none (17px solid #800080)]
                RenderText {#text} at (17,1) size 309x45
                  text run at (17,1) width 309: "This element has a "
                RenderInline {CODE} at (0,0) size 217x45
                  RenderText {#text} at (325,5) size 217x45
                    text run at (325,5) width 217: "font-size"
                RenderText {#text} at (541,1) size 55x45
                  text run at (541,1) width 55: " of "
                RenderInline {CODE} at (0,0) size 97x45
                  RenderText {#text} at (595,5) size 97x45
                    text run at (595,5) width 97: "40px"
                RenderText {#text} at (691,1) size 742x95
                  text run at (691,1) width 68: " and"
                  text run at (17,51) width 28: "a "
                RenderInline {CODE} at (0,0) size 265x45
                  RenderText {#text} at (44,55) size 265x45
                    text run at (44,55) width 265: "border-left"
                RenderText {#text} at (308,51) size 55x45
                  text run at (308,51) width 55: " of "
                RenderInline {CODE} at (0,0) size 385x45
                  RenderText {#text} at (362,55) size 385x45
                    text run at (362,55) width 385: "1ex solid purple"
                RenderText {#text} at (746,51) size 740x189
                  text run at (746,51) width 11: "."
                  text run at (17,101) width 672: "This should make the left border the same"
                  text run at (17,148) width 710: "number of pixels as the lower-case 'x' in this"
                  text run at (17,195) width 610: "element's font, as well as solid purple."
