layer at (0,0) size 800x600
  RenderView at (0,0) size 800x600
layer at (0,0) size 800x291
  RenderBlock {html} at (0,0) size 800x291
    RenderBody {body} at (8,16) size 784x259
      RenderBlock {div} at (0,0) size 784x259
        RenderBlock {p} at (0,0) size 784x36
          RenderText {#text} at (0,0) size 762x17
            text run at (0,0) width 762: "The background color of this paragraph should turn to green when the mouse pointer hovers over any of the following:"
          RenderBR {br} at (761,0) size 1x17
          RenderInline {strong} at (0,0) size 65x17
            RenderText {#text} at (0,18) size 65x17
              text run at (0,18) width 65: "This text."
        RenderBlock {p} at (0,52) size 784x18
          RenderText {#text} at (0,0) size 61x17
            text run at (0,0) width 61: "This text."
        RenderTable {table} at (0,86) size 113x102
          RenderTableSection (anonymous) at (0,0) size 113x102
            RenderTableRow {tr} at (0,2) size 113x76
              RenderTableCell {td} at (2,2) size 109x76 [r=0 c=0 rs=1 cs=1]
                RenderTable {table} at (1,1) size 107x74
                  RenderTableSection (anonymous) at (0,0) size 107x74
                    RenderTableRow {tr} at (0,2) size 107x70
                      RenderTableCell {td} at (2,2) size 103x70 [r=0 c=0 rs=1 cs=1]
                        RenderBlock {dl} at (1,17) size 101x36
                          RenderBlock {dt} at (0,0) size 101x18
                            RenderText {#text} at (0,0) size 61x17
                              text run at (0,0) width 61: "This text."
                          RenderBlock {dd} at (40,18) size 61x18
                            RenderText {#text} at (0,0) size 61x17
                              text run at (0,0) width 61: "This text."
            RenderTableRow {tr} at (0,80) size 113x20
              RenderTableCell {td} at (2,80) size 109x20 [r=1 c=0 rs=1 cs=1]
                RenderText {#text} at (1,1) size 61x17
                  text run at (1,1) width 61: "This text."
        RenderBlock {p} at (0,204) size 784x21
          RenderInline {sub} at (0,0) size 51x15
            RenderText {#text} at (0,5) size 51x15
              text run at (0,5) width 51: "This text."
        RenderBlock {p} at (0,241) size 784x18
          RenderText {#text} at (0,0) size 585x17
            text run at (0,0) width 585: "...and anything else between the top of the first paragraph and the bottom of this paragraph."
