layer at (0,0) size 800x600
  RenderView at (0,0) size 800x600
layer at (0,0) size 800x92
  RenderBlock {html} at (0,0) size 800x92
    RenderBody {body} at (8,16) size 784x68
      RenderBlock {div} at (0,0) size 784x68
        RenderBlock {p} at (0,0) size 784x20
          RenderText {#text} at (0,0) size 225x19
            text run at (0,0) width 225: "The following bar should be green."
        RenderBlock {div} at (0,36) size 784x32 [bgcolor=#FF0000]
