layer at (0,0) size 800x600
  RenderView at (0,0) size 800x600
layer at (0,0) size 800x196
  RenderBlock {html} at (0,0) size 800x196
    RenderBody {body} at (8,16) size 784x164
      RenderBlock {div} at (0,0) size 784x164
        RenderBlock {p} at (0,0) size 784x20 [bgcolor=#00FF00]
          RenderText {#text} at (0,0) size 312x19
            text run at (0,0) width 312: "This paragraph should have a green background."
        RenderBlock {p} at (0,36) size 784x20
          RenderText {#text} at (0,0) size 206x19
            text run at (0,0) width 206: "But this one should be unstyled."
        RenderBlock {p} at (0,72) size 784x20
          RenderText {#text} at (0,0) size 240x19
            text run at (0,0) width 240: "And this one should also be unstyled."
        RenderBlock {address} at (0,108) size 784x20 [bgcolor=#00FF00]
          RenderText {#text} at (0,0) size 684x19
            text run at (0,0) width 684: "This address is only here to fill some space between two paragraphs and should have a green background."
        RenderBlock {p} at (0,144) size 784x20 [bgcolor=#00FF00]
          RenderText {#text} at (0,0) size 337x19
            text run at (0,0) width 337: "This paragraph should have a green background too."
