layer at (0,0) size 800x600
  RenderView at (0,0) size 800x600
layer at (0,0) size 800x289
  RenderBlock {html} at (0,0) size 800x289
    RenderBody {body} at (8,16) size 784x257
      RenderBlock {p} at (0,0) size 784x257
        RenderInline (generated) at (0,0) size 20x19 [color=#FF0000]
          RenderInline (generated) at (0,0) size 20x36 [color=#00FF00]
            RenderText at (0,0) size 20x36
              text run at (0,0) width 20: "T"
          RenderText at (0,0) size 0x0
        RenderText {#text} at (19,13) size 766x243
          text run at (19,13) width 747: "his very long paragraph should have a big green first letter T. Dummy text. Dummy text. Dummy text. Dummy text."
          text run at (0,37) width 761: "Dummy text. Dummy text. Dummy text. Dummy text. Dummy text. Dummy text. Dummy text. Dummy text. Dummy"
          text run at (0,57) width 736: "text. Dummy text. Dummy text. Dummy text. Dummy text. Dummy text. Dummy text. Dummy text. Dummy text."
          text run at (0,77) width 761: "Dummy text. Dummy text. Dummy text. Dummy text. Dummy text. Dummy text. Dummy text. Dummy text. Dummy"
          text run at (0,97) width 736: "text. Dummy text. Dummy text. Dummy text. Dummy text. Dummy text. Dummy text. Dummy text. Dummy text."
          text run at (0,117) width 761: "Dummy text. Dummy text. Dummy text. Dummy text. Dummy text. Dummy text. Dummy text. Dummy text. Dummy"
          text run at (0,137) width 736: "text. Dummy text. Dummy text. Dummy text. Dummy text. Dummy text. Dummy text. Dummy text. Dummy text."
          text run at (0,157) width 761: "Dummy text. Dummy text. Dummy text. Dummy text. Dummy text. Dummy text. Dummy text. Dummy text. Dummy"
          text run at (0,177) width 736: "text. Dummy text. Dummy text. Dummy text. Dummy text. Dummy text. Dummy text. Dummy text. Dummy text."
          text run at (0,197) width 761: "Dummy text. Dummy text. Dummy text. Dummy text. Dummy text. Dummy text. Dummy text. Dummy text. Dummy"
          text run at (0,217) width 736: "text. Dummy text. Dummy text. Dummy text. Dummy text. Dummy text. Dummy text. Dummy text. Dummy text."
          text run at (0,237) width 527: "Dummy text. Dummy text. Dummy text. Dummy text. Dummy text. Dummy text."
