layer at (0,0) size 800x600
  RenderView at (0,0) size 800x600
layer at (0,0) size 800x416
  RenderBlock {html} at (0,0) size 800x416
    RenderBody {body} at (8,16) size 784x384
      RenderBlock {p} at (0,0) size 784x20
        RenderText {#text} at (0,0) size 336x19
          text run at (0,0) width 336: "This paragraph is here only to fill space in the DOM"
      RenderBlock {address} at (0,36) size 784x20
        RenderText {#text} at (0,0) size 140x19
          text run at (0,0) width 140: "And this address too.."
      RenderBlock {p} at (0,72) size 784x20
        RenderText {#text} at (0,0) size 155x19
          text run at (0,0) width 155: "So does this paragraph !"
      RenderBlock {p} at (0,108) size 784x20 [bgcolor=#00FF00]
        RenderText {#text} at (0,0) size 278x19
          text run at (0,0) width 278: "But this one should have green background"
      RenderBlock {dl} at (0,144) size 784x240
        RenderBlock {dt} at (0,0) size 784x20 [bgcolor=#00FF00]
          RenderText {#text} at (0,0) size 357x19
            text run at (0,0) width 357: "First definition term that should have green background"
        RenderBlock {dd} at (40,20) size 744x20 [bgcolor=#00FF00]
          RenderText {#text} at (0,0) size 324x19
            text run at (0,0) width 324: "First definition that should have green background"
        RenderBlock {dt} at (0,40) size 784x20
          RenderText {#text} at (0,0) size 147x19
            text run at (0,0) width 147: "Second definition term"
        RenderBlock {dd} at (40,60) size 744x20
          RenderText {#text} at (0,0) size 114x19
            text run at (0,0) width 114: "Second definition"
        RenderBlock {dt} at (0,80) size 784x20
          RenderText {#text} at (0,0) size 136x19
            text run at (0,0) width 136: "Third definition term"
        RenderBlock {dd} at (40,100) size 744x20
          RenderText {#text} at (0,0) size 102x19
            text run at (0,0) width 102: "Third definition"
        RenderBlock {dt} at (0,120) size 784x20 [bgcolor=#00FF00]
          RenderText {#text} at (0,0) size 371x19
            text run at (0,0) width 371: "Fourth definition term that should have green background"
        RenderBlock {dd} at (40,140) size 744x20 [bgcolor=#00FF00]
          RenderText {#text} at (0,0) size 337x19
            text run at (0,0) width 337: "Fourth definition that should have green background"
        RenderBlock {dt} at (0,160) size 784x20
          RenderText {#text} at (0,0) size 131x19
            text run at (0,0) width 131: "Fifth definition term"
        RenderBlock {dd} at (40,180) size 744x20
          RenderText {#text} at (0,0) size 98x19
            text run at (0,0) width 98: "Fifth definition"
        RenderBlock {dt} at (0,200) size 784x20
          RenderText {#text} at (0,0) size 134x19
            text run at (0,0) width 134: "Sixth definition term"
        RenderBlock {dd} at (40,220) size 744x20
          RenderText {#text} at (0,0) size 101x19
            text run at (0,0) width 101: "Sixth definition"
