layer at (0,0) size 800x600
  RenderView at (0,0) size 800x600
layer at (0,0) size 800x416
  RenderBlock {html} at (0,0) size 800x416
    RenderBody {body} at (8,16) size 784x384
      RenderBlock {p} at (0,0) size 784x20 [bgcolor=#00FF00]
        RenderText {#text} at (0,0) size 297x19
          text run at (0,0) width 297: "This paragraph should have green background"
      RenderBlock {address} at (0,36) size 784x20
        RenderText {#text} at (0,0) size 341x19
          text run at (0,0) width 341: "But this address is here only to fill space in the dom.."
      RenderBlock {p} at (0,72) size 784x20
        RenderText {#text} at (0,0) size 155x19
          text run at (0,0) width 155: "So does this paragraph !"
      RenderBlock {p} at (0,108) size 784x20
        RenderText {#text} at (0,0) size 162x19
          text run at (0,0) width 162: "And so does this one too."
      RenderBlock {dl} at (0,144) size 784x240
        RenderBlock {dt} at (0,0) size 784x20
          RenderText {#text} at (0,0) size 129x19
            text run at (0,0) width 129: "First definition term"
        RenderBlock {dd} at (40,20) size 744x20
          RenderText {#text} at (0,0) size 96x19
            text run at (0,0) width 96: "First definition"
        RenderBlock {dt} at (0,40) size 784x20
          RenderText {#text} at (0,0) size 147x19
            text run at (0,0) width 147: "Second definition term"
        RenderBlock {dd} at (40,60) size 744x20
          RenderText {#text} at (0,0) size 114x19
            text run at (0,0) width 114: "Second definition"
        RenderBlock {dt} at (0,80) size 784x20 [bgcolor=#00FF00]
          RenderText {#text} at (0,0) size 364x19
            text run at (0,0) width 364: "Third definition term that should have green background"
        RenderBlock {dd} at (40,100) size 744x20 [bgcolor=#00FF00]
          RenderText {#text} at (0,0) size 330x19
            text run at (0,0) width 330: "Third definition that should have green background"
        RenderBlock {dt} at (0,120) size 784x20
          RenderText {#text} at (0,0) size 143x19
            text run at (0,0) width 143: "Fourth definition term"
        RenderBlock {dd} at (40,140) size 744x20
          RenderText {#text} at (0,0) size 109x19
            text run at (0,0) width 109: "Fourth definition"
        RenderBlock {dt} at (0,160) size 784x20
          RenderText {#text} at (0,0) size 131x19
            text run at (0,0) width 131: "Fifth definition term"
        RenderBlock {dd} at (40,180) size 744x20
          RenderText {#text} at (0,0) size 98x19
            text run at (0,0) width 98: "Fifth definition"
        RenderBlock {dt} at (0,200) size 784x20 [bgcolor=#00FF00]
          RenderText {#text} at (0,0) size 362x19
            text run at (0,0) width 362: "Sixth definition term that should have green background"
        RenderBlock {dd} at (40,220) size 744x20 [bgcolor=#00FF00]
          RenderText {#text} at (0,0) size 329x19
            text run at (0,0) width 329: "Sixth definition that should have green background"
