CONSOLE MESSAGE: line 27: TypeError: 'undefined' is not a function (evaluating 'document.getElementsByTagNameNS('http://www.w3.org/1999/xhtml', 'div')[0].setIdAttribute('title', true)')
layer at (0,0) size 800x600
  RenderView at (0,0) size 800x600
layer at (0,0) size 800x196
  RenderBlock {html} at (0,0) size 800x196
    RenderBody {body} at (8,16) size 784x164
      RenderBlock {p} at (0,0) size 784x20 [color=#000080]
        RenderText {#text} at (0,0) size 515x19
          text run at (0,0) width 515: "This test requires support for two or more of XHTML, xml:id, and DOM3 Core."
      RenderBlock {div} at (0,36) size 784x20 [color=#FF0000]
        RenderText {#text} at (0,0) size 166x19
          text run at (0,0) width 166: "This line should be green."
      RenderBlock {p} at (0,72) size 784x20 [color=#008000]
        RenderText {#text} at (0,0) size 166x19
          text run at (0,0) width 166: "This line should be green."
      RenderBlock {p} at (0,108) size 784x20 [color=#008000]
        RenderText {#text} at (0,0) size 166x19
          text run at (0,0) width 166: "This line should be green."
      RenderBlock {p} at (0,144) size 784x20 [color=#008000]
        RenderText {#text} at (0,0) size 166x19
          text run at (0,0) width 166: "This line should be green."
