layer at (0,0) size 800x600
  RenderView at (0,0) size 800x600
layer at (0,0) size 800x72
  RenderBlock {html} at (0,0) size 800x72
    RenderBody {body} at (8,16) size 784x40
      RenderBlock {p} at (0,0) size 784x40
        RenderText {#text} at (0,0) size 625x19
          text run at (0,0) width 625: "You should see after this paragraph the words GENERATED CONTENT over green background"
        RenderInline (generated) at (0,0) size 721x39 [bgcolor=#00FF00]
          RenderText at (624,0) size 721x39
            text run at (624,0) width 97: "GENERATED"
            text run at (0,20) width 75: "CONTENT"
