layer at (0,0) size 800x600
  RenderView at (0,0) size 800x600
layer at (0,0) size 800x52
  RenderBlock {html} at (0,0) size 800x52
    RenderBody {body} at (8,16) size 784x20
      RenderBlock {p} at (0,0) size 784x20
        RenderInline (generated) at (0,0) size 10x19 [bgcolor=#00FF00]
          RenderText {#text} at (0,0) size 10x19
            text run at (0,0) width 10: "T"
        RenderText {#text} at (9,0) size 411x19
          text run at (9,0) width 411: "he first letter of this paragraph should have a green background."
