EDITING DELEGATE: shouldBeginEditingInDOMRange:range from 0 of DIV > BODY > HTML > #document to 3 of DIV > BODY > HTML > #document
EDITING DELEGATE: webViewDidBeginEditing:WebViewDidBeginEditingNotification
EDITING DELEGATE: webViewDidChangeSelection:WebViewDidChangeSelectionNotification
EDITING DELEGATE: webViewDidChangeSelection:WebViewDidChangeSelectionNotification
EDITING DELEGATE: webViewDidChangeSelection:WebViewDidChangeSelectionNotification
EDITING DELEGATE: webViewDidChangeSelection:WebViewDidChangeSelectionNotification
EDITING DELEGATE: webViewDidChangeSelection:WebViewDidChangeSelectionNotification
EDITING DELEGATE: shouldChangeSelectedDOMRange:range from 3 of DIV > DIV > BODY > HTML > #document to 0 of #text > DIV > DIV > DIV > BODY > HTML > #document toDOMRange:range from 0 of DIV > DIV > DIV > BODY > HTML > #document to 0 of DIV > DIV > DIV > BODY > HTML > #document affinity:NSSelectionAffinityDownstream stillSelecting:FALSE
EDITING DELEGATE: webViewDidChangeSelection:WebViewDidChangeSelectionNotification
EDITING DELEGATE: webViewDidChange:WebViewDidChangeNotification
layer at (0,0) size 800x600
  RenderView at (0,0) size 800x600
layer at (0,0) size 800x600
  RenderBlock {HTML} at (0,0) size 800x600
    RenderBody {BODY} at (8,8) size 784x584
      RenderBlock {DIV} at (0,0) size 784x322 [border: (2px solid #0000FF)]
        RenderBlock {DIV} at (14,14) size 756x111
          RenderText {#text} at (0,0) size 68x26
            text run at (0,0) width 68: "Tests: "
          RenderBR {BR} at (0,0) size 0x0
          RenderText {#text} at (0,27) size 608x27
            text run at (0,27) width 608: "A scenario I thought of based on my experiences with this bug:"
          RenderInline {A} at (0,0) size 257x27 [color=#0000EE]
            RenderText {#text} at (0,55) size 257x27
              text run at (0,55) width 257: "<rdar://problem/4045521>"
          RenderText {#text} at (256,55) size 735x55
            text run at (256,55) width 479: " Hitting return key with full line selected does not"
            text run at (0,83) width 252: "add blank line as it should"
        RenderBlock {DIV} at (14,141) size 756x167
          RenderBlock (anonymous) at (0,0) size 756x83
            RenderText {#text} at (0,0) size 190x26
              text run at (0,0) width 190: "Expected Results: "
            RenderBR {BR} at (189,21) size 1x0
            RenderText {#text} at (0,27) size 704x55
              text run at (0,27) width 704: "Should see this content in the red box below (note that the insertion point"
              text run at (0,55) width 660: "should be at the start of the third line, immediately preceding \"baz\"):"
          RenderBlock {DIV} at (0,83) size 756x28
            RenderText {#text} at (0,0) size 32x27
              text run at (0,0) width 32: "foo"
          RenderBlock {DIV} at (0,111) size 756x28
            RenderBR {BR} at (0,0) size 0x27
          RenderBlock {DIV} at (0,139) size 756x28
            RenderText {#text} at (0,0) size 34x27
              text run at (0,0) width 34: "baz"
      RenderBlock {DIV} at (0,346) size 784x88
        RenderBlock {DIV} at (0,0) size 784x88 [border: (2px solid #FF0000)]
          RenderBlock {DIV} at (2,2) size 780x28
            RenderText {#text} at (0,0) size 32x27
              text run at (0,0) width 32: "foo"
          RenderBlock {DIV} at (2,30) size 780x28
            RenderBR {BR} at (0,0) size 0x27
          RenderBlock {DIV} at (2,58) size 780x28
            RenderText {#text} at (0,0) size 34x27
              text run at (0,0) width 34: "baz"
caret: position 0 of child 0 {#text} of child 3 {DIV} of child 1 {DIV} of child 3 {DIV} of body
