layer at (0,0) size 800x600
  RenderView at (0,0) size 800x600
layer at (0,0) size 800x600
  RenderBlock {HTML} at (0,0) size 800x600
    RenderBody {BODY} at (8,8) size 784x576
      RenderBlock {P} at (0,0) size 784x19
        RenderText {#text} at (0,0) size 492x19
          text run at (0,0) width 492: "Tests that CSS-generated :before or :after content doesn't intrude into ruby bases."
      RenderBlock {P} at (0,35) size 784x0
      RenderBlock (anonymous) at (0,35) size 784x29
        RenderText {#text} at (0,10) size 29x19
          text run at (0,10) width 29: "Foo "
        RenderRuby (inline) {RUBY} at (0,0) size 69x19
          RenderInline (generated) at (0,0) size 49x19
            RenderText at (29,10) size 49x19
              text run at (29,10) width 49: "[before]"
          RenderRubyRun (anonymous) at (74,10) size 28x19
            RenderRubyText {RT} at (0,-10) size 28x10
              RenderText {#text} at (0,0) size 28x10
                text run at (0,0) width 28: "long text"
            RenderRubyBase (anonymous) at (0,0) size 28x19
              RenderText {#text} at (10,0) size 8x19
                text run at (10,0) width 8: "b"
        RenderText {#text} at (98,10) size 26x19
          text run at (98,10) width 26: " Bar"
        RenderBR {BR} at (124,25) size 0x0
      RenderBlock {P} at (0,80) size 784x0
      RenderBlock {P} at (0,80) size 784x0
      RenderBlock (anonymous) at (0,80) size 784x29
        RenderText {#text} at (0,10) size 29x19
          text run at (0,10) width 29: "Foo "
        RenderRuby (inline) {RUBY} at (0,0) size 57x19
          RenderRubyRun (anonymous) at (25,10) size 28x19
            RenderRubyText {RT} at (0,-10) size 28x10
              RenderText {#text} at (0,0) size 28x10
                text run at (0,0) width 28: "long text"
            RenderRubyBase (anonymous) at (0,0) size 28x19
              RenderText {#text} at (10,0) size 8x19
                text run at (10,0) width 8: "b"
          RenderInline (generated) at (0,0) size 37x19
            RenderText at (49,10) size 37x19
              text run at (49,10) width 37: "[after]"
        RenderText {#text} at (86,10) size 26x19
          text run at (86,10) width 26: " Bar"
        RenderBR {BR} at (112,25) size 0x0
      RenderBlock {P} at (0,125) size 784x0
      RenderBlock {P} at (0,125) size 784x0
      RenderBlock (anonymous) at (0,125) size 784x29
        RenderText {#text} at (0,10) size 29x19
          text run at (0,10) width 29: "Foo "
        RenderRuby (inline) {RUBY} at (0,0) size 106x19
          RenderInline (generated) at (0,0) size 49x19
            RenderText at (29,10) size 49x19
              text run at (29,10) width 49: "[before]"
          RenderRubyRun (anonymous) at (74,10) size 28x19
            RenderRubyText {RT} at (0,-10) size 28x10
              RenderText {#text} at (0,0) size 28x10
                text run at (0,0) width 28: "long text"
            RenderRubyBase (anonymous) at (0,0) size 28x19
              RenderText {#text} at (10,0) size 8x19
                text run at (10,0) width 8: "b"
          RenderInline (generated) at (0,0) size 37x19
            RenderText at (98,10) size 37x19
              text run at (98,10) width 37: "[after]"
        RenderText {#text} at (135,10) size 26x19
          text run at (135,10) width 26: " Bar"
        RenderBR {BR} at (161,25) size 0x0
      RenderBlock {P} at (0,170) size 784x0
