layer at (0,0) size 800x600
  RenderView at (0,0) size 800x600
layer at (0,0) size 800x600
  RenderBlock {HTML} at (0,0) size 800x600
    RenderBody {BODY} at (8,8) size 784x584
      RenderBlock (anonymous) at (0,0) size 784x76
        RenderText {#text} at (0,0) size 770x57
          text run at (0,0) width 750: "This is a test for multiple ruby runs and line breaks. There is a div with a blue border and 10px padding. This contains a single"
          text run at (0,19) width 437: "<ruby> markup in the text contained in the block, broken across 2 lines. "
          text run at (437,19) width 333: "Part of it should be on the first line, the rest on the other"
          text run at (0,38) width 28: "line. "
        RenderBR {BR} at (28,53) size 0x0
        RenderBR {BR} at (0,57) size 0x19
      RenderBlock {DIV} at (0,76) size 284x72 [border: (2px solid #0000FF)]
        RenderText {#text} at (12,12) size 146x19
          text run at (12,12) width 146: "<ruby> is defined in the "
        RenderRuby (inline) {RUBY} at (0,0) size 237x48
          RenderRubyRun (anonymous) at (154,12) size 22x19
            RenderRubyText {RT} at (0,-10) size 22x10
              RenderText {#text} at (0,0) size 22x10
                text run at (0,0) width 22: "Hyper"
            RenderRubyBase (anonymous) at (0,0) size 22x19
              RenderText {#text} at (5,0) size 12x19
                text run at (5,0) width 12: "H"
          RenderRubyRun (anonymous) at (176,12) size 15x19
            RenderRubyText {RT} at (0,-10) size 15x10
              RenderText {#text} at (0,0) size 15x10
                text run at (0,0) width 15: "Text"
            RenderRubyBase (anonymous) at (0,0) size 15x19
              RenderText {#text} at (3,0) size 9x19
                text run at (3,0) width 9: "T"
          RenderRubyRun (anonymous) at (191,12) size 25x19
            RenderRubyText {RT} at (0,-10) size 25x10
              RenderText {#text} at (0,0) size 25x10
                text run at (0,0) width 25: "Markup"
            RenderRubyBase (anonymous) at (0,0) size 25x19
              RenderText {#text} at (5,0) size 15x19
                text run at (5,0) width 15: "M"
          RenderRubyRun (anonymous) at (216,12) size 33x19
            RenderRubyText {RT} at (0,-10) size 33x10
              RenderText {#text} at (0,0) size 33x10
                text run at (0,0) width 33: "Language"
            RenderRubyBase (anonymous) at (0,0) size 33x19
              RenderText {#text} at (12,0) size 9x19
                text run at (12,0) width 9: "L"
          RenderRubyRun (anonymous) at (12,41) size 25x19
            RenderRubyText {RT} at (0,-10) size 25x10
              RenderText {#text} at (0,0) size 25x10
                text run at (0,0) width 25: "Level 5"
            RenderRubyBase (anonymous) at (0,0) size 25x19
              RenderText {#text} at (8,0) size 9x19
                text run at (8,0) width 9: "5"
        RenderText {#text} at (33,41) size 42x19
          text run at (33,41) width 42: " specs."
