layer at (0,0) size 800x600
  RenderView at (0,0) size 800x600
layer at (0,0) size 800x570
  RenderBlock {html} at (0,0) size 800x571
    RenderBody {body} at (8,19) size 784x536
      RenderBlock {div} at (0,0) size 784x66
        RenderBlock {h2} at (0,0) size 784x28
          RenderText {#text} at (0,1) size 129x26
            text run at (0,1) width 129: "Normal flow"
        RenderBlock {p} at (0,47) size 784x19
          RenderText {#text} at (0,0) size 154x17
            text run at (0,0) width 154: "I am a paragraph of text "
          RenderMathMLMath {math} at (154,3) size 36x12 [padding: 0 1 0 1]
            RenderBlock {mi} at (1,3) size 9x9
              RenderText {#text} at (0,-9) size 7x25
                text run at (0,-9) width 7: "x"
            RenderMathMLOperator {mo} at (12,2) size 12x10
              RenderMathMLBlock (flex) {mo} at (0,0) size 11x10
                RenderBlock (anonymous) at (0,0) size 11x10
                  RenderText {mo} at (0,-8) size 11x25
                    text run at (0,-8) width 11: "+"
            RenderBlock {mn} at (26,0) size 9x12
              RenderText {#text} at (0,-6) size 8x25
                text run at (0,-6) width 8: "1"
          RenderText {#text} at (189,0) size 111x17
            text run at (189,0) width 111: " with math inline."
      RenderBlock {div} at (0,85) size 784x147
        RenderBlock {h2} at (0,0) size 784x28
          RenderText {#text} at (0,1) size 203x26
            text run at (0,1) width 203: "Fraction Alignment"
        RenderBlock {p} at (0,47) size 784x32
          RenderText {#text} at (0,6) size 27x17
            text run at (0,6) width 27: "text "
          RenderMathMLMath {math} at (27,0) size 38x32 [padding: 0 1 0 1]
            RenderMathMLFraction {mfrac} at (2,0) size 34x32
              RenderMathMLBlock (anonymous, flex) at (0,0) size 34x16
                RenderMathMLRow {mrow} at (0,0) size 34x12
                  RenderBlock {mi} at (0,3) size 9x9
                    RenderText {#text} at (0,-9) size 7x25
                      text run at (0,-9) width 7: "x"
                  RenderMathMLOperator {mo} at (11,2) size 12x10
                    RenderMathMLBlock (flex) {mo} at (0,0) size 11x10
                      RenderBlock (anonymous) at (0,0) size 11x10
                        RenderText {mo} at (0,-8) size 11x25
                          text run at (0,-8) width 11: "+"
                  RenderBlock {mn} at (25,0) size 9x12
                    RenderText {#text} at (0,-6) size 8x25
                      text run at (0,-6) width 8: "1"
              RenderMathMLBlock (anonymous, flex) at (0,15) size 34x17 [padding: 1 0 0 0]
                RenderBlock {mn} at (12,4) size 9x13
                  RenderText {#text} at (0,-6) size 8x25
                    text run at (0,-6) width 8: "2"
          RenderText {#text} at (0,0) size 0x0
        RenderBlock {p} at (0,94) size 784x52
          RenderText {#text} at (0,16) size 27x17
            text run at (0,16) width 27: "text "
          RenderMathMLMath {math} at (27,0) size 84x52 [padding: 0 1 0 1]
            RenderBlock {mi} at (1,22) size 9x9
              RenderText {#text} at (0,-9) size 7x25
                text run at (0,-9) width 7: "x"
            RenderMathMLOperator {mo} at (12,21) size 12x10
              RenderMathMLBlock (flex) {mo} at (0,0) size 11x10
                RenderBlock (anonymous) at (0,0) size 11x10
                  RenderText {mo} at (0,-8) size 11x25
                    text run at (0,-8) width 11: "+"
            RenderMathMLFraction {mfrac} at (27,0) size 55x52 [bgcolor=#FFFF00] [padding: 10 10 10 10]
              RenderMathMLBlock (anonymous, flex) at (10,10) size 34x16
                RenderMathMLRow {mrow} at (0,0) size 34x12
                  RenderBlock {mi} at (0,3) size 9x9
                    RenderText {#text} at (0,-9) size 7x25
                      text run at (0,-9) width 7: "x"
                  RenderMathMLOperator {mo} at (11,2) size 12x10
                    RenderMathMLBlock (flex) {mo} at (0,0) size 11x10
                      RenderBlock (anonymous) at (0,0) size 11x10
                        RenderText {mo} at (0,-8) size 11x25
                          text run at (0,-8) width 11: "+"
                  RenderBlock {mn} at (25,0) size 9x12
                    RenderText {#text} at (0,-6) size 8x25
                      text run at (0,-6) width 8: "1"
              RenderMathMLBlock (anonymous, flex) at (10,25) size 34x17 [padding: 1 0 0 0]
                RenderBlock {mn} at (12,4) size 9x13
                  RenderText {#text} at (0,-6) size 8x25
                    text run at (0,-6) width 8: "2"
          RenderText {#text} at (0,0) size 0x0
      RenderBlock {div} at (0,251) size 784x284
        RenderBlock {h2} at (0,0) size 784x28
          RenderText {#text} at (0,1) size 210x26
            text run at (0,1) width 210: "Operator Stretching"
        RenderBlock {p} at (0,47) size 784x38
          RenderText {#text} at (0,7) size 27x17
            text run at (0,7) width 27: "text "
          RenderMathMLMath {math} at (27,0) size 85x37 [padding: 0 1 0 1]
            RenderMathMLOperator {mo} at (2,0) size 8x37
            RenderBlock {mi} at (11,13) size 9x9
              RenderText {#text} at (0,-9) size 7x25
                text run at (0,-9) width 7: "x"
            RenderMathMLOperator {mo} at (22,12) size 12x10
              RenderMathMLBlock (flex) {mo} at (0,0) size 11x10
                RenderBlock (anonymous) at (0,0) size 11x10
                  RenderText {mo} at (0,-8) size 11x25
                    text run at (0,-8) width 11: "+"
            RenderMathMLFraction {mfrac} at (38,1) size 35x32
              RenderMathMLBlock (anonymous, flex) at (0,0) size 34x16
                RenderMathMLRow {mrow} at (0,0) size 34x12
                  RenderBlock {mi} at (0,3) size 9x9
                    RenderText {#text} at (0,-9) size 7x25
                      text run at (0,-9) width 7: "x"
                  RenderMathMLOperator {mo} at (11,2) size 12x10
                    RenderMathMLBlock (flex) {mo} at (0,0) size 11x10
                      RenderBlock (anonymous) at (0,0) size 11x10
                        RenderText {mo} at (0,-8) size 11x25
                          text run at (0,-8) width 11: "+"
                  RenderBlock {mn} at (25,0) size 9x12
                    RenderText {#text} at (0,-6) size 8x25
                      text run at (0,-6) width 8: "1"
              RenderMathMLBlock (anonymous, flex) at (0,15) size 34x17 [padding: 1 0 0 0]
                RenderBlock {mn} at (12,4) size 9x13
                  RenderText {#text} at (0,-6) size 8x25
                    text run at (0,-6) width 8: "2"
            RenderMathMLOperator {mo} at (74,0) size 8x37
          RenderText {#text} at (0,0) size 0x0
        RenderBlock {p} at (0,100) size 784x85
          RenderText {#text} at (0,35) size 27x17
            text run at (0,35) width 27: "text "
          RenderMathMLMath {math} at (27,0) size 113x84 [padding: 0 1 0 1]
            RenderBlock {mi} at (1,41) size 9x12
              RenderText {#text} at (0,-9) size 7x25
                text run at (0,-9) width 7: "y"
            RenderMathMLOperator {mo} at (12,0) size 8x84
            RenderMathMLUnderOver {munder} at (22,37) size 16x23
              RenderBlock {mi} at (0,0) size 15x16
                RenderText {#text} at (0,-5) size 13x25
                  text run at (0,-5) width 13: "\x{220F}"
              RenderBlock {mi} at (4,16) size 7x7
                RenderText {#text} at (0,-7) size 5x19
                  text run at (0,-7) width 5: "x"
            RenderMathMLFraction {mfrac} at (38,10) size 63x71
              RenderMathMLBlock (anonymous, flex) at (0,0) size 62x35
                RenderMathMLRow {mrow} at (0,0) size 62x32
                  RenderBlock {mi} at (0,12) size 9x9
                    RenderText {#text} at (0,-9) size 7x25
                      text run at (0,-9) width 7: "x"
                  RenderMathMLOperator {mo} at (11,11) size 12x10
                    RenderMathMLBlock (flex) {mo} at (0,0) size 11x10
                      RenderBlock (anonymous) at (0,0) size 11x10
                        RenderText {mo} at (0,-8) size 11x25
                          text run at (0,-8) width 11: "+"
                  RenderMathMLFraction {mfrac} at (26,0) size 35x32
                    RenderMathMLBlock (anonymous, flex) at (0,0) size 34x16
                      RenderMathMLRow {mrow} at (0,0) size 34x12
                        RenderBlock {mi} at (0,3) size 9x9
                          RenderText {#text} at (0,-9) size 7x25
                            text run at (0,-9) width 7: "x"
                        RenderMathMLOperator {mo} at (11,2) size 12x10
                          RenderMathMLBlock (flex) {mo} at (0,0) size 11x10
                            RenderBlock (anonymous) at (0,0) size 11x10
                              RenderText {mo} at (0,-8) size 11x25
                                text run at (0,-8) width 11: "+"
                        RenderBlock {mn} at (25,0) size 9x12
                          RenderText {#text} at (0,-6) size 8x25
                            text run at (0,-6) width 8: "1"
                    RenderMathMLBlock (anonymous, flex) at (0,15) size 34x17 [padding: 1 0 0 0]
                      RenderBlock {mn} at (12,4) size 9x13
                        RenderText {#text} at (0,-6) size 8x25
                          text run at (0,-6) width 8: "2"
              RenderMathMLBlock (anonymous, flex) at (0,34) size 62x37 [padding: 1 0 0 0]
                RenderMathMLRow {mrow} at (0,4) size 62x32
                  RenderBlock {mi} at (0,12) size 9x9
                    RenderText {#text} at (0,-9) size 7x25
                      text run at (0,-9) width 7: "x"
                  RenderMathMLOperator {mo} at (11,11) size 12x10
                    RenderMathMLBlock (flex) {mo} at (0,0) size 11x10
                      RenderBlock (anonymous) at (0,0) size 11x10
                        RenderText {mo} at (0,-8) size 11x25
                          text run at (0,-8) width 11: "+"
                  RenderMathMLFraction {mfrac} at (26,0) size 35x32
                    RenderMathMLBlock (anonymous, flex) at (0,0) size 34x16
                      RenderMathMLRow {mrow} at (0,0) size 34x12
                        RenderBlock {mi} at (0,3) size 9x9
                          RenderText {#text} at (0,-9) size 7x25
                            text run at (0,-9) width 7: "x"
                        RenderMathMLOperator {mo} at (11,2) size 12x10
                          RenderMathMLBlock (flex) {mo} at (0,0) size 11x10
                            RenderBlock (anonymous) at (0,0) size 11x10
                              RenderText {mo} at (0,-8) size 11x25
                                text run at (0,-8) width 11: "+"
                        RenderBlock {mn} at (25,0) size 9x12
                          RenderText {#text} at (0,-6) size 8x25
                            text run at (0,-6) width 8: "1"
                    RenderMathMLBlock (anonymous, flex) at (0,15) size 34x17 [padding: 1 0 0 0]
                      RenderBlock {mn} at (12,4) size 9x13
                        RenderText {#text} at (0,-6) size 8x25
                          text run at (0,-6) width 8: "2"
            RenderMathMLOperator {mo} at (103,0) size 8x84
          RenderText {#text} at (0,0) size 0x0
        RenderBlock {p} at (0,200) size 784x83
          RenderText {#text} at (0,33) size 27x17
            text run at (0,33) width 27: "text "
          RenderMathMLMath {math} at (27,0) size 107x82 [padding: 0 1 0 1]
            RenderMathMLOperator {mo} at (2,0) size 8x82
            RenderMathMLTable {mtable} at (11,9) size 85x69
              RenderTableSection (anonymous) at (0,0) size 84x69
                RenderTableRow {mtr} at (0,0) size 84x22
                  RenderTableCell {mtd} at (0,0) size 28x22 [r=0 c=0 rs=1 cs=1]
                    RenderMathMLSubSup {msub} at (4,4) size 20x14
                      RenderMathMLBlock (anonymous, flex) at (0,0) size 8x14 [padding: 0 0 5 0]
                        RenderBlock {mi} at (0,0) size 8x9
                          RenderText {#text} at (0,-9) size 8x25
                            text run at (0,-9) width 8: "a"
                      RenderMathMLBlock (anonymous, flex) at (8,4) size 12x10
                        RenderBlock {mn} at (0,0) size 12x10
                          RenderText {#text} at (0,-4) size 12x19
                            text run at (0,-4) width 12: "11"
                  RenderTableCell {mtd} at (28,0) size 28x22 [r=0 c=1 rs=1 cs=1]
                    RenderMathMLSubSup {msub} at (4,4) size 20x14
                      RenderMathMLBlock (anonymous, flex) at (0,0) size 8x14 [padding: 0 0 5 0]
                        RenderBlock {mi} at (0,0) size 8x9
                          RenderText {#text} at (0,-9) size 8x25
                            text run at (0,-9) width 8: "a"
                      RenderMathMLBlock (anonymous, flex) at (8,4) size 12x10
                        RenderBlock {mn} at (0,0) size 12x10
                          RenderText {#text} at (0,-4) size 12x19
                            text run at (0,-4) width 12: "12"
                  RenderTableCell {mtd} at (56,0) size 28x22 [r=0 c=2 rs=1 cs=1]
                    RenderMathMLSubSup {msub} at (4,4) size 20x14
                      RenderMathMLBlock (anonymous, flex) at (0,0) size 8x14 [padding: 0 0 5 0]
                        RenderBlock {mi} at (0,0) size 8x9
                          RenderText {#text} at (0,-9) size 8x25
                            text run at (0,-9) width 8: "a"
                      RenderMathMLBlock (anonymous, flex) at (8,4) size 12x10
                        RenderBlock {mn} at (0,0) size 12x10
                          RenderText {#text} at (0,-4) size 12x19
                            text run at (0,-4) width 12: "13"
                RenderTableRow {mtr} at (0,22) size 84x25
                  RenderTableCell {mtd} at (0,22) size 28x25 [r=1 c=0 rs=1 cs=1]
                    RenderMathMLSubSup {msub} at (4,4) size 20x17
                      RenderMathMLBlock (anonymous, flex) at (0,0) size 8x17 [padding: 0 0 5 0]
                        RenderBlock {mi} at (0,0) size 8x12
                          RenderText {#text} at (0,-6) size 8x25
                            text run at (0,-6) width 8: "b"
                      RenderMathMLBlock (anonymous, flex) at (8,7) size 12x10
                        RenderBlock {mn} at (0,0) size 12x10
                          RenderText {#text} at (0,-4) size 12x19
                            text run at (0,-4) width 12: "21"
                  RenderTableCell {mtd} at (28,22) size 28x25 [r=1 c=1 rs=1 cs=1]
                    RenderMathMLSubSup {msub} at (4,4) size 20x17
                      RenderMathMLBlock (anonymous, flex) at (0,0) size 8x17 [padding: 0 0 5 0]
                        RenderBlock {mi} at (0,0) size 8x12
                          RenderText {#text} at (0,-6) size 8x25
                            text run at (0,-6) width 8: "b"
                      RenderMathMLBlock (anonymous, flex) at (8,7) size 12x10
                        RenderBlock {mn} at (0,0) size 12x10
                          RenderText {#text} at (0,-4) size 12x19
                            text run at (0,-4) width 12: "22"
                  RenderTableCell {mtd} at (56,22) size 28x25 [r=1 c=2 rs=1 cs=1]
                    RenderMathMLSubSup {msub} at (4,4) size 20x17
                      RenderMathMLBlock (anonymous, flex) at (0,0) size 8x17 [padding: 0 0 5 0]
                        RenderBlock {mi} at (0,0) size 8x12
                          RenderText {#text} at (0,-6) size 8x25
                            text run at (0,-6) width 8: "b"
                      RenderMathMLBlock (anonymous, flex) at (8,7) size 12x10
                        RenderBlock {mn} at (0,0) size 12x10
                          RenderText {#text} at (0,-4) size 12x19
                            text run at (0,-4) width 12: "23"
                RenderTableRow {mtr} at (0,47) size 84x22
                  RenderTableCell {mtd} at (0,47) size 28x22 [r=2 c=0 rs=1 cs=1]
                    RenderMathMLSubSup {msub} at (4,4) size 20x14
                      RenderMathMLBlock (anonymous, flex) at (0,0) size 7x14 [padding: 0 0 5 0]
                        RenderBlock {mi} at (0,0) size 7x9
                          RenderText {#text} at (0,-9) size 7x25
                            text run at (0,-9) width 7: "c"
                      RenderMathMLBlock (anonymous, flex) at (7,4) size 12x10
                        RenderBlock {mn} at (0,0) size 12x10
                          RenderText {#text} at (0,-4) size 12x19
                            text run at (0,-4) width 12: "31"
                  RenderTableCell {mtd} at (28,47) size 28x22 [r=2 c=1 rs=1 cs=1]
                    RenderMathMLSubSup {msub} at (4,4) size 20x14
                      RenderMathMLBlock (anonymous, flex) at (0,0) size 7x14 [padding: 0 0 5 0]
                        RenderBlock {mi} at (0,0) size 7x9
                          RenderText {#text} at (0,-9) size 7x25
                            text run at (0,-9) width 7: "c"
                      RenderMathMLBlock (anonymous, flex) at (7,4) size 12x10
                        RenderBlock {mn} at (0,0) size 12x10
                          RenderText {#text} at (0,-4) size 12x19
                            text run at (0,-4) width 12: "32"
                  RenderTableCell {mtd} at (56,47) size 28x22 [r=2 c=2 rs=1 cs=1]
                    RenderMathMLSubSup {msub} at (4,4) size 20x14
                      RenderMathMLBlock (anonymous, flex) at (0,0) size 7x14 [padding: 0 0 5 0]
                        RenderBlock {mi} at (0,0) size 7x9
                          RenderText {#text} at (0,-9) size 7x25
                            text run at (0,-9) width 7: "c"
                      RenderMathMLBlock (anonymous, flex) at (7,4) size 12x10
                        RenderBlock {mn} at (0,0) size 12x10
                          RenderText {#text} at (0,-4) size 12x19
                            text run at (0,-4) width 12: "33"
            RenderMathMLOperator {mo} at (96,0) size 8x82
          RenderText {#text} at (0,0) size 0x0
layer at (38,319) size 7x17 scrollHeight 20
  RenderMathMLBlock (flex) {mo} at (0,0) size 7x17
    RenderBlock (anonymous) at (0,0) size 7x17
      RenderText {mo} at (0,-5) size 7x25
        text run at (0,-5) width 7: "\x{239B}"
layer at (38,336) size 7x3 scrollHeight 20
  RenderMathMLBlock (flex) {mo} at (0,17) size 7x3
    RenderBlock (anonymous) at (0,0) size 7x3
layer at (38,339) size 7x17 scrollHeight 20
  RenderMathMLBlock (flex) {mo} at (0,20) size 7x17
    RenderBlock (anonymous) at (0,0) size 7x17
layer at (110,319) size 7x17 scrollHeight 20
  RenderMathMLBlock (flex) {mo} at (0,0) size 7x17
    RenderBlock (anonymous) at (0,0) size 7x17
      RenderText {mo} at (0,-5) size 7x25
        text run at (0,-5) width 7: "\x{239E}"
layer at (110,336) size 7x3 scrollHeight 20
  RenderMathMLBlock (flex) {mo} at (0,17) size 7x3
    RenderBlock (anonymous) at (0,0) size 7x3
layer at (110,339) size 7x17 scrollHeight 20
  RenderMathMLBlock (flex) {mo} at (0,20) size 7x17
    RenderBlock (anonymous) at (0,0) size 7x17
layer at (48,372) size 7x17 scrollHeight 20
  RenderMathMLBlock (flex) {mo} at (0,0) size 7x17
    RenderBlock (anonymous) at (0,0) size 7x17
      RenderText {mo} at (0,-5) size 7x25
        text run at (0,-5) width 7: "\x{239B}"
layer at (48,389) size 7x16 scrollHeight 20
  RenderMathMLBlock (flex) {mo} at (0,17) size 7x16
    RenderBlock (anonymous) at (0,0) size 7x16
layer at (48,405) size 7x16 scrollHeight 20
  RenderMathMLBlock (flex) {mo} at (0,33) size 7x16
    RenderBlock (anonymous) at (0,0) size 7x16
layer at (48,421) size 7x16 scrollHeight 20
  RenderMathMLBlock (flex) {mo} at (0,49) size 7x16
    RenderBlock (anonymous) at (0,0) size 7x16
layer at (48,437) size 7x2 scrollHeight 20
  RenderMathMLBlock (flex) {mo} at (0,65) size 7x2
    RenderBlock (anonymous) at (0,0) size 7x2
layer at (48,439) size 7x17 scrollHeight 20
  RenderMathMLBlock (flex) {mo} at (0,67) size 7x17
    RenderBlock (anonymous) at (0,0) size 7x17
layer at (138,372) size 7x17 scrollHeight 20
  RenderMathMLBlock (flex) {mo} at (0,0) size 7x17
    RenderBlock (anonymous) at (0,0) size 7x17
      RenderText {mo} at (0,-5) size 7x25
        text run at (0,-5) width 7: "\x{239E}"
layer at (138,389) size 7x16 scrollHeight 20
  RenderMathMLBlock (flex) {mo} at (0,17) size 7x16
    RenderBlock (anonymous) at (0,0) size 7x16
layer at (138,405) size 7x16 scrollHeight 20
  RenderMathMLBlock (flex) {mo} at (0,33) size 7x16
    RenderBlock (anonymous) at (0,0) size 7x16
layer at (138,421) size 7x16 scrollHeight 20
  RenderMathMLBlock (flex) {mo} at (0,49) size 7x16
    RenderBlock (anonymous) at (0,0) size 7x16
layer at (138,437) size 7x2 scrollHeight 20
  RenderMathMLBlock (flex) {mo} at (0,65) size 7x2
    RenderBlock (anonymous) at (0,0) size 7x2
layer at (138,439) size 7x17 scrollHeight 20
  RenderMathMLBlock (flex) {mo} at (0,67) size 7x17
    RenderBlock (anonymous) at (0,0) size 7x17
layer at (38,472) size 7x17 scrollHeight 19
  RenderMathMLBlock (flex) {mo} at (0,0) size 7x17
    RenderBlock (anonymous) at (0,0) size 7x17
      RenderText {mo} at (0,-6) size 7x25
        text run at (0,-6) width 7: "\x{23A1}"
layer at (38,489) size 7x16 scrollHeight 19
  RenderMathMLBlock (flex) {mo} at (0,17) size 7x16
    RenderBlock (anonymous) at (0,0) size 7x16
layer at (38,505) size 7x16 scrollHeight 19
  RenderMathMLBlock (flex) {mo} at (0,33) size 7x16
    RenderBlock (anonymous) at (0,0) size 7x16
layer at (38,521) size 7x16 scrollHeight 19
  RenderMathMLBlock (flex) {mo} at (0,49) size 7x16
    RenderBlock (anonymous) at (0,0) size 7x16
layer at (38,537) size 7x17 scrollHeight 19
  RenderMathMLBlock (flex) {mo} at (0,65) size 7x17
    RenderBlock (anonymous) at (0,0) size 7x17
layer at (132,472) size 7x17 scrollHeight 19
  RenderMathMLBlock (flex) {mo} at (0,0) size 7x17
    RenderBlock (anonymous) at (0,0) size 7x17
      RenderText {mo} at (0,-6) size 7x25
        text run at (0,-6) width 7: "\x{23A4}"
layer at (132,489) size 7x16 scrollHeight 19
  RenderMathMLBlock (flex) {mo} at (0,17) size 7x16
    RenderBlock (anonymous) at (0,0) size 7x16
layer at (132,505) size 7x16 scrollHeight 19
  RenderMathMLBlock (flex) {mo} at (0,33) size 7x16
    RenderBlock (anonymous) at (0,0) size 7x16
layer at (132,521) size 7x16 scrollHeight 19
  RenderMathMLBlock (flex) {mo} at (0,49) size 7x16
    RenderBlock (anonymous) at (0,0) size 7x16
layer at (132,537) size 7x17 scrollHeight 19
  RenderMathMLBlock (flex) {mo} at (0,65) size 7x17
    RenderBlock (anonymous) at (0,0) size 7x17
layer at (38,335) size 7x17 backgroundClip at (38,336) size 7x3 clip at (38,336) size 7x3 outlineClip at (38,336) size 7x3
  RenderBlock (relative positioned) {mo} at (0,0) size 7x17
    RenderText {mo} at (0,-5) size 7x25
      text run at (0,-5) width 7: "\x{239C}"
layer at (38,338) size 7x17 backgroundClip at (38,339) size 7x17 clip at (38,339) size 7x17 outlineClip at (38,339) size 7x17
  RenderBlock (relative positioned) {mo} at (0,0) size 7x17
    RenderText {mo} at (0,-5) size 7x25
      text run at (0,-5) width 7: "\x{239D}"
layer at (110,335) size 7x17 backgroundClip at (110,336) size 7x3 clip at (110,336) size 7x3 outlineClip at (110,336) size 7x3
  RenderBlock (relative positioned) {mo} at (0,0) size 7x17
    RenderText {mo} at (0,-5) size 7x25
      text run at (0,-5) width 7: "\x{239F}"
layer at (110,338) size 7x17 backgroundClip at (110,339) size 7x17 clip at (110,339) size 7x17 outlineClip at (110,339) size 7x17
  RenderBlock (relative positioned) {mo} at (0,0) size 7x17
    RenderText {mo} at (0,-5) size 7x25
      text run at (0,-5) width 7: "\x{23A0}"
layer at (48,388) size 7x17 backgroundClip at (48,389) size 7x16 clip at (48,389) size 7x16 outlineClip at (48,389) size 7x16
  RenderBlock (relative positioned) {mo} at (0,0) size 7x17
    RenderText {mo} at (0,-5) size 7x25
      text run at (0,-5) width 7: "\x{239C}"
layer at (48,404) size 7x17 backgroundClip at (48,405) size 7x16 clip at (48,405) size 7x16 outlineClip at (48,405) size 7x16
  RenderBlock (relative positioned) {mo} at (0,0) size 7x17
    RenderText {mo} at (0,-5) size 7x25
      text run at (0,-5) width 7: "\x{239C}"
layer at (48,420) size 7x17 backgroundClip at (48,421) size 7x16 clip at (48,421) size 7x16 outlineClip at (48,421) size 7x16
  RenderBlock (relative positioned) {mo} at (0,0) size 7x17
    RenderText {mo} at (0,-5) size 7x25
      text run at (0,-5) width 7: "\x{239C}"
layer at (48,436) size 7x17 backgroundClip at (48,437) size 7x2 clip at (48,437) size 7x2 outlineClip at (48,437) size 7x2
  RenderBlock (relative positioned) {mo} at (0,0) size 7x17
    RenderText {mo} at (0,-5) size 7x25
      text run at (0,-5) width 7: "\x{239C}"
layer at (48,438) size 7x17 backgroundClip at (48,439) size 7x17 clip at (48,439) size 7x17 outlineClip at (48,439) size 7x17
  RenderBlock (relative positioned) {mo} at (0,0) size 7x17
    RenderText {mo} at (0,-5) size 7x25
      text run at (0,-5) width 7: "\x{239D}"
layer at (138,388) size 7x17 backgroundClip at (138,389) size 7x16 clip at (138,389) size 7x16 outlineClip at (138,389) size 7x16
  RenderBlock (relative positioned) {mo} at (0,0) size 7x17
    RenderText {mo} at (0,-5) size 7x25
      text run at (0,-5) width 7: "\x{239F}"
layer at (138,404) size 7x17 backgroundClip at (138,405) size 7x16 clip at (138,405) size 7x16 outlineClip at (138,405) size 7x16
  RenderBlock (relative positioned) {mo} at (0,0) size 7x17
    RenderText {mo} at (0,-5) size 7x25
      text run at (0,-5) width 7: "\x{239F}"
layer at (138,420) size 7x17 backgroundClip at (138,421) size 7x16 clip at (138,421) size 7x16 outlineClip at (138,421) size 7x16
  RenderBlock (relative positioned) {mo} at (0,0) size 7x17
    RenderText {mo} at (0,-5) size 7x25
      text run at (0,-5) width 7: "\x{239F}"
layer at (138,436) size 7x17 backgroundClip at (138,437) size 7x2 clip at (138,437) size 7x2 outlineClip at (138,437) size 7x2
  RenderBlock (relative positioned) {mo} at (0,0) size 7x17
    RenderText {mo} at (0,-5) size 7x25
      text run at (0,-5) width 7: "\x{239F}"
layer at (138,438) size 7x17 backgroundClip at (138,439) size 7x17 clip at (138,439) size 7x17 outlineClip at (138,439) size 7x17
  RenderBlock (relative positioned) {mo} at (0,0) size 7x17
    RenderText {mo} at (0,-5) size 7x25
      text run at (0,-5) width 7: "\x{23A0}"
layer at (38,488) size 7x17 backgroundClip at (38,489) size 7x16 clip at (38,489) size 7x16 outlineClip at (38,489) size 7x16
  RenderBlock (relative positioned) {mo} at (0,0) size 7x17
    RenderText {mo} at (0,-6) size 7x25
      text run at (0,-6) width 7: "\x{23A2}"
layer at (38,504) size 7x17 backgroundClip at (38,505) size 7x16 clip at (38,505) size 7x16 outlineClip at (38,505) size 7x16
  RenderBlock (relative positioned) {mo} at (0,0) size 7x17
    RenderText {mo} at (0,-6) size 7x25
      text run at (0,-6) width 7: "\x{23A2}"
layer at (38,520) size 7x17 backgroundClip at (38,521) size 7x16 clip at (38,521) size 7x16 outlineClip at (38,521) size 7x16
  RenderBlock (relative positioned) {mo} at (0,0) size 7x17
    RenderText {mo} at (0,-6) size 7x25
      text run at (0,-6) width 7: "\x{23A2}"
layer at (38,536) size 7x17 backgroundClip at (38,537) size 7x17 clip at (38,537) size 7x17 outlineClip at (38,537) size 7x17
  RenderBlock (relative positioned) {mo} at (0,0) size 7x17
    RenderText {mo} at (0,-6) size 7x25
      text run at (0,-6) width 7: "\x{23A3}"
layer at (132,488) size 7x17 backgroundClip at (132,489) size 7x16 clip at (132,489) size 7x16 outlineClip at (132,489) size 7x16
  RenderBlock (relative positioned) {mo} at (0,0) size 7x17
    RenderText {mo} at (0,-6) size 7x25
      text run at (0,-6) width 7: "\x{23A5}"
layer at (132,504) size 7x17 backgroundClip at (132,505) size 7x16 clip at (132,505) size 7x16 outlineClip at (132,505) size 7x16
  RenderBlock (relative positioned) {mo} at (0,0) size 7x17
    RenderText {mo} at (0,-6) size 7x25
      text run at (0,-6) width 7: "\x{23A5}"
layer at (132,520) size 7x17 backgroundClip at (132,521) size 7x16 clip at (132,521) size 7x16 outlineClip at (132,521) size 7x16
  RenderBlock (relative positioned) {mo} at (0,0) size 7x17
    RenderText {mo} at (0,-6) size 7x25
      text run at (0,-6) width 7: "\x{23A5}"
layer at (132,536) size 7x17 backgroundClip at (132,537) size 7x17 clip at (132,537) size 7x17 outlineClip at (132,537) size 7x17
  RenderBlock (relative positioned) {mo} at (0,0) size 7x17
    RenderText {mo} at (0,-6) size 7x25
      text run at (0,-6) width 7: "\x{23A6}"
