layer at (0,0) size 800x600
  RenderView at (0,0) size 800x600
layer at (0,0) size 800x172
  RenderBlock {html} at (0,0) size 800x172
    RenderBody {body} at (8,16) size 784x140
      RenderBlock {p} at (0,0) size 784x36 [bgcolor=#FFFFFF]
        RenderText {#text} at (0,0) size 747x17
          text run at (0,0) width 225: "This paragraph should be unstyled. "
          text run at (225,0) width 449: "The background of the following paragraph should become blue when "
          text run at (674,0) width 73: "you follow "
        RenderInline {a} at (0,0) size 769x35 [color=#0000EE]
          RenderText {#text} at (747,0) size 769x35
            text run at (747,0) width 22: "this"
            text run at (0,18) width 24: "link"
        RenderText {#text} at (24,18) size 4x17
          text run at (24,18) width 4: "."
      RenderBlock {p} at (0,52) size 784x36 [bgcolor=#FFFFFF]
        RenderText {#text} at (0,0) size 731x17
          text run at (0,0) width 276: "This paragraph should initially be unstyled. "
          text run at (276,0) width 455: "It should become blue when you select the link above. When you select "
        RenderInline {a} at (0,0) size 753x35 [color=#0000EE]
          RenderText {#text} at (731,0) size 753x35
            text run at (731,0) width 22: "this"
            text run at (0,18) width 24: "link"
        RenderText {#text} at (24,18) size 628x17
          text run at (24,18) width 269: ", it should return to being unstyled and the "
          text run at (293,18) width 359: "background of the paragraph below should become blue."
      RenderBlock {p} at (0,104) size 784x36 [bgcolor=#FFFFFF]
        RenderText {#text} at (0,0) size 737x17
          text run at (0,0) width 276: "This paragraph should initially be unstyled. "
          text run at (276,0) width 461: "It should become blue when you select the link above. When you follow "
        RenderInline {a} at (0,0) size 759x35 [color=#0000EE]
          RenderText {#text} at (737,0) size 759x35
            text run at (737,0) width 22: "this"
            text run at (0,18) width 24: "link"
        RenderText {#text} at (24,18) size 357x17
          text run at (24,18) width 139: ", the three paragraphs "
          text run at (163,18) width 218: "should all return to being unstyled."
