EDITING DELEGATE: shouldBeginEditingInDOMRange:range from 0 of DIV > BODY > HTML > #document to 3 of DIV > BODY > HTML > #document
EDITING DELEGATE: webViewDidBeginEditing:WebViewDidBeginEditingNotification
EDITING DELEGATE: webViewDidChangeSelection:WebViewDidChangeSelectionNotification
EDITING DELEGATE: webViewDidChangeSelection:WebViewDidChangeSelectionNotification
EDITING DELEGATE: webViewDidChangeSelection:WebViewDidChangeSelectionNotification
EDITING DELEGATE: shouldChangeSelectedDOMRange:range from 3 of DIV > DIV > BODY > HTML > #document to 0 of #text > DIV > DIV > DIV > BODY > HTML > #document toDOMRange:range from 0 of DIV > DIV > DIV > BODY > HTML > #document to 0 of DIV > DIV > DIV > BODY > HTML > #document affinity:NSSelectionAffinityDownstream stillSelecting:FALSE
EDITING DELEGATE: webViewDidChangeSelection:WebViewDidChangeSelectionNotification
EDITING DELEGATE: webViewDidChange:WebViewDidChangeNotification
layer at (0,0) size 800x600
  RenderView at (0,0) size 800x600
layer at (0,0) size 800x600
  RenderBlock {HTML} at (0,0) size 800x600
    RenderBody {BODY} at (8,8) size 784x584
      RenderBlock {DIV} at (0,0) size 784x296 [border: (2px solid #0000FF)]
        RenderBlock {DIV} at (14,14) size 756x84
          RenderText {#text} at (0,1) size 67x26
            text run at (0,1) width 67: "Tests: "
          RenderBR {BR} at (0,0) size 0x0
          RenderText {#text} at (0,29) size 162x26
            text run at (0,29) width 162: "Fix for this bug: "
          RenderInline {A} at (0,0) size 260x26 [color=#0000EE]
            RenderText {#text} at (162,29) size 260x26
              text run at (162,29) width 260: "<rdar://problem/4045521>"
          RenderText {#text} at (422,29) size 734x54
            text run at (422,29) width 312: " Hitting return key with full line"
            text run at (0,57) width 426: "selected does not add blank line as it should"
        RenderBlock {DIV} at (14,114) size 756x168
          RenderBlock (anonymous) at (0,0) size 756x84
            RenderText {#text} at (0,1) size 189x26
              text run at (0,1) width 189: "Expected Results: "
            RenderBR {BR} at (189,22) size 0x0
            RenderText {#text} at (0,29) size 711x54
              text run at (0,29) width 711: "Should see this content in the red box below (note that the insertion point"
              text run at (0,57) width 670: "should be at the start of the third line, immediately preceding \"baz\"):"
          RenderBlock {DIV} at (0,84) size 756x28
            RenderText {#text} at (0,1) size 32x26
              text run at (0,1) width 32: "foo"
          RenderBlock {DIV} at (0,112) size 756x28
            RenderBR {BR} at (0,1) size 0x26
          RenderBlock {DIV} at (0,140) size 756x28
            RenderText {#text} at (0,1) size 34x26
              text run at (0,1) width 34: "baz"
      RenderBlock {DIV} at (0,320) size 784x88
        RenderBlock {DIV} at (0,0) size 784x88 [border: (2px solid #FF0000)]
          RenderBlock {DIV} at (2,2) size 780x28
            RenderText {#text} at (0,1) size 32x26
              text run at (0,1) width 32: "foo"
          RenderBlock {DIV} at (2,30) size 780x28
            RenderBR {BR} at (0,1) size 0x26
          RenderBlock {DIV} at (2,58) size 780x28
            RenderText {#text} at (0,1) size 34x26
              text run at (0,1) width 34: "baz"
caret: position 0 of child 0 {#text} of child 3 {DIV} of child 1 {DIV} of child 3 {DIV} of body
