layer at (0,0) size 800x3229
  RenderView at (0,0) size 800x600
layer at (0,0) size 800x3229
  RenderBlock {HTML} at (0,0) size 800x3229
    RenderBody {BODY} at (8,21) size 784x3192
      RenderBlock {H1} at (0,0) size 784x37
        RenderText {#text} at (0,0) size 272x36
          text run at (0,0) width 272: "Tables and captions"
      RenderBlock {P} at (0,58) size 784x20
        RenderText {#text} at (0,0) size 527x19
          text run at (0,0) width 423: "The table should have width 300px, as should the caption (entirely "
          text run at (423,0) width 104: "above the table):"
      RenderTable {TABLE} at (0,94) size 306x96 [border: (10px solid #008000)]
        RenderBlock {CAPTION} at (0,0) size 306x26 [border: (3px solid #800080)]
          RenderText {#text} at (92,3) size 122x19
            text run at (92,3) width 122: "The table's caption."
        RenderTableSection {TBODY} at (10,36) size 286x50
          RenderTableRow {TR} at (0,2) size 286x22
            RenderTableCell {TD} at (2,2) size 140x22 [r=0 c=0 rs=1 cs=1]
              RenderText {#text} at (1,1) size 30x19
                text run at (1,1) width 30: "Data"
            RenderTableCell {TD} at (144,2) size 140x22 [r=0 c=1 rs=1 cs=1]
              RenderText {#text} at (1,1) size 30x19
                text run at (1,1) width 30: "Data"
          RenderTableRow {TR} at (0,26) size 286x22
            RenderTableCell {TD} at (2,26) size 140x22 [r=1 c=0 rs=1 cs=1]
              RenderText {#text} at (1,1) size 30x19
                text run at (1,1) width 30: "Data"
            RenderTableCell {TD} at (144,26) size 140x22 [r=1 c=1 rs=1 cs=1]
              RenderText {#text} at (1,1) size 30x19
                text run at (1,1) width 30: "Data"
      RenderBlock {P} at (0,206) size 784x20
        RenderText {#text} at (0,0) size 495x19
          text run at (0,0) width 411: "The table should have width 300px, and the caption should have "
          text run at (411,0) width 84: "width 600px."
      RenderTable {TABLE} at (0,242) size 606x96 [border: (10px solid #008000)]
        RenderBlock {CAPTION} at (0,0) size 606x26 [border: (3px solid #800080)]
          RenderText {#text} at (242,3) size 122x19
            text run at (242,3) width 122: "The table's caption."
        RenderTableSection {TBODY} at (10,36) size 586x50
          RenderTableRow {TR} at (0,2) size 586x22
            RenderTableCell {TD} at (2,2) size 290x22 [r=0 c=0 rs=1 cs=1]
              RenderText {#text} at (1,1) size 30x19
                text run at (1,1) width 30: "Data"
            RenderTableCell {TD} at (294,2) size 290x22 [r=0 c=1 rs=1 cs=1]
              RenderText {#text} at (1,1) size 30x19
                text run at (1,1) width 30: "Data"
          RenderTableRow {TR} at (0,26) size 586x22
            RenderTableCell {TD} at (2,26) size 290x22 [r=1 c=0 rs=1 cs=1]
              RenderText {#text} at (1,1) size 30x19
                text run at (1,1) width 30: "Data"
            RenderTableCell {TD} at (294,26) size 290x22 [r=1 c=1 rs=1 cs=1]
              RenderText {#text} at (1,1) size 30x19
                text run at (1,1) width 30: "Data"
      RenderBlock {P} at (0,354) size 784x20
        RenderText {#text} at (0,0) size 495x19
          text run at (0,0) width 411: "The table should have width 600px, and the caption should have "
          text run at (411,0) width 84: "width 300px."
      RenderTable {TABLE} at (0,390) size 600x96 [border: (10px solid #008000)]
        RenderBlock {CAPTION} at (0,0) size 306x26 [border: (3px solid #800080)]
          RenderText {#text} at (92,3) size 122x19
            text run at (92,3) width 122: "The table's caption."
        RenderTableSection {TBODY} at (10,36) size 580x50
          RenderTableRow {TR} at (0,2) size 580x22
            RenderTableCell {TD} at (2,2) size 287x22 [r=0 c=0 rs=1 cs=1]
              RenderText {#text} at (1,1) size 30x19
                text run at (1,1) width 30: "Data"
            RenderTableCell {TD} at (291,2) size 287x22 [r=0 c=1 rs=1 cs=1]
              RenderText {#text} at (1,1) size 30x19
                text run at (1,1) width 30: "Data"
          RenderTableRow {TR} at (0,26) size 580x22
            RenderTableCell {TD} at (2,26) size 287x22 [r=1 c=0 rs=1 cs=1]
              RenderText {#text} at (1,1) size 30x19
                text run at (1,1) width 30: "Data"
            RenderTableCell {TD} at (291,26) size 287x22 [r=1 c=1 rs=1 cs=1]
              RenderText {#text} at (1,1) size 30x19
                text run at (1,1) width 30: "Data"
      RenderBlock {P} at (0,502) size 784x20
        RenderText {#text} at (0,0) size 683x19
          text run at (0,0) width 363: "The next four tables should have their caption on the top, "
          text run at (363,0) width 320: "with a 20px gap between the table and the caption."
      RenderTable {TABLE} at (0,542) size 90x136 [border: (10px solid #008000)]
        RenderBlock {CAPTION} at (0,0) size 70x66 [border: (3px solid #800080)]
          RenderText {#text} at (22,3) size 50x59
            text run at (22,3) width 26: "The"
            text run at (15,23) width 40: "table's"
            text run at (10,43) width 50: "caption."
        RenderTableSection {TBODY} at (10,76) size 70x50
          RenderTableRow {TR} at (0,2) size 70x22
            RenderTableCell {TD} at (2,2) size 32x22 [r=0 c=0 rs=1 cs=1]
              RenderText {#text} at (1,1) size 30x19
                text run at (1,1) width 30: "Data"
            RenderTableCell {TD} at (36,2) size 32x22 [r=0 c=1 rs=1 cs=1]
              RenderText {#text} at (1,1) size 30x19
                text run at (1,1) width 30: "Data"
          RenderTableRow {TR} at (0,26) size 70x22
            RenderTableCell {TD} at (2,26) size 32x22 [r=1 c=0 rs=1 cs=1]
              RenderText {#text} at (1,1) size 30x19
                text run at (1,1) width 30: "Data"
            RenderTableCell {TD} at (36,26) size 32x22 [r=1 c=1 rs=1 cs=1]
              RenderText {#text} at (1,1) size 30x19
                text run at (1,1) width 30: "Data"
      RenderTable {TABLE} at (0,678) size 90x156 [border: (10px solid #008000)]
        RenderBlock {CAPTION} at (0,0) size 70x66 [border: (3px solid #800080)]
          RenderText {#text} at (22,3) size 50x59
            text run at (22,3) width 26: "The"
            text run at (15,23) width 40: "table's"
            text run at (10,43) width 50: "caption."
        RenderTableSection {TBODY} at (10,96) size 70x50
          RenderTableRow {TR} at (0,2) size 70x22
            RenderTableCell {TD} at (2,2) size 32x22 [r=0 c=0 rs=1 cs=1]
              RenderText {#text} at (1,1) size 30x19
                text run at (1,1) width 30: "Data"
            RenderTableCell {TD} at (36,2) size 32x22 [r=0 c=1 rs=1 cs=1]
              RenderText {#text} at (1,1) size 30x19
                text run at (1,1) width 30: "Data"
          RenderTableRow {TR} at (0,26) size 70x22
            RenderTableCell {TD} at (2,26) size 32x22 [r=1 c=0 rs=1 cs=1]
              RenderText {#text} at (1,1) size 30x19
                text run at (1,1) width 30: "Data"
            RenderTableCell {TD} at (36,26) size 32x22 [r=1 c=1 rs=1 cs=1]
              RenderText {#text} at (1,1) size 30x19
                text run at (1,1) width 30: "Data"
      RenderTable {TABLE} at (0,849) size 90x156 [border: (10px solid #008000)]
        RenderBlock {CAPTION} at (0,0) size 70x66 [border: (3px solid #800080)]
          RenderText {#text} at (22,3) size 50x59
            text run at (22,3) width 26: "The"
            text run at (15,23) width 40: "table's"
            text run at (10,43) width 50: "caption."
        RenderTableSection {TBODY} at (10,96) size 70x50
          RenderTableRow {TR} at (0,2) size 70x22
            RenderTableCell {TD} at (2,2) size 32x22 [r=0 c=0 rs=1 cs=1]
              RenderText {#text} at (1,1) size 30x19
                text run at (1,1) width 30: "Data"
            RenderTableCell {TD} at (36,2) size 32x22 [r=0 c=1 rs=1 cs=1]
              RenderText {#text} at (1,1) size 30x19
                text run at (1,1) width 30: "Data"
          RenderTableRow {TR} at (0,26) size 70x22
            RenderTableCell {TD} at (2,26) size 32x22 [r=1 c=0 rs=1 cs=1]
              RenderText {#text} at (1,1) size 30x19
                text run at (1,1) width 30: "Data"
            RenderTableCell {TD} at (36,26) size 32x22 [r=1 c=1 rs=1 cs=1]
              RenderText {#text} at (1,1) size 30x19
                text run at (1,1) width 30: "Data"
      RenderTable {TABLE} at (0,1025) size 90x151 [border: (10px solid #008000)]
        RenderBlock {CAPTION} at (0,0) size 70x66 [border: (3px solid #800080)]
          RenderText {#text} at (22,3) size 50x59
            text run at (22,3) width 26: "The"
            text run at (15,23) width 40: "table's"
            text run at (10,43) width 50: "caption."
        RenderTableSection {TBODY} at (10,91) size 70x50
          RenderTableRow {TR} at (0,2) size 70x22
            RenderTableCell {TD} at (2,2) size 32x22 [r=0 c=0 rs=1 cs=1]
              RenderText {#text} at (1,1) size 30x19
                text run at (1,1) width 30: "Data"
            RenderTableCell {TD} at (36,2) size 32x22 [r=0 c=1 rs=1 cs=1]
              RenderText {#text} at (1,1) size 30x19
                text run at (1,1) width 30: "Data"
          RenderTableRow {TR} at (0,26) size 70x22
            RenderTableCell {TD} at (2,26) size 32x22 [r=1 c=0 rs=1 cs=1]
              RenderText {#text} at (1,1) size 30x19
                text run at (1,1) width 30: "Data"
            RenderTableCell {TD} at (36,26) size 32x22 [r=1 c=1 rs=1 cs=1]
              RenderText {#text} at (1,1) size 30x19
                text run at (1,1) width 30: "Data"
      RenderBlock {P} at (0,1192) size 784x20
        RenderText {#text} at (0,0) size 692x19
          text run at (0,0) width 372: "The next four tables should have their caption on the right, "
          text run at (372,0) width 320: "with a 20px gap between the table and the caption."
      RenderTable {TABLE} at (0,1228) size 90x136 [border: (10px solid #008000)]
        RenderBlock {CAPTION} at (0,0) size 70x66 [border: (3px solid #800080)]
          RenderText {#text} at (22,3) size 50x59
            text run at (22,3) width 26: "The"
            text run at (15,23) width 40: "table's"
            text run at (10,43) width 50: "caption."
        RenderTableSection {TBODY} at (10,76) size 70x50
          RenderTableRow {TR} at (0,2) size 70x22
            RenderTableCell {TD} at (2,2) size 32x22 [r=0 c=0 rs=1 cs=1]
              RenderText {#text} at (1,1) size 30x19
                text run at (1,1) width 30: "Data"
            RenderTableCell {TD} at (36,2) size 32x22 [r=0 c=1 rs=1 cs=1]
              RenderText {#text} at (1,1) size 30x19
                text run at (1,1) width 30: "Data"
          RenderTableRow {TR} at (0,26) size 70x22
            RenderTableCell {TD} at (2,26) size 32x22 [r=1 c=0 rs=1 cs=1]
              RenderText {#text} at (1,1) size 30x19
                text run at (1,1) width 30: "Data"
            RenderTableCell {TD} at (36,26) size 32x22 [r=1 c=1 rs=1 cs=1]
              RenderText {#text} at (1,1) size 30x19
                text run at (1,1) width 30: "Data"
      RenderTable {TABLE} at (0,1364) size 90x136 [border: (10px solid #008000)]
        RenderBlock {CAPTION} at (20,0) size 50x66 [border: (3px solid #800080)]
          RenderText {#text} at (12,3) size 50x59
            text run at (12,3) width 26: "The"
            text run at (5,23) width 40: "table's"
            text run at (3,43) width 50: "caption."
        RenderTableSection {TBODY} at (10,76) size 70x50
          RenderTableRow {TR} at (0,2) size 70x22
            RenderTableCell {TD} at (2,2) size 32x22 [r=0 c=0 rs=1 cs=1]
              RenderText {#text} at (1,1) size 30x19
                text run at (1,1) width 30: "Data"
            RenderTableCell {TD} at (36,2) size 32x22 [r=0 c=1 rs=1 cs=1]
              RenderText {#text} at (1,1) size 30x19
                text run at (1,1) width 30: "Data"
          RenderTableRow {TR} at (0,26) size 70x22
            RenderTableCell {TD} at (2,26) size 32x22 [r=1 c=0 rs=1 cs=1]
              RenderText {#text} at (1,1) size 30x19
                text run at (1,1) width 30: "Data"
            RenderTableCell {TD} at (36,26) size 32x22 [r=1 c=1 rs=1 cs=1]
              RenderText {#text} at (1,1) size 30x19
                text run at (1,1) width 30: "Data"
      RenderTable {TABLE} at (0,1500) size 90x136 [border: (10px solid #008000)]
        RenderBlock {CAPTION} at (20,0) size 50x66 [border: (3px solid #800080)]
          RenderText {#text} at (12,3) size 50x59
            text run at (12,3) width 26: "The"
            text run at (5,23) width 40: "table's"
            text run at (3,43) width 50: "caption."
        RenderTableSection {TBODY} at (10,76) size 70x50
          RenderTableRow {TR} at (0,2) size 70x22
            RenderTableCell {TD} at (2,2) size 32x22 [r=0 c=0 rs=1 cs=1]
              RenderText {#text} at (1,1) size 30x19
                text run at (1,1) width 30: "Data"
            RenderTableCell {TD} at (36,2) size 32x22 [r=0 c=1 rs=1 cs=1]
              RenderText {#text} at (1,1) size 30x19
                text run at (1,1) width 30: "Data"
          RenderTableRow {TR} at (0,26) size 70x22
            RenderTableCell {TD} at (2,26) size 32x22 [r=1 c=0 rs=1 cs=1]
              RenderText {#text} at (1,1) size 30x19
                text run at (1,1) width 30: "Data"
            RenderTableCell {TD} at (36,26) size 32x22 [r=1 c=1 rs=1 cs=1]
              RenderText {#text} at (1,1) size 30x19
                text run at (1,1) width 30: "Data"
      RenderTable {TABLE} at (0,1636) size 90x136 [border: (10px solid #008000)]
        RenderBlock {CAPTION} at (15,0) size 55x66 [border: (3px solid #800080)]
          RenderText {#text} at (15,3) size 50x59
            text run at (15,3) width 25: "The"
            text run at (8,23) width 39: "table's"
            text run at (3,43) width 50: "caption."
        RenderTableSection {TBODY} at (10,76) size 70x50
          RenderTableRow {TR} at (0,2) size 70x22
            RenderTableCell {TD} at (2,2) size 32x22 [r=0 c=0 rs=1 cs=1]
              RenderText {#text} at (1,1) size 30x19
                text run at (1,1) width 30: "Data"
            RenderTableCell {TD} at (36,2) size 32x22 [r=0 c=1 rs=1 cs=1]
              RenderText {#text} at (1,1) size 30x19
                text run at (1,1) width 30: "Data"
          RenderTableRow {TR} at (0,26) size 70x22
            RenderTableCell {TD} at (2,26) size 32x22 [r=1 c=0 rs=1 cs=1]
              RenderText {#text} at (1,1) size 30x19
                text run at (1,1) width 30: "Data"
            RenderTableCell {TD} at (36,26) size 32x22 [r=1 c=1 rs=1 cs=1]
              RenderText {#text} at (1,1) size 30x19
                text run at (1,1) width 30: "Data"
      RenderBlock {P} at (0,1788) size 784x20
        RenderText {#text} at (0,0) size 707x19
          text run at (0,0) width 387: "The next four tables should have their caption on the bottom, "
          text run at (387,0) width 320: "with a 20px gap between the table and the caption."
      RenderTable {TABLE} at (0,1824) size 90x136 [border: (10px solid #008000)]
        RenderBlock {CAPTION} at (0,70) size 70x66 [border: (3px solid #800080)]
          RenderText {#text} at (22,3) size 50x59
            text run at (22,3) width 26: "The"
            text run at (15,23) width 40: "table's"
            text run at (10,43) width 50: "caption."
        RenderTableSection {TBODY} at (10,10) size 70x50
          RenderTableRow {TR} at (0,2) size 70x22
            RenderTableCell {TD} at (2,2) size 32x22 [r=0 c=0 rs=1 cs=1]
              RenderText {#text} at (1,1) size 30x19
                text run at (1,1) width 30: "Data"
            RenderTableCell {TD} at (36,2) size 32x22 [r=0 c=1 rs=1 cs=1]
              RenderText {#text} at (1,1) size 30x19
                text run at (1,1) width 30: "Data"
          RenderTableRow {TR} at (0,26) size 70x22
            RenderTableCell {TD} at (2,26) size 32x22 [r=1 c=0 rs=1 cs=1]
              RenderText {#text} at (1,1) size 30x19
                text run at (1,1) width 30: "Data"
            RenderTableCell {TD} at (36,26) size 32x22 [r=1 c=1 rs=1 cs=1]
              RenderText {#text} at (1,1) size 30x19
                text run at (1,1) width 30: "Data"
      RenderTable {TABLE} at (0,1980) size 90x156 [border: (10px solid #008000)]
        RenderBlock {CAPTION} at (0,70) size 70x66 [border: (3px solid #800080)]
          RenderText {#text} at (22,3) size 50x59
            text run at (22,3) width 26: "The"
            text run at (15,23) width 40: "table's"
            text run at (10,43) width 50: "caption."
        RenderTableSection {TBODY} at (10,10) size 70x50
          RenderTableRow {TR} at (0,2) size 70x22
            RenderTableCell {TD} at (2,2) size 32x22 [r=0 c=0 rs=1 cs=1]
              RenderText {#text} at (1,1) size 30x19
                text run at (1,1) width 30: "Data"
            RenderTableCell {TD} at (36,2) size 32x22 [r=0 c=1 rs=1 cs=1]
              RenderText {#text} at (1,1) size 30x19
                text run at (1,1) width 30: "Data"
          RenderTableRow {TR} at (0,26) size 70x22
            RenderTableCell {TD} at (2,26) size 32x22 [r=1 c=0 rs=1 cs=1]
              RenderText {#text} at (1,1) size 30x19
                text run at (1,1) width 30: "Data"
            RenderTableCell {TD} at (36,26) size 32x22 [r=1 c=1 rs=1 cs=1]
              RenderText {#text} at (1,1) size 30x19
                text run at (1,1) width 30: "Data"
      RenderTable {TABLE} at (0,2136) size 90x156 [border: (10px solid #008000)]
        RenderBlock {CAPTION} at (0,70) size 70x66 [border: (3px solid #800080)]
          RenderText {#text} at (22,3) size 50x59
            text run at (22,3) width 26: "The"
            text run at (15,23) width 40: "table's"
            text run at (10,43) width 50: "caption."
        RenderTableSection {TBODY} at (10,10) size 70x50
          RenderTableRow {TR} at (0,2) size 70x22
            RenderTableCell {TD} at (2,2) size 32x22 [r=0 c=0 rs=1 cs=1]
              RenderText {#text} at (1,1) size 30x19
                text run at (1,1) width 30: "Data"
            RenderTableCell {TD} at (36,2) size 32x22 [r=0 c=1 rs=1 cs=1]
              RenderText {#text} at (1,1) size 30x19
                text run at (1,1) width 30: "Data"
          RenderTableRow {TR} at (0,26) size 70x22
            RenderTableCell {TD} at (2,26) size 32x22 [r=1 c=0 rs=1 cs=1]
              RenderText {#text} at (1,1) size 30x19
                text run at (1,1) width 30: "Data"
            RenderTableCell {TD} at (36,26) size 32x22 [r=1 c=1 rs=1 cs=1]
              RenderText {#text} at (1,1) size 30x19
                text run at (1,1) width 30: "Data"
      RenderTable {TABLE} at (0,2307) size 90x151 [border: (10px solid #008000)]
        RenderBlock {CAPTION} at (0,70) size 70x66 [border: (3px solid #800080)]
          RenderText {#text} at (22,3) size 50x59
            text run at (22,3) width 26: "The"
            text run at (15,23) width 40: "table's"
            text run at (10,43) width 50: "caption."
        RenderTableSection {TBODY} at (10,10) size 70x50
          RenderTableRow {TR} at (0,2) size 70x22
            RenderTableCell {TD} at (2,2) size 32x22 [r=0 c=0 rs=1 cs=1]
              RenderText {#text} at (1,1) size 30x19
                text run at (1,1) width 30: "Data"
            RenderTableCell {TD} at (36,2) size 32x22 [r=0 c=1 rs=1 cs=1]
              RenderText {#text} at (1,1) size 30x19
                text run at (1,1) width 30: "Data"
          RenderTableRow {TR} at (0,26) size 70x22
            RenderTableCell {TD} at (2,26) size 32x22 [r=1 c=0 rs=1 cs=1]
              RenderText {#text} at (1,1) size 30x19
                text run at (1,1) width 30: "Data"
            RenderTableCell {TD} at (36,26) size 32x22 [r=1 c=1 rs=1 cs=1]
              RenderText {#text} at (1,1) size 30x19
                text run at (1,1) width 30: "Data"
      RenderBlock {P} at (0,2478) size 784x20
        RenderText {#text} at (0,0) size 683x19
          text run at (0,0) width 363: "The next four tables should have their caption on the left, "
          text run at (363,0) width 320: "with a 20px gap between the table and the caption."
      RenderTable {TABLE} at (20,2514) size 90x136 [border: (10px solid #008000)]
        RenderBlock {CAPTION} at (0,0) size 70x66 [border: (3px solid #800080)]
          RenderText {#text} at (22,3) size 50x59
            text run at (22,3) width 26: "The"
            text run at (15,23) width 40: "table's"
            text run at (10,43) width 50: "caption."
        RenderTableSection {TBODY} at (10,76) size 70x50
          RenderTableRow {TR} at (0,2) size 70x22
            RenderTableCell {TD} at (2,2) size 32x22 [r=0 c=0 rs=1 cs=1]
              RenderText {#text} at (1,1) size 30x19
                text run at (1,1) width 30: "Data"
            RenderTableCell {TD} at (36,2) size 32x22 [r=0 c=1 rs=1 cs=1]
              RenderText {#text} at (1,1) size 30x19
                text run at (1,1) width 30: "Data"
          RenderTableRow {TR} at (0,26) size 70x22
            RenderTableCell {TD} at (2,26) size 32x22 [r=1 c=0 rs=1 cs=1]
              RenderText {#text} at (1,1) size 30x19
                text run at (1,1) width 30: "Data"
            RenderTableCell {TD} at (36,26) size 32x22 [r=1 c=1 rs=1 cs=1]
              RenderText {#text} at (1,1) size 30x19
                text run at (1,1) width 30: "Data"
      RenderTable {TABLE} at (0,2650) size 90x136 [border: (10px solid #008000)]
        RenderBlock {CAPTION} at (0,0) size 50x66 [border: (3px solid #800080)]
          RenderText {#text} at (12,3) size 50x59
            text run at (12,3) width 26: "The"
            text run at (5,23) width 40: "table's"
            text run at (3,43) width 50: "caption."
        RenderTableSection {TBODY} at (10,76) size 70x50
          RenderTableRow {TR} at (0,2) size 70x22
            RenderTableCell {TD} at (2,2) size 32x22 [r=0 c=0 rs=1 cs=1]
              RenderText {#text} at (1,1) size 30x19
                text run at (1,1) width 30: "Data"
            RenderTableCell {TD} at (36,2) size 32x22 [r=0 c=1 rs=1 cs=1]
              RenderText {#text} at (1,1) size 30x19
                text run at (1,1) width 30: "Data"
          RenderTableRow {TR} at (0,26) size 70x22
            RenderTableCell {TD} at (2,26) size 32x22 [r=1 c=0 rs=1 cs=1]
              RenderText {#text} at (1,1) size 30x19
                text run at (1,1) width 30: "Data"
            RenderTableCell {TD} at (36,26) size 32x22 [r=1 c=1 rs=1 cs=1]
              RenderText {#text} at (1,1) size 30x19
                text run at (1,1) width 30: "Data"
      RenderTable {TABLE} at (15,2786) size 90x136 [border: (10px solid #008000)]
        RenderBlock {CAPTION} at (0,0) size 50x66 [border: (3px solid #800080)]
          RenderText {#text} at (12,3) size 50x59
            text run at (12,3) width 26: "The"
            text run at (5,23) width 40: "table's"
            text run at (3,43) width 50: "caption."
        RenderTableSection {TBODY} at (10,76) size 70x50
          RenderTableRow {TR} at (0,2) size 70x22
            RenderTableCell {TD} at (2,2) size 32x22 [r=0 c=0 rs=1 cs=1]
              RenderText {#text} at (1,1) size 30x19
                text run at (1,1) width 30: "Data"
            RenderTableCell {TD} at (36,2) size 32x22 [r=0 c=1 rs=1 cs=1]
              RenderText {#text} at (1,1) size 30x19
                text run at (1,1) width 30: "Data"
          RenderTableRow {TR} at (0,26) size 70x22
            RenderTableCell {TD} at (2,26) size 32x22 [r=1 c=0 rs=1 cs=1]
              RenderText {#text} at (1,1) size 30x19
                text run at (1,1) width 30: "Data"
            RenderTableCell {TD} at (36,26) size 32x22 [r=1 c=1 rs=1 cs=1]
              RenderText {#text} at (1,1) size 30x19
                text run at (1,1) width 30: "Data"
      RenderTable {TABLE} at (20,2922) size 90x136 [border: (10px solid #008000)]
        RenderBlock {CAPTION} at (0,0) size 55x66 [border: (3px solid #800080)]
          RenderText {#text} at (15,3) size 50x59
            text run at (15,3) width 25: "The"
            text run at (8,23) width 39: "table's"
            text run at (3,43) width 50: "caption."
        RenderTableSection {TBODY} at (10,76) size 70x50
          RenderTableRow {TR} at (0,2) size 70x22
            RenderTableCell {TD} at (2,2) size 32x22 [r=0 c=0 rs=1 cs=1]
              RenderText {#text} at (1,1) size 30x19
                text run at (1,1) width 30: "Data"
            RenderTableCell {TD} at (36,2) size 32x22 [r=0 c=1 rs=1 cs=1]
              RenderText {#text} at (1,1) size 30x19
                text run at (1,1) width 30: "Data"
          RenderTableRow {TR} at (0,26) size 70x22
            RenderTableCell {TD} at (2,26) size 32x22 [r=1 c=0 rs=1 cs=1]
              RenderText {#text} at (1,1) size 30x19
                text run at (1,1) width 30: "Data"
            RenderTableCell {TD} at (36,26) size 32x22 [r=1 c=1 rs=1 cs=1]
              RenderText {#text} at (1,1) size 30x19
                text run at (1,1) width 30: "Data"
      RenderBlock {HR} at (0,3066) size 784x2 [border: (1px inset #000000)]
      RenderBlock {P} at (0,3084) size 784x36
        RenderInline {A} at (0,0) size 88x19 [color=#0000EE]
          RenderImage {IMG} at (0,0) size 88x31
      RenderBlock {P} at (0,3136) size 784x20
        RenderText {#text} at (0,0) size 58x19
          text run at (0,0) width 58: "(Back to "
        RenderInline {A} at (0,0) size 158x19 [color=#0000EE]
          RenderText {#text} at (58,0) size 158x19
            text run at (58,0) width 158: "CSS Testing Information"
        RenderText {#text} at (216,0) size 8x19
          text run at (216,0) width 8: ", "
        RenderInline {A} at (0,0) size 82x19 [color=#0000EE]
          RenderText {#text} at (224,0) size 82x19
            text run at (224,0) width 82: "David Baron"
        RenderText {#text} at (306,0) size 5x19
          text run at (306,0) width 5: ")"
      RenderBlock {P} at (0,3172) size 784x20
        RenderInline {A} at (0,0) size 33x19 [color=#0000EE]
          RenderText {#text} at (0,0) size 33x19
            text run at (0,0) width 33: "LDB"
        RenderText {#text} at (33,0) size 8x19
          text run at (33,0) width 8: ", "
        RenderInline {A} at (0,0) size 156x19 [color=#0000EE]
          RenderText {#text} at (41,0) size 156x19
            text run at (41,0) width 156: "dbaron@fas.harvard.edu"
