layer at (0,0) size 800x600
  RenderView at (0,0) size 800x600
layer at (0,0) size 38x27
  RenderTable {table} at (0,0) size 38x27
    RenderTableSection (anonymous) at (0,0) size 38x27
      RenderTableRow {tr} at (0,2) size 38x23
        RenderTableCell {td} at (2,2) size 34x23 [r=0 c=0 rs=1 cs=1]
          RenderText {#text} at (1,2) size 32x19
            text run at (1,2) width 32: "a test"
