layer at (0,0) size 800x600
  RenderView at (0,0) size 800x600
layer at (0,0) size 800x600
  RenderBlock {HTML} at (0,0) size 800x600
    RenderBody {BODY} at (8,8) size 784x584
      RenderBlock {P} at (0,0) size 784x20
        RenderText {#text} at (0,0) size 136x19
          text run at (0,0) width 136: "A paragraph of text"
      RenderTable {TABLE} at (0,36) size 280x370 [border: (1px outset #808080)]
        RenderTableSection {THEAD} at (1,1) size 278x28
          RenderTableRow {TR} at (0,2) size 278x24
            RenderTableCell {TH} at (2,2) size 67x24 [border: (1px inset #808080)] [r=0 c=0 rs=1 cs=1]
              RenderText {#text} at (2,2) size 63x19
                text run at (2,2) width 63: "column 1"
            RenderTableCell {TH} at (71,2) size 67x24 [border: (1px inset #808080)] [r=0 c=1 rs=1 cs=1]
              RenderText {#text} at (2,2) size 63x19
                text run at (2,2) width 63: "column 2"
            RenderTableCell {TH} at (140,2) size 67x24 [border: (1px inset #808080)] [r=0 c=2 rs=1 cs=1]
              RenderText {#text} at (2,2) size 63x19
                text run at (2,2) width 63: "column 3"
            RenderTableCell {TH} at (209,2) size 67x24 [border: (1px inset #808080)] [r=0 c=3 rs=1 cs=1]
              RenderText {#text} at (2,2) size 63x19
                text run at (2,2) width 63: "column 4"
        RenderTableSection {TBODY} at (1,29) size 278x340
          RenderTableRow {TR} at (0,2) size 278x24
            RenderTableCell {TD} at (2,2) size 67x24 [border: (1px inset #808080)] [r=0 c=0 rs=1 cs=1]
              RenderText {#text} at (2,2) size 24x19
                text run at (2,2) width 24: "one"
            RenderTableCell {TD} at (71,2) size 67x24 [border: (1px inset #808080)] [r=0 c=1 rs=1 cs=1]
              RenderText {#text} at (2,2) size 25x19
                text run at (2,2) width 25: "two"
            RenderTableCell {TD} at (140,2) size 67x24 [border: (1px inset #808080)] [r=0 c=2 rs=1 cs=1]
              RenderText {#text} at (2,2) size 32x19
                text run at (2,2) width 32: "three"
            RenderTableCell {TD} at (209,2) size 67x24 [border: (1px inset #808080)] [r=0 c=3 rs=1 cs=1]
              RenderText {#text} at (2,2) size 27x19
                text run at (2,2) width 27: "four"
          RenderTableRow {TR} at (0,28) size 278x24
            RenderTableCell {TD} at (2,28) size 67x24 [border: (1px inset #808080)] [r=1 c=0 rs=1 cs=1]
              RenderText {#text} at (2,2) size 24x19
                text run at (2,2) width 24: "one"
            RenderTableCell {TD} at (71,28) size 67x24 [border: (1px inset #808080)] [r=1 c=1 rs=1 cs=1]
              RenderText {#text} at (2,2) size 25x19
                text run at (2,2) width 25: "two"
            RenderTableCell {TD} at (140,28) size 67x24 [border: (1px inset #808080)] [r=1 c=2 rs=1 cs=1]
              RenderText {#text} at (2,2) size 32x19
                text run at (2,2) width 32: "three"
            RenderTableCell {TD} at (209,28) size 67x24 [border: (1px inset #808080)] [r=1 c=3 rs=1 cs=1]
              RenderText {#text} at (2,2) size 27x19
                text run at (2,2) width 27: "four"
          RenderTableRow {TR} at (0,54) size 278x24
            RenderTableCell {TD} at (2,54) size 67x24 [border: (1px inset #808080)] [r=2 c=0 rs=1 cs=1]
              RenderText {#text} at (2,2) size 24x19
                text run at (2,2) width 24: "one"
            RenderTableCell {TD} at (71,54) size 67x24 [border: (1px inset #808080)] [r=2 c=1 rs=1 cs=1]
              RenderText {#text} at (2,2) size 25x19
                text run at (2,2) width 25: "two"
            RenderTableCell {TD} at (140,54) size 67x24 [border: (1px inset #808080)] [r=2 c=2 rs=1 cs=1]
              RenderText {#text} at (2,2) size 32x19
                text run at (2,2) width 32: "three"
            RenderTableCell {TD} at (209,54) size 67x24 [border: (1px inset #808080)] [r=2 c=3 rs=1 cs=1]
              RenderText {#text} at (2,2) size 27x19
                text run at (2,2) width 27: "four"
          RenderTableRow {TR} at (0,80) size 278x24
            RenderTableCell {TD} at (2,80) size 67x24 [border: (1px inset #808080)] [r=3 c=0 rs=1 cs=1]
              RenderText {#text} at (2,2) size 24x19
                text run at (2,2) width 24: "one"
            RenderTableCell {TD} at (71,80) size 67x24 [border: (1px inset #808080)] [r=3 c=1 rs=1 cs=1]
              RenderText {#text} at (2,2) size 25x19
                text run at (2,2) width 25: "two"
            RenderTableCell {TD} at (140,80) size 67x24 [border: (1px inset #808080)] [r=3 c=2 rs=1 cs=1]
              RenderText {#text} at (2,2) size 32x19
                text run at (2,2) width 32: "three"
            RenderTableCell {TD} at (209,80) size 67x24 [border: (1px inset #808080)] [r=3 c=3 rs=1 cs=1]
              RenderText {#text} at (2,2) size 27x19
                text run at (2,2) width 27: "four"
          RenderTableRow {TR} at (0,106) size 278x24
            RenderTableCell {TD} at (2,106) size 67x24 [border: (1px inset #808080)] [r=4 c=0 rs=1 cs=1]
              RenderText {#text} at (2,2) size 24x19
                text run at (2,2) width 24: "one"
            RenderTableCell {TD} at (71,106) size 67x24 [border: (1px inset #808080)] [r=4 c=1 rs=1 cs=1]
              RenderText {#text} at (2,2) size 25x19
                text run at (2,2) width 25: "two"
            RenderTableCell {TD} at (140,106) size 67x24 [border: (1px inset #808080)] [r=4 c=2 rs=1 cs=1]
              RenderText {#text} at (2,2) size 32x19
                text run at (2,2) width 32: "three"
            RenderTableCell {TD} at (209,106) size 67x24 [border: (1px inset #808080)] [r=4 c=3 rs=1 cs=1]
              RenderText {#text} at (2,2) size 27x19
                text run at (2,2) width 27: "four"
          RenderTableRow {TR} at (0,132) size 278x24
            RenderTableCell {TD} at (2,132) size 67x24 [border: (1px inset #808080)] [r=5 c=0 rs=1 cs=1]
              RenderText {#text} at (2,2) size 24x19
                text run at (2,2) width 24: "one"
            RenderTableCell {TD} at (71,132) size 67x24 [border: (1px inset #808080)] [r=5 c=1 rs=1 cs=1]
              RenderText {#text} at (2,2) size 25x19
                text run at (2,2) width 25: "two"
            RenderTableCell {TD} at (140,132) size 67x24 [border: (1px inset #808080)] [r=5 c=2 rs=1 cs=1]
              RenderText {#text} at (2,2) size 32x19
                text run at (2,2) width 32: "three"
            RenderTableCell {TD} at (209,132) size 67x24 [border: (1px inset #808080)] [r=5 c=3 rs=1 cs=1]
              RenderText {#text} at (2,2) size 27x19
                text run at (2,2) width 27: "four"
          RenderTableRow {TR} at (0,158) size 278x24
            RenderTableCell {TD} at (2,158) size 67x24 [border: (1px inset #808080)] [r=6 c=0 rs=1 cs=1]
              RenderText {#text} at (2,2) size 24x19
                text run at (2,2) width 24: "one"
            RenderTableCell {TD} at (71,158) size 67x24 [border: (1px inset #808080)] [r=6 c=1 rs=1 cs=1]
              RenderText {#text} at (2,2) size 25x19
                text run at (2,2) width 25: "two"
            RenderTableCell {TD} at (140,158) size 67x24 [border: (1px inset #808080)] [r=6 c=2 rs=1 cs=1]
              RenderText {#text} at (2,2) size 32x19
                text run at (2,2) width 32: "three"
            RenderTableCell {TD} at (209,158) size 67x24 [border: (1px inset #808080)] [r=6 c=3 rs=1 cs=1]
              RenderText {#text} at (2,2) size 27x19
                text run at (2,2) width 27: "four"
          RenderTableRow {TR} at (0,184) size 278x24
            RenderTableCell {TD} at (2,184) size 67x24 [border: (1px inset #808080)] [r=7 c=0 rs=1 cs=1]
              RenderText {#text} at (2,2) size 24x19
                text run at (2,2) width 24: "one"
            RenderTableCell {TD} at (71,184) size 67x24 [border: (1px inset #808080)] [r=7 c=1 rs=1 cs=1]
              RenderText {#text} at (2,2) size 25x19
                text run at (2,2) width 25: "two"
            RenderTableCell {TD} at (140,184) size 67x24 [border: (1px inset #808080)] [r=7 c=2 rs=1 cs=1]
              RenderText {#text} at (2,2) size 32x19
                text run at (2,2) width 32: "three"
            RenderTableCell {TD} at (209,184) size 67x24 [border: (1px inset #808080)] [r=7 c=3 rs=1 cs=1]
              RenderText {#text} at (2,2) size 27x19
                text run at (2,2) width 27: "four"
          RenderTableRow {TR} at (0,210) size 278x24
            RenderTableCell {TD} at (2,210) size 67x24 [border: (1px inset #808080)] [r=8 c=0 rs=1 cs=1]
              RenderText {#text} at (2,2) size 24x19
                text run at (2,2) width 24: "one"
            RenderTableCell {TD} at (71,210) size 67x24 [border: (1px inset #808080)] [r=8 c=1 rs=1 cs=1]
              RenderText {#text} at (2,2) size 25x19
                text run at (2,2) width 25: "two"
            RenderTableCell {TD} at (140,210) size 67x24 [border: (1px inset #808080)] [r=8 c=2 rs=1 cs=1]
              RenderText {#text} at (2,2) size 32x19
                text run at (2,2) width 32: "three"
            RenderTableCell {TD} at (209,210) size 67x24 [border: (1px inset #808080)] [r=8 c=3 rs=1 cs=1]
              RenderText {#text} at (2,2) size 27x19
                text run at (2,2) width 27: "four"
          RenderTableRow {TR} at (0,236) size 278x24
            RenderTableCell {TD} at (2,236) size 67x24 [border: (1px inset #808080)] [r=9 c=0 rs=1 cs=1]
              RenderText {#text} at (2,2) size 24x19
                text run at (2,2) width 24: "one"
            RenderTableCell {TD} at (71,236) size 67x24 [border: (1px inset #808080)] [r=9 c=1 rs=1 cs=1]
              RenderText {#text} at (2,2) size 25x19
                text run at (2,2) width 25: "two"
            RenderTableCell {TD} at (140,236) size 67x24 [border: (1px inset #808080)] [r=9 c=2 rs=1 cs=1]
              RenderText {#text} at (2,2) size 32x19
                text run at (2,2) width 32: "three"
            RenderTableCell {TD} at (209,236) size 67x24 [border: (1px inset #808080)] [r=9 c=3 rs=1 cs=1]
              RenderText {#text} at (2,2) size 27x19
                text run at (2,2) width 27: "four"
          RenderTableRow {TR} at (0,262) size 278x24
            RenderTableCell {TD} at (2,262) size 67x24 [border: (1px inset #808080)] [r=10 c=0 rs=1 cs=1]
              RenderText {#text} at (2,2) size 24x19
                text run at (2,2) width 24: "one"
            RenderTableCell {TD} at (71,262) size 67x24 [border: (1px inset #808080)] [r=10 c=1 rs=1 cs=1]
              RenderText {#text} at (2,2) size 25x19
                text run at (2,2) width 25: "two"
            RenderTableCell {TD} at (140,262) size 67x24 [border: (1px inset #808080)] [r=10 c=2 rs=1 cs=1]
              RenderText {#text} at (2,2) size 32x19
                text run at (2,2) width 32: "three"
            RenderTableCell {TD} at (209,262) size 67x24 [border: (1px inset #808080)] [r=10 c=3 rs=1 cs=1]
              RenderText {#text} at (2,2) size 27x19
                text run at (2,2) width 27: "four"
          RenderTableRow {TR} at (0,288) size 278x24
            RenderTableCell {TD} at (2,288) size 67x24 [border: (1px inset #808080)] [r=11 c=0 rs=1 cs=1]
              RenderText {#text} at (2,2) size 24x19
                text run at (2,2) width 24: "one"
            RenderTableCell {TD} at (71,288) size 67x24 [border: (1px inset #808080)] [r=11 c=1 rs=1 cs=1]
              RenderText {#text} at (2,2) size 25x19
                text run at (2,2) width 25: "two"
            RenderTableCell {TD} at (140,288) size 67x24 [border: (1px inset #808080)] [r=11 c=2 rs=1 cs=1]
              RenderText {#text} at (2,2) size 32x19
                text run at (2,2) width 32: "three"
            RenderTableCell {TD} at (209,288) size 67x24 [border: (1px inset #808080)] [r=11 c=3 rs=1 cs=1]
              RenderText {#text} at (2,2) size 27x19
                text run at (2,2) width 27: "four"
          RenderTableRow {TR} at (0,314) size 278x24
            RenderTableCell {TD} at (2,314) size 67x24 [border: (1px inset #808080)] [r=12 c=0 rs=1 cs=1]
              RenderText {#text} at (2,2) size 24x19
                text run at (2,2) width 24: "one"
            RenderTableCell {TD} at (71,314) size 67x24 [border: (1px inset #808080)] [r=12 c=1 rs=1 cs=1]
              RenderText {#text} at (2,2) size 25x19
                text run at (2,2) width 25: "two"
            RenderTableCell {TD} at (140,314) size 67x24 [border: (1px inset #808080)] [r=12 c=2 rs=1 cs=1]
              RenderText {#text} at (2,2) size 32x19
                text run at (2,2) width 32: "three"
            RenderTableCell {TD} at (209,314) size 67x24 [border: (1px inset #808080)] [r=12 c=3 rs=1 cs=1]
              RenderText {#text} at (2,2) size 27x19
                text run at (2,2) width 27: "four"
