layer at (0,0) size 800x600
  RenderView at (0,0) size 800x600
layer at (0,0) size 800x600
  RenderBlock {HTML} at (0,0) size 800x600
    RenderBody {BODY} at (8,8) size 784x584
      RenderTable {TABLE} at (0,0) size 259x242 [border: (1px outset #808080)]
        RenderTableSection {TBODY} at (1,1) size 257x240
          RenderTableRow {TR} at (0,2) size 257x24
            RenderTableCell {TD} at (2,12) size 41x4 [border: (1px inset #808080)] [r=0 c=0 rs=1 cs=1]
            RenderTableCell {TD} at (45,2) size 76x24 [border: (1px inset #808080)] [r=0 c=1 rs=1 cs=1]
              RenderText {#text} at (2,2) size 31x19
                text run at (2,2) width 31: "col 1"
            RenderTableCell {TD} at (123,2) size 54x24 [border: (1px inset #808080)] [r=0 c=2 rs=1 cs=1]
              RenderText {#text} at (2,2) size 31x19
                text run at (2,2) width 31: "col 2"
            RenderTableCell {TD} at (179,2) size 76x24 [border: (1px inset #808080)] [r=0 c=3 rs=1 cs=1]
              RenderText {#text} at (2,2) size 31x19
                text run at (2,2) width 31: "col 3"
          RenderTableRow {TR} at (0,28) size 257x24
            RenderTableCell {TD} at (2,28) size 41x24 [border: (1px inset #808080)] [r=1 c=0 rs=1 cs=1]
              RenderText {#text} at (2,2) size 37x19
                text run at (2,2) width 37: "row 1"
            RenderTableCell {TD} at (45,28) size 210x210 [border: (1px inset #808080)] [r=1 c=1 rs=3 cs=3]
              RenderBlock (floating) {DIV} at (2,2) size 206x206 [border: (3px solid #FF0000)]
                RenderText {#text} at (84,3) size 38x19
                  text run at (84,3) width 38: "tjosan"
          RenderTableRow {TR} at (0,54) size 257x50
            RenderTableCell {TD} at (2,67) size 41x24 [border: (1px inset #808080)] [r=2 c=0 rs=1 cs=1]
              RenderText {#text} at (2,2) size 37x19
                text run at (2,2) width 37: "row 2"
          RenderTableRow {TR} at (0,106) size 257x132
            RenderTableCell {TD} at (2,160) size 41x24 [border: (1px inset #808080)] [r=3 c=0 rs=1 cs=1]
              RenderText {#text} at (2,2) size 37x19
                text run at (2,2) width 37: "row 3"
      RenderBlock (anonymous) at (0,242) size 784x28
        RenderButton {INPUT} at (2,2) size 58x24 [bgcolor=#C0C0C0] [border: (2px outset #C0C0C0)]
          RenderBlock (anonymous) at (8,4) size 42x16
            RenderText at (0,0) size 42x16
              text run at (0,0) width 42: "expand"
        RenderText {#text} at (62,4) size 4x19
          text run at (62,4) width 4: " "
        RenderButton {INPUT} at (68,2) size 47x24 [bgcolor=#C0C0C0] [border: (2px outset #C0C0C0)]
          RenderBlock (anonymous) at (8,4) size 31x16
            RenderText at (0,0) size 31x16
              text run at (0,0) width 31: "sizes"
        RenderText {#text} at (0,0) size 0x0
