layer at (0,0) size 800x600
  RenderView at (0,0) size 800x600
layer at (0,0) size 800x376
  RenderBlock {HTML} at (0,0) size 800x376
    RenderBody {BODY} at (8,8) size 784x360
      RenderTable {TABLE} at (0,0) size 142x56 [border: (1px outset #808080)]
        RenderTableSection {TBODY} at (1,1) size 140x54
          RenderTableRow {TR} at (0,2) size 140x24
            RenderTableCell {TD} at (2,2) size 70x24 [border: (1px inset #808080)] [r=0 c=0 rs=1 cs=1]
              RenderText {#text} at (2,2) size 66x19
                text run at (2,2) width 66: "rowspan 0"
            RenderTableCell {TD} at (74,2) size 64x24 [border: (1px inset #808080)] [r=0 c=1 rs=1 cs=1]
              RenderText {#text} at (2,2) size 60x19
                text run at (2,2) width 60: "colspan 0"
          RenderTableRow {TR} at (0,28) size 140x24
            RenderTableCell {TD} at (2,28) size 70x24 [border: (1px inset #808080)] [r=1 c=0 rs=1 cs=1]
              RenderText {#text} at (2,2) size 8x19
                text run at (2,2) width 8: "5"
            RenderTableCell {TD} at (74,28) size 64x24 [border: (1px inset #808080)] [r=1 c=1 rs=1 cs=1]
              RenderText {#text} at (2,2) size 8x19
                text run at (2,2) width 8: "6"
      RenderBlock (anonymous) at (0,56) size 784x20
        RenderBR {BR} at (0,0) size 0x19
      RenderTable {TABLE} at (0,76) size 98x56 [border: (1px outset #808080)]
        RenderTableSection {TBODY} at (1,1) size 96x54
          RenderTableRow {TR} at (0,2) size 96x24
            RenderTableCell {TD} at (2,2) size 64x24 [border: (1px inset #808080)] [r=0 c=0 rs=1 cs=1]
              RenderText {#text} at (2,2) size 60x19
                text run at (2,2) width 60: "colspan 0"
            RenderTableCell {TD} at (68,2) size 12x24 [border: (1px inset #808080)] [r=0 c=1 rs=1 cs=1]
              RenderText {#text} at (2,2) size 8x19
                text run at (2,2) width 8: "3"
          RenderTableRow {TR} at (0,28) size 96x24
            RenderTableCell {TD} at (2,28) size 64x24 [border: (1px inset #808080)] [r=1 c=0 rs=1 cs=1]
              RenderText {#text} at (2,2) size 8x19
                text run at (2,2) width 8: "4"
            RenderTableCell {TD} at (68,28) size 12x24 [border: (1px inset #808080)] [r=1 c=1 rs=1 cs=1]
              RenderText {#text} at (2,2) size 8x19
                text run at (2,2) width 8: "5"
            RenderTableCell {TD} at (82,28) size 12x24 [border: (1px inset #808080)] [r=1 c=2 rs=1 cs=1]
              RenderText {#text} at (2,2) size 8x19
                text run at (2,2) width 8: "6"
      RenderBlock (anonymous) at (0,132) size 784x20
        RenderBR {BR} at (0,0) size 0x19
      RenderTable {TABLE} at (0,152) size 168x56 [border: (1px outset #808080)]
        RenderTableSection {TBODY} at (1,1) size 166x54
          RenderTableRow {TR} at (0,2) size 166x24
            RenderTableCell {TD} at (2,2) size 12x24 [border: (1px inset #808080)] [r=0 c=0 rs=1 cs=1]
              RenderText {#text} at (2,2) size 8x19
                text run at (2,2) width 8: "1"
            RenderTableCell {TD} at (16,15) size 134x24 [border: (1px inset #808080)] [r=0 c=1 rs=2 cs=1]
              RenderText {#text} at (2,2) size 130x19
                text run at (2,2) width 130: "rowspan 0 colspan 0"
          RenderTableRow {TR} at (0,28) size 166x24
            RenderTableCell {TD} at (2,28) size 12x24 [border: (1px inset #808080)] [r=1 c=0 rs=1 cs=1]
              RenderText {#text} at (2,2) size 8x19
                text run at (2,2) width 8: "4"
            RenderTableCell {TD} at (152,28) size 12x24 [border: (1px inset #808080)] [r=1 c=2 rs=1 cs=1]
              RenderText {#text} at (2,2) size 8x19
                text run at (2,2) width 8: "6"
      RenderBlock (anonymous) at (0,208) size 784x20
        RenderBR {BR} at (0,0) size 0x19
      RenderTable {TABLE} at (0,228) size 32x56 [border: (1px outset #808080)]
        RenderTableSection {TBODY} at (1,1) size 30x54
          RenderTableRow {TR} at (0,2) size 30x24
            RenderTableCell {TD} at (2,2) size 12x24 [border: (1px inset #808080)] [r=0 c=0 rs=1 cs=1]
              RenderText {#text} at (2,2) size 8x19
                text run at (2,2) width 8: "1"
            RenderTableCell {TD} at (16,15) size 12x24 [border: (1px inset #808080)] [r=0 c=1 rs=2 cs=1]
              RenderText {#text} at (2,2) size 8x19
                text run at (2,2) width 8: "2"
          RenderTableRow {TR} at (0,28) size 30x24
            RenderTableCell {TD} at (2,28) size 12x24 [border: (1px inset #808080)] [r=1 c=0 rs=1 cs=1]
              RenderText {#text} at (2,2) size 8x19
                text run at (2,2) width 8: "3"
      RenderBlock (anonymous) at (0,284) size 784x20
        RenderBR {BR} at (0,0) size 0x19
      RenderTable {TABLE} at (0,304) size 142x56 [border: (1px outset #808080)]
        RenderTableSection {TBODY} at (1,1) size 140x54
          RenderTableRow {TR} at (0,2) size 140x24
            RenderTableCell {TD} at (2,2) size 31x24 [border: (1px inset #808080)] [r=0 c=0 rs=1 cs=1]
              RenderText {#text} at (2,2) size 27x19
                text run at (2,2) width 27: "auto"
            RenderTableCell {TD} at (35,2) size 70x24 [border: (1px inset #808080)] [r=0 c=1 rs=1 cs=1]
              RenderText {#text} at (2,2) size 66x19
                text run at (2,2) width 66: "rowspan 0"
            RenderTableCell {TD} at (107,2) size 31x24 [border: (1px inset #808080)] [r=0 c=2 rs=1 cs=1]
              RenderText {#text} at (2,2) size 27x19
                text run at (2,2) width 27: "auto"
          RenderTableRow {TR} at (0,28) size 140x24
            RenderTableCell {TD} at (2,28) size 31x24 [border: (1px inset #808080)] [r=1 c=0 rs=1 cs=1]
              RenderText {#text} at (2,2) size 27x19
                text run at (2,2) width 27: "auto"
            RenderTableCell {TD} at (35,28) size 70x24 [border: (1px inset #808080)] [r=1 c=1 rs=1 cs=1]
              RenderText {#text} at (2,2) size 27x19
                text run at (2,2) width 27: "auto"
            RenderTableCell {TD} at (107,28) size 31x24 [border: (1px inset #808080)] [r=1 c=2 rs=1 cs=1]
              RenderText {#text} at (2,2) size 27x19
                text run at (2,2) width 27: "auto"
