layer at (0,0) size 800x600
  RenderView at (0,0) size 800x600
layer at (0,0) size 800x600
  RenderBlock {HTML} at (0,0) size 800x600
    RenderBody {BODY} at (8,8) size 784x576
      RenderBlock {FORM} at (0,0) size 784x97
        RenderTable {TABLE} at (0,0) size 352x97 [border: (1px outset #808080)]
          RenderTableSection {TBODY} at (1,1) size 350x95
            RenderTableRow {TR} at (0,2) size 350x91
              RenderTableCell {TD} at (2,2) size 346x91 [border: (1px inset #808080)] [r=0 c=0 rs=1 cs=1]
                RenderTable {TABLE} at (2,2) size 342x87 [border: (2px outset #808080)]
                  RenderTableSection {TBODY} at (2,2) size 338x83
                    RenderTableRow {TR} at (0,2) size 338x44
                      RenderTableCell {TD} at (2,2) size 96x44 [border: (1px inset #808080)] [r=0 c=0 rs=1 cs=1]
                        RenderText {#text} at (2,2) size 57x39
                          text run at (2,2) width 55: "Member"
                          text run at (2,22) width 57: "Number:"
                      RenderTableCell {TD} at (100,7) size 230x33 [border: (1px inset #808080)] [r=0 c=1 rs=1 cs=1]
                        RenderTextControl {INPUT} at (4,4) size 198x25 [bgcolor=#FFFFFF] [border: (2px inset #000000)]
                        RenderText {#text} at (0,0) size 0x0
                    RenderTableRow {TR} at (0,48) size 338x33
                      RenderTableCell {TD} at (2,52) size 96x24 [border: (1px inset #808080)] [r=1 c=0 rs=1 cs=1]
                        RenderText {#text} at (2,2) size 31x19
                          text run at (2,2) width 31: "PIN:"
                      RenderTableCell {TD} at (100,48) size 230x33 [border: (1px inset #808080)] [r=1 c=1 rs=1 cs=1]
                        RenderTextControl {INPUT} at (4,4) size 198x25 [bgcolor=#FFFFFF] [border: (2px inset #000000)]
                        RenderText {#text} at (0,0) size 0x0
                      RenderTableCell {TD} at (332,62) size 4x4 [border: (1px inset #808080)] [r=1 c=2 rs=1 cs=1]
layer at (122,29) size 192x19
  RenderBlock {DIV} at (3,3) size 192x19
layer at (122,70) size 192x19
  RenderBlock {DIV} at (3,3) size 192x19
