layer at (0,0) size 800x2371
  RenderView at (0,0) size 800x600
layer at (0,0) size 800x2371
  RenderBlock {HTML} at (0,0) size 800x2371
    RenderBody {BODY} at (8,8) size 784x2355 [bgcolor=#CCCCCC]
      RenderBlock {P} at (0,0) size 784x18
        RenderText {#text} at (0,0) size 363x17
          text run at (0,0) width 363: "The style declarations which apply to the text below are:"
      RenderBlock {PRE} at (0,34) size 784x120
        RenderText {#text} at (0,0) size 504x120
          text run at (0,0) width 208: "IMG.one {display: inline;}"
          text run at (208,0) width 0: " "
          text run at (0,15) width 200: "IMG.two {display: block;}"
          text run at (200,15) width 0: " "
          text run at (0,30) width 208: "IMG.three {display: block;"
          text run at (208,30) width 0: " "
          text run at (0,45) width 504: "           margin-right: auto; margin-left: auto; width: auto;}"
          text run at (504,45) width 0: " "
          text run at (0,60) width 200: "IMG.four {display: block;"
          text run at (200,60) width 0: " "
          text run at (0,75) width 488: "          margin-right: auto; margin-left: auto; width: 50%;}"
          text run at (488,75) width 0: " "
          text run at (0,90) width 200: "IMG.five {display: block;"
          text run at (200,90) width 0: " "
          text run at (0,105) width 464: "          margin-right: 0; margin-left: auto; width: 50%;}"
          text run at (464,105) width 0: " "
      RenderBlock {HR} at (0,167) size 784x2 [border: (1px inset #000000)]
      RenderBlock {P} at (0,185) size 784x20
        RenderImage {IMG} at (0,0) size 15x15
        RenderText {#text} at (15,2) size 442x17
          text run at (15,2) width 442: "The image at the beginning of this sentence should be a 15px square."
      RenderImage {IMG} at (0,221) size 15x15
      RenderBlock {P} at (0,252) size 784x18
        RenderText {#text} at (0,0) size 498x17
          text run at (0,0) width 498: "The above image should be a 15px square with the same left edge as this text."
      RenderImage {IMG} at (384,286) size 15x15
      RenderBlock {P} at (0,317) size 784x18
        RenderText {#text} at (0,0) size 407x17
          text run at (0,0) width 407: "The above image should be a 15px square aligned at the center."
      RenderImage {IMG} at (196,351) size 392x392
      RenderBlock {P} at (0,759) size 784x36
        RenderText {#text} at (0,0) size 783x35
          text run at (0,0) width 783: "The above image should be a square resized so its width is 50% of the its parent element, and centered horizontally within"
          text run at (0,18) width 127: "the parent element: "
          text run at (126,18) width 405: "the document body in the first half, and the table in the second."
      RenderImage {IMG} at (392,811) size 392x392
      RenderBlock {P} at (0,1219) size 784x36
        RenderText {#text} at (0,0) size 774x35
          text run at (0,0) width 774: "The above image should be a square resized so its width is 50% of its parent element, and aligned at the right edge of the"
          text run at (0,18) width 104: "parent element: "
          text run at (103,18) width 404: "the document body in the first half, and the table in the second."
      RenderTable {TABLE} at (0,1271) size 784x1084 [border: (1px outset #808080)]
        RenderTableSection {TBODY} at (1,1) size 782x1082
          RenderTableRow {TR} at (0,0) size 782x26
            RenderTableCell {TD} at (0,0) size 782x26 [bgcolor=#C0C0C0] [border: (1px inset #808080)] [r=0 c=0 rs=1 cs=2]
              RenderInline {STRONG} at (0,0) size 163x17
                RenderText {#text} at (4,4) size 163x17
                  text run at (4,4) width 163: "TABLE Testing Section"
          RenderTableRow {TR} at (0,26) size 782x1056
            RenderTableCell {TD} at (0,541) size 12x26 [bgcolor=#C0C0C0] [border: (1px inset #808080)] [r=1 c=0 rs=1 cs=1]
              RenderText {#text} at (4,4) size 4x17
                text run at (4,4) width 4: " "
            RenderTableCell {TD} at (12,26) size 770x1056 [border: (1px inset #808080)] [r=1 c=1 rs=1 cs=1]
              RenderBlock {P} at (4,4) size 762x20
                RenderImage {IMG} at (0,0) size 15x15
                RenderText {#text} at (15,2) size 442x17
                  text run at (15,2) width 442: "The image at the beginning of this sentence should be a 15px square."
              RenderImage {IMG} at (4,40) size 15x15
              RenderBlock {P} at (4,71) size 762x18
                RenderText {#text} at (0,0) size 498x17
                  text run at (0,0) width 498: "The above image should be a 15px square with the same left edge as this text."
              RenderImage {IMG} at (377,105) size 15x15
              RenderBlock {P} at (4,136) size 762x18
                RenderText {#text} at (0,0) size 407x17
                  text run at (0,0) width 407: "The above image should be a 15px square aligned at the center."
              RenderImage {IMG} at (194,170) size 381x381
              RenderBlock {P} at (4,567) size 762x36
                RenderText {#text} at (0,0) size 738x35
                  text run at (0,0) width 738: "The above image should be a square resized so its width is 50% of the its parent element, and centered horizontally"
                  text run at (0,18) width 172: "within the parent element: "
                  text run at (171,18) width 405: "the document body in the first half, and the table in the second."
              RenderImage {IMG} at (385,619) size 381x381
              RenderBlock {P} at (4,1016) size 762x36
                RenderText {#text} at (0,0) size 751x35
                  text run at (0,0) width 751: "The above image should be a square resized so its width is 50% of its parent element, and aligned at the right edge of"
                  text run at (0,18) width 127: "the parent element: "
                  text run at (126,18) width 405: "the document body in the first half, and the table in the second."
