layer at (0,0) size 800x600
  RenderView at (0,0) size 800x600
layer at (0,0) size 800x432
  RenderBlock {HTML} at (0,0) size 800x432
    RenderBody {BODY} at (8,16) size 784x400
      RenderBlock {P} at (0,0) size 784x18 [color=#000080]
        RenderText {#text} at (0,0) size 230x17
          text run at (0,0) width 230: "This sentence should be underlined."
      RenderBlock {P} at (0,34) size 784x18 [color=#000080]
        RenderText {#text} at (0,0) size 222x17
          text run at (0,0) width 222: "This sentence should be overlined."
      RenderBlock {P} at (0,68) size 784x18 [color=#000080]
        RenderText {#text} at (0,0) size 237x17
          text run at (0,0) width 237: "This sentence should be stricken out."
      RenderBlock {P} at (0,102) size 784x18 [color=#000080]
        RenderText {#text} at (0,0) size 377x17
          text run at (0,0) width 377: "This sentence should be blinking (if the UA supports that)."
      RenderBlock {P} at (0,136) size 784x18 [color=#000080]
        RenderText {#text} at (0,0) size 231x17
          text run at (0,0) width 231: "The sentence should be underlined. "
        RenderInline {B} at (0,0) size 241x17
          RenderText {#text} at (230,0) size 241x17
            text run at (230,0) width 241: "This sentence should be underlined"
        RenderText {#text} at (470,0) size 5x17
          text run at (470,0) width 5: "."
      RenderBlock {P} at (0,170) size 784x18 [color=#000080]
        RenderText {#text} at (0,0) size 322x17
          text run at (0,0) width 322: "This sentence should be underlined and overlined."
      RenderBlock {P} at (0,204) size 784x18 [color=#000080]
        RenderText {#text} at (0,0) size 385x17
          text run at (0,0) width 385: "This sentence should be underlined, overlined, and stricken."
      RenderBlock {DIV} at (0,238) size 784x0 [color=#FF0000]
      RenderBlock {P} at (0,238) size 784x20 [color=#000080]
        RenderText {#text} at (0,2) size 291x17
          text run at (0,2) width 291: "There should be no red at the end of this line."
        RenderImage {IMG} at (290,0) size 15x15 [color=#FF0000]
        RenderText {#text} at (305,2) size 5x17
          text run at (305,2) width 5: " "
      RenderBlock {P} at (0,274) size 784x40 [color=#000080]
        RenderText {#text} at (0,4) size 204x17
          text run at (0,4) width 204: "The text of this sentence and all"
        RenderInline {SPAN} at (0,0) size 5x17
          RenderText {#text} at (203,4) size 5x17
            text run at (203,4) width 5: " "
        RenderText {#text} at (207,4) size 16x17
          text run at (207,4) width 16: "its"
        RenderInline {SPAN} at (0,0) size 5x17
          RenderText {#text} at (222,4) size 5x17
            text run at (222,4) width 5: " "
        RenderText {#text} at (226,4) size 316x17
          text run at (226,4) width 316: "spaces (including the space between the images) "
        RenderImage {IMG} at (541,0) size 17x17 [color=#FF0000]
        RenderText {#text} at (558,4) size 5x17
          text run at (558,4) width 5: " "
        RenderImage {IMG} at (562,0) size 17x17 [color=#FF0000]
        RenderText {#text} at (579,4) size 770x35
          text run at (579,4) width 5: " "
          text run at (583,4) width 187: "should be underlined, but the"
          text run at (0,22) width 172: "images themselves should "
        RenderInline {EM} at (0,0) size 21x17
          RenderText {#text} at (171,22) size 21x17
            text run at (171,22) width 21: "not"
        RenderText {#text} at (191,22) size 97x17
          text run at (191,22) width 97: " be underlined."
      RenderBlock {P} at (0,330) size 784x36 [color=#000080]
        RenderText {#text} at (0,0) size 577x17
          text run at (0,0) width 486: "This sentence should have a long blue underline including between the two "
          text run at (485,0) width 92: "arrows here\x{2192}"
        RenderInline {SPAN} at (0,0) size 163x17 [color=#FFFFFF]
          RenderText {#text} at (576,0) size 163x17
            text run at (576,0) width 163: " FAIL FAIL FAIL FAIL "
        RenderText {#text} at (738,0) size 778x35
          text run at (738,0) width 40: "\x{2190}and"
          text run at (0,18) width 32: "here."
      RenderBlock {P} at (0,382) size 784x18 [color=#000080]
        RenderText {#text} at (0,0) size 348x17
          text run at (0,0) width 348: "There should be a long blue underline between here\x{2192}"
        RenderInline {SPAN} at (0,0) size 89x17
          RenderText {#text} at (347,0) size 89x17
            text run at (347,0) width 89: "                      "
        RenderText {#text} at (435,0) size 76x17
          text run at (435,0) width 76: "\x{2190}and here."
