layer at (0,0) size 800x600
  RenderView at (0,0) size 800x600
layer at (0,0) size 800x189
  RenderBlock {HTML} at (0,0) size 800x189
    RenderBody {BODY} at (8,16) size 784x40
      RenderBlock {P} at (0,0) size 784x40
        RenderText {#text} at (0,0) size 108x19
          text run at (0,0) width 108: "There should be "
        RenderInline {STRONG} at (0,0) size 146x19
          RenderText {#text} at (107,0) size 146x19
            text run at (107,0) width 146: "5 filled green squares"
        RenderText {#text} at (252,0) size 189x19
          text run at (252,0) width 189: " with the same width and the "
        RenderInline {STRONG} at (0,0) size 83x19
          RenderText {#text} at (440,0) size 83x19
            text run at (440,0) width 83: "same height"
        RenderText {#text} at (522,0) size 241x19
          text run at (522,0) width 241: ". The 5 filled green squares should be"
        RenderInline {STRONG} at (0,0) size 59x19
          RenderText {#text} at (0,20) size 59x19
            text run at (0,20) width 59: "identical"
        RenderText {#text} at (58,20) size 456x19
          text run at (58,20) width 456: " to each other. This should still remain true even after a window resize."
      RenderBlock {DIV} at (0,56) size 784x0
        RenderImage {IMG} at (0,0) size 117x117
        RenderImage {IMG} at (117,0) size 5x5
        RenderImage {IMG} at (122,0) size 117x117
        RenderImage {IMG} at (239,0) size 5x5
        RenderImage {IMG} at (244,0) size 117x117
        RenderImage {IMG} at (361,0) size 5x5
        RenderImage {IMG} at (366,0) size 117x117
        RenderImage {IMG} at (483,0) size 5x5
        RenderImage {IMG} at (488,0) size 117x117
