layer at (0,0) size 800x600
  RenderView at (0,0) size 800x600
layer at (0,0) size 800x202
  RenderBlock {HTML} at (0,0) size 800x202
    RenderBody {BODY} at (8,16) size 784x178
      RenderBlock {P} at (0,0) size 784x40
        RenderText {#text} at (0,0) size 108x19
          text run at (0,0) width 108: "There should be "
        RenderInline {STRONG} at (0,0) size 146x19
          RenderText {#text} at (107,0) size 146x19
            text run at (107,0) width 146: "5 filled green squares"
        RenderText {#text} at (252,0) size 189x19
          text run at (252,0) width 189: " with the same width and the "
        RenderInline {STRONG} at (0,0) size 83x19
          RenderText {#text} at (440,0) size 83x19
            text run at (440,0) width 83: "same height"
        RenderText {#text} at (522,0) size 241x19
          text run at (522,0) width 241: ". The 5 filled green squares should be"
        RenderInline {STRONG} at (0,0) size 59x19
          RenderText {#text} at (0,20) size 59x19
            text run at (0,20) width 59: "identical"
        RenderText {#text} at (58,20) size 456x19
          text run at (58,20) width 456: " to each other. This should still remain true even after a window resize."
      RenderBlock {DIV} at (0,56) size 784x122
        RenderImage {IMG} at (0,0) size 117x117
        RenderText {#text} at (117,102) size 4x19
          text run at (117,102) width 4: " "
        RenderImage {IMG} at (121,0) size 117x117
        RenderText {#text} at (238,102) size 4x19
          text run at (238,102) width 4: " "
        RenderImage {IMG} at (242,0) size 117x117
        RenderText {#text} at (359,102) size 4x19
          text run at (359,102) width 4: " "
        RenderImage {IMG} at (363,0) size 117x117
        RenderText {#text} at (480,102) size 4x19
          text run at (480,102) width 4: " "
        RenderImage {IMG} at (484,0) size 117x117
        RenderText {#text} at (0,0) size 0x0
