layer at (0,0) size 800x600
  RenderView at (0,0) size 800x600
layer at (0,0) size 800x274
  RenderBlock {HTML} at (0,0) size 800x274
    RenderBody {BODY} at (8,8) size 784x258
      RenderBlock {DIV} at (0,0) size 784x18
        RenderText {#text} at (0,0) size 305x17
          text run at (0,0) width 305: "All twenty images should be identically square."
      RenderBlock (anonymous) at (0,18) size 784x240
        RenderInline {P} at (0,0) size 75x17
          RenderImage {IMG} at (0,0) size 75x75
        RenderText {#text} at (75,62) size 4x17
          text run at (75,62) width 4: " "
        RenderText {#text} at (0,0) size 0x0
        RenderInline {P} at (0,0) size 75x17
          RenderImage {IMG} at (79,0) size 75x75
        RenderText {#text} at (154,62) size 4x17
          text run at (154,62) width 4: " "
        RenderText {#text} at (0,0) size 0x0
        RenderInline {P} at (0,0) size 75x17
          RenderImage {IMG} at (158,0) size 75x75
        RenderText {#text} at (233,62) size 4x17
          text run at (233,62) width 4: " "
        RenderText {#text} at (0,0) size 0x0
        RenderInline {P} at (0,0) size 75x17
          RenderImage {IMG} at (237,0) size 75x75
        RenderText {#text} at (312,62) size 4x17
          text run at (312,62) width 4: " "
        RenderText {#text} at (0,0) size 0x0
        RenderInline {P} at (0,0) size 75x17
          RenderImage {IMG} at (316,0) size 75x75
        RenderText {#text} at (391,62) size 4x17
          text run at (391,62) width 4: " "
        RenderText {#text} at (0,0) size 0x0
        RenderInline {P} at (0,0) size 75x17
          RenderImage {IMG} at (395,0) size 75x75
        RenderText {#text} at (470,62) size 4x17
          text run at (470,62) width 4: " "
        RenderText {#text} at (0,0) size 0x0
        RenderInline {P} at (0,0) size 75x17
          RenderImage {IMG} at (474,0) size 75x75
        RenderText {#text} at (549,62) size 4x17
          text run at (549,62) width 4: " "
        RenderText {#text} at (0,0) size 0x0
        RenderInline {P} at (0,0) size 75x17
          RenderImage {IMG} at (553,0) size 75x75
        RenderText {#text} at (628,62) size 4x17
          text run at (628,62) width 4: " "
        RenderText {#text} at (0,0) size 0x0
        RenderInline {P} at (0,0) size 75x17
          RenderImage {IMG} at (632,0) size 75x75
        RenderText {#text} at (0,0) size 0x0
        RenderText {#text} at (0,0) size 0x0
        RenderInline {P} at (0,0) size 75x17
          RenderImage {IMG} at (0,80) size 75x75
        RenderText {#text} at (75,142) size 4x17
          text run at (75,142) width 4: " "
        RenderText {#text} at (0,0) size 0x0
        RenderInline {P} at (0,0) size 75x17
          RenderImage {IMG} at (79,80) size 75x75
        RenderText {#text} at (154,142) size 4x17
          text run at (154,142) width 4: " "
        RenderText {#text} at (0,0) size 0x0
        RenderInline {P} at (0,0) size 75x17
          RenderImage {IMG} at (158,80) size 75x75
        RenderText {#text} at (233,142) size 4x17
          text run at (233,142) width 4: " "
        RenderText {#text} at (0,0) size 0x0
        RenderInline {P} at (0,0) size 75x17
          RenderImage {IMG} at (237,80) size 75x75
        RenderText {#text} at (312,142) size 4x17
          text run at (312,142) width 4: " "
        RenderText {#text} at (0,0) size 0x0
        RenderInline {P} at (0,0) size 75x17
          RenderImage {IMG} at (316,80) size 75x75
        RenderText {#text} at (391,142) size 4x17
          text run at (391,142) width 4: " "
        RenderText {#text} at (0,0) size 0x0
        RenderInline {P} at (0,0) size 75x17
          RenderImage {IMG} at (395,80) size 75x75
        RenderText {#text} at (470,142) size 4x17
          text run at (470,142) width 4: " "
        RenderText {#text} at (0,0) size 0x0
        RenderInline {P} at (0,0) size 75x17
          RenderImage {IMG} at (474,80) size 75x75
        RenderText {#text} at (549,142) size 4x17
          text run at (549,142) width 4: " "
        RenderText {#text} at (0,0) size 0x0
        RenderInline {P} at (0,0) size 75x17
          RenderImage {IMG} at (553,80) size 75x75
        RenderText {#text} at (628,142) size 4x17
          text run at (628,142) width 4: " "
        RenderText {#text} at (0,0) size 0x0
        RenderInline {P} at (0,0) size 75x17
          RenderImage {IMG} at (632,80) size 75x75
        RenderText {#text} at (0,0) size 0x0
        RenderText {#text} at (0,0) size 0x0
        RenderInline {P} at (0,0) size 75x17
          RenderImage {IMG} at (0,160) size 75x75
        RenderText {#text} at (75,222) size 4x17
          text run at (75,222) width 4: " "
        RenderText {#text} at (0,0) size 0x0
        RenderInline {P} at (0,0) size 75x17
          RenderImage {IMG} at (79,160) size 75x75
        RenderText {#text} at (0,0) size 0x0
        RenderText {#text} at (0,0) size 0x0
