layer at (0,0) size 800x600
  RenderView at (0,0) size 800x600
layer at (0,0) size 800x600
  RenderBlock {HTML} at (0,0) size 800x600
    RenderBody {BODY} at (8,8) size 784x584
      RenderButton {BUTTON} at (0,13) size 40x10 [bgcolor=#C0C0C0] [border: (2px outset #C0C0C0)]
        RenderBlock (anonymous) at (8,2) size 24x6
          RenderText {#text} at (0,0) size 24x6
            text run at (0,0) width 24: "Test Button"
      RenderText {#text} at (40,5) size 4x19
        text run at (40,5) width 4: " "
      RenderButton {BUTTON} at (44,12) size 45x11 [bgcolor=#C0C0C0] [border: (2px outset #C0C0C0)]
        RenderBlock (anonymous) at (8,2) size 29x7
          RenderText {#text} at (0,0) size 29x7
            text run at (0,0) width 29: "Test Button"
      RenderText {#text} at (89,5) size 4x19
        text run at (89,5) width 4: " "
      RenderButton {BUTTON} at (93,11) size 49x13 [bgcolor=#C0C0C0] [border: (2px outset #C0C0C0)]
        RenderBlock (anonymous) at (8,2) size 33x9
          RenderText {#text} at (0,0) size 33x9
            text run at (0,0) width 33: "Test Button"
      RenderText {#text} at (142,5) size 4x19
        text run at (142,5) width 4: " "
      RenderButton {BUTTON} at (146,10) size 54x14 [bgcolor=#C0C0C0] [border: (2px outset #C0C0C0)]
        RenderBlock (anonymous) at (8,2) size 38x10
          RenderText {#text} at (0,0) size 38x10
            text run at (0,0) width 38: "Test Button"
      RenderText {#text} at (200,5) size 4x19
        text run at (200,5) width 4: " "
      RenderButton {BUTTON} at (204,7) size 59x18 [bgcolor=#C0C0C0] [border: (2px outset #C0C0C0)]
        RenderBlock (anonymous) at (8,2) size 43x14
          RenderText {#text} at (0,0) size 43x14
            text run at (0,0) width 43: "Test Button"
      RenderText {#text} at (263,5) size 4x19
        text run at (263,5) width 4: " "
      RenderButton {BUTTON} at (267,6) size 63x20 [bgcolor=#C0C0C0] [border: (2px outset #C0C0C0)]
        RenderBlock (anonymous) at (8,3) size 47x14
          RenderText {#text} at (0,0) size 47x14
            text run at (0,0) width 47: "Test Button"
      RenderText {#text} at (330,5) size 4x19
        text run at (330,5) width 4: " "
      RenderButton {BUTTON} at (336,5) size 68x21 [bgcolor=#C0C0C0] [border: (2px outset #C0C0C0)]
        RenderBlock (anonymous) at (8,3) size 52x15
          RenderText {#text} at (0,0) size 52x15
            text run at (0,0) width 52: "Test Button"
      RenderText {#text} at (406,5) size 4x19
        text run at (406,5) width 4: " "
      RenderButton {INPUT} at (412,2) size 91x25 [bgcolor=#C0C0C0] [border: (2px outset #C0C0C0)]
        RenderBlock (anonymous) at (8,3) size 75x19
          RenderText at (0,0) size 75x19
            text run at (0,0) width 75: "Test Button"
      RenderText {#text} at (505,5) size 4x19
        text run at (505,5) width 4: " "
      RenderButton {BUTTON} at (511,6) size 73x20 [bgcolor=#C0C0C0] [border: (2px outset #C0C0C0)]
        RenderBlock (anonymous) at (8,3) size 57x14
          RenderText {#text} at (0,0) size 57x14
            text run at (0,0) width 57: "Test Button"
      RenderText {#text} at (586,5) size 4x19
        text run at (586,5) width 4: " "
      RenderButton {BUTTON} at (592,5) size 77x22 [bgcolor=#C0C0C0] [border: (2px outset #C0C0C0)]
        RenderBlock (anonymous) at (8,3) size 61x16
          RenderText {#text} at (0,0) size 61x16
            text run at (0,0) width 61: "Test Button"
      RenderText {#text} at (671,5) size 4x19
        text run at (671,5) width 4: " "
      RenderButton {BUTTON} at (677,4) size 82x22 [bgcolor=#C0C0C0] [border: (2px outset #C0C0C0)]
        RenderBlock (anonymous) at (8,3) size 66x16
          RenderText {#text} at (0,0) size 66x16
            text run at (0,0) width 66: "Test Button"
      RenderText {#text} at (761,5) size 4x19
        text run at (761,5) width 4: " "
      RenderButton {BUTTON} at (2,38) size 87x24 [bgcolor=#C0C0C0] [border: (2px outset #C0C0C0)]
        RenderBlock (anonymous) at (8,3) size 71x18
          RenderText {#text} at (0,0) size 71x18
            text run at (0,0) width 71: "Test Button"
      RenderText {#text} at (91,40) size 4x19
        text run at (91,40) width 4: " "
      RenderButton {BUTTON} at (97,37) size 91x25 [bgcolor=#C0C0C0] [border: (2px outset #C0C0C0)]
        RenderBlock (anonymous) at (8,3) size 75x19
          RenderText {#text} at (0,0) size 75x19
            text run at (0,0) width 75: "Test Button"
      RenderText {#text} at (190,40) size 4x19
        text run at (190,40) width 4: " "
      RenderButton {BUTTON} at (196,36) size 96x26 [bgcolor=#C0C0C0] [border: (2px outset #C0C0C0)]
        RenderBlock (anonymous) at (8,3) size 80x20
          RenderText {#text} at (0,0) size 80x20
            text run at (0,0) width 80: "Test Button"
      RenderText {#text} at (294,40) size 4x19
        text run at (294,40) width 4: " "
      RenderButton {BUTTON} at (300,35) size 101x27 [bgcolor=#C0C0C0] [border: (2px outset #C0C0C0)]
        RenderBlock (anonymous) at (8,3) size 85x21
          RenderText {#text} at (0,0) size 85x21
            text run at (0,0) width 85: "Test Button"
      RenderText {#text} at (403,40) size 4x19
        text run at (403,40) width 4: " "
      RenderButton {BUTTON} at (409,34) size 105x29 [bgcolor=#C0C0C0] [border: (2px outset #C0C0C0)]
        RenderBlock (anonymous) at (8,3) size 89x23
          RenderText {#text} at (0,0) size 89x23
            text run at (0,0) width 89: "Test Button"
      RenderText {#text} at (516,40) size 4x19
        text run at (516,40) width 4: " "
      RenderButton {BUTTON} at (522,32) size 110x32 [bgcolor=#C0C0C0] [border: (2px outset #C0C0C0)]
        RenderBlock (anonymous) at (8,4) size 94x24
          RenderText {#text} at (0,0) size 94x24
            text run at (0,0) width 94: "Test Button"
      RenderText {#text} at (634,40) size 4x19
        text run at (634,40) width 4: " "
      RenderButton {BUTTON} at (640,31) size 115x33 [bgcolor=#C0C0C0] [border: (2px outset #C0C0C0)]
        RenderBlock (anonymous) at (8,4) size 99x25
          RenderText {#text} at (0,0) size 99x25
            text run at (0,0) width 99: "Test Button"
      RenderText {#text} at (0,0) size 0x0
