layer at (0,0) size 800x600
  RenderView at (0,0) size 800x600
layer at (0,0) size 800x600
  RenderBlock {HTML} at (0,0) size 800x600
    RenderBody {BODY} at (8,8) size 784x584
layer at (10,10) size 162x24
  RenderButton {BUTTON} at (10,10) size 162x24 [bgcolor=#C0C0C0] [border: (2px outset #C0C0C0)]
    RenderBlock (anonymous) at (8,4) size 146x16
      RenderText {#text} at (0,0) size 146x16
        text run at (0,0) width 146: "This button is positioned."
layer at (10,10) size 186x24
  RenderButton {INPUT} at (10,10) size 186x24 [bgcolor=#C0C0C0] [border: (2px outset #C0C0C0)]
    RenderBlock (anonymous) at (8,4) size 170x16
      RenderText at (0,0) size 170x16
        text run at (0,0) width 170: "This button is also positioned"
