layer at (0,0) size 800x600
  RenderView at (0,0) size 800x600
layer at (0,0) size 800x600
  RenderBlock {HTML} at (0,0) size 800x600
    RenderBody {BODY} at (8,8) size 784x584
      RenderBlock {P} at (0,0) size 784x20
        RenderText {#text} at (0,0) size 598x19
          text run at (0,0) width 598: "The following button elements should all be rendered on the left, with their text center justified."
      RenderBlock (anonymous) at (0,36) size 784x112
        RenderButton {BUTTON} at (0,2) size 300x24 [bgcolor=#C0C0C0] [border: (2px outset #C0C0C0)]
          RenderBlock (anonymous) at (8,4) size 284x16
            RenderText {#text} at (46,0) size 192x16
              text run at (46,0) width 192: "This is should be center justified."
        RenderText {#text} at (300,4) size 4x19
          text run at (300,4) width 4: " "
        RenderBR {BR} at (0,0) size 0x0
        RenderButton {BUTTON} at (0,30) size 300x24 [bgcolor=#C0C0C0] [border: (2px outset #C0C0C0)]
          RenderBlock (anonymous) at (8,4) size 284x16
            RenderText {#text} at (46,0) size 192x16
              text run at (46,0) width 192: "This is should be center justified."
        RenderText {#text} at (300,32) size 4x19
          text run at (300,32) width 4: " "
        RenderBR {BR} at (0,0) size 0x0
        RenderButton {BUTTON} at (0,58) size 300x24 [bgcolor=#C0C0C0] [border: (2px outset #C0C0C0)]
          RenderBlock (anonymous) at (8,4) size 284x16
            RenderText {#text} at (46,0) size 192x16
              text run at (46,0) width 192: "This is should be center justified."
        RenderText {#text} at (300,60) size 4x19
          text run at (300,60) width 4: " "
        RenderBR {BR} at (0,0) size 0x0
        RenderButton {BUTTON} at (0,86) size 300x24 [bgcolor=#C0C0C0] [border: (2px outset #C0C0C0)]
          RenderBlock (anonymous) at (8,4) size 284x16
            RenderText {#text} at (46,0) size 192x16
              text run at (46,0) width 192: "This is should be center justified."
        RenderText {#text} at (0,0) size 0x0
        RenderText {#text} at (0,0) size 0x0
      RenderBlock {DIV} at (0,148) size 784x28
        RenderButton {BUTTON} at (0,2) size 300x24 [bgcolor=#C0C0C0] [border: (2px outset #C0C0C0)]
          RenderBlock (anonymous) at (8,4) size 284x16
            RenderText {#text} at (46,0) size 192x16
              text run at (46,0) width 192: "This is should be center justified."
