layer at (0,0) size 800x600
  RenderView at (0,0) size 800x600
layer at (0,0) size 800x600
  RenderBlock {HTML} at (0,0) size 800x600
    RenderBody {BODY} at (8,8) size 784x584
      RenderBlock (anonymous) at (0,0) size 784x41
        RenderText {#text} at (0,0) size 364x19
          text run at (0,0) width 364: "This is to test onchange of checkboxes and radio buttons. "
        RenderBR {BR} at (364,15) size 0x0
        RenderBlock {INPUT} at (3,23) size 13x13
        RenderText {#text} at (20,21) size 65x19
          text run at (20,21) width 65: "Checkbox"
      RenderBlock {DIV} at (0,41) size 784x20
        RenderText {#text} at (0,0) size 321x19
          text run at (0,0) width 321: "Test 1 Passed. onChange event fired for checkbox."
      RenderBlock (anonymous) at (0,61) size 784x21
        RenderBlock {INPUT} at (3,3) size 13x13
        RenderText {#text} at (20,1) size 54x19
          text run at (20,1) width 54: "Radio 1 "
        RenderBlock {INPUT} at (77,3) size 13x13
        RenderText {#text} at (94,1) size 50x19
          text run at (94,1) width 50: "Radio 2"
      RenderBlock {DIV} at (0,82) size 784x20
        RenderText {#text} at (0,0) size 336x19
          text run at (0,0) width 336: "Test 2 Passed. onChange event fired for radio button."
