layer at (0,0) size 800x600
  RenderView at (0,0) size 800x600
layer at (0,0) size 800x600
  RenderBlock {HTML} at (0,0) size 800x600
    RenderBody {BODY} at (8,8) size 784x572
      RenderBlock {P} at (0,0) size 784x40
        RenderText {#text} at (0,0) size 53x19
          text run at (0,0) width 53: "Test for "
        RenderInline {I} at (0,0) size 764x39
          RenderInline {A} at (0,0) size 301x19 [color=#0000EE]
            RenderText {#text} at (53,0) size 301x19
              text run at (53,0) width 301: "http://bugs.webkit.org/show_bug.cgi?id=17033"
          RenderText {#text} at (354,0) size 764x39
            text run at (354,0) width 4: " "
            text run at (358,0) width 406: "REGRESSION: Really long <option> causes unnecessary page"
            text run at (0,20) width 226: "scroll bars to accommodate content"
        RenderText {#text} at (226,20) size 4x19
          text run at (226,20) width 4: "."
      RenderBlock {P} at (0,56) size 784x20
        RenderText {#text} at (0,0) size 402x19
          text run at (0,0) width 402: "There should not be scroll bars below the popup and the button."
layer at (8,100) size 100x50
  RenderBlock {DIV} at (0,92) size 100x50
    RenderMenuList {SELECT} at (0,2) size 80x26 [bgcolor=#FFFFFF] [border: (1px solid #000000)]
      RenderBlock (anonymous) at (9,5) size 40x16
        RenderText at (0,0) size 158x16
          text run at (0,0) width 158: "Lorem ipsum dolor sit amet"
    RenderText {#text} at (0,0) size 0x0
layer at (8,170) size 100x50
  RenderBlock {DIV} at (0,162) size 100x50
    RenderButton {BUTTON} at (0,2) size 80x24 [bgcolor=#C0C0C0] [border: (2px outset #C0C0C0)]
      RenderBlock (anonymous) at (8,4) size 64x16
        RenderText {#text} at (0,0) size 158x16
          text run at (0,0) width 158: "Lorem ipsum dolor sit amet"
    RenderText {#text} at (0,0) size 0x0
