layer at (0,0) size 800x600
  RenderView at (0,0) size 800x600
layer at (0,0) size 800x600
  RenderBlock {HTML} at (0,0) size 800x600
    RenderBody {BODY} at (8,8) size 784x584
      RenderBlock {P} at (0,0) size 784x40
        RenderText {#text} at (0,0) size 108x19
          text run at (0,0) width 108: "This is a test for "
        RenderInline {I} at (0,0) size 764x39
          RenderInline {A} at (0,0) size 354x19 [color=#0000EE]
            RenderText {#text} at (107,0) size 354x19
              text run at (107,0) width 354: "http://bugzilla.opendarwin.org/show_bug.cgi?id=9316"
          RenderText {#text} at (460,0) size 764x39
            text run at (460,0) width 5: " "
            text run at (464,0) width 300: "REGRESSION: text field width shrinks on first"
            text run at (0,20) width 61: "keystroke"
        RenderText {#text} at (60,20) size 5x19
          text run at (60,20) width 5: "."
      RenderBlock {HR} at (0,56) size 784x2 [border: (1px inset #000000)]
layer at (8,74) size 784x0
  RenderBlock (relative positioned) {DIV} at (0,66) size 784x0
    RenderTextControl {INPUT} at (0,2) size 392x25 [bgcolor=#FFFFFF] [border: (2px inset #000000)]
layer at (11,79) size 386x19
  RenderBlock {DIV} at (3,3) size 386x19
    RenderText {#text} at (0,0) size 22x19
      text run at (0,0) width 22: "foo"
