layer at (0,0) size 800x600
  RenderView at (0,0) size 800x600
layer at (0,0) size 800x600
  RenderBlock {HTML} at (0,0) size 800x600
    RenderBody {BODY} at (8,8) size 784x584
      RenderBlock (anonymous) at (0,0) size 784x0
        RenderInline {A} at (0,0) size 0x0
          RenderText {#text} at (0,0) size 0x0
        RenderInline {A} at (0,0) size 0x0
      RenderBlock {DIV} at (0,0) size 784x34
        RenderBlock (anonymous) at (0,0) size 784x0
          RenderInline {A} at (0,0) size 0x0
            RenderText {#text} at (0,0) size 0x0
        RenderBlock (anonymous) at (0,0) size 784x34
          RenderTable {TABLE} at (0,0) size 71x34
            RenderTableSection {TBODY} at (0,0) size 71x34
              RenderTableRow {TR} at (0,2) size 71x30
                RenderTableCell {TD} at (2,16) size 2x2 [r=0 c=0 rs=1 cs=1]
                RenderTableCell {TD} at (6,2) size 63x30 [r=0 c=1 rs=1 cs=1]
                  RenderButton {INPUT} at (3,3) size 57x24 [bgcolor=#C0C0C0] [border: (2px outset #C0C0C0)]
                    RenderBlock (anonymous) at (8,4) size 41x16
                      RenderText at (0,0) size 41x16
                        text run at (0,0) width 41: "Search"
        RenderBlock (anonymous) at (0,34) size 784x0
          RenderInline {A} at (0,0) size 0x0
          RenderInline {A} at (0,0) size 0x0 [color=#0000EE]
          RenderText {#text} at (0,0) size 0x0
      RenderBlock (anonymous) at (0,34) size 784x20
        RenderText {#text} at (0,0) size 0x0
        RenderText {#text} at (0,0) size 104x19
          text run at (0,0) width 104: "Form did submit"
