layer at (0,0) size 800x600
  RenderView at (0,0) size 800x600
layer at (0,0) size 800x600
  RenderBlock {HTML} at (0,0) size 800x600
    RenderBody {BODY} at (8,8) size 784x584
      RenderButton {INPUT} at (0,12) size 40x10 [bgcolor=#C0C0C0] [border: (2px outset #C0C0C0)]
        RenderBlock (anonymous) at (8,2) size 24x6
          RenderText at (0,0) size 24x6
            text run at (0,0) width 24: "Test Button"
      RenderText {#text} at (40,5) size 4x17
        text run at (40,5) width 4: " "
      RenderButton {INPUT} at (44,11) size 45x11 [bgcolor=#C0C0C0] [border: (2px outset #C0C0C0)]
        RenderBlock (anonymous) at (8,2) size 29x7
          RenderText at (0,0) size 29x7
            text run at (0,0) width 29: "Test Button"
      RenderText {#text} at (89,5) size 4x17
        text run at (89,5) width 4: " "
      RenderButton {INPUT} at (93,9) size 49x13 [bgcolor=#C0C0C0] [border: (2px outset #C0C0C0)]
        RenderBlock (anonymous) at (8,2) size 33x9
          RenderText at (0,0) size 33x9
            text run at (0,0) width 33: "Test Button"
      RenderText {#text} at (142,5) size 4x17
        text run at (142,5) width 4: " "
      RenderButton {INPUT} at (146,8) size 54x14 [bgcolor=#C0C0C0] [border: (2px outset #C0C0C0)]
        RenderBlock (anonymous) at (8,2) size 38x10
          RenderText at (0,0) size 38x10
            text run at (0,0) width 38: "Test Button"
      RenderText {#text} at (200,5) size 4x17
        text run at (200,5) width 4: " "
      RenderButton {INPUT} at (204,8) size 59x15 [bgcolor=#C0C0C0] [border: (2px outset #C0C0C0)]
        RenderBlock (anonymous) at (8,2) size 43x11
          RenderText at (0,0) size 43x11
            text run at (0,0) width 43: "Test Button"
      RenderText {#text} at (263,5) size 4x17
        text run at (263,5) width 4: " "
      RenderButton {INPUT} at (267,6) size 63x18 [bgcolor=#C0C0C0] [border: (2px outset #C0C0C0)]
        RenderBlock (anonymous) at (8,3) size 47x12
          RenderText at (0,0) size 47x12
            text run at (0,0) width 47: "Test Button"
      RenderText {#text} at (330,5) size 4x17
        text run at (330,5) width 4: " "
      RenderButton {INPUT} at (336,5) size 68x19 [bgcolor=#C0C0C0] [border: (2px outset #C0C0C0)]
        RenderBlock (anonymous) at (8,3) size 52x13
          RenderText at (0,0) size 52x13
            text run at (0,0) width 52: "Test Button"
      RenderText {#text} at (406,5) size 4x17
        text run at (406,5) width 4: " "
      RenderButton {INPUT} at (412,4) size 73x20 [bgcolor=#C0C0C0] [border: (2px outset #C0C0C0)]
        RenderBlock (anonymous) at (8,3) size 57x14
          RenderText at (0,0) size 57x14
            text run at (0,0) width 57: "Test Button"
      RenderText {#text} at (487,5) size 4x17
        text run at (487,5) width 4: " "
      RenderButton {INPUT} at (493,4) size 77x21 [bgcolor=#C0C0C0] [border: (2px outset #C0C0C0)]
        RenderBlock (anonymous) at (8,3) size 61x15
          RenderText at (0,0) size 61x15
            text run at (0,0) width 61: "Test Button"
      RenderText {#text} at (572,5) size 4x17
        text run at (572,5) width 4: " "
      RenderButton {INPUT} at (578,3) size 82x22 [bgcolor=#C0C0C0] [border: (2px outset #C0C0C0)]
        RenderBlock (anonymous) at (8,3) size 66x16
          RenderText at (0,0) size 66x16
            text run at (0,0) width 66: "Test Button"
      RenderText {#text} at (662,5) size 4x17
        text run at (662,5) width 4: " "
      RenderButton {INPUT} at (668,2) size 87x23 [bgcolor=#C0C0C0] [border: (2px outset #C0C0C0)]
        RenderBlock (anonymous) at (8,3) size 71x17
          RenderText at (0,0) size 71x17
            text run at (0,0) width 71: "Test Button"
      RenderText {#text} at (757,5) size 4x17
        text run at (757,5) width 4: " "
      RenderButton {INPUT} at (2,35) size 91x25 [bgcolor=#C0C0C0] [border: (2px outset #C0C0C0)]
        RenderBlock (anonymous) at (8,3) size 75x19
          RenderText at (0,0) size 75x19
            text run at (0,0) width 75: "Test Button"
      RenderText {#text} at (95,40) size 4x17
        text run at (95,40) width 4: " "
      RenderButton {INPUT} at (101,34) size 96x26 [bgcolor=#C0C0C0] [border: (2px outset #C0C0C0)]
        RenderBlock (anonymous) at (8,3) size 80x20
          RenderText at (0,0) size 80x20
            text run at (0,0) width 80: "Test Button"
      RenderText {#text} at (199,40) size 4x17
        text run at (199,40) width 4: " "
      RenderButton {INPUT} at (205,34) size 101x27 [bgcolor=#C0C0C0] [border: (2px outset #C0C0C0)]
        RenderBlock (anonymous) at (8,3) size 85x21
          RenderText at (0,0) size 85x21
            text run at (0,0) width 85: "Test Button"
      RenderText {#text} at (308,40) size 4x17
        text run at (308,40) width 4: " "
      RenderButton {INPUT} at (314,33) size 105x28 [bgcolor=#C0C0C0] [border: (2px outset #C0C0C0)]
        RenderBlock (anonymous) at (8,3) size 89x22
          RenderText at (0,0) size 89x22
            text run at (0,0) width 89: "Test Button"
      RenderText {#text} at (421,40) size 4x17
        text run at (421,40) width 4: " "
      RenderButton {INPUT} at (427,30) size 110x32 [bgcolor=#C0C0C0] [border: (2px outset #C0C0C0)]
        RenderBlock (anonymous) at (8,4) size 94x24
          RenderText at (0,0) size 94x24
            text run at (0,0) width 94: "Test Button"
      RenderText {#text} at (539,40) size 4x17
        text run at (539,40) width 4: " "
      RenderButton {INPUT} at (545,29) size 115x33 [bgcolor=#C0C0C0] [border: (2px outset #C0C0C0)]
        RenderBlock (anonymous) at (8,4) size 99x25
          RenderText at (0,0) size 99x25
            text run at (0,0) width 99: "Test Button"
      RenderText {#text} at (0,0) size 0x0
