layer at (0,0) size 800x600
  RenderView at (0,0) size 800x600
layer at (0,0) size 800x600
  RenderBlock {HTML} at (0,0) size 800x600
    RenderBody {BODY} at (8,8) size 784x584
      RenderText {#text} at (0,0) size 579x17
        text run at (0,0) width 579: "This tests that background color and background images can be set on the new text fields. "
      RenderBR {BR} at (578,13) size 1x0
      RenderTextControl {INPUT} at (2,20) size 179x25 [bgcolor=#FFC0CB] [border: (2px inset #000000)]
      RenderText {#text} at (183,25) size 4x17
        text run at (183,25) width 4: " "
      RenderBR {BR} at (187,38) size 0x0
      RenderTextControl {INPUT} at (2,49) size 179x25 [bgcolor=#FFFFFF] [border: (2px inset #000000)]
      RenderText {#text} at (0,0) size 0x0
layer at (13,31) size 173x19
  RenderBlock {DIV} at (3,3) size 173x19
    RenderText {#text} at (0,0) size 129x19
      text run at (0,0) width 129: "This should be pink."
layer at (13,60) size 173x19
  RenderBlock {DIV} at (3,3) size 173x19
