layer at (0,0) size 800x600
  RenderView at (0,0) size 800x600
layer at (0,0) size 800x600
  RenderBlock {HTML} at (0,0) size 800x600
    RenderBody {BODY} at (8,8) size 784x584
      RenderBR {BR} at (0,0) size 0x17
      RenderText {#text} at (0,18) size 682x17
        text run at (0,18) width 682: "This tests that preventDefault called onmousedown will prevent a caret from being placed in the text field."
      RenderText {#text} at (0,0) size 0x0
      RenderText {#text} at (0,0) size 0x0
layer at (12,52) size 179x25
  RenderTextControl {INPUT} at (12,52) size 179x25 [bgcolor=#FFFFFF] [border: (2px inset #000000)]
layer at (15,55) size 173x19
  RenderBlock {DIV} at (3,3) size 173x19
    RenderText {#text} at (0,0) size 154x19
      text run at (0,0) width 154: "No caret should be here"
layer at (10,70) size 329x36
  RenderBlock (positioned) {DIV} at (10,70) size 329x36
    RenderBR {BR} at (0,0) size 0x17
    RenderText {#text} at (0,18) size 329x17
      text run at (0,18) width 329: "mousedown on target [object HTMLInputElement]"
