layer at (0,0) size 800x600
  RenderView at (0,0) size 800x600
layer at (0,0) size 800x600
  RenderBlock {HTML} at (0,0) size 800x600
    RenderBody {BODY} at (8,8) size 784x576
      RenderBlock (anonymous) at (0,0) size 784x29
        RenderTextControl {INPUT} at (2,2) size 179x25 [bgcolor=#FFFFFF] [border: (2px inset #000000)]
        RenderText {#text} at (0,0) size 0x0
      RenderBlock {P} at (0,45) size 784x20
        RenderText {#text} at (0,0) size 576x19
          text run at (0,0) width 576: "Tests double-clicking on a word. If the test succeeds, the word \"word\" should be selected."
layer at (13,13) size 173x19
  RenderBlock {DIV} at (3,3) size 173x19
    RenderText {#text} at (0,0) size 88x19
      text run at (0,0) width 88: "word another"
caret: position 0 of child 0 {#text} of child 0 {DIV} of {#document-fragment} of child 0 {INPUT} of body
