layer at (0,0) size 800x600
  RenderView at (0,0) size 800x600
layer at (0,0) size 800x600
  RenderBlock {HTML} at (0,0) size 800x600
    RenderBody {BODY} at (8,8) size 784x584
      RenderBlock {P} at (0,0) size 784x40
        RenderText {#text} at (0,0) size 55x19
          text run at (0,0) width 55: "Test for "
        RenderInline {I} at (0,0) size 780x39
          RenderInline {A} at (0,0) size 306x19 [color=#0000EE]
            RenderText {#text} at (54,0) size 306x19
              text run at (54,0) width 306: "http://bugs.webkit.org/show_bug.cgi?id=13500"
          RenderText {#text} at (359,0) size 780x39
            text run at (359,0) width 5: " "
            text run at (363,0) width 417: "REGRESSION: Listbox scrollbar does not reflect actual scrolled"
            text run at (0,20) width 326: "position when selected option is added after layout"
        RenderText {#text} at (325,20) size 5x19
          text run at (325,20) width 5: "."
      RenderBlock {P} at (0,56) size 784x40
        RenderText {#text} at (0,0) size 745x39
          text run at (0,0) width 502: "The list box should be scrolled all the way down, showing the selected option "
          text run at (501,0) width 244: "\x{201C}Seven\x{201D}. The scroller should be at the"
          text run at (0,20) width 155: "bottom of the scroll bar "
          text run at (154,20) width 89: "to reflect this."
      RenderBlock (anonymous) at (0,112) size 784x85
        RenderListBox {SELECT} at (2,2) size 46x81 [bgcolor=#FFFFFF] [border: (1px inset #808080)]
        RenderText {#text} at (0,0) size 0x0
