layer at (0,0) size 800x600
  RenderView at (0,0) size 800x600
layer at (0,0) size 800x600
  RenderBlock {HTML} at (0,0) size 800x600
    RenderBody {BODY} at (8,8) size 784x584
      RenderMenuList {SELECT} at (2,2) size 81x26 [bgcolor=#FFFFFF] [border: (1px solid #000000)]
        RenderBlock (anonymous) at (9,5) size 41x16
          RenderText at (0,0) size 41x16
            text run at (0,0) width 41: "Default"
      RenderText {#text} at (85,5) size 4x19
        text run at (85,5) width 4: " "
      RenderMenuList {SELECT} at (91,2) size 63x26 [color=#FF0000] [bgcolor=#FFFFFF] [border: (1px solid #FF0000)]
        RenderBlock (anonymous) at (9,5) size 23x16
          RenderText at (0,0) size 23x16
            text run at (0,0) width 23: "Red"
      RenderText {#text} at (156,5) size 4x19
        text run at (156,5) width 4: " "
      RenderMenuList {SELECT} at (162,2) size 135x26 [bgcolor=#008000] [border: (1px solid #000000)]
        RenderBlock (anonymous) at (9,5) size 95x16
          RenderText at (0,0) size 95x16
            text run at (0,0) width 95: "Default on green"
      RenderText {#text} at (299,5) size 4x19
        text run at (299,5) width 4: " "
      RenderMenuList {SELECT} at (305,2) size 117x26 [color=#FF0000] [bgcolor=#008000] [border: (1px solid #FF0000)]
        RenderBlock (anonymous) at (9,5) size 77x16
          RenderText at (0,0) size 77x16
            text run at (0,0) width 77: "Red on green"
      RenderText {#text} at (0,0) size 0x0
