layer at (0,0) size 800x600
  RenderView at (0,0) size 800x600
layer at (0,0) size 800x600
  RenderBlock {HTML} at (0,0) size 800x600
    RenderBody {BODY} at (8,8) size 784x576
      RenderBlock (anonymous) at (0,0) size 784x19
        RenderText {#text} at (0,0) size 692x19
          text run at (0,0) width 692: "The textarea below should have standard line-height because textareas should ignore negative line-heights"
        RenderBR {BR} at (691,15) size 1x0
      RenderBlock {P} at (0,35) size 784x242
        RenderText {#text} at (0,0) size 69x19
          text run at (0,0) width 69: "TEXTAREA"
        RenderBR {BR} at (68,15) size 1x0
        RenderText {#text} at (400,204) size 3x19
          text run at (400,204) width 3: " "
        RenderBR {BR} at (0,0) size 0x0
        RenderBR {BR} at (0,223) size 0x19
layer at (8,62) size 400x200 clip at (9,63) size 398x198
  RenderTextControl {TEXTAREA} at (0,19) size 400x200 [bgcolor=#FFFFFF] [border: (1px dotted #C0C0C0)]
    RenderBlock {DIV} at (3,3) size 394x32
      RenderText {#text} at (0,0) size 389x32
        text run at (0,0) width 384: "Demo text here that wraps a bit and should demonstrate"
        text run at (383,0) width 6: " "
        text run at (0,16) width 184: "the goodness of line-height"
