layer at (0,0) size 800x600
  RenderView at (0,0) size 800x600
layer at (0,0) size 800x600
  RenderBlock {HTML} at (0,0) size 800x600
    RenderBody {BODY} at (8,8) size 784x584
      RenderText {#text} at (0,0) size 346x19
        text run at (0,0) width 112: "TEST PASSED: "
        text run at (112,0) width 234: "If the popup menu only says \"Text\". "
      RenderBR {BR} at (346,15) size 0x0
      RenderText {#text} at (0,20) size 425x19
        text run at (0,20) width 109: "TEST FAILED: "
        text run at (109,20) width 316: "If the popup menu says \"document.write('Text')\". "
      RenderBR {BR} at (425,35) size 0x0
      RenderMenuList {SELECT} at (2,42) size 66x26 [bgcolor=#FFFFFF] [border: (1px solid #000000)]
        RenderBlock (anonymous) at (9,5) size 26x16
          RenderText at (0,0) size 26x16
            text run at (0,0) width 26: "Text"
      RenderText {#text} at (0,0) size 0x0
