layer at (0,0) size 800x600
  RenderView at (0,0) size 800x600
layer at (0,0) size 800x600
  RenderBlock {HTML} at (0,0) size 800x600
    RenderBody {BODY} at (8,8) size 784x584
      RenderBlock {P} at (0,0) size 784x40
        RenderText {#text} at (0,0) size 53x19
          text run at (0,0) width 53: "Test for "
        RenderInline {I} at (0,0) size 710x39
          RenderInline {A} at (0,0) size 301x19 [color=#0000EE]
            RenderText {#text} at (53,0) size 301x19
              text run at (53,0) width 301: "http://bugs.webkit.org/show_bug.cgi?id=13775"
          RenderText {#text} at (354,0) size 710x39
            text run at (354,0) width 4: " "
            text run at (358,0) width 352: "REGRESSION: Popup button text should use \"natural\""
            text run at (0,20) width 324: "directionality to match the items in the popup menu"
        RenderText {#text} at (324,20) size 4x19
          text run at (324,20) width 4: "."
      RenderBlock {P} at (0,56) size 784x20
        RenderText {#text} at (0,0) size 661x19
          text run at (0,0) width 508: "In all of the popup buttons below, the letter A should be on the left and the letter "
          text run at (508,0) width 8 RTL: "\x{5D0}"
          text run at (516,0) width 145: " should be on the right."
      RenderBlock {DIV} at (0,92) size 784x60
        RenderBlock {DIV} at (0,0) size 784x30
          RenderMenuList {SELECT} at (0,2) size 70x26 [bgcolor=#FFFFFF] [border: (1px solid #000000)]
            RenderBlock (anonymous) at (9,5) size 30x16
              RenderText at (0,0) size 16x16
                text run at (0,0) width 7 RTL: "\x{5D0}"
                text run at (7,0) width 9: "A"
          RenderText {#text} at (70,5) size 4x19
            text run at (70,5) width 4: " "
          RenderMenuList {SELECT} at (74,2) size 70x26 [bgcolor=#FFFFFF] [border: (1px solid #000000)]
            RenderBlock (anonymous) at (9,5) size 30x16
              RenderText at (0,0) size 16x16
                text run at (0,0) width 9: "A"
                text run at (9,0) width 7 RTL: "\x{5D0}"
          RenderText {#text} at (144,5) size 4x19
            text run at (144,5) width 4: " "
          RenderMenuList {SELECT} at (148,2) size 70x26 [bgcolor=#FFFFFF] [border: (1px solid #000000)]
            RenderBlock (anonymous) at (9,5) size 30x16
              RenderText at (0,0) size 20x16
                text run at (0,0) width 4: "("
                text run at (4,0) width 7 RTL: "\x{5D0}"
                text run at (11,0) width 9: "A"
          RenderText {#text} at (218,5) size 4x19
            text run at (218,5) width 4: " "
          RenderMenuList {SELECT} at (222,2) size 70x26 [bgcolor=#FFFFFF] [border: (1px solid #000000)]
            RenderBlock (anonymous) at (9,5) size 30x16
              RenderText at (0,0) size 20x16
                text run at (0,0) width 13: "(A"
                text run at (13,0) width 7 RTL: "\x{5D0}"
          RenderText {#text} at (0,0) size 0x0
        RenderBlock {DIV} at (0,30) size 784x30
          RenderMenuList {SELECT} at (492,2) size 70x26 [bgcolor=#FFFFFF] [border: (1px solid #000000)]
            RenderBlock (anonymous) at (9,5) size 30x16
              RenderText at (0,0) size 16x16
                text run at (0,0) width 7 RTL: "\x{5D0}"
                text run at (7,0) width 9: "A"
          RenderText {#text} at (562,5) size 4x19
            text run at (562,5) width 4: " "
          RenderMenuList {SELECT} at (566,2) size 70x26 [bgcolor=#FFFFFF] [border: (1px solid #000000)]
            RenderBlock (anonymous) at (9,5) size 30x16
              RenderText at (0,0) size 16x16
                text run at (0,0) width 9: "A"
                text run at (9,0) width 7 RTL: "\x{5D0}"
          RenderText {#text} at (636,5) size 4x19
            text run at (636,5) width 4: " "
          RenderMenuList {SELECT} at (640,2) size 70x26 [bgcolor=#FFFFFF] [border: (1px solid #000000)]
            RenderBlock (anonymous) at (9,5) size 30x16
              RenderText at (0,0) size 20x16
                text run at (0,0) width 4: "("
                text run at (4,0) width 7 RTL: "\x{5D0}"
                text run at (11,0) width 9: "A"
          RenderText {#text} at (710,5) size 4x19
            text run at (710,5) width 4: " "
          RenderMenuList {SELECT} at (714,2) size 70x26 [bgcolor=#FFFFFF] [border: (1px solid #000000)]
            RenderBlock (anonymous) at (9,5) size 30x16
              RenderText at (0,0) size 20x16
                text run at (0,0) width 13: "(A"
                text run at (13,0) width 7 RTL: "\x{5D0}"
          RenderText {#text} at (0,0) size 0x0
      RenderBlock {DIV} at (0,152) size 784x60
        RenderBlock {DIV} at (0,0) size 784x30
          RenderMenuList {SELECT} at (222,2) size 70x26 [bgcolor=#FFFFFF] [border: (1px solid #000000)]
            RenderBlock (anonymous) at (9,5) size 30x16
              RenderText at (14,0) size 16x16
                text run at (14,0) width 9: "A"
                text run at (23,0) width 7 RTL: "\x{5D0}"
          RenderText {#text} at (218,5) size 4x19
            text run at (218,5) width 4 RTL: " "
          RenderMenuList {SELECT} at (148,2) size 70x26 [bgcolor=#FFFFFF] [border: (1px solid #000000)]
            RenderBlock (anonymous) at (9,5) size 30x16
              RenderText at (14,0) size 16x16
                text run at (14,0) width 7 RTL: "\x{5D0}"
                text run at (21,0) width 9: "A"
          RenderText {#text} at (144,5) size 4x19
            text run at (144,5) width 4 RTL: " "
          RenderMenuList {SELECT} at (74,2) size 70x26 [bgcolor=#FFFFFF] [border: (1px solid #000000)]
            RenderBlock (anonymous) at (9,5) size 30x16
              RenderText at (10,0) size 20x16
                text run at (10,0) width 9: "A"
                text run at (19,0) width 11 RTL: "(\x{5D0}"
          RenderText {#text} at (70,5) size 4x19
            text run at (70,5) width 4 RTL: " "
          RenderMenuList {SELECT} at (0,2) size 70x26 [bgcolor=#FFFFFF] [border: (1px solid #000000)]
            RenderBlock (anonymous) at (9,5) size 30x16
              RenderText at (10,0) size 20x16
                text run at (10,0) width 7 RTL: "\x{5D0}"
                text run at (17,0) width 9: "A"
                text run at (26,0) width 4 RTL: "("
          RenderText {#text} at (0,0) size 0x0
        RenderBlock {DIV} at (0,30) size 784x30
          RenderMenuList {SELECT} at (714,2) size 70x26 [bgcolor=#FFFFFF] [border: (1px solid #000000)]
            RenderBlock (anonymous) at (9,5) size 30x16
              RenderText at (14,0) size 16x16
                text run at (14,0) width 9: "A"
                text run at (23,0) width 7 RTL: "\x{5D0}"
          RenderText {#text} at (710,5) size 4x19
            text run at (710,5) width 4 RTL: " "
          RenderMenuList {SELECT} at (640,2) size 70x26 [bgcolor=#FFFFFF] [border: (1px solid #000000)]
            RenderBlock (anonymous) at (9,5) size 30x16
              RenderText at (14,0) size 16x16
                text run at (14,0) width 7 RTL: "\x{5D0}"
                text run at (21,0) width 9: "A"
          RenderText {#text} at (636,5) size 4x19
            text run at (636,5) width 4 RTL: " "
          RenderMenuList {SELECT} at (566,2) size 70x26 [bgcolor=#FFFFFF] [border: (1px solid #000000)]
            RenderBlock (anonymous) at (9,5) size 30x16
              RenderText at (10,0) size 20x16
                text run at (10,0) width 9: "A"
                text run at (19,0) width 11 RTL: "(\x{5D0}"
          RenderText {#text} at (562,5) size 4x19
            text run at (562,5) width 4 RTL: " "
          RenderMenuList {SELECT} at (492,2) size 70x26 [bgcolor=#FFFFFF] [border: (1px solid #000000)]
            RenderBlock (anonymous) at (9,5) size 30x16
              RenderText at (10,0) size 20x16
                text run at (10,0) width 7 RTL: "\x{5D0}"
                text run at (17,0) width 9: "A"
                text run at (26,0) width 4 RTL: "("
          RenderText {#text} at (0,0) size 0x0
