layer at (0,0) size 800x600
  RenderView at (0,0) size 800x600
layer at (0,0) size 800x600
  RenderBlock {HTML} at (0,0) size 800x600
    RenderBody {BODY} at (8,8) size 784x579
      RenderBlock (anonymous) at (0,0) size 784x20
        RenderText {#text} at (0,0) size 321x19
          text run at (0,0) width 321: "This tests that the slider control considers padding. "
        RenderBR {BR} at (0,0) size 0x0
      RenderBlock {DIV} at (0,20) size 784x49 [bgcolor=#ADD8E6]
        RenderSlider {INPUT} at (2,2) size 100x45 [bgcolor=#FFFFFF]
          RenderDeprecatedFlexibleBox {DIV} at (10,10) size 80x25
            RenderBlock {DIV} at (0,0) size 65x25
            RenderBlock {DIV} at (65,0) size 15x25
        RenderText {#text} at (0,0) size 0x0
      RenderBlock {PRE} at (0,82) size 784x0
layer at (20,40) size 15x25
  RenderBlock (relative positioned) {DIV} at (0,0) size 15x25
