layer at (0,0) size 800x600
  RenderView at (0,0) size 800x600
layer at (0,0) size 800x44
  RenderBlock {HTML} at (0,0) size 800x44
    RenderBody {BODY} at (8,8) size 784x28
      RenderBlock {FORM} at (0,0) size 784x28
        RenderTextControl {INPUT} at (2,2) size 157x24 [bgcolor=#FFFFFF] [border: (2px inset #000000)]
        RenderText {#text} at (161,4) size 4x19
          text run at (161,4) width 4: " "
        RenderButton {INPUT} at (167,2) size 57x24 [bgcolor=#C0C0C0] [border: (2px outset #C0C0C0)]
          RenderBlock (anonymous) at (8,4) size 41x16
            RenderText at (0,0) size 41x16
              text run at (0,0) width 41: "Submit"
        RenderText {#text} at (0,0) size 0x0
layer at (13,14) size 151x16
  RenderBlock {DIV} at (3,4) size 151x16
layer at (10,34) size 220x113
  RenderBlock (positioned) zI: 2147483647 {DIV} at (10,34) size 220x113
layer at (10,34) size 220x16 scrollHeight 26
  RenderBlock {DIV} at (0,0) size 220x16
layer at (10,46) size 220x97
  RenderDeprecatedFlexibleBox (relative positioned) zI: 2147483644 {DIV} at (0,16) size 220x97 [border: (2px solid #440000)]
    RenderBlock {DIV} at (10,10) size 0x77
    RenderBlock {DIV} at (10,10) size 200x77
      RenderBlock {DIV} at (0,0) size 200x20
        RenderText {#text} at (0,0) size 105x19
          text run at (0,0) width 105: "value missing"
      RenderBlock {DIV} at (0,20) size 200x57
        RenderText {#text} at (0,0) size 166x18
          text run at (0,0) width 166: "Needs at least 8 letters."
        RenderBR {BR} at (166,0) size 0x18
        RenderText {#text} at (0,19) size 196x37
          text run at (0,19) width 196: "Should not be identical with"
          text run at (0,38) width 152: "the current password."
layer at (42,34) size 18x18 backgroundClip at (10,34) size 220x16 clip at (10,34) size 220x16 outlineClip at (10,34) size 220x16
  RenderBlock (relative positioned) zI: 2147483645 {DIV} at (0,0) size 18x18 [bgcolor=#F8ECEC] [border: (2px solid #440000) none (2px solid #440000)]
caret: position 0 of child 0 {DIV} of {#shadow-root} of child 1 {INPUT} of child 0 {FORM} of body
