layer at (0,0) size 800x600
  RenderView at (0,0) size 800x600
layer at (0,0) size 800x600
  RenderBlock {HTML} at (0,0) size 800x600
    RenderBody {BODY} at (8,8) size 784x584
      RenderBlock {P} at (0,0) size 784x36
        RenderText {#text} at (0,0) size 218x17
          text run at (0,0) width 218 LTR override: "This tests for a regression against "
        RenderInline {I} at (0,0) size 746x35
          RenderInline {A} at (0,0) size 355x17 [color=#0000EE]
            RenderText {#text} at (217,0) size 355x17
              text run at (217,0) width 355 LTR override: "http://bugzilla.opendarwin.org/show_bug.cgi?id=8076"
          RenderText {#text} at (571,0) size 746x35
            text run at (571,0) width 175 LTR override: " REGRESSION: native text"
            text run at (0,18) width 291 LTR override: "fields are reversed on \"visual Hebrew\" pages"
        RenderText {#text} at (290,18) size 5x17
          text run at (290,18) width 5 LTR override: "."
      RenderBlock {HR} at (0,52) size 784x2 [border: (1px inset #000000)]
      RenderBlock {P} at (0,70) size 784x18
        RenderText {#text} at (0,0) size 280x17
          text run at (0,0) width 280 LTR override: "Text in the field should look like this: \x{5E8}\x{5D5}\x{5EA}\x{5E4}\x{5DB}"
      RenderBlock (anonymous) at (0,104) size 784x29
        RenderTextControl {INPUT} at (2,2) size 179x25 [bgcolor=#FFFFFF] [border: (2px inset #000000)]
        RenderText {#text} at (0,0) size 0x0
layer at (13,117) size 173x19
  RenderBlock {DIV} at (3,3) size 173x19
    RenderText {#text} at (0,0) size 39x19
      text run at (0,0) width 39 RTL: "\x{5DB}\x{5E4}\x{5EA}\x{5D5}\x{5E8}"
