layer at (0,0) size 800x600
  RenderView at (0,0) size 800x600
layer at (0,0) size 800x8
  RenderBlock {HTML} at (0,0) size 800x8
    RenderBody {BODY} at (8,8) size 784x0
layer at (37,37) size 79x80
  RenderTable {TABLE} at (37,37) size 79x80 [border: (10px solid #000060)]
    RenderTableSection {TBODY} at (10,10) size 59x60
      RenderTableRow {TR} at (0,0) size 59x30
        RenderTableCell {TD} at (0,0) size 59x30 [border: (10px none #000000)] [r=0 c=0 rs=1 cs=1]
          RenderText {#text} at (11,11) size 37x17
            text run at (11,11) width 37: "line 1"
      RenderTableRow {TR} at (0,30) size 59x30
        RenderTableCell {TD} at (0,30) size 59x30 [border: none] [r=1 c=0 rs=1 cs=1]
          RenderText {#text} at (11,1) size 37x17
            text run at (11,1) width 37: "line 2"
