layer at (0,0) size 800x1574
  RenderView at (0,0) size 800x600
layer at (0,0) size 800x1574
  RenderBlock {HTML} at (0,0) size 800x1574
    RenderBody {BODY} at (8,8) size 784x1558
      RenderTable {TABLE} at (0,0) size 784x74 [border: (1px solid #000000)]
        RenderTableSection {TBODY} at (1,1) size 782x72
          RenderTableRow {TR} at (0,2) size 782x68
            RenderTableCell {TD} at (2,2) size 444x68 [border: (1px solid #000000)] [r=0 c=0 rs=1 cs=1]
              RenderImage {IMG} at (2,2) size 88x64
              RenderImage {IMG} at (90,2) size 88x64
              RenderImage {IMG} at (178,2) size 88x64
              RenderImage {IMG} at (266,2) size 88x64
              RenderImage {IMG} at (354,2) size 88x64
            RenderTableCell {TD} at (448,24) size 332x24 [border: (1px solid #000000)] [r=0 c=1 rs=1 cs=1]
              RenderText {#text} at (2,2) size 157x19
                text run at (2,2) width 157: "Nothing between images"
      RenderTable {TABLE} at (0,74) size 784x330 [border: (1px solid #000000)]
        RenderTableSection {TBODY} at (1,1) size 782x328
          RenderTableRow {TR} at (0,2) size 782x324
            RenderTableCell {TD} at (2,2) size 92x324 [border: (1px solid #000000)] [r=0 c=0 rs=1 cs=1]
              RenderImage {IMG} at (2,2) size 88x64
              RenderText {#text} at (0,0) size 0x0
              RenderImage {IMG} at (2,66) size 88x64
              RenderText {#text} at (0,0) size 0x0
              RenderImage {IMG} at (2,130) size 88x64
              RenderText {#text} at (0,0) size 0x0
              RenderImage {IMG} at (2,194) size 88x64
              RenderText {#text} at (0,0) size 0x0
              RenderImage {IMG} at (2,258) size 88x64
            RenderTableCell {TD} at (96,152) size 684x24 [border: (1px solid #000000)] [r=0 c=1 rs=1 cs=1]
              RenderText {#text} at (2,2) size 149x19
                text run at (2,2) width 149: "Spaces between images"
      RenderTable {TABLE} at (0,404) size 784x330 [border: (1px solid #000000)]
        RenderTableSection {TBODY} at (1,1) size 782x328
          RenderTableRow {TR} at (0,2) size 782x324
            RenderTableCell {TD} at (2,2) size 92x324 [border: (1px solid #000000)] [r=0 c=0 rs=1 cs=1]
              RenderImage {IMG} at (2,2) size 88x64
              RenderText {#text} at (0,0) size 0x0
              RenderImage {IMG} at (2,66) size 88x64
              RenderText {#text} at (0,0) size 0x0
              RenderImage {IMG} at (2,130) size 88x64
              RenderText {#text} at (0,0) size 0x0
              RenderImage {IMG} at (2,194) size 88x64
              RenderText {#text} at (0,0) size 0x0
              RenderImage {IMG} at (2,258) size 88x64
            RenderTableCell {TD} at (96,152) size 684x24 [border: (1px solid #000000)] [r=0 c=1 rs=1 cs=1]
              RenderText {#text} at (2,2) size 165x19
                text run at (2,2) width 165: "Newlines between images"
      RenderTable {TABLE} at (0,734) size 784x79 [border: (1px solid #000000)]
        RenderTableSection {TBODY} at (1,1) size 782x77
          RenderTableRow {TR} at (0,2) size 782x73
            RenderTableCell {TD} at (2,2) size 596x73 [border: (1px solid #000000)] [r=0 c=0 rs=1 cs=1]
              RenderText {#text} at (2,51) size 27x19
                text run at (2,51) width 27: "One"
              RenderImage {IMG} at (29,2) size 88x64
              RenderText {#text} at (117,51) size 30x19
                text run at (117,51) width 30: "Two"
              RenderImage {IMG} at (147,2) size 88x64
              RenderText {#text} at (235,51) size 37x19
                text run at (235,51) width 37: "Three"
              RenderImage {IMG} at (272,2) size 88x64
              RenderText {#text} at (360,51) size 30x19
                text run at (360,51) width 30: "Four"
              RenderImage {IMG} at (390,2) size 88x64
              RenderText {#text} at (478,51) size 28x19
                text run at (478,51) width 28: "Five"
              RenderImage {IMG} at (506,2) size 88x64
            RenderTableCell {TD} at (600,26) size 180x24 [border: (1px solid #000000)] [r=0 c=1 rs=1 cs=1]
              RenderText {#text} at (2,2) size 134x19
                text run at (2,2) width 134: "Text between images"
      RenderTable {TABLE} at (0,813) size 784x370 [border: (1px solid #000000)]
        RenderTableSection {TBODY} at (1,1) size 782x368
          RenderTableRow {TR} at (0,2) size 782x364
            RenderTableCell {TD} at (2,2) size 129x364 [border: (1px solid #000000)] [r=0 c=0 rs=1 cs=1]
              RenderText {#text} at (2,2) size 27x19
                text run at (2,2) width 27: "One"
              RenderImage {IMG} at (2,22) size 88x64
              RenderText {#text} at (90,71) size 30x19
                text run at (90,71) width 30: "Two"
              RenderImage {IMG} at (2,91) size 88x64
              RenderText {#text} at (90,140) size 37x19
                text run at (90,140) width 37: "Three"
              RenderImage {IMG} at (2,160) size 88x64
              RenderText {#text} at (90,209) size 30x19
                text run at (90,209) width 30: "Four"
              RenderImage {IMG} at (2,229) size 88x64
              RenderText {#text} at (90,278) size 28x19
                text run at (90,278) width 28: "Five"
              RenderImage {IMG} at (2,298) size 88x64
            RenderTableCell {TD} at (133,172) size 647x24 [border: (1px solid #000000)] [r=0 c=1 rs=1 cs=1]
              RenderText {#text} at (2,2) size 211x19
                text run at (2,2) width 211: "Text with spaces between images"
      RenderTable {TABLE} at (0,1183) size 784x375 [border: (1px solid #000000)]
        RenderTableSection {TBODY} at (1,1) size 782x373
          RenderTableRow {TR} at (0,2) size 782x369
            RenderTableCell {TD} at (2,2) size 137x369 [border: (1px solid #000000)] [r=0 c=0 rs=1 cs=1]
              RenderText {#text} at (2,2) size 27x88
                text run at (2,2) width 27: "One"
                text run at (2,71) width 12: "A"
              RenderImage {IMG} at (14,22) size 88x64
              RenderText {#text} at (102,71) size 130x88
                text run at (102,71) width 30: "Two"
                text run at (2,140) width 8: "b"
              RenderImage {IMG} at (10,91) size 88x64
              RenderText {#text} at (98,140) size 133x88
                text run at (98,140) width 37: "Three"
                text run at (2,209) width 7: "c"
              RenderImage {IMG} at (9,160) size 88x64
              RenderText {#text} at (97,209) size 125x88
                text run at (97,209) width 30: "Four"
                text run at (2,278) width 8: "d"
              RenderImage {IMG} at (10,229) size 88x64
              RenderText {#text} at (98,278) size 124x88
                text run at (98,278) width 28: "Five"
                text run at (2,347) width 7: "e"
              RenderImage {IMG} at (9,298) size 88x64
            RenderTableCell {TD} at (141,174) size 639x24 [border: (1px solid #000000)] [r=0 c=1 rs=1 cs=1]
              RenderText {#text} at (2,2) size 301x19
                text run at (2,2) width 301: "Text with spaces and more text between images"
