layer at (0,0) size 800x600
  RenderView at (0,0) size 800x600
layer at (0,0) size 800x600
  RenderBlock {HTML} at (0,0) size 800x600
    RenderBody {BODY} at (8,8) size 784x584 [bgcolor=#FFFFFF]
      RenderBlock {H4} at (0,0) size 784x20
        RenderText {#text} at (0,0) size 158x19
          text run at (0,0) width 158: "Testcase distilled from "
        RenderInline {A} at (0,0) size 510x19 [color=#0000EE]
          RenderText {#text} at (157,0) size 510x19
            text run at (157,0) width 510: "http://www.download.com/pc/list/0,339,0-b-0-0-a-1,00.html?st.dl.fd.ag.new"
      RenderBlock {H4} at (0,41) size 784x20
        RenderText {#text} at (0,0) size 517x19
          text run at (0,0) width 517: "Resize the width of the window and watch the Buy and Pick columns below."
      RenderTable {TABLE} at (0,82) size 784x70
        RenderTableSection {TBODY} at (0,0) size 784x70
          RenderTableRow {TR} at (0,2) size 784x22 [bgcolor=#CCCCCC]
            RenderTableCell {TD} at (2,2) size 704x22 [r=0 c=0 rs=1 cs=1]
              RenderText {#text} at (1,1) size 102x19
                text run at (1,1) width 102: "Re-sort by Title"
            RenderTableCell {TD} at (708,2) size 33x22 [r=0 c=1 rs=1 cs=1]
              RenderInline {SPAN} at (0,0) size 27x19
                RenderText {#text} at (1,1) size 27x19
                  text run at (1,1) width 27: "Buy"
              RenderText {#text} at (27,1) size 5x19
                text run at (27,1) width 5: " "
            RenderTableCell {TD} at (743,2) size 39x22 [r=0 c=2 rs=1 cs=1]
              RenderText {#text} at (1,1) size 4x19
                text run at (1,1) width 4: " "
              RenderInline {SPAN} at (0,0) size 29x19
                RenderText {#text} at (5,1) size 29x19
                  text run at (5,1) width 29: "Pick"
              RenderText {#text} at (33,1) size 5x19
                text run at (33,1) width 5: " "
          RenderTableRow {TR} at (0,26) size 784x42
            RenderTableCell {TD} at (2,26) size 704x42 [r=1 c=0 rs=1 cs=1]
              RenderText {#text} at (1,1) size 685x39
                text run at (1,1) width 450: "Norton AntiVirus Definitions Update 10/21/99 Update your NAV for "
                text run at (450,1) width 236: "Windows 95/98/NT, Lotus Notes, or"
                text run at (1,21) width 270: "Exchange with the latest virus definitions."
            RenderTableCell {TD} at (708,36) size 33x22 [r=1 c=1 rs=1 cs=1]
              RenderText {#text} at (1,1) size 4x19
                text run at (1,1) width 4: " "
            RenderTableCell {TD} at (743,36) size 39x22 [r=1 c=2 rs=1 cs=1]
              RenderText {#text} at (1,1) size 4x19
                text run at (1,1) width 4: " "
      RenderBlock (anonymous) at (0,152) size 784x20
        RenderBR {BR} at (0,0) size 0x19
      RenderBlock {H4} at (0,193) size 784x20
        RenderText {#text} at (0,0) size 487x19
          text run at (0,0) width 487: "This is the same table as above but with all <SPAN> elements removed."
      RenderTable {TABLE} at (0,234) size 784x70
        RenderTableSection {TBODY} at (0,0) size 784x70
          RenderTableRow {TR} at (0,2) size 784x22 [bgcolor=#CCCCCC]
            RenderTableCell {TD} at (2,2) size 704x22 [r=0 c=0 rs=1 cs=1]
              RenderText {#text} at (1,1) size 102x19
                text run at (1,1) width 102: "Re-sort by Title"
            RenderTableCell {TD} at (708,2) size 33x22 [r=0 c=1 rs=1 cs=1]
              RenderText {#text} at (1,1) size 31x19
                text run at (1,1) width 31: "Buy "
            RenderTableCell {TD} at (743,2) size 39x22 [r=0 c=2 rs=1 cs=1]
              RenderText {#text} at (1,1) size 37x19
                text run at (1,1) width 37: " Pick "
          RenderTableRow {TR} at (0,26) size 784x42
            RenderTableCell {TD} at (2,26) size 704x42 [r=1 c=0 rs=1 cs=1]
              RenderText {#text} at (1,1) size 685x39
                text run at (1,1) width 450: "Norton AntiVirus Definitions Update 10/21/99 Update your NAV for "
                text run at (450,1) width 236: "Windows 95/98/NT, Lotus Notes, or"
                text run at (1,21) width 270: "Exchange with the latest virus definitions."
            RenderTableCell {TD} at (708,36) size 33x22 [r=1 c=1 rs=1 cs=1]
              RenderText {#text} at (1,1) size 4x19
                text run at (1,1) width 4: " "
            RenderTableCell {TD} at (743,36) size 39x22 [r=1 c=2 rs=1 cs=1]
              RenderText {#text} at (1,1) size 4x19
                text run at (1,1) width 4: " "
