layer at (0,0) size 800x600
  RenderView at (0,0) size 800x600
layer at (0,0) size 800x42
  RenderBlock {HTML} at (0,0) size 800x42
    RenderBody {BODY} at (8,8) size 784x26
      RenderTable {TABLE} at (0,0) size 108x26
        RenderTableSection {TBODY} at (0,0) size 108x26
          RenderTableRow {TR} at (0,2) size 108x22
            RenderTableCell {TD} at (2,2) size 29x22 [r=0 c=0 rs=1 cs=1]
              RenderText {#text} at (1,1) size 27x19
                text run at (1,1) width 27: "One"
            RenderTableCell {TD} at (33,2) size 32x22 [r=0 c=1 rs=1 cs=1]
              RenderText {#text} at (1,1) size 30x19
                text run at (1,1) width 30: "Two"
            RenderTableCell {TD} at (67,2) size 39x22 [r=0 c=2 rs=1 cs=1]
              RenderText {#text} at (1,1) size 37x19
                text run at (1,1) width 37: "Three"
