layer at (0,0) size 800x600
  RenderView at (0,0) size 800x600
layer at (0,0) size 800x600
  RenderBlock {HTML} at (0,0) size 800x600
    RenderBody {BODY} at (8,8) size 784x584
      RenderTable {TABLE} at (0,0) size 784x158
        RenderTableSection {TBODY} at (0,0) size 784x158
          RenderTableRow {TR} at (0,0) size 784x79
            RenderTableCell {TD} at (0,0) size 784x79 [r=0 c=0 rs=1 cs=4]
              RenderBR {BR} at (392,1) size 0x19
              RenderInline {FONT} at (0,0) size 732x56
                RenderText {#text} at (26,21) size 732x37
                  text run at (26,21) width 183: "The Supreme Court says "
                  text run at (208,21) width 550: "Wisconsin can continue using tuition vouchers to help poor parents send their"
                  text run at (210,40) width 223: "children to church-run schools. "
                  text run at (432,40) width 142: "What's your stand? "
                RenderBR {BR} at (573,55) size 1x0
                RenderBR {BR} at (392,59) size 0x18
              RenderText {#text} at (0,0) size 0x0
          RenderTableRow {TR} at (0,79) size 784x24
            RenderTableCell {TD} at (0,82) size 527x18 [r=1 c=0 rs=1 cs=1]
              RenderInline {FONT} at (0,0) size 141x16
                RenderText {#text} at (385,1) size 141x16
                  text run at (385,1) width 141: "I agree with the program"
              RenderText {#text} at (0,0) size 0x0
            RenderTableCell {TD} at (527,79) size 82x24 [r=1 c=1 rs=1 cs=1]
              RenderBlock {INPUT} at (4,4) size 16x16
          RenderTableRow {TR} at (0,103) size 784x24
            RenderTableCell {TD} at (0,106) size 527x18 [r=2 c=0 rs=1 cs=1]
              RenderInline {FONT} at (0,0) size 153x16
                RenderText {#text} at (373,1) size 153x16
                  text run at (373,1) width 153: "I think vouchers are wrong"
              RenderText {#text} at (0,0) size 0x0
            RenderTableCell {TD} at (527,103) size 82x24 [r=2 c=1 rs=1 cs=1]
              RenderBlock {INPUT} at (4,4) size 16x16
          RenderTableRow {TR} at (0,127) size 784x31
            RenderTableCell {TD} at (0,133) size 609x18 [r=3 c=0 rs=1 cs=2]
              RenderInline {A} at (0,0) size 77x19 [color=#0000EE]
                RenderInline {FONT} at (0,0) size 77x16
                  RenderText {#text} at (266,1) size 77x16
                    text run at (266,1) width 77: "View Results"
              RenderInline {FONT} at (0,0) size 0x0
                RenderText {#text} at (0,0) size 0x0
            RenderTableCell {TD} at (609,127) size 175x31 [r=3 c=2 rs=1 cs=2]
              RenderButton {INPUT} at (65,3) size 45x25 [bgcolor=#C0C0C0] [border: (2px outset #C0C0C0)]
                RenderBlock (anonymous) at (8,3) size 29x19
                  RenderText at (0,0) size 29x19
                    text run at (0,0) width 29: "vote"
              RenderText {#text} at (0,0) size 0x0
