layer at (0,0) size 800x614
  RenderView at (0,0) size 800x600
layer at (0,0) size 800x614
  RenderBlock {HTML} at (0,0) size 800x614
    RenderBody {BODY} at (8,8) size 784x598
      RenderBlock (anonymous) at (0,0) size 784x18
        RenderText {#text} at (0,0) size 287x17
          text run at (0,0) width 287: "border=\"0\" cellspacing=\"0\" cellpadding=\"0\""
      RenderTable {TABLE} at (0,18) size 784x44 [bgcolor=#DDDD33]
        RenderTableSection {TBODY} at (0,0) size 784x44
          RenderTableRow {TR} at (0,0) size 784x44
            RenderTableCell {TD} at (0,22) size 12x0 [r=0 c=0 rs=1 cs=1]
            RenderTableCell {TD} at (12,0) size 760x44 [r=0 c=1 rs=1 cs=1]
            RenderTableCell {TD} at (772,22) size 12x0 [r=0 c=2 rs=1 cs=1]
      RenderBlock (anonymous) at (0,62) size 784x18
        RenderText {#text} at (0,0) size 211x17
          text run at (0,0) width 211: "cellspacing=\"0\" cellpadding=\"0\""
      RenderTable {TABLE} at (0,80) size 784x44 [bgcolor=#CCCCFF]
        RenderTableSection {TBODY} at (0,0) size 784x44
          RenderTableRow {TR} at (0,0) size 784x44
            RenderTableCell {TD} at (0,22) size 12x0 [r=0 c=0 rs=1 cs=1]
            RenderTableCell {TD} at (12,0) size 760x44 [r=0 c=1 rs=1 cs=1]
            RenderTableCell {TD} at (772,22) size 12x0 [r=0 c=2 rs=1 cs=1]
      RenderBlock (anonymous) at (0,124) size 784x18
        RenderText {#text} at (0,0) size 105x17
          text run at (0,0) width 105: "cellpadding=\"0\""
      RenderTable {TABLE} at (0,142) size 784x48 [bgcolor=#FF9999]
        RenderTableSection {TBODY} at (0,0) size 784x48
          RenderTableRow {TR} at (0,2) size 784x44
            RenderTableCell {TD} at (2,24) size 12x0 [r=0 c=0 rs=1 cs=1]
            RenderTableCell {TD} at (16,2) size 752x44 [r=0 c=1 rs=1 cs=1]
            RenderTableCell {TD} at (770,24) size 12x0 [r=0 c=2 rs=1 cs=1]
      RenderBlock (anonymous) at (0,190) size 784x18
        RenderText {#text} at (0,0) size 181x17
          text run at (0,0) width 181: "border=\"0\" cellpadding=\"0\""
      RenderTable {TABLE} at (0,208) size 784x48 [bgcolor=#AAEEBB]
        RenderTableSection {TBODY} at (0,0) size 784x48
          RenderTableRow {TR} at (0,2) size 784x44
            RenderTableCell {TD} at (2,24) size 12x0 [r=0 c=0 rs=1 cs=1]
            RenderTableCell {TD} at (16,2) size 752x44 [r=0 c=1 rs=1 cs=1]
            RenderTableCell {TD} at (770,24) size 12x0 [r=0 c=2 rs=1 cs=1]
      RenderBlock (anonymous) at (0,256) size 784x18
        RenderInline {FONT} at (0,0) size 31x17 [color=#0000FF]
          RenderText {#text} at (0,0) size 31x17
            text run at (0,0) width 31: "right"
        RenderText {#text} at (30,0) size 77x17
          text run at (30,0) width 77: " border=\"0\""
      RenderTable {TABLE} at (0,274) size 784x50 [bgcolor=#FFCCEE]
        RenderTableSection {TBODY} at (0,0) size 784x50
          RenderTableRow {TR} at (0,2) size 784x46
            RenderTableCell {TD} at (2,24) size 14x2 [r=0 c=0 rs=1 cs=1]
            RenderTableCell {TD} at (18,2) size 748x46 [r=0 c=1 rs=1 cs=1]
            RenderTableCell {TD} at (768,24) size 14x2 [r=0 c=2 rs=1 cs=1]
      RenderBlock (anonymous) at (0,324) size 784x18
        RenderInline {FONT} at (0,0) size 31x17 [color=#0000FF]
          RenderText {#text} at (0,0) size 31x17
            text run at (0,0) width 31: "right"
        RenderText {#text} at (30,0) size 110x17
          text run at (30,0) width 110: " cellpadding=\"1\""
      RenderTable {TABLE} at (0,342) size 784x50 [bgcolor=#66DDFF]
        RenderTableSection {TBODY} at (0,0) size 784x50
          RenderTableRow {TR} at (0,2) size 784x46
            RenderTableCell {TD} at (2,24) size 14x2 [r=0 c=0 rs=1 cs=1]
            RenderTableCell {TD} at (18,2) size 748x46 [r=0 c=1 rs=1 cs=1]
            RenderTableCell {TD} at (768,24) size 14x2 [r=0 c=2 rs=1 cs=1]
      RenderBlock (anonymous) at (0,392) size 784x18
        RenderInline {FONT} at (0,0) size 31x17 [color=#0000FF]
          RenderText {#text} at (0,0) size 31x17
            text run at (0,0) width 31: "right"
        RenderText {#text} at (30,0) size 291x17
          text run at (30,0) width 291: " border=\"1\" cellspacing=\"0\" cellpadding=\"0\""
      RenderTable {TABLE} at (0,410) size 784x48 [bgcolor=#EEEEEE] [border: (1px outset #808080)]
        RenderTableSection {TBODY} at (1,1) size 782x46
          RenderTableRow {TR} at (0,0) size 782x46
            RenderTableCell {TD} at (0,22) size 14x2 [border: (1px inset #808080)] [r=0 c=0 rs=1 cs=1]
            RenderTableCell {TD} at (14,0) size 754x46 [border: (1px inset #808080)] [r=0 c=1 rs=1 cs=1]
            RenderTableCell {TD} at (768,22) size 14x2 [border: (1px inset #808080)] [r=0 c=2 rs=1 cs=1]
      RenderBlock (anonymous) at (0,458) size 784x18
        RenderInline {FONT} at (0,0) size 31x17 [color=#0000FF]
          RenderText {#text} at (0,0) size 31x17
            text run at (0,0) width 31: "right"
        RenderText {#text} at (30,0) size 183x17
          text run at (30,0) width 183: " border=\"1\" cellspacing=\"0\""
      RenderTable {TABLE} at (0,476) size 784x50 [bgcolor=#FFCC66] [border: (1px outset #808080)]
        RenderTableSection {TBODY} at (1,1) size 782x48
          RenderTableRow {TR} at (0,0) size 782x48
            RenderTableCell {TD} at (0,22) size 16x4 [border: (1px inset #808080)] [r=0 c=0 rs=1 cs=1]
            RenderTableCell {TD} at (16,0) size 750x48 [border: (1px inset #808080)] [r=0 c=1 rs=1 cs=1]
            RenderTableCell {TD} at (766,22) size 16x4 [border: (1px inset #808080)] [r=0 c=2 rs=1 cs=1]
      RenderBlock (anonymous) at (0,526) size 784x18
        RenderInline {FONT} at (0,0) size 31x17 [color=#0000FF]
          RenderText {#text} at (0,0) size 31x17
            text run at (0,0) width 31: "right"
        RenderText {#text} at (30,0) size 77x17
          text run at (30,0) width 77: " border=\"1\""
      RenderTable {TABLE} at (0,544) size 784x54 [bgcolor=#CCFF33] [border: (1px outset #808080)]
        RenderTableSection {TBODY} at (1,1) size 782x52
          RenderTableRow {TR} at (0,2) size 782x48
            RenderTableCell {TD} at (2,24) size 16x4 [border: (1px inset #808080)] [r=0 c=0 rs=1 cs=1]
            RenderTableCell {TD} at (20,2) size 742x48 [border: (1px inset #808080)] [r=0 c=1 rs=1 cs=1]
            RenderTableCell {TD} at (764,24) size 16x4 [border: (1px inset #808080)] [r=0 c=2 rs=1 cs=1]
layer at (20,28) size 760x40 clip at (21,29) size 758x38
  RenderTextControl {TEXTAREA} at (0,2) size 760x40 [bgcolor=#FFFFFF] [border: (1px solid #000000)]
    RenderBlock {DIV} at (3,2) size 754x18
      RenderText {#text} at (0,0) size 40x18
        text run at (0,0) width 40: "test"
layer at (20,90) size 760x40 clip at (21,91) size 758x38
  RenderTextControl {TEXTAREA} at (0,2) size 760x40 [bgcolor=#FFFFFF] [border: (1px solid #000000)]
    RenderBlock {DIV} at (3,2) size 754x18
      RenderText {#text} at (0,0) size 40x18
        text run at (0,0) width 40: "test"
layer at (24,154) size 752x40 clip at (25,155) size 750x38
  RenderTextControl {TEXTAREA} at (0,2) size 752x40 [bgcolor=#FFFFFF] [border: (1px solid #000000)]
    RenderBlock {DIV} at (3,2) size 746x18
      RenderText {#text} at (0,0) size 40x18
        text run at (0,0) width 40: "test"
layer at (24,220) size 752x40 clip at (25,221) size 750x38
  RenderTextControl {TEXTAREA} at (0,2) size 752x40 [bgcolor=#FFFFFF] [border: (1px solid #000000)]
    RenderBlock {DIV} at (3,2) size 746x18
      RenderText {#text} at (0,0) size 40x18
        text run at (0,0) width 40: "test"
layer at (27,287) size 746x40 clip at (28,288) size 744x38
  RenderTextControl {TEXTAREA} at (1,3) size 746x40 [bgcolor=#FFFFFF] [border: (1px solid #000000)]
    RenderBlock {DIV} at (3,2) size 740x18
      RenderText {#text} at (0,0) size 40x18
        text run at (0,0) width 40: "test"
layer at (27,355) size 746x40 clip at (28,356) size 744x38
  RenderTextControl {TEXTAREA} at (1,3) size 746x40 [bgcolor=#FFFFFF] [border: (1px solid #000000)]
    RenderBlock {DIV} at (3,2) size 740x18
      RenderText {#text} at (0,0) size 40x18
        text run at (0,0) width 40: "test"
layer at (24,422) size 752x40 clip at (25,423) size 750x38
  RenderTextControl {TEXTAREA} at (1,3) size 752x40 [bgcolor=#FFFFFF] [border: (1px solid #000000)]
    RenderBlock {DIV} at (3,2) size 746x18
      RenderText {#text} at (0,0) size 40x18
        text run at (0,0) width 40: "test"
layer at (27,489) size 746x40 clip at (28,490) size 744x38
  RenderTextControl {TEXTAREA} at (2,4) size 746x40 [bgcolor=#FFFFFF] [border: (1px solid #000000)]
    RenderBlock {DIV} at (3,2) size 740x18
      RenderText {#text} at (0,0) size 40x18
        text run at (0,0) width 40: "test"
layer at (31,559) size 738x40 clip at (32,560) size 736x38
  RenderTextControl {TEXTAREA} at (2,4) size 738x40 [bgcolor=#FFFFFF] [border: (1px solid #000000)]
    RenderBlock {DIV} at (3,2) size 732x18
      RenderText {#text} at (0,0) size 40x18
        text run at (0,0) width 40: "test"
