layer at (0,0) size 800x12131
  RenderView at (0,0) size 800x600
layer at (0,0) size 800x12131
  RenderBlock {HTML} at (0,0) size 800x12131
    RenderBody {BODY} at (8,8) size 784x12115
      RenderTable {TABLE} at (0,0) size 739x12115 [border: (1px outset #808080)]
        RenderTableSection {TBODY} at (1,1) size 737x12113
          RenderTableRow {TR} at (0,2) size 737x12109
            RenderTableCell {TD} at (2,2) size 12x24 [border: (1px inset #808080)] [r=0 c=0 rs=1 cs=1]
              RenderText {#text} at (2,2) size 8x19
                text run at (2,2) width 8: "x"
            RenderTableCell {TD} at (16,2) size 719x12109 [border: (1px inset #808080)] [r=0 c=1 rs=1 cs=1]
              RenderBlock (anonymous) at (2,2) size 715x0
                RenderInline {FONT} at (0,0) size 0x0
                  RenderText {#text} at (0,0) size 0x0
              RenderBlock (anonymous) at (2,2) size 715x12105
                RenderTable {TABLE} at (0,0) size 566x54 [border: (1px outset #808080)]
                  RenderTableSection {TBODY} at (1,1) size 564x52
                    RenderTableRow {TR} at (0,2) size 564x23
                      RenderTableCell {TD} at (2,2) size 111x23 [border: (1px inset #808080)] [r=0 c=0 rs=1 cs=1]
                        RenderText {#text} at (2,2) size 4x18
                          text run at (2,2) width 4: " "
                      RenderTableCell {TD} at (115,2) size 447x4 [border: (1px inset #808080)] [r=0 c=1 rs=1 cs=1]
                    RenderTableRow {TR} at (0,27) size 564x23
                      RenderTableCell {TD} at (2,27) size 111x23 [border: (1px inset #808080)] [r=1 c=0 rs=1 cs=1]
                        RenderText {#text} at (2,2) size 107x18
                          text run at (2,2) width 107: "Search again..."
                RenderBlock (anonymous) at (0,54) size 715x16
                  RenderText {#text} at (0,0) size 715x16
                    text run at (0,0) width 332: "This text node only exists once in the original document! "
                    text run at (332,0) width 307: "If it were a large collection of inlines, the page would "
                    text run at (639,0) width 76: "hang forever."
                  RenderInline {A} at (0,0) size 0x0
                RenderBlock {H2} at (0,86) size 715x25
                  RenderInline {A} at (0,0) size 169x24
                    RenderText {#text} at (0,0) size 169x24
                      text run at (0,0) width 169: "Table of Contents"
                RenderBlock {P} at (0,127) size 715x160
                  RenderInline {B} at (0,0) size 76x16
                    RenderInline {A} at (0,0) size 76x16 [color=#0000EE]
                      RenderText {#text} at (0,0) size 76x16
                        text run at (0,0) width 76: "Introduction"
                  RenderBR {BR} at (76,13) size 0x0
                  RenderBR {BR} at (0,16) size 0x16
                  RenderInline {A} at (0,0) size 160x16 [color=#0000EE]
                    RenderText {#text} at (0,32) size 160x16
                      text run at (0,32) width 160: "Who Should Use This Book"
                  RenderText {#text} at (160,32) size 4x16
                    text run at (160,32) width 4: " "
                  RenderBR {BR} at (164,45) size 0x0
                  RenderInline {A} at (0,0) size 134x16 [color=#0000EE]
                    RenderText {#text} at (0,48) size 134x16
                      text run at (0,48) width 134: "How To Use This Book"
                  RenderText {#text} at (134,48) size 4x16
                    text run at (134,48) width 4: " "
                  RenderBR {BR} at (138,61) size 0x0
                  RenderInline {A} at (0,0) size 166x16 [color=#0000EE]
                    RenderText {#text} at (0,64) size 166x16
                      text run at (0,64) width 166: "How This Book is Structured"
                  RenderText {#text} at (166,64) size 4x16
                    text run at (166,64) width 4: " "
                  RenderBR {BR} at (170,77) size 0x0
                  RenderInline {A} at (0,0) size 200x16 [color=#0000EE]
                    RenderText {#text} at (0,80) size 200x16
                      text run at (0,80) width 200: "How to Read the Syntax Diagrams"
                  RenderText {#text} at (200,80) size 4x16
                    text run at (200,80) width 4: " "
                  RenderBR {BR} at (204,93) size 0x0
                  RenderInline {A} at (0,0) size 195x16 [color=#0000EE]
                    RenderText {#text} at (0,96) size 195x16
                      text run at (0,96) width 195: "Conventions Used in This Manual"
                  RenderText {#text} at (195,96) size 4x16
                    text run at (195,96) width 4: " "
                  RenderBR {BR} at (199,109) size 0x0
                  RenderInline {A} at (0,0) size 93x16 [color=#0000EE]
                    RenderText {#text} at (0,112) size 93x16
                      text run at (0,112) width 93: "Error Conditions"
                  RenderText {#text} at (93,112) size 4x16
                    text run at (93,112) width 4: " "
                  RenderBR {BR} at (97,125) size 0x0
                  RenderInline {A} at (0,0) size 143x16 [color=#0000EE]
                    RenderText {#text} at (0,128) size 143x16
                      text run at (0,128) width 143: "Highlighting Conventions"
                  RenderText {#text} at (143,128) size 4x16
                    text run at (143,128) width 4: " "
                  RenderBR {BR} at (147,141) size 0x0
                  RenderInline {A} at (0,0) size 217x16 [color=#0000EE]
                    RenderText {#text} at (0,144) size 217x16
                      text run at (0,144) width 217: "Related Documentation for This Book"
                  RenderText {#text} at (0,0) size 0x0
                RenderBlock {P} at (0,300) size 715x1056
                  RenderInline {B} at (0,0) size 58x16
                    RenderInline {A} at (0,0) size 58x16 [color=#0000EE]
                      RenderText {#text} at (0,0) size 58x16
                        text run at (0,0) width 58: "Concepts"
                  RenderBR {BR} at (58,13) size 0x0
                  RenderBR {BR} at (0,16) size 0x16
                  RenderInline {A} at (0,0) size 116x16 [color=#0000EE]
                    RenderText {#text} at (0,32) size 116x16
                      text run at (0,32) width 116: "Relational Database"
                  RenderText {#text} at (116,32) size 4x16
                    text run at (116,32) width 4: " "
                  RenderBR {BR} at (120,45) size 0x0
                  RenderInline {A} at (0,0) size 197x16 [color=#0000EE]
                    RenderText {#text} at (0,48) size 197x16
                      text run at (0,48) width 197: "Structured Query Language (SQL)"
                  RenderText {#text} at (197,48) size 4x16
                    text run at (197,48) width 4: " "
                  RenderBR {BR} at (201,61) size 0x0
                  RenderInline {A} at (0,0) size 92x16 [color=#0000EE]
                    RenderText {#text} at (0,64) size 92x16
                      text run at (0,64) width 92: "Embedded SQL"
                  RenderText {#text} at (92,64) size 4x16
                    text run at (92,64) width 4: " "
                  RenderBR {BR} at (96,77) size 0x0
                  RenderInline {A} at (0,0) size 64x16 [color=#0000EE]
                    RenderText {#text} at (0,80) size 64x16
                      text run at (0,80) width 64: "Static SQL"
                  RenderText {#text} at (64,80) size 4x16
                    text run at (64,80) width 4: " "
                  RenderBR {BR} at (68,93) size 0x0
                  RenderInline {A} at (0,0) size 81x16 [color=#0000EE]
                    RenderText {#text} at (0,96) size 81x16
                      text run at (0,96) width 81: "Dynamic SQL"
                  RenderText {#text} at (81,96) size 4x16
                    text run at (81,96) width 4: " "
                  RenderBR {BR} at (85,109) size 0x0
                  RenderInline {A} at (0,0) size 405x16 [color=#0000EE]
                    RenderText {#text} at (0,112) size 405x16
                      text run at (0,112) width 405: "DB2 Call Level Interface (CLI) & Open Database Connectivity (ODBC)"
                  RenderText {#text} at (405,112) size 4x16
                    text run at (405,112) width 4: " "
                  RenderBR {BR} at (409,125) size 0x0
                  RenderInline {A} at (0,0) size 486x16 [color=#0000EE]
                    RenderText {#text} at (0,128) size 486x16
                      text run at (0,128) width 486: "Java Database Connectivity (JDBC) and Embedded SQL for Java (SQLJ) Programs"
                  RenderText {#text} at (486,128) size 4x16
                    text run at (486,128) width 4: " "
                  RenderBR {BR} at (490,141) size 0x0
                  RenderInline {A} at (0,0) size 91x16 [color=#0000EE]
                    RenderText {#text} at (0,144) size 91x16
                      text run at (0,144) width 91: "Interactive SQL"
                  RenderText {#text} at (91,144) size 4x16
                    text run at (91,144) width 4: " "
                  RenderBR {BR} at (95,157) size 0x0
                  RenderInline {A} at (0,0) size 55x16 [color=#0000EE]
                    RenderText {#text} at (0,160) size 55x16
                      text run at (0,160) width 55: "Schemas"
                  RenderText {#text} at (55,160) size 4x16
                    text run at (55,160) width 4: " "
                  RenderBR {BR} at (59,173) size 0x0
                  RenderInline {A} at (0,0) size 162x16 [color=#0000EE]
                    RenderText {#text} at (0,176) size 162x16
                      text run at (0,176) width 162: "Controlling Use of Schemas"
                  RenderText {#text} at (162,176) size 4x16
                    text run at (162,176) width 4: " "
                  RenderBR {BR} at (166,189) size 0x0
                  RenderInline {A} at (0,0) size 39x16 [color=#0000EE]
                    RenderText {#text} at (0,192) size 39x16
                      text run at (0,192) width 39: "Tables"
                  RenderText {#text} at (39,192) size 4x16
                    text run at (39,192) width 4: " "
                  RenderBR {BR} at (43,205) size 0x0
                  RenderInline {A} at (0,0) size 35x16 [color=#0000EE]
                    RenderText {#text} at (0,208) size 35x16
                      text run at (0,208) width 35: "Views"
                  RenderText {#text} at (35,208) size 4x16
                    text run at (35,208) width 4: " "
                  RenderBR {BR} at (39,221) size 0x0
                  RenderInline {A} at (0,0) size 43x16 [color=#0000EE]
                    RenderText {#text} at (0,224) size 43x16
                      text run at (0,224) width 43: "Aliases"
                  RenderText {#text} at (43,224) size 4x16
                    text run at (43,224) width 4: " "
                  RenderBR {BR} at (47,237) size 0x0
                  RenderInline {A} at (0,0) size 46x16 [color=#0000EE]
                    RenderText {#text} at (0,240) size 46x16
                      text run at (0,240) width 46: "Indexes"
                  RenderText {#text} at (46,240) size 4x16
                    text run at (46,240) width 4: " "
                  RenderBR {BR} at (50,253) size 0x0
                  RenderInline {A} at (0,0) size 30x16 [color=#0000EE]
                    RenderText {#text} at (0,256) size 30x16
                      text run at (0,256) width 30: "Keys"
                  RenderText {#text} at (30,256) size 4x16
                    text run at (30,256) width 4: " "
                  RenderBR {BR} at (34,269) size 0x0
                  RenderInline {A} at (0,0) size 74x16 [color=#0000EE]
                    RenderText {#text} at (0,272) size 74x16
                      text run at (0,272) width 74: "Unique Keys"
                  RenderText {#text} at (74,272) size 4x16
                    text run at (74,272) width 4: " "
                  RenderBR {BR} at (78,285) size 0x0
                  RenderInline {A} at (0,0) size 79x16 [color=#0000EE]
                    RenderText {#text} at (0,288) size 79x16
                      text run at (0,288) width 79: "Primary Keys"
                  RenderText {#text} at (79,288) size 4x16
                    text run at (79,288) width 4: " "
                  RenderBR {BR} at (83,301) size 0x0
                  RenderInline {A} at (0,0) size 77x16 [color=#0000EE]
                    RenderText {#text} at (0,304) size 77x16
                      text run at (0,304) width 77: "Foreign Keys"
                  RenderText {#text} at (77,304) size 4x16
                    text run at (77,304) width 4: " "
                  RenderBR {BR} at (81,317) size 0x0
                  RenderInline {A} at (0,0) size 99x16 [color=#0000EE]
                    RenderText {#text} at (0,320) size 99x16
                      text run at (0,320) width 99: "Partitioning Keys"
                  RenderText {#text} at (99,320) size 4x16
                    text run at (99,320) width 4: " "
                  RenderBR {BR} at (103,333) size 0x0
                  RenderInline {A} at (0,0) size 66x16 [color=#0000EE]
                    RenderText {#text} at (0,336) size 66x16
                      text run at (0,336) width 66: "Constraints"
                  RenderText {#text} at (66,336) size 4x16
                    text run at (66,336) width 4: " "
                  RenderBR {BR} at (70,349) size 0x0
                  RenderInline {A} at (0,0) size 110x16 [color=#0000EE]
                    RenderText {#text} at (0,352) size 110x16
                      text run at (0,352) width 110: "Unique Constraints"
                  RenderText {#text} at (110,352) size 4x16
                    text run at (110,352) width 4: " "
                  RenderBR {BR} at (114,365) size 0x0
                  RenderInline {A} at (0,0) size 132x16 [color=#0000EE]
                    RenderText {#text} at (0,368) size 132x16
                      text run at (0,368) width 132: "Referential Constraints"
                  RenderText {#text} at (132,368) size 4x16
                    text run at (132,368) width 4: " "
                  RenderBR {BR} at (136,381) size 0x0
                  RenderInline {A} at (0,0) size 143x16 [color=#0000EE]
                    RenderText {#text} at (0,384) size 143x16
                      text run at (0,384) width 143: "Table Check Constraints"
                  RenderText {#text} at (143,384) size 4x16
                    text run at (143,384) width 4: " "
                  RenderBR {BR} at (147,397) size 0x0
                  RenderInline {A} at (0,0) size 47x16 [color=#0000EE]
                    RenderText {#text} at (0,400) size 47x16
                      text run at (0,400) width 47: "Triggers"
                  RenderText {#text} at (47,400) size 4x16
                    text run at (47,400) width 4: " "
                  RenderBR {BR} at (51,413) size 0x0
                  RenderInline {A} at (0,0) size 88x16 [color=#0000EE]
                    RenderText {#text} at (0,416) size 88x16
                      text run at (0,416) width 88: "Event Monitors"
                  RenderText {#text} at (88,416) size 4x16
                    text run at (88,416) width 4: " "
                  RenderBR {BR} at (92,429) size 0x0
                  RenderInline {A} at (0,0) size 45x16 [color=#0000EE]
                    RenderText {#text} at (0,432) size 45x16
                      text run at (0,432) width 45: "Queries"
                  RenderText {#text} at (45,432) size 4x16
                    text run at (45,432) width 4: " "
                  RenderBR {BR} at (49,445) size 0x0
                  RenderInline {A} at (0,0) size 108x16 [color=#0000EE]
                    RenderText {#text} at (0,448) size 108x16
                      text run at (0,448) width 108: "Table Expressions"
                  RenderText {#text} at (108,448) size 4x16
                    text run at (108,448) width 4: " "
                  RenderBR {BR} at (112,461) size 0x0
                  RenderInline {A} at (0,0) size 164x16 [color=#0000EE]
                    RenderText {#text} at (0,464) size 164x16
                      text run at (0,464) width 164: "Common Table Expressions"
                  RenderText {#text} at (164,464) size 4x16
                    text run at (164,464) width 4: " "
                  RenderBR {BR} at (168,477) size 0x0
                  RenderInline {A} at (0,0) size 58x16 [color=#0000EE]
                    RenderText {#text} at (0,480) size 58x16
                      text run at (0,480) width 58: "Packages"
                  RenderText {#text} at (58,480) size 4x16
                    text run at (58,480) width 4: " "
                  RenderBR {BR} at (62,493) size 0x0
                  RenderInline {A} at (0,0) size 83x16 [color=#0000EE]
                    RenderText {#text} at (0,496) size 83x16
                      text run at (0,496) width 83: "Catalog Views"
                  RenderText {#text} at (83,496) size 4x16
                    text run at (83,496) width 4: " "
                  RenderBR {BR} at (87,509) size 0x0
                  RenderInline {A} at (0,0) size 299x16 [color=#0000EE]
                    RenderText {#text} at (0,512) size 299x16
                      text run at (0,512) width 299: "Application Processes, Concurrency, and Recovery"
                  RenderText {#text} at (299,512) size 4x16
                    text run at (299,512) width 4: " "
                  RenderBR {BR} at (303,525) size 0x0
                  RenderInline {A} at (0,0) size 84x16 [color=#0000EE]
                    RenderText {#text} at (0,528) size 84x16
                      text run at (0,528) width 84: "Isolation Level"
                  RenderText {#text} at (84,528) size 4x16
                    text run at (84,528) width 4: " "
                  RenderBR {BR} at (88,541) size 0x0
                  RenderInline {A} at (0,0) size 129x16 [color=#0000EE]
                    RenderText {#text} at (0,544) size 129x16
                      text run at (0,544) width 129: "Repeatable Read (RR)"
                  RenderText {#text} at (129,544) size 4x16
                    text run at (129,544) width 4: " "
                  RenderBR {BR} at (133,557) size 0x0
                  RenderInline {A} at (0,0) size 111x16 [color=#0000EE]
                    RenderText {#text} at (0,560) size 111x16
                      text run at (0,560) width 111: "Read Stability (RS)"
                  RenderText {#text} at (111,560) size 4x16
                    text run at (111,560) width 4: " "
                  RenderBR {BR} at (115,573) size 0x0
                  RenderInline {A} at (0,0) size 119x16 [color=#0000EE]
                    RenderText {#text} at (0,576) size 119x16
                      text run at (0,576) width 119: "Cursor Stability (CS)"
                  RenderText {#text} at (119,576) size 4x16
                    text run at (119,576) width 4: " "
                  RenderBR {BR} at (123,589) size 0x0
                  RenderInline {A} at (0,0) size 141x16 [color=#0000EE]
                    RenderText {#text} at (0,592) size 141x16
                      text run at (0,592) width 141: "Uncommitted Read (UR)"
                  RenderText {#text} at (141,592) size 4x16
                    text run at (141,592) width 4: " "
                  RenderBR {BR} at (145,605) size 0x0
                  RenderInline {A} at (0,0) size 179x16 [color=#0000EE]
                    RenderText {#text} at (0,608) size 179x16
                      text run at (0,608) width 179: "Comparison of Isolation Levels"
                  RenderText {#text} at (179,608) size 4x16
                    text run at (179,608) width 4: " "
                  RenderBR {BR} at (183,621) size 0x0
                  RenderInline {A} at (0,0) size 182x16 [color=#0000EE]
                    RenderText {#text} at (0,624) size 182x16
                      text run at (0,624) width 182: "Distributed Relational Database"
                  RenderText {#text} at (182,624) size 4x16
                    text run at (182,624) width 4: " "
                  RenderBR {BR} at (186,637) size 0x0
                  RenderInline {A} at (0,0) size 113x16 [color=#0000EE]
                    RenderText {#text} at (0,640) size 113x16
                      text run at (0,640) width 113: "Application Servers"
                  RenderText {#text} at (113,640) size 4x16
                    text run at (113,640) width 4: " "
                  RenderBR {BR} at (117,653) size 0x0
                  RenderInline {A} at (0,0) size 259x16 [color=#0000EE]
                    RenderText {#text} at (0,656) size 259x16
                      text run at (0,656) width 259: "CONNECT (Type 1) and CONNECT (Type 2)"
                  RenderText {#text} at (259,656) size 4x16
                    text run at (259,656) width 4: " "
                  RenderBR {BR} at (263,669) size 0x0
                  RenderInline {A} at (0,0) size 121x16 [color=#0000EE]
                    RenderText {#text} at (0,672) size 121x16
                      text run at (0,672) width 121: "Remote Unit of Work"
                  RenderText {#text} at (121,672) size 4x16
                    text run at (121,672) width 4: " "
                  RenderBR {BR} at (125,685) size 0x0
                  RenderInline {A} at (0,0) size 258x16 [color=#0000EE]
                    RenderText {#text} at (0,688) size 258x16
                      text run at (0,688) width 258: "Application-Directed Distributed Unit of Work"
                  RenderText {#text} at (258,688) size 4x16
                    text run at (258,688) width 4: " "
                  RenderBR {BR} at (262,701) size 0x0
                  RenderInline {A} at (0,0) size 208x16 [color=#0000EE]
                    RenderText {#text} at (0,704) size 208x16
                      text run at (0,704) width 208: "Data Representation Considerations"
                  RenderText {#text} at (208,704) size 4x16
                    text run at (208,704) width 4: " "
                  RenderBR {BR} at (212,717) size 0x0
                  RenderInline {A} at (0,0) size 143x16 [color=#0000EE]
                    RenderText {#text} at (0,720) size 143x16
                      text run at (0,720) width 143: "DB2 Federated Systems"
                  RenderText {#text} at (143,720) size 4x16
                    text run at (143,720) width 4: " "
                  RenderBR {BR} at (147,733) size 0x0
                  RenderInline {A} at (0,0) size 363x16 [color=#0000EE]
                    RenderText {#text} at (0,736) size 363x16
                      text run at (0,736) width 363: "The Federated Server, Federated Database, and Data Sources"
                  RenderText {#text} at (363,736) size 4x16
                    text run at (363,736) width 4: " "
                  RenderBR {BR} at (367,749) size 0x0
                  RenderInline {A} at (0,0) size 266x16 [color=#0000EE]
                    RenderText {#text} at (0,752) size 266x16
                      text run at (0,752) width 266: "Tasks to Perform in a DB2 Federated System"
                  RenderText {#text} at (266,752) size 4x16
                    text run at (266,752) width 4: " "
                  RenderBR {BR} at (270,765) size 0x0
                  RenderInline {A} at (0,0) size 185x16 [color=#0000EE]
                    RenderText {#text} at (0,768) size 185x16
                      text run at (0,768) width 185: "Wrappers and Wrapper Modules"
                  RenderText {#text} at (185,768) size 4x16
                    text run at (185,768) width 4: " "
                  RenderBR {BR} at (189,781) size 0x0
                  RenderInline {A} at (0,0) size 219x16 [color=#0000EE]
                    RenderText {#text} at (0,784) size 219x16
                      text run at (0,784) width 219: "Server Definitions and Server Options"
                  RenderText {#text} at (219,784) size 4x16
                    text run at (219,784) width 4: " "
                  RenderBR {BR} at (223,797) size 0x0
                  RenderInline {A} at (0,0) size 192x16 [color=#0000EE]
                    RenderText {#text} at (0,800) size 192x16
                      text run at (0,800) width 192: "User Mappings and User Options"
                  RenderText {#text} at (192,800) size 4x16
                    text run at (192,800) width 4: " "
                  RenderBR {BR} at (196,813) size 0x0
                  RenderInline {A} at (0,0) size 120x16 [color=#0000EE]
                    RenderText {#text} at (0,816) size 120x16
                      text run at (0,816) width 120: "Data Type Mappings"
                  RenderText {#text} at (120,816) size 4x16
                    text run at (120,816) width 4: " "
                  RenderBR {BR} at (124,829) size 0x0
                  RenderInline {A} at (0,0) size 418x16 [color=#0000EE]
                    RenderText {#text} at (0,832) size 418x16
                      text run at (0,832) width 418: "Function Mappings, Function Templates, and Function Mapping Options"
                  RenderText {#text} at (418,832) size 4x16
                    text run at (418,832) width 4: " "
                  RenderBR {BR} at (422,845) size 0x0
                  RenderInline {A} at (0,0) size 187x16 [color=#0000EE]
                    RenderText {#text} at (0,848) size 187x16
                      text run at (0,848) width 187: "Nicknames and Column Options"
                  RenderText {#text} at (187,848) size 4x16
                    text run at (187,848) width 4: " "
                  RenderBR {BR} at (191,861) size 0x0
                  RenderInline {A} at (0,0) size 118x16 [color=#0000EE]
                    RenderText {#text} at (0,864) size 118x16
                      text run at (0,864) width 118: "Index Specifications"
                  RenderText {#text} at (118,864) size 4x16
                    text run at (118,864) width 4: " "
                  RenderBR {BR} at (122,877) size 0x0
                  RenderInline {A} at (0,0) size 121x16 [color=#0000EE]
                    RenderText {#text} at (0,880) size 121x16
                      text run at (0,880) width 121: "Distributed Requests"
                  RenderText {#text} at (121,880) size 4x16
                    text run at (121,880) width 4: " "
                  RenderBR {BR} at (125,893) size 0x0
                  RenderInline {A} at (0,0) size 83x16 [color=#0000EE]
                    RenderText {#text} at (0,896) size 83x16
                      text run at (0,896) width 83: "Compensation"
                  RenderText {#text} at (83,896) size 4x16
                    text run at (83,896) width 4: " "
                  RenderBR {BR} at (87,909) size 0x0
                  RenderInline {A} at (0,0) size 81x16 [color=#0000EE]
                    RenderText {#text} at (0,912) size 81x16
                      text run at (0,912) width 81: "Pass-Through"
                  RenderText {#text} at (81,912) size 4x16
                    text run at (81,912) width 4: " "
                  RenderBR {BR} at (85,925) size 0x0
                  RenderInline {A} at (0,0) size 125x16 [color=#0000EE]
                    RenderText {#text} at (0,928) size 125x16
                      text run at (0,928) width 125: "Character Conversion"
                  RenderText {#text} at (125,928) size 4x16
                    text run at (125,928) width 4: " "
                  RenderBR {BR} at (129,941) size 0x0
                  RenderInline {A} at (0,0) size 187x16 [color=#0000EE]
                    RenderText {#text} at (0,944) size 187x16
                      text run at (0,944) width 187: "Character Sets and Code Pages"
                  RenderText {#text} at (187,944) size 4x16
                    text run at (187,944) width 4: " "
                  RenderBR {BR} at (191,957) size 0x0
                  RenderInline {A} at (0,0) size 124x16 [color=#0000EE]
                    RenderText {#text} at (0,960) size 124x16
                      text run at (0,960) width 124: "Code Page Attributes"
                  RenderText {#text} at (124,960) size 4x16
                    text run at (124,960) width 4: " "
                  RenderBR {BR} at (128,973) size 0x0
                  RenderInline {A} at (0,0) size 162x16 [color=#0000EE]
                    RenderText {#text} at (0,976) size 162x16
                      text run at (0,976) width 162: "Authorization and Privileges"
                  RenderText {#text} at (162,976) size 4x16
                    text run at (162,976) width 4: " "
                  RenderBR {BR} at (166,989) size 0x0
                  RenderInline {A} at (0,0) size 254x16 [color=#0000EE]
                    RenderText {#text} at (0,992) size 254x16
                      text run at (0,992) width 254: "Table Spaces and Other Storage Structures"
                  RenderText {#text} at (254,992) size 4x16
                    text run at (254,992) width 4: " "
                  RenderBR {BR} at (258,1005) size 0x0
                  RenderInline {A} at (0,0) size 249x16 [color=#0000EE]
                    RenderText {#text} at (0,1008) size 249x16
                      text run at (0,1008) width 249: "Data Partitioning Across Multiple Partitions"
                  RenderText {#text} at (249,1008) size 4x16
                    text run at (249,1008) width 4: " "
                  RenderBR {BR} at (253,1021) size 0x0
                  RenderInline {A} at (0,0) size 101x16 [color=#0000EE]
                    RenderText {#text} at (0,1024) size 101x16
                      text run at (0,1024) width 101: "Partitioning Maps"
                  RenderText {#text} at (101,1024) size 4x16
                    text run at (101,1024) width 4: " "
                  RenderBR {BR} at (105,1037) size 0x0
                  RenderInline {A} at (0,0) size 100x16 [color=#0000EE]
                    RenderText {#text} at (0,1040) size 100x16
                      text run at (0,1040) width 100: "Table Collocation"
                  RenderText {#text} at (0,0) size 0x0
                RenderBlock {P} at (0,1369) size 715x2128
                  RenderInline {B} at (0,0) size 123x16
                    RenderInline {A} at (0,0) size 123x16 [color=#0000EE]
                      RenderText {#text} at (0,0) size 123x16
                        text run at (0,0) width 123: "Language Elements"
                  RenderBR {BR} at (123,13) size 0x0
                  RenderBR {BR} at (0,16) size 0x16
                  RenderInline {A} at (0,0) size 63x16 [color=#0000EE]
                    RenderText {#text} at (0,32) size 63x16
                      text run at (0,32) width 63: "Characters"
                  RenderText {#text} at (63,32) size 4x16
                    text run at (63,32) width 4: " "
                  RenderBR {BR} at (67,45) size 0x0
                  RenderInline {A} at (0,0) size 128x16 [color=#0000EE]
                    RenderText {#text} at (0,48) size 128x16
                      text run at (0,48) width 128: "MBCS Considerations"
                  RenderText {#text} at (128,48) size 4x16
                    text run at (128,48) width 4: " "
                  RenderBR {BR} at (132,61) size 0x0
                  RenderInline {A} at (0,0) size 43x16 [color=#0000EE]
                    RenderText {#text} at (0,64) size 43x16
                      text run at (0,64) width 43: "Tokens"
                  RenderText {#text} at (43,64) size 4x16
                    text run at (43,64) width 4: " "
                  RenderBR {BR} at (47,77) size 0x0
                  RenderInline {A} at (0,0) size 128x16 [color=#0000EE]
                    RenderText {#text} at (0,80) size 128x16
                      text run at (0,80) width 128: "MBCS Considerations"
                  RenderText {#text} at (128,80) size 4x16
                    text run at (128,80) width 4: " "
                  RenderBR {BR} at (132,93) size 0x0
                  RenderInline {A} at (0,0) size 57x16 [color=#0000EE]
                    RenderText {#text} at (0,96) size 57x16
                      text run at (0,96) width 57: "Identifiers"
                  RenderText {#text} at (57,96) size 4x16
                    text run at (57,96) width 4: " "
                  RenderBR {BR} at (61,109) size 0x0
                  RenderInline {A} at (0,0) size 87x16 [color=#0000EE]
                    RenderText {#text} at (0,112) size 87x16
                      text run at (0,112) width 87: "SQL Identifiers"
                  RenderText {#text} at (87,112) size 4x16
                    text run at (87,112) width 4: " "
                  RenderBR {BR} at (91,125) size 0x0
                  RenderInline {A} at (0,0) size 88x16 [color=#0000EE]
                    RenderText {#text} at (0,128) size 88x16
                      text run at (0,128) width 88: "Host Identifiers"
                  RenderText {#text} at (88,128) size 4x16
                    text run at (88,128) width 4: " "
                  RenderBR {BR} at (92,141) size 0x0
                  RenderInline {A} at (0,0) size 354x16 [color=#0000EE]
                    RenderText {#text} at (0,144) size 354x16
                      text run at (0,144) width 354: "Naming Conventions and Implicit Object Name Qualifications"
                  RenderText {#text} at (354,144) size 4x16
                    text run at (354,144) width 4: " "
                  RenderBR {BR} at (358,157) size 0x0
                  RenderInline {A} at (0,0) size 43x16 [color=#0000EE]
                    RenderText {#text} at (0,160) size 43x16
                      text run at (0,160) width 43: "Aliases"
                  RenderText {#text} at (43,160) size 4x16
                    text run at (43,160) width 4: " "
                  RenderBR {BR} at (47,173) size 0x0
                  RenderInline {A} at (0,0) size 246x16 [color=#0000EE]
                    RenderText {#text} at (0,176) size 246x16
                      text run at (0,176) width 246: "Authorization IDs and authorization-names"
                  RenderText {#text} at (246,176) size 4x16
                    text run at (246,176) width 4: " "
                  RenderBR {BR} at (250,189) size 0x0
                  RenderInline {A} at (0,0) size 238x16 [color=#0000EE]
                    RenderText {#text} at (0,192) size 238x16
                      text run at (0,192) width 238: "Dynamic SQL Characteristics at run-time"
                  RenderText {#text} at (238,192) size 4x16
                    text run at (238,192) width 4: " "
                  RenderBR {BR} at (242,205) size 0x0
                  RenderInline {A} at (0,0) size 259x16 [color=#0000EE]
                    RenderText {#text} at (0,208) size 259x16
                      text run at (0,208) width 259: "Authorization IDs and Statement Preparation"
                  RenderText {#text} at (259,208) size 4x16
                    text run at (259,208) width 4: " "
                  RenderBR {BR} at (263,221) size 0x0
                  RenderInline {A} at (0,0) size 67x16 [color=#0000EE]
                    RenderText {#text} at (0,224) size 67x16
                      text run at (0,224) width 67: "Data Types"
                  RenderText {#text} at (67,224) size 4x16
                    text run at (67,224) width 4: " "
                  RenderBR {BR} at (71,237) size 0x0
                  RenderInline {A} at (0,0) size 29x16 [color=#0000EE]
                    RenderText {#text} at (0,240) size 29x16
                      text run at (0,240) width 29: "Nulls"
                  RenderText {#text} at (29,240) size 4x16
                    text run at (29,240) width 4: " "
                  RenderBR {BR} at (33,253) size 0x0
                  RenderInline {A} at (0,0) size 126x16 [color=#0000EE]
                    RenderText {#text} at (0,256) size 126x16
                      text run at (0,256) width 126: "Large Objects (LOBs)"
                  RenderText {#text} at (126,256) size 4x16
                    text run at (126,256) width 4: " "
                  RenderBR {BR} at (130,269) size 0x0
                  RenderInline {A} at (0,0) size 101x16 [color=#0000EE]
                    RenderText {#text} at (0,272) size 101x16
                      text run at (0,272) width 101: "Character Strings"
                  RenderText {#text} at (101,272) size 4x16
                    text run at (101,272) width 4: " "
                  RenderBR {BR} at (105,285) size 0x0
                  RenderInline {A} at (0,0) size 90x16 [color=#0000EE]
                    RenderText {#text} at (0,288) size 90x16
                      text run at (0,288) width 90: "Graphic Strings"
                  RenderText {#text} at (90,288) size 4x16
                    text run at (90,288) width 4: " "
                  RenderBR {BR} at (94,301) size 0x0
                  RenderInline {A} at (0,0) size 75x16 [color=#0000EE]
                    RenderText {#text} at (0,304) size 75x16
                      text run at (0,304) width 75: "Binary String"
                  RenderText {#text} at (75,304) size 4x16
                    text run at (75,304) width 4: " "
                  RenderBR {BR} at (79,317) size 0x0
                  RenderInline {A} at (0,0) size 52x16 [color=#0000EE]
                    RenderText {#text} at (0,320) size 52x16
                      text run at (0,320) width 52: "Numbers"
                  RenderText {#text} at (52,320) size 4x16
                    text run at (52,320) width 4: " "
                  RenderBR {BR} at (56,333) size 0x0
                  RenderInline {A} at (0,0) size 96x16 [color=#0000EE]
                    RenderText {#text} at (0,336) size 96x16
                      text run at (0,336) width 96: "Datetime Values"
                  RenderText {#text} at (96,336) size 4x16
                    text run at (96,336) width 4: " "
                  RenderBR {BR} at (100,349) size 0x0
                  RenderInline {A} at (0,0) size 108x16 [color=#0000EE]
                    RenderText {#text} at (0,352) size 108x16
                      text run at (0,352) width 108: "DATALINK Values"
                  RenderText {#text} at (108,352) size 4x16
                    text run at (108,352) width 4: " "
                  RenderBR {BR} at (112,365) size 0x0
                  RenderInline {A} at (0,0) size 115x16 [color=#0000EE]
                    RenderText {#text} at (0,368) size 115x16
                      text run at (0,368) width 115: "User Defined Types"
                  RenderText {#text} at (115,368) size 4x16
                    text run at (115,368) width 4: " "
                  RenderBR {BR} at (119,381) size 0x0
                  RenderInline {A} at (0,0) size 145x16 [color=#0000EE]
                    RenderText {#text} at (0,384) size 145x16
                      text run at (0,384) width 145: "Promotion of Data Types"
                  RenderText {#text} at (145,384) size 4x16
                    text run at (145,384) width 4: " "
                  RenderBR {BR} at (149,397) size 0x0
                  RenderInline {A} at (0,0) size 169x16 [color=#0000EE]
                    RenderText {#text} at (0,400) size 169x16
                      text run at (0,400) width 169: "Casting Between Data Types"
                  RenderText {#text} at (169,400) size 4x16
                    text run at (169,400) width 4: " "
                  RenderBR {BR} at (173,413) size 0x0
                  RenderInline {A} at (0,0) size 181x16 [color=#0000EE]
                    RenderText {#text} at (0,416) size 181x16
                      text run at (0,416) width 181: "Assignments and Comparisons"
                  RenderText {#text} at (181,416) size 4x16
                    text run at (181,416) width 4: " "
                  RenderBR {BR} at (185,429) size 0x0
                  RenderInline {A} at (0,0) size 128x16 [color=#0000EE]
                    RenderText {#text} at (0,432) size 128x16
                      text run at (0,432) width 128: "Numeric Assignments"
                  RenderText {#text} at (128,432) size 4x16
                    text run at (128,432) width 4: " "
                  RenderBR {BR} at (132,445) size 0x0
                  RenderInline {A} at (0,0) size 114x16 [color=#0000EE]
                    RenderText {#text} at (0,448) size 114x16
                      text run at (0,448) width 114: "String Assignments"
                  RenderText {#text} at (114,448) size 4x16
                    text run at (114,448) width 4: " "
                  RenderBR {BR} at (118,461) size 0x0
                  RenderInline {A} at (0,0) size 132x16 [color=#0000EE]
                    RenderText {#text} at (0,464) size 132x16
                      text run at (0,464) width 132: "Datetime Assignments"
                  RenderText {#text} at (132,464) size 4x16
                    text run at (132,464) width 4: " "
                  RenderBR {BR} at (136,477) size 0x0
                  RenderInline {A} at (0,0) size 144x16 [color=#0000EE]
                    RenderText {#text} at (0,480) size 144x16
                      text run at (0,480) width 144: "DATALINK Assignments"
                  RenderText {#text} at (144,480) size 4x16
                    text run at (144,480) width 4: " "
                  RenderBR {BR} at (148,493) size 0x0
                  RenderInline {A} at (0,0) size 186x16 [color=#0000EE]
                    RenderText {#text} at (0,496) size 186x16
                      text run at (0,496) width 186: "User-defined Type Assignments"
                  RenderText {#text} at (186,496) size 4x16
                    text run at (186,496) width 4: " "
                  RenderBR {BR} at (190,509) size 0x0
                  RenderInline {A} at (0,0) size 172x16 [color=#0000EE]
                    RenderText {#text} at (0,512) size 172x16
                      text run at (0,512) width 172: "Reference Type Assignments"
                  RenderText {#text} at (172,512) size 4x16
                    text run at (172,512) width 4: " "
                  RenderBR {BR} at (176,525) size 0x0
                  RenderInline {A} at (0,0) size 128x16 [color=#0000EE]
                    RenderText {#text} at (0,528) size 128x16
                      text run at (0,528) width 128: "Numeric Comparisons"
                  RenderText {#text} at (128,528) size 4x16
                    text run at (128,528) width 4: " "
                  RenderBR {BR} at (132,541) size 0x0
                  RenderInline {A} at (0,0) size 114x16 [color=#0000EE]
                    RenderText {#text} at (0,544) size 114x16
                      text run at (0,544) width 114: "String Comparisons"
                  RenderText {#text} at (114,544) size 4x16
                    text run at (114,544) width 4: " "
                  RenderBR {BR} at (118,557) size 0x0
                  RenderInline {A} at (0,0) size 132x16 [color=#0000EE]
                    RenderText {#text} at (0,560) size 132x16
                      text run at (0,560) width 132: "Datetime Comparisons"
                  RenderText {#text} at (132,560) size 4x16
                    text run at (132,560) width 4: " "
                  RenderBR {BR} at (136,573) size 0x0
                  RenderInline {A} at (0,0) size 186x16 [color=#0000EE]
                    RenderText {#text} at (0,576) size 186x16
                      text run at (0,576) width 186: "User-defined Type Comparisons"
                  RenderText {#text} at (186,576) size 4x16
                    text run at (186,576) width 4: " "
                  RenderBR {BR} at (190,589) size 0x0
                  RenderInline {A} at (0,0) size 172x16 [color=#0000EE]
                    RenderText {#text} at (0,592) size 172x16
                      text run at (0,592) width 172: "Reference Type Comparisons"
                  RenderText {#text} at (172,592) size 4x16
                    text run at (172,592) width 4: " "
                  RenderBR {BR} at (176,605) size 0x0
                  RenderInline {A} at (0,0) size 164x16 [color=#0000EE]
                    RenderText {#text} at (0,608) size 164x16
                      text run at (0,608) width 164: "Rules for Result Data Types"
                  RenderText {#text} at (164,608) size 4x16
                    text run at (164,608) width 4: " "
                  RenderBR {BR} at (168,621) size 0x0
                  RenderInline {A} at (0,0) size 101x16 [color=#0000EE]
                    RenderText {#text} at (0,624) size 101x16
                      text run at (0,624) width 101: "Character Strings"
                  RenderText {#text} at (101,624) size 4x16
                    text run at (101,624) width 4: " "
                  RenderBR {BR} at (105,637) size 0x0
                  RenderInline {A} at (0,0) size 90x16 [color=#0000EE]
                    RenderText {#text} at (0,640) size 90x16
                      text run at (0,640) width 90: "Graphic Strings"
                  RenderText {#text} at (90,640) size 4x16
                    text run at (90,640) width 4: " "
                  RenderBR {BR} at (94,653) size 0x0
                  RenderInline {A} at (0,0) size 162x16 [color=#0000EE]
                    RenderText {#text} at (0,656) size 162x16
                      text run at (0,656) width 162: "Binary Large Object (BLOB)"
                  RenderText {#text} at (162,656) size 4x16
                    text run at (162,656) width 4: " "
                  RenderBR {BR} at (166,669) size 0x0
                  RenderInline {A} at (0,0) size 48x16 [color=#0000EE]
                    RenderText {#text} at (0,672) size 48x16
                      text run at (0,672) width 48: "Numeric"
                  RenderText {#text} at (48,672) size 4x16
                    text run at (48,672) width 4: " "
                  RenderBR {BR} at (52,685) size 0x0
                  RenderInline {A} at (0,0) size 35x16 [color=#0000EE]
                    RenderText {#text} at (0,688) size 35x16
                      text run at (0,688) width 35: "DATE"
                  RenderText {#text} at (35,688) size 4x16
                    text run at (35,688) width 4: " "
                  RenderBR {BR} at (39,701) size 0x0
                  RenderInline {A} at (0,0) size 32x16 [color=#0000EE]
                    RenderText {#text} at (0,704) size 32x16
                      text run at (0,704) width 32: "TIME"
                  RenderText {#text} at (32,704) size 4x16
                    text run at (32,704) width 4: " "
                  RenderBR {BR} at (36,717) size 0x0
                  RenderInline {A} at (0,0) size 78x16 [color=#0000EE]
                    RenderText {#text} at (0,720) size 78x16
                      text run at (0,720) width 78: "TIMESTAMP"
                  RenderText {#text} at (78,720) size 4x16
                    text run at (78,720) width 4: " "
                  RenderBR {BR} at (82,733) size 0x0
                  RenderInline {A} at (0,0) size 64x16 [color=#0000EE]
                    RenderText {#text} at (0,736) size 64x16
                      text run at (0,736) width 64: "DATALINK"
                  RenderText {#text} at (64,736) size 4x16
                    text run at (64,736) width 4: " "
                  RenderBR {BR} at (68,749) size 0x0
                  RenderInline {A} at (0,0) size 113x16 [color=#0000EE]
                    RenderText {#text} at (0,752) size 113x16
                      text run at (0,752) width 113: "User-defined Types"
                  RenderText {#text} at (113,752) size 4x16
                    text run at (113,752) width 4: " "
                  RenderBR {BR} at (117,765) size 0x0
                  RenderInline {A} at (0,0) size 155x16 [color=#0000EE]
                    RenderText {#text} at (0,768) size 155x16
                      text run at (0,768) width 155: "Nullable Attribute of Result"
                  RenderText {#text} at (155,768) size 4x16
                    text run at (155,768) width 4: " "
                  RenderBR {BR} at (159,781) size 0x0
                  RenderInline {A} at (0,0) size 166x16 [color=#0000EE]
                    RenderText {#text} at (0,784) size 166x16
                      text run at (0,784) width 166: "Rules for String Conversions"
                  RenderText {#text} at (166,784) size 4x16
                    text run at (166,784) width 4: " "
                  RenderBR {BR} at (170,797) size 0x0
                  RenderInline {A} at (0,0) size 127x16 [color=#0000EE]
                    RenderText {#text} at (0,800) size 127x16
                      text run at (0,800) width 127: "Partition Compatibility"
                  RenderText {#text} at (127,800) size 4x16
                    text run at (127,800) width 4: " "
                  RenderBR {BR} at (131,813) size 0x0
                  RenderInline {A} at (0,0) size 59x16 [color=#0000EE]
                    RenderText {#text} at (0,816) size 59x16
                      text run at (0,816) width 59: "Constants"
                  RenderText {#text} at (59,816) size 4x16
                    text run at (59,816) width 4: " "
                  RenderBR {BR} at (63,829) size 0x0
                  RenderInline {A} at (0,0) size 103x16 [color=#0000EE]
                    RenderText {#text} at (0,832) size 103x16
                      text run at (0,832) width 103: "Integer Constants"
                  RenderText {#text} at (103,832) size 4x16
                    text run at (103,832) width 4: " "
                  RenderBR {BR} at (107,845) size 0x0
                  RenderInline {A} at (0,0) size 143x16 [color=#0000EE]
                    RenderText {#text} at (0,848) size 143x16
                      text run at (0,848) width 143: "Floating-Point Constants"
                  RenderText {#text} at (143,848) size 4x16
                    text run at (143,848) width 4: " "
                  RenderBR {BR} at (147,861) size 0x0
                  RenderInline {A} at (0,0) size 110x16 [color=#0000EE]
                    RenderText {#text} at (0,864) size 110x16
                      text run at (0,864) width 110: "Decimal Constants"
                  RenderText {#text} at (110,864) size 4x16
                    text run at (110,864) width 4: " "
                  RenderBR {BR} at (114,877) size 0x0
                  RenderInline {A} at (0,0) size 157x16 [color=#0000EE]
                    RenderText {#text} at (0,880) size 157x16
                      text run at (0,880) width 157: "Character String Constants"
                  RenderText {#text} at (157,880) size 4x16
                    text run at (157,880) width 4: " "
                  RenderBR {BR} at (161,893) size 0x0
                  RenderInline {A} at (0,0) size 138x16 [color=#0000EE]
                    RenderText {#text} at (0,896) size 138x16
                      text run at (0,896) width 138: "Hexadecimal Constants"
                  RenderText {#text} at (138,896) size 4x16
                    text run at (138,896) width 4: " "
                  RenderBR {BR} at (142,909) size 0x0
                  RenderInline {A} at (0,0) size 146x16 [color=#0000EE]
                    RenderText {#text} at (0,912) size 146x16
                      text run at (0,912) width 146: "Graphic String Constants"
                  RenderText {#text} at (146,912) size 4x16
                    text run at (146,912) width 4: " "
                  RenderBR {BR} at (150,925) size 0x0
                  RenderInline {A} at (0,0) size 240x16 [color=#0000EE]
                    RenderText {#text} at (0,928) size 240x16
                      text run at (0,928) width 240: "Using Constants with User-defined Types"
                  RenderText {#text} at (240,928) size 4x16
                    text run at (240,928) width 4: " "
                  RenderBR {BR} at (244,941) size 0x0
                  RenderInline {A} at (0,0) size 102x16 [color=#0000EE]
                    RenderText {#text} at (0,944) size 102x16
                      text run at (0,944) width 102: "Special Registers"
                  RenderText {#text} at (102,944) size 4x16
                    text run at (102,944) width 4: " "
                  RenderBR {BR} at (106,957) size 0x0
                  RenderInline {A} at (0,0) size 101x16 [color=#0000EE]
                    RenderText {#text} at (0,960) size 101x16
                      text run at (0,960) width 101: "CURRENT DATE"
                  RenderText {#text} at (101,960) size 4x16
                    text run at (101,960) width 4: " "
                  RenderBR {BR} at (105,973) size 0x0
                  RenderInline {A} at (0,0) size 262x16 [color=#0000EE]
                    RenderText {#text} at (0,976) size 262x16
                      text run at (0,976) width 262: "CURRENT DEFAULT TRANSFORM GROUP"
                  RenderText {#text} at (262,976) size 4x16
                    text run at (262,976) width 4: " "
                  RenderBR {BR} at (266,989) size 0x0
                  RenderInline {A} at (0,0) size 121x16 [color=#0000EE]
                    RenderText {#text} at (0,992) size 121x16
                      text run at (0,992) width 121: "CURRENT DEGREE"
                  RenderText {#text} at (121,992) size 4x16
                    text run at (121,992) width 4: " "
                  RenderBR {BR} at (125,1005) size 0x0
                  RenderInline {A} at (0,0) size 165x16 [color=#0000EE]
                    RenderText {#text} at (0,1008) size 165x16
                      text run at (0,1008) width 165: "CURRENT EXPLAIN MODE"
                  RenderText {#text} at (165,1008) size 4x16
                    text run at (165,1008) width 4: " "
                  RenderBR {BR} at (169,1021) size 0x0
                  RenderInline {A} at (0,0) size 198x16 [color=#0000EE]
                    RenderText {#text} at (0,1024) size 198x16
                      text run at (0,1024) width 198: "CURRENT EXPLAIN SNAPSHOT"
                  RenderText {#text} at (198,1024) size 4x16
                    text run at (198,1024) width 4: " "
                  RenderBR {BR} at (202,1037) size 0x0
                  RenderInline {A} at (0,0) size 103x16 [color=#0000EE]
                    RenderText {#text} at (0,1040) size 103x16
                      text run at (0,1040) width 103: "CURRENT NODE"
                  RenderText {#text} at (103,1040) size 4x16
                    text run at (103,1040) width 4: " "
                  RenderBR {BR} at (107,1053) size 0x0
                  RenderInline {A} at (0,0) size 101x16 [color=#0000EE]
                    RenderText {#text} at (0,1056) size 101x16
                      text run at (0,1056) width 101: "CURRENT PATH"
                  RenderText {#text} at (101,1056) size 4x16
                    text run at (101,1056) width 4: " "
                  RenderBR {BR} at (105,1069) size 0x0
                  RenderInline {A} at (0,0) size 210x16 [color=#0000EE]
                    RenderText {#text} at (0,1072) size 210x16
                      text run at (0,1072) width 210: "CURRENT QUERY OPTIMIZATION"
                  RenderText {#text} at (210,1072) size 4x16
                    text run at (210,1072) width 4: " "
                  RenderBR {BR} at (214,1085) size 0x0
                  RenderInline {A} at (0,0) size 160x16 [color=#0000EE]
                    RenderText {#text} at (0,1088) size 160x16
                      text run at (0,1088) width 160: "CURRENT REFRESH AGE"
                  RenderText {#text} at (160,1088) size 4x16
                    text run at (160,1088) width 4: " "
                  RenderBR {BR} at (164,1101) size 0x0
                  RenderInline {A} at (0,0) size 122x16 [color=#0000EE]
                    RenderText {#text} at (0,1104) size 122x16
                      text run at (0,1104) width 122: "CURRENT SCHEMA"
                  RenderText {#text} at (122,1104) size 4x16
                    text run at (122,1104) width 4: " "
                  RenderBR {BR} at (126,1117) size 0x0
                  RenderInline {A} at (0,0) size 120x16 [color=#0000EE]
                    RenderText {#text} at (0,1120) size 120x16
                      text run at (0,1120) width 120: "CURRENT SERVER"
                  RenderText {#text} at (120,1120) size 4x16
                    text run at (120,1120) width 4: " "
                  RenderBR {BR} at (124,1133) size 0x0
                  RenderInline {A} at (0,0) size 98x16 [color=#0000EE]
                    RenderText {#text} at (0,1136) size 98x16
                      text run at (0,1136) width 98: "CURRENT TIME"
                  RenderText {#text} at (98,1136) size 4x16
                    text run at (98,1136) width 4: " "
                  RenderBR {BR} at (102,1149) size 0x0
                  RenderInline {A} at (0,0) size 144x16 [color=#0000EE]
                    RenderText {#text} at (0,1152) size 144x16
                      text run at (0,1152) width 144: "CURRENT TIMESTAMP"
                  RenderText {#text} at (144,1152) size 4x16
                    text run at (144,1152) width 4: " "
                  RenderBR {BR} at (148,1165) size 0x0
                  RenderInline {A} at (0,0) size 134x16 [color=#0000EE]
                    RenderText {#text} at (0,1168) size 134x16
                      text run at (0,1168) width 134: "CURRENT TIMEZONE"
                  RenderText {#text} at (134,1168) size 4x16
                    text run at (134,1168) width 4: " "
                  RenderBR {BR} at (138,1181) size 0x0
                  RenderInline {A} at (0,0) size 36x16 [color=#0000EE]
                    RenderText {#text} at (0,1184) size 36x16
                      text run at (0,1184) width 36: "USER"
                  RenderText {#text} at (36,1184) size 4x16
                    text run at (36,1184) width 4: " "
                  RenderBR {BR} at (40,1197) size 0x0
                  RenderInline {A} at (0,0) size 89x16 [color=#0000EE]
                    RenderText {#text} at (0,1200) size 89x16
                      text run at (0,1200) width 89: "Column Names"
                  RenderText {#text} at (89,1200) size 4x16
                    text run at (89,1200) width 4: " "
                  RenderBR {BR} at (93,1213) size 0x0
                  RenderInline {A} at (0,0) size 144x16 [color=#0000EE]
                    RenderText {#text} at (0,1216) size 144x16
                      text run at (0,1216) width 144: "Qualified Column Names"
                  RenderText {#text} at (144,1216) size 4x16
                    text run at (144,1216) width 4: " "
                  RenderBR {BR} at (148,1229) size 0x0
                  RenderInline {A} at (0,0) size 107x16 [color=#0000EE]
                    RenderText {#text} at (0,1232) size 107x16
                      text run at (0,1232) width 107: "Correlation Names"
                  RenderText {#text} at (107,1232) size 4x16
                    text run at (107,1232) width 4: " "
                  RenderBR {BR} at (111,1245) size 0x0
                  RenderInline {A} at (0,0) size 255x16 [color=#0000EE]
                    RenderText {#text} at (0,1248) size 255x16
                      text run at (0,1248) width 255: "Column Name Qualifiers to Avoid Ambiguity"
                  RenderText {#text} at (255,1248) size 4x16
                    text run at (255,1248) width 4: " "
                  RenderBR {BR} at (259,1261) size 0x0
                  RenderInline {A} at (0,0) size 288x16 [color=#0000EE]
                    RenderText {#text} at (0,1264) size 288x16
                      text run at (0,1264) width 288: "Column Name Qualifiers in Correlated References"
                  RenderText {#text} at (288,1264) size 4x16
                    text run at (288,1264) width 4: " "
                  RenderBR {BR} at (292,1277) size 0x0
                  RenderInline {A} at (0,0) size 170x16 [color=#0000EE]
                    RenderText {#text} at (0,1280) size 170x16
                      text run at (0,1280) width 170: "References to Host Variables"
                  RenderText {#text} at (170,1280) size 4x16
                    text run at (170,1280) width 4: " "
                  RenderBR {BR} at (174,1293) size 0x0
                  RenderInline {A} at (0,0) size 184x16 [color=#0000EE]
                    RenderText {#text} at (0,1296) size 184x16
                      text run at (0,1296) width 184: "Host Variables in Dynamic SQL"
                  RenderText {#text} at (184,1296) size 4x16
                    text run at (184,1296) width 4: " "
                  RenderBR {BR} at (188,1309) size 0x0
                  RenderInline {A} at (0,0) size 338x16 [color=#0000EE]
                    RenderText {#text} at (0,1312) size 338x16
                      text run at (0,1312) width 338: "References to BLOB, CLOB, and DBCLOB Host Variables"
                  RenderText {#text} at (338,1312) size 4x16
                    text run at (338,1312) width 4: " "
                  RenderBR {BR} at (342,1325) size 0x0
                  RenderInline {A} at (0,0) size 186x16 [color=#0000EE]
                    RenderText {#text} at (0,1328) size 186x16
                      text run at (0,1328) width 186: "References to Locator Variables"
                  RenderText {#text} at (186,1328) size 4x16
                    text run at (186,1328) width 4: " "
                  RenderBR {BR} at (190,1341) size 0x0
                  RenderInline {A} at (0,0) size 395x16 [color=#0000EE]
                    RenderText {#text} at (0,1344) size 395x16
                      text run at (0,1344) width 395: "References to BLOB, CLOB, and DBCLOB File Reference Variables"
                  RenderText {#text} at (395,1344) size 4x16
                    text run at (395,1344) width 4: " "
                  RenderBR {BR} at (399,1357) size 0x0
                  RenderInline {A} at (0,0) size 267x16 [color=#0000EE]
                    RenderText {#text} at (0,1360) size 267x16
                      text run at (0,1360) width 267: "References to Structured Type Host Variables"
                  RenderText {#text} at (267,1360) size 4x16
                    text run at (267,1360) width 4: " "
                  RenderBR {BR} at (271,1373) size 0x0
                  RenderInline {A} at (0,0) size 57x16 [color=#0000EE]
                    RenderText {#text} at (0,1376) size 57x16
                      text run at (0,1376) width 57: "Functions"
                  RenderText {#text} at (57,1376) size 4x16
                    text run at (57,1376) width 4: " "
                  RenderBR {BR} at (61,1389) size 0x0
                  RenderInline {A} at (0,0) size 299x16 [color=#0000EE]
                    RenderText {#text} at (0,1392) size 299x16
                      text run at (0,1392) width 299: "External, SQL and Sourced User-Defined Functions"
                  RenderText {#text} at (299,1392) size 4x16
                    text run at (299,1392) width 4: " "
                  RenderBR {BR} at (303,1405) size 0x0
                  RenderInline {A} at (0,0) size 323x16 [color=#0000EE]
                    RenderText {#text} at (0,1408) size 323x16
                      text run at (0,1408) width 323: "Scalar, Column, Row and Table User-Defined Functions"
                  RenderText {#text} at (323,1408) size 4x16
                    text run at (323,1408) width 4: " "
                  RenderBR {BR} at (327,1421) size 0x0
                  RenderInline {A} at (0,0) size 114x16 [color=#0000EE]
                    RenderText {#text} at (0,1424) size 114x16
                      text run at (0,1424) width 114: "Function signatures"
                  RenderText {#text} at (114,1424) size 4x16
                    text run at (114,1424) width 4: " "
                  RenderBR {BR} at (118,1437) size 0x0
                  RenderInline {A} at (0,0) size 57x16 [color=#0000EE]
                    RenderText {#text} at (0,1440) size 57x16
                      text run at (0,1440) width 57: "SQL Path"
                  RenderText {#text} at (57,1440) size 4x16
                    text run at (57,1440) width 4: " "
                  RenderBR {BR} at (61,1453) size 0x0
                  RenderInline {A} at (0,0) size 115x16 [color=#0000EE]
                    RenderText {#text} at (0,1456) size 115x16
                      text run at (0,1456) width 115: "Function Resolution"
                  RenderText {#text} at (115,1456) size 4x16
                    text run at (115,1456) width 4: " "
                  RenderBR {BR} at (119,1469) size 0x0
                  RenderInline {A} at (0,0) size 114x16 [color=#0000EE]
                    RenderText {#text} at (0,1472) size 114x16
                      text run at (0,1472) width 114: "Function Invocation"
                  RenderText {#text} at (114,1472) size 4x16
                    text run at (114,1472) width 4: " "
                  RenderBR {BR} at (118,1485) size 0x0
                  RenderInline {A} at (0,0) size 50x16 [color=#0000EE]
                    RenderText {#text} at (0,1488) size 50x16
                      text run at (0,1488) width 50: "Methods"
                  RenderText {#text} at (50,1488) size 4x16
                    text run at (50,1488) width 4: " "
                  RenderBR {BR} at (54,1501) size 0x0
                  RenderInline {A} at (0,0) size 236x16 [color=#0000EE]
                    RenderText {#text} at (0,1504) size 236x16
                      text run at (0,1504) width 236: "External and SQL User-Defined Methods"
                  RenderText {#text} at (236,1504) size 4x16
                    text run at (236,1504) width 4: " "
                  RenderBR {BR} at (240,1517) size 0x0
                  RenderInline {A} at (0,0) size 109x16 [color=#0000EE]
                    RenderText {#text} at (0,1520) size 109x16
                      text run at (0,1520) width 109: "Method Signatures"
                  RenderText {#text} at (109,1520) size 4x16
                    text run at (109,1520) width 4: " "
                  RenderBR {BR} at (113,1533) size 0x0
                  RenderInline {A} at (0,0) size 107x16 [color=#0000EE]
                    RenderText {#text} at (0,1536) size 107x16
                      text run at (0,1536) width 107: "Method Invocation"
                  RenderText {#text} at (107,1536) size 4x16
                    text run at (107,1536) width 4: " "
                  RenderBR {BR} at (111,1549) size 0x0
                  RenderInline {A} at (0,0) size 108x16 [color=#0000EE]
                    RenderText {#text} at (0,1552) size 108x16
                      text run at (0,1552) width 108: "Method Resolution"
                  RenderText {#text} at (108,1552) size 4x16
                    text run at (108,1552) width 4: " "
                  RenderBR {BR} at (112,1565) size 0x0
                  RenderInline {A} at (0,0) size 188x16 [color=#0000EE]
                    RenderText {#text} at (0,1568) size 188x16
                      text run at (0,1568) width 188: "Method of Choosing the Best Fit"
                  RenderText {#text} at (188,1568) size 4x16
                    text run at (188,1568) width 4: " "
                  RenderBR {BR} at (192,1581) size 0x0
                  RenderInline {A} at (0,0) size 178x16 [color=#0000EE]
                    RenderText {#text} at (0,1584) size 178x16
                      text run at (0,1584) width 178: "Example of Method Resolution"
                  RenderText {#text} at (178,1584) size 4x16
                    text run at (178,1584) width 4: " "
                  RenderBR {BR} at (182,1597) size 0x0
                  RenderInline {A} at (0,0) size 107x16 [color=#0000EE]
                    RenderText {#text} at (0,1600) size 107x16
                      text run at (0,1600) width 107: "Method Invocation"
                  RenderText {#text} at (107,1600) size 4x16
                    text run at (107,1600) width 4: " "
                  RenderBR {BR} at (111,1613) size 0x0
                  RenderInline {A} at (0,0) size 189x16 [color=#0000EE]
                    RenderText {#text} at (0,1616) size 189x16
                      text run at (0,1616) width 189: "Conservative Binding Semantics"
                  RenderText {#text} at (189,1616) size 4x16
                    text run at (189,1616) width 4: " "
                  RenderBR {BR} at (193,1629) size 0x0
                  RenderInline {A} at (0,0) size 72x16 [color=#0000EE]
                    RenderText {#text} at (0,1632) size 72x16
                      text run at (0,1632) width 72: "Expressions"
                  RenderText {#text} at (72,1632) size 4x16
                    text run at (72,1632) width 4: " "
                  RenderBR {BR} at (76,1645) size 0x0
                  RenderInline {A} at (0,0) size 105x16 [color=#0000EE]
                    RenderText {#text} at (0,1648) size 105x16
                      text run at (0,1648) width 105: "Without Operators"
                  RenderText {#text} at (105,1648) size 4x16
                    text run at (105,1648) width 4: " "
                  RenderBR {BR} at (109,1661) size 0x0
                  RenderInline {A} at (0,0) size 189x16 [color=#0000EE]
                    RenderText {#text} at (0,1664) size 189x16
                      text run at (0,1664) width 189: "With the Concatenation Operator"
                  RenderText {#text} at (189,1664) size 4x16
                    text run at (189,1664) width 4: " "
                  RenderBR {BR} at (193,1677) size 0x0
                  RenderInline {A} at (0,0) size 150x16 [color=#0000EE]
                    RenderText {#text} at (0,1680) size 150x16
                      text run at (0,1680) width 150: "With Arithmetic Operators"
                  RenderText {#text} at (150,1680) size 4x16
                    text run at (150,1680) width 4: " "
                  RenderBR {BR} at (154,1693) size 0x0
                  RenderInline {A} at (0,0) size 128x16 [color=#0000EE]
                    RenderText {#text} at (0,1696) size 128x16
                      text run at (0,1696) width 128: "Two Integer Operands"
                  RenderText {#text} at (128,1696) size 4x16
                    text run at (128,1696) width 4: " "
                  RenderBR {BR} at (132,1709) size 0x0
                  RenderInline {A} at (0,0) size 176x16 [color=#0000EE]
                    RenderText {#text} at (0,1712) size 176x16
                      text run at (0,1712) width 176: "Integer and Decimal Operands"
                  RenderText {#text} at (176,1712) size 4x16
                    text run at (176,1712) width 4: " "
                  RenderBR {BR} at (180,1725) size 0x0
                  RenderInline {A} at (0,0) size 135x16 [color=#0000EE]
                    RenderText {#text} at (0,1728) size 135x16
                      text run at (0,1728) width 135: "Two Decimal Operands"
                  RenderText {#text} at (135,1728) size 4x16
                    text run at (135,1728) width 4: " "
                  RenderBR {BR} at (139,1741) size 0x0
                  RenderInline {A} at (0,0) size 154x16 [color=#0000EE]
                    RenderText {#text} at (0,1744) size 154x16
                      text run at (0,1744) width 154: "Decimal Arithmetic in SQL"
                  RenderText {#text} at (154,1744) size 4x16
                    text run at (154,1744) width 4: " "
                  RenderBR {BR} at (158,1757) size 0x0
                  RenderInline {A} at (0,0) size 140x16 [color=#0000EE]
                    RenderText {#text} at (0,1760) size 140x16
                      text run at (0,1760) width 140: "Floating-Point Operands"
                  RenderText {#text} at (140,1760) size 4x16
                    text run at (140,1760) width 4: " "
                  RenderBR {BR} at (144,1773) size 0x0
                  RenderInline {A} at (0,0) size 191x16 [color=#0000EE]
                    RenderText {#text} at (0,1776) size 191x16
                      text run at (0,1776) width 191: "User-defined Types as Operands"
                  RenderText {#text} at (191,1776) size 4x16
                    text run at (191,1776) width 4: " "
                  RenderBR {BR} at (195,1789) size 0x0
                  RenderInline {A} at (0,0) size 97x16 [color=#0000EE]
                    RenderText {#text} at (0,1792) size 97x16
                      text run at (0,1792) width 97: "Scalar Fullselect"
                  RenderText {#text} at (97,1792) size 4x16
                    text run at (97,1792) width 4: " "
                  RenderBR {BR} at (101,1805) size 0x0
                  RenderInline {A} at (0,0) size 203x16 [color=#0000EE]
                    RenderText {#text} at (0,1808) size 203x16
                      text run at (0,1808) width 203: "Datetime Operations and Durations"
                  RenderText {#text} at (203,1808) size 4x16
                    text run at (203,1808) width 4: " "
                  RenderBR {BR} at (207,1821) size 0x0
                  RenderInline {A} at (0,0) size 159x16 [color=#0000EE]
                    RenderText {#text} at (0,1824) size 159x16
                      text run at (0,1824) width 159: "Datetime Arithmetic in SQL"
                  RenderText {#text} at (159,1824) size 4x16
                    text run at (159,1824) width 4: " "
                  RenderBR {BR} at (163,1837) size 0x0
                  RenderInline {A} at (0,0) size 151x16 [color=#0000EE]
                    RenderText {#text} at (0,1840) size 151x16
                      text run at (0,1840) width 151: "Precedence of Operations"
                  RenderText {#text} at (151,1840) size 4x16
                    text run at (151,1840) width 4: " "
                  RenderBR {BR} at (155,1853) size 0x0
                  RenderInline {A} at (0,0) size 112x16 [color=#0000EE]
                    RenderText {#text} at (0,1856) size 112x16
                      text run at (0,1856) width 112: "CASE Expressions"
                  RenderText {#text} at (112,1856) size 4x16
                    text run at (112,1856) width 4: " "
                  RenderBR {BR} at (116,1869) size 0x0
                  RenderInline {A} at (0,0) size 121x16 [color=#0000EE]
                    RenderText {#text} at (0,1872) size 121x16
                      text run at (0,1872) width 121: "CAST Specifications"
                  RenderText {#text} at (121,1872) size 4x16
                    text run at (121,1872) width 4: " "
                  RenderBR {BR} at (125,1885) size 0x0
                  RenderInline {A} at (0,0) size 137x16 [color=#0000EE]
                    RenderText {#text} at (0,1888) size 137x16
                      text run at (0,1888) width 137: "Dereference Operations"
                  RenderText {#text} at (137,1888) size 4x16
                    text run at (137,1888) width 4: " "
                  RenderBR {BR} at (141,1901) size 0x0
                  RenderInline {A} at (0,0) size 96x16 [color=#0000EE]
                    RenderText {#text} at (0,1904) size 96x16
                      text run at (0,1904) width 96: "OLAP Functions"
                  RenderText {#text} at (96,1904) size 4x16
                    text run at (96,1904) width 4: " "
                  RenderBR {BR} at (100,1917) size 0x0
                  RenderInline {A} at (0,0) size 107x16 [color=#0000EE]
                    RenderText {#text} at (0,1920) size 107x16
                      text run at (0,1920) width 107: "Method Invocation"
                  RenderText {#text} at (107,1920) size 4x16
                    text run at (107,1920) width 4: " "
                  RenderBR {BR} at (111,1933) size 0x0
                  RenderInline {A} at (0,0) size 111x16 [color=#0000EE]
                    RenderText {#text} at (0,1936) size 111x16
                      text run at (0,1936) width 111: "Subtype Treatment"
                  RenderText {#text} at (111,1936) size 4x16
                    text run at (111,1936) width 4: " "
                  RenderBR {BR} at (115,1949) size 0x0
                  RenderInline {A} at (0,0) size 62x16 [color=#0000EE]
                    RenderText {#text} at (0,1952) size 62x16
                      text run at (0,1952) width 62: "Predicates"
                  RenderText {#text} at (62,1952) size 4x16
                    text run at (62,1952) width 4: " "
                  RenderBR {BR} at (66,1965) size 0x0
                  RenderInline {A} at (0,0) size 92x16 [color=#0000EE]
                    RenderText {#text} at (0,1968) size 92x16
                      text run at (0,1968) width 92: "Basic Predicate"
                  RenderText {#text} at (92,1968) size 4x16
                    text run at (92,1968) width 4: " "
                  RenderBR {BR} at (96,1981) size 0x0
                  RenderInline {A} at (0,0) size 118x16 [color=#0000EE]
                    RenderText {#text} at (0,1984) size 118x16
                      text run at (0,1984) width 118: "Quantified Predicate"
                  RenderText {#text} at (118,1984) size 4x16
                    text run at (118,1984) width 4: " "
                  RenderBR {BR} at (122,1997) size 0x0
                  RenderInline {A} at (0,0) size 124x16 [color=#0000EE]
                    RenderText {#text} at (0,2000) size 124x16
                      text run at (0,2000) width 124: "BETWEEN Predicate"
                  RenderText {#text} at (124,2000) size 4x16
                    text run at (124,2000) width 4: " "
                  RenderBR {BR} at (128,2013) size 0x0
                  RenderInline {A} at (0,0) size 107x16 [color=#0000EE]
                    RenderText {#text} at (0,2016) size 107x16
                      text run at (0,2016) width 107: "EXISTS Predicate"
                  RenderText {#text} at (107,2016) size 4x16
                    text run at (107,2016) width 4: " "
                  RenderBR {BR} at (111,2029) size 0x0
                  RenderInline {A} at (0,0) size 72x16 [color=#0000EE]
                    RenderText {#text} at (0,2032) size 72x16
                      text run at (0,2032) width 72: "IN Predicate"
                  RenderText {#text} at (72,2032) size 4x16
                    text run at (72,2032) width 4: " "
                  RenderBR {BR} at (76,2045) size 0x0
                  RenderInline {A} at (0,0) size 88x16 [color=#0000EE]
                    RenderText {#text} at (0,2048) size 88x16
                      text run at (0,2048) width 88: "LIKE Predicate"
                  RenderText {#text} at (88,2048) size 4x16
                    text run at (88,2048) width 4: " "
                  RenderBR {BR} at (92,2061) size 0x0
                  RenderInline {A} at (0,0) size 91x16 [color=#0000EE]
                    RenderText {#text} at (0,2064) size 91x16
                      text run at (0,2064) width 91: "NULL Predicate"
                  RenderText {#text} at (91,2064) size 4x16
                    text run at (91,2064) width 4: " "
                  RenderBR {BR} at (95,2077) size 0x0
                  RenderInline {A} at (0,0) size 94x16 [color=#0000EE]
                    RenderText {#text} at (0,2080) size 94x16
                      text run at (0,2080) width 94: "TYPE Predicate"
                  RenderText {#text} at (94,2080) size 4x16
                    text run at (94,2080) width 4: " "
                  RenderBR {BR} at (98,2093) size 0x0
                  RenderInline {A} at (0,0) size 106x16 [color=#0000EE]
                    RenderText {#text} at (0,2096) size 106x16
                      text run at (0,2096) width 106: "Search Conditions"
                  RenderText {#text} at (106,2096) size 4x16
                    text run at (106,2096) width 4: " "
                  RenderBR {BR} at (110,2109) size 0x0
                  RenderInline {A} at (0,0) size 58x16 [color=#0000EE]
                    RenderText {#text} at (0,2112) size 58x16
                      text run at (0,2112) width 58: "Examples"
                  RenderText {#text} at (0,0) size 0x0
                RenderBlock {P} at (0,3510) size 715x2064
                  RenderInline {B} at (0,0) size 62x16
                    RenderInline {A} at (0,0) size 62x16 [color=#0000EE]
                      RenderText {#text} at (0,0) size 62x16
                        text run at (0,0) width 62: "Functions"
                  RenderBR {BR} at (62,13) size 0x0
                  RenderBR {BR} at (0,16) size 0x16
                  RenderInline {A} at (0,0) size 105x16 [color=#0000EE]
                    RenderText {#text} at (0,32) size 105x16
                      text run at (0,32) width 105: "Column Functions"
                  RenderText {#text} at (105,32) size 4x16
                    text run at (105,32) width 4: " "
                  RenderBR {BR} at (109,45) size 0x0
                  RenderInline {A} at (0,0) size 28x16 [color=#0000EE]
                    RenderText {#text} at (0,48) size 28x16
                      text run at (0,48) width 28: "AVG"
                  RenderText {#text} at (28,48) size 4x16
                    text run at (28,48) width 4: " "
                  RenderBR {BR} at (32,61) size 0x0
                  RenderInline {A} at (0,0) size 93x16 [color=#0000EE]
                    RenderText {#text} at (0,64) size 93x16
                      text run at (0,64) width 93: "CORRELATION"
                  RenderText {#text} at (93,64) size 4x16
                    text run at (93,64) width 4: " "
                  RenderBR {BR} at (97,77) size 0x0
                  RenderInline {A} at (0,0) size 45x16 [color=#0000EE]
                    RenderText {#text} at (0,80) size 45x16
                      text run at (0,80) width 45: "COUNT"
                  RenderText {#text} at (45,80) size 4x16
                    text run at (45,80) width 4: " "
                  RenderBR {BR} at (49,93) size 0x0
                  RenderInline {A} at (0,0) size 75x16 [color=#0000EE]
                    RenderText {#text} at (0,96) size 75x16
                      text run at (0,96) width 75: "COUNT_BIG"
                  RenderText {#text} at (75,96) size 4x16
                    text run at (75,96) width 4: " "
                  RenderBR {BR} at (79,109) size 0x0
                  RenderInline {A} at (0,0) size 86x16 [color=#0000EE]
                    RenderText {#text} at (0,112) size 86x16
                      text run at (0,112) width 86: "COVARIANCE"
                  RenderText {#text} at (86,112) size 4x16
                    text run at (86,112) width 4: " "
                  RenderBR {BR} at (90,125) size 0x0
                  RenderInline {A} at (0,0) size 70x16 [color=#0000EE]
                    RenderText {#text} at (0,128) size 70x16
                      text run at (0,128) width 70: "GROUPING"
                  RenderText {#text} at (70,128) size 4x16
                    text run at (70,128) width 4: " "
                  RenderBR {BR} at (74,141) size 0x0
                  RenderInline {A} at (0,0) size 29x16 [color=#0000EE]
                    RenderText {#text} at (0,144) size 29x16
                      text run at (0,144) width 29: "MAX"
                  RenderText {#text} at (29,144) size 4x16
                    text run at (29,144) width 4: " "
                  RenderBR {BR} at (33,157) size 0x0
                  RenderInline {A} at (0,0) size 24x16 [color=#0000EE]
                    RenderText {#text} at (0,160) size 24x16
                      text run at (0,160) width 24: "MIN"
                  RenderText {#text} at (24,160) size 4x16
                    text run at (24,160) width 4: " "
                  RenderBR {BR} at (28,173) size 0x0
                  RenderInline {A} at (0,0) size 148x16 [color=#0000EE]
                    RenderText {#text} at (0,176) size 148x16
                      text run at (0,176) width 148: "REGRESSION Functions"
                  RenderText {#text} at (148,176) size 4x16
                    text run at (148,176) width 4: " "
                  RenderBR {BR} at (152,189) size 0x0
                  RenderInline {A} at (0,0) size 53x16 [color=#0000EE]
                    RenderText {#text} at (0,192) size 53x16
                      text run at (0,192) width 53: "STDDEV"
                  RenderText {#text} at (53,192) size 4x16
                    text run at (53,192) width 4: " "
                  RenderBR {BR} at (57,205) size 0x0
                  RenderInline {A} at (0,0) size 29x16 [color=#0000EE]
                    RenderText {#text} at (0,208) size 29x16
                      text run at (0,208) width 29: "SUM"
                  RenderText {#text} at (29,208) size 4x16
                    text run at (29,208) width 4: " "
                  RenderBR {BR} at (33,221) size 0x0
                  RenderInline {A} at (0,0) size 67x16 [color=#0000EE]
                    RenderText {#text} at (0,224) size 67x16
                      text run at (0,224) width 67: "VARIANCE"
                  RenderText {#text} at (67,224) size 4x16
                    text run at (67,224) width 4: " "
                  RenderBR {BR} at (71,237) size 0x0
                  RenderInline {A} at (0,0) size 98x16 [color=#0000EE]
                    RenderText {#text} at (0,240) size 98x16
                      text run at (0,240) width 98: "Scalar Functions"
                  RenderText {#text} at (98,240) size 4x16
                    text run at (98,240) width 4: " "
                  RenderBR {BR} at (102,253) size 0x0
                  RenderInline {A} at (0,0) size 98x16 [color=#0000EE]
                    RenderText {#text} at (0,256) size 98x16
                      text run at (0,256) width 98: "ABS or ABSVAL"
                  RenderText {#text} at (98,256) size 4x16
                    text run at (98,256) width 4: " "
                  RenderBR {BR} at (102,269) size 0x0
                  RenderInline {A} at (0,0) size 37x16 [color=#0000EE]
                    RenderText {#text} at (0,272) size 37x16
                      text run at (0,272) width 37: "ACOS"
                  RenderText {#text} at (37,272) size 4x16
                    text run at (37,272) width 4: " "
                  RenderBR {BR} at (41,285) size 0x0
                  RenderInline {A} at (0,0) size 35x16 [color=#0000EE]
                    RenderText {#text} at (0,288) size 35x16
                      text run at (0,288) width 35: "ASCII"
                  RenderText {#text} at (35,288) size 4x16
                    text run at (35,288) width 4: " "
                  RenderBR {BR} at (39,301) size 0x0
                  RenderInline {A} at (0,0) size 31x16 [color=#0000EE]
                    RenderText {#text} at (0,304) size 31x16
                      text run at (0,304) width 31: "ASIN"
                  RenderText {#text} at (31,304) size 4x16
                    text run at (31,304) width 4: " "
                  RenderBR {BR} at (35,317) size 0x0
                  RenderInline {A} at (0,0) size 35x16 [color=#0000EE]
                    RenderText {#text} at (0,320) size 35x16
                      text run at (0,320) width 35: "ATAN"
                  RenderText {#text} at (35,320) size 4x16
                    text run at (35,320) width 4: " "
                  RenderBR {BR} at (39,333) size 0x0
                  RenderInline {A} at (0,0) size 42x16 [color=#0000EE]
                    RenderText {#text} at (0,336) size 42x16
                      text run at (0,336) width 42: "ATAN2"
                  RenderText {#text} at (42,336) size 4x16
                    text run at (42,336) width 4: " "
                  RenderBR {BR} at (46,349) size 0x0
                  RenderInline {A} at (0,0) size 44x16 [color=#0000EE]
                    RenderText {#text} at (0,352) size 44x16
                      text run at (0,352) width 44: "BIGINT"
                  RenderText {#text} at (44,352) size 4x16
                    text run at (44,352) width 4: " "
                  RenderBR {BR} at (48,365) size 0x0
                  RenderInline {A} at (0,0) size 35x16 [color=#0000EE]
                    RenderText {#text} at (0,368) size 35x16
                      text run at (0,368) width 35: "BLOB"
                  RenderText {#text} at (35,368) size 4x16
                    text run at (35,368) width 4: " "
                  RenderBR {BR} at (39,381) size 0x0
                  RenderInline {A} at (0,0) size 100x16 [color=#0000EE]
                    RenderText {#text} at (0,384) size 100x16
                      text run at (0,384) width 100: "CEILING or CEIL"
                  RenderText {#text} at (100,384) size 4x16
                    text run at (100,384) width 4: " "
                  RenderBR {BR} at (104,397) size 0x0
                  RenderInline {A} at (0,0) size 36x16 [color=#0000EE]
                    RenderText {#text} at (0,400) size 36x16
                      text run at (0,400) width 36: "CHAR"
                  RenderText {#text} at (36,400) size 4x16
                    text run at (36,400) width 4: " "
                  RenderBR {BR} at (40,413) size 0x0
                  RenderInline {A} at (0,0) size 27x16 [color=#0000EE]
                    RenderText {#text} at (0,416) size 27x16
                      text run at (0,416) width 27: "CHR"
                  RenderText {#text} at (27,416) size 4x16
                    text run at (27,416) width 4: " "
                  RenderBR {BR} at (31,429) size 0x0
                  RenderInline {A} at (0,0) size 35x16 [color=#0000EE]
                    RenderText {#text} at (0,432) size 35x16
                      text run at (0,432) width 35: "CLOB"
                  RenderText {#text} at (35,432) size 4x16
                    text run at (35,432) width 4: " "
                  RenderBR {BR} at (39,445) size 0x0
                  RenderInline {A} at (0,0) size 71x16 [color=#0000EE]
                    RenderText {#text} at (0,448) size 71x16
                      text run at (0,448) width 71: "COALESCE"
                  RenderText {#text} at (71,448) size 4x16
                    text run at (71,448) width 4: " "
                  RenderBR {BR} at (75,461) size 0x0
                  RenderInline {A} at (0,0) size 54x16 [color=#0000EE]
                    RenderText {#text} at (0,464) size 54x16
                      text run at (0,464) width 54: "CONCAT"
                  RenderText {#text} at (54,464) size 4x16
                    text run at (54,464) width 4: " "
                  RenderBR {BR} at (58,477) size 0x0
                  RenderInline {A} at (0,0) size 28x16 [color=#0000EE]
                    RenderText {#text} at (0,480) size 28x16
                      text run at (0,480) width 28: "COS"
                  RenderText {#text} at (28,480) size 4x16
                    text run at (28,480) width 4: " "
                  RenderBR {BR} at (32,493) size 0x0
                  RenderInline {A} at (0,0) size 27x16 [color=#0000EE]
                    RenderText {#text} at (0,496) size 27x16
                      text run at (0,496) width 27: "COT"
                  RenderText {#text} at (27,496) size 4x16
                    text run at (27,496) width 4: " "
                  RenderBR {BR} at (31,509) size 0x0
                  RenderInline {A} at (0,0) size 35x16 [color=#0000EE]
                    RenderText {#text} at (0,512) size 35x16
                      text run at (0,512) width 35: "DATE"
                  RenderText {#text} at (35,512) size 4x16
                    text run at (35,512) width 4: " "
                  RenderBR {BR} at (39,525) size 0x0
                  RenderInline {A} at (0,0) size 27x16 [color=#0000EE]
                    RenderText {#text} at (0,528) size 27x16
                      text run at (0,528) width 27: "DAY"
                  RenderText {#text} at (27,528) size 4x16
                    text run at (27,528) width 4: " "
                  RenderBR {BR} at (31,541) size 0x0
                  RenderInline {A} at (0,0) size 65x16 [color=#0000EE]
                    RenderText {#text} at (0,544) size 65x16
                      text run at (0,544) width 65: "DAYNAME"
                  RenderText {#text} at (65,544) size 4x16
                    text run at (65,544) width 4: " "
                  RenderBR {BR} at (69,557) size 0x0
                  RenderInline {A} at (0,0) size 84x16 [color=#0000EE]
                    RenderText {#text} at (0,560) size 84x16
                      text run at (0,560) width 84: "DAYOFWEEK"
                  RenderText {#text} at (84,560) size 4x16
                    text run at (84,560) width 4: " "
                  RenderBR {BR} at (88,573) size 0x0
                  RenderInline {A} at (0,0) size 114x16 [color=#0000EE]
                    RenderText {#text} at (0,576) size 114x16
                      text run at (0,576) width 114: "DAYOFWEEK_ISO"
                  RenderText {#text} at (114,576) size 4x16
                    text run at (114,576) width 4: " "
                  RenderBR {BR} at (118,589) size 0x0
                  RenderInline {A} at (0,0) size 81x16 [color=#0000EE]
                    RenderText {#text} at (0,592) size 81x16
                      text run at (0,592) width 81: "DAYOFYEAR"
                  RenderText {#text} at (81,592) size 4x16
                    text run at (81,592) width 4: " "
                  RenderBR {BR} at (85,605) size 0x0
                  RenderInline {A} at (0,0) size 36x16 [color=#0000EE]
                    RenderText {#text} at (0,608) size 36x16
                      text run at (0,608) width 36: "DAYS"
                  RenderText {#text} at (36,608) size 4x16
                    text run at (36,608) width 4: " "
                  RenderBR {BR} at (40,621) size 0x0
                  RenderInline {A} at (0,0) size 53x16 [color=#0000EE]
                    RenderText {#text} at (0,624) size 53x16
                      text run at (0,624) width 53: "DBCLOB"
                  RenderText {#text} at (53,624) size 4x16
                    text run at (53,624) width 4: " "
                  RenderBR {BR} at (57,637) size 0x0
                  RenderInline {A} at (0,0) size 58x16 [color=#0000EE]
                    RenderText {#text} at (0,640) size 58x16
                      text run at (0,640) width 58: "DECIMAL"
                  RenderText {#text} at (58,640) size 4x16
                    text run at (58,640) width 4: " "
                  RenderBR {BR} at (62,653) size 0x0
                  RenderInline {A} at (0,0) size 64x16 [color=#0000EE]
                    RenderText {#text} at (0,656) size 64x16
                      text run at (0,656) width 64: "DEGREES"
                  RenderText {#text} at (64,656) size 4x16
                    text run at (64,656) width 4: " "
                  RenderBR {BR} at (68,669) size 0x0
                  RenderInline {A} at (0,0) size 44x16 [color=#0000EE]
                    RenderText {#text} at (0,672) size 44x16
                      text run at (0,672) width 44: "DEREF"
                  RenderText {#text} at (44,672) size 4x16
                    text run at (44,672) width 4: " "
                  RenderBR {BR} at (48,685) size 0x0
                  RenderInline {A} at (0,0) size 83x16 [color=#0000EE]
                    RenderText {#text} at (0,688) size 83x16
                      text run at (0,688) width 83: "DIFFERENCE"
                  RenderText {#text} at (83,688) size 4x16
                    text run at (83,688) width 4: " "
                  RenderBR {BR} at (87,701) size 0x0
                  RenderInline {A} at (0,0) size 44x16 [color=#0000EE]
                    RenderText {#text} at (0,704) size 44x16
                      text run at (0,704) width 44: "DIGITS"
                  RenderText {#text} at (44,704) size 4x16
                    text run at (44,704) width 4: " "
                  RenderBR {BR} at (48,717) size 0x0
                  RenderInline {A} at (0,0) size 83x16 [color=#0000EE]
                    RenderText {#text} at (0,720) size 83x16
                      text run at (0,720) width 83: "DLCOMMENT"
                  RenderText {#text} at (83,720) size 4x16
                    text run at (83,720) width 4: " "
                  RenderBR {BR} at (87,733) size 0x0
                  RenderInline {A} at (0,0) size 80x16 [color=#0000EE]
                    RenderText {#text} at (0,736) size 80x16
                      text run at (0,736) width 80: "DLLINKTYPE"
                  RenderText {#text} at (80,736) size 4x16
                    text run at (80,736) width 4: " "
                  RenderBR {BR} at (84,749) size 0x0
                  RenderInline {A} at (0,0) size 113x16 [color=#0000EE]
                    RenderText {#text} at (0,752) size 113x16
                      text run at (0,752) width 113: "DLURLCOMPLETE"
                  RenderText {#text} at (113,752) size 4x16
                    text run at (113,752) width 4: " "
                  RenderBR {BR} at (117,765) size 0x0
                  RenderInline {A} at (0,0) size 76x16 [color=#0000EE]
                    RenderText {#text} at (0,768) size 76x16
                      text run at (0,768) width 76: "DLURLPATH"
                  RenderText {#text} at (76,768) size 4x16
                    text run at (76,768) width 4: " "
                  RenderBR {BR} at (80,781) size 0x0
                  RenderInline {A} at (0,0) size 111x16 [color=#0000EE]
                    RenderText {#text} at (0,784) size 111x16
                      text run at (0,784) width 111: "DLURLPATHONLY"
                  RenderText {#text} at (111,784) size 4x16
                    text run at (111,784) width 4: " "
                  RenderBR {BR} at (115,797) size 0x0
                  RenderInline {A} at (0,0) size 97x16 [color=#0000EE]
                    RenderText {#text} at (0,800) size 97x16
                      text run at (0,800) width 97: "DLURLSCHEME"
                  RenderText {#text} at (97,800) size 4x16
                    text run at (97,800) width 4: " "
                  RenderBR {BR} at (101,813) size 0x0
                  RenderInline {A} at (0,0) size 95x16 [color=#0000EE]
                    RenderText {#text} at (0,816) size 95x16
                      text run at (0,816) width 95: "DLURLSERVER"
                  RenderText {#text} at (95,816) size 4x16
                    text run at (95,816) width 4: " "
                  RenderBR {BR} at (99,829) size 0x0
                  RenderInline {A} at (0,0) size 59x16 [color=#0000EE]
                    RenderText {#text} at (0,832) size 59x16
                      text run at (0,832) width 59: "DLVALUE"
                  RenderText {#text} at (59,832) size 4x16
                    text run at (59,832) width 4: " "
                  RenderBR {BR} at (63,845) size 0x0
                  RenderInline {A} at (0,0) size 53x16 [color=#0000EE]
                    RenderText {#text} at (0,848) size 53x16
                      text run at (0,848) width 53: "DOUBLE"
                  RenderText {#text} at (53,848) size 4x16
                    text run at (53,848) width 4: " "
                  RenderBR {BR} at (57,861) size 0x0
                  RenderInline {A} at (0,0) size 131x16 [color=#0000EE]
                    RenderText {#text} at (0,864) size 131x16
                      text run at (0,864) width 131: "EVENT_MON_STATE"
                  RenderText {#text} at (131,864) size 4x16
                    text run at (131,864) width 4: " "
                  RenderBR {BR} at (135,877) size 0x0
                  RenderInline {A} at (0,0) size 27x16 [color=#0000EE]
                    RenderText {#text} at (0,880) size 27x16
                      text run at (0,880) width 27: "EXP"
                  RenderText {#text} at (27,880) size 4x16
                    text run at (27,880) width 4: " "
                  RenderBR {BR} at (31,893) size 0x0
                  RenderInline {A} at (0,0) size 42x16 [color=#0000EE]
                    RenderText {#text} at (0,896) size 42x16
                      text run at (0,896) width 42: "FLOAT"
                  RenderText {#text} at (42,896) size 4x16
                    text run at (42,896) width 4: " "
                  RenderBR {BR} at (46,909) size 0x0
                  RenderInline {A} at (0,0) size 44x16 [color=#0000EE]
                    RenderText {#text} at (0,912) size 44x16
                      text run at (0,912) width 44: "FLOOR"
                  RenderText {#text} at (44,912) size 4x16
                    text run at (44,912) width 4: " "
                  RenderBR {BR} at (48,925) size 0x0
                  RenderInline {A} at (0,0) size 129x16 [color=#0000EE]
                    RenderText {#text} at (0,928) size 129x16
                      text run at (0,928) width 129: "GENERATE_UNIQUE"
                  RenderText {#text} at (129,928) size 4x16
                    text run at (129,928) width 4: " "
                  RenderBR {BR} at (133,941) size 0x0
                  RenderInline {A} at (0,0) size 59x16 [color=#0000EE]
                    RenderText {#text} at (0,944) size 59x16
                      text run at (0,944) width 59: "GRAPHIC"
                  RenderText {#text} at (59,944) size 4x16
                    text run at (59,944) width 4: " "
                  RenderBR {BR} at (63,957) size 0x0
                  RenderInline {A} at (0,0) size 27x16 [color=#0000EE]
                    RenderText {#text} at (0,960) size 27x16
                      text run at (0,960) width 27: "HEX"
                  RenderText {#text} at (27,960) size 4x16
                    text run at (27,960) width 4: " "
                  RenderBR {BR} at (31,973) size 0x0
                  RenderInline {A} at (0,0) size 37x16 [color=#0000EE]
                    RenderText {#text} at (0,976) size 37x16
                      text run at (0,976) width 37: "HOUR"
                  RenderText {#text} at (37,976) size 4x16
                    text run at (37,976) width 4: " "
                  RenderBR {BR} at (41,989) size 0x0
                  RenderInline {A} at (0,0) size 48x16 [color=#0000EE]
                    RenderText {#text} at (0,992) size 48x16
                      text run at (0,992) width 48: "INSERT"
                  RenderText {#text} at (48,992) size 4x16
                    text run at (48,992) width 4: " "
                  RenderBR {BR} at (52,1005) size 0x0
                  RenderInline {A} at (0,0) size 58x16 [color=#0000EE]
                    RenderText {#text} at (0,1008) size 58x16
                      text run at (0,1008) width 58: "INTEGER"
                  RenderText {#text} at (58,1008) size 4x16
                    text run at (58,1008) width 4: " "
                  RenderBR {BR} at (62,1021) size 0x0
                  RenderInline {A} at (0,0) size 79x16 [color=#0000EE]
                    RenderText {#text} at (0,1024) size 79x16
                      text run at (0,1024) width 79: "JULIAN_DAY"
                  RenderText {#text} at (79,1024) size 4x16
                    text run at (79,1024) width 4: " "
                  RenderBR {BR} at (83,1037) size 0x0
                  RenderInline {A} at (0,0) size 109x16 [color=#0000EE]
                    RenderText {#text} at (0,1040) size 109x16
                      text run at (0,1040) width 109: "LCASE or LOWER"
                  RenderText {#text} at (109,1040) size 4x16
                    text run at (109,1040) width 4: " "
                  RenderBR {BR} at (113,1053) size 0x0
                  RenderInline {A} at (0,0) size 158x16 [color=#0000EE]
                    RenderText {#text} at (0,1056) size 158x16
                      text run at (0,1056) width 158: "LCASE (SYSFUN schema)"
                  RenderText {#text} at (158,1056) size 4x16
                    text run at (158,1056) width 4: " "
                  RenderBR {BR} at (162,1069) size 0x0
                  RenderInline {A} at (0,0) size 32x16 [color=#0000EE]
                    RenderText {#text} at (0,1072) size 32x16
                      text run at (0,1072) width 32: "LEFT"
                  RenderText {#text} at (32,1072) size 4x16
                    text run at (32,1072) width 4: " "
                  RenderBR {BR} at (36,1085) size 0x0
                  RenderInline {A} at (0,0) size 52x16 [color=#0000EE]
                    RenderText {#text} at (0,1088) size 52x16
                      text run at (0,1088) width 52: "LENGTH"
                  RenderText {#text} at (52,1088) size 4x16
                    text run at (52,1088) width 4: " "
                  RenderBR {BR} at (56,1101) size 0x0
                  RenderInline {A} at (0,0) size 16x16 [color=#0000EE]
                    RenderText {#text} at (0,1104) size 16x16
                      text run at (0,1104) width 16: "LN"
                  RenderText {#text} at (16,1104) size 4x16
                    text run at (16,1104) width 4: " "
                  RenderBR {BR} at (20,1117) size 0x0
                  RenderInline {A} at (0,0) size 52x16 [color=#0000EE]
                    RenderText {#text} at (0,1120) size 52x16
                      text run at (0,1120) width 52: "LOCATE"
                  RenderText {#text} at (52,1120) size 4x16
                    text run at (52,1120) width 4: " "
                  RenderBR {BR} at (56,1133) size 0x0
                  RenderInline {A} at (0,0) size 27x16 [color=#0000EE]
                    RenderText {#text} at (0,1136) size 27x16
                      text run at (0,1136) width 27: "LOG"
                  RenderText {#text} at (27,1136) size 4x16
                    text run at (27,1136) width 4: " "
                  RenderBR {BR} at (31,1149) size 0x0
                  RenderInline {A} at (0,0) size 41x16 [color=#0000EE]
                    RenderText {#text} at (0,1152) size 41x16
                      text run at (0,1152) width 41: "LOG10"
                  RenderText {#text} at (41,1152) size 4x16
                    text run at (41,1152) width 4: " "
                  RenderBR {BR} at (45,1165) size 0x0
                  RenderInline {A} at (0,0) size 106x16 [color=#0000EE]
                    RenderText {#text} at (0,1168) size 106x16
                      text run at (0,1168) width 106: "LONG_VARCHAR"
                  RenderText {#text} at (106,1168) size 4x16
                    text run at (106,1168) width 4: " "
                  RenderBR {BR} at (110,1181) size 0x0
                  RenderInline {A} at (0,0) size 129x16 [color=#0000EE]
                    RenderText {#text} at (0,1184) size 129x16
                      text run at (0,1184) width 129: "LONG_VARGRAPHIC"
                  RenderText {#text} at (129,1184) size 4x16
                    text run at (129,1184) width 4: " "
                  RenderBR {BR} at (133,1197) size 0x0
                  RenderInline {A} at (0,0) size 39x16 [color=#0000EE]
                    RenderText {#text} at (0,1200) size 39x16
                      text run at (0,1200) width 39: "LTRIM"
                  RenderText {#text} at (39,1200) size 4x16
                    text run at (39,1200) width 4: " "
                  RenderBR {BR} at (43,1213) size 0x0
                  RenderInline {A} at (0,0) size 154x16 [color=#0000EE]
                    RenderText {#text} at (0,1216) size 154x16
                      text run at (0,1216) width 154: "LTRIM (SYSFUN schema)"
                  RenderText {#text} at (154,1216) size 4x16
                    text run at (154,1216) width 4: " "
                  RenderBR {BR} at (158,1229) size 0x0
                  RenderInline {A} at (0,0) size 98x16 [color=#0000EE]
                    RenderText {#text} at (0,1232) size 98x16
                      text run at (0,1232) width 98: "MICROSECOND"
                  RenderText {#text} at (98,1232) size 4x16
                    text run at (98,1232) width 4: " "
                  RenderBR {BR} at (102,1245) size 0x0
                  RenderInline {A} at (0,0) size 135x16 [color=#0000EE]
                    RenderText {#text} at (0,1248) size 135x16
                      text run at (0,1248) width 135: "MIDNIGHT_SECONDS"
                  RenderText {#text} at (135,1248) size 4x16
                    text run at (135,1248) width 4: " "
                  RenderBR {BR} at (139,1261) size 0x0
                  RenderInline {A} at (0,0) size 50x16 [color=#0000EE]
                    RenderText {#text} at (0,1264) size 50x16
                      text run at (0,1264) width 50: "MINUTE"
                  RenderText {#text} at (50,1264) size 4x16
                    text run at (50,1264) width 4: " "
                  RenderBR {BR} at (54,1277) size 0x0
                  RenderInline {A} at (0,0) size 30x16 [color=#0000EE]
                    RenderText {#text} at (0,1280) size 30x16
                      text run at (0,1280) width 30: "MOD"
                  RenderText {#text} at (30,1280) size 4x16
                    text run at (30,1280) width 4: " "
                  RenderBR {BR} at (34,1293) size 0x0
                  RenderInline {A} at (0,0) size 47x16 [color=#0000EE]
                    RenderText {#text} at (0,1296) size 47x16
                      text run at (0,1296) width 47: "MONTH"
                  RenderText {#text} at (47,1296) size 4x16
                    text run at (47,1296) width 4: " "
                  RenderBR {BR} at (51,1309) size 0x0
                  RenderInline {A} at (0,0) size 85x16 [color=#0000EE]
                    RenderText {#text} at (0,1312) size 85x16
                      text run at (0,1312) width 85: "MONTHNAME"
                  RenderText {#text} at (85,1312) size 4x16
                    text run at (85,1312) width 4: " "
                  RenderBR {BR} at (89,1325) size 0x0
                  RenderInline {A} at (0,0) size 93x16 [color=#0000EE]
                    RenderText {#text} at (0,1328) size 93x16
                      text run at (0,1328) width 93: "NODENUMBER"
                  RenderText {#text} at (93,1328) size 4x16
                    text run at (93,1328) width 4: " "
                  RenderBR {BR} at (97,1341) size 0x0
                  RenderInline {A} at (0,0) size 44x16 [color=#0000EE]
                    RenderText {#text} at (0,1344) size 44x16
                      text run at (0,1344) width 44: "NULLIF"
                  RenderText {#text} at (44,1344) size 4x16
                    text run at (44,1344) width 4: " "
                  RenderBR {BR} at (48,1357) size 0x0
                  RenderInline {A} at (0,0) size 70x16 [color=#0000EE]
                    RenderText {#text} at (0,1360) size 70x16
                      text run at (0,1360) width 70: "PARTITION"
                  RenderText {#text} at (70,1360) size 4x16
                    text run at (70,1360) width 4: " "
                  RenderBR {BR} at (74,1373) size 0x0
                  RenderInline {A} at (0,0) size 54x16 [color=#0000EE]
                    RenderText {#text} at (0,1376) size 54x16
                      text run at (0,1376) width 54: "POSSTR"
                  RenderText {#text} at (54,1376) size 4x16
                    text run at (54,1376) width 4: " "
                  RenderBR {BR} at (58,1389) size 0x0
                  RenderInline {A} at (0,0) size 49x16 [color=#0000EE]
                    RenderText {#text} at (0,1392) size 49x16
                      text run at (0,1392) width 49: "POWER"
                  RenderText {#text} at (49,1392) size 4x16
                    text run at (49,1392) width 4: " "
                  RenderBR {BR} at (53,1405) size 0x0
                  RenderInline {A} at (0,0) size 63x16 [color=#0000EE]
                    RenderText {#text} at (0,1408) size 63x16
                      text run at (0,1408) width 63: "QUARTER"
                  RenderText {#text} at (63,1408) size 4x16
                    text run at (63,1408) width 4: " "
                  RenderBR {BR} at (67,1421) size 0x0
                  RenderInline {A} at (0,0) size 58x16 [color=#0000EE]
                    RenderText {#text} at (0,1424) size 58x16
                      text run at (0,1424) width 58: "RADIANS"
                  RenderText {#text} at (58,1424) size 4x16
                    text run at (58,1424) width 4: " "
                  RenderBR {BR} at (62,1437) size 0x0
                  RenderInline {A} at (0,0) size 93x16 [color=#0000EE]
                    RenderText {#text} at (0,1440) size 93x16
                      text run at (0,1440) width 93: "RAISE_ERROR"
                  RenderText {#text} at (93,1440) size 4x16
                    text run at (93,1440) width 4: " "
                  RenderBR {BR} at (97,1453) size 0x0
                  RenderInline {A} at (0,0) size 36x16 [color=#0000EE]
                    RenderText {#text} at (0,1456) size 36x16
                      text run at (0,1456) width 36: "RAND"
                  RenderText {#text} at (36,1456) size 4x16
                    text run at (36,1456) width 4: " "
                  RenderBR {BR} at (40,1469) size 0x0
                  RenderInline {A} at (0,0) size 34x16 [color=#0000EE]
                    RenderText {#text} at (0,1472) size 34x16
                      text run at (0,1472) width 34: "REAL"
                  RenderText {#text} at (34,1472) size 4x16
                    text run at (34,1472) width 4: " "
                  RenderBR {BR} at (38,1485) size 0x0
                  RenderInline {A} at (0,0) size 53x16 [color=#0000EE]
                    RenderText {#text} at (0,1488) size 53x16
                      text run at (0,1488) width 53: "REPEAT"
                  RenderText {#text} at (53,1488) size 4x16
                    text run at (53,1488) width 4: " "
                  RenderBR {BR} at (57,1501) size 0x0
                  RenderInline {A} at (0,0) size 61x16 [color=#0000EE]
                    RenderText {#text} at (0,1504) size 61x16
                      text run at (0,1504) width 61: "REPLACE"
                  RenderText {#text} at (61,1504) size 4x16
                    text run at (61,1504) width 4: " "
                  RenderBR {BR} at (65,1517) size 0x0
                  RenderInline {A} at (0,0) size 40x16 [color=#0000EE]
                    RenderText {#text} at (0,1520) size 40x16
                      text run at (0,1520) width 40: "RIGHT"
                  RenderText {#text} at (40,1520) size 4x16
                    text run at (40,1520) width 4: " "
                  RenderBR {BR} at (44,1533) size 0x0
                  RenderInline {A} at (0,0) size 46x16 [color=#0000EE]
                    RenderText {#text} at (0,1536) size 46x16
                      text run at (0,1536) width 46: "ROUND"
                  RenderText {#text} at (46,1536) size 4x16
                    text run at (46,1536) width 4: " "
                  RenderBR {BR} at (50,1549) size 0x0
                  RenderInline {A} at (0,0) size 41x16 [color=#0000EE]
                    RenderText {#text} at (0,1552) size 41x16
                      text run at (0,1552) width 41: "RTRIM"
                  RenderText {#text} at (41,1552) size 4x16
                    text run at (41,1552) width 4: " "
                  RenderBR {BR} at (45,1565) size 0x0
                  RenderInline {A} at (0,0) size 156x16 [color=#0000EE]
                    RenderText {#text} at (0,1568) size 156x16
                      text run at (0,1568) width 156: "RTRIM (SYSFUN schema)"
                  RenderText {#text} at (156,1568) size 4x16
                    text run at (156,1568) width 4: " "
                  RenderBR {BR} at (160,1581) size 0x0
                  RenderInline {A} at (0,0) size 55x16 [color=#0000EE]
                    RenderText {#text} at (0,1584) size 55x16
                      text run at (0,1584) width 55: "SECOND"
                  RenderText {#text} at (55,1584) size 4x16
                    text run at (55,1584) width 4: " "
                  RenderBR {BR} at (59,1597) size 0x0
                  RenderInline {A} at (0,0) size 32x16 [color=#0000EE]
                    RenderText {#text} at (0,1600) size 32x16
                      text run at (0,1600) width 32: "SIGN"
                  RenderText {#text} at (32,1600) size 4x16
                    text run at (32,1600) width 4: " "
                  RenderBR {BR} at (36,1613) size 0x0
                  RenderInline {A} at (0,0) size 22x16 [color=#0000EE]
                    RenderText {#text} at (0,1616) size 22x16
                      text run at (0,1616) width 22: "SIN"
                  RenderText {#text} at (22,1616) size 4x16
                    text run at (22,1616) width 4: " "
                  RenderBR {BR} at (26,1629) size 0x0
                  RenderInline {A} at (0,0) size 64x16 [color=#0000EE]
                    RenderText {#text} at (0,1632) size 64x16
                      text run at (0,1632) width 64: "SMALLINT"
                  RenderText {#text} at (64,1632) size 4x16
                    text run at (64,1632) width 4: " "
                  RenderBR {BR} at (68,1645) size 0x0
                  RenderInline {A} at (0,0) size 64x16 [color=#0000EE]
                    RenderText {#text} at (0,1648) size 64x16
                      text run at (0,1648) width 64: "SOUNDEX"
                  RenderText {#text} at (64,1648) size 4x16
                    text run at (64,1648) width 4: " "
                  RenderBR {BR} at (68,1661) size 0x0
                  RenderInline {A} at (0,0) size 45x16 [color=#0000EE]
                    RenderText {#text} at (0,1664) size 45x16
                      text run at (0,1664) width 45: "SPACE"
                  RenderText {#text} at (45,1664) size 4x16
                    text run at (45,1664) width 4: " "
                  RenderBR {BR} at (49,1677) size 0x0
                  RenderInline {A} at (0,0) size 36x16 [color=#0000EE]
                    RenderText {#text} at (0,1680) size 36x16
                      text run at (0,1680) width 36: "SQRT"
                  RenderText {#text} at (36,1680) size 4x16
                    text run at (36,1680) width 4: " "
                  RenderBR {BR} at (40,1693) size 0x0
                  RenderInline {A} at (0,0) size 53x16 [color=#0000EE]
                    RenderText {#text} at (0,1696) size 53x16
                      text run at (0,1696) width 53: "SUBSTR"
                  RenderText {#text} at (53,1696) size 4x16
                    text run at (53,1696) width 4: " "
                  RenderBR {BR} at (57,1709) size 0x0
                  RenderInline {A} at (0,0) size 87x16 [color=#0000EE]
                    RenderText {#text} at (0,1712) size 87x16
                      text run at (0,1712) width 87: "TABLE_NAME"
                  RenderText {#text} at (87,1712) size 4x16
                    text run at (87,1712) width 4: " "
                  RenderBR {BR} at (91,1725) size 0x0
                  RenderInline {A} at (0,0) size 105x16 [color=#0000EE]
                    RenderText {#text} at (0,1728) size 105x16
                      text run at (0,1728) width 105: "TABLE_SCHEMA"
                  RenderText {#text} at (105,1728) size 4x16
                    text run at (105,1728) width 4: " "
                  RenderBR {BR} at (109,1741) size 0x0
                  RenderInline {A} at (0,0) size 26x16 [color=#0000EE]
                    RenderText {#text} at (0,1744) size 26x16
                      text run at (0,1744) width 26: "TAN"
                  RenderText {#text} at (26,1744) size 4x16
                    text run at (26,1744) width 4: " "
                  RenderBR {BR} at (30,1757) size 0x0
                  RenderInline {A} at (0,0) size 32x16 [color=#0000EE]
                    RenderText {#text} at (0,1760) size 32x16
                      text run at (0,1760) width 32: "TIME"
                  RenderText {#text} at (32,1760) size 4x16
                    text run at (32,1760) width 4: " "
                  RenderBR {BR} at (36,1773) size 0x0
                  RenderInline {A} at (0,0) size 78x16 [color=#0000EE]
                    RenderText {#text} at (0,1776) size 78x16
                      text run at (0,1776) width 78: "TIMESTAMP"
                  RenderText {#text} at (78,1776) size 4x16
                    text run at (78,1776) width 4: " "
                  RenderBR {BR} at (82,1789) size 0x0
                  RenderInline {A} at (0,0) size 108x16 [color=#0000EE]
                    RenderText {#text} at (0,1792) size 108x16
                      text run at (0,1792) width 108: "TIMESTAMP_ISO"
                  RenderText {#text} at (108,1792) size 4x16
                    text run at (108,1792) width 4: " "
                  RenderBR {BR} at (112,1805) size 0x0
                  RenderInline {A} at (0,0) size 107x16 [color=#0000EE]
                    RenderText {#text} at (0,1808) size 107x16
                      text run at (0,1808) width 107: "TIMESTAMPDIFF"
                  RenderText {#text} at (107,1808) size 4x16
                    text run at (107,1808) width 4: " "
                  RenderBR {BR} at (111,1821) size 0x0
                  RenderInline {A} at (0,0) size 77x16 [color=#0000EE]
                    RenderText {#text} at (0,1824) size 77x16
                      text run at (0,1824) width 77: "TRANSLATE"
                  RenderText {#text} at (77,1824) size 4x16
                    text run at (77,1824) width 4: " "
                  RenderBR {BR} at (81,1837) size 0x0
                  RenderInline {A} at (0,0) size 133x16 [color=#0000EE]
                    RenderText {#text} at (0,1840) size 133x16
                      text run at (0,1840) width 133: "TRUNCATE or TRUNC"
                  RenderText {#text} at (133,1840) size 4x16
                    text run at (133,1840) width 4: " "
                  RenderBR {BR} at (137,1853) size 0x0
                  RenderInline {A} at (0,0) size 55x16 [color=#0000EE]
                    RenderText {#text} at (0,1856) size 55x16
                      text run at (0,1856) width 55: "TYPE_ID"
                  RenderText {#text} at (55,1856) size 4x16
                    text run at (55,1856) width 4: " "
                  RenderBR {BR} at (59,1869) size 0x0
                  RenderInline {A} at (0,0) size 80x16 [color=#0000EE]
                    RenderText {#text} at (0,1872) size 80x16
                      text run at (0,1872) width 80: "TYPE_NAME"
                  RenderText {#text} at (80,1872) size 4x16
                    text run at (80,1872) width 4: " "
                  RenderBR {BR} at (84,1885) size 0x0
                  RenderInline {A} at (0,0) size 98x16 [color=#0000EE]
                    RenderText {#text} at (0,1888) size 98x16
                      text run at (0,1888) width 98: "TYPE_SCHEMA"
                  RenderText {#text} at (98,1888) size 4x16
                    text run at (98,1888) width 4: " "
                  RenderBR {BR} at (102,1901) size 0x0
                  RenderInline {A} at (0,0) size 109x16 [color=#0000EE]
                    RenderText {#text} at (0,1904) size 109x16
                      text run at (0,1904) width 109: "UCASE or UPPER"
                  RenderText {#text} at (109,1904) size 4x16
                    text run at (109,1904) width 4: " "
                  RenderBR {BR} at (113,1917) size 0x0
                  RenderInline {A} at (0,0) size 43x16 [color=#0000EE]
                    RenderText {#text} at (0,1920) size 43x16
                      text run at (0,1920) width 43: "VALUE"
                  RenderText {#text} at (43,1920) size 4x16
                    text run at (43,1920) width 4: " "
                  RenderBR {BR} at (47,1933) size 0x0
                  RenderInline {A} at (0,0) size 63x16 [color=#0000EE]
                    RenderText {#text} at (0,1936) size 63x16
                      text run at (0,1936) width 63: "VARCHAR"
                  RenderText {#text} at (63,1936) size 4x16
                    text run at (63,1936) width 4: " "
                  RenderBR {BR} at (67,1949) size 0x0
                  RenderInline {A} at (0,0) size 86x16 [color=#0000EE]
                    RenderText {#text} at (0,1952) size 86x16
                      text run at (0,1952) width 86: "VARGRAPHIC"
                  RenderText {#text} at (86,1952) size 4x16
                    text run at (86,1952) width 4: " "
                  RenderBR {BR} at (90,1965) size 0x0
                  RenderInline {A} at (0,0) size 39x16 [color=#0000EE]
                    RenderText {#text} at (0,1968) size 39x16
                      text run at (0,1968) width 39: "WEEK"
                  RenderText {#text} at (39,1968) size 4x16
                    text run at (39,1968) width 4: " "
                  RenderBR {BR} at (43,1981) size 0x0
                  RenderInline {A} at (0,0) size 69x16 [color=#0000EE]
                    RenderText {#text} at (0,1984) size 69x16
                      text run at (0,1984) width 69: "WEEK_ISO"
                  RenderText {#text} at (69,1984) size 4x16
                    text run at (69,1984) width 4: " "
                  RenderBR {BR} at (73,1997) size 0x0
                  RenderInline {A} at (0,0) size 36x16 [color=#0000EE]
                    RenderText {#text} at (0,2000) size 36x16
                      text run at (0,2000) width 36: "YEAR"
                  RenderText {#text} at (36,2000) size 4x16
                    text run at (36,2000) width 4: " "
                  RenderBR {BR} at (40,2013) size 0x0
                  RenderInline {A} at (0,0) size 93x16 [color=#0000EE]
                    RenderText {#text} at (0,2016) size 93x16
                      text run at (0,2016) width 93: "Table Functions"
                  RenderText {#text} at (93,2016) size 4x16
                    text run at (93,2016) width 4: " "
                  RenderBR {BR} at (97,2029) size 0x0
                  RenderInline {A} at (0,0) size 150x16 [color=#0000EE]
                    RenderText {#text} at (0,2032) size 150x16
                      text run at (0,2032) width 150: "SQLCACHE_SNAPSHOT"
                  RenderText {#text} at (150,2032) size 4x16
                    text run at (150,2032) width 4: " "
                  RenderBR {BR} at (154,2045) size 0x0
                  RenderInline {A} at (0,0) size 136x16 [color=#0000EE]
                    RenderText {#text} at (0,2048) size 136x16
                      text run at (0,2048) width 136: "User-Defined Functions"
                  RenderText {#text} at (0,0) size 0x0
                RenderBlock {P} at (0,5587) size 715x368
                  RenderInline {B} at (0,0) size 48x16
                    RenderInline {A} at (0,0) size 48x16 [color=#0000EE]
                      RenderText {#text} at (0,0) size 48x16
                        text run at (0,0) width 48: "Queries"
                  RenderBR {BR} at (48,13) size 0x0
                  RenderBR {BR} at (0,16) size 0x16
                  RenderInline {A} at (0,0) size 56x16 [color=#0000EE]
                    RenderText {#text} at (0,32) size 56x16
                      text run at (0,32) width 56: "subselect"
                  RenderText {#text} at (56,32) size 4x16
                    text run at (56,32) width 4: " "
                  RenderBR {BR} at (60,45) size 0x0
                  RenderInline {A} at (0,0) size 77x16 [color=#0000EE]
                    RenderText {#text} at (0,48) size 77x16
                      text run at (0,48) width 77: "select-clause"
                  RenderText {#text} at (77,48) size 4x16
                    text run at (77,48) width 4: " "
                  RenderBR {BR} at (81,61) size 0x0
                  RenderInline {A} at (0,0) size 68x16 [color=#0000EE]
                    RenderText {#text} at (0,64) size 68x16
                      text run at (0,64) width 68: "from-clause"
                  RenderText {#text} at (68,64) size 4x16
                    text run at (68,64) width 4: " "
                  RenderBR {BR} at (72,77) size 0x0
                  RenderInline {A} at (0,0) size 86x16 [color=#0000EE]
                    RenderText {#text} at (0,80) size 86x16
                      text run at (0,80) width 86: "table-reference"
                  RenderText {#text} at (86,80) size 4x16
                    text run at (86,80) width 4: " "
                  RenderBR {BR} at (90,93) size 0x0
                  RenderInline {A} at (0,0) size 66x16 [color=#0000EE]
                    RenderText {#text} at (0,96) size 66x16
                      text run at (0,96) width 66: "joined-table"
                  RenderText {#text} at (66,96) size 4x16
                    text run at (66,96) width 4: " "
                  RenderBR {BR} at (70,109) size 0x0
                  RenderInline {A} at (0,0) size 76x16 [color=#0000EE]
                    RenderText {#text} at (0,112) size 76x16
                      text run at (0,112) width 76: "where-clause"
                  RenderText {#text} at (76,112) size 4x16
                    text run at (76,112) width 4: " "
                  RenderBR {BR} at (80,125) size 0x0
                  RenderInline {A} at (0,0) size 92x16 [color=#0000EE]
                    RenderText {#text} at (0,128) size 92x16
                      text run at (0,128) width 92: "group-by-clause"
                  RenderText {#text} at (92,128) size 4x16
                    text run at (92,128) width 4: " "
                  RenderBR {BR} at (96,141) size 0x0
                  RenderInline {A} at (0,0) size 80x16 [color=#0000EE]
                    RenderText {#text} at (0,144) size 80x16
                      text run at (0,144) width 80: "having-clause"
                  RenderText {#text} at (80,144) size 4x16
                    text run at (80,144) width 4: " "
                  RenderBR {BR} at (84,157) size 0x0
                  RenderInline {A} at (0,0) size 140x16 [color=#0000EE]
                    RenderText {#text} at (0,160) size 140x16
                      text run at (0,160) width 140: "Examples of subselects"
                  RenderText {#text} at (140,160) size 4x16
                    text run at (140,160) width 4: " "
                  RenderBR {BR} at (144,173) size 0x0
                  RenderInline {A} at (0,0) size 108x16 [color=#0000EE]
                    RenderText {#text} at (0,176) size 108x16
                      text run at (0,176) width 108: "Examples of Joins"
                  RenderText {#text} at (108,176) size 4x16
                    text run at (108,176) width 4: " "
                  RenderBR {BR} at (112,189) size 0x0
                  RenderInline {A} at (0,0) size 267x16 [color=#0000EE]
                    RenderText {#text} at (0,192) size 267x16
                      text run at (0,192) width 267: "Examples of Grouping Sets, Cube, and Rollup"
                  RenderText {#text} at (267,192) size 4x16
                    text run at (267,192) width 4: " "
                  RenderBR {BR} at (271,205) size 0x0
                  RenderInline {A} at (0,0) size 52x16 [color=#0000EE]
                    RenderText {#text} at (0,208) size 52x16
                      text run at (0,208) width 52: "fullselect"
                  RenderText {#text} at (52,208) size 4x16
                    text run at (52,208) width 4: " "
                  RenderBR {BR} at (56,221) size 0x0
                  RenderInline {A} at (0,0) size 140x16 [color=#0000EE]
                    RenderText {#text} at (0,224) size 140x16
                      text run at (0,224) width 140: "Examples of a fullselect"
                  RenderText {#text} at (140,224) size 4x16
                    text run at (140,224) width 4: " "
                  RenderBR {BR} at (144,237) size 0x0
                  RenderInline {A} at (0,0) size 97x16 [color=#0000EE]
                    RenderText {#text} at (0,240) size 97x16
                      text run at (0,240) width 97: "select-statement"
                  RenderText {#text} at (97,240) size 4x16
                    text run at (97,240) width 4: " "
                  RenderBR {BR} at (101,253) size 0x0
                  RenderInline {A} at (0,0) size 149x16 [color=#0000EE]
                    RenderText {#text} at (0,256) size 149x16
                      text run at (0,256) width 149: "common-table-expression"
                  RenderText {#text} at (149,256) size 4x16
                    text run at (149,256) width 4: " "
                  RenderBR {BR} at (153,269) size 0x0
                  RenderInline {A} at (0,0) size 89x16 [color=#0000EE]
                    RenderText {#text} at (0,272) size 89x16
                      text run at (0,272) width 89: "order-by-clause"
                  RenderText {#text} at (89,272) size 4x16
                    text run at (89,272) width 4: " "
                  RenderBR {BR} at (93,285) size 0x0
                  RenderInline {A} at (0,0) size 81x16 [color=#0000EE]
                    RenderText {#text} at (0,288) size 81x16
                      text run at (0,288) width 81: "update-clause"
                  RenderText {#text} at (81,288) size 4x16
                    text run at (81,288) width 4: " "
                  RenderBR {BR} at (85,301) size 0x0
                  RenderInline {A} at (0,0) size 95x16 [color=#0000EE]
                    RenderText {#text} at (0,304) size 95x16
                      text run at (0,304) width 95: "read-only-clause"
                  RenderText {#text} at (95,304) size 4x16
                    text run at (95,304) width 4: " "
                  RenderBR {BR} at (99,317) size 0x0
                  RenderInline {A} at (0,0) size 97x16 [color=#0000EE]
                    RenderText {#text} at (0,320) size 97x16
                      text run at (0,320) width 97: "fetch-first-clause"
                  RenderText {#text} at (97,320) size 4x16
                    text run at (97,320) width 4: " "
                  RenderBR {BR} at (101,333) size 0x0
                  RenderInline {A} at (0,0) size 110x16 [color=#0000EE]
                    RenderText {#text} at (0,336) size 110x16
                      text run at (0,336) width 110: "optimize-for-clause"
                  RenderText {#text} at (110,336) size 4x16
                    text run at (110,336) width 4: " "
                  RenderBR {BR} at (114,349) size 0x0
                  RenderInline {A} at (0,0) size 185x16 [color=#0000EE]
                    RenderText {#text} at (0,352) size 185x16
                      text run at (0,352) width 185: "Examples of a select-statement"
                  RenderText {#text} at (0,0) size 0x0
                RenderBlock {P} at (0,5968) size 715x1888
                  RenderInline {B} at (0,0) size 100x16
                    RenderInline {A} at (0,0) size 100x16 [color=#0000EE]
                      RenderText {#text} at (0,0) size 100x16
                        text run at (0,0) width 100: "SQL Statements"
                  RenderBR {BR} at (100,13) size 0x0
                  RenderBR {BR} at (0,16) size 0x16
                  RenderInline {A} at (0,0) size 200x16 [color=#0000EE]
                    RenderText {#text} at (0,32) size 200x16
                      text run at (0,32) width 200: "How SQL Statements Are Invoked"
                  RenderText {#text} at (200,32) size 4x16
                    text run at (200,32) width 4: " "
                  RenderBR {BR} at (204,45) size 0x0
                  RenderInline {A} at (0,0) size 293x16 [color=#0000EE]
                    RenderText {#text} at (0,48) size 293x16
                      text run at (0,48) width 293: "Embedding a Statement in an Application Program"
                  RenderText {#text} at (293,48) size 4x16
                    text run at (293,48) width 4: " "
                  RenderBR {BR} at (297,61) size 0x0
                  RenderInline {A} at (0,0) size 208x16 [color=#0000EE]
                    RenderText {#text} at (0,64) size 208x16
                      text run at (0,64) width 208: "Dynamic Preparation and Execution"
                  RenderText {#text} at (208,64) size 4x16
                    text run at (208,64) width 4: " "
                  RenderBR {BR} at (212,77) size 0x0
                  RenderInline {A} at (0,0) size 225x16 [color=#0000EE]
                    RenderText {#text} at (0,80) size 225x16
                      text run at (0,80) width 225: "Static Invocation of a select-statement"
                  RenderText {#text} at (225,80) size 4x16
                    text run at (225,80) width 4: " "
                  RenderBR {BR} at (229,93) size 0x0
                  RenderInline {A} at (0,0) size 242x16 [color=#0000EE]
                    RenderText {#text} at (0,96) size 242x16
                      text run at (0,96) width 242: "Dynamic Invocation of a select-statement"
                  RenderText {#text} at (242,96) size 4x16
                    text run at (242,96) width 4: " "
                  RenderBR {BR} at (246,109) size 0x0
                  RenderInline {A} at (0,0) size 125x16 [color=#0000EE]
                    RenderText {#text} at (0,112) size 125x16
                      text run at (0,112) width 125: "Interactive Invocation"
                  RenderText {#text} at (125,112) size 4x16
                    text run at (125,112) width 4: " "
                  RenderBR {BR} at (129,125) size 0x0
                  RenderInline {A} at (0,0) size 109x16 [color=#0000EE]
                    RenderText {#text} at (0,128) size 109x16
                      text run at (0,128) width 109: "SQL Return Codes"
                  RenderText {#text} at (109,128) size 4x16
                    text run at (109,128) width 4: " "
                  RenderBR {BR} at (113,141) size 0x0
                  RenderInline {A} at (0,0) size 63x16 [color=#0000EE]
                    RenderText {#text} at (0,144) size 63x16
                      text run at (0,144) width 63: "SQLCODE"
                  RenderText {#text} at (63,144) size 4x16
                    text run at (63,144) width 4: " "
                  RenderBR {BR} at (67,157) size 0x0
                  RenderInline {A} at (0,0) size 69x16 [color=#0000EE]
                    RenderText {#text} at (0,160) size 69x16
                      text run at (0,160) width 69: "SQLSTATE"
                  RenderText {#text} at (69,160) size 4x16
                    text run at (69,160) width 4: " "
                  RenderBR {BR} at (73,173) size 0x0
                  RenderInline {A} at (0,0) size 93x16 [color=#0000EE]
                    RenderText {#text} at (0,176) size 93x16
                      text run at (0,176) width 93: "SQL Comments"
                  RenderText {#text} at (93,176) size 4x16
                    text run at (93,176) width 4: " "
                  RenderBR {BR} at (97,189) size 0x0
                  RenderInline {A} at (0,0) size 134x16 [color=#0000EE]
                    RenderText {#text} at (0,192) size 134x16
                      text run at (0,192) width 134: "ALTER BUFFERPOOL"
                  RenderText {#text} at (134,192) size 4x16
                    text run at (134,192) width 4: " "
                  RenderBR {BR} at (138,205) size 0x0
                  RenderInline {A} at (0,0) size 115x16 [color=#0000EE]
                    RenderText {#text} at (0,208) size 115x16
                      text run at (0,208) width 115: "ALTER NICKNAME"
                  RenderText {#text} at (115,208) size 4x16
                    text run at (115,208) width 4: " "
                  RenderBR {BR} at (119,221) size 0x0
                  RenderInline {A} at (0,0) size 130x16 [color=#0000EE]
                    RenderText {#text} at (0,224) size 130x16
                      text run at (0,224) width 130: "ALTER NODEGROUP"
                  RenderText {#text} at (130,224) size 4x16
                    text run at (130,224) width 4: " "
                  RenderBR {BR} at (134,237) size 0x0
                  RenderInline {A} at (0,0) size 100x16 [color=#0000EE]
                    RenderText {#text} at (0,240) size 100x16
                      text run at (0,240) width 100: "ALTER SERVER"
                  RenderText {#text} at (100,240) size 4x16
                    text run at (100,240) width 4: " "
                  RenderBR {BR} at (104,253) size 0x0
                  RenderInline {A} at (0,0) size 88x16 [color=#0000EE]
                    RenderText {#text} at (0,256) size 88x16
                      text run at (0,256) width 88: "ALTER TABLE"
                  RenderText {#text} at (88,256) size 4x16
                    text run at (88,256) width 4: " "
                  RenderBR {BR} at (92,269) size 0x0
                  RenderInline {A} at (0,0) size 133x16 [color=#0000EE]
                    RenderText {#text} at (0,272) size 133x16
                      text run at (0,272) width 133: "ALTER TABLESPACE"
                  RenderText {#text} at (133,272) size 4x16
                    text run at (133,272) width 4: " "
                  RenderBR {BR} at (137,285) size 0x0
                  RenderInline {A} at (0,0) size 153x16 [color=#0000EE]
                    RenderText {#text} at (0,288) size 153x16
                      text run at (0,288) width 153: "ALTER TYPE (Structured)"
                  RenderText {#text} at (153,288) size 4x16
                    text run at (153,288) width 4: " "
                  RenderBR {BR} at (157,301) size 0x0
                  RenderInline {A} at (0,0) size 147x16 [color=#0000EE]
                    RenderText {#text} at (0,304) size 147x16
                      text run at (0,304) width 147: "ALTER USER MAPPING"
                  RenderText {#text} at (147,304) size 4x16
                    text run at (147,304) width 4: " "
                  RenderBR {BR} at (151,317) size 0x0
                  RenderInline {A} at (0,0) size 80x16 [color=#0000EE]
                    RenderText {#text} at (0,320) size 80x16
                      text run at (0,320) width 80: "ALTER VIEW"
                  RenderText {#text} at (80,320) size 4x16
                    text run at (80,320) width 4: " "
                  RenderBR {BR} at (84,333) size 0x0
                  RenderInline {A} at (0,0) size 168x16 [color=#0000EE]
                    RenderText {#text} at (0,336) size 168x16
                      text run at (0,336) width 168: "BEGIN DECLARE SECTION"
                  RenderText {#text} at (168,336) size 4x16
                    text run at (168,336) width 4: " "
                  RenderBR {BR} at (172,349) size 0x0
                  RenderInline {A} at (0,0) size 32x16 [color=#0000EE]
                    RenderText {#text} at (0,352) size 32x16
                      text run at (0,352) width 32: "CALL"
                  RenderText {#text} at (32,352) size 4x16
                    text run at (32,352) width 4: " "
                  RenderBR {BR} at (36,365) size 0x0
                  RenderInline {A} at (0,0) size 44x16 [color=#0000EE]
                    RenderText {#text} at (0,368) size 44x16
                      text run at (0,368) width 44: "CLOSE"
                  RenderText {#text} at (44,368) size 4x16
                    text run at (44,368) width 4: " "
                  RenderBR {BR} at (48,381) size 0x0
                  RenderInline {A} at (0,0) size 90x16 [color=#0000EE]
                    RenderText {#text} at (0,384) size 90x16
                      text run at (0,384) width 90: "COMMENT ON"
                  RenderText {#text} at (90,384) size 4x16
                    text run at (90,384) width 4: " "
                  RenderBR {BR} at (94,397) size 0x0
                  RenderInline {A} at (0,0) size 53x16 [color=#0000EE]
                    RenderText {#text} at (0,400) size 53x16
                      text run at (0,400) width 53: "COMMIT"
                  RenderText {#text} at (53,400) size 4x16
                    text run at (53,400) width 4: " "
                  RenderBR {BR} at (57,413) size 0x0
                  RenderInline {A} at (0,0) size 166x16 [color=#0000EE]
                    RenderText {#text} at (0,416) size 166x16
                      text run at (0,416) width 166: "Compound SQL (Embedded)"
                  RenderText {#text} at (166,416) size 4x16
                    text run at (166,416) width 4: " "
                  RenderBR {BR} at (170,429) size 0x0
                  RenderInline {A} at (0,0) size 115x16 [color=#0000EE]
                    RenderText {#text} at (0,432) size 115x16
                      text run at (0,432) width 115: "CONNECT (Type 1)"
                  RenderText {#text} at (115,432) size 4x16
                    text run at (115,432) width 4: " "
                  RenderBR {BR} at (119,445) size 0x0
                  RenderInline {A} at (0,0) size 115x16 [color=#0000EE]
                    RenderText {#text} at (0,448) size 115x16
                      text run at (0,448) width 115: "CONNECT (Type 2)"
                  RenderText {#text} at (115,448) size 4x16
                    text run at (115,448) width 4: " "
                  RenderBR {BR} at (119,461) size 0x0
                  RenderInline {A} at (0,0) size 95x16 [color=#0000EE]
                    RenderText {#text} at (0,464) size 95x16
                      text run at (0,464) width 95: "CREATE ALIAS"
                  RenderText {#text} at (95,464) size 4x16
                    text run at (95,464) width 4: " "
                  RenderBR {BR} at (99,477) size 0x0
                  RenderInline {A} at (0,0) size 145x16 [color=#0000EE]
                    RenderText {#text} at (0,480) size 145x16
                      text run at (0,480) width 145: "CREATE BUFFERPOOL"
                  RenderText {#text} at (145,480) size 4x16
                    text run at (145,480) width 4: " "
                  RenderBR {BR} at (149,493) size 0x0
                  RenderInline {A} at (0,0) size 156x16 [color=#0000EE]
                    RenderText {#text} at (0,496) size 156x16
                      text run at (0,496) width 156: "CREATE DISTINCT TYPE"
                  RenderText {#text} at (156,496) size 4x16
                    text run at (156,496) width 4: " "
                  RenderBR {BR} at (160,509) size 0x0
                  RenderInline {A} at (0,0) size 166x16 [color=#0000EE]
                    RenderText {#text} at (0,512) size 166x16
                      text run at (0,512) width 166: "CREATE EVENT MONITOR"
                  RenderText {#text} at (166,512) size 4x16
                    text run at (166,512) width 4: " "
                  RenderBR {BR} at (170,525) size 0x0
                  RenderInline {A} at (0,0) size 123x16 [color=#0000EE]
                    RenderText {#text} at (0,528) size 123x16
                      text run at (0,528) width 123: "CREATE FUNCTION"
                  RenderText {#text} at (123,528) size 4x16
                    text run at (123,528) width 4: " "
                  RenderBR {BR} at (127,541) size 0x0
                  RenderInline {A} at (0,0) size 224x16 [color=#0000EE]
                    RenderText {#text} at (0,544) size 224x16
                      text run at (0,544) width 224: "CREATE FUNCTION (External Scalar)"
                  RenderText {#text} at (224,544) size 4x16
                    text run at (224,544) width 4: " "
                  RenderBR {BR} at (228,557) size 0x0
                  RenderInline {A} at (0,0) size 219x16 [color=#0000EE]
                    RenderText {#text} at (0,560) size 219x16
                      text run at (0,560) width 219: "CREATE FUNCTION (External Table)"
                  RenderText {#text} at (219,560) size 4x16
                    text run at (219,560) width 4: " "
                  RenderBR {BR} at (223,573) size 0x0
                  RenderInline {A} at (0,0) size 271x16 [color=#0000EE]
                    RenderText {#text} at (0,576) size 271x16
                      text run at (0,576) width 271: "CREATE FUNCTION (OLE DB External Table)"
                  RenderText {#text} at (271,576) size 4x16
                    text run at (271,576) width 4: " "
                  RenderBR {BR} at (275,589) size 0x0
                  RenderInline {A} at (0,0) size 249x16 [color=#0000EE]
                    RenderText {#text} at (0,592) size 249x16
                      text run at (0,592) width 249: "CREATE FUNCTION (Source or Template)"
                  RenderText {#text} at (249,592) size 4x16
                    text run at (249,592) width 4: " "
                  RenderBR {BR} at (253,605) size 0x0
                  RenderInline {A} at (0,0) size 286x16 [color=#0000EE]
                    RenderText {#text} at (0,608) size 286x16
                      text run at (0,608) width 286: "CREATE FUNCTION (SQL Scalar, Table or Row)"
                  RenderText {#text} at (286,608) size 4x16
                    text run at (286,608) width 4: " "
                  RenderBR {BR} at (290,621) size 0x0
                  RenderInline {A} at (0,0) size 188x16 [color=#0000EE]
                    RenderText {#text} at (0,624) size 188x16
                      text run at (0,624) width 188: "CREATE FUNCTION MAPPING"
                  RenderText {#text} at (188,624) size 4x16
                    text run at (188,624) width 4: " "
                  RenderBR {BR} at (192,637) size 0x0
                  RenderInline {A} at (0,0) size 97x16 [color=#0000EE]
                    RenderText {#text} at (0,640) size 97x16
                      text run at (0,640) width 97: "CREATE INDEX"
                  RenderText {#text} at (97,640) size 4x16
                    text run at (97,640) width 4: " "
                  RenderBR {BR} at (101,653) size 0x0
                  RenderInline {A} at (0,0) size 177x16 [color=#0000EE]
                    RenderText {#text} at (0,656) size 177x16
                      text run at (0,656) width 177: "CREATE INDEX EXTENSION"
                  RenderText {#text} at (177,656) size 4x16
                    text run at (177,656) width 4: " "
                  RenderBR {BR} at (181,669) size 0x0
                  RenderInline {A} at (0,0) size 113x16 [color=#0000EE]
                    RenderText {#text} at (0,672) size 113x16
                      text run at (0,672) width 113: "CREATE METHOD"
                  RenderText {#text} at (113,672) size 4x16
                    text run at (113,672) width 4: " "
                  RenderBR {BR} at (117,685) size 0x0
                  RenderInline {A} at (0,0) size 126x16 [color=#0000EE]
                    RenderText {#text} at (0,688) size 126x16
                      text run at (0,688) width 126: "CREATE NICKNAME"
                  RenderText {#text} at (126,688) size 4x16
                    text run at (126,688) width 4: " "
                  RenderBR {BR} at (130,701) size 0x0
                  RenderInline {A} at (0,0) size 141x16 [color=#0000EE]
                    RenderText {#text} at (0,704) size 141x16
                      text run at (0,704) width 141: "CREATE NODEGROUP"
                  RenderText {#text} at (141,704) size 4x16
                    text run at (141,704) width 4: " "
                  RenderBR {BR} at (145,717) size 0x0
                  RenderInline {A} at (0,0) size 139x16 [color=#0000EE]
                    RenderText {#text} at (0,720) size 139x16
                      text run at (0,720) width 139: "CREATE PROCEDURE"
                  RenderText {#text} at (139,720) size 4x16
                    text run at (139,720) width 4: " "
                  RenderBR {BR} at (143,733) size 0x0
                  RenderInline {A} at (0,0) size 113x16 [color=#0000EE]
                    RenderText {#text} at (0,736) size 113x16
                      text run at (0,736) width 113: "CREATE SCHEMA"
                  RenderText {#text} at (113,736) size 4x16
                    text run at (113,736) width 4: " "
                  RenderBR {BR} at (117,749) size 0x0
                  RenderInline {A} at (0,0) size 111x16 [color=#0000EE]
                    RenderText {#text} at (0,752) size 111x16
                      text run at (0,752) width 111: "CREATE SERVER"
                  RenderText {#text} at (111,752) size 4x16
                    text run at (111,752) width 4: " "
                  RenderBR {BR} at (115,765) size 0x0
                  RenderInline {A} at (0,0) size 99x16 [color=#0000EE]
                    RenderText {#text} at (0,768) size 99x16
                      text run at (0,768) width 99: "CREATE TABLE"
                  RenderText {#text} at (99,768) size 4x16
                    text run at (99,768) width 4: " "
                  RenderBR {BR} at (103,781) size 0x0
                  RenderInline {A} at (0,0) size 144x16 [color=#0000EE]
                    RenderText {#text} at (0,784) size 144x16
                      text run at (0,784) width 144: "CREATE TABLESPACE"
                  RenderText {#text} at (144,784) size 4x16
                    text run at (144,784) width 4: " "
                  RenderBR {BR} at (148,797) size 0x0
                  RenderInline {A} at (0,0) size 139x16 [color=#0000EE]
                    RenderText {#text} at (0,800) size 139x16
                      text run at (0,800) width 139: "CREATE TRANSFORM"
                  RenderText {#text} at (139,800) size 4x16
                    text run at (139,800) width 4: " "
                  RenderBR {BR} at (143,813) size 0x0
                  RenderInline {A} at (0,0) size 116x16 [color=#0000EE]
                    RenderText {#text} at (0,816) size 116x16
                      text run at (0,816) width 116: "CREATE TRIGGER"
                  RenderText {#text} at (116,816) size 4x16
                    text run at (116,816) width 4: " "
                  RenderBR {BR} at (120,829) size 0x0
                  RenderInline {A} at (0,0) size 164x16 [color=#0000EE]
                    RenderText {#text} at (0,832) size 164x16
                      text run at (0,832) width 164: "CREATE TYPE (Structured)"
                  RenderText {#text} at (164,832) size 4x16
                    text run at (164,832) width 4: " "
                  RenderBR {BR} at (168,845) size 0x0
                  RenderInline {A} at (0,0) size 157x16 [color=#0000EE]
                    RenderText {#text} at (0,848) size 157x16
                      text run at (0,848) width 157: "CREATE TYPE MAPPING"
                  RenderText {#text} at (157,848) size 4x16
                    text run at (157,848) width 4: " "
                  RenderBR {BR} at (161,861) size 0x0
                  RenderInline {A} at (0,0) size 158x16 [color=#0000EE]
                    RenderText {#text} at (0,864) size 158x16
                      text run at (0,864) width 158: "CREATE USER MAPPING"
                  RenderText {#text} at (158,864) size 4x16
                    text run at (158,864) width 4: " "
                  RenderBR {BR} at (162,877) size 0x0
                  RenderInline {A} at (0,0) size 91x16 [color=#0000EE]
                    RenderText {#text} at (0,880) size 91x16
                      text run at (0,880) width 91: "CREATE VIEW"
                  RenderText {#text} at (91,880) size 4x16
                    text run at (91,880) width 4: " "
                  RenderBR {BR} at (95,893) size 0x0
                  RenderInline {A} at (0,0) size 123x16 [color=#0000EE]
                    RenderText {#text} at (0,896) size 123x16
                      text run at (0,896) width 123: "CREATE WRAPPER"
                  RenderText {#text} at (123,896) size 4x16
                    text run at (123,896) width 4: " "
                  RenderBR {BR} at (127,909) size 0x0
                  RenderInline {A} at (0,0) size 120x16 [color=#0000EE]
                    RenderText {#text} at (0,912) size 120x16
                      text run at (0,912) width 120: "DECLARE CURSOR"
                  RenderText {#text} at (120,912) size 4x16
                    text run at (120,912) width 4: " "
                  RenderBR {BR} at (124,925) size 0x0
                  RenderInline {A} at (0,0) size 250x16 [color=#0000EE]
                    RenderText {#text} at (0,928) size 250x16
                      text run at (0,928) width 250: "DECLARE GLOBAL TEMPORARY TABLE"
                  RenderText {#text} at (250,928) size 4x16
                    text run at (250,928) width 4: " "
                  RenderBR {BR} at (254,941) size 0x0
                  RenderInline {A} at (0,0) size 51x16 [color=#0000EE]
                    RenderText {#text} at (0,944) size 51x16
                      text run at (0,944) width 51: "DELETE"
                  RenderText {#text} at (51,944) size 4x16
                    text run at (51,944) width 4: " "
                  RenderBR {BR} at (55,957) size 0x0
                  RenderInline {A} at (0,0) size 67x16 [color=#0000EE]
                    RenderText {#text} at (0,960) size 67x16
                      text run at (0,960) width 67: "DESCRIBE"
                  RenderText {#text} at (67,960) size 4x16
                    text run at (67,960) width 4: " "
                  RenderBR {BR} at (71,973) size 0x0
                  RenderInline {A} at (0,0) size 85x16 [color=#0000EE]
                    RenderText {#text} at (0,976) size 85x16
                      text run at (0,976) width 85: "DISCONNECT"
                  RenderText {#text} at (85,976) size 4x16
                    text run at (85,976) width 4: " "
                  RenderBR {BR} at (89,989) size 0x0
                  RenderInline {A} at (0,0) size 37x16 [color=#0000EE]
                    RenderText {#text} at (0,992) size 37x16
                      text run at (0,992) width 37: "DROP"
                  RenderText {#text} at (37,992) size 4x16
                    text run at (37,992) width 4: " "
                  RenderBR {BR} at (41,1005) size 0x0
                  RenderInline {A} at (0,0) size 154x16 [color=#0000EE]
                    RenderText {#text} at (0,1008) size 154x16
                      text run at (0,1008) width 154: "END DECLARE SECTION"
                  RenderText {#text} at (154,1008) size 4x16
                    text run at (154,1008) width 4: " "
                  RenderBR {BR} at (158,1021) size 0x0
                  RenderInline {A} at (0,0) size 62x16 [color=#0000EE]
                    RenderText {#text} at (0,1024) size 62x16
                      text run at (0,1024) width 62: "EXECUTE"
                  RenderText {#text} at (62,1024) size 4x16
                    text run at (62,1024) width 4: " "
                  RenderBR {BR} at (66,1037) size 0x0
                  RenderInline {A} at (0,0) size 140x16 [color=#0000EE]
                    RenderText {#text} at (0,1040) size 140x16
                      text run at (0,1040) width 140: "EXECUTE IMMEDIATE"
                  RenderText {#text} at (140,1040) size 4x16
                    text run at (140,1040) width 4: " "
                  RenderBR {BR} at (144,1053) size 0x0
                  RenderInline {A} at (0,0) size 56x16 [color=#0000EE]
                    RenderText {#text} at (0,1056) size 56x16
                      text run at (0,1056) width 56: "EXPLAIN"
                  RenderText {#text} at (56,1056) size 4x16
                    text run at (56,1056) width 4: " "
                  RenderBR {BR} at (60,1069) size 0x0
                  RenderInline {A} at (0,0) size 43x16 [color=#0000EE]
                    RenderText {#text} at (0,1072) size 43x16
                      text run at (0,1072) width 43: "FETCH"
                  RenderText {#text} at (43,1072) size 4x16
                    text run at (43,1072) width 4: " "
                  RenderBR {BR} at (47,1085) size 0x0
                  RenderInline {A} at (0,0) size 155x16 [color=#0000EE]
                    RenderText {#text} at (0,1088) size 155x16
                      text run at (0,1088) width 155: "FLUSH EVENT MONITOR"
                  RenderText {#text} at (155,1088) size 4x16
                    text run at (155,1088) width 4: " "
                  RenderBR {BR} at (159,1101) size 0x0
                  RenderInline {A} at (0,0) size 101x16 [color=#0000EE]
                    RenderText {#text} at (0,1104) size 101x16
                      text run at (0,1104) width 101: "FREE LOCATOR"
                  RenderText {#text} at (101,1104) size 4x16
                    text run at (101,1104) width 4: " "
                  RenderBR {BR} at (105,1117) size 0x0
                  RenderInline {A} at (0,0) size 178x16 [color=#0000EE]
                    RenderText {#text} at (0,1120) size 178x16
                      text run at (0,1120) width 178: "GRANT (Database Authorities)"
                  RenderText {#text} at (178,1120) size 4x16
                    text run at (178,1120) width 4: " "
                  RenderBR {BR} at (182,1133) size 0x0
                  RenderInline {A} at (0,0) size 150x16 [color=#0000EE]
                    RenderText {#text} at (0,1136) size 150x16
                      text run at (0,1136) width 150: "GRANT (Index Privileges)"
                  RenderText {#text} at (150,1136) size 4x16
                    text run at (150,1136) width 4: " "
                  RenderBR {BR} at (154,1149) size 0x0
                  RenderInline {A} at (0,0) size 169x16 [color=#0000EE]
                    RenderText {#text} at (0,1152) size 169x16
                      text run at (0,1152) width 169: "GRANT (Package Privileges)"
                  RenderText {#text} at (169,1152) size 4x16
                    text run at (169,1152) width 4: " "
                  RenderBR {BR} at (173,1165) size 0x0
                  RenderInline {A} at (0,0) size 166x16 [color=#0000EE]
                    RenderText {#text} at (0,1168) size 166x16
                      text run at (0,1168) width 166: "GRANT (Schema Privileges)"
                  RenderText {#text} at (166,1168) size 4x16
                    text run at (166,1168) width 4: " "
                  RenderBR {BR} at (170,1181) size 0x0
                  RenderInline {A} at (0,0) size 156x16 [color=#0000EE]
                    RenderText {#text} at (0,1184) size 156x16
                      text run at (0,1184) width 156: "GRANT (Server Privileges)"
                  RenderText {#text} at (156,1184) size 4x16
                    text run at (156,1184) width 4: " "
                  RenderBR {BR} at (160,1197) size 0x0
                  RenderInline {A} at (0,0) size 267x16 [color=#0000EE]
                    RenderText {#text} at (0,1200) size 267x16
                      text run at (0,1200) width 267: "GRANT (Table, View, or Nickname Privileges)"
                  RenderText {#text} at (267,1200) size 4x16
                    text run at (267,1200) width 4: " "
                  RenderBR {BR} at (271,1213) size 0x0
                  RenderInline {A} at (0,0) size 191x16 [color=#0000EE]
                    RenderText {#text} at (0,1216) size 191x16
                      text run at (0,1216) width 191: "GRANT (Table Space Privileges)"
                  RenderText {#text} at (191,1216) size 4x16
                    text run at (191,1216) width 4: " "
                  RenderBR {BR} at (195,1229) size 0x0
                  RenderInline {A} at (0,0) size 56x16 [color=#0000EE]
                    RenderText {#text} at (0,1232) size 56x16
                      text run at (0,1232) width 56: "INCLUDE"
                  RenderText {#text} at (56,1232) size 4x16
                    text run at (56,1232) width 4: " "
                  RenderBR {BR} at (60,1245) size 0x0
                  RenderInline {A} at (0,0) size 48x16 [color=#0000EE]
                    RenderText {#text} at (0,1248) size 48x16
                      text run at (0,1248) width 48: "INSERT"
                  RenderText {#text} at (48,1248) size 4x16
                    text run at (48,1248) width 4: " "
                  RenderBR {BR} at (52,1261) size 0x0
                  RenderInline {A} at (0,0) size 81x16 [color=#0000EE]
                    RenderText {#text} at (0,1264) size 81x16
                      text run at (0,1264) width 81: "LOCK TABLE"
                  RenderText {#text} at (81,1264) size 4x16
                    text run at (81,1264) width 4: " "
                  RenderBR {BR} at (85,1277) size 0x0
                  RenderInline {A} at (0,0) size 37x16 [color=#0000EE]
                    RenderText {#text} at (0,1280) size 37x16
                      text run at (0,1280) width 37: "OPEN"
                  RenderText {#text} at (37,1280) size 4x16
                    text run at (37,1280) width 4: " "
                  RenderBR {BR} at (41,1293) size 0x0
                  RenderInline {A} at (0,0) size 63x16 [color=#0000EE]
                    RenderText {#text} at (0,1296) size 63x16
                      text run at (0,1296) width 63: "PREPARE"
                  RenderText {#text} at (63,1296) size 4x16
                    text run at (63,1296) width 4: " "
                  RenderBR {BR} at (67,1309) size 0x0
                  RenderInline {A} at (0,0) size 108x16 [color=#0000EE]
                    RenderText {#text} at (0,1312) size 108x16
                      text run at (0,1312) width 108: "REFRESH TABLE"
                  RenderText {#text} at (108,1312) size 4x16
                    text run at (108,1312) width 4: " "
                  RenderBR {BR} at (112,1325) size 0x0
                  RenderInline {A} at (0,0) size 138x16 [color=#0000EE]
                    RenderText {#text} at (0,1328) size 138x16
                      text run at (0,1328) width 138: "RELEASE (Connection)"
                  RenderText {#text} at (138,1328) size 4x16
                    text run at (138,1328) width 4: " "
                  RenderBR {BR} at (142,1341) size 0x0
                  RenderInline {A} at (0,0) size 141x16 [color=#0000EE]
                    RenderText {#text} at (0,1344) size 141x16
                      text run at (0,1344) width 141: "RELEASE SAVEPOINT"
                  RenderText {#text} at (141,1344) size 4x16
                    text run at (141,1344) width 4: " "
                  RenderBR {BR} at (145,1357) size 0x0
                  RenderInline {A} at (0,0) size 102x16 [color=#0000EE]
                    RenderText {#text} at (0,1360) size 102x16
                      text run at (0,1360) width 102: "RENAME TABLE"
                  RenderText {#text} at (102,1360) size 4x16
                    text run at (102,1360) width 4: " "
                  RenderBR {BR} at (106,1373) size 0x0
                  RenderInline {A} at (0,0) size 147x16 [color=#0000EE]
                    RenderText {#text} at (0,1376) size 147x16
                      text run at (0,1376) width 147: "RENAME TABLESPACE"
                  RenderText {#text} at (147,1376) size 4x16
                    text run at (147,1376) width 4: " "
                  RenderBR {BR} at (151,1389) size 0x0
                  RenderInline {A} at (0,0) size 188x16 [color=#0000EE]
                    RenderText {#text} at (0,1392) size 188x16
                      text run at (0,1392) width 188: "REVOKE (Database Authorities)"
                  RenderText {#text} at (188,1392) size 4x16
                    text run at (188,1392) width 4: " "
                  RenderBR {BR} at (192,1405) size 0x0
                  RenderInline {A} at (0,0) size 160x16 [color=#0000EE]
                    RenderText {#text} at (0,1408) size 160x16
                      text run at (0,1408) width 160: "REVOKE (Index Privileges)"
                  RenderText {#text} at (160,1408) size 4x16
                    text run at (160,1408) width 4: " "
                  RenderBR {BR} at (164,1421) size 0x0
                  RenderInline {A} at (0,0) size 179x16 [color=#0000EE]
                    RenderText {#text} at (0,1424) size 179x16
                      text run at (0,1424) width 179: "REVOKE (Package Privileges)"
                  RenderText {#text} at (179,1424) size 4x16
                    text run at (179,1424) width 4: " "
                  RenderBR {BR} at (183,1437) size 0x0
                  RenderInline {A} at (0,0) size 176x16 [color=#0000EE]
                    RenderText {#text} at (0,1440) size 176x16
                      text run at (0,1440) width 176: "REVOKE (Schema Privileges)"
                  RenderText {#text} at (176,1440) size 4x16
                    text run at (176,1440) width 4: " "
                  RenderBR {BR} at (180,1453) size 0x0
                  RenderInline {A} at (0,0) size 166x16 [color=#0000EE]
                    RenderText {#text} at (0,1456) size 166x16
                      text run at (0,1456) width 166: "REVOKE (Server Privileges)"
                  RenderText {#text} at (166,1456) size 4x16
                    text run at (166,1456) width 4: " "
                  RenderBR {BR} at (170,1469) size 0x0
                  RenderInline {A} at (0,0) size 277x16 [color=#0000EE]
                    RenderText {#text} at (0,1472) size 277x16
                      text run at (0,1472) width 277: "REVOKE (Table, View, or Nickname Privileges)"
                  RenderText {#text} at (277,1472) size 4x16
                    text run at (277,1472) width 4: " "
                  RenderBR {BR} at (281,1485) size 0x0
                  RenderInline {A} at (0,0) size 201x16 [color=#0000EE]
                    RenderText {#text} at (0,1488) size 201x16
                      text run at (0,1488) width 201: "REVOKE (Table Space Privileges)"
                  RenderText {#text} at (201,1488) size 4x16
                    text run at (201,1488) width 4: " "
                  RenderBR {BR} at (205,1501) size 0x0
                  RenderInline {A} at (0,0) size 69x16 [color=#0000EE]
                    RenderText {#text} at (0,1504) size 69x16
                      text run at (0,1504) width 69: "ROLLBACK"
                  RenderText {#text} at (69,1504) size 4x16
                    text run at (69,1504) width 4: " "
                  RenderBR {BR} at (73,1517) size 0x0
                  RenderInline {A} at (0,0) size 76x16 [color=#0000EE]
                    RenderText {#text} at (0,1520) size 76x16
                      text run at (0,1520) width 76: "SAVEPOINT"
                  RenderText {#text} at (76,1520) size 4x16
                    text run at (76,1520) width 4: " "
                  RenderBR {BR} at (80,1533) size 0x0
                  RenderInline {A} at (0,0) size 51x16 [color=#0000EE]
                    RenderText {#text} at (0,1536) size 51x16
                      text run at (0,1536) width 51: "SELECT"
                  RenderText {#text} at (51,1536) size 4x16
                    text run at (51,1536) width 4: " "
                  RenderBR {BR} at (55,1549) size 0x0
                  RenderInline {A} at (0,0) size 86x16 [color=#0000EE]
                    RenderText {#text} at (0,1552) size 86x16
                      text run at (0,1552) width 86: "SELECT INTO"
                  RenderText {#text} at (86,1552) size 4x16
                    text run at (86,1552) width 4: " "
                  RenderBR {BR} at (90,1565) size 0x0
                  RenderInline {A} at (0,0) size 116x16 [color=#0000EE]
                    RenderText {#text} at (0,1568) size 116x16
                      text run at (0,1568) width 116: "SET CONNECTION"
                  RenderText {#text} at (116,1568) size 4x16
                    text run at (116,1568) width 4: " "
                  RenderBR {BR} at (120,1581) size 0x0
                  RenderInline {A} at (0,0) size 292x16 [color=#0000EE]
                    RenderText {#text} at (0,1584) size 292x16
                      text run at (0,1584) width 292: "SET CURRENT DEFAULT TRANSFORM GROUP"
                  RenderText {#text} at (292,1584) size 4x16
                    text run at (292,1584) width 4: " "
                  RenderBR {BR} at (296,1597) size 0x0
                  RenderInline {A} at (0,0) size 151x16 [color=#0000EE]
                    RenderText {#text} at (0,1600) size 151x16
                      text run at (0,1600) width 151: "SET CURRENT DEGREE"
                  RenderText {#text} at (151,1600) size 4x16
                    text run at (151,1600) width 4: " "
                  RenderBR {BR} at (155,1613) size 0x0
                  RenderInline {A} at (0,0) size 195x16 [color=#0000EE]
                    RenderText {#text} at (0,1616) size 195x16
                      text run at (0,1616) width 195: "SET CURRENT EXPLAIN MODE"
                  RenderText {#text} at (195,1616) size 4x16
                    text run at (195,1616) width 4: " "
                  RenderBR {BR} at (199,1629) size 0x0
                  RenderInline {A} at (0,0) size 228x16 [color=#0000EE]
                    RenderText {#text} at (0,1632) size 228x16
                      text run at (0,1632) width 228: "SET CURRENT EXPLAIN SNAPSHOT"
                  RenderText {#text} at (228,1632) size 4x16
                    text run at (228,1632) width 4: " "
                  RenderBR {BR} at (232,1645) size 0x0
                  RenderInline {A} at (0,0) size 186x16 [color=#0000EE]
                    RenderText {#text} at (0,1648) size 186x16
                      text run at (0,1648) width 186: "SET CURRENT PACKAGESET"
                  RenderText {#text} at (186,1648) size 4x16
                    text run at (186,1648) width 4: " "
                  RenderBR {BR} at (190,1661) size 0x0
                  RenderInline {A} at (0,0) size 240x16 [color=#0000EE]
                    RenderText {#text} at (0,1664) size 240x16
                      text run at (0,1664) width 240: "SET CURRENT QUERY OPTIMIZATION"
                  RenderText {#text} at (240,1664) size 4x16
                    text run at (240,1664) width 4: " "
                  RenderBR {BR} at (244,1677) size 0x0
                  RenderInline {A} at (0,0) size 190x16 [color=#0000EE]
                    RenderText {#text} at (0,1680) size 190x16
                      text run at (0,1680) width 190: "SET CURRENT REFRESH AGE"
                  RenderText {#text} at (190,1680) size 4x16
                    text run at (190,1680) width 4: " "
                  RenderBR {BR} at (194,1693) size 0x0
                  RenderInline {A} at (0,0) size 186x16 [color=#0000EE]
                    RenderText {#text} at (0,1696) size 186x16
                      text run at (0,1696) width 186: "SET EVENT MONITOR STATE"
                  RenderText {#text} at (186,1696) size 4x16
                    text run at (186,1696) width 4: " "
                  RenderBR {BR} at (190,1709) size 0x0
                  RenderInline {A} at (0,0) size 100x16 [color=#0000EE]
                    RenderText {#text} at (0,1712) size 100x16
                      text run at (0,1712) width 100: "SET INTEGRITY"
                  RenderText {#text} at (100,1712) size 4x16
                    text run at (100,1712) width 4: " "
                  RenderBR {BR} at (104,1725) size 0x0
                  RenderInline {A} at (0,0) size 101x16 [color=#0000EE]
                    RenderText {#text} at (0,1728) size 101x16
                      text run at (0,1728) width 101: "SET PASSTHRU"
                  RenderText {#text} at (101,1728) size 4x16
                    text run at (101,1728) width 4: " "
                  RenderBR {BR} at (105,1741) size 0x0
                  RenderInline {A} at (0,0) size 65x16 [color=#0000EE]
                    RenderText {#text} at (0,1744) size 65x16
                      text run at (0,1744) width 65: "SET PATH"
                  RenderText {#text} at (65,1744) size 4x16
                    text run at (65,1744) width 4: " "
                  RenderBR {BR} at (69,1757) size 0x0
                  RenderInline {A} at (0,0) size 86x16 [color=#0000EE]
                    RenderText {#text} at (0,1760) size 86x16
                      text run at (0,1760) width 86: "SET SCHEMA"
                  RenderText {#text} at (86,1760) size 4x16
                    text run at (86,1760) width 4: " "
                  RenderBR {BR} at (90,1773) size 0x0
                  RenderInline {A} at (0,0) size 138x16 [color=#0000EE]
                    RenderText {#text} at (0,1776) size 138x16
                      text run at (0,1776) width 138: "SET SERVER OPTION"
                  RenderText {#text} at (138,1776) size 4x16
                    text run at (138,1776) width 4: " "
                  RenderBR {BR} at (142,1789) size 0x0
                  RenderInline {A} at (0,0) size 132x16 [color=#0000EE]
                    RenderText {#text} at (0,1792) size 132x16
                      text run at (0,1792) width 132: "SET transition-variable"
                  RenderText {#text} at (132,1792) size 4x16
                    text run at (132,1792) width 4: " "
                  RenderBR {BR} at (136,1805) size 0x0
                  RenderInline {A} at (0,0) size 121x16 [color=#0000EE]
                    RenderText {#text} at (0,1808) size 121x16
                      text run at (0,1808) width 121: "SIGNAL SQLSTATE"
                  RenderText {#text} at (121,1808) size 4x16
                    text run at (121,1808) width 4: " "
                  RenderBR {BR} at (125,1821) size 0x0
                  RenderInline {A} at (0,0) size 53x16 [color=#0000EE]
                    RenderText {#text} at (0,1824) size 53x16
                      text run at (0,1824) width 53: "UPDATE"
                  RenderText {#text} at (53,1824) size 4x16
                    text run at (53,1824) width 4: " "
                  RenderBR {BR} at (57,1837) size 0x0
                  RenderInline {A} at (0,0) size 52x16 [color=#0000EE]
                    RenderText {#text} at (0,1840) size 52x16
                      text run at (0,1840) width 52: "VALUES"
                  RenderText {#text} at (52,1840) size 4x16
                    text run at (52,1840) width 4: " "
                  RenderBR {BR} at (56,1853) size 0x0
                  RenderInline {A} at (0,0) size 87x16 [color=#0000EE]
                    RenderText {#text} at (0,1856) size 87x16
                      text run at (0,1856) width 87: "VALUES INTO"
                  RenderText {#text} at (87,1856) size 4x16
                    text run at (87,1856) width 4: " "
                  RenderBR {BR} at (91,1869) size 0x0
                  RenderInline {A} at (0,0) size 75x16 [color=#0000EE]
                    RenderText {#text} at (0,1872) size 75x16
                      text run at (0,1872) width 75: "WHENEVER"
                  RenderText {#text} at (0,0) size 0x0
                RenderBlock {P} at (0,7869) size 715x320
                  RenderInline {B} at (0,0) size 102x16
                    RenderInline {A} at (0,0) size 102x16 [color=#0000EE]
                      RenderText {#text} at (0,0) size 102x16
                        text run at (0,0) width 102: "SQL Procedures"
                  RenderBR {BR} at (102,13) size 0x0
                  RenderBR {BR} at (0,16) size 0x16
                  RenderInline {A} at (0,0) size 153x16 [color=#0000EE]
                    RenderText {#text} at (0,32) size 153x16
                      text run at (0,32) width 153: "SQL Procedure Statement"
                  RenderText {#text} at (153,32) size 4x16
                    text run at (153,32) width 4: " "
                  RenderBR {BR} at (157,45) size 0x0
                  RenderInline {A} at (0,0) size 191x16 [color=#0000EE]
                    RenderText {#text} at (0,48) size 191x16
                      text run at (0,48) width 191: "ALLOCATE CURSOR Statement"
                  RenderText {#text} at (191,48) size 4x16
                    text run at (191,48) width 4: " "
                  RenderBR {BR} at (195,61) size 0x0
                  RenderInline {A} at (0,0) size 133x16 [color=#0000EE]
                    RenderText {#text} at (0,64) size 133x16
                      text run at (0,64) width 133: "Assignment Statement"
                  RenderText {#text} at (133,64) size 4x16
                    text run at (133,64) width 4: " "
                  RenderBR {BR} at (137,77) size 0x0
                  RenderInline {A} at (0,0) size 215x16 [color=#0000EE]
                    RenderText {#text} at (0,80) size 215x16
                      text run at (0,80) width 215: "ASSOCIATE LOCATORS Statement"
                  RenderText {#text} at (215,80) size 4x16
                    text run at (215,80) width 4: " "
                  RenderBR {BR} at (219,93) size 0x0
                  RenderInline {A} at (0,0) size 100x16 [color=#0000EE]
                    RenderText {#text} at (0,96) size 100x16
                      text run at (0,96) width 100: "CASE Statement"
                  RenderText {#text} at (100,96) size 4x16
                    text run at (100,96) width 4: " "
                  RenderBR {BR} at (104,109) size 0x0
                  RenderInline {A} at (0,0) size 126x16 [color=#0000EE]
                    RenderText {#text} at (0,112) size 126x16
                      text run at (0,112) width 126: "Compound Statement"
                  RenderText {#text} at (126,112) size 4x16
                    text run at (126,112) width 4: " "
                  RenderBR {BR} at (130,125) size 0x0
                  RenderInline {A} at (0,0) size 91x16 [color=#0000EE]
                    RenderText {#text} at (0,128) size 91x16
                      text run at (0,128) width 91: "FOR Statement"
                  RenderText {#text} at (91,128) size 4x16
                    text run at (91,128) width 4: " "
                  RenderBR {BR} at (95,141) size 0x0
                  RenderInline {A} at (0,0) size 185x16 [color=#0000EE]
                    RenderText {#text} at (0,144) size 185x16
                      text run at (0,144) width 185: "GET DIAGNOSTICS Statement"
                  RenderText {#text} at (185,144) size 4x16
                    text run at (185,144) width 4: " "
                  RenderBR {BR} at (189,157) size 0x0
                  RenderInline {A} at (0,0) size 102x16 [color=#0000EE]
                    RenderText {#text} at (0,160) size 102x16
                      text run at (0,160) width 102: "GOTO Statement"
                  RenderText {#text} at (102,160) size 4x16
                    text run at (102,160) width 4: " "
                  RenderBR {BR} at (106,173) size 0x0
                  RenderInline {A} at (0,0) size 76x16 [color=#0000EE]
                    RenderText {#text} at (0,176) size 76x16
                      text run at (0,176) width 76: "IF Statement"
                  RenderText {#text} at (76,176) size 4x16
                    text run at (76,176) width 4: " "
                  RenderBR {BR} at (80,189) size 0x0
                  RenderInline {A} at (0,0) size 120x16 [color=#0000EE]
                    RenderText {#text} at (0,192) size 120x16
                      text run at (0,192) width 120: "ITERATE Statement"
                  RenderText {#text} at (120,192) size 4x16
                    text run at (120,192) width 4: " "
                  RenderBR {BR} at (124,205) size 0x0
                  RenderInline {A} at (0,0) size 107x16 [color=#0000EE]
                    RenderText {#text} at (0,208) size 107x16
                      text run at (0,208) width 107: "LEAVE Statement"
                  RenderText {#text} at (107,208) size 4x16
                    text run at (107,208) width 4: " "
                  RenderBR {BR} at (111,221) size 0x0
                  RenderInline {A} at (0,0) size 100x16 [color=#0000EE]
                    RenderText {#text} at (0,224) size 100x16
                      text run at (0,224) width 100: "LOOP Statement"
                  RenderText {#text} at (100,224) size 4x16
                    text run at (100,224) width 4: " "
                  RenderBR {BR} at (104,237) size 0x0
                  RenderInline {A} at (0,0) size 117x16 [color=#0000EE]
                    RenderText {#text} at (0,240) size 117x16
                      text run at (0,240) width 117: "REPEAT Statement"
                  RenderText {#text} at (117,240) size 4x16
                    text run at (117,240) width 4: " "
                  RenderBR {BR} at (121,253) size 0x0
                  RenderInline {A} at (0,0) size 130x16 [color=#0000EE]
                    RenderText {#text} at (0,256) size 130x16
                      text run at (0,256) width 130: "RESIGNAL Statement"
                  RenderText {#text} at (130,256) size 4x16
                    text run at (130,256) width 4: " "
                  RenderBR {BR} at (134,269) size 0x0
                  RenderInline {A} at (0,0) size 117x16 [color=#0000EE]
                    RenderText {#text} at (0,272) size 117x16
                      text run at (0,272) width 117: "RETURN Statement"
                  RenderText {#text} at (117,272) size 4x16
                    text run at (117,272) width 4: " "
                  RenderBR {BR} at (121,285) size 0x0
                  RenderInline {A} at (0,0) size 112x16 [color=#0000EE]
                    RenderText {#text} at (0,288) size 112x16
                      text run at (0,288) width 112: "SIGNAL Statement"
                  RenderText {#text} at (112,288) size 4x16
                    text run at (112,288) width 4: " "
                  RenderBR {BR} at (116,301) size 0x0
                  RenderInline {A} at (0,0) size 105x16 [color=#0000EE]
                    RenderText {#text} at (0,304) size 105x16
                      text run at (0,304) width 105: "WHILE Statement"
                  RenderText {#text} at (0,0) size 0x0
                RenderBlock {P} at (0,8202) size 715x16
                  RenderInline {B} at (0,0) size 150x16
                    RenderInline {A} at (0,0) size 150x16 [color=#0000EE]
                      RenderText {#text} at (0,0) size 150x16
                        text run at (0,0) width 150: "Appendix A. SQL Limits"
                  RenderBR {BR} at (150,13) size 0x0
                RenderBlock {P} at (0,8231) size 715x96
                  RenderInline {B} at (0,0) size 274x16
                    RenderInline {A} at (0,0) size 274x16 [color=#0000EE]
                      RenderText {#text} at (0,0) size 274x16
                        text run at (0,0) width 274: "Appendix B. SQL Communications (SQLCA)"
                  RenderBR {BR} at (274,13) size 0x0
                  RenderBR {BR} at (0,16) size 0x16
                  RenderInline {A} at (0,0) size 190x16 [color=#0000EE]
                    RenderText {#text} at (0,32) size 190x16
                      text run at (0,32) width 190: "Viewing the SQLCA Interactively"
                  RenderText {#text} at (190,32) size 4x16
                    text run at (190,32) width 4: " "
                  RenderBR {BR} at (194,45) size 0x0
                  RenderInline {A} at (0,0) size 152x16 [color=#0000EE]
                    RenderText {#text} at (0,48) size 152x16
                      text run at (0,48) width 152: "SQLCA Field Descriptions"
                  RenderText {#text} at (152,48) size 4x16
                    text run at (152,48) width 4: " "
                  RenderBR {BR} at (156,61) size 0x0
                  RenderInline {A} at (0,0) size 138x16 [color=#0000EE]
                    RenderText {#text} at (0,64) size 138x16
                      text run at (0,64) width 138: "Order of Error Reporting"
                  RenderText {#text} at (138,64) size 4x16
                    text run at (138,64) width 4: " "
                  RenderBR {BR} at (142,77) size 0x0
                  RenderInline {A} at (0,0) size 325x16 [color=#0000EE]
                    RenderText {#text} at (0,80) size 325x16
                      text run at (0,80) width 325: "DB2 Enterprise - Extended Edition Usage of the SQLCA"
                  RenderText {#text} at (0,0) size 0x0
                RenderBlock {P} at (0,8340) size 715x176
                  RenderInline {B} at (0,0) size 264x16
                    RenderInline {A} at (0,0) size 264x16 [color=#0000EE]
                      RenderText {#text} at (0,0) size 264x16
                        text run at (0,0) width 264: "Appendix C. SQL Descriptor Area (SQLDA)"
                  RenderBR {BR} at (264,13) size 0x0
                  RenderBR {BR} at (0,16) size 0x16
                  RenderInline {A} at (0,0) size 104x16 [color=#0000EE]
                    RenderText {#text} at (0,32) size 104x16
                      text run at (0,32) width 104: "Field Descriptions"
                  RenderText {#text} at (104,32) size 4x16
                    text run at (104,32) width 4: " "
                  RenderBR {BR} at (108,45) size 0x0
                  RenderInline {A} at (0,0) size 164x16 [color=#0000EE]
                    RenderText {#text} at (0,48) size 164x16
                      text run at (0,48) width 164: "Fields in the SQLDA Header"
                  RenderText {#text} at (164,48) size 4x16
                    text run at (164,48) width 4: " "
                  RenderBR {BR} at (168,61) size 0x0
                  RenderInline {A} at (0,0) size 255x16 [color=#0000EE]
                    RenderText {#text} at (0,64) size 255x16
                      text run at (0,64) width 255: "Fields in an Occurrence of a Base SQLVAR"
                  RenderText {#text} at (255,64) size 4x16
                    text run at (255,64) width 4: " "
                  RenderBR {BR} at (259,77) size 0x0
                  RenderInline {A} at (0,0) size 287x16 [color=#0000EE]
                    RenderText {#text} at (0,80) size 287x16
                      text run at (0,80) width 287: "Fields in an Occurrence of a Secondary SQLVAR"
                  RenderText {#text} at (287,80) size 4x16
                    text run at (287,80) width 4: " "
                  RenderBR {BR} at (291,93) size 0x0
                  RenderInline {A} at (0,0) size 209x16 [color=#0000EE]
                    RenderText {#text} at (0,96) size 209x16
                      text run at (0,96) width 209: "Effect of DESCRIBE on the SQLDA"
                  RenderText {#text} at (209,96) size 4x16
                    text run at (209,96) width 4: " "
                  RenderBR {BR} at (213,109) size 0x0
                  RenderInline {A} at (0,0) size 141x16 [color=#0000EE]
                    RenderText {#text} at (0,112) size 141x16
                      text run at (0,112) width 141: "SQLTYPE and SQLLEN"
                  RenderText {#text} at (141,112) size 4x16
                    text run at (141,112) width 4: " "
                  RenderBR {BR} at (145,125) size 0x0
                  RenderInline {A} at (0,0) size 255x16 [color=#0000EE]
                    RenderText {#text} at (0,128) size 255x16
                      text run at (0,128) width 255: "Unrecognized and Unsupported SQLTYPES"
                  RenderText {#text} at (255,128) size 4x16
                    text run at (255,128) width 4: " "
                  RenderBR {BR} at (259,141) size 0x0
                  RenderInline {A} at (0,0) size 151x16 [color=#0000EE]
                    RenderText {#text} at (0,144) size 151x16
                      text run at (0,144) width 151: "Packed Decimal Numbers"
                  RenderText {#text} at (151,144) size 4x16
                    text run at (151,144) width 4: " "
                  RenderBR {BR} at (155,157) size 0x0
                  RenderInline {A} at (0,0) size 153x16 [color=#0000EE]
                    RenderText {#text} at (0,160) size 153x16
                      text run at (0,160) width 153: "SQLLEN Field for Decimal"
                  RenderText {#text} at (0,0) size 0x0
                RenderBlock {P} at (0,8529) size 715x1168
                  RenderInline {B} at (0,0) size 168x16
                    RenderInline {A} at (0,0) size 168x16 [color=#0000EE]
                      RenderText {#text} at (0,0) size 168x16
                        text run at (0,0) width 168: "Appendix D. Catalog Views"
                  RenderBR {BR} at (168,13) size 0x0
                  RenderBR {BR} at (0,16) size 0x16
                  RenderInline {A} at (0,0) size 145x16 [color=#0000EE]
                    RenderText {#text} at (0,32) size 145x16
                      text run at (0,32) width 145: "Updatable Catalog Views"
                  RenderText {#text} at (145,32) size 4x16
                    text run at (145,32) width 4: " "
                  RenderBR {BR} at (149,45) size 0x0
                  RenderInline {A} at (0,0) size 161x16 [color=#0000EE]
                    RenderText {#text} at (0,48) size 161x16
                      text run at (0,48) width 161: "'Roadmap' to Catalog Views"
                  RenderText {#text} at (161,48) size 4x16
                    text run at (161,48) width 4: " "
                  RenderBR {BR} at (165,61) size 0x0
                  RenderInline {A} at (0,0) size 223x16 [color=#0000EE]
                    RenderText {#text} at (0,64) size 223x16
                      text run at (0,64) width 223: "'Roadmap' to Updatable Catalog Views"
                  RenderText {#text} at (223,64) size 4x16
                    text run at (223,64) width 4: " "
                  RenderBR {BR} at (227,77) size 0x0
                  RenderInline {A} at (0,0) size 138x16 [color=#0000EE]
                    RenderText {#text} at (0,80) size 138x16
                      text run at (0,80) width 138: "SYSIBM.SYSDUMMY1"
                  RenderText {#text} at (138,80) size 4x16
                    text run at (138,80) width 4: " "
                  RenderBR {BR} at (142,93) size 0x0
                  RenderInline {A} at (0,0) size 139x16 [color=#0000EE]
                    RenderText {#text} at (0,96) size 139x16
                      text run at (0,96) width 139: "SYSCAT.ATTRIBUTES"
                  RenderText {#text} at (139,96) size 4x16
                    text run at (139,96) width 4: " "
                  RenderBR {BR} at (143,109) size 0x0
                  RenderInline {A} at (0,0) size 191x16 [color=#0000EE]
                    RenderText {#text} at (0,112) size 191x16
                      text run at (0,112) width 191: "SYSCAT.BUFFERPOOLNODES"
                  RenderText {#text} at (191,112) size 4x16
                    text run at (191,112) width 4: " "
                  RenderBR {BR} at (195,125) size 0x0
                  RenderInline {A} at (0,0) size 154x16 [color=#0000EE]
                    RenderText {#text} at (0,128) size 154x16
                      text run at (0,128) width 154: "SYSCAT.BUFFERPOOLS"
                  RenderText {#text} at (154,128) size 4x16
                    text run at (154,128) width 4: " "
                  RenderBR {BR} at (158,141) size 0x0
                  RenderInline {A} at (0,0) size 167x16 [color=#0000EE]
                    RenderText {#text} at (0,144) size 167x16
                      text run at (0,144) width 167: "SYSCAT.CASTFUNCTIONS"
                  RenderText {#text} at (167,144) size 4x16
                    text run at (167,144) width 4: " "
                  RenderBR {BR} at (171,157) size 0x0
                  RenderInline {A} at (0,0) size 111x16 [color=#0000EE]
                    RenderText {#text} at (0,160) size 111x16
                      text run at (0,160) width 111: "SYSCAT.CHECKS"
                  RenderText {#text} at (111,160) size 4x16
                    text run at (111,160) width 4: " "
                  RenderBR {BR} at (115,173) size 0x0
                  RenderInline {A} at (0,0) size 118x16 [color=#0000EE]
                    RenderText {#text} at (0,176) size 118x16
                      text run at (0,176) width 118: "SYSCAT.COLAUTH"
                  RenderText {#text} at (118,176) size 4x16
                    text run at (118,176) width 4: " "
                  RenderBR {BR} at (122,189) size 0x0
                  RenderInline {A} at (0,0) size 137x16 [color=#0000EE]
                    RenderText {#text} at (0,192) size 137x16
                      text run at (0,192) width 137: "SYSCAT.COLCHECKS"
                  RenderText {#text} at (137,192) size 4x16
                    text run at (137,192) width 4: " "
                  RenderBR {BR} at (141,205) size 0x0
                  RenderInline {A} at (0,0) size 113x16 [color=#0000EE]
                    RenderText {#text} at (0,208) size 113x16
                      text run at (0,208) width 113: "SYSCAT.COLDIST"
                  RenderText {#text} at (113,208) size 4x16
                    text run at (113,208) width 4: " "
                  RenderBR {BR} at (117,221) size 0x0
                  RenderInline {A} at (0,0) size 142x16 [color=#0000EE]
                    RenderText {#text} at (0,224) size 142x16
                      text run at (0,224) width 142: "SYSCAT.COLOPTIONS"
                  RenderText {#text} at (142,224) size 4x16
                    text run at (142,224) width 4: " "
                  RenderBR {BR} at (146,237) size 0x0
                  RenderInline {A} at (0,0) size 121x16 [color=#0000EE]
                    RenderText {#text} at (0,240) size 121x16
                      text run at (0,240) width 121: "SYSCAT.COLUMNS"
                  RenderText {#text} at (121,240) size 4x16
                    text run at (121,240) width 4: " "
                  RenderBR {BR} at (125,253) size 0x0
                  RenderInline {A} at (0,0) size 129x16 [color=#0000EE]
                    RenderText {#text} at (0,256) size 129x16
                      text run at (0,256) width 129: "SYSCAT.CONSTDEP"
                  RenderText {#text} at (129,256) size 4x16
                    text run at (129,256) width 4: " "
                  RenderBR {BR} at (133,269) size 0x0
                  RenderInline {A} at (0,0) size 136x16 [color=#0000EE]
                    RenderText {#text} at (0,272) size 136x16
                      text run at (0,272) width 136: "SYSCAT.DATATYPES"
                  RenderText {#text} at (136,272) size 4x16
                    text run at (136,272) width 4: " "
                  RenderBR {BR} at (140,285) size 0x0
                  RenderInline {A} at (0,0) size 110x16 [color=#0000EE]
                    RenderText {#text} at (0,288) size 110x16
                      text run at (0,288) width 110: "SYSCAT.DBAUTH"
                  RenderText {#text} at (110,288) size 4x16
                    text run at (110,288) width 4: " "
                  RenderBR {BR} at (114,301) size 0x0
                  RenderInline {A} at (0,0) size 171x16 [color=#0000EE]
                    RenderText {#text} at (0,304) size 171x16
                      text run at (0,304) width 171: "SYSCAT.EVENTMONITORS"
                  RenderText {#text} at (171,304) size 4x16
                    text run at (171,304) width 4: " "
                  RenderBR {BR} at (175,317) size 0x0
                  RenderInline {A} at (0,0) size 110x16 [color=#0000EE]
                    RenderText {#text} at (0,320) size 110x16
                      text run at (0,320) width 110: "SYSCAT.EVENTS"
                  RenderText {#text} at (110,320) size 4x16
                    text run at (110,320) width 4: " "
                  RenderBR {BR} at (114,333) size 0x0
                  RenderInline {A} at (0,0) size 177x16 [color=#0000EE]
                    RenderText {#text} at (0,336) size 177x16
                      text run at (0,336) width 177: "SYSCAT.FULLHIERARCHIES"
                  RenderText {#text} at (177,336) size 4x16
                    text run at (177,336) width 4: " "
                  RenderBR {BR} at (181,349) size 0x0
                  RenderInline {A} at (0,0) size 119x16 [color=#0000EE]
                    RenderText {#text} at (0,352) size 119x16
                      text run at (0,352) width 119: "SYSCAT.FUNCDEP"
                  RenderText {#text} at (119,352) size 4x16
                    text run at (119,352) width 4: " "
                  RenderBR {BR} at (123,365) size 0x0
                  RenderInline {A} at (0,0) size 180x16 [color=#0000EE]
                    RenderText {#text} at (0,368) size 180x16
                      text run at (0,368) width 180: "SYSCAT.FUNCMAPOPTIONS"
                  RenderText {#text} at (180,368) size 4x16
                    text run at (180,368) width 4: " "
                  RenderBR {BR} at (184,381) size 0x0
                  RenderInline {A} at (0,0) size 218x16 [color=#0000EE]
                    RenderText {#text} at (0,384) size 218x16
                      text run at (0,384) width 218: "SYSCAT.FUNCMAPPARMOPTIONS"
                  RenderText {#text} at (218,384) size 4x16
                    text run at (218,384) width 4: " "
                  RenderBR {BR} at (222,397) size 0x0
                  RenderInline {A} at (0,0) size 162x16 [color=#0000EE]
                    RenderText {#text} at (0,400) size 162x16
                      text run at (0,400) width 162: "SYSCAT.FUNCMAPPINGS"
                  RenderText {#text} at (162,400) size 4x16
                    text run at (162,400) width 4: " "
                  RenderBR {BR} at (166,413) size 0x0
                  RenderInline {A} at (0,0) size 139x16 [color=#0000EE]
                    RenderText {#text} at (0,416) size 139x16
                      text run at (0,416) width 139: "SYSCAT.FUNCPARMS"
                  RenderText {#text} at (139,416) size 4x16
                    text run at (139,416) width 4: " "
                  RenderBR {BR} at (143,429) size 0x0
                  RenderInline {A} at (0,0) size 132x16 [color=#0000EE]
                    RenderText {#text} at (0,432) size 132x16
                      text run at (0,432) width 132: "SYSCAT.FUNCTIONS"
                  RenderText {#text} at (132,432) size 4x16
                    text run at (132,432) width 4: " "
                  RenderBR {BR} at (136,445) size 0x0
                  RenderInline {A} at (0,0) size 146x16 [color=#0000EE]
                    RenderText {#text} at (0,448) size 146x16
                      text run at (0,448) width 146: "SYSCAT.HIERARCHIES"
                  RenderText {#text} at (146,448) size 4x16
                    text run at (146,448) width 4: " "
                  RenderBR {BR} at (150,461) size 0x0
                  RenderInline {A} at (0,0) size 132x16 [color=#0000EE]
                    RenderText {#text} at (0,464) size 132x16
                      text run at (0,464) width 132: "SYSCAT.INDEXAUTH"
                  RenderText {#text} at (132,464) size 4x16
                    text run at (132,464) width 4: " "
                  RenderBR {BR} at (136,477) size 0x0
                  RenderInline {A} at (0,0) size 150x16 [color=#0000EE]
                    RenderText {#text} at (0,480) size 150x16
                      text run at (0,480) width 150: "SYSCAT.INDEXCOLUSE"
                  RenderText {#text} at (150,480) size 4x16
                    text run at (150,480) width 4: " "
                  RenderBR {BR} at (154,493) size 0x0
                  RenderInline {A} at (0,0) size 124x16 [color=#0000EE]
                    RenderText {#text} at (0,496) size 124x16
                      text run at (0,496) width 124: "SYSCAT.INDEXDEP"
                  RenderText {#text} at (124,496) size 4x16
                    text run at (124,496) width 4: " "
                  RenderBR {BR} at (128,509) size 0x0
                  RenderInline {A} at (0,0) size 115x16 [color=#0000EE]
                    RenderText {#text} at (0,512) size 115x16
                      text run at (0,512) width 115: "SYSCAT.INDEXES"
                  RenderText {#text} at (115,512) size 4x16
                    text run at (115,512) width 4: " "
                  RenderBR {BR} at (119,525) size 0x0
                  RenderInline {A} at (0,0) size 156x16 [color=#0000EE]
                    RenderText {#text} at (0,528) size 156x16
                      text run at (0,528) width 156: "SYSCAT.INDEXOPTIONS"
                  RenderText {#text} at (156,528) size 4x16
                    text run at (156,528) width 4: " "
                  RenderBR {BR} at (160,541) size 0x0
                  RenderInline {A} at (0,0) size 137x16 [color=#0000EE]
                    RenderText {#text} at (0,544) size 137x16
                      text run at (0,544) width 137: "SYSCAT.KEYCOLUSE"
                  RenderText {#text} at (137,544) size 4x16
                    text run at (137,544) width 4: " "
                  RenderBR {BR} at (141,557) size 0x0
                  RenderInline {A} at (0,0) size 165x16 [color=#0000EE]
                    RenderText {#text} at (0,560) size 165x16
                      text run at (0,560) width 165: "SYSCAT.NAMEMAPPINGS"
                  RenderText {#text} at (165,560) size 4x16
                    text run at (165,560) width 4: " "
                  RenderBR {BR} at (169,573) size 0x0
                  RenderInline {A} at (0,0) size 167x16 [color=#0000EE]
                    RenderText {#text} at (0,576) size 167x16
                      text run at (0,576) width 167: "SYSCAT.NODEGROUPDEF"
                  RenderText {#text} at (167,576) size 4x16
                    text run at (167,576) width 4: " "
                  RenderBR {BR} at (171,589) size 0x0
                  RenderInline {A} at (0,0) size 150x16 [color=#0000EE]
                    RenderText {#text} at (0,592) size 150x16
                      text run at (0,592) width 150: "SYSCAT.NODEGROUPS"
                  RenderText {#text} at (150,592) size 4x16
                    text run at (150,592) width 4: " "
                  RenderBR {BR} at (154,605) size 0x0
                  RenderInline {A} at (0,0) size 156x16 [color=#0000EE]
                    RenderText {#text} at (0,608) size 156x16
                      text run at (0,608) width 156: "SYSCAT.PACKAGEAUTH"
                  RenderText {#text} at (156,608) size 4x16
                    text run at (156,608) width 4: " "
                  RenderBR {BR} at (160,621) size 0x0
                  RenderInline {A} at (0,0) size 148x16 [color=#0000EE]
                    RenderText {#text} at (0,624) size 148x16
                      text run at (0,624) width 148: "SYSCAT.PACKAGEDEP"
                  RenderText {#text} at (148,624) size 4x16
                    text run at (148,624) width 4: " "
                  RenderBR {BR} at (152,637) size 0x0
                  RenderInline {A} at (0,0) size 130x16 [color=#0000EE]
                    RenderText {#text} at (0,640) size 130x16
                      text run at (0,640) width 130: "SYSCAT.PACKAGES"
                  RenderText {#text} at (130,640) size 4x16
                    text run at (130,640) width 4: " "
                  RenderBR {BR} at (134,653) size 0x0
                  RenderInline {A} at (0,0) size 165x16 [color=#0000EE]
                    RenderText {#text} at (0,656) size 165x16
                      text run at (0,656) width 165: "SYSCAT.PARTITIONMAPS"
                  RenderText {#text} at (165,656) size 4x16
                    text run at (165,656) width 4: " "
                  RenderBR {BR} at (169,669) size 0x0
                  RenderInline {A} at (0,0) size 163x16 [color=#0000EE]
                    RenderText {#text} at (0,672) size 163x16
                      text run at (0,672) width 163: "SYSCAT.PASSTHRUAUTH"
                  RenderText {#text} at (163,672) size 4x16
                    text run at (163,672) width 4: " "
                  RenderBR {BR} at (167,685) size 0x0
                  RenderInline {A} at (0,0) size 148x16 [color=#0000EE]
                    RenderText {#text} at (0,688) size 148x16
                      text run at (0,688) width 148: "SYSCAT.PROCEDURES"
                  RenderText {#text} at (148,688) size 4x16
                    text run at (148,688) width 4: " "
                  RenderBR {BR} at (152,701) size 0x0
                  RenderInline {A} at (0,0) size 153x16 [color=#0000EE]
                    RenderText {#text} at (0,704) size 153x16
                      text run at (0,704) width 153: "SYSCAT.PROCOPTIONS"
                  RenderText {#text} at (153,704) size 4x16
                    text run at (153,704) width 4: " "
                  RenderBR {BR} at (157,717) size 0x0
                  RenderInline {A} at (0,0) size 191x16 [color=#0000EE]
                    RenderText {#text} at (0,720) size 191x16
                      text run at (0,720) width 191: "SYSCAT.PROCPARMOPTIONS"
                  RenderText {#text} at (191,720) size 4x16
                    text run at (191,720) width 4: " "
                  RenderBR {BR} at (195,733) size 0x0
                  RenderInline {A} at (0,0) size 141x16 [color=#0000EE]
                    RenderText {#text} at (0,736) size 141x16
                      text run at (0,736) width 141: "SYSCAT.PROCPARMS"
                  RenderText {#text} at (141,736) size 4x16
                    text run at (141,736) width 4: " "
                  RenderBR {BR} at (145,749) size 0x0
                  RenderInline {A} at (0,0) size 146x16 [color=#0000EE]
                    RenderText {#text} at (0,752) size 146x16
                      text run at (0,752) width 146: "SYSCAT.REFERENCES"
                  RenderText {#text} at (146,752) size 4x16
                    text run at (146,752) width 4: " "
                  RenderBR {BR} at (150,765) size 0x0
                  RenderInline {A} at (0,0) size 189x16 [color=#0000EE]
                    RenderText {#text} at (0,768) size 189x16
                      text run at (0,768) width 189: "SYSCAT.REVTYPEMAPPINGS"
                  RenderText {#text} at (189,768) size 4x16
                    text run at (189,768) width 4: " "
                  RenderBR {BR} at (193,781) size 0x0
                  RenderInline {A} at (0,0) size 148x16 [color=#0000EE]
                    RenderText {#text} at (0,784) size 148x16
                      text run at (0,784) width 148: "SYSCAT.SCHEMAAUTH"
                  RenderText {#text} at (148,784) size 4x16
                    text run at (148,784) width 4: " "
                  RenderBR {BR} at (152,797) size 0x0
                  RenderInline {A} at (0,0) size 130x16 [color=#0000EE]
                    RenderText {#text} at (0,800) size 130x16
                      text run at (0,800) width 130: "SYSCAT.SCHEMATA"
                  RenderText {#text} at (130,800) size 4x16
                    text run at (130,800) width 4: " "
                  RenderBR {BR} at (134,813) size 0x0
                  RenderInline {A} at (0,0) size 170x16 [color=#0000EE]
                    RenderText {#text} at (0,816) size 170x16
                      text run at (0,816) width 170: "SYSCAT.SERVEROPTIONS"
                  RenderText {#text} at (170,816) size 4x16
                    text run at (170,816) width 4: " "
                  RenderBR {BR} at (174,829) size 0x0
                  RenderInline {A} at (0,0) size 120x16 [color=#0000EE]
                    RenderText {#text} at (0,832) size 120x16
                      text run at (0,832) width 120: "SYSCAT.SERVERS"
                  RenderText {#text} at (120,832) size 4x16
                    text run at (120,832) width 4: " "
                  RenderBR {BR} at (124,845) size 0x0
                  RenderInline {A} at (0,0) size 146x16 [color=#0000EE]
                    RenderText {#text} at (0,848) size 146x16
                      text run at (0,848) width 146: "SYSCAT.STATEMENTS"
                  RenderText {#text} at (146,848) size 4x16
                    text run at (146,848) width 4: " "
                  RenderBR {BR} at (150,861) size 0x0
                  RenderInline {A} at (0,0) size 118x16 [color=#0000EE]
                    RenderText {#text} at (0,864) size 118x16
                      text run at (0,864) width 118: "SYSCAT.TABAUTH"
                  RenderText {#text} at (118,864) size 4x16
                    text run at (118,864) width 4: " "
                  RenderBR {BR} at (122,877) size 0x0
                  RenderInline {A} at (0,0) size 128x16 [color=#0000EE]
                    RenderText {#text} at (0,880) size 128x16
                      text run at (0,880) width 128: "SYSCAT.TABCONST"
                  RenderText {#text} at (128,880) size 4x16
                    text run at (128,880) width 4: " "
                  RenderBR {BR} at (132,893) size 0x0
                  RenderInline {A} at (0,0) size 108x16 [color=#0000EE]
                    RenderText {#text} at (0,896) size 108x16
                      text run at (0,896) width 108: "SYSCAT.TABLES"
                  RenderText {#text} at (108,896) size 4x16
                    text run at (108,896) width 4: " "
                  RenderBR {BR} at (112,909) size 0x0
                  RenderInline {A} at (0,0) size 153x16 [color=#0000EE]
                    RenderText {#text} at (0,912) size 153x16
                      text run at (0,912) width 153: "SYSCAT.TABLESPACES"
                  RenderText {#text} at (153,912) size 4x16
                    text run at (153,912) width 4: " "
                  RenderBR {BR} at (157,925) size 0x0
                  RenderInline {A} at (0,0) size 142x16 [color=#0000EE]
                    RenderText {#text} at (0,928) size 142x16
                      text run at (0,928) width 142: "SYSCAT.TABOPTIONS"
                  RenderText {#text} at (142,928) size 4x16
                    text run at (142,928) width 4: " "
                  RenderBR {BR} at (146,941) size 0x0
                  RenderInline {A} at (0,0) size 154x16 [color=#0000EE]
                    RenderText {#text} at (0,944) size 154x16
                      text run at (0,944) width 154: "SYSCAT.TBSPACEAUTH"
                  RenderText {#text} at (154,944) size 4x16
                    text run at (154,944) width 4: " "
                  RenderBR {BR} at (158,957) size 0x0
                  RenderInline {A} at (0,0) size 115x16 [color=#0000EE]
                    RenderText {#text} at (0,960) size 115x16
                      text run at (0,960) width 115: "SYSCAT.TRIGDEP"
                  RenderText {#text} at (115,960) size 4x16
                    text run at (115,960) width 4: " "
                  RenderBR {BR} at (119,973) size 0x0
                  RenderInline {A} at (0,0) size 125x16 [color=#0000EE]
                    RenderText {#text} at (0,976) size 125x16
                      text run at (0,976) width 125: "SYSCAT.TRIGGERS"
                  RenderText {#text} at (125,976) size 4x16
                    text run at (125,976) width 4: " "
                  RenderBR {BR} at (129,989) size 0x0
                  RenderInline {A} at (0,0) size 162x16 [color=#0000EE]
                    RenderText {#text} at (0,992) size 162x16
                      text run at (0,992) width 162: "SYSCAT.TYPEMAPPINGS"
                  RenderText {#text} at (162,992) size 4x16
                    text run at (162,992) width 4: " "
                  RenderBR {BR} at (166,1005) size 0x0
                  RenderInline {A} at (0,0) size 152x16 [color=#0000EE]
                    RenderText {#text} at (0,1008) size 152x16
                      text run at (0,1008) width 152: "SYSCAT.USEROPTIONS"
                  RenderText {#text} at (152,1008) size 4x16
                    text run at (152,1008) width 4: " "
                  RenderBR {BR} at (156,1021) size 0x0
                  RenderInline {A} at (0,0) size 118x16 [color=#0000EE]
                    RenderText {#text} at (0,1024) size 118x16
                      text run at (0,1024) width 118: "SYSCAT.VIEWDEP"
                  RenderText {#text} at (118,1024) size 4x16
                    text run at (118,1024) width 4: " "
                  RenderBR {BR} at (122,1037) size 0x0
                  RenderInline {A} at (0,0) size 100x16 [color=#0000EE]
                    RenderText {#text} at (0,1040) size 100x16
                      text run at (0,1040) width 100: "SYSCAT.VIEWS"
                  RenderText {#text} at (100,1040) size 4x16
                    text run at (100,1040) width 4: " "
                  RenderBR {BR} at (104,1053) size 0x0
                  RenderInline {A} at (0,0) size 155x16 [color=#0000EE]
                    RenderText {#text} at (0,1056) size 155x16
                      text run at (0,1056) width 155: "SYSCAT.WRAPOPTIONS"
                  RenderText {#text} at (155,1056) size 4x16
                    text run at (155,1056) width 4: " "
                  RenderBR {BR} at (159,1069) size 0x0
                  RenderInline {A} at (0,0) size 132x16 [color=#0000EE]
                    RenderText {#text} at (0,1072) size 132x16
                      text run at (0,1072) width 132: "SYSCAT.WRAPPERS"
                  RenderText {#text} at (132,1072) size 4x16
                    text run at (132,1072) width 4: " "
                  RenderBR {BR} at (136,1085) size 0x0
                  RenderInline {A} at (0,0) size 121x16 [color=#0000EE]
                    RenderText {#text} at (0,1088) size 121x16
                      text run at (0,1088) width 121: "SYSSTAT.COLDIST"
                  RenderText {#text} at (121,1088) size 4x16
                    text run at (121,1088) width 4: " "
                  RenderBR {BR} at (125,1101) size 0x0
                  RenderInline {A} at (0,0) size 129x16 [color=#0000EE]
                    RenderText {#text} at (0,1104) size 129x16
                      text run at (0,1104) width 129: "SYSSTAT.COLUMNS"
                  RenderText {#text} at (129,1104) size 4x16
                    text run at (129,1104) width 4: " "
                  RenderBR {BR} at (133,1117) size 0x0
                  RenderInline {A} at (0,0) size 140x16 [color=#0000EE]
                    RenderText {#text} at (0,1120) size 140x16
                      text run at (0,1120) width 140: "SYSSTAT.FUNCTIONS"
                  RenderText {#text} at (140,1120) size 4x16
                    text run at (140,1120) width 4: " "
                  RenderBR {BR} at (144,1133) size 0x0
                  RenderInline {A} at (0,0) size 123x16 [color=#0000EE]
                    RenderText {#text} at (0,1136) size 123x16
                      text run at (0,1136) width 123: "SYSSTAT.INDEXES"
                  RenderText {#text} at (123,1136) size 4x16
                    text run at (123,1136) width 4: " "
                  RenderBR {BR} at (127,1149) size 0x0
                  RenderInline {A} at (0,0) size 116x16 [color=#0000EE]
                    RenderText {#text} at (0,1152) size 116x16
                      text run at (0,1152) width 116: "SYSSTAT.TABLES"
                  RenderText {#text} at (0,0) size 0x0
                RenderBlock {P} at (0,9710) size 715x176
                  RenderInline {B} at (0,0) size 362x16
                    RenderInline {A} at (0,0) size 362x16 [color=#0000EE]
                      RenderText {#text} at (0,0) size 362x16
                        text run at (0,0) width 362: "Appendix E. Catalog Views For Use With Structured Types"
                  RenderBR {BR} at (362,13) size 0x0
                  RenderBR {BR} at (0,16) size 0x16
                  RenderInline {A} at (0,0) size 161x16 [color=#0000EE]
                    RenderText {#text} at (0,32) size 161x16
                      text run at (0,32) width 161: "'Roadmap' to Catalog Views"
                  RenderText {#text} at (161,32) size 4x16
                    text run at (161,32) width 4: " "
                  RenderBR {BR} at (165,45) size 0x0
                  RenderInline {A} at (0,0) size 114x16 [color=#0000EE]
                    RenderText {#text} at (0,48) size 114x16
                      text run at (0,48) width 114: "OBJCAT.INDEXES"
                  RenderText {#text} at (114,48) size 4x16
                    text run at (114,48) width 4: " "
                  RenderBR {BR} at (118,61) size 0x0
                  RenderInline {A} at (0,0) size 195x16 [color=#0000EE]
                    RenderText {#text} at (0,64) size 195x16
                      text run at (0,64) width 195: "OBJCAT.INDEXEXPLOITRULES"
                  RenderText {#text} at (195,64) size 4x16
                    text run at (195,64) width 4: " "
                  RenderBR {BR} at (199,77) size 0x0
                  RenderInline {A} at (0,0) size 199x16 [color=#0000EE]
                    RenderText {#text} at (0,80) size 199x16
                      text run at (0,80) width 199: "OBJCAT.INDEXEXTENSIONDEP"
                  RenderText {#text} at (199,80) size 4x16
                    text run at (199,80) width 4: " "
                  RenderBR {BR} at (203,93) size 0x0
                  RenderInline {A} at (0,0) size 237x16 [color=#0000EE]
                    RenderText {#text} at (0,96) size 237x16
                      text run at (0,96) width 237: "OBJCAT.INDEXEXTENSIONMETHODS"
                  RenderText {#text} at (237,96) size 4x16
                    text run at (237,96) width 4: " "
                  RenderBR {BR} at (241,109) size 0x0
                  RenderInline {A} at (0,0) size 219x16 [color=#0000EE]
                    RenderText {#text} at (0,112) size 219x16
                      text run at (0,112) width 219: "OBJCAT.INDEXEXTENSIONPARMS"
                  RenderText {#text} at (219,112) size 4x16
                    text run at (219,112) width 4: " "
                  RenderBR {BR} at (223,125) size 0x0
                  RenderInline {A} at (0,0) size 181x16 [color=#0000EE]
                    RenderText {#text} at (0,128) size 181x16
                      text run at (0,128) width 181: "OBJCAT.INDEXEXTENSIONS"
                  RenderText {#text} at (181,128) size 4x16
                    text run at (181,128) width 4: " "
                  RenderBR {BR} at (185,141) size 0x0
                  RenderInline {A} at (0,0) size 176x16 [color=#0000EE]
                    RenderText {#text} at (0,144) size 176x16
                      text run at (0,144) width 176: "OBJCAT.PREDICATESPECS"
                  RenderText {#text} at (176,144) size 4x16
                    text run at (176,144) width 4: " "
                  RenderBR {BR} at (180,157) size 0x0
                  RenderInline {A} at (0,0) size 147x16 [color=#0000EE]
                    RenderText {#text} at (0,160) size 147x16
                      text run at (0,160) width 147: "OBJCAT.TRANSFORMS"
                  RenderText {#text} at (0,0) size 0x0
                RenderBlock {P} at (0,9899) size 715x256
                  RenderInline {B} at (0,0) size 197x16
                    RenderInline {A} at (0,0) size 197x16 [color=#0000EE]
                      RenderText {#text} at (0,0) size 197x16
                        text run at (0,0) width 197: "Appendix F. Federated Systems"
                  RenderBR {BR} at (197,13) size 0x0
                  RenderBR {BR} at (0,16) size 0x16
                  RenderInline {A} at (0,0) size 78x16 [color=#0000EE]
                    RenderText {#text} at (0,32) size 78x16
                      text run at (0,32) width 78: "Server Types"
                  RenderText {#text} at (78,32) size 4x16
                    text run at (78,32) width 4: " "
                  RenderBR {BR} at (82,45) size 0x0
                  RenderInline {A} at (0,0) size 212x16 [color=#0000EE]
                    RenderText {#text} at (0,48) size 212x16
                      text run at (0,48) width 212: "SQL Options for Federated Systems"
                  RenderText {#text} at (212,48) size 4x16
                    text run at (212,48) width 4: " "
                  RenderBR {BR} at (216,61) size 0x0
                  RenderInline {A} at (0,0) size 93x16 [color=#0000EE]
                    RenderText {#text} at (0,64) size 93x16
                      text run at (0,64) width 93: "Column Options"
                  RenderText {#text} at (93,64) size 4x16
                    text run at (93,64) width 4: " "
                  RenderBR {BR} at (97,77) size 0x0
                  RenderInline {A} at (0,0) size 152x16 [color=#0000EE]
                    RenderText {#text} at (0,80) size 152x16
                      text run at (0,80) width 152: "Function Mapping Options"
                  RenderText {#text} at (152,80) size 4x16
                    text run at (152,80) width 4: " "
                  RenderBR {BR} at (156,93) size 0x0
                  RenderInline {A} at (0,0) size 87x16 [color=#0000EE]
                    RenderText {#text} at (0,96) size 87x16
                      text run at (0,96) width 87: "Server Options"
                  RenderText {#text} at (87,96) size 4x16
                    text run at (87,96) width 4: " "
                  RenderBR {BR} at (91,109) size 0x0
                  RenderInline {A} at (0,0) size 76x16 [color=#0000EE]
                    RenderText {#text} at (0,112) size 76x16
                      text run at (0,112) width 76: "User Options"
                  RenderText {#text} at (76,112) size 4x16
                    text run at (76,112) width 4: " "
                  RenderBR {BR} at (80,125) size 0x0
                  RenderInline {A} at (0,0) size 165x16 [color=#0000EE]
                    RenderText {#text} at (0,128) size 165x16
                      text run at (0,128) width 165: "Default Data Type Mappings"
                  RenderText {#text} at (165,128) size 4x16
                    text run at (165,128) width 4: " "
                  RenderBR {BR} at (169,141) size 0x0
                  RenderInline {A} at (0,0) size 681x16 [color=#0000EE]
                    RenderText {#text} at (0,144) size 681x16
                      text run at (0,144) width 681: "Default Type Mappings between DB2 and DB2 Universal Database for OS/390 (and DB2 for MVS/ESA) Data Sources"
                  RenderText {#text} at (681,144) size 4x16
                    text run at (681,144) width 4: " "
                  RenderBR {BR} at (685,157) size 0x0
                  RenderInline {A} at (0,0) size 646x16 [color=#0000EE]
                    RenderText {#text} at (0,160) size 646x16
                      text run at (0,160) width 646: "Default Type Mappings between DB2 and 2 Universal Database for AS/400 (and DB2 for OS/400) Data Sources"
                  RenderText {#text} at (646,160) size 4x16
                    text run at (646,160) width 4: " "
                  RenderBR {BR} at (650,173) size 0x0
                  RenderInline {A} at (0,0) size 365x16 [color=#0000EE]
                    RenderText {#text} at (0,176) size 365x16
                      text run at (0,176) width 365: "Default Type Mappings between DB2 and Oracle Data Sources"
                  RenderText {#text} at (365,176) size 4x16
                    text run at (365,176) width 4: " "
                  RenderBR {BR} at (369,189) size 0x0
                  RenderInline {A} at (0,0) size 536x16 [color=#0000EE]
                    RenderText {#text} at (0,192) size 536x16
                      text run at (0,192) width 536: "Default Type Mappings between DB2 and DB2 for VM and VSE (and SQL/DS) Data Sources"
                  RenderText {#text} at (536,192) size 4x16
                    text run at (536,192) width 4: " "
                  RenderBR {BR} at (540,205) size 0x0
                  RenderInline {A} at (0,0) size 196x16 [color=#0000EE]
                    RenderText {#text} at (0,208) size 196x16
                      text run at (0,208) width 196: "Pass-Through Facility Processing"
                  RenderText {#text} at (196,208) size 4x16
                    text run at (196,208) width 4: " "
                  RenderBR {BR} at (200,221) size 0x0
                  RenderInline {A} at (0,0) size 252x16 [color=#0000EE]
                    RenderText {#text} at (0,224) size 252x16
                      text run at (0,224) width 252: "SQL Processing in Pass-Through Sessions"
                  RenderText {#text} at (252,224) size 4x16
                    text run at (252,224) width 4: " "
                  RenderBR {BR} at (256,237) size 0x0
                  RenderInline {A} at (0,0) size 184x16 [color=#0000EE]
                    RenderText {#text} at (0,240) size 184x16
                      text run at (0,240) width 184: "Considerations and Restrictions"
                  RenderText {#text} at (0,0) size 0x0
                RenderBlock {P} at (0,10168) size 715x416
                  RenderInline {B} at (0,0) size 233x16
                    RenderInline {A} at (0,0) size 233x16 [color=#0000EE]
                      RenderText {#text} at (0,0) size 233x16
                        text run at (0,0) width 233: "Appendix G. Sample Database Tables"
                  RenderBR {BR} at (233,13) size 0x0
                  RenderBR {BR} at (0,16) size 0x16
                  RenderInline {A} at (0,0) size 129x16 [color=#0000EE]
                    RenderText {#text} at (0,32) size 129x16
                      text run at (0,32) width 129: "The Sample Database"
                  RenderText {#text} at (129,32) size 4x16
                    text run at (129,32) width 4: " "
                  RenderBR {BR} at (133,45) size 0x0
                  RenderInline {A} at (0,0) size 186x16 [color=#0000EE]
                    RenderText {#text} at (0,48) size 186x16
                      text run at (0,48) width 186: "To Create the Sample Database"
                  RenderText {#text} at (186,48) size 4x16
                    text run at (186,48) width 4: " "
                  RenderBR {BR} at (190,61) size 0x0
                  RenderInline {A} at (0,0) size 182x16 [color=#0000EE]
                    RenderText {#text} at (0,64) size 182x16
                      text run at (0,64) width 182: "To Erase the Sample Database"
                  RenderText {#text} at (182,64) size 4x16
                    text run at (182,64) width 4: " "
                  RenderBR {BR} at (186,77) size 0x0
                  RenderInline {A} at (0,0) size 104x16 [color=#0000EE]
                    RenderText {#text} at (0,80) size 104x16
                      text run at (0,80) width 104: "CL_SCHED Table"
                  RenderText {#text} at (104,80) size 4x16
                    text run at (104,80) width 4: " "
                  RenderBR {BR} at (108,93) size 0x0
                  RenderInline {A} at (0,0) size 126x16 [color=#0000EE]
                    RenderText {#text} at (0,96) size 126x16
                      text run at (0,96) width 126: "DEPARTMENT Table"
                  RenderText {#text} at (126,96) size 4x16
                    text run at (126,96) width 4: " "
                  RenderBR {BR} at (130,109) size 0x0
                  RenderInline {A} at (0,0) size 109x16 [color=#0000EE]
                    RenderText {#text} at (0,112) size 109x16
                      text run at (0,112) width 109: "EMPLOYEE Table"
                  RenderText {#text} at (109,112) size 4x16
                    text run at (109,112) width 4: " "
                  RenderBR {BR} at (113,125) size 0x0
                  RenderInline {A} at (0,0) size 98x16 [color=#0000EE]
                    RenderText {#text} at (0,128) size 98x16
                      text run at (0,128) width 98: "EMP_ACT Table"
                  RenderText {#text} at (98,128) size 4x16
                    text run at (98,128) width 4: " "
                  RenderBR {BR} at (102,141) size 0x0
                  RenderInline {A} at (0,0) size 118x16 [color=#0000EE]
                    RenderText {#text} at (0,144) size 118x16
                      text run at (0,144) width 118: "EMP_PHOTO Table"
                  RenderText {#text} at (118,144) size 4x16
                    text run at (118,144) width 4: " "
                  RenderBR {BR} at (122,157) size 0x0
                  RenderInline {A} at (0,0) size 128x16 [color=#0000EE]
                    RenderText {#text} at (0,160) size 128x16
                      text run at (0,160) width 128: "EMP_RESUME Table"
                  RenderText {#text} at (128,160) size 4x16
                    text run at (128,160) width 4: " "
                  RenderBR {BR} at (132,173) size 0x0
                  RenderInline {A} at (0,0) size 91x16 [color=#0000EE]
                    RenderText {#text} at (0,176) size 91x16
                      text run at (0,176) width 91: "IN_TRAY Table"
                  RenderText {#text} at (91,176) size 4x16
                    text run at (91,176) width 4: " "
                  RenderBR {BR} at (95,189) size 0x0
                  RenderInline {A} at (0,0) size 65x16 [color=#0000EE]
                    RenderText {#text} at (0,192) size 65x16
                      text run at (0,192) width 65: "ORG Table"
                  RenderText {#text} at (65,192) size 4x16
                    text run at (65,192) width 4: " "
                  RenderBR {BR} at (69,205) size 0x0
                  RenderInline {A} at (0,0) size 97x16 [color=#0000EE]
                    RenderText {#text} at (0,208) size 97x16
                      text run at (0,208) width 97: "PROJECT Table"
                  RenderText {#text} at (97,208) size 4x16
                    text run at (97,208) width 4: " "
                  RenderBR {BR} at (101,221) size 0x0
                  RenderInline {A} at (0,0) size 79x16 [color=#0000EE]
                    RenderText {#text} at (0,224) size 79x16
                      text run at (0,224) width 79: "SALES Table"
                  RenderText {#text} at (79,224) size 4x16
                    text run at (79,224) width 4: " "
                  RenderBR {BR} at (83,237) size 0x0
                  RenderInline {A} at (0,0) size 78x16 [color=#0000EE]
                    RenderText {#text} at (0,240) size 78x16
                      text run at (0,240) width 78: "STAFF Table"
                  RenderText {#text} at (78,240) size 4x16
                    text run at (78,240) width 4: " "
                  RenderBR {BR} at (82,253) size 0x0
                  RenderInline {A} at (0,0) size 88x16 [color=#0000EE]
                    RenderText {#text} at (0,256) size 88x16
                      text run at (0,256) width 88: "STAFFG Table"
                  RenderText {#text} at (88,256) size 4x16
                    text run at (88,256) width 4: " "
                  RenderBR {BR} at (92,269) size 0x0
                  RenderInline {A} at (0,0) size 270x16 [color=#0000EE]
                    RenderText {#text} at (0,272) size 270x16
                      text run at (0,272) width 270: "Sample Files with BLOB and CLOB Data Type"
                  RenderText {#text} at (270,272) size 4x16
                    text run at (270,272) width 4: " "
                  RenderBR {BR} at (274,285) size 0x0
                  RenderInline {A} at (0,0) size 90x16 [color=#0000EE]
                    RenderText {#text} at (0,288) size 90x16
                      text run at (0,288) width 90: "Quintana Photo"
                  RenderText {#text} at (90,288) size 4x16
                    text run at (90,288) width 4: " "
                  RenderBR {BR} at (94,301) size 0x0
                  RenderInline {A} at (0,0) size 104x16 [color=#0000EE]
                    RenderText {#text} at (0,304) size 104x16
                      text run at (0,304) width 104: "Quintana Resume"
                  RenderText {#text} at (104,304) size 4x16
                    text run at (104,304) width 4: " "
                  RenderBR {BR} at (108,317) size 0x0
                  RenderInline {A} at (0,0) size 84x16 [color=#0000EE]
                    RenderText {#text} at (0,320) size 84x16
                      text run at (0,320) width 84: "Nicholls Photo"
                  RenderText {#text} at (84,320) size 4x16
                    text run at (84,320) width 4: " "
                  RenderBR {BR} at (88,333) size 0x0
                  RenderInline {A} at (0,0) size 98x16 [color=#0000EE]
                    RenderText {#text} at (0,336) size 98x16
                      text run at (0,336) width 98: "Nicholls Resume"
                  RenderText {#text} at (98,336) size 4x16
                    text run at (98,336) width 4: " "
                  RenderBR {BR} at (102,349) size 0x0
                  RenderInline {A} at (0,0) size 93x16 [color=#0000EE]
                    RenderText {#text} at (0,352) size 93x16
                      text run at (0,352) width 93: "Adamson Photo"
                  RenderText {#text} at (93,352) size 4x16
                    text run at (93,352) width 4: " "
                  RenderBR {BR} at (97,365) size 0x0
                  RenderInline {A} at (0,0) size 107x16 [color=#0000EE]
                    RenderText {#text} at (0,368) size 107x16
                      text run at (0,368) width 107: "Adamson Resume"
                  RenderText {#text} at (107,368) size 4x16
                    text run at (107,368) width 4: " "
                  RenderBR {BR} at (111,381) size 0x0
                  RenderInline {A} at (0,0) size 78x16 [color=#0000EE]
                    RenderText {#text} at (0,384) size 78x16
                      text run at (0,384) width 78: "Walker Photo"
                  RenderText {#text} at (78,384) size 4x16
                    text run at (78,384) width 4: " "
                  RenderBR {BR} at (82,397) size 0x0
                  RenderInline {A} at (0,0) size 92x16 [color=#0000EE]
                    RenderText {#text} at (0,400) size 92x16
                      text run at (0,400) width 92: "Walker Resume"
                  RenderText {#text} at (0,0) size 0x0
                RenderBlock {P} at (0,10597) size 715x96
                  RenderInline {B} at (0,0) size 369x16
                    RenderInline {A} at (0,0) size 369x16 [color=#0000EE]
                      RenderText {#text} at (0,0) size 369x16
                        text run at (0,0) width 369: "Appendix H. Reserved Schema Names and Reserved Words"
                  RenderBR {BR} at (369,13) size 0x0
                  RenderBR {BR} at (0,16) size 0x16
                  RenderInline {A} at (0,0) size 114x16 [color=#0000EE]
                    RenderText {#text} at (0,32) size 114x16
                      text run at (0,32) width 114: "Reserved Schemas"
                  RenderText {#text} at (114,32) size 4x16
                    text run at (114,32) width 4: " "
                  RenderBR {BR} at (118,45) size 0x0
                  RenderInline {A} at (0,0) size 96x16 [color=#0000EE]
                    RenderText {#text} at (0,48) size 96x16
                      text run at (0,48) width 96: "Reserved Words"
                  RenderText {#text} at (96,48) size 4x16
                    text run at (96,48) width 4: " "
                  RenderBR {BR} at (100,61) size 0x0
                  RenderInline {A} at (0,0) size 154x16 [color=#0000EE]
                    RenderText {#text} at (0,64) size 154x16
                      text run at (0,64) width 154: "IBM SQL Reserved Words"
                  RenderText {#text} at (154,64) size 4x16
                    text run at (154,64) width 4: " "
                  RenderBR {BR} at (158,77) size 0x0
                  RenderInline {A} at (0,0) size 198x16 [color=#0000EE]
                    RenderText {#text} at (0,80) size 198x16
                      text run at (0,80) width 198: "ISO/ANS SQL92 Reserved Words"
                  RenderText {#text} at (0,0) size 0x0
                RenderBlock {P} at (0,10706) size 715x16
                  RenderInline {B} at (0,0) size 269x16
                    RenderInline {A} at (0,0) size 269x16 [color=#0000EE]
                      RenderText {#text} at (0,0) size 269x16
                        text run at (0,0) width 269: "Appendix I. Comparison of Isolation Levels"
                  RenderBR {BR} at (269,13) size 0x0
                RenderBlock {P} at (0,10735) size 715x16
                  RenderInline {B} at (0,0) size 318x16
                    RenderInline {A} at (0,0) size 318x16 [color=#0000EE]
                      RenderText {#text} at (0,0) size 318x16
                        text run at (0,0) width 318: "Appendix J. Interaction of Triggers and Constraints"
                  RenderBR {BR} at (318,13) size 0x0
                RenderBlock {P} at (0,10764) size 715x336
                  RenderInline {B} at (0,0) size 270x16
                    RenderInline {A} at (0,0) size 270x16 [color=#0000EE]
                      RenderText {#text} at (0,0) size 270x16
                        text run at (0,0) width 270: "Appendix K. Explain Tables and Definitions"
                  RenderBR {BR} at (270,13) size 0x0
                  RenderBR {BR} at (0,16) size 0x16
                  RenderInline {A} at (0,0) size 173x16 [color=#0000EE]
                    RenderText {#text} at (0,32) size 173x16
                      text run at (0,32) width 173: "EXPLAIN_ARGUMENT Table"
                  RenderText {#text} at (173,32) size 4x16
                    text run at (173,32) width 4: " "
                  RenderBR {BR} at (177,45) size 0x0
                  RenderInline {A} at (0,0) size 165x16 [color=#0000EE]
                    RenderText {#text} at (0,48) size 165x16
                      text run at (0,48) width 165: "EXPLAIN_INSTANCE Table"
                  RenderText {#text} at (165,48) size 4x16
                    text run at (165,48) width 4: " "
                  RenderBR {BR} at (169,61) size 0x0
                  RenderInline {A} at (0,0) size 151x16 [color=#0000EE]
                    RenderText {#text} at (0,64) size 151x16
                      text run at (0,64) width 151: "EXPLAIN_OBJECT Table"
                  RenderText {#text} at (151,64) size 4x16
                    text run at (151,64) width 4: " "
                  RenderBR {BR} at (155,77) size 0x0
                  RenderInline {A} at (0,0) size 172x16 [color=#0000EE]
                    RenderText {#text} at (0,80) size 172x16
                      text run at (0,80) width 172: "EXPLAIN_OPERATOR Table"
                  RenderText {#text} at (172,80) size 4x16
                    text run at (172,80) width 4: " "
                  RenderBR {BR} at (176,93) size 0x0
                  RenderInline {A} at (0,0) size 174x16 [color=#0000EE]
                    RenderText {#text} at (0,96) size 174x16
                      text run at (0,96) width 174: "EXPLAIN_PREDICATE Table"
                  RenderText {#text} at (174,96) size 4x16
                    text run at (174,96) width 4: " "
                  RenderBR {BR} at (178,109) size 0x0
                  RenderInline {A} at (0,0) size 179x16 [color=#0000EE]
                    RenderText {#text} at (0,112) size 179x16
                      text run at (0,112) width 179: "EXPLAIN_STATEMENT Table"
                  RenderText {#text} at (179,112) size 4x16
                    text run at (179,112) width 4: " "
                  RenderBR {BR} at (183,125) size 0x0
                  RenderInline {A} at (0,0) size 154x16 [color=#0000EE]
                    RenderText {#text} at (0,128) size 154x16
                      text run at (0,128) width 154: "EXPLAIN_STREAM Table"
                  RenderText {#text} at (154,128) size 4x16
                    text run at (154,128) width 4: " "
                  RenderBR {BR} at (158,141) size 0x0
                  RenderInline {A} at (0,0) size 132x16 [color=#0000EE]
                    RenderText {#text} at (0,144) size 132x16
                      text run at (0,144) width 132: "ADVISE_INDEX Table"
                  RenderText {#text} at (132,144) size 4x16
                    text run at (132,144) width 4: " "
                  RenderBR {BR} at (136,157) size 0x0
                  RenderInline {A} at (0,0) size 167x16 [color=#0000EE]
                    RenderText {#text} at (0,160) size 167x16
                      text run at (0,160) width 167: "ADVISE_WORKLOAD Table"
                  RenderText {#text} at (167,160) size 4x16
                    text run at (167,160) width 4: " "
                  RenderBR {BR} at (171,173) size 0x0
                  RenderInline {A} at (0,0) size 206x16 [color=#0000EE]
                    RenderText {#text} at (0,176) size 206x16
                      text run at (0,176) width 206: "Table Definitions for Explain Tables"
                  RenderText {#text} at (206,176) size 4x16
                    text run at (206,176) width 4: " "
                  RenderBR {BR} at (210,189) size 0x0
                  RenderInline {A} at (0,0) size 231x16 [color=#0000EE]
                    RenderText {#text} at (0,192) size 231x16
                      text run at (0,192) width 231: "EXPLAIN_ARGUMENT Table Definition"
                  RenderText {#text} at (231,192) size 4x16
                    text run at (231,192) width 4: " "
                  RenderBR {BR} at (235,205) size 0x0
                  RenderInline {A} at (0,0) size 223x16 [color=#0000EE]
                    RenderText {#text} at (0,208) size 223x16
                      text run at (0,208) width 223: "EXPLAIN_INSTANCE Table Definition"
                  RenderText {#text} at (223,208) size 4x16
                    text run at (223,208) width 4: " "
                  RenderBR {BR} at (227,221) size 0x0
                  RenderInline {A} at (0,0) size 209x16 [color=#0000EE]
                    RenderText {#text} at (0,224) size 209x16
                      text run at (0,224) width 209: "EXPLAIN_OBJECT Table Definition"
                  RenderText {#text} at (209,224) size 4x16
                    text run at (209,224) width 4: " "
                  RenderBR {BR} at (213,237) size 0x0
                  RenderInline {A} at (0,0) size 230x16 [color=#0000EE]
                    RenderText {#text} at (0,240) size 230x16
                      text run at (0,240) width 230: "EXPLAIN_OPERATOR Table Definition"
                  RenderText {#text} at (230,240) size 4x16
                    text run at (230,240) width 4: " "
                  RenderBR {BR} at (234,253) size 0x0
                  RenderInline {A} at (0,0) size 232x16 [color=#0000EE]
                    RenderText {#text} at (0,256) size 232x16
                      text run at (0,256) width 232: "EXPLAIN_PREDICATE Table Definition"
                  RenderText {#text} at (232,256) size 4x16
                    text run at (232,256) width 4: " "
                  RenderBR {BR} at (236,269) size 0x0
                  RenderInline {A} at (0,0) size 237x16 [color=#0000EE]
                    RenderText {#text} at (0,272) size 237x16
                      text run at (0,272) width 237: "EXPLAIN_STATEMENT Table Definition"
                  RenderText {#text} at (237,272) size 4x16
                    text run at (237,272) width 4: " "
                  RenderBR {BR} at (241,285) size 0x0
                  RenderInline {A} at (0,0) size 212x16 [color=#0000EE]
                    RenderText {#text} at (0,288) size 212x16
                      text run at (0,288) width 212: "EXPLAIN_STREAM Table Definition"
                  RenderText {#text} at (212,288) size 4x16
                    text run at (212,288) width 4: " "
                  RenderBR {BR} at (216,301) size 0x0
                  RenderInline {A} at (0,0) size 190x16 [color=#0000EE]
                    RenderText {#text} at (0,304) size 190x16
                      text run at (0,304) width 190: "ADVISE_INDEX Table Definition"
                  RenderText {#text} at (190,304) size 4x16
                    text run at (190,304) width 4: " "
                  RenderBR {BR} at (194,317) size 0x0
                  RenderInline {A} at (0,0) size 225x16 [color=#0000EE]
                    RenderText {#text} at (0,320) size 225x16
                      text run at (0,320) width 225: "ADVISE_WORKLOAD Table Definition"
                  RenderText {#text} at (0,0) size 0x0
                RenderBlock {P} at (0,11113) size 715x16
                  RenderInline {B} at (0,0) size 227x16
                    RenderInline {A} at (0,0) size 227x16 [color=#0000EE]
                      RenderText {#text} at (0,0) size 227x16
                        text run at (0,0) width 227: "Appendix L. Explain Register Values"
                  RenderBR {BR} at (227,13) size 0x0
                RenderBlock {P} at (0,11142) size 715x80
                  RenderInline {B} at (0,0) size 308x16
                    RenderInline {A} at (0,0) size 308x16 [color=#0000EE]
                      RenderText {#text} at (0,0) size 308x16
                        text run at (0,0) width 308: "Appendix M. Recursion Example: Bill of Materials"
                  RenderBR {BR} at (308,13) size 0x0
                  RenderBR {BR} at (0,16) size 0x16
                  RenderInline {A} at (0,0) size 202x16 [color=#0000EE]
                    RenderText {#text} at (0,32) size 202x16
                      text run at (0,32) width 202: "Example 1: Single Level Explosion"
                  RenderText {#text} at (202,32) size 4x16
                    text run at (202,32) width 4: " "
                  RenderBR {BR} at (206,45) size 0x0
                  RenderInline {A} at (0,0) size 204x16 [color=#0000EE]
                    RenderText {#text} at (0,48) size 204x16
                      text run at (0,48) width 204: "Example 2: Summarized Explosion"
                  RenderText {#text} at (204,48) size 4x16
                    text run at (204,48) width 4: " "
                  RenderBR {BR} at (208,61) size 0x0
                  RenderInline {A} at (0,0) size 169x16 [color=#0000EE]
                    RenderText {#text} at (0,64) size 169x16
                      text run at (0,64) width 169: "Example 3: Controlling Depth"
                  RenderText {#text} at (0,0) size 0x0
                RenderBlock {P} at (0,11235) size 715x80
                  RenderInline {B} at (0,0) size 187x16
                    RenderInline {A} at (0,0) size 187x16 [color=#0000EE]
                      RenderText {#text} at (0,0) size 187x16
                        text run at (0,0) width 187: "Appendix N. Exception Tables"
                  RenderBR {BR} at (187,13) size 0x0
                  RenderBR {BR} at (0,16) size 0x16
                  RenderInline {A} at (0,0) size 220x16 [color=#0000EE]
                    RenderText {#text} at (0,32) size 220x16
                      text run at (0,32) width 220: "Rules for Creating an Exception Table"
                  RenderText {#text} at (220,32) size 4x16
                    text run at (220,32) width 4: " "
                  RenderBR {BR} at (224,45) size 0x0
                  RenderInline {A} at (0,0) size 227x16 [color=#0000EE]
                    RenderText {#text} at (0,48) size 227x16
                      text run at (0,48) width 227: "Handling Rows in the Exception Tables"
                  RenderText {#text} at (227,48) size 4x16
                    text run at (227,48) width 4: " "
                  RenderBR {BR} at (231,61) size 0x0
                  RenderInline {A} at (0,0) size 179x16 [color=#0000EE]
                    RenderText {#text} at (0,64) size 179x16
                      text run at (0,64) width 179: "Querying the Exception Tables"
                  RenderText {#text} at (0,0) size 0x0
                RenderBlock {P} at (0,11328) size 715x352
                  RenderInline {B} at (0,0) size 420x16
                    RenderInline {A} at (0,0) size 420x16 [color=#0000EE]
                      RenderText {#text} at (0,0) size 420x16
                        text run at (0,0) width 420: "Appendix O. Japanese and Traditional-Chinese EUC Considerations"
                  RenderBR {BR} at (420,13) size 0x0
                  RenderBR {BR} at (0,16) size 0x16
                  RenderInline {A} at (0,0) size 115x16 [color=#0000EE]
                    RenderText {#text} at (0,32) size 115x16
                      text run at (0,32) width 115: "Language Elements"
                  RenderText {#text} at (115,32) size 4x16
                    text run at (115,32) width 4: " "
                  RenderBR {BR} at (119,45) size 0x0
                  RenderInline {A} at (0,0) size 63x16 [color=#0000EE]
                    RenderText {#text} at (0,48) size 63x16
                      text run at (0,48) width 63: "Characters"
                  RenderText {#text} at (63,48) size 4x16
                    text run at (63,48) width 4: " "
                  RenderBR {BR} at (67,61) size 0x0
                  RenderInline {A} at (0,0) size 43x16 [color=#0000EE]
                    RenderText {#text} at (0,64) size 43x16
                      text run at (0,64) width 43: "Tokens"
                  RenderText {#text} at (43,64) size 4x16
                    text run at (43,64) width 4: " "
                  RenderBR {BR} at (47,77) size 0x0
                  RenderInline {A} at (0,0) size 57x16 [color=#0000EE]
                    RenderText {#text} at (0,80) size 57x16
                      text run at (0,80) width 57: "Identifiers"
                  RenderText {#text} at (57,80) size 4x16
                    text run at (57,80) width 4: " "
                  RenderBR {BR} at (61,93) size 0x0
                  RenderInline {A} at (0,0) size 67x16 [color=#0000EE]
                    RenderText {#text} at (0,96) size 67x16
                      text run at (0,96) width 67: "Data Types"
                  RenderText {#text} at (67,96) size 4x16
                    text run at (67,96) width 4: " "
                  RenderBR {BR} at (71,109) size 0x0
                  RenderInline {A} at (0,0) size 181x16 [color=#0000EE]
                    RenderText {#text} at (0,112) size 181x16
                      text run at (0,112) width 181: "Assignments and Comparisons"
                  RenderText {#text} at (181,112) size 4x16
                    text run at (181,112) width 4: " "
                  RenderBR {BR} at (185,125) size 0x0
                  RenderInline {A} at (0,0) size 164x16 [color=#0000EE]
                    RenderText {#text} at (0,128) size 164x16
                      text run at (0,128) width 164: "Rules for Result Data Types"
                  RenderText {#text} at (164,128) size 4x16
                    text run at (164,128) width 4: " "
                  RenderBR {BR} at (168,141) size 0x0
                  RenderInline {A} at (0,0) size 166x16 [color=#0000EE]
                    RenderText {#text} at (0,144) size 166x16
                      text run at (0,144) width 166: "Rules for String Conversions"
                  RenderText {#text} at (166,144) size 4x16
                    text run at (166,144) width 4: " "
                  RenderBR {BR} at (170,157) size 0x0
                  RenderInline {A} at (0,0) size 59x16 [color=#0000EE]
                    RenderText {#text} at (0,160) size 59x16
                      text run at (0,160) width 59: "Constants"
                  RenderText {#text} at (59,160) size 4x16
                    text run at (59,160) width 4: " "
                  RenderBR {BR} at (63,173) size 0x0
                  RenderInline {A} at (0,0) size 57x16 [color=#0000EE]
                    RenderText {#text} at (0,176) size 57x16
                      text run at (0,176) width 57: "Functions"
                  RenderText {#text} at (57,176) size 4x16
                    text run at (57,176) width 4: " "
                  RenderBR {BR} at (61,189) size 0x0
                  RenderInline {A} at (0,0) size 72x16 [color=#0000EE]
                    RenderText {#text} at (0,192) size 72x16
                      text run at (0,192) width 72: "Expressions"
                  RenderText {#text} at (72,192) size 4x16
                    text run at (72,192) width 4: " "
                  RenderBR {BR} at (76,205) size 0x0
                  RenderInline {A} at (0,0) size 62x16 [color=#0000EE]
                    RenderText {#text} at (0,208) size 62x16
                      text run at (0,208) width 62: "Predicates"
                  RenderText {#text} at (62,208) size 4x16
                    text run at (62,208) width 4: " "
                  RenderBR {BR} at (66,221) size 0x0
                  RenderInline {A} at (0,0) size 57x16 [color=#0000EE]
                    RenderText {#text} at (0,224) size 57x16
                      text run at (0,224) width 57: "Functions"
                  RenderText {#text} at (57,224) size 4x16
                    text run at (57,224) width 4: " "
                  RenderBR {BR} at (61,237) size 0x0
                  RenderInline {A} at (0,0) size 52x16 [color=#0000EE]
                    RenderText {#text} at (0,240) size 52x16
                      text run at (0,240) width 52: "LENGTH"
                  RenderText {#text} at (52,240) size 4x16
                    text run at (52,240) width 4: " "
                  RenderBR {BR} at (56,253) size 0x0
                  RenderInline {A} at (0,0) size 53x16 [color=#0000EE]
                    RenderText {#text} at (0,256) size 53x16
                      text run at (0,256) width 53: "SUBSTR"
                  RenderText {#text} at (53,256) size 4x16
                    text run at (53,256) width 4: " "
                  RenderBR {BR} at (57,269) size 0x0
                  RenderInline {A} at (0,0) size 77x16 [color=#0000EE]
                    RenderText {#text} at (0,272) size 77x16
                      text run at (0,272) width 77: "TRANSLATE"
                  RenderText {#text} at (77,272) size 4x16
                    text run at (77,272) width 4: " "
                  RenderBR {BR} at (81,285) size 0x0
                  RenderInline {A} at (0,0) size 86x16 [color=#0000EE]
                    RenderText {#text} at (0,288) size 86x16
                      text run at (0,288) width 86: "VARGRAPHIC"
                  RenderText {#text} at (86,288) size 4x16
                    text run at (86,288) width 4: " "
                  RenderBR {BR} at (90,301) size 0x0
                  RenderInline {A} at (0,0) size 67x16 [color=#0000EE]
                    RenderText {#text} at (0,304) size 67x16
                      text run at (0,304) width 67: "Statements"
                  RenderText {#text} at (67,304) size 4x16
                    text run at (67,304) width 4: " "
                  RenderBR {BR} at (71,317) size 0x0
                  RenderInline {A} at (0,0) size 63x16 [color=#0000EE]
                    RenderText {#text} at (0,320) size 63x16
                      text run at (0,320) width 63: "CONNECT"
                  RenderText {#text} at (63,320) size 4x16
                    text run at (63,320) width 4: " "
                  RenderBR {BR} at (67,333) size 0x0
                  RenderInline {A} at (0,0) size 63x16 [color=#0000EE]
                    RenderText {#text} at (0,336) size 63x16
                      text run at (0,336) width 63: "PREPARE"
                  RenderText {#text} at (0,0) size 0x0
                RenderBlock {P} at (0,11693) size 715x16
                  RenderInline {B} at (0,0) size 295x16
                    RenderInline {A} at (0,0) size 295x16 [color=#0000EE]
                      RenderText {#text} at (0,0) size 295x16
                        text run at (0,0) width 295: "Appendix P. BNF Specifications for DATALINKs"
                  RenderBR {BR} at (295,13) size 0x0
                RenderBlock {P} at (0,11722) size 715x192
                  RenderInline {B} at (0,0) size 217x16
                    RenderInline {A} at (0,0) size 217x16 [color=#0000EE]
                      RenderText {#text} at (0,0) size 217x16
                        text run at (0,0) width 217: "Appendix Q. Using the DB2 Library"
                  RenderBR {BR} at (217,13) size 0x0
                  RenderBR {BR} at (0,16) size 0x16
                  RenderInline {A} at (0,0) size 198x16 [color=#0000EE]
                    RenderText {#text} at (0,32) size 198x16
                      text run at (0,32) width 198: "DB2 PDF Files and Printed Books"
                  RenderText {#text} at (198,32) size 4x16
                    text run at (198,32) width 4: " "
                  RenderBR {BR} at (202,45) size 0x0
                  RenderInline {A} at (0,0) size 94x16 [color=#0000EE]
                    RenderText {#text} at (0,48) size 94x16
                      text run at (0,48) width 94: "DB2 Information"
                  RenderText {#text} at (94,48) size 4x16
                    text run at (94,48) width 4: " "
                  RenderBR {BR} at (98,61) size 0x0
                  RenderInline {A} at (0,0) size 137x16 [color=#0000EE]
                    RenderText {#text} at (0,64) size 137x16
                      text run at (0,64) width 137: "Printing the PDF Books"
                  RenderText {#text} at (137,64) size 4x16
                    text run at (137,64) width 4: " "
                  RenderBR {BR} at (141,77) size 0x0
                  RenderInline {A} at (0,0) size 157x16 [color=#0000EE]
                    RenderText {#text} at (0,80) size 157x16
                      text run at (0,80) width 157: "Ordering the Printed Books"
                  RenderText {#text} at (157,80) size 4x16
                    text run at (157,80) width 4: " "
                  RenderBR {BR} at (161,93) size 0x0
                  RenderInline {A} at (0,0) size 157x16 [color=#0000EE]
                    RenderText {#text} at (0,96) size 157x16
                      text run at (0,96) width 157: "DB2 Online Documentation"
                  RenderText {#text} at (157,96) size 4x16
                    text run at (157,96) width 4: " "
                  RenderBR {BR} at (161,109) size 0x0
                  RenderInline {A} at (0,0) size 132x16 [color=#0000EE]
                    RenderText {#text} at (0,112) size 132x16
                      text run at (0,112) width 132: "Accessing Online Help"
                  RenderText {#text} at (132,112) size 4x16
                    text run at (132,112) width 4: " "
                  RenderBR {BR} at (136,125) size 0x0
                  RenderInline {A} at (0,0) size 155x16 [color=#0000EE]
                    RenderText {#text} at (0,128) size 155x16
                      text run at (0,128) width 155: "Viewing Information Online"
                  RenderText {#text} at (155,128) size 4x16
                    text run at (155,128) width 4: " "
                  RenderBR {BR} at (159,141) size 0x0
                  RenderInline {A} at (0,0) size 113x16 [color=#0000EE]
                    RenderText {#text} at (0,144) size 113x16
                      text run at (0,144) width 113: "Using DB2 Wizards"
                  RenderText {#text} at (113,144) size 4x16
                    text run at (113,144) width 4: " "
                  RenderBR {BR} at (117,157) size 0x0
                  RenderInline {A} at (0,0) size 177x16 [color=#0000EE]
                    RenderText {#text} at (0,160) size 177x16
                      text run at (0,160) width 177: "Setting Up a Document Server"
                  RenderText {#text} at (177,160) size 4x16
                    text run at (177,160) width 4: " "
                  RenderBR {BR} at (181,173) size 0x0
                  RenderInline {A} at (0,0) size 168x16 [color=#0000EE]
                    RenderText {#text} at (0,176) size 168x16
                      text run at (0,176) width 168: "Searching Information Online"
                  RenderText {#text} at (0,0) size 0x0
                RenderBlock {P} at (0,11927) size 715x48
                  RenderInline {B} at (0,0) size 126x16
                    RenderInline {A} at (0,0) size 126x16 [color=#0000EE]
                      RenderText {#text} at (0,0) size 126x16
                        text run at (0,0) width 126: "Appendix R. Notices"
                  RenderBR {BR} at (126,13) size 0x0
                  RenderBR {BR} at (0,16) size 0x16
                  RenderInline {A} at (0,0) size 69x16 [color=#0000EE]
                    RenderText {#text} at (0,32) size 69x16
                      text run at (0,32) width 69: "Trademarks"
                  RenderText {#text} at (0,0) size 0x0
                RenderBlock {P} at (0,11988) size 715x16
                  RenderInline {B} at (0,0) size 34x16
                    RenderInline {A} at (0,0) size 34x16 [color=#0000EE]
                      RenderText {#text} at (0,0) size 34x16
                        text run at (0,0) width 34: "Index"
                  RenderBR {BR} at (34,13) size 0x0
                RenderBlock {P} at (0,12017) size 715x48
                  RenderInline {B} at (0,0) size 95x16
                    RenderInline {A} at (0,0) size 95x16 [color=#0000EE]
                      RenderText {#text} at (0,0) size 95x16
                        text run at (0,0) width 95: "Contacting IBM"
                  RenderBR {BR} at (95,13) size 0x0
                  RenderBR {BR} at (0,16) size 0x16
                  RenderInline {A} at (0,0) size 114x16 [color=#0000EE]
                    RenderText {#text} at (0,32) size 114x16
                      text run at (0,32) width 114: "Product Information"
                  RenderText {#text} at (0,0) size 0x0
                  RenderInline {A} at (0,0) size 0x0
                  RenderText {#text} at (0,0) size 0x0
                RenderTable {TABLE} at (0,12078) size 26x27
                  RenderTableSection {TBODY} at (0,0) size 26x27
                    RenderTableRow {TR} at (0,2) size 26x0
                    RenderTableRow {TR} at (0,4) size 26x21
                      RenderTableCell {TD} at (2,4) size 10x21 [r=1 c=0 rs=1 cs=1]
                        RenderText {#text} at (1,1) size 8x18
                          text run at (1,1) width 8: "x"
                      RenderTableCell {TD} at (14,4) size 10x21 [r=1 c=1 rs=1 cs=1]
                        RenderText {#text} at (1,1) size 8x18
                          text run at (1,1) width 8: "x"
              RenderBlock (anonymous) at (2,12107) size 715x0
                RenderInline {FONT} at (0,0) size 0x0
