layer at (0,0) size 800x600
  RenderView at (0,0) size 800x600
layer at (0,0) size 800x600
  RenderBlock {HTML} at (0,0) size 800x600
    RenderBody {BODY} at (8,8) size 784x584
      RenderTable {TABLE} at (0,0) size 71x98 [border: (1px outset #808080)]
        RenderBlock {CAPTION} at (0,0) size 71x40 [color=#008000] [bgcolor=#FFFFE0]
          RenderText {#text} at (6,0) size 63x39
            text run at (6,0) width 59: "Where is"
            text run at (4,20) width 63: "the table?"
        RenderTableSection {THEAD} at (1,41) size 69x28
          RenderTableRow {TR} at (0,2) size 69x24
            RenderTableCell {TD} at (2,2) size 65x24 [border: (1px inset #808080)] [r=0 c=0 rs=1 cs=1]
              RenderText {#text} at (2,2) size 47x19
                text run at (2,2) width 47: "Header"
        RenderTableSection {TBODY} at (1,69) size 69x28
          RenderTableRow {TR} at (0,2) size 69x24
            RenderTableCell {TD} at (2,2) size 65x24 [border: (1px inset #808080)] [r=0 c=0 rs=1 cs=1]
              RenderText {#text} at (2,2) size 61x19
                text run at (2,2) width 61: "Kibology"
      RenderBlock {HR} at (0,106) size 784x2 [border: (1px inset #000000)]
      RenderTable {TABLE} at (0,116) size 71x58 [border: (1px outset #808080)]
        RenderTableSection {THEAD} at (1,1) size 69x28
          RenderTableRow {TR} at (0,2) size 69x24
            RenderTableCell {TD} at (2,2) size 65x24 [border: (1px inset #808080)] [r=0 c=0 rs=1 cs=1]
              RenderText {#text} at (2,2) size 47x19
                text run at (2,2) width 47: "Header"
        RenderTableSection {TBODY} at (1,29) size 69x28
          RenderTableRow {TR} at (0,2) size 69x24
            RenderTableCell {TD} at (2,2) size 65x24 [border: (1px inset #808080)] [r=0 c=0 rs=1 cs=1]
              RenderText {#text} at (2,2) size 61x19
                text run at (2,2) width 61: "Kibology"
      RenderBlock {HR} at (0,182) size 784x2 [border: (1px inset #000000)]
      RenderTable {TABLE} at (0,192) size 71x98 [border: (1px outset #808080)]
        RenderBlock {CAPTION} at (0,0) size 71x40 [color=#008000] [bgcolor=#FFFFE0]
          RenderText {#text} at (0,0) size 71x39
            text run at (0,0) width 71: "Here is the"
            text run at (19,20) width 33: "table"
        RenderTableSection {THEAD} at (1,41) size 69x28
          RenderTableRow {TR} at (0,2) size 69x24
            RenderTableCell {TD} at (2,2) size 65x24 [border: (1px inset #808080)] [r=0 c=0 rs=1 cs=1]
              RenderText {#text} at (2,2) size 47x19
                text run at (2,2) width 47: "Header"
        RenderTableSection {TBODY} at (1,69) size 69x28
          RenderTableRow {TR} at (0,2) size 69x24
            RenderTableCell {TD} at (2,2) size 65x24 [border: (1px inset #808080)] [r=0 c=0 rs=1 cs=1]
              RenderText {#text} at (2,2) size 61x19
                text run at (2,2) width 61: "Kibology"
      RenderTable {TABLE} at (0,290) size 71x98 [border: (1px outset #808080)]
        RenderTableSection {THEAD} at (1,41) size 69x28
          RenderTableRow {TR} at (0,2) size 69x24
            RenderTableCell {TD} at (2,2) size 65x24 [border: (1px inset #808080)] [r=0 c=0 rs=1 cs=1]
              RenderText {#text} at (2,2) size 47x19
                text run at (2,2) width 47: "Header"
        RenderBlock {CAPTION} at (0,0) size 71x40 [color=#008000] [bgcolor=#FFFFE0]
          RenderText {#text} at (6,0) size 63x39
            text run at (6,0) width 59: "Where is"
            text run at (4,20) width 63: "the table?"
        RenderTableSection {TBODY} at (1,69) size 69x28
          RenderTableRow {TR} at (0,2) size 69x24
            RenderTableCell {TD} at (2,2) size 65x24 [border: (1px inset #808080)] [r=0 c=0 rs=1 cs=1]
              RenderText {#text} at (2,2) size 61x19
                text run at (2,2) width 61: "Kibology"
      RenderBlock {HR} at (0,396) size 784x2 [border: (1px inset #000000)]
      RenderTable {TABLE} at (0,406) size 71x58 [border: (1px outset #808080)]
        RenderTableSection {THEAD} at (1,1) size 69x28
          RenderTableRow {TR} at (0,2) size 69x24
            RenderTableCell {TD} at (2,2) size 65x24 [border: (1px inset #808080)] [r=0 c=0 rs=1 cs=1]
              RenderText {#text} at (2,2) size 47x19
                text run at (2,2) width 47: "Header"
        RenderTableSection {TBODY} at (1,29) size 69x28
          RenderTableRow {TR} at (0,2) size 69x24
            RenderTableCell {TD} at (2,2) size 65x24 [border: (1px inset #808080)] [r=0 c=0 rs=1 cs=1]
              RenderText {#text} at (2,2) size 61x19
                text run at (2,2) width 61: "Kibology"
      RenderBlock {HR} at (0,472) size 784x2 [border: (1px inset #000000)]
      RenderTable {TABLE} at (0,482) size 71x98 [border: (1px outset #808080)]
        RenderTableSection {THEAD} at (1,41) size 69x28
          RenderTableRow {TR} at (0,2) size 69x24
            RenderTableCell {TD} at (2,2) size 65x24 [border: (1px inset #808080)] [r=0 c=0 rs=1 cs=1]
              RenderText {#text} at (2,2) size 47x19
                text run at (2,2) width 47: "Header"
        RenderBlock {CAPTION} at (0,0) size 71x40 [color=#008000] [bgcolor=#FFFFE0]
          RenderText {#text} at (0,0) size 71x39
            text run at (0,0) width 71: "Here is the"
            text run at (19,20) width 33: "table"
        RenderTableSection {TBODY} at (1,69) size 69x28
          RenderTableRow {TR} at (0,2) size 69x24
            RenderTableCell {TD} at (2,2) size 65x24 [border: (1px inset #808080)] [r=0 c=0 rs=1 cs=1]
              RenderText {#text} at (2,2) size 61x19
                text run at (2,2) width 61: "Kibology"
