layer at (0,0) size 800x600
  RenderView at (0,0) size 800x600
layer at (0,0) size 800x600
  RenderBlock {HTML} at (0,0) size 800x600
    RenderBody {BODY} at (8,8) size 784x584
      RenderBlock (anonymous) at (0,0) size 784x40
        RenderText {#text} at (0,0) size 268x19
          text run at (0,0) width 268: "Tables: both lines should be 1 pixel thick."
        RenderBR {BR} at (267,15) size 1x0
        RenderBR {BR} at (0,20) size 0x19
      RenderTable {TABLE} at (0,40) size 37x5
        RenderTableSection {TBODY} at (0,0) size 37x5
          RenderTableRow {TR} at (0,2) size 37x1
            RenderTableCell {TD} at (2,2) size 31x1 [bgcolor=#FF0000] [r=0 c=0 rs=1 cs=1]
              RenderImage {IMG} at (0,0) size 30x1
            RenderTableCell {TD} at (35,2) size 0x0 [r=0 c=1 rs=1 cs=1]
      RenderBlock (anonymous) at (0,45) size 784x20
        RenderBR {BR} at (0,0) size 0x19
      RenderTable {TABLE} at (0,65) size 34x5
        RenderTableSection {TBODY} at (0,0) size 34x5
          RenderTableRow {TR} at (0,2) size 34x1
            RenderTableCell {TD} at (2,2) size 30x1 [bgcolor=#FF0000] [r=0 c=0 rs=1 cs=1]
              RenderImage {IMG} at (0,0) size 30x1
      RenderBlock (anonymous) at (0,70) size 784x192
        RenderBR {BR} at (0,0) size 0x19
        RenderBR {BR} at (0,20) size 0x19
        RenderBR {BR} at (0,40) size 0x19
        RenderText {#text} at (0,60) size 403x19
          text run at (0,60) width 224: "2 texts, FACE=\"Arial, Helvetica\", "
          text run at (223,60) width 180: "1st at size=0, 2nd at size=-4"
        RenderBR {BR} at (402,75) size 1x0
        RenderBR {BR} at (0,80) size 0x19
        RenderInline {FONT} at (0,0) size 101x26
          RenderText {#text} at (0,100) size 101x13
            text run at (0,100) width 101: "Detonator 3.53 Drivers"
          RenderBR {BR} at (100,110) size 1x0
          RenderText {#text} at (0,113) size 74x13
            text run at (0,113) width 74: "Available NOW! "
        RenderBR {BR} at (73,123) size 1x0
        RenderBR {BR} at (0,126) size 0x19
        RenderInline {FONT} at (0,0) size 101x26
          RenderText {#text} at (0,146) size 101x13
            text run at (0,146) width 101: "Detonator 3.53 Drivers"
          RenderBR {BR} at (100,156) size 1x0
          RenderText {#text} at (0,159) size 74x13
            text run at (0,159) width 74: "Available NOW! "
        RenderBR {BR} at (73,169) size 1x0
        RenderBR {BR} at (0,172) size 0x19
