layer at (0,0) size 800x600
  RenderView at (0,0) size 800x600
layer at (0,0) size 800x551
  RenderBlock {HTML} at (0,0) size 800x551 [bgcolor=#00FF99]
    RenderBody {BODY} at (57,64) size 686x423 [bgcolor=#99FFCC] [border: (3px solid #000000)]
      RenderBlock {P} at (3,3) size 680x64
        RenderText {#text} at (0,7) size 632x50
          text run at (0,7) width 593: "These links are in an element with display table-row, and the li elements "
          text run at (592,7) width 40: "have"
          text run at (0,39) width 155: "display: table-cell. "
          text run at (154,39) width 131: "They disappear:"
      RenderTable at (3,67) size 304x18
        RenderTableSection (anonymous) at (0,0) size 304x18
          RenderTableRow {UL} at (0,0) size 304x18 [bgcolor=#00CC99]
            RenderTableCell {LI} at (0,0) size 76x18 [r=0 c=0 rs=1 cs=1]
              RenderInline {A} at (0,0) size 54x18 [color=#0000EE]
                RenderText {#text} at (11,0) size 54x18
                  text run at (11,0) width 54: "people"
            RenderTableCell {LI} at (76,0) size 76x18 [r=0 c=1 rs=1 cs=1]
              RenderInline {A} at (0,0) size 52x18 [color=#0000EE]
                RenderText {#text} at (12,0) size 52x18
                  text run at (12,0) width 52: "places"
            RenderTableCell {LI} at (152,0) size 76x18 [r=0 c=2 rs=1 cs=1]
              RenderInline {A} at (0,0) size 76x18 [color=#0000EE]
                RenderText {#text} at (0,0) size 76x18
                  text run at (0,0) width 76: "members"
            RenderTableCell {LI} at (228,0) size 76x18 [r=0 c=3 rs=1 cs=1]
              RenderInline {A} at (0,0) size 38x18 [color=#0000EE]
                RenderText {#text} at (19,0) size 38x18
                  text run at (19,0) width 38: "links"
      RenderBlock {DIV} at (3,85) size 680x335
        RenderBlock (anonymous) at (16,16) size 648x18
          RenderText {#text} at (0,0) size 510x18
            text run at (0,0) width 227: "This text is not in the form. "
            text run at (226,0) width 284: "The form should be indented 40px."
        RenderBlock {FORM} at (96,34) size 568x285
          RenderBlock {P} at (0,0) size 568x64
            RenderText {#text} at (0,7) size 541x50
              text run at (0,7) width 195: "This is text in the form. "
              text run at (194,7) width 230: "It should be indented 40px. "
              text run at (423,7) width 118: "The form itself"
              text run at (0,39) width 373: "has the same table-row/table-cell problem as "
              text run at (372,39) width 55: "above."
          RenderBlock {P} at (0,64) size 568x63
            RenderTable {SPAN} at (0,3) size 166x60
              RenderTableSection (anonymous) at (0,0) size 166x60
                RenderTableRow {SPAN} at (0,0) size 166x28
                  RenderTableCell (anonymous) at (0,0) size 166x28 [r=0 c=0 rs=1 cs=1]
                    RenderText {#text} at (0,6) size 137x16
                      text run at (0,6) width 137: "First Name (required)"
                RenderTableRow (anonymous) at (0,28) size 166x32
                  RenderTableCell (anonymous) at (0,28) size 166x32 [r=1 c=0 rs=1 cs=1]
                    RenderTextControl {INPUT} at (2,4) size 162x25 [bgcolor=#FFFFFF] [border: (2px inset #000000)]
            RenderText {#text} at (166,7) size 6x18
              text run at (166,7) width 6: " "
            RenderTable {SPAN} at (172,3) size 166x60
              RenderTableSection (anonymous) at (0,0) size 166x60
                RenderTableRow {SPAN} at (0,0) size 166x28
                  RenderTableCell (anonymous) at (0,0) size 166x28 [r=0 c=0 rs=1 cs=1]
                    RenderText {#text} at (0,6) size 136x16
                      text run at (0,6) width 136: "Last Name (required)"
                RenderTableRow (anonymous) at (0,28) size 166x32
                  RenderTableCell (anonymous) at (0,28) size 166x32 [r=1 c=0 rs=1 cs=1]
                    RenderTextControl {INPUT} at (2,4) size 162x25 [bgcolor=#FFFFFF] [border: (2px inset #000000)]
            RenderText {#text} at (0,0) size 0x0
          RenderBlock {P} at (0,127) size 568x63
            RenderTable {SPAN} at (0,3) size 382x60
              RenderTableSection (anonymous) at (0,0) size 382x60
                RenderTableRow {SPAN} at (0,0) size 382x28
                  RenderTableCell (anonymous) at (0,0) size 382x28 [r=0 c=0 rs=1 cs=1]
                    RenderText {#text} at (0,6) size 93x16
                      text run at (0,6) width 93: "Email Address"
                RenderTableRow (anonymous) at (0,28) size 382x32
                  RenderTableCell (anonymous) at (0,28) size 382x32 [r=1 c=0 rs=1 cs=1]
                    RenderTextControl {INPUT} at (2,4) size 378x25 [bgcolor=#FFFFFF] [border: (2px inset #000000)]
            RenderText {#text} at (0,0) size 0x0
          RenderBlock {P} at (0,190) size 568x63
            RenderTable {SPAN} at (0,3) size 166x60
              RenderTableSection (anonymous) at (0,0) size 166x60
                RenderTableRow {SPAN} at (0,0) size 166x28
                  RenderTableCell (anonymous) at (0,0) size 166x28 [r=0 c=0 rs=1 cs=1]
                    RenderText {#text} at (0,6) size 104x16
                      text run at (0,6) width 104: "Company Name"
                RenderTableRow (anonymous) at (0,28) size 166x32
                  RenderTableCell (anonymous) at (0,28) size 166x32 [r=1 c=0 rs=1 cs=1]
                    RenderTextControl {INPUT} at (2,4) size 162x25 [bgcolor=#FFFFFF] [border: (2px inset #000000)]
            RenderText {#text} at (166,7) size 6x18
              text run at (166,7) width 6: " "
            RenderTable {SPAN} at (172,3) size 166x60
              RenderTableSection (anonymous) at (0,0) size 166x60
                RenderTableRow {SPAN} at (0,0) size 166x28
                  RenderTableCell (anonymous) at (0,0) size 166x28 [r=0 c=0 rs=1 cs=1]
                    RenderText {#text} at (0,6) size 28x16
                      text run at (0,6) width 28: "Title"
                RenderTableRow (anonymous) at (0,28) size 166x32
                  RenderTableCell (anonymous) at (0,28) size 166x32 [r=1 c=0 rs=1 cs=1]
                    RenderTextControl {INPUT} at (2,4) size 162x25 [bgcolor=#FFFFFF] [border: (2px inset #000000)]
            RenderText {#text} at (0,0) size 0x0
          RenderBlock {P} at (0,253) size 568x32
            RenderButton {INPUT} at (2,4) size 68x25 [bgcolor=#C0C0C0] [border: (2px outset #C0C0C0)]
              RenderBlock (anonymous) at (8,3) size 52x19
                RenderText at (0,0) size 52x19
                  text run at (0,0) width 52: "Submit!"
            RenderText {#text} at (72,7) size 6x18
              text run at (72,7) width 6: " "
            RenderButton {INPUT} at (80,4) size 88x25 [bgcolor=#C0C0C0] [border: (2px outset #C0C0C0)]
              RenderBlock (anonymous) at (8,3) size 72x19
                RenderText at (0,0) size 72x19
                  text run at (0,0) width 72: "Clear Form"
            RenderText {#text} at (0,0) size 0x0
layer at (161,285) size 156x19
  RenderBlock {DIV} at (3,3) size 156x19
layer at (333,285) size 156x19
  RenderBlock {DIV} at (3,3) size 156x19
layer at (161,348) size 372x19
  RenderBlock {DIV} at (3,3) size 372x19
layer at (161,411) size 156x19
  RenderBlock {DIV} at (3,3) size 156x19
layer at (333,411) size 156x19
  RenderBlock {DIV} at (3,3) size 156x19
