layer at (0,0) size 800x600
  RenderView at (0,0) size 800x600
layer at (0,0) size 800x600
  RenderBlock {HTML} at (0,0) size 800x600
    RenderBody {BODY} at (8,8) size 784x584 [bgcolor=#FFFFFF]
      RenderTable {TABLE} at (0,0) size 705x82 [border: (1px outset #808080)]
        RenderTableSection {TBODY} at (1,1) size 703x80
          RenderTableRow {TR} at (0,2) size 703x24
            RenderTableCell {TH} at (2,12) size 264x4 [border: (1px inset #808080)] [r=0 c=0 rs=1 cs=1]
            RenderTableCell {TD} at (268,2) size 150x24 [border: (1px inset #808080)] [r=0 c=1 rs=1 cs=1]
              RenderText {#text} at (2,2) size 69x19
                text run at (2,2) width 69: "Host name"
            RenderTableCell {TD} at (420,2) size 175x24 [border: (1px inset #808080)] [r=0 c=2 rs=1 cs=1]
              RenderText {#text} at (2,2) size 81x19
                text run at (2,2) width 81: "Architecture"
            RenderTableCell {TD} at (597,2) size 104x24 [border: (1px inset #808080)] [r=0 c=3 rs=1 cs=1]
              RenderText {#text} at (2,2) size 46x19
                text run at (2,2) width 46: "Access"
          RenderTableRow {TR} at (0,28) size 703x24
            RenderTableCell {TD} at (2,28) size 264x24 [border: (1px inset #808080)] [r=1 c=0 rs=1 cs=1]
              RenderText {#text} at (2,2) size 124x19
                text run at (2,2) width 124: "debussy.debian.org"
            RenderTableCell {TD} at (268,28) size 150x24 [border: (1px inset #808080)] [r=1 c=1 rs=1 cs=1]
              RenderText {#text} at (2,2) size 37x19
                text run at (2,2) width 37: "ARM"
            RenderTableCell {TD} at (420,28) size 175x24 [border: (1px inset #808080)] [r=1 c=2 rs=1 cs=1]
              RenderText {#text} at (2,2) size 17x19
                text run at (2,2) width 17: "all"
          RenderTableRow {TR} at (0,54) size 703x24
            RenderTableCell {TD} at (2,54) size 264x24 [border: (1px inset #808080)] [r=2 c=0 rs=1 cs=1]
              RenderText {#text} at (2,2) size 105x19
                text run at (2,2) width 105: "faure.debian.org"
            RenderTableCell {TD} at (268,54) size 150x24 [border: (1px inset #808080)] [r=2 c=1 rs=1 cs=1]
              RenderText {#text} at (2,2) size 35x19
                text run at (2,2) width 35: "alpha"
            RenderTableCell {TD} at (420,54) size 175x24 [border: (1px inset #808080)] [r=2 c=2 rs=1 cs=1]
              RenderText {#text} at (2,2) size 17x19
                text run at (2,2) width 17: "all"
      RenderBlock {P} at (0,98) size 784x20
        RenderText {#text} at (0,0) size 133x19
          text run at (0,0) width 133: "Table nested in table"
      RenderTable {TABLE} at (0,134) size 354x108
        RenderTableSection {TBODY} at (0,0) size 354x108
          RenderTableRow {TR} at (0,2) size 354x104
            RenderTableCell {TD} at (2,2) size 350x104 [r=0 c=0 rs=1 cs=1]
              RenderTable {TABLE} at (1,1) size 316x102 [border: (1px outset #808080)]
                RenderTableSection {TBODY} at (1,1) size 314x100
                  RenderTableRow {TR} at (0,2) size 314x44
                    RenderTableCell {TH} at (2,22) size 128x4 [border: (1px inset #808080)] [r=0 c=0 rs=1 cs=1]
                    RenderTableCell {TD} at (132,2) size 41x44 [border: (1px inset #808080)] [r=0 c=1 rs=1 cs=1]
                      RenderText {#text} at (2,2) size 35x39
                        text run at (2,2) width 31: "Host"
                        text run at (2,22) width 35: "name"
                    RenderTableCell {TD} at (175,12) size 85x24 [border: (1px inset #808080)] [r=0 c=2 rs=1 cs=1]
                      RenderText {#text} at (2,2) size 81x19
                        text run at (2,2) width 81: "Architecture"
                    RenderTableCell {TD} at (262,12) size 50x24 [border: (1px inset #808080)] [r=0 c=3 rs=1 cs=1]
                      RenderText {#text} at (2,2) size 46x19
                        text run at (2,2) width 46: "Access"
                  RenderTableRow {TR} at (0,48) size 314x24
                    RenderTableCell {TD} at (2,48) size 128x24 [border: (1px inset #808080)] [r=1 c=0 rs=1 cs=1]
                      RenderText {#text} at (2,2) size 124x19
                        text run at (2,2) width 124: "debussy.debian.org"
                    RenderTableCell {TD} at (132,48) size 41x24 [border: (1px inset #808080)] [r=1 c=1 rs=1 cs=1]
                      RenderText {#text} at (2,2) size 37x19
                        text run at (2,2) width 37: "ARM"
                    RenderTableCell {TD} at (175,48) size 85x24 [border: (1px inset #808080)] [r=1 c=2 rs=1 cs=1]
                      RenderText {#text} at (2,2) size 17x19
                        text run at (2,2) width 17: "all"
                  RenderTableRow {TR} at (0,74) size 314x24
                    RenderTableCell {TD} at (2,74) size 128x24 [border: (1px inset #808080)] [r=2 c=0 rs=1 cs=1]
                      RenderText {#text} at (2,2) size 105x19
                        text run at (2,2) width 105: "faure.debian.org"
                    RenderTableCell {TD} at (132,74) size 41x24 [border: (1px inset #808080)] [r=2 c=1 rs=1 cs=1]
                      RenderText {#text} at (2,2) size 35x19
                        text run at (2,2) width 35: "alpha"
                    RenderTableCell {TD} at (175,74) size 85x24 [border: (1px inset #808080)] [r=2 c=2 rs=1 cs=1]
                      RenderText {#text} at (2,2) size 17x19
                        text run at (2,2) width 17: "all"
      RenderBlock (anonymous) at (0,242) size 784x20
        RenderBR {BR} at (0,0) size 0x19
      RenderBlock {P} at (0,278) size 784x20
        RenderText {#text} at (0,0) size 117x19
          text run at (0,0) width 117: "Table - no nesting"
      RenderTable {TABLE} at (0,314) size 705x82 [border: (1px outset #808080)]
        RenderTableSection {TBODY} at (1,1) size 703x80
          RenderTableRow {TR} at (0,2) size 703x24
            RenderTableCell {TH} at (2,12) size 264x4 [border: (1px inset #808080)] [r=0 c=0 rs=1 cs=1]
            RenderTableCell {TD} at (268,2) size 150x24 [border: (1px inset #808080)] [r=0 c=1 rs=1 cs=1]
              RenderText {#text} at (2,2) size 69x19
                text run at (2,2) width 69: "Host name"
            RenderTableCell {TD} at (420,2) size 175x24 [border: (1px inset #808080)] [r=0 c=2 rs=1 cs=1]
              RenderText {#text} at (2,2) size 81x19
                text run at (2,2) width 81: "Architecture"
            RenderTableCell {TD} at (597,2) size 104x24 [border: (1px inset #808080)] [r=0 c=3 rs=1 cs=1]
              RenderText {#text} at (2,2) size 46x19
                text run at (2,2) width 46: "Access"
          RenderTableRow {TR} at (0,28) size 703x24
            RenderTableCell {TD} at (2,28) size 264x24 [border: (1px inset #808080)] [r=1 c=0 rs=1 cs=1]
              RenderText {#text} at (2,2) size 124x19
                text run at (2,2) width 124: "debussy.debian.org"
            RenderTableCell {TD} at (268,28) size 150x24 [border: (1px inset #808080)] [r=1 c=1 rs=1 cs=1]
              RenderText {#text} at (2,2) size 37x19
                text run at (2,2) width 37: "ARM"
            RenderTableCell {TD} at (420,28) size 175x24 [border: (1px inset #808080)] [r=1 c=2 rs=1 cs=1]
              RenderText {#text} at (2,2) size 17x19
                text run at (2,2) width 17: "all"
          RenderTableRow {TR} at (0,54) size 703x24
            RenderTableCell {TD} at (2,54) size 264x24 [border: (1px inset #808080)] [r=2 c=0 rs=1 cs=1]
              RenderText {#text} at (2,2) size 105x19
                text run at (2,2) width 105: "faure.debian.org"
            RenderTableCell {TD} at (268,54) size 150x24 [border: (1px inset #808080)] [r=2 c=1 rs=1 cs=1]
              RenderText {#text} at (2,2) size 35x19
                text run at (2,2) width 35: "alpha"
            RenderTableCell {TD} at (420,54) size 175x24 [border: (1px inset #808080)] [r=2 c=2 rs=1 cs=1]
              RenderText {#text} at (2,2) size 17x19
                text run at (2,2) width 17: "all"
