layer at (0,0) size 800x600
  RenderView at (0,0) size 800x600
layer at (0,0) size 800x600
  RenderBlock {HTML} at (0,0) size 800x600
    RenderBody {BODY} at (0,0) size 800x600
      RenderTable {TABLE} at (0,0) size 111x40 [bgcolor=#0000FF]
        RenderTableSection {TBODY} at (0,0) size 111x40
          RenderTableRow {TR} at (0,0) size 111x40
            RenderTableCell {TD} at (0,0) size 111x40 [r=0 c=0 rs=1 cs=1]
              RenderText {#text} at (0,0) size 68x19
                text run at (0,0) width 68: "Left Table"
              RenderBR {BR} at (67,15) size 1x0
              RenderText {#text} at (0,20) size 111x19
                text run at (0,20) width 111: "ALIGN=\"LEFT\""
              RenderBR {BR} at (110,35) size 1x0
      RenderTable {TABLE} at (111,0) size 111x40 [bgcolor=#0000FF]
        RenderTableSection {TBODY} at (0,0) size 111x40
          RenderTableRow {TR} at (0,0) size 111x40
            RenderTableCell {TD} at (0,0) size 111x40 [r=0 c=0 rs=1 cs=1]
              RenderText {#text} at (0,0) size 84x19
                text run at (0,0) width 84: "Center Table"
              RenderBR {BR} at (83,15) size 1x0
              RenderText {#text} at (0,20) size 111x19
                text run at (0,20) width 111: "ALIGN=\"LEFT\""
              RenderBR {BR} at (110,35) size 1x0
      RenderTable {TABLE} at (222,0) size 111x40 [bgcolor=#0000FF]
        RenderTableSection {TBODY} at (0,0) size 111x40
          RenderTableRow {TR} at (0,0) size 111x40
            RenderTableCell {TD} at (0,0) size 111x40 [r=0 c=0 rs=1 cs=1]
              RenderText {#text} at (0,0) size 77x19
                text run at (0,0) width 77: "Right Table"
              RenderBR {BR} at (76,15) size 1x0
              RenderText {#text} at (0,20) size 111x19
                text run at (0,20) width 111: "ALIGN=\"LEFT\""
              RenderBR {BR} at (110,35) size 1x0
      RenderBR {BR} at (333,0) size 0x19
      RenderBR {BR} at (0,40) size 0x19
      RenderText {#text} at (0,60) size 494x19
        text run at (0,60) width 494: "The three tables above should abut each other. (in NN3/4 and IE4/5 they do)."
