layer at (0,0) size 800x719
  RenderView at (0,0) size 800x600
layer at (0,0) size 800x719
  RenderBlock {HTML} at (0,0) size 800x719
    RenderBody {BODY} at (8,21) size 784x682
      RenderBlock {H1} at (0,0) size 784x37
        RenderText {#text} at (0,0) size 315x36
          text run at (0,0) width 315: "Generic Table Tests - 1"
      RenderBlock {P} at (0,58) size 784x20
        RenderText {#text} at (0,0) size 387x19
          text run at (0,0) width 387: "If you have any comments to make regarding this test, e-mail "
        RenderInline {A} at (0,0) size 182x19 [color=#0000EE]
          RenderText {#text} at (387,0) size 182x19
            text run at (387,0) width 182: "py8ieh=eviltests@bath.ac.uk"
        RenderText {#text} at (569,0) size 4x19
          text run at (569,0) width 4: "."
      RenderBlock {DL} at (0,94) size 784x40
        RenderBlock {DT} at (0,0) size 784x20
          RenderText {#text} at (0,0) size 80x19
            text run at (0,0) width 80: "Prerequisites"
        RenderBlock {DD} at (40,20) size 744x20
          RenderText {#text} at (0,0) size 683x19
            text run at (0,0) width 683: "Browsers that are subjected to this test should support CSS1 and the CSS2 table model, and multiple classes."
      RenderBlock {P} at (0,150) size 784x106 [border: (5px double #FF0000)]
        RenderBlock (anonymous) at (13,13) size 758x20
          RenderText {#text} at (0,0) size 233x19
            text run at (0,0) width 233: "If this paragraph breaks the line here:"
        RenderTable {SPAN} at (13,33) size 58x20
          RenderTableSection (anonymous) at (0,0) size 58x20
            RenderTableRow (anonymous) at (0,0) size 58x20
              RenderTableCell (anonymous) at (0,0) size 58x20 [r=0 c=0 rs=1 cs=1]
                RenderText {#text} at (0,0) size 58x19
                  text run at (0,0) width 58: "and here:"
        RenderBlock (anonymous) at (13,53) size 758x40
          RenderText {#text} at (0,0) size 119x19
            text run at (0,0) width 119: "then your browser "
          RenderInline {EM} at (0,0) size 81x19
            RenderText {#text} at (119,0) size 81x19
              text run at (119,0) width 81: "does support"
          RenderText {#text} at (200,0) size 161x19
            text run at (200,0) width 161: " table values on 'display'. "
          RenderInline {STRONG} at (0,0) size 742x39
            RenderText {#text} at (361,0) size 742x39
              text run at (361,0) width 381: "If this paragraphs flows without any undue breaks, then"
              text run at (0,20) width 421: "you should mark your browser as not supporting table values!"
      RenderBlock {H2} at (0,275) size 784x27
        RenderText {#text} at (0,0) size 224x26
          text run at (0,0) width 224: "1. Table -> Table Cell"
      RenderBlock {P} at (0,321) size 784x40
        RenderText {#text} at (0,0) size 775x39
          text run at (0,0) width 775: "Below there should be a gray bar, spanning the width of the BODY, with the text \"Left\" to the left and the text \"Right\", on"
          text run at (0,20) width 197: "the same line, flush to the right."
      RenderTable {DIV} at (0,377) size 784x20 [bgcolor=#C0C0C0]
        RenderTableSection (anonymous) at (0,0) size 784x20
          RenderTableRow (anonymous) at (0,0) size 784x20
            RenderTableCell {DIV} at (0,0) size 334x20 [r=0 c=0 rs=1 cs=1]
              RenderText {#text} at (0,0) size 26x19
                text run at (0,0) width 26: "Left"
            RenderTableCell {DIV} at (334,0) size 450x20 [r=0 c=1 rs=1 cs=1]
              RenderText {#text} at (415,0) size 35x19
                text run at (415,0) width 35: "Right"
      RenderBlock {H2} at (0,416) size 784x27
        RenderText {#text} at (0,0) size 154x26
          text run at (0,0) width 154: "Submit Results"
      RenderBlock {FORM} at (0,462) size 784x58
        RenderBlock {P} at (0,0) size 784x58
          RenderText {#text} at (0,5) size 263x19
            text run at (0,5) width 263: "How does your browser fare on this test? "
          RenderMenuList {SELECT} at (265,2) size 269x26 [bgcolor=#FFFFFF] [border: (1px solid #000000)]
            RenderBlock (anonymous) at (9,5) size 229x16
              RenderText at (0,0) size 153x16
                text run at (0,0) width 153: "The test renders correctly."
          RenderText {#text} at (536,5) size 4x19
            text run at (536,5) width 4: " "
          RenderInline {LABEL} at (0,0) size 231x19
            RenderText {#text} at (540,5) size 70x19
              text run at (540,5) width 70: "Comment: "
            RenderTextControl {INPUT} at (612,3) size 157x24 [bgcolor=#FFFFFF] [border: (2px inset #000000)]
          RenderText {#text} at (0,0) size 0x0
          RenderButton {INPUT} at (2,32) size 57x24 [bgcolor=#C0C0C0] [border: (2px outset #C0C0C0)]
            RenderBlock (anonymous) at (8,4) size 41x16
              RenderText at (0,0) size 41x16
                text run at (0,0) width 41: "Submit"
          RenderText {#text} at (0,0) size 0x0
      RenderBlock {HR} at (0,536) size 784x2 [border: (1px inset #000000)]
      RenderBlock {P} at (0,554) size 784x20
        RenderText {#text} at (0,0) size 63x19
          text run at (0,0) width 63: "Up to the "
        RenderInline {A} at (0,0) size 73x19 [color=#0000EE]
          RenderText {#text} at (63,0) size 73x19
            text run at (63,0) width 73: "Table Tests"
        RenderText {#text} at (136,0) size 4x19
          text run at (136,0) width 4: "."
      RenderBlock {P} at (0,590) size 784x20
        RenderText {#text} at (0,0) size 63x19
          text run at (0,0) width 63: "Up to the "
        RenderInline {A} at (0,0) size 98x19 [color=#0000EE]
          RenderText {#text} at (63,0) size 98x19
            text run at (63,0) width 98: "Evil Tests Page"
        RenderText {#text} at (161,0) size 4x19
          text run at (161,0) width 4: "."
      RenderBlock {P} at (0,626) size 784x20
        RenderText {#text} at (0,0) size 173x19
          text run at (0,0) width 173: "This page is maintained by "
        RenderInline {A} at (0,0) size 77x19 [color=#0000EE]
          RenderText {#text} at (173,0) size 77x19
            text run at (173,0) width 77: "Ian Hickson"
        RenderText {#text} at (250,0) size 9x19
          text run at (250,0) width 9: " ("
        RenderInline {A} at (0,0) size 123x19 [color=#0000EE]
          RenderText {#text} at (259,0) size 123x19
            text run at (259,0) width 123: "py8ieh@bath.ac.uk"
        RenderText {#text} at (382,0) size 9x19
          text run at (382,0) width 9: ")."
      RenderBlock {P} at (0,662) size 784x20
        RenderText {#text} at (0,0) size 182x19
          text run at (0,0) width 182: "Last updated in March 1999."
layer at (623,490) size 151x16
  RenderBlock {DIV} at (3,4) size 151x16
