layer at (0,0) size 800x600
  RenderView at (0,0) size 800x600
layer at (0,0) size 800x600
  RenderBlock {HTML} at (0,0) size 800x600
    RenderBody {BODY} at (8,8) size 784x584
      RenderBlock (anonymous) at (0,0) size 784x18
        RenderText {#text} at (0,0) size 498x17
          text run at (0,0) width 498: "BUG: Inside a cell, \"height:x%\" is ignored. It looks like 'auto' is used instead."
        RenderBR {BR} at (497,13) size 1x0
      RenderListItem {LI} at (0,18) size 784x18
        RenderListMarker at (-1,0) size 6x17: bullet
        RenderText {#text} at (13,0) size 265x17
          text run at (13,0) width 265: "Absolute units work correctly (eg. 50px)."
      RenderListItem {LI} at (0,36) size 784x490
        RenderBlock (anonymous) at (0,0) size 784x18
          RenderListMarker at (-1,0) size 6x17: bullet
          RenderText {#text} at (13,0) size 184x17
            text run at (13,0) width 184: "\"width:x%\" works correctly."
        RenderBlock {HR} at (0,26) size 784x2 [border: (1px inset #000000)]
        RenderTable {TABLE} at (0,36) size 784x100
          RenderTableSection {TBODY} at (0,0) size 784x100
            RenderTableRow {TR} at (0,2) size 784x96
              RenderTableCell {TD} at (2,13) size 780x73 [bgcolor=#FF0000] [r=0 c=0 rs=1 cs=1]
                RenderText {#text} at (0,0) size 0x0
        RenderBlock {HR} at (0,144) size 784x2 [border: (1px inset #000000)]
        RenderTable {TABLE} at (0,154) size 784x100
          RenderTableSection {TBODY} at (0,0) size 784x100
            RenderTableRow {TR} at (0,2) size 784x96
              RenderTableCell {TD} at (2,9) size 780x82 [bgcolor=#FF0000] [r=0 c=0 rs=1 cs=1]
                RenderText {#text} at (0,0) size 0x0
        RenderBlock {HR} at (0,262) size 784x2 [border: (1px inset #000000)]
        RenderTable {TABLE} at (0,272) size 784x100
          RenderTableSection {TBODY} at (0,0) size 784x100
            RenderTableRow {TR} at (0,2) size 784x96
              RenderTableCell {TD} at (2,11) size 780x77 [bgcolor=#FF0000] [r=0 c=0 rs=1 cs=1]
                RenderBlock {P} at (1,1) size 622x75 [bgcolor=#FFFFE0]
                  RenderText {#text} at (0,0) size 233x17
                    text run at (0,0) width 233: "BUG: the height of the P is not 80%"
        RenderBlock {HR} at (0,380) size 784x2 [border: (1px inset #000000)]
        RenderTable {TABLE} at (0,390) size 784x100
          RenderTableSection {TBODY} at (0,0) size 784x100
            RenderTableRow {TR} at (0,2) size 784x96
              RenderTableCell {TD} at (2,9) size 780x82 [bgcolor=#FF0000] [r=0 c=0 rs=1 cs=1]
                RenderBlock {P} at (1,1) size 622x80 [bgcolor=#FFFFE0]
                  RenderText {#text} at (0,0) size 226x17
                    text run at (0,0) width 226: "OK: the height of the P is 80 pixels"
layer at (11,94) size 622x71 clip at (12,95) size 620x69
  RenderTextControl {TEXTAREA} at (1,1) size 622x71 [bgcolor=#FFFFFF] [border: (1px solid #000000)]
    RenderBlock {DIV} at (3,2) size 616x18
      RenderText {#text} at (0,0) size 420x18
        text run at (0,0) width 420: "BUG: the height of the textarea is not 80%"
layer at (11,208) size 622x80 clip at (12,209) size 620x78
  RenderTextControl {TEXTAREA} at (1,1) size 622x80 [bgcolor=#FFFFFF] [border: (1px solid #000000)]
    RenderBlock {DIV} at (3,2) size 616x18
      RenderText {#text} at (0,0) size 430x18
        text run at (0,0) width 430: "OK: the height of the textarea is 80 pixels"
