layer at (0,0) size 800x1410
  RenderView at (0,0) size 800x600
layer at (0,0) size 800x1410
  RenderBlock {HTML} at (0,0) size 800x1410
    RenderBody {BODY} at (8,8) size 784x1394
      RenderBlock {P} at (0,0) size 784x20
        RenderText {#text} at (0,0) size 159x19
          text run at (0,0) width 159: "IFRAME inside TFOOT"
      RenderTable {TABLE} at (0,36) size 784x418 [border: (1px outset #808080)]
        RenderTableSection {THEAD} at (1,1) size 782x104
          RenderTableRow {TR} at (0,2) size 782x100
            RenderTableCell {TD} at (2,30) size 41x44 [border: (1px inset #808080)] [r=0 c=0 rs=1 cs=1]
              RenderText {#text} at (2,2) size 26x39
                text run at (2,2) width 12: "A"
                text run at (2,22) width 26: "Cell"
            RenderTableCell {TD} at (45,2) size 691x100 [border: (1px inset #808080)] [r=0 c=1 rs=1 cs=1]
              RenderInline {SPAN} at (0,0) size 609x94
                RenderText {#text} at (2,3) size 609x94
                  text run at (2,3) width 609: "THEAD blah blah blah blah blah blah"
                  text run at (2,51) width 135: "THEAD"
              RenderText {#text} at (0,0) size 0x0
            RenderTableCell {TD} at (738,30) size 42x44 [border: (1px inset #808080)] [r=0 c=2 rs=1 cs=1]
              RenderText {#text} at (2,2) size 26x39
                text run at (2,2) width 12: "A"
                text run at (2,22) width 26: "Cell"
        RenderTableSection {TFOOT} at (1,209) size 782x208
          RenderTableRow {TR} at (0,2) size 782x204
            RenderTableCell {TD} at (2,82) size 41x44 [border: (1px inset #808080)] [r=0 c=0 rs=1 cs=1]
              RenderText {#text} at (2,2) size 26x39
                text run at (2,2) width 12: "A"
                text run at (2,22) width 26: "Cell"
            RenderTableCell {TD} at (45,2) size 691x204 [border: (1px inset #808080)] [r=0 c=1 rs=1 cs=1]
              RenderPartObject {IFRAME} at (12,12) size 155x180 [border: (5px solid #FF0000)]
                layer at (0,0) size 125x150
                  RenderView at (0,0) size 125x150
                layer at (0,0) size 125x150
                  RenderBlock {HTML} at (0,0) size 125x150
                    RenderBody {BODY} at (8,8) size 109x134
              RenderText {#text} at (0,0) size 0x0
            RenderTableCell {TD} at (738,82) size 42x44 [border: (1px inset #808080)] [r=0 c=2 rs=1 cs=1]
              RenderText {#text} at (2,2) size 26x39
                text run at (2,2) width 12: "A"
                text run at (2,22) width 26: "Cell"
        RenderTableSection {TBODY} at (1,105) size 782x104
          RenderTableRow {TR} at (0,2) size 782x100
            RenderTableCell {TD} at (2,30) size 41x44 [border: (1px inset #808080)] [r=0 c=0 rs=1 cs=1]
              RenderText {#text} at (2,2) size 26x39
                text run at (2,2) width 12: "A"
                text run at (2,22) width 26: "Cell"
            RenderTableCell {TD} at (45,2) size 691x100 [border: (1px inset #808080)] [r=0 c=1 rs=1 cs=1]
              RenderInline {SPAN} at (0,0) size 612x94
                RenderText {#text} at (2,3) size 612x94
                  text run at (2,3) width 612: "TBODY blah blah blah blah blah blah"
                  text run at (2,51) width 138: "TBODY"
              RenderText {#text} at (0,0) size 0x0
            RenderTableCell {TD} at (738,30) size 42x44 [border: (1px inset #808080)] [r=0 c=2 rs=1 cs=1]
              RenderText {#text} at (2,2) size 26x39
                text run at (2,2) width 12: "A"
                text run at (2,22) width 26: "Cell"
      RenderBlock {P} at (0,470) size 784x20
        RenderText {#text} at (0,0) size 163x19
          text run at (0,0) width 163: "IFRAME inside TBODY"
      RenderTable {TABLE} at (0,506) size 784x418 [border: (1px outset #808080)]
        RenderTableSection {THEAD} at (1,1) size 782x104
          RenderTableRow {TR} at (0,2) size 782x100
            RenderTableCell {TD} at (2,30) size 41x44 [border: (1px inset #808080)] [r=0 c=0 rs=1 cs=1]
              RenderText {#text} at (2,2) size 26x39
                text run at (2,2) width 12: "A"
                text run at (2,22) width 26: "Cell"
            RenderTableCell {TD} at (45,2) size 691x100 [border: (1px inset #808080)] [r=0 c=1 rs=1 cs=1]
              RenderInline {SPAN} at (0,0) size 609x94
                RenderText {#text} at (2,3) size 609x94
                  text run at (2,3) width 609: "THEAD blah blah blah blah blah blah"
                  text run at (2,51) width 135: "THEAD"
              RenderText {#text} at (0,0) size 0x0
            RenderTableCell {TD} at (738,30) size 42x44 [border: (1px inset #808080)] [r=0 c=2 rs=1 cs=1]
              RenderText {#text} at (2,2) size 26x39
                text run at (2,2) width 12: "A"
                text run at (2,22) width 26: "Cell"
        RenderTableSection {TFOOT} at (1,313) size 782x104
          RenderTableRow {TR} at (0,2) size 782x100
            RenderTableCell {TD} at (2,30) size 41x44 [border: (1px inset #808080)] [r=0 c=0 rs=1 cs=1]
              RenderText {#text} at (2,2) size 26x39
                text run at (2,2) width 12: "A"
                text run at (2,22) width 26: "Cell"
            RenderTableCell {TD} at (45,2) size 691x100 [border: (1px inset #808080)] [r=0 c=1 rs=1 cs=1]
              RenderInline {SPAN} at (0,0) size 602x94
                RenderText {#text} at (2,3) size 602x94
                  text run at (2,3) width 602: "TFOOT blah blah blah blah blah blah"
                  text run at (2,51) width 128: "TFOOT"
              RenderText {#text} at (0,0) size 0x0
            RenderTableCell {TD} at (738,30) size 42x44 [border: (1px inset #808080)] [r=0 c=2 rs=1 cs=1]
              RenderText {#text} at (2,2) size 26x39
                text run at (2,2) width 12: "A"
                text run at (2,22) width 26: "Cell"
        RenderTableSection {TBODY} at (1,105) size 782x208
          RenderTableRow {TR} at (0,2) size 782x204
            RenderTableCell {TD} at (2,82) size 41x44 [border: (1px inset #808080)] [r=0 c=0 rs=1 cs=1]
              RenderText {#text} at (2,2) size 26x39
                text run at (2,2) width 12: "A"
                text run at (2,22) width 26: "Cell"
            RenderTableCell {TD} at (45,2) size 691x204 [border: (1px inset #808080)] [r=0 c=1 rs=1 cs=1]
              RenderPartObject {IFRAME} at (12,12) size 155x180 [border: (5px solid #FF0000)]
                layer at (0,0) size 125x150
                  RenderView at (0,0) size 125x150
                layer at (0,0) size 125x150
                  RenderBlock {HTML} at (0,0) size 125x150
                    RenderBody {BODY} at (8,8) size 109x134
              RenderText {#text} at (0,0) size 0x0
            RenderTableCell {TD} at (738,82) size 42x44 [border: (1px inset #808080)] [r=0 c=2 rs=1 cs=1]
              RenderText {#text} at (2,2) size 26x39
                text run at (2,2) width 12: "A"
                text run at (2,22) width 26: "Cell"
      RenderBlock {P} at (0,940) size 784x20
        RenderText {#text} at (0,0) size 162x19
          text run at (0,0) width 162: "IFRAME inside THEAD"
      RenderTable {TABLE} at (0,976) size 784x418 [border: (1px outset #808080)]
        RenderTableSection {THEAD} at (1,1) size 782x208
          RenderTableRow {TR} at (0,2) size 782x204
            RenderTableCell {TD} at (2,82) size 41x44 [border: (1px inset #808080)] [r=0 c=0 rs=1 cs=1]
              RenderText {#text} at (2,2) size 26x39
                text run at (2,2) width 12: "A"
                text run at (2,22) width 26: "Cell"
            RenderTableCell {TD} at (45,2) size 691x204 [border: (1px inset #808080)] [r=0 c=1 rs=1 cs=1]
              RenderPartObject {IFRAME} at (12,12) size 155x180 [border: (5px solid #FF0000)]
                layer at (0,0) size 125x150
                  RenderView at (0,0) size 125x150
                layer at (0,0) size 125x150
                  RenderBlock {HTML} at (0,0) size 125x150
                    RenderBody {BODY} at (8,8) size 109x134
              RenderText {#text} at (0,0) size 0x0
            RenderTableCell {TD} at (738,82) size 42x44 [border: (1px inset #808080)] [r=0 c=2 rs=1 cs=1]
              RenderText {#text} at (2,2) size 26x39
                text run at (2,2) width 12: "A"
                text run at (2,22) width 26: "Cell"
        RenderTableSection {TFOOT} at (1,313) size 782x104
          RenderTableRow {TR} at (0,2) size 782x100
            RenderTableCell {TD} at (2,30) size 41x44 [border: (1px inset #808080)] [r=0 c=0 rs=1 cs=1]
              RenderText {#text} at (2,2) size 26x39
                text run at (2,2) width 12: "A"
                text run at (2,22) width 26: "Cell"
            RenderTableCell {TD} at (45,2) size 691x100 [border: (1px inset #808080)] [r=0 c=1 rs=1 cs=1]
              RenderInline {SPAN} at (0,0) size 602x94
                RenderText {#text} at (2,3) size 602x94
                  text run at (2,3) width 602: "TFOOT blah blah blah blah blah blah"
                  text run at (2,51) width 128: "TFOOT"
              RenderText {#text} at (0,0) size 0x0
            RenderTableCell {TD} at (738,30) size 42x44 [border: (1px inset #808080)] [r=0 c=2 rs=1 cs=1]
              RenderText {#text} at (2,2) size 26x39
                text run at (2,2) width 12: "A"
                text run at (2,22) width 26: "Cell"
        RenderTableSection {TBODY} at (1,209) size 782x104
          RenderTableRow {TR} at (0,2) size 782x100
            RenderTableCell {TD} at (2,30) size 41x44 [border: (1px inset #808080)] [r=0 c=0 rs=1 cs=1]
              RenderText {#text} at (2,2) size 26x39
                text run at (2,2) width 12: "A"
                text run at (2,22) width 26: "Cell"
            RenderTableCell {TD} at (45,2) size 691x100 [border: (1px inset #808080)] [r=0 c=1 rs=1 cs=1]
              RenderInline {SPAN} at (0,0) size 612x94
                RenderText {#text} at (2,3) size 612x94
                  text run at (2,3) width 612: "TBODY blah blah blah blah blah blah"
                  text run at (2,51) width 138: "TBODY"
              RenderText {#text} at (0,0) size 0x0
            RenderTableCell {TD} at (738,30) size 42x44 [border: (1px inset #808080)] [r=0 c=2 rs=1 cs=1]
              RenderText {#text} at (2,2) size 26x39
                text run at (2,2) width 12: "A"
                text run at (2,22) width 26: "Cell"
