layer at (0,0) size 942x600
  RenderView at (0,0) size 800x600
layer at (0,0) size 800x600
  RenderBlock {HTML} at (0,0) size 800x600
    RenderBody {BODY} at (0,0) size 800x600 [color=#FFFF00] [bgcolor=#000000]
      RenderBlock {P} at (40,40) size 720x20
        RenderInline {B} at (0,0) size 289x19
          RenderText {#text} at (0,0) size 289x19
            text run at (0,0) width 289: "All cell borders should look the same."
      RenderTable {TABLE} at (40,76) size 902x196 [border: (1px outset #808080)]
        RenderTableCol {COLGROUP} at (0,0) size 0x0
          RenderTableCol {COL} at (0,0) size 0x0
        RenderTableSection {TBODY} at (1,1) size 900x194
          RenderTableRow {TR} at (0,0) size 900x21
            RenderTableCell {TD} at (0,0) size 900x21 [color=#00FF00] [bgcolor=#000000] [border: (1px inset #808080)] [r=0 c=0 rs=1 cs=3]
              RenderBlock {P} at (1,1) size 898x19
                RenderText {#text} at (375,0) size 148x18
                  text run at (375,0) width 148: "look at cell borders..."
          RenderTableRow {TR} at (0,21) size 900x173
            RenderTableCell {TD} at (0,154) size 300x40 [color=#00FF00] [bgcolor=#000000] [border: (1px inset #808080)] [r=1 c=0 rs=1 cs=1]
              RenderBlock {P} at (1,1) size 298x38
                RenderText {#text} at (125,0) size 48x18
                  text run at (125,0) width 48: "border"
                RenderBR {BR} at (172,15) size 1x0
                RenderText {#text} at (120,19) size 58x18
                  text run at (120,19) width 58: "bottom?"
            RenderTableCell {TD} at (300,21) size 300x173 [color=#00FF00] [bgcolor=#000000] [border: (1px inset #808080)] [r=1 c=1 rs=1 cs=1]
              RenderBlock {P} at (1,1) size 298x171
                RenderText {#text} at (122,0) size 54x18
                  text run at (122,0) width 54: "this cell"
                RenderBR {BR} at (175,15) size 1x0
                RenderText {#text} at (125,19) size 48x18
                  text run at (125,19) width 48: "border"
                RenderBR {BR} at (172,34) size 1x0
                RenderText {#text} at (136,38) size 26x18
                  text run at (136,38) width 26: "fine"
                RenderBR {BR} at (161,53) size 1x0
                RenderText {#text} at (122,57) size 54x18
                  text run at (122,57) width 54: "this cell"
                RenderBR {BR} at (175,72) size 1x0
                RenderText {#text} at (125,76) size 48x18
                  text run at (125,76) width 48: "border"
                RenderBR {BR} at (172,91) size 1x0
                RenderText {#text} at (136,95) size 26x18
                  text run at (136,95) width 26: "fine"
                RenderBR {BR} at (161,110) size 1x0
                RenderText {#text} at (122,114) size 54x18
                  text run at (122,114) width 54: "this cell"
                RenderBR {BR} at (175,129) size 1x0
                RenderText {#text} at (125,133) size 48x18
                  text run at (125,133) width 48: "border"
                RenderBR {BR} at (172,148) size 1x0
                RenderText {#text} at (136,152) size 26x18
                  text run at (136,152) width 26: "fine"
            RenderTableCell {TD} at (600,21) size 300x173 [color=#00FF00] [bgcolor=#000000] [border: (1px inset #808080)] [r=1 c=2 rs=1 cs=1]
              RenderBlock {P} at (1,1) size 298x171
                RenderText {#text} at (122,0) size 54x18
                  text run at (122,0) width 54: "this cell"
                RenderBR {BR} at (175,15) size 1x0
                RenderText {#text} at (125,19) size 48x18
                  text run at (125,19) width 48: "border"
                RenderBR {BR} at (172,34) size 1x0
                RenderText {#text} at (136,38) size 26x18
                  text run at (136,38) width 26: "fine"
                RenderBR {BR} at (161,53) size 1x0
                RenderText {#text} at (122,57) size 54x18
                  text run at (122,57) width 54: "this cell"
                RenderBR {BR} at (175,72) size 1x0
                RenderText {#text} at (125,76) size 48x18
                  text run at (125,76) width 48: "border"
                RenderBR {BR} at (172,91) size 1x0
                RenderText {#text} at (136,95) size 26x18
                  text run at (136,95) width 26: "fine"
                RenderBR {BR} at (161,110) size 1x0
                RenderText {#text} at (122,114) size 54x18
                  text run at (122,114) width 54: "this cell"
                RenderBR {BR} at (175,129) size 1x0
                RenderText {#text} at (125,133) size 48x18
                  text run at (125,133) width 48: "border"
                RenderBR {BR} at (172,148) size 1x0
                RenderText {#text} at (136,152) size 26x18
                  text run at (136,152) width 26: "fine"
