layer at (0,0) size 800x600
  RenderView at (0,0) size 800x600
layer at (0,0) size 800x600
  RenderBlock {HTML} at (0,0) size 800x600
    RenderBody {BODY} at (8,8) size 784x584
      RenderTable {TABLE} at (0,0) size 784x382 [border: none]
        RenderTableSection {TBODY} at (0,0) size 783x381
          RenderTableRow {TR} at (0,0) size 783x23
            RenderTableCell {TH} at (0,0) size 111x23 [border: (1px solid #005A8C)] [r=0 c=0 rs=1 cs=1]
              RenderText {#text} at (42,2) size 28x19
                text run at (42,2) width 28: "Sun"
            RenderTableCell {TH} at (111,0) size 112x23 [border: (1px solid #005A8C)] [r=0 c=1 rs=1 cs=1]
              RenderText {#text} at (40,2) size 33x19
                text run at (40,2) width 33: "Mon"
            RenderTableCell {TH} at (223,0) size 112x23 [border: (1px solid #005A8C)] [r=0 c=2 rs=1 cs=1]
              RenderText {#text} at (43,2) size 27x19
                text run at (43,2) width 27: "Tue"
            RenderTableCell {TH} at (335,0) size 112x23 [border: (1px solid #005A8C)] [r=0 c=3 rs=1 cs=1]
              RenderText {#text} at (40,2) size 33x19
                text run at (40,2) width 33: "Wed"
            RenderTableCell {TH} at (447,0) size 112x23 [border: (1px solid #005A8C)] [r=0 c=4 rs=1 cs=1]
              RenderText {#text} at (42,2) size 29x19
                text run at (42,2) width 29: "Thu"
            RenderTableCell {TH} at (559,0) size 112x23 [border: (1px solid #005A8C)] [r=0 c=5 rs=1 cs=1]
              RenderText {#text} at (45,2) size 23x19
                text run at (45,2) width 23: "Fri"
            RenderTableCell {TH} at (671,0) size 112x23 [border: (1px solid #005A8C)] [r=0 c=6 rs=1 cs=1]
              RenderText {#text} at (45,2) size 23x19
                text run at (45,2) width 23: "Sat"
          RenderTableRow {TR} at (0,23) size 783x43
            RenderTableCell {TD} at (0,23) size 559x3 [border: (1px solid #005A8C)] [r=1 c=0 rs=1 cs=5]
            RenderTableCell {TD} at (559,23) size 112x43 [border: (1px solid #005A8C)] [r=1 c=5 rs=1 cs=1]
              RenderBlock {DIV} at (2,2) size 109x20
                RenderText {#text} at (0,0) size 8x19
                  text run at (0,0) width 8: "1"
              RenderBlock {DIV} at (2,22) size 109x20
                RenderText {#text} at (0,0) size 29x19
                  text run at (0,0) width 29: "7:50"
            RenderTableCell {TD} at (671,23) size 112x43 [border: (1px solid #005A8C)] [r=1 c=6 rs=1 cs=1]
              RenderBlock {DIV} at (2,2) size 109x20
                RenderText {#text} at (0,0) size 8x19
                  text run at (0,0) width 8: "2"
              RenderBlock (anonymous) at (2,22) size 109x20
                RenderText {#text} at (0,0) size 102x19
                  text run at (0,0) width 102: "Althea Halliday"
                RenderBR {BR} at (101,15) size 1x0
          RenderTableRow {TR} at (0,66) size 783x83
            RenderTableCell {TD} at (0,66) size 111x83 [border: (1px solid #005A8C)] [r=2 c=0 rs=1 cs=1]
              RenderBlock {DIV} at (2,2) size 108x20
                RenderText {#text} at (0,0) size 8x19
                  text run at (0,0) width 8: "3"
              RenderBlock (anonymous) at (2,22) size 108x60
                RenderText {#text} at (0,0) size 66x19
                  text run at (0,0) width 66: "CHORTle"
                RenderBR {BR} at (65,15) size 1x0
                RenderText {#text} at (0,20) size 69x39
                  text run at (0,20) width 63: "Avondale"
                  text run at (0,40) width 69: "graduation"
            RenderTableCell {TD} at (111,66) size 112x43 [border: (1px solid #005A8C)] [r=2 c=1 rs=1 cs=1]
              RenderBlock {DIV} at (2,2) size 109x20
                RenderText {#text} at (0,0) size 8x19
                  text run at (0,0) width 8: "4"
              RenderBlock (anonymous) at (2,22) size 109x20
                RenderBR {BR} at (0,0) size 0x19
            RenderTableCell {TD} at (223,66) size 112x63 [border: (1px solid #005A8C)] [r=2 c=2 rs=1 cs=1]
              RenderBlock {DIV} at (2,2) size 109x20
                RenderText {#text} at (0,0) size 8x19
                  text run at (0,0) width 8: "5"
              RenderBlock (anonymous) at (2,22) size 109x40
                RenderText {#text} at (0,0) size 82x39
                  text run at (0,0) width 82: "SAC Speech"
                  text run at (0,20) width 33: "night"
            RenderTableCell {TD} at (335,66) size 112x63 [border: (1px solid #005A8C)] [r=2 c=3 rs=1 cs=1]
              RenderBlock {DIV} at (2,2) size 109x20
                RenderText {#text} at (0,0) size 8x19
                  text run at (0,0) width 8: "6"
              RenderBlock (anonymous) at (2,22) size 109x40
                RenderText {#text} at (0,0) size 84x39
                  text run at (0,0) width 84: "Management"
                  text run at (0,20) width 68: "committee"
            RenderTableCell {TD} at (447,66) size 112x83 [border: (1px solid #005A8C)] [r=2 c=4 rs=1 cs=1]
              RenderBlock {DIV} at (2,2) size 109x20
                RenderText {#text} at (0,0) size 8x19
                  text run at (0,0) width 8: "7"
              RenderBlock (anonymous) at (2,22) size 109x60
                RenderText {#text} at (0,0) size 101x59
                  text run at (0,0) width 97: "Castle Hill and"
                  text run at (0,20) width 101: "Mountain View"
                  text run at (0,40) width 90: "Speech nights"
            RenderTableCell {TD} at (559,66) size 112x43 [border: (1px solid #005A8C)] [r=2 c=5 rs=1 cs=1]
              RenderBlock {DIV} at (2,2) size 109x20
                RenderText {#text} at (0,0) size 8x19
                  text run at (0,0) width 8: "8"
              RenderBlock {DIV} at (2,22) size 109x20
                RenderText {#text} at (0,0) size 29x19
                  text run at (0,0) width 29: "7:56"
            RenderTableCell {TD} at (671,66) size 112x43 [border: (1px solid #005A8C)] [r=2 c=6 rs=1 cs=1]
              RenderBlock {DIV} at (2,2) size 109x20
                RenderText {#text} at (0,0) size 8x19
                  text run at (0,0) width 8: "9"
              RenderBlock (anonymous) at (2,22) size 109x20
                RenderText {#text} at (0,0) size 94x19
                  text run at (0,0) width 94: "Reconciliation"
          RenderTableRow {TR} at (0,149) size 783x83
            RenderTableCell {TD} at (0,149) size 111x43 [border: (1px solid #005A8C)] [r=3 c=0 rs=1 cs=1]
              RenderBlock {DIV} at (2,2) size 108x20
                RenderText {#text} at (0,0) size 16x19
                  text run at (0,0) width 16: "10"
              RenderBlock (anonymous) at (2,22) size 108x20
                RenderText {#text} at (0,0) size 102x19
                  text run at (0,0) width 102: "Christmas party"
                RenderBR {BR} at (101,15) size 1x0
            RenderTableCell {TD} at (111,149) size 112x43 [border: (1px solid #005A8C)] [r=3 c=1 rs=1 cs=1]
              RenderBlock {DIV} at (2,2) size 109x20
                RenderText {#text} at (0,0) size 16x19
                  text run at (0,0) width 16: "11"
              RenderBlock (anonymous) at (2,22) size 109x20
                RenderBR {BR} at (0,0) size 0x19
            RenderTableCell {TD} at (223,149) size 112x43 [border: (1px solid #005A8C)] [r=3 c=2 rs=1 cs=1]
              RenderBlock {DIV} at (2,2) size 109x20
                RenderText {#text} at (0,0) size 16x19
                  text run at (0,0) width 16: "12"
              RenderBlock (anonymous) at (2,22) size 109x20
                RenderBR {BR} at (0,0) size 0x19
            RenderTableCell {TD} at (335,149) size 112x83 [border: (1px solid #005A8C)] [r=3 c=3 rs=1 cs=1]
              RenderBlock {DIV} at (2,2) size 109x20
                RenderText {#text} at (0,0) size 16x19
                  text run at (0,0) width 16: "13"
              RenderBlock (anonymous) at (2,22) size 109x60
                RenderText {#text} at (0,0) size 77x59
                  text run at (0,0) width 77: "Community"
                  text run at (0,20) width 65: "Ministries"
                  text run at (0,40) width 68: "committee"
            RenderTableCell {TD} at (447,149) size 112x43 [border: (1px solid #005A8C)] [r=3 c=4 rs=1 cs=1]
              RenderBlock {DIV} at (2,2) size 109x20
                RenderText {#text} at (0,0) size 16x19
                  text run at (0,0) width 16: "14"
              RenderBlock (anonymous) at (2,22) size 109x20
                RenderBR {BR} at (0,0) size 0x19
            RenderTableCell {TD} at (559,149) size 112x43 [border: (1px solid #005A8C)] [r=3 c=5 rs=1 cs=1]
              RenderBlock {DIV} at (2,2) size 109x20
                RenderText {#text} at (0,0) size 16x19
                  text run at (0,0) width 16: "15"
              RenderBlock {DIV} at (2,22) size 109x20
                RenderText {#text} at (0,0) size 29x19
                  text run at (0,0) width 29: "8:02"
            RenderTableCell {TD} at (671,149) size 112x43 [border: (1px solid #005A8C)] [r=3 c=6 rs=1 cs=1]
              RenderBlock {DIV} at (2,2) size 109x20
                RenderText {#text} at (0,0) size 16x19
                  text run at (0,0) width 16: "16"
              RenderBlock (anonymous) at (2,22) size 109x20
                RenderText {#text} at (0,0) size 69x19
                  text run at (0,0) width 69: "Paul Goltz"
                RenderBR {BR} at (68,15) size 1x0
          RenderTableRow {TR} at (0,232) size 783x63
            RenderTableCell {TD} at (0,232) size 111x43 [border: (1px solid #005A8C)] [r=4 c=0 rs=1 cs=1]
              RenderBlock {DIV} at (2,2) size 108x20
                RenderText {#text} at (0,0) size 16x19
                  text run at (0,0) width 16: "17"
              RenderBlock (anonymous) at (2,22) size 108x20
                RenderBR {BR} at (0,0) size 0x19
            RenderTableCell {TD} at (111,232) size 112x43 [border: (1px solid #005A8C)] [r=4 c=1 rs=1 cs=1]
              RenderBlock {DIV} at (2,2) size 109x20
                RenderText {#text} at (0,0) size 16x19
                  text run at (0,0) width 16: "18"
              RenderBlock (anonymous) at (2,22) size 109x20
                RenderBR {BR} at (0,0) size 0x19
            RenderTableCell {TD} at (223,232) size 112x63 [border: (1px solid #005A8C)] [r=4 c=2 rs=1 cs=1]
              RenderBlock {DIV} at (2,2) size 109x20
                RenderText {#text} at (0,0) size 16x19
                  text run at (0,0) width 16: "19"
              RenderBlock (anonymous) at (2,22) size 109x40
                RenderText {#text} at (0,0) size 105x39
                  text run at (0,0) width 105: "End school term"
                  text run at (0,20) width 8: "4"
            RenderTableCell {TD} at (335,232) size 112x43 [border: (1px solid #005A8C)] [r=4 c=3 rs=1 cs=1]
              RenderBlock {DIV} at (2,2) size 109x20
                RenderText {#text} at (0,0) size 16x19
                  text run at (0,0) width 16: "20"
              RenderBlock (anonymous) at (2,22) size 109x20
                RenderBR {BR} at (0,0) size 0x19
            RenderTableCell {TD} at (447,232) size 112x43 [border: (1px solid #005A8C)] [r=4 c=4 rs=1 cs=1]
              RenderBlock {DIV} at (2,2) size 109x20
                RenderText {#text} at (0,0) size 16x19
                  text run at (0,0) width 16: "21"
              RenderBlock (anonymous) at (2,22) size 109x20
                RenderBR {BR} at (0,0) size 0x19
            RenderTableCell {TD} at (559,232) size 112x43 [border: (1px solid #005A8C)] [r=4 c=5 rs=1 cs=1]
              RenderBlock {DIV} at (2,2) size 109x20
                RenderText {#text} at (0,0) size 16x19
                  text run at (0,0) width 16: "22"
              RenderBlock {DIV} at (2,22) size 109x20
                RenderText {#text} at (0,0) size 29x19
                  text run at (0,0) width 29: "8:06"
            RenderTableCell {TD} at (671,232) size 112x63 [border: (1px solid #005A8C)] [r=4 c=6 rs=1 cs=1]
              RenderBlock {DIV} at (2,2) size 109x20
                RenderText {#text} at (0,0) size 16x19
                  text run at (0,0) width 16: "23"
              RenderBlock (anonymous) at (2,22) size 109x40
                RenderText {#text} at (0,0) size 74x39
                  text run at (0,0) width 65: "Christmas"
                  text run at (0,20) width 74: "programme"
                RenderBR {BR} at (73,35) size 1x0
          RenderTableRow {TR} at (0,295) size 783x43
            RenderTableCell {TD} at (0,295) size 111x43 [border: (1px solid #005A8C)] [r=5 c=0 rs=1 cs=1]
              RenderBlock {DIV} at (2,2) size 108x20
                RenderText {#text} at (0,0) size 16x19
                  text run at (0,0) width 16: "24"
              RenderBlock (anonymous) at (2,22) size 108x20
                RenderBR {BR} at (0,0) size 0x19
            RenderTableCell {TD} at (111,295) size 112x43 [border: (1px solid #005A8C)] [r=5 c=1 rs=1 cs=1]
              RenderBlock {DIV} at (2,2) size 109x20
                RenderText {#text} at (0,0) size 16x19
                  text run at (0,0) width 16: "25"
              RenderBlock (anonymous) at (2,22) size 109x20
                RenderText {#text} at (0,0) size 93x19
                  text run at (0,0) width 93: "Christmas day"
                RenderBR {BR} at (92,15) size 1x0
            RenderTableCell {TD} at (223,295) size 112x43 [border: (1px solid #005A8C)] [r=5 c=2 rs=1 cs=1]
              RenderBlock {DIV} at (2,2) size 109x20
                RenderText {#text} at (0,0) size 16x19
                  text run at (0,0) width 16: "26"
              RenderBlock (anonymous) at (2,22) size 109x20
                RenderText {#text} at (0,0) size 75x19
                  text run at (0,0) width 75: "Boxing day"
                RenderBR {BR} at (74,15) size 1x0
            RenderTableCell {TD} at (335,295) size 112x43 [border: (1px solid #005A8C)] [r=5 c=3 rs=1 cs=1]
              RenderBlock {DIV} at (2,2) size 109x20
                RenderText {#text} at (0,0) size 16x19
                  text run at (0,0) width 16: "27"
              RenderBlock (anonymous) at (2,22) size 109x20
                RenderBR {BR} at (0,0) size 0x19
            RenderTableCell {TD} at (447,295) size 112x43 [border: (1px solid #005A8C)] [r=5 c=4 rs=1 cs=1]
              RenderBlock {DIV} at (2,2) size 109x20
                RenderText {#text} at (0,0) size 16x19
                  text run at (0,0) width 16: "28"
              RenderBlock (anonymous) at (2,22) size 109x20
                RenderBR {BR} at (0,0) size 0x19
            RenderTableCell {TD} at (559,295) size 112x43 [border: (1px solid #005A8C)] [r=5 c=5 rs=1 cs=1]
              RenderBlock {DIV} at (2,2) size 109x20
                RenderText {#text} at (0,0) size 16x19
                  text run at (0,0) width 16: "29"
              RenderBlock {DIV} at (2,22) size 109x20
                RenderText {#text} at (0,0) size 29x19
                  text run at (0,0) width 29: "8:09"
            RenderTableCell {TD} at (671,295) size 112x43 [border: (1px solid #005A8C)] [r=5 c=6 rs=1 cs=1]
              RenderBlock {DIV} at (2,2) size 109x20
                RenderText {#text} at (0,0) size 16x19
                  text run at (0,0) width 16: "30"
              RenderBlock (anonymous) at (2,22) size 109x20
                RenderText {#text} at (0,0) size 95x19
                  text run at (0,0) width 95: "David Holman"
                RenderBR {BR} at (94,15) size 1x0
          RenderTableRow {TR} at (0,338) size 783x43
            RenderTableCell {TD} at (0,338) size 111x43 [border: (1px solid #005A8C)] [r=6 c=0 rs=1 cs=1]
              RenderBlock {DIV} at (2,2) size 108x20
                RenderText {#text} at (0,0) size 16x19
                  text run at (0,0) width 16: "31"
              RenderBlock (anonymous) at (2,22) size 108x20
                RenderBR {BR} at (0,0) size 0x19
            RenderTableCell {TD} at (111,338) size 672x3 [border: (1px solid #005A8C)] [r=6 c=1 rs=1 cs=6]
