layer at (0,0) size 800x656
  RenderView at (0,0) size 800x600
layer at (0,0) size 800x656
  RenderBlock {HTML} at (0,0) size 800x656
    RenderBody {BODY} at (8,8) size 784x640 [bgcolor=#FFFFFF]
      RenderTable {TABLE} at (0,0) size 308x56 [border: (1px outset #808080)]
        RenderTableCol {COLGROUP} at (0,0) size 0x0
          RenderTableCol {COL} at (0,0) size 0x0
          RenderTableCol {COL} at (0,0) size 0x0
        RenderTableSection {TBODY} at (1,1) size 306x54
          RenderTableRow {TR} at (0,2) size 306x24
          RenderTableRow {TR} at (0,28) size 306x24
      RenderTable {TABLE} at (0,56) size 308x56 [border: (1px outset #808080)]
        RenderTableCol {COLGROUP} at (0,0) size 0x0
          RenderTableCol {COL} at (0,0) size 0x0
          RenderTableCol {COL} at (0,0) size 0x0
        RenderTableSection {TBODY} at (1,1) size 306x54
          RenderTableRow {TR} at (0,2) size 306x24
          RenderTableRow {TR} at (0,28) size 306x24
      RenderTable {TABLE} at (0,112) size 300x56 [border: (1px outset #808080)]
        RenderTableSection {TBODY} at (1,1) size 298x54
          RenderTableRow {TR} at (0,2) size 298x24
          RenderTableRow {TR} at (0,28) size 298x24
      RenderTable {TABLE} at (0,168) size 300x56 [border: (1px outset #808080)]
        RenderTableSection {TBODY} at (1,1) size 298x54
          RenderTableRow {TR} at (0,2) size 298x24
          RenderTableRow {TR} at (0,28) size 298x24
      RenderTable {TABLE} at (0,224) size 300x65 [border: (1px outset #808080)]
        RenderTableSection {TBODY} at (1,1) size 298x63
          RenderTableRow {TR} at (0,2) size 298x33
          RenderTableRow {TR} at (0,37) size 298x24
      RenderTable {TABLE} at (0,289) size 300x65 [border: (1px outset #808080)]
        RenderTableSection {TBODY} at (1,1) size 298x63
          RenderTableRow {TR} at (0,2) size 298x33
          RenderTableRow {TR} at (0,37) size 298x24
      RenderTable {TABLE} at (0,354) size 300x98 [border: (1px outset #808080)]
        RenderTableSection {TBODY} at (1,1) size 298x96
          RenderTableRow {TR} at (0,2) size 298x48
          RenderTableRow {TR} at (0,52) size 298x42
      RenderTable {TABLE} at (0,546) size 300x94 [border: (1px outset #808080)]
        RenderTableSection {TBODY} at (1,1) size 298x92
          RenderTableRow {TR} at (0,2) size 298x62
          RenderTableRow {TR} at (0,66) size 298x24
layer at (11,11) size 200x24 clip at (12,12) size 198x22
  RenderTableCell {TD} at (2,2) size 200x24 [bgcolor=#0000FF] [border: (1px inset #808080)] [r=0 c=0 rs=1 cs=1]
    RenderText {#text} at (2,2) size 4x19
      text run at (2,2) width 4: " "
layer at (213,11) size 100x24 clip at (214,12) size 98x22
  RenderTableCell {TD} at (204,2) size 100x24 [bgcolor=#0000FF] [border: (1px inset #808080)] [r=0 c=1 rs=1 cs=1]
    RenderText {#text} at (2,2) size 4x19
      text run at (2,2) width 4: " "
layer at (11,37) size 200x24 clip at (12,38) size 198x22
  RenderTableCell {TD} at (2,28) size 200x24 [bgcolor=#0000FF] [border: (1px inset #808080)] [r=1 c=0 rs=1 cs=1]
    RenderText {#text} at (2,2) size 4x19
      text run at (2,2) width 4: " "
layer at (213,37) size 100x24 clip at (214,38) size 98x22
  RenderTableCell {TD} at (204,28) size 100x24 [bgcolor=#0000FF] [border: (1px inset #808080)] [r=1 c=1 rs=1 cs=1]
    RenderText {#text} at (2,2) size 4x19
      text run at (2,2) width 4: " "
layer at (11,67) size 200x24 clip at (12,68) size 198x22
  RenderTableCell {TD} at (2,2) size 200x24 [bgcolor=#0000FF] [border: (1px inset #808080)] [r=0 c=0 rs=1 cs=1]
    RenderText {#text} at (2,2) size 4x19
      text run at (2,2) width 4: " "
layer at (213,67) size 100x24 clip at (214,68) size 98x22
  RenderTableCell {TD} at (204,2) size 100x24 [bgcolor=#0000FF] [border: (1px inset #808080)] [r=0 c=1 rs=1 cs=1]
    RenderText {#text} at (2,2) size 4x19
      text run at (2,2) width 4: " "
layer at (11,93) size 200x24 clip at (12,94) size 198x22
  RenderTableCell {TD} at (2,28) size 200x24 [bgcolor=#0000FF] [border: (1px inset #808080)] [r=1 c=0 rs=1 cs=1]
    RenderText {#text} at (2,2) size 4x19
      text run at (2,2) width 4: " "
layer at (213,93) size 100x24 clip at (214,94) size 98x22
  RenderTableCell {TD} at (204,28) size 100x24 [bgcolor=#0000FF] [border: (1px inset #808080)] [r=1 c=1 rs=1 cs=1]
    RenderText {#text} at (2,2) size 4x19
      text run at (2,2) width 4: " "
layer at (11,123) size 233x24 clip at (12,124) size 231x22
  RenderTableCell {TD} at (2,2) size 233x24 [bgcolor=#0000FF] [border: (1px inset #808080)] [r=0 c=0 rs=1 cs=1]
    RenderText {#text} at (2,2) size 4x19
      text run at (2,2) width 4: " "
layer at (246,123) size 59x24 clip at (247,124) size 57x22
  RenderTableCell {TD} at (237,2) size 59x24 [bgcolor=#0000FF] [border: (1px inset #808080)] [r=0 c=1 rs=1 cs=1]
    RenderText {#text} at (2,2) size 4x19
      text run at (2,2) width 4: " "
layer at (11,149) size 233x24 clip at (12,150) size 231x22
  RenderTableCell {TD} at (2,28) size 233x24 [bgcolor=#0000FF] [border: (1px inset #808080)] [r=1 c=0 rs=1 cs=1]
    RenderText {#text} at (2,2) size 4x19
      text run at (2,2) width 4: " "
layer at (246,149) size 59x24 clip at (247,150) size 57x22
  RenderTableCell {TD} at (237,28) size 59x24 [bgcolor=#0000FF] [border: (1px inset #808080)] [r=1 c=1 rs=1 cs=1]
    RenderText {#text} at (2,2) size 4x19
      text run at (2,2) width 4: " "
layer at (11,179) size 154x24 clip at (12,180) size 152x22
  RenderTableCell {TD} at (2,2) size 154x24 [bgcolor=#0000FF] [border: (1px inset #808080)] [r=0 c=0 rs=1 cs=1]
    RenderText {#text} at (2,2) size 4x19
      text run at (2,2) width 4: " "
layer at (167,179) size 138x24 clip at (168,180) size 136x22
  RenderTableCell {TD} at (158,2) size 138x24 [bgcolor=#0000FF] [border: (1px inset #808080)] [r=0 c=1 rs=1 cs=1]
    RenderText {#text} at (2,2) size 4x19
      text run at (2,2) width 4: " "
layer at (11,205) size 154x24 clip at (12,206) size 152x22
  RenderTableCell {TD} at (2,28) size 154x24 [bgcolor=#0000FF] [border: (1px inset #808080)] [r=1 c=0 rs=1 cs=1]
    RenderText {#text} at (2,2) size 4x19
      text run at (2,2) width 4: " "
layer at (167,205) size 138x24 clip at (168,206) size 136x22
  RenderTableCell {TD} at (158,28) size 138x24 [bgcolor=#0000FF] [border: (1px inset #808080)] [r=1 c=1 rs=1 cs=1]
    RenderText {#text} at (2,2) size 4x19
      text run at (2,2) width 4: " "
layer at (11,235) size 154x33 clip at (12,236) size 152x31 scrollWidth 201
  RenderTableCell {TD} at (2,2) size 154x33 [bgcolor=#0000FF] [border: (1px inset #808080)] [r=0 c=0 rs=1 cs=1]
    RenderBlock {FORM} at (2,2) size 150x29
      RenderButton {BUTTON} at (0,2) size 200x25 [bgcolor=#C0C0C0] [border: (2px outset #C0C0C0)]
        RenderBlock (anonymous) at (8,3) size 184x19
          RenderText {#text} at (69,0) size 46x19
            text run at (69,0) width 46: "button"
layer at (167,235) size 138x33 clip at (168,236) size 136x31
  RenderTableCell {TD} at (158,6) size 138x24 [bgcolor=#0000FF] [border: (1px inset #808080)] [r=0 c=1 rs=1 cs=1]
    RenderText {#text} at (2,2) size 4x19
      text run at (2,2) width 4: " "
layer at (11,270) size 154x24 clip at (12,271) size 152x22
  RenderTableCell {TD} at (2,37) size 154x24 [bgcolor=#0000FF] [border: (1px inset #808080)] [r=1 c=0 rs=1 cs=1]
    RenderText {#text} at (2,2) size 4x19
      text run at (2,2) width 4: " "
layer at (167,270) size 138x24 clip at (168,271) size 136x22
  RenderTableCell {TD} at (158,37) size 138x24 [bgcolor=#0000FF] [border: (1px inset #808080)] [r=1 c=1 rs=1 cs=1]
    RenderText {#text} at (2,2) size 4x19
      text run at (2,2) width 4: " "
layer at (11,300) size 280x33 clip at (12,301) size 278x31
  RenderTableCell {TD} at (2,2) size 280x33 [bgcolor=#0000FF] [border: (1px inset #808080)] [r=0 c=0 rs=1 cs=1]
    RenderBlock {FORM} at (2,2) size 276x29
      RenderButton {BUTTON} at (0,2) size 200x25 [bgcolor=#C0C0C0] [border: (2px outset #C0C0C0)]
        RenderBlock (anonymous) at (8,3) size 184x19
          RenderText {#text} at (69,0) size 46x19
            text run at (69,0) width 46: "button"
layer at (293,300) size 12x33 clip at (294,301) size 10x31
  RenderTableCell {TD} at (284,6) size 12x24 [bgcolor=#0000FF] [border: (1px inset #808080)] [r=0 c=1 rs=1 cs=1]
    RenderText {#text} at (2,2) size 4x19
      text run at (2,2) width 4: " "
layer at (11,335) size 280x24 clip at (12,336) size 278x22
  RenderTableCell {TD} at (2,37) size 280x24 [bgcolor=#0000FF] [border: (1px inset #808080)] [r=1 c=0 rs=1 cs=1]
    RenderText {#text} at (2,2) size 4x19
      text run at (2,2) width 4: " "
layer at (293,335) size 12x24 clip at (294,336) size 10x22
  RenderTableCell {TD} at (284,37) size 12x24 [bgcolor=#0000FF] [border: (1px inset #808080)] [r=1 c=1 rs=1 cs=1]
    RenderText {#text} at (2,2) size 4x19
      text run at (2,2) width 4: " "
layer at (11,365) size 172x48 clip at (12,366) size 170x46 scrollWidth 216
  RenderTableCell {TD} at (2,2) size 172x48 [bgcolor=#0000FF] [border: (1px inset #808080)] [r=0 c=0 rs=1 cs=1]
    RenderBlock {DIV} at (11,11) size 206x26 [border: (3px solid #000000)]
      RenderText {#text} at (3,3) size 21x19
        text run at (3,3) width 21: "div"
layer at (185,365) size 120x48 clip at (186,366) size 118x46
  RenderTableCell {TD} at (176,5) size 120x42 [bgcolor=#0000FF] [border: (1px inset #808080)] [r=0 c=1 rs=1 cs=1]
    RenderText {#text} at (11,11) size 4x19
      text run at (11,11) width 4: " "
layer at (11,415) size 172x42 clip at (12,416) size 170x40
  RenderTableCell {TD} at (2,52) size 172x42 [bgcolor=#0000FF] [border: (1px inset #808080)] [r=1 c=0 rs=1 cs=1]
    RenderText {#text} at (11,11) size 4x19
      text run at (11,11) width 4: " "
layer at (185,415) size 120x42 clip at (186,416) size 118x40
  RenderTableCell {TD} at (176,52) size 120x42 [bgcolor=#0000FF] [border: (1px inset #808080)] [r=1 c=1 rs=1 cs=1]
    RenderText {#text} at (11,11) size 4x19
      text run at (11,11) width 4: " "
layer at (8,460) size 300x94 clip at (9,461) size 298x92
  RenderTable {TABLE} at (0,452) size 300x94 [border: (1px outset #808080)]
    RenderTableSection {TBODY} at (1,1) size 298x92
      RenderTableRow {TR} at (0,2) size 298x62
      RenderTableRow {TR} at (0,66) size 298x24
layer at (11,463) size 154x62 clip at (12,464) size 152x60 scrollWidth 207
  RenderTableCell {TD} at (2,2) size 154x62 [bgcolor=#0000FF] [border: (1px inset #808080)] [r=0 c=0 rs=1 cs=1]
    RenderBlock {P} at (2,18) size 206x26 [border: (3px solid #000000)]
      RenderText {#text} at (3,3) size 28x19
        text run at (3,3) width 28: "para"
layer at (167,463) size 138x62 clip at (168,464) size 136x60
  RenderTableCell {TD} at (158,21) size 138x24 [bgcolor=#0000FF] [border: (1px inset #808080)] [r=0 c=1 rs=1 cs=1]
    RenderText {#text} at (2,2) size 4x19
      text run at (2,2) width 4: " "
layer at (11,527) size 154x24 clip at (12,528) size 152x22
  RenderTableCell {TD} at (2,66) size 154x24 [bgcolor=#0000FF] [border: (1px inset #808080)] [r=1 c=0 rs=1 cs=1]
    RenderText {#text} at (2,2) size 4x19
      text run at (2,2) width 4: " "
layer at (167,527) size 138x24 clip at (168,528) size 136x22
  RenderTableCell {TD} at (158,66) size 138x24 [bgcolor=#0000FF] [border: (1px inset #808080)] [r=1 c=1 rs=1 cs=1]
    RenderText {#text} at (2,2) size 4x19
      text run at (2,2) width 4: " "
layer at (11,557) size 254x62 clip at (12,558) size 252x60
  RenderTableCell {TD} at (2,2) size 254x62 [bgcolor=#0000FF] [border: (1px inset #808080)] [r=0 c=0 rs=1 cs=1]
    RenderBlock {P} at (2,18) size 206x26 [border: (3px solid #000000)]
      RenderText {#text} at (3,3) size 28x19
        text run at (3,3) width 28: "para"
layer at (267,557) size 38x62 clip at (268,558) size 36x60
  RenderTableCell {TD} at (258,21) size 38x24 [bgcolor=#0000FF] [border: (1px inset #808080)] [r=0 c=1 rs=1 cs=1]
    RenderText {#text} at (2,2) size 4x19
      text run at (2,2) width 4: " "
layer at (11,621) size 254x24 clip at (12,622) size 252x22
  RenderTableCell {TD} at (2,66) size 254x24 [bgcolor=#0000FF] [border: (1px inset #808080)] [r=1 c=0 rs=1 cs=1]
    RenderText {#text} at (2,2) size 4x19
      text run at (2,2) width 4: " "
layer at (267,621) size 38x24 clip at (268,622) size 36x22
  RenderTableCell {TD} at (258,66) size 38x24 [bgcolor=#0000FF] [border: (1px inset #808080)] [r=1 c=1 rs=1 cs=1]
    RenderText {#text} at (2,2) size 4x19
      text run at (2,2) width 4: " "
