layer at (0,0) size 800x600
  RenderView at (0,0) size 800x600
layer at (0,0) size 800x600
  RenderBlock {HTML} at (0,0) size 800x600
    RenderBody {BODY} at (8,8) size 784x584
      RenderTable {TABLE} at (0,0) size 784x117 [bgcolor=#00FFFF] [border: (1px outset #808080)]
        RenderTableSection {TBODY} at (1,1) size 782x115
          RenderTableRow {TR} at (0,2) size 782x111
            RenderTableCell {TD} at (2,2) size 454x111 [border: (1px inset #808080)] [r=0 c=0 rs=1 cs=1]
              RenderTable {TABLE} at (2,2) size 450x107 [bgcolor=#FF00FF] [border: (1px outset #808080)]
                RenderTableSection {TBODY} at (1,1) size 448x105
                  RenderTableRow {TR} at (0,2) size 448x101
                    RenderTableCell {TD} at (2,2) size 444x101 [border: (1px inset #808080)] [r=0 c=0 rs=1 cs=1]
                      RenderText {#text} at (2,2) size 201x19
                        text run at (2,2) width 201: "Mozilla To Be Dually-Licensed"
                      RenderBR {BR} at (203,17) size 0x0
                      RenderText {#text} at (2,35) size 205x19
                        text run at (2,35) width 205: "Plans are underway to make the "
                      RenderInline {FONT} at (0,0) size 99x36 [color=#0000FF]
                        RenderText {#text} at (207,22) size 99x36
                          text run at (207,22) width 99: "Mozilla"
                      RenderText {#text} at (306,35) size 438x63
                        text run at (306,35) width 134: " code available under"
                        text run at (2,59) width 11: "a "
                        text run at (13,59) width 154: "dual MPL/GPL license. "
                        text run at (167,59) width 241: "See the for more info. We're gathering"
                        text run at (2,79) width 258: "contributor input now, in the newsgroup."
                      RenderBR {BR} at (260,94) size 0x0
            RenderTableCell {TD} at (458,25) size 322x64 [border: (1px inset #808080)] [r=0 c=1 rs=1 cs=1]
              RenderText {#text} at (2,2) size 317x59
                text run at (2,2) width 266: "This status update contains information on"
                text run at (2,22) width 317: "MailNews, XML/DOM, XPToolkit, Architecture,"
                text run at (2,42) width 201: "Bidi, Necko/Imglib, and more..."
      RenderBlock (anonymous) at (0,117) size 784x48
        RenderBR {BR} at (0,0) size 0x19
        RenderButton {INPUT} at (2,22) size 56x24 [bgcolor=#C0C0C0] [border: (2px outset #C0C0C0)]
          RenderBlock (anonymous) at (8,4) size 40x16
            RenderText at (0,0) size 40x16
              text run at (0,0) width 40: "Reload"
        RenderText {#text} at (60,24) size 8x19
          text run at (60,24) width 8: "  "
        RenderButton {INPUT} at (70,22) size 90x24 [bgcolor=#C0C0C0] [border: (2px outset #C0C0C0)]
          RenderBlock (anonymous) at (8,4) size 74x16
            RenderText at (0,0) size 74x16
              text run at (0,0) width 74: "Change Font"
        RenderText {#text} at (162,24) size 8x19
          text run at (162,24) width 8: "  "
        RenderTextControl {INPUT} at (172,22) size 157x24 [bgcolor=#FFFFFF] [border: (2px inset #000000)]
        RenderText {#text} at (0,0) size 0x0
layer at (183,151) size 151x16
  RenderBlock {DIV} at (3,4) size 151x16
    RenderText {#text} at (1,0) size 7x16
      text run at (1,0) width 7: "6"
