layer at (0,0) size 800x600
  RenderView at (0,0) size 800x600
layer at (0,0) size 800x600
  RenderBlock {HTML} at (0,0) size 800x600
    RenderBody {BODY} at (8,8) size 784x576
      RenderBlock (anonymous) at (0,0) size 784x20
        RenderText {#text} at (0,0) size 245x19
          text run at (0,0) width 245: "The tables left position should be 250."
      RenderBlock {P} at (0,36) size 784x29
        RenderText {#text} at (0,5) size 36x19
          text run at (0,5) width 36: "Left: "
        RenderTextControl {INPUT} at (37,2) size 198x25 [bgcolor=#FFFFFF] [border: (2px inset #000000)]
      RenderBlock {P} at (0,81) size 784x29
        RenderText {#text} at (0,5) size 35x19
          text run at (0,5) width 35: "Top: "
        RenderTextControl {INPUT} at (36,2) size 198x25 [bgcolor=#FFFFFF] [border: (2px inset #000000)]
      RenderBlock {P} at (0,126) size 784x29
        RenderButton {INPUT} at (2,2) size 53x25 [bgcolor=#C0C0C0] [border: (2px outset #C0C0C0)]
          RenderBlock (anonymous) at (8,3) size 37x19
            RenderText at (0,0) size 37x19
              text run at (0,0) width 37: "Move"
layer at (48,49) size 192x19
  RenderBlock {DIV} at (3,3) size 192x19
    RenderText {#text} at (0,0) size 42x19
      text run at (0,0) width 42: "120px"
layer at (47,94) size 192x19
  RenderBlock {DIV} at (3,3) size 192x19
    RenderText {#text} at (0,0) size 42x19
      text run at (0,0) width 42: "120px"
layer at (250,120) size 30x52
  RenderTable {TABLE} at (250,120) size 30x52 [border: (1px outset #808080)]
    RenderTableSection {TBODY} at (1,1) size 28x50
      RenderTableRow {TR} at (0,2) size 28x22
        RenderTableCell {TD} at (2,2) size 24x22 [border: (1px inset #808080)] [r=0 c=0 rs=1 cs=1]
          RenderText {#text} at (1,1) size 22x19
            text run at (1,1) width 22: "foo"
      RenderTableRow {TR} at (0,26) size 28x22
        RenderTableCell {TD} at (2,26) size 24x22 [border: (1px inset #808080)] [r=1 c=0 rs=1 cs=1]
          RenderText {#text} at (1,1) size 21x19
            text run at (1,1) width 21: "bar"
