layer at (0,0) size 800x600
  RenderView at (0,0) size 800x600
layer at (0,0) size 800x600
  RenderBlock {HTML} at (0,0) size 800x600
    RenderBody {BODY} at (8,8) size 784x584
      RenderTable {TABLE} at (0,0) size 356x40
        RenderTableSection {TBODY} at (0,0) size 356x40
          RenderTableRow {TR} at (0,2) size 356x36
            RenderTableCell {TD} at (2,2) size 352x36 [r=0 c=0 rs=1 cs=1]
              RenderTable {TABLE} at (1,1) size 350x34
                RenderTableSection {TBODY} at (0,0) size 350x34
                  RenderTableRow {TR} at (0,2) size 350x30
                    RenderTableCell {TH} at (2,6) size 61x22 [r=0 c=0 rs=1 cs=1]
                      RenderText {#text} at (1,1) size 59x19
                        text run at (1,1) width 59: "User ID:"
                    RenderTableCell {TD} at (65,2) size 283x30 [r=0 c=1 rs=1 cs=1]
                      RenderTextControl {INPUT} at (3,3) size 277x24 [bgcolor=#FFFFFF] [border: (2px inset #000000)]
                      RenderText {#text} at (0,0) size 0x0
layer at (82,20) size 271x16
  RenderBlock {DIV} at (3,4) size 271x16
