layer at (0,0) size 800x3136
  RenderView at (0,0) size 800x600
layer at (0,0) size 800x3136
  RenderBlock {HTML} at (0,0) size 800x3136
    RenderBody {BODY} at (8,8) size 784x3120
      RenderTable {TABLE} at (0,0) size 784x3120 [border: (1px outset #808080)]
        RenderTableSection {TBODY} at (1,1) size 782x3118
          RenderTableRow {TR} at (0,2) size 782x162
            RenderTableCell {TD} at (2,62) size 37x42 [border: (1px inset #808080)] [r=0 c=0 rs=1 cs=1]
              RenderText {#text} at (12,11) size 13x19
                text run at (12,11) width 13: "A"
            RenderTableCell {TD} at (41,59) size 427x47 [border: (1px inset #808080)] [r=0 c=1 rs=1 cs=1]
              RenderImage {IMG} at (176,11) size 76x25
            RenderTableCell {TD} at (470,2) size 310x162 [border: (1px inset #808080)] [r=0 c=2 rs=1 cs=1]
              RenderText {#text} at (12,11) size 286x139
                text run at (12,11) width 286: "test test test test test test test test test test test"
                text run at (12,31) width 106: "test test test test "
                text run at (117,31) width 181: "test test test test test test test"
                text run at (12,51) width 211: "test test test test test test test test "
                text run at (222,51) width 76: "test test test"
                text run at (12,71) width 286: "test test test test test test test test test test test"
                text run at (12,91) width 27: "test "
                text run at (38,91) width 260: "test test test test test test test test test test"
                text run at (12,111) width 132: "test test test test test "
                text run at (143,111) width 155: "test test test test test test"
                text run at (38,131) width 234: "test test test test test test test test test"
          RenderTableRow {TR} at (0,166) size 782x162
            RenderTableCell {TD} at (2,226) size 37x42 [border: (1px inset #808080)] [r=1 c=0 rs=1 cs=1]
              RenderText {#text} at (13,11) size 11x19
                text run at (13,11) width 11: "B"
            RenderTableCell {TD} at (41,215) size 427x64 [border: (1px inset #808080)] [r=1 c=1 rs=1 cs=1]
              RenderImage {IMG} at (199,11) size 30x42
            RenderTableCell {TD} at (470,166) size 310x162 [border: (1px inset #808080)] [r=1 c=2 rs=1 cs=1]
              RenderText {#text} at (12,11) size 286x139
                text run at (12,11) width 286: "test test test test test test test test test test test"
                text run at (12,31) width 106: "test test test test "
                text run at (117,31) width 181: "test test test test test test test"
                text run at (12,51) width 211: "test test test test test test test test "
                text run at (222,51) width 76: "test test test"
                text run at (12,71) width 286: "test test test test test test test test test test test"
                text run at (12,91) width 27: "test "
                text run at (38,91) width 260: "test test test test test test test test test test"
                text run at (12,111) width 132: "test test test test test "
                text run at (143,111) width 155: "test test test test test test"
                text run at (38,131) width 234: "test test test test test test test test test"
          RenderTableRow {TR} at (0,330) size 782x162
            RenderTableCell {TD} at (2,390) size 37x42 [border: (1px inset #808080)] [r=2 c=0 rs=1 cs=1]
              RenderText {#text} at (13,11) size 11x19
                text run at (13,11) width 11: "C"
            RenderTableCell {TD} at (41,331) size 427x160 [border: (1px inset #808080)] [r=2 c=1 rs=1 cs=1]
              RenderImage {IMG} at (104,11) size 220x138
            RenderTableCell {TD} at (470,330) size 310x162 [border: (1px inset #808080)] [r=2 c=2 rs=1 cs=1]
              RenderText {#text} at (12,11) size 286x139
                text run at (12,11) width 286: "test test test test test test test test test test test"
                text run at (12,31) width 106: "test test test test "
                text run at (117,31) width 181: "test test test test test test test"
                text run at (12,51) width 211: "test test test test test test test test "
                text run at (222,51) width 76: "test test test"
                text run at (12,71) width 286: "test test test test test test test test test test test"
                text run at (12,91) width 27: "test "
                text run at (38,91) width 260: "test test test test test test test test test test"
                text run at (12,111) width 132: "test test test test test "
                text run at (143,111) width 155: "test test test test test test"
                text run at (38,131) width 234: "test test test test test test test test test"
          RenderTableRow {TR} at (0,494) size 782x162
            RenderTableCell {TD} at (2,554) size 37x42 [border: (1px inset #808080)] [r=3 c=0 rs=1 cs=1]
              RenderText {#text} at (12,11) size 13x19
                text run at (12,11) width 13: "D"
            RenderTableCell {TD} at (41,521) size 427x107 [border: (1px inset #808080)] [r=3 c=1 rs=1 cs=1]
              RenderImage {IMG} at (114,11) size 200x85
            RenderTableCell {TD} at (470,494) size 310x162 [border: (1px inset #808080)] [r=3 c=2 rs=1 cs=1]
              RenderText {#text} at (12,11) size 286x139
                text run at (12,11) width 286: "test test test test test test test test test test test"
                text run at (12,31) width 106: "test test test test "
                text run at (117,31) width 181: "test test test test test test test"
                text run at (12,51) width 211: "test test test test test test test test "
                text run at (222,51) width 76: "test test test"
                text run at (12,71) width 286: "test test test test test test test test test test test"
                text run at (12,91) width 27: "test "
                text run at (38,91) width 260: "test test test test test test test test test test"
                text run at (12,111) width 132: "test test test test test "
                text run at (143,111) width 155: "test test test test test test"
                text run at (38,131) width 234: "test test test test test test test test test"
          RenderTableRow {TR} at (0,658) size 782x162
            RenderTableCell {TD} at (2,718) size 37x42 [border: (1px inset #808080)] [r=4 c=0 rs=1 cs=1]
              RenderText {#text} at (13,11) size 11x19
                text run at (13,11) width 11: "E"
            RenderTableCell {TD} at (41,703) size 427x72 [border: (1px inset #808080)] [r=4 c=1 rs=1 cs=1]
              RenderImage {IMG} at (187,11) size 54x50
            RenderTableCell {TD} at (470,658) size 310x162 [border: (1px inset #808080)] [r=4 c=2 rs=1 cs=1]
              RenderText {#text} at (12,11) size 286x139
                text run at (12,11) width 286: "test test test test test test test test test test test"
                text run at (12,31) width 106: "test test test test "
                text run at (117,31) width 181: "test test test test test test test"
                text run at (12,51) width 211: "test test test test test test test test "
                text run at (222,51) width 76: "test test test"
                text run at (12,71) width 286: "test test test test test test test test test test test"
                text run at (12,91) width 27: "test "
                text run at (38,91) width 260: "test test test test test test test test test test"
                text run at (12,111) width 132: "test test test test test "
                text run at (143,111) width 155: "test test test test test test"
                text run at (38,131) width 234: "test test test test test test test test test"
          RenderTableRow {TR} at (0,822) size 782x162
            RenderTableCell {TD} at (2,882) size 37x42 [border: (1px inset #808080)] [r=5 c=0 rs=1 cs=1]
              RenderText {#text} at (14,11) size 9x19
                text run at (14,11) width 9: "F"
            RenderTableCell {TD} at (41,867) size 427x72 [border: (1px inset #808080)] [r=5 c=1 rs=1 cs=1]
              RenderImage {IMG} at (95,11) size 237x50
            RenderTableCell {TD} at (470,822) size 310x162 [border: (1px inset #808080)] [r=5 c=2 rs=1 cs=1]
              RenderText {#text} at (12,11) size 286x139
                text run at (12,11) width 286: "test test test test test test test test test test test"
                text run at (12,31) width 106: "test test test test "
                text run at (117,31) width 181: "test test test test test test test"
                text run at (12,51) width 211: "test test test test test test test test "
                text run at (222,51) width 76: "test test test"
                text run at (12,71) width 286: "test test test test test test test test test test test"
                text run at (12,91) width 27: "test "
                text run at (38,91) width 260: "test test test test test test test test test test"
                text run at (12,111) width 132: "test test test test test "
                text run at (143,111) width 155: "test test test test test test"
                text run at (38,131) width 234: "test test test test test test test test test"
          RenderTableRow {TR} at (0,986) size 782x162
            RenderTableCell {TD} at (2,1046) size 37x42 [border: (1px inset #808080)] [r=6 c=0 rs=1 cs=1]
              RenderText {#text} at (12,11) size 13x19
                text run at (12,11) width 13: "G"
            RenderTableCell {TD} at (41,1024) size 427x85 [border: (1px inset #808080)] [r=6 c=1 rs=1 cs=1]
              RenderImage {IMG} at (156,11) size 116x63
            RenderTableCell {TD} at (470,986) size 310x162 [border: (1px inset #808080)] [r=6 c=2 rs=1 cs=1]
              RenderText {#text} at (12,11) size 286x139
                text run at (12,11) width 286: "test test test test test test test test test test test"
                text run at (12,31) width 106: "test test test test "
                text run at (117,31) width 181: "test test test test test test test"
                text run at (12,51) width 211: "test test test test test test test test "
                text run at (222,51) width 76: "test test test"
                text run at (12,71) width 286: "test test test test test test test test test test test"
                text run at (12,91) width 27: "test "
                text run at (38,91) width 260: "test test test test test test test test test test"
                text run at (12,111) width 132: "test test test test test "
                text run at (143,111) width 155: "test test test test test test"
                text run at (38,131) width 234: "test test test test test test test test test"
          RenderTableRow {TR} at (0,1150) size 782x162
            RenderTableCell {TD} at (2,1210) size 37x42 [border: (1px inset #808080)] [r=7 c=0 rs=1 cs=1]
              RenderText {#text} at (12,11) size 13x19
                text run at (12,11) width 13: "H"
            RenderTableCell {TD} at (41,1211) size 427x40 [border: (1px inset #808080)] [r=7 c=1 rs=1 cs=1]
              RenderImage {IMG} at (200,11) size 27x18
            RenderTableCell {TD} at (470,1150) size 310x162 [border: (1px inset #808080)] [r=7 c=2 rs=1 cs=1]
              RenderText {#text} at (12,11) size 286x139
                text run at (12,11) width 286: "test test test test test test test test test test test"
                text run at (12,31) width 106: "test test test test "
                text run at (117,31) width 181: "test test test test test test test"
                text run at (12,51) width 211: "test test test test test test test test "
                text run at (222,51) width 76: "test test test"
                text run at (12,71) width 286: "test test test test test test test test test test test"
                text run at (12,91) width 27: "test "
                text run at (38,91) width 260: "test test test test test test test test test test"
                text run at (12,111) width 132: "test test test test test "
                text run at (143,111) width 155: "test test test test test test"
                text run at (38,131) width 234: "test test test test test test test test test"
          RenderTableRow {TR} at (0,1314) size 782x162
            RenderTableCell {TD} at (2,1374) size 37x42 [border: (1px inset #808080)] [r=8 c=0 rs=1 cs=1]
              RenderText {#text} at (15,11) size 7x19
                text run at (15,11) width 7: "I"
            RenderTableCell {TD} at (41,1353) size 427x83 [border: (1px inset #808080)] [r=8 c=1 rs=1 cs=1]
              RenderImage {IMG} at (126,11) size 175x61
            RenderTableCell {TD} at (470,1314) size 310x162 [border: (1px inset #808080)] [r=8 c=2 rs=1 cs=1]
              RenderText {#text} at (12,11) size 286x139
                text run at (12,11) width 286: "test test test test test test test test test test test"
                text run at (12,31) width 106: "test test test test "
                text run at (117,31) width 181: "test test test test test test test"
                text run at (12,51) width 211: "test test test test test test test test "
                text run at (222,51) width 76: "test test test"
                text run at (12,71) width 286: "test test test test test test test test test test test"
                text run at (12,91) width 27: "test "
                text run at (38,91) width 260: "test test test test test test test test test test"
                text run at (12,111) width 132: "test test test test test "
                text run at (143,111) width 155: "test test test test test test"
                text run at (38,131) width 234: "test test test test test test test test test"
          RenderTableRow {TR} at (0,1478) size 782x162
            RenderTableCell {TD} at (2,1538) size 37x42 [border: (1px inset #808080)] [r=9 c=0 rs=1 cs=1]
              RenderText {#text} at (15,11) size 7x19
                text run at (15,11) width 7: "J"
            RenderTableCell {TD} at (41,1498) size 427x122 [border: (1px inset #808080)] [r=9 c=1 rs=1 cs=1]
              RenderImage {IMG} at (11,11) size 405x100
            RenderTableCell {TD} at (470,1478) size 310x162 [border: (1px inset #808080)] [r=9 c=2 rs=1 cs=1]
              RenderText {#text} at (12,11) size 286x139
                text run at (12,11) width 286: "test test test test test test test test test test test"
                text run at (12,31) width 106: "test test test test "
                text run at (117,31) width 181: "test test test test test test test"
                text run at (12,51) width 211: "test test test test test test test test "
                text run at (222,51) width 76: "test test test"
                text run at (12,71) width 286: "test test test test test test test test test test test"
                text run at (12,91) width 27: "test "
                text run at (38,91) width 260: "test test test test test test test test test test"
                text run at (12,111) width 132: "test test test test test "
                text run at (143,111) width 155: "test test test test test test"
                text run at (38,131) width 234: "test test test test test test test test test"
          RenderTableRow {TR} at (0,1642) size 782x162
            RenderTableCell {TD} at (2,1702) size 37x42 [border: (1px inset #808080)] [r=10 c=0 rs=1 cs=1]
              RenderText {#text} at (12,11) size 13x19
                text run at (12,11) width 13: "K"
            RenderTableCell {TD} at (41,1687) size 427x72 [border: (1px inset #808080)] [r=10 c=1 rs=1 cs=1]
              RenderImage {IMG} at (78,11) size 272x50
            RenderTableCell {TD} at (470,1642) size 310x162 [border: (1px inset #808080)] [r=10 c=2 rs=1 cs=1]
              RenderText {#text} at (12,11) size 286x139
                text run at (12,11) width 286: "test test test test test test test test test test test"
                text run at (12,31) width 106: "test test test test "
                text run at (117,31) width 181: "test test test test test test test"
                text run at (12,51) width 211: "test test test test test test test test "
                text run at (222,51) width 76: "test test test"
                text run at (12,71) width 286: "test test test test test test test test test test test"
                text run at (12,91) width 27: "test "
                text run at (38,91) width 260: "test test test test test test test test test test"
                text run at (12,111) width 132: "test test test test test "
                text run at (143,111) width 155: "test test test test test test"
                text run at (38,131) width 234: "test test test test test test test test test"
          RenderTableRow {TR} at (0,1806) size 782x162
            RenderTableCell {TD} at (2,1866) size 37x42 [border: (1px inset #808080)] [r=11 c=0 rs=1 cs=1]
              RenderText {#text} at (12,11) size 13x19
                text run at (12,11) width 13: "K"
            RenderTableCell {TD} at (41,1852) size 427x69 [border: (1px inset #808080)] [r=11 c=1 rs=1 cs=1]
              RenderImage {IMG} at (168,11) size 91x47
            RenderTableCell {TD} at (470,1806) size 310x162 [border: (1px inset #808080)] [r=11 c=2 rs=1 cs=1]
              RenderText {#text} at (12,11) size 286x139
                text run at (12,11) width 286: "test test test test test test test test test test test"
                text run at (12,31) width 106: "test test test test "
                text run at (117,31) width 181: "test test test test test test test"
                text run at (12,51) width 211: "test test test test test test test test "
                text run at (222,51) width 76: "test test test"
                text run at (12,71) width 286: "test test test test test test test test test test test"
                text run at (12,91) width 27: "test "
                text run at (38,91) width 260: "test test test test test test test test test test"
                text run at (12,111) width 132: "test test test test test "
                text run at (143,111) width 155: "test test test test test test"
                text run at (38,131) width 234: "test test test test test test test test test"
          RenderTableRow {TR} at (0,1970) size 782x162
            RenderTableCell {TD} at (2,2030) size 37x42 [border: (1px inset #808080)] [r=12 c=0 rs=1 cs=1]
              RenderText {#text} at (13,11) size 11x19
                text run at (13,11) width 11: "L"
            RenderTableCell {TD} at (41,2007) size 427x88 [border: (1px inset #808080)] [r=12 c=1 rs=1 cs=1]
              RenderImage {IMG} at (89,11) size 250x66
            RenderTableCell {TD} at (470,1970) size 310x162 [border: (1px inset #808080)] [r=12 c=2 rs=1 cs=1]
              RenderText {#text} at (12,11) size 286x139
                text run at (12,11) width 286: "test test test test test test test test test test test"
                text run at (12,31) width 106: "test test test test "
                text run at (117,31) width 181: "test test test test test test test"
                text run at (12,51) width 211: "test test test test test test test test "
                text run at (222,51) width 76: "test test test"
                text run at (12,71) width 286: "test test test test test test test test test test test"
                text run at (12,91) width 27: "test "
                text run at (38,91) width 260: "test test test test test test test test test test"
                text run at (12,111) width 132: "test test test test test "
                text run at (143,111) width 155: "test test test test test test"
                text run at (38,131) width 234: "test test test test test test test test test"
          RenderTableRow {TR} at (0,2134) size 782x162
            RenderTableCell {TD} at (2,2194) size 37x42 [border: (1px inset #808080)] [r=13 c=0 rs=1 cs=1]
              RenderText {#text} at (11,11) size 15x19
                text run at (11,11) width 15: "M"
            RenderTableCell {TD} at (41,2182) size 427x66 [border: (1px inset #808080)] [r=13 c=1 rs=1 cs=1]
              RenderImage {IMG} at (163,11) size 101x44
            RenderTableCell {TD} at (470,2134) size 310x162 [border: (1px inset #808080)] [r=13 c=2 rs=1 cs=1]
              RenderText {#text} at (12,11) size 286x139
                text run at (12,11) width 286: "test test test test test test test test test test test"
                text run at (12,31) width 106: "test test test test "
                text run at (117,31) width 181: "test test test test test test test"
                text run at (12,51) width 211: "test test test test test test test test "
                text run at (222,51) width 76: "test test test"
                text run at (12,71) width 286: "test test test test test test test test test test test"
                text run at (12,91) width 27: "test "
                text run at (38,91) width 260: "test test test test test test test test test test"
                text run at (12,111) width 132: "test test test test test "
                text run at (143,111) width 155: "test test test test test test"
                text run at (38,131) width 234: "test test test test test test test test test"
          RenderTableRow {TR} at (0,2298) size 782x162
            RenderTableCell {TD} at (2,2358) size 37x42 [border: (1px inset #808080)] [r=14 c=0 rs=1 cs=1]
              RenderText {#text} at (12,11) size 13x19
                text run at (12,11) width 13: "N"
            RenderTableCell {TD} at (41,2361) size 427x35 [border: (1px inset #808080)] [r=14 c=1 rs=1 cs=1]
              RenderImage {IMG} at (201,11) size 25x13
            RenderTableCell {TD} at (470,2298) size 310x162 [border: (1px inset #808080)] [r=14 c=2 rs=1 cs=1]
              RenderText {#text} at (12,11) size 286x139
                text run at (12,11) width 286: "test test test test test test test test test test test"
                text run at (12,31) width 106: "test test test test "
                text run at (117,31) width 181: "test test test test test test test"
                text run at (12,51) width 211: "test test test test test test test test "
                text run at (222,51) width 76: "test test test"
                text run at (12,71) width 286: "test test test test test test test test test test test"
                text run at (12,91) width 27: "test "
                text run at (38,91) width 260: "test test test test test test test test test test"
                text run at (12,111) width 132: "test test test test test "
                text run at (143,111) width 155: "test test test test test test"
                text run at (38,131) width 234: "test test test test test test test test test"
          RenderTableRow {TR} at (0,2462) size 782x162
            RenderTableCell {TD} at (2,2522) size 37x42 [border: (1px inset #808080)] [r=15 c=0 rs=1 cs=1]
              RenderText {#text} at (12,11) size 13x19
                text run at (12,11) width 13: "O"
            RenderTableCell {TD} at (41,2504) size 427x78 [border: (1px inset #808080)] [r=15 c=1 rs=1 cs=1]
              RenderImage {IMG} at (87,11) size 253x56
            RenderTableCell {TD} at (470,2462) size 310x162 [border: (1px inset #808080)] [r=15 c=2 rs=1 cs=1]
              RenderText {#text} at (12,11) size 286x139
                text run at (12,11) width 286: "test test test test test test test test test test test"
                text run at (12,31) width 106: "test test test test "
                text run at (117,31) width 181: "test test test test test test test"
                text run at (12,51) width 211: "test test test test test test test test "
                text run at (222,51) width 76: "test test test"
                text run at (12,71) width 286: "test test test test test test test test test test test"
                text run at (12,91) width 27: "test "
                text run at (38,91) width 260: "test test test test test test test test test test"
                text run at (12,111) width 132: "test test test test test "
                text run at (143,111) width 155: "test test test test test test"
                text run at (38,131) width 234: "test test test test test test test test test"
          RenderTableRow {TR} at (0,2626) size 782x162
            RenderTableCell {TD} at (2,2686) size 37x42 [border: (1px inset #808080)] [r=16 c=0 rs=1 cs=1]
              RenderText {#text} at (14,11) size 9x19
                text run at (14,11) width 9: "P"
            RenderTableCell {TD} at (41,2655) size 427x103 [border: (1px inset #808080)] [r=16 c=1 rs=1 cs=1]
              RenderImage {IMG} at (134,11) size 159x81
            RenderTableCell {TD} at (470,2626) size 310x162 [border: (1px inset #808080)] [r=16 c=2 rs=1 cs=1]
              RenderText {#text} at (12,11) size 286x139
                text run at (12,11) width 286: "test test test test test test test test test test test"
                text run at (12,31) width 106: "test test test test "
                text run at (117,31) width 181: "test test test test test test test"
                text run at (12,51) width 211: "test test test test test test test test "
                text run at (222,51) width 76: "test test test"
                text run at (12,71) width 286: "test test test test test test test test test test test"
                text run at (12,91) width 27: "test "
                text run at (38,91) width 260: "test test test test test test test test test test"
                text run at (12,111) width 132: "test test test test test "
                text run at (143,111) width 155: "test test test test test test"
                text run at (38,131) width 234: "test test test test test test test test test"
          RenderTableRow {TR} at (0,2790) size 782x162
            RenderTableCell {TD} at (2,2850) size 37x42 [border: (1px inset #808080)] [r=17 c=0 rs=1 cs=1]
              RenderText {#text} at (12,11) size 13x19
                text run at (12,11) width 13: "Q"
            RenderTableCell {TD} at (41,2806) size 427x130 [border: (1px inset #808080)] [r=17 c=1 rs=1 cs=1]
              RenderImage {IMG} at (107,11) size 213x108
            RenderTableCell {TD} at (470,2790) size 310x162 [border: (1px inset #808080)] [r=17 c=2 rs=1 cs=1]
              RenderText {#text} at (12,11) size 286x139
                text run at (12,11) width 286: "test test test test test test test test test test test"
                text run at (12,31) width 106: "test test test test "
                text run at (117,31) width 181: "test test test test test test test"
                text run at (12,51) width 211: "test test test test test test test test "
                text run at (222,51) width 76: "test test test"
                text run at (12,71) width 286: "test test test test test test test test test test test"
                text run at (12,91) width 27: "test "
                text run at (38,91) width 260: "test test test test test test test test test test"
                text run at (12,111) width 132: "test test test test test "
                text run at (143,111) width 155: "test test test test test test"
                text run at (38,131) width 234: "test test test test test test test test test"
          RenderTableRow {TR} at (0,2954) size 782x162
            RenderTableCell {TD} at (2,3014) size 37x42 [border: (1px inset #808080)] [r=18 c=0 rs=1 cs=1]
              RenderText {#text} at (13,11) size 11x19
                text run at (13,11) width 11: "R"
            RenderTableCell {TD} at (41,2959) size 427x152 [border: (1px inset #808080)] [r=18 c=1 rs=1 cs=1]
              RenderImage {IMG} at (42,11) size 344x130
            RenderTableCell {TD} at (470,2954) size 310x162 [border: (1px inset #808080)] [r=18 c=2 rs=1 cs=1]
              RenderText {#text} at (12,11) size 286x139
                text run at (12,11) width 286: "test test test test test test test test test test test"
                text run at (12,31) width 106: "test test test test "
                text run at (117,31) width 181: "test test test test test test test"
                text run at (12,51) width 211: "test test test test test test test test "
                text run at (222,51) width 76: "test test test"
                text run at (12,71) width 286: "test test test test test test test test test test test"
                text run at (12,91) width 27: "test "
                text run at (38,91) width 260: "test test test test test test test test test test"
                text run at (12,111) width 132: "test test test test test "
                text run at (143,111) width 155: "test test test test test test"
                text run at (38,131) width 234: "test test test test test test test test test"
