layer at (0,0) size 800x600
  RenderView at (0,0) size 800x600
layer at (0,0) size 800x600
  RenderBlock {HTML} at (0,0) size 800x600
    RenderBody {BODY} at (8,8) size 784x576
      RenderTable {TABLE} at (0,0) size 380x28 [border: (3px outset #808080)]
        RenderTableSection {TBODY} at (3,3) size 374x22
          RenderTableRow {TR} at (0,0) size 374x22
            RenderTableCell {TD} at (0,0) size 70x22 [border: (1px inset #808080)] [r=0 c=0 rs=1 cs=1]
              RenderText {#text} at (2,2) size 66x17
                text run at (2,2) width 66: "fieldLabel"
            RenderTableCell {TD} at (70,0) size 304x22 [border: (1px inset #808080)] [r=0 c=1 rs=1 cs=1]
              RenderText {#text} at (2,2) size 109x17
                text run at (2,2) width 109: "   InspectionText"
      RenderBlock {FORM} at (0,28) size 784x29
        RenderButton {INPUT} at (2,2) size 105x25 [bgcolor=#C0C0C0] [border: (2px outset #C0C0C0)]
          RenderBlock (anonymous) at (8,3) size 89x19
            RenderText at (0,0) size 89x19
              text run at (0,0) width 89: "change width"
        RenderText {#text} at (109,7) size 4x17
          text run at (109,7) width 4: " "
        RenderButton {INPUT} at (115,2) size 216x25 [bgcolor=#C0C0C0] [border: (2px outset #C0C0C0)]
          RenderBlock (anonymous) at (8,3) size 200x19
            RenderText at (0,0) size 200x19
              text run at (0,0) width 200: "change width with table reflow"
        RenderText {#text} at (0,0) size 0x0
