layer at (0,0) size 800x1392
  RenderView at (0,0) size 800x600
layer at (0,0) size 800x1392
  RenderBlock {HTML} at (0,0) size 800x1392
    RenderBody {BODY} at (8,8) size 784x1376 [bgcolor=#555555]
      RenderBlock {H1} at (16,37) size 752x102 [bgcolor=#CCCCCC]
        RenderText {#text} at (92,32) size 164x37
          text run at (92,32) width 164: "Simplified "
        RenderInline {A} at (0,0) size 163x37 [color=#0000EE]
          RenderText {#text} at (255,32) size 163x37
            text run at (255,32) width 163: "Linux.com"
        RenderText {#text} at (417,32) size 243x37
          text run at (417,32) width 243: " Table Testcase"
      RenderTable {TABLE} at (16,160) size 752x1200
        RenderTableSection {TBODY} at (0,0) size 752x1200
          RenderTableRow {TR} at (0,2) size 752x401
            RenderTableCell {TD} at (2,2) size 135x720 [bgcolor=#FFFFFF] [r=0 c=0 rs=2 cs=1]
              RenderBlock {H2} at (5,18) size 125x20
                RenderText {#text} at (0,0) size 117x19
                  text run at (0,0) width 117: "Weekly Feature"
              RenderBlock {P} at (5,51) size 125x112
                RenderText {#text} at (0,0) size 108x112
                  text run at (0,0) width 108: "blah blah blah blah"
                  text run at (0,16) width 108: "blah blah blah blah"
                  text run at (0,32) width 108: "blah blah blah blah"
                  text run at (0,48) width 108: "blah blah blah blah"
                  text run at (0,64) width 108: "blah blah blah blah"
                  text run at (0,80) width 108: "blah blah blah blah"
                  text run at (0,96) width 108: "blah blah blah blah"
              RenderBlock {H2} at (5,176) size 125x20
                RenderText {#text} at (0,0) size 81x19
                  text run at (0,0) width 81: "Contribute"
              RenderBlock {P} at (5,209) size 125x112
                RenderText {#text} at (0,0) size 108x112
                  text run at (0,0) width 108: "blah blah blah blah"
                  text run at (0,16) width 108: "blah blah blah blah"
                  text run at (0,32) width 108: "blah blah blah blah"
                  text run at (0,48) width 108: "blah blah blah blah"
                  text run at (0,64) width 108: "blah blah blah blah"
                  text run at (0,80) width 108: "blah blah blah blah"
                  text run at (0,96) width 108: "blah blah blah blah"
              RenderBlock {H2} at (5,334) size 125x20
                RenderText {#text} at (0,0) size 82x19
                  text run at (0,0) width 82: "Newsforge"
              RenderBlock {P} at (5,367) size 125x32
                RenderText {#text} at (0,0) size 108x32
                  text run at (0,0) width 108: "blah blah blah blah"
                  text run at (0,16) width 108: "blah blah blah blah"
              RenderBlock {P} at (5,412) size 125x32
                RenderText {#text} at (0,0) size 108x32
                  text run at (0,0) width 108: "blah blah blah blah"
                  text run at (0,16) width 108: "blah blah blah blah"
              RenderBlock {P} at (5,457) size 125x32
                RenderText {#text} at (0,0) size 108x32
                  text run at (0,0) width 108: "blah blah blah blah"
                  text run at (0,16) width 108: "blah blah blah blah"
              RenderBlock {P} at (5,502) size 125x32
                RenderText {#text} at (0,0) size 108x32
                  text run at (0,0) width 108: "blah blah blah blah"
                  text run at (0,16) width 108: "blah blah blah blah"
              RenderBlock {P} at (5,547) size 125x32
                RenderText {#text} at (0,0) size 108x32
                  text run at (0,0) width 108: "blah blah blah blah"
                  text run at (0,16) width 108: "blah blah blah blah"
              RenderBlock {P} at (5,592) size 125x32
                RenderText {#text} at (0,0) size 108x32
                  text run at (0,0) width 108: "blah blah blah blah"
                  text run at (0,16) width 108: "blah blah blah blah"
              RenderBlock {H2} at (5,637) size 125x20
                RenderText {#text} at (0,0) size 83x19
                  text run at (0,0) width 83: "Resources"
              RenderBlock {P} at (5,670) size 125x32
                RenderText {#text} at (0,0) size 108x32
                  text run at (0,0) width 108: "blah blah blah blah"
                  text run at (0,16) width 108: "blah blah blah blah"
            RenderTableCell {TD} at (139,2) size 474x1196 [bgcolor=#FFFFFF] [r=0 c=1 rs=2 cs=1]
              RenderBlock {H2} at (5,18) size 464x20
                RenderText {#text} at (0,0) size 188x19
                  text run at (0,0) width 188: "The Latest of Linux.com!"
              RenderBlock {P} at (5,51) size 464x240
                RenderText {#text} at (0,0) size 444x240
                  text run at (0,0) width 444: "blah blah blah blah blah blah blah blah blah blah blah blah blah blah blah blah"
                  text run at (0,16) width 444: "blah blah blah blah blah blah blah blah blah blah blah blah blah blah blah blah"
                  text run at (0,32) width 444: "blah blah blah blah blah blah blah blah blah blah blah blah blah blah blah blah"
                  text run at (0,48) width 444: "blah blah blah blah blah blah blah blah blah blah blah blah blah blah blah blah"
                  text run at (0,64) width 444: "blah blah blah blah blah blah blah blah blah blah blah blah blah blah blah blah"
                  text run at (0,80) width 444: "blah blah blah blah blah blah blah blah blah blah blah blah blah blah blah blah"
                  text run at (0,96) width 444: "blah blah blah blah blah blah blah blah blah blah blah blah blah blah blah blah"
                  text run at (0,112) width 444: "blah blah blah blah blah blah blah blah blah blah blah blah blah blah blah blah"
                  text run at (0,128) width 444: "blah blah blah blah blah blah blah blah blah blah blah blah blah blah blah blah"
                  text run at (0,144) width 444: "blah blah blah blah blah blah blah blah blah blah blah blah blah blah blah blah"
                  text run at (0,160) width 444: "blah blah blah blah blah blah blah blah blah blah blah blah blah blah blah blah"
                  text run at (0,176) width 444: "blah blah blah blah blah blah blah blah blah blah blah blah blah blah blah blah"
                  text run at (0,192) width 444: "blah blah blah blah blah blah blah blah blah blah blah blah blah blah blah blah"
                  text run at (0,208) width 444: "blah blah blah blah blah blah blah blah blah blah blah blah blah blah blah blah"
                  text run at (0,224) width 108: "blah blah blah blah"
              RenderBlock {P} at (5,304) size 464x240
                RenderText {#text} at (0,0) size 444x240
                  text run at (0,0) width 444: "blah blah blah blah blah blah blah blah blah blah blah blah blah blah blah blah"
                  text run at (0,16) width 444: "blah blah blah blah blah blah blah blah blah blah blah blah blah blah blah blah"
                  text run at (0,32) width 444: "blah blah blah blah blah blah blah blah blah blah blah blah blah blah blah blah"
                  text run at (0,48) width 444: "blah blah blah blah blah blah blah blah blah blah blah blah blah blah blah blah"
                  text run at (0,64) width 444: "blah blah blah blah blah blah blah blah blah blah blah blah blah blah blah blah"
                  text run at (0,80) width 444: "blah blah blah blah blah blah blah blah blah blah blah blah blah blah blah blah"
                  text run at (0,96) width 444: "blah blah blah blah blah blah blah blah blah blah blah blah blah blah blah blah"
                  text run at (0,112) width 444: "blah blah blah blah blah blah blah blah blah blah blah blah blah blah blah blah"
                  text run at (0,128) width 444: "blah blah blah blah blah blah blah blah blah blah blah blah blah blah blah blah"
                  text run at (0,144) width 444: "blah blah blah blah blah blah blah blah blah blah blah blah blah blah blah blah"
                  text run at (0,160) width 444: "blah blah blah blah blah blah blah blah blah blah blah blah blah blah blah blah"
                  text run at (0,176) width 444: "blah blah blah blah blah blah blah blah blah blah blah blah blah blah blah blah"
                  text run at (0,192) width 444: "blah blah blah blah blah blah blah blah blah blah blah blah blah blah blah blah"
                  text run at (0,208) width 444: "blah blah blah blah blah blah blah blah blah blah blah blah blah blah blah blah"
                  text run at (0,224) width 108: "blah blah blah blah"
              RenderBlock {H2} at (5,557) size 464x20
                RenderText {#text} at (0,0) size 121x19
                  text run at (0,0) width 121: "Linux.com Live!"
              RenderBlock {P} at (5,590) size 464x240
                RenderText {#text} at (0,0) size 444x240
                  text run at (0,0) width 444: "blah blah blah blah blah blah blah blah blah blah blah blah blah blah blah blah"
                  text run at (0,16) width 444: "blah blah blah blah blah blah blah blah blah blah blah blah blah blah blah blah"
                  text run at (0,32) width 444: "blah blah blah blah blah blah blah blah blah blah blah blah blah blah blah blah"
                  text run at (0,48) width 444: "blah blah blah blah blah blah blah blah blah blah blah blah blah blah blah blah"
                  text run at (0,64) width 444: "blah blah blah blah blah blah blah blah blah blah blah blah blah blah blah blah"
                  text run at (0,80) width 444: "blah blah blah blah blah blah blah blah blah blah blah blah blah blah blah blah"
                  text run at (0,96) width 444: "blah blah blah blah blah blah blah blah blah blah blah blah blah blah blah blah"
                  text run at (0,112) width 444: "blah blah blah blah blah blah blah blah blah blah blah blah blah blah blah blah"
                  text run at (0,128) width 444: "blah blah blah blah blah blah blah blah blah blah blah blah blah blah blah blah"
                  text run at (0,144) width 444: "blah blah blah blah blah blah blah blah blah blah blah blah blah blah blah blah"
                  text run at (0,160) width 444: "blah blah blah blah blah blah blah blah blah blah blah blah blah blah blah blah"
                  text run at (0,176) width 444: "blah blah blah blah blah blah blah blah blah blah blah blah blah blah blah blah"
                  text run at (0,192) width 444: "blah blah blah blah blah blah blah blah blah blah blah blah blah blah blah blah"
                  text run at (0,208) width 444: "blah blah blah blah blah blah blah blah blah blah blah blah blah blah blah blah"
                  text run at (0,224) width 108: "blah blah blah blah"
              RenderBlock {H2} at (5,843) size 464x20
                RenderText {#text} at (0,0) size 59x19
                  text run at (0,0) width 59: "Tuneup"
              RenderBlock {P} at (5,876) size 464x240
                RenderText {#text} at (0,0) size 444x240
                  text run at (0,0) width 444: "blah blah blah blah blah blah blah blah blah blah blah blah blah blah blah blah"
                  text run at (0,16) width 444: "blah blah blah blah blah blah blah blah blah blah blah blah blah blah blah blah"
                  text run at (0,32) width 444: "blah blah blah blah blah blah blah blah blah blah blah blah blah blah blah blah"
                  text run at (0,48) width 444: "blah blah blah blah blah blah blah blah blah blah blah blah blah blah blah blah"
                  text run at (0,64) width 444: "blah blah blah blah blah blah blah blah blah blah blah blah blah blah blah blah"
                  text run at (0,80) width 444: "blah blah blah blah blah blah blah blah blah blah blah blah blah blah blah blah"
                  text run at (0,96) width 444: "blah blah blah blah blah blah blah blah blah blah blah blah blah blah blah blah"
                  text run at (0,112) width 444: "blah blah blah blah blah blah blah blah blah blah blah blah blah blah blah blah"
                  text run at (0,128) width 444: "blah blah blah blah blah blah blah blah blah blah blah blah blah blah blah blah"
                  text run at (0,144) width 444: "blah blah blah blah blah blah blah blah blah blah blah blah blah blah blah blah"
                  text run at (0,160) width 444: "blah blah blah blah blah blah blah blah blah blah blah blah blah blah blah blah"
                  text run at (0,176) width 444: "blah blah blah blah blah blah blah blah blah blah blah blah blah blah blah blah"
                  text run at (0,192) width 444: "blah blah blah blah blah blah blah blah blah blah blah blah blah blah blah blah"
                  text run at (0,208) width 444: "blah blah blah blah blah blah blah blah blah blah blah blah blah blah blah blah"
                  text run at (0,224) width 108: "blah blah blah blah"
              RenderBlock {H2} at (5,1129) size 464x20
                RenderText {#text} at (0,0) size 29x19
                  text run at (0,0) width 29: "Poll"
              RenderBlock {P} at (5,1162) size 464x16
                RenderText {#text} at (0,0) size 315x16
                  text run at (0,0) width 315: "This stuff is cropped off in Mozilla for whatever reason"
            RenderTableCell {TD} at (615,2) size 135x401 [bgcolor=#FFFFFF] [r=0 c=2 rs=1 cs=1]
              RenderBlock {H2} at (5,18) size 125x20
                RenderText {#text} at (0,0) size 47x19
                  text run at (0,0) width 47: "OSDN"
              RenderBlock {P} at (5,51) size 125x80
                RenderText {#text} at (0,0) size 108x80
                  text run at (0,0) width 108: "blah blah blah blah"
                  text run at (0,16) width 108: "blah blah blah blah"
                  text run at (0,32) width 108: "blah blah blah blah"
                  text run at (0,48) width 108: "blah blah blah blah"
                  text run at (0,64) width 52: "blah blah"
              RenderBlock {H2} at (5,144) size 125x20
                RenderText {#text} at (0,0) size 45x19
                  text run at (0,0) width 45: "POTD"
              RenderBlock {P} at (5,177) size 125x80
                RenderText {#text} at (0,0) size 108x80
                  text run at (0,0) width 108: "blah blah blah blah"
                  text run at (0,16) width 108: "blah blah blah blah"
                  text run at (0,32) width 108: "blah blah blah blah"
                  text run at (0,48) width 108: "blah blah blah blah"
                  text run at (0,64) width 52: "blah blah"
              RenderBlock {H2} at (5,270) size 125x20
                RenderText {#text} at (0,0) size 48x19
                  text run at (0,0) width 48: "Log In"
              RenderBlock {P} at (5,303) size 125x80
                RenderText {#text} at (0,0) size 108x80
                  text run at (0,0) width 108: "blah blah blah blah"
                  text run at (0,16) width 108: "blah blah blah blah"
                  text run at (0,32) width 108: "blah blah blah blah"
                  text run at (0,48) width 108: "blah blah blah blah"
                  text run at (0,64) width 52: "blah blah"
          RenderTableRow {TR} at (0,405) size 752x793
            RenderTableCell {TD} at (615,1029) size 135x169 [bgcolor=#FFFFFF] [r=1 c=2 rs=1 cs=1]
              RenderBlock {H2} at (5,18) size 125x40
                RenderText {#text} at (0,0) size 88x39
                  text run at (0,0) width 88: "Community"
                  text run at (0,20) width 56: "Banner"
              RenderBlock {P} at (5,71) size 125x80
                RenderText {#text} at (0,0) size 108x80
                  text run at (0,0) width 108: "blah blah blah blah"
                  text run at (0,16) width 108: "blah blah blah blah"
                  text run at (0,32) width 108: "blah blah blah blah"
                  text run at (0,48) width 108: "blah blah blah blah"
                  text run at (0,64) width 52: "blah blah"
