layer at (0,0) size 800x600
  RenderView at (0,0) size 800x600
layer at (0,0) size 800x600
  RenderBlock {HTML} at (0,0) size 800x600
    RenderBody {BODY} at (8,8) size 784x584
      RenderTable {TABLE} at (0,0) size 784x82
        RenderTableSection {TBODY} at (0,0) size 784x82
          RenderTableRow {TR} at (0,2) size 784x28
            RenderTableCell {TD} at (2,2) size 780x28 [r=0 c=0 rs=1 cs=1]
              RenderTable {TABLE} at (1,1) size 778x26
                RenderTableSection {TBODY} at (0,0) size 778x26
                  RenderTableRow {TR} at (0,2) size 778x22
                    RenderTableCell {TD} at (2,2) size 774x22 [r=0 c=0 rs=1 cs=1]
                      RenderText {#text} at (1,1) size 236x19
                        text run at (1,1) width 236: "text below cant break out of this table"
          RenderTableRow {TR} at (0,32) size 784x48
            RenderTableCell {TD} at (2,32) size 780x48 [r=1 c=0 rs=1 cs=1]
              RenderTable {TABLE} at (1,1) size 778x46
                RenderTableSection {TBODY} at (0,0) size 778x46
                  RenderTableRow {TR} at (0,2) size 778x42
                    RenderTableCell {TD} at (2,2) size 774x42 [r=0 c=0 rs=1 cs=1]
                      RenderText {#text} at (1,1) size 755x39
                        text run at (1,1) width 561: "Text Text Text Text Text Text Text Text Text Text Text Text Text Text Text Text Text "
                        text run at (562,1) width 194: "Text Text Text Text Text Text"
                        text run at (1,21) width 359: "Text Text Text Text Text Text Text Text Text Text Text"
