layer at (0,0) size 2410x600
  RenderView at (0,0) size 800x600
layer at (0,0) size 800x600
  RenderBlock {HTML} at (0,0) size 800x600
    RenderBody {BODY} at (8,8) size 784x584
      RenderBlock (anonymous) at (0,0) size 784x18
        RenderBR {BR} at (0,0) size 0x17
      RenderTable {TABLE} at (0,18) size 324x58 [border: (1px outset #808080)]
        RenderTableSection {TBODY} at (1,1) size 322x56
          RenderTableRow {TR} at (0,0) size 322x56
            RenderTableCell {TD} at (0,0) size 322x56 [border: (1px inset #808080)] [r=0 c=0 rs=1 cs=1]
              RenderText {#text} at (1,1) size 318x53
                text run at (1,1) width 288: "Hotmail's Junk Mail spreading effort just got"
                text run at (1,19) width 46: "better! "
                text run at (46,19) width 273: "Now you can choose from 3 levels of junk"
                text run at (1,37) width 34: "mail!"
      RenderBlock (anonymous) at (0,76) size 784x72
        RenderBR {BR} at (0,0) size 0x17
        RenderBR {BR} at (0,18) size 0x17
        RenderText {#text} at (0,36) size 447x17
          text run at (0,36) width 447: "the next table must overrun the visible part of the view (width=2400) "
        RenderBR {BR} at (0,0) size 0x0
        RenderBR {BR} at (0,54) size 0x17
      RenderTable {TABLE} at (0,148) size 2402x58 [border: (1px outset #808080)]
        RenderTableSection {TBODY} at (1,1) size 2400x56
          RenderTableRow {TR} at (0,0) size 2400x56
            RenderTableCell {TD} at (0,0) size 2400x56 [border: (1px inset #808080)] [r=0 c=0 rs=1 cs=1]
              RenderText {#text} at (1,1) size 2376x53
                text run at (1,1) width 338: "Hotmail's Junk Mail spreading effort just got better! "
                text run at (338,1) width 315: "Now you can choose from 3 levels of junk mail! "
                text run at (652,1) width 338: "Hotmail's Junk Mail spreading effort just got better! "
                text run at (989,1) width 315: "Now you can choose from 3 levels of junk mail! "
                text run at (1303,1) width 338: "Hotmail's Junk Mail spreading effort just got better! "
                text run at (1640,1) width 315: "Now you can choose from 3 levels of junk mail! "
                text run at (1954,1) width 338: "Hotmail's Junk Mail spreading effort just got better! "
                text run at (2291,1) width 86: "Now you can"
                text run at (1,19) width 225: "choose from 3 levels of junk mail! "
                text run at (225,19) width 338: "Hotmail's Junk Mail spreading effort just got better! "
                text run at (562,19) width 315: "Now you can choose from 3 levels of junk mail! "
                text run at (876,19) width 338: "Hotmail's Junk Mail spreading effort just got better! "
                text run at (1213,19) width 315: "Now you can choose from 3 levels of junk mail! "
                text run at (1527,19) width 338: "Hotmail's Junk Mail spreading effort just got better! "
                text run at (1864,19) width 315: "Now you can choose from 3 levels of junk mail! "
                text run at (2178,19) width 198: "Hotmail's Junk Mail spreading"
                text run at (1,37) width 137: "effort just got better! "
                text run at (137,37) width 315: "Now you can choose from 3 levels of junk mail! "
                text run at (451,37) width 339: "Hotmail's Junk Mail spreading effort just got better! "
                text run at (789,37) width 314: "Now you can choose from 3 levels of junk mail! "
                text run at (1102,37) width 339: "Hotmail's Junk Mail spreading effort just got better! "
                text run at (1440,37) width 310: "Now you can choose from 3 levels of junk mail!"
