layer at (0,0) size 1051x600
  RenderView at (0,0) size 800x600
layer at (0,0) size 800x600
  RenderBlock {HTML} at (0,0) size 800x600
    RenderBody {BODY} at (8,8) size 784x584
      RenderTable {TABLE} at (0,0) size 1043x164 [border: (2px solid #0000FF)]
        RenderTableSection {TBODY} at (2,2) size 1039x160
          RenderTableRow {TR} at (0,2) size 1039x156
            RenderTableCell {TD} at (2,2) size 259x156 [border: (1px solid #C0C0C0)] [r=0 c=0 rs=1 cs=1]
              RenderTable {TABLE} at (2,2) size 255x152 [border: (2px solid #008000)]
                RenderTableSection {TBODY} at (2,2) size 251x148
                  RenderTableRow {TR} at (0,2) size 251x96
                    RenderTableCell {TD} at (2,2) size 247x96 [border: (1px solid #C0C0C0)] [r=0 c=0 rs=1 cs=1]
                      RenderTable {TABLE} at (2,2) size 173x40 [border: (2px solid #FF0000)]
                        RenderTableSection {TBODY} at (2,2) size 169x36
                          RenderTableRow {TR} at (0,2) size 169x32
                            RenderTableCell {TD} at (2,2) size 165x32 [border: (1px solid #C0C0C0)] [r=0 c=0 rs=1 cs=1]
                              RenderTextControl {INPUT} at (4,4) size 157x24 [bgcolor=#FFFFFF] [border: (2px inset #000000)]
                              RenderText {#text} at (0,0) size 0x0
                      RenderTable {TABLE} at (2,42) size 243x52 [border: (2px solid #FF0000)]
                        RenderTableSection {TBODY} at (2,2) size 239x48
                          RenderTableRow {TR} at (0,2) size 239x44
                            RenderTableCell {TD} at (2,2) size 235x44 [border: (1px solid #C0C0C0)] [r=0 c=0 rs=1 cs=1]
                              RenderText {#text} at (2,2) size 201x39
                                text run at (2,2) width 201: "THIS TABLE NEEDS TO BE"
                                text run at (2,22) width 43: "HERE"
                  RenderTableRow {TR} at (0,100) size 251x46
                    RenderTableCell {TD} at (2,100) size 247x46 [border: (1px solid #C0C0C0)] [r=1 c=0 rs=1 cs=1]
                      RenderTable {TABLE} at (2,2) size 243x42 [border: (2px solid #FF0000)]
                        RenderTableSection {TBODY} at (2,2) size 239x38
                          RenderTableRow {TR} at (0,2) size 239x34
                            RenderTableCell {TD} at (2,2) size 235x34 [border: (1px solid #C0C0C0)] [r=0 c=0 rs=1 cs=1]
                              RenderMenuList {SELECT} at (4,4) size 227x26 [bgcolor=#FFFFFF] [border: (1px solid #000000)]
                                RenderBlock (anonymous) at (9,5) size 187x16
                                  RenderText at (0,0) size 187x16
                                    text run at (0,0) width 187: "USE THIS JAVASCRIPT HERE"
                              RenderText {#text} at (0,0) size 0x0
            RenderTableCell {TD} at (263,2) size 774x44 [border: (1px solid #C0C0C0)] [r=0 c=1 rs=1 cs=1]
              RenderText {#text} at (2,2) size 770x39
                text run at (2,2) width 770: "KEEPoTHEoTEXToHEREoASoLONGoASoPOSSIBLEooKEEPoTHEoTEXToHEREoASoLONGoASoPOSSIBLE"
                text run at (2,22) width 618: "THIS SIMULATES THE PROBLEM ON THE WWW.MAPBLAST.COM/ \"CREATE MAP\""
layer at (31,32) size 151x16 scrollWidth 162
  RenderBlock {DIV} at (3,4) size 151x16
    RenderText {#text} at (1,0) size 160x16
      text run at (1,0) width 160: "THIS NEEDS THIS VALUE"
