layer at (0,0) size 800x600
  RenderView at (0,0) size 800x600
layer at (0,0) size 800x600
  RenderBlock {HTML} at (0,0) size 800x600
    RenderBody {BODY} at (8,8) size 784x584
      RenderTable {TABLE} at (0,0) size 106x56 [border: (1px solid #FF0000)]
        RenderTableSection {TBODY} at (1,1) size 104x54
          RenderTableRow {TR} at (0,2) size 104x24
            RenderTableCell {TD} at (2,2) size 31x24 [border: (1px solid #008000)] [r=0 c=0 rs=1 cs=1]
              RenderText {#text} at (2,2) size 24x19
                text run at (2,2) width 24: "one"
            RenderTableCell {TD} at (35,2) size 29x24 [border: (1px solid #FF0000)] [r=0 c=1 rs=1 cs=1]
              RenderText {#text} at (2,2) size 25x19
                text run at (2,2) width 25: "two"
            RenderTableCell {TD} at (66,2) size 36x24 [border: (1px solid #0000FF)] [r=0 c=2 rs=1 cs=1]
              RenderText {#text} at (2,2) size 32x19
                text run at (2,2) width 32: "three"
          RenderTableRow {TR} at (0,28) size 104x24
            RenderTableCell {TD} at (2,28) size 31x24 [border: (1px solid #008000)] [r=1 c=0 rs=1 cs=1]
              RenderText {#text} at (2,2) size 27x19
                text run at (2,2) width 27: "four"
            RenderTableCell {TD} at (35,28) size 29x24 [border: (1px solid #FFFF00)] [r=1 c=1 rs=1 cs=1]
              RenderText {#text} at (2,2) size 25x19
                text run at (2,2) width 25: "five"
            RenderTableCell {TD} at (66,28) size 36x24 [border: (1px solid #FFA500)] [r=1 c=2 rs=1 cs=1]
              RenderText {#text} at (2,2) size 19x19
                text run at (2,2) width 19: "six"
      RenderBlock (anonymous) at (0,56) size 784x20
        RenderBR {BR} at (0,0) size 0x19
      RenderTable {TABLE} at (0,76) size 106x56 [border: (1px solid #FF0000)]
        RenderTableSection {TBODY} at (1,1) size 104x54
          RenderTableRow {TR} at (0,2) size 104x24
            RenderTableCell {TD} at (2,2) size 31x24 [border: (1px solid #008000)] [r=0 c=0 rs=1 cs=1]
              RenderText {#text} at (2,2) size 24x19
                text run at (2,2) width 24: "one"
            RenderTableCell {TD} at (35,2) size 29x24 [border: (1px solid #FF0000)] [r=0 c=1 rs=1 cs=1]
              RenderText {#text} at (2,2) size 25x19
                text run at (2,2) width 25: "two"
            RenderTableCell {TD} at (66,2) size 36x24 [border: (1px solid #0000FF)] [r=0 c=2 rs=1 cs=1]
              RenderText {#text} at (2,2) size 32x19
                text run at (2,2) width 32: "three"
          RenderTableRow {TR} at (0,28) size 104x24
            RenderTableCell {TD} at (2,28) size 31x24 [border: (1px solid #008000)] [r=1 c=0 rs=1 cs=1]
              RenderText {#text} at (2,2) size 27x19
                text run at (2,2) width 27: "four"
            RenderTableCell {TD} at (35,28) size 29x24 [border: (1px solid #FFFF00)] [r=1 c=1 rs=1 cs=1]
              RenderText {#text} at (2,2) size 25x19
                text run at (2,2) width 25: "five"
            RenderTableCell {TD} at (66,28) size 36x24 [border: (1px solid #FFA500)] [r=1 c=2 rs=1 cs=1]
              RenderText {#text} at (2,2) size 19x19
                text run at (2,2) width 19: "six"
      RenderBlock (anonymous) at (0,132) size 784x40
        RenderBR {BR} at (0,0) size 0x19
        RenderText {#text} at (0,20) size 233x19
          text run at (0,20) width 233: "should be 2px solid red around table"
      RenderTable {TABLE} at (0,172) size 75x32 [border: (2px solid #FF0000)]
        RenderTableSection {TBODY} at (2,2) size 71x28
          RenderTableRow {TR} at (0,2) size 71x24
            RenderTableCell {TD} at (2,2) size 31x24 [border: (1px inset #FF0000)] [r=0 c=0 rs=1 cs=1]
              RenderText {#text} at (2,2) size 27x19
                text run at (2,2) width 27: "One"
            RenderTableCell {TD} at (35,2) size 34x24 [border: (1px inset #FF0000)] [r=0 c=1 rs=1 cs=1]
              RenderText {#text} at (2,2) size 30x19
                text run at (2,2) width 30: "Two"
      RenderBlock (anonymous) at (0,204) size 784x40
        RenderBR {BR} at (0,0) size 0x19
        RenderText {#text} at (0,20) size 262x19
          text run at (0,20) width 262: "should be medium solid red around table"
      RenderTable {TABLE} at (0,244) size 77x34 [border: (3px solid #FF0000)]
        RenderTableSection {TBODY} at (3,3) size 71x28
          RenderTableRow {TR} at (0,2) size 71x24
            RenderTableCell {TD} at (2,2) size 31x24 [border: (1px inset #FF0000)] [r=0 c=0 rs=1 cs=1]
              RenderText {#text} at (2,2) size 27x19
                text run at (2,2) width 27: "One"
            RenderTableCell {TD} at (35,2) size 34x24 [border: (1px inset #FF0000)] [r=0 c=1 rs=1 cs=1]
              RenderText {#text} at (2,2) size 30x19
                text run at (2,2) width 30: "Two"
