layer at (0,0) size 800x1619
  RenderView at (0,0) size 800x600
layer at (0,0) size 800x1619
  RenderBlock {HTML} at (0,0) size 800x1619
    RenderBody {BODY} at (8,8) size 784x1603
      RenderText {#text} at (0,0) size 0x0
layer at (8,8) size 773x1595
  RenderInline {SPAN} at (0,0) size 773x1595 [bgcolor=#800000]
    RenderText {#text} at (0,4) size 773x1595
      text run at (0,4) width 356: "This"
      text run at (0,233) width 589: "content"
      text run at (0,462) width 773: "should be"
      text run at (0,691) width 611: "masked"
      text run at (0,920) width 495: "with a"
      text run at (0,1149) width 300: "soft"
      text run at (0,1378) width 450: "glow."
