layer at (0,0) size 814x686
  RenderView at (0,0) size 800x600
layer at (0,0) size 800x686
  RenderBlock {HTML} at (0,0) size 800x686
    RenderBody {BODY} at (8,16) size 784x662
      RenderBlock {P} at (0,0) size 784x40
        RenderText {#text} at (0,0) size 764x39
          text run at (0,0) width 764: "There should be a SPAN in the middle of all four paragraphs that has padding, a green border, and a margin on the left,"
          text run at (0,20) width 369: "and padding, an orange border, and a margin on the right."
      RenderBlock {H1} at (0,56) size 784x20
        RenderText {#text} at (0,0) size 91x19
          text run at (0,0) width 91: "Left-to-Right"
      RenderBlock {DIV} at (0,86) size 784x252 [border: (1px solid #000000)]
        RenderBlock {P} at (6,22) size 772x32
          RenderText {#text} at (0,6) size 128x19
            text run at (0,6) width 128: "Lorem ipsum dolor "
          RenderInline {SPAN} at (0,0) size 191x21 [border: (1px solid #0000FF) (10px solid #FFA500) (1px solid #0000FF) (10px solid #008000)]
            RenderText {#text} at (172,6) size 136x19
              text run at (172,6) width 136: "sit amet, consectetur "
          RenderText {#text} at (352,6) size 342x19
            text run at (352,6) width 342: "adipisicing elit, sed do eiusmod tempor incididunt ut."
        RenderBlock {P} at (6,70) size 772x160
          RenderText {#text} at (0,6) size 751x51
            text run at (0,6) width 604: "Lorem ipsum dolor sit amet, consectetur adipisicing elit, sed do eiusmod tempor incididunt ut "
            text run at (603,6) width 148: "labore et dolore magna"
            text run at (0,38) width 442: "aliqua. Ut enim ad minim veniam, quis nostrud exercitation ullamco "
          RenderInline {SPAN} at (0,0) size 790x85 [border: (1px solid #0000FF) (10px solid #FFA500) (1px solid #0000FF) (10px solid #008000)]
            RenderText {#text} at (486,38) size 767x83
              text run at (486,38) width 242: "laboris nisi ut aliquip ex ea commodo"
              text run at (0,70) width 332: "consequat. Duis aute irure dolor in reprehenderit in "
              text run at (331,70) width 436: "voluptate velit esse cillum dolore eu fugiat nulla pariatur. Excepteur"
              text run at (0,102) width 149: "sint occaecat cupidatat "
              text run at (148,102) width 607: "non proident, sunt in culpa qui officia deserunt mollit anim id est laborum. Lorem ipsum dolor"
          RenderText {#text} at (0,134) size 577x19
            text run at (0,134) width 577: "sit amet, consectetur adipisicing elit, sed do eiusmod tempor incididunt ut labore et dolore"
      RenderBlock {H1} at (0,348) size 784x20
        RenderText {#text} at (0,0) size 91x19
          text run at (0,0) width 91: "Right-to-Left"
      RenderBlock {DIV} at (0,378) size 784x284 [border: (1px solid #000000)]
        RenderBlock {P} at (6,22) size 772x32
          RenderText {#text} at (82,6) size 128x19
            text run at (82,6) width 128: "Lorem ipsum dolor "
          RenderInline {SPAN} at (0,0) size 191x21 [border: (1px solid #0000FF) (10px solid #FFA500) (1px solid #0000FF) (10px solid #008000)]
            RenderText {#text} at (254,6) size 136x19
              text run at (254,6) width 136: "sit amet, consectetur "
          RenderText {#text} at (78,6) size 694x19
            text run at (78,6) width 5 RTL: "."
            text run at (434,6) width 338: "adipisicing elit, sed do eiusmod tempor incididunt ut"
        RenderBlock {P} at (6,70) size 772x192
          RenderText {#text} at (21,6) size 751x51
            text run at (21,6) width 604: "Lorem ipsum dolor sit amet, consectetur adipisicing elit, sed do eiusmod tempor incididunt ut "
            text run at (624,6) width 148: "labore et dolore magna"
            text run at (44,38) width 443: "aliqua. Ut enim ad minim veniam, quis nostrud exercitation ullamco "
          RenderInline {SPAN} at (0,0) size 775x85 [border: (1px solid #0000FF) (10px solid #FFA500) (1px solid #0000FF) (10px solid #008000)]
            RenderText {#text} at (486,38) size 767x83
              text run at (486,38) width 241: "laboris nisi ut aliquip ex ea commodo"
              text run at (5,70) width 332: "consequat. Duis aute irure dolor in reprehenderit in "
              text run at (336,70) width 436: "voluptate velit esse cillum dolore eu fugiat nulla pariatur. Excepteur"
              text run at (17,102) width 150: "sint occaecat cupidatat "
              text run at (166,102) width 606: "non proident, sunt in culpa qui officia deserunt mollit anim id est laborum. Lorem ipsum dolor"
          RenderText {#text} at (26,134) size 746x51
            text run at (26,134) width 582: "sit amet, consectetur adipisicing elit, sed do eiusmod tempor incididunt ut labore et dolore "
            text run at (607,134) width 165: "magna aliqua. Ut enim ad"
            text run at (313,166) width 5 RTL: "."
            text run at (317,166) width 455: "minim veniam, quis nostrud exercitation ullamco laboris nisi ut aliquip"
