layer at (0,0) size 800x600
  RenderView at (0,0) size 800x600
layer at (0,0) size 800x240
  RenderBlock {HTML} at (0,0) size 800x240
    RenderBody {BODY} at (8,16) size 784x132
      RenderBlock {P} at (0,0) size 784x40 [color=#000080]
        RenderText {#text} at (0,0) size 396x19
          text run at (0,0) width 246: "In the following test, the purple square "
          text run at (246,0) width 150: "should be on the left (\x{21E6}"
        RenderImage {IMG} at (396,0) size 19x19
        RenderText {#text} at (415,0) size 215x19
          text run at (415,0) width 215: "), and the teal square on the right ("
        RenderImage {IMG} at (630,0) size 19x19
        RenderText {#text} at (649,0) size 738x39
          text run at (649,0) width 89: "\x{21E8}) of the blue"
          text run at (0,20) width 61: "rectangle."
      RenderBlock {DIV} at (0,56) size 784x76
        RenderBlock {DIV} at (16,0) size 752x76 [color=#0000FF] [bgcolor=#000080]
          RenderImage {IMG} at (8,8) size 160x160
          RenderImage {IMG} at (584,8) size 160x160
          RenderText {#text} at (168,8) size 392x59
            text run at (168,8) width 392: "Blue rectangle. Blue rectangle. Blue rectangle. Blue rectangle."
            text run at (168,28) width 198: "Blue rectangle. Blue rectangle. "
            text run at (366,28) width 194: "Blue rectangle. Blue rectangle."
            text run at (168,48) width 392: "Blue rectangle. Blue rectangle. Blue rectangle. Blue rectangle."
