layer at (0,0) size 800x600
  RenderView at (0,0) size 800x600
layer at (0,0) size 800x284
  RenderBlock {HTML} at (0,0) size 800x284
    RenderBody {BODY} at (8,16) size 784x252
      RenderBlock {P} at (0,0) size 784x252 [color=#000080]
        RenderImage {IMG} at (734,0) size 50x50
        RenderText {#text} at (0,0) size 341x17
          text run at (0,0) width 341: "This text should flow around the box on the right. \x{21E8} "
        RenderInline {SPAN} at (0,0) size 778x251 [color=#C0C0C0]
          RenderText {#text} at (340,0) size 778x251
            text run at (340,0) width 373: "dummy text dummy text dummy text dummy text dummy"
            text run at (0,18) width 81: "text dummy "
            text run at (80,18) width 487: "text dummy text dummy text dummy text dummy text dummy text dummy "
            text run at (566,18) width 159: "text dummy text dummy"
            text run at (0,36) width 324: "text dummy text dummy text dummy text dummy "
            text run at (323,36) width 402: "text dummy text dummy text dummy text dummy text dummy"
            text run at (0,54) width 81: "text dummy "
            text run at (80,54) width 487: "text dummy text dummy text dummy text dummy text dummy text dummy "
            text run at (566,54) width 187: "text dummy text dummy text"
            text run at (0,72) width 296: "dummy text dummy text dummy text dummy "
            text run at (295,72) width 483: "text dummy text dummy text dummy text dummy text dummy text dummy"
            text run at (0,90) width 486: "text dummy text dummy text dummy text dummy text dummy text dummy "
            text run at (485,90) width 268: "text dummy text dummy text dummy text"
            text run at (0,108) width 215: "dummy text dummy text dummy "
            text run at (214,108) width 487: "text dummy text dummy text dummy text dummy text dummy text dummy "
            text run at (700,108) width 78: "text dummy"
            text run at (0,126) width 405: "text dummy text dummy text dummy text dummy text dummy "
            text run at (404,126) width 349: "text dummy text dummy text dummy text dummy text"
            text run at (0,144) width 134: "dummy text dummy "
            text run at (133,144) width 487: "text dummy text dummy text dummy text dummy text dummy text dummy "
            text run at (619,144) width 159: "text dummy text dummy"
            text run at (0,162) width 324: "text dummy text dummy text dummy text dummy "
            text run at (323,162) width 430: "text dummy text dummy text dummy text dummy text dummy text"
            text run at (0,180) width 53: "dummy "
            text run at (52,180) width 487: "text dummy text dummy text dummy text dummy text dummy text dummy "
            text run at (538,180) width 240: "text dummy text dummy text dummy"
            text run at (0,198) width 243: "text dummy text dummy text dummy "
            text run at (242,198) width 487: "text dummy text dummy text dummy text dummy text dummy text dummy "
            text run at (728,198) width 25: "text"
            text run at (0,216) width 458: "dummy text dummy text dummy text dummy text dummy text dummy "
            text run at (457,216) width 321: "text dummy text dummy text dummy text dummy"
            text run at (0,234) width 162: "text dummy text dummy "
            text run at (161,234) width 430: "text dummy text dummy text dummy text dummy text dummy text"
        RenderText {#text} at (0,0) size 0x0
