layer at (0,0) size 800x600
  RenderView at (0,0) size 800x600
layer at (0,0) size 800x317
  RenderBlock {HTML} at (0,0) size 800x317
    RenderBody {BODY} at (8,16) size 784x286
      RenderBlock {P} at (0,0) size 784x36
        RenderText {#text} at (0,0) size 762x35
          text run at (0,0) width 391: "Change your window size. However the lines wrap, the blue "
          text run at (390,0) width 372: "rectanglues should always have their middles on the same"
          text run at (0,18) width 86: "alignment as "
          text run at (85,18) width 210: "other blue rectangles on the line."
      RenderBlock {P} at (15,52) size 754x234 [color=#0000FF] [bgcolor=#FFFFFF] [border: (1px solid #C0C0C0)]
        RenderText {#text} at (8,34) size 60x15
          text run at (8,34) width 60: "\x{C9}\x{C9}\x{C9} "
        RenderImage {IMG} at (68,25) size 30x30
        RenderText {#text} at (98,34) size 15x15
          text run at (98,34) width 15: " "
        RenderInline {SPAN} at (0,0) size 114x38 [color=#C0C0C0]
          RenderText {#text} at (113,16) size 114x38
            text run at (113,16) width 114: "xxx"
        RenderText {#text} at (227,34) size 15x15
          text run at (227,34) width 15: " "
        RenderImage {IMG} at (242,15) size 50x50
        RenderText {#text} at (292,34) size 75x15
          text run at (292,34) width 15: " "
          text run at (307,34) width 60: "\x{C9}\x{C9}\x{C9} "
        RenderImage {IMG} at (367,35) size 10x10
        RenderText {#text} at (377,34) size 15x15
          text run at (377,34) width 15: " "
        RenderInline {SMALL} at (0,0) size 30x10 [color=#C0C0C0]
          RenderText {#text} at (392,38) size 30x10
            text run at (392,38) width 30: "xxx"
        RenderText {#text} at (422,34) size 15x15
          text run at (422,34) width 15: " "
        RenderImage {IMG} at (437,30) size 20x20
        RenderText {#text} at (457,34) size 75x15
          text run at (457,34) width 15: " "
          text run at (472,34) width 60: "\x{C9}\x{C9}\x{C9} "
        RenderImage {IMG} at (532,8) size 65x65
        RenderText {#text} at (597,34) size 75x15
          text run at (597,34) width 15: " "
          text run at (612,34) width 60: "\x{C9}\x{C9}\x{C9} "
        RenderImage {IMG} at (672,23) size 35x35
        RenderText {#text} at (0,0) size 0x0
        RenderInline {SPAN} at (0,0) size 90x30 [color=#C0C0C0]
          RenderText {#text} at (8,93) size 90x30
            text run at (8,93) width 90: "xxx"
        RenderText {#text} at (98,105) size 15x15
          text run at (98,105) width 15: " "
        RenderImage {IMG} at (113,86) size 50x50
        RenderText {#text} at (163,105) size 15x15
          text run at (163,105) width 15: " "
        RenderInline {SPAN} at (0,0) size 352x23 [color=#C0C0C0]
          RenderText {#text} at (178,99) size 92x23
            text run at (178,99) width 92: "xxx "
          RenderInline {SPAN} at (0,0) size 168x56
            RenderText {#text} at (270,73) size 168x56
              text run at (270,73) width 168: "xxx"
          RenderText {#text} at (438,99) size 92x23
            text run at (438,99) width 92: " xxx"
        RenderText {#text} at (530,105) size 15x15
          text run at (530,105) width 15: " "
        RenderImage {IMG} at (545,86) size 50x50
        RenderText {#text} at (595,105) size 15x15
          text run at (595,105) width 15: " "
        RenderInline {SMALL} at (0,0) size 30x10 [color=#C0C0C0]
          RenderText {#text} at (610,109) size 30x10
            text run at (610,109) width 30: "xxx"
        RenderText {#text} at (640,105) size 15x15
          text run at (640,105) width 15: " "
        RenderImage {IMG} at (655,104) size 15x15
        RenderText {#text} at (670,105) size 15x15
          text run at (670,105) width 15: " "
        RenderInline {BIG} at (0,0) size 60x20 [color=#C0C0C0]
          RenderText {#text} at (685,101) size 60x20
            text run at (685,101) width 60: "xxx"
        RenderText {#text} at (0,0) size 0x0
        RenderImage {IMG} at (8,136) size 90x90
        RenderText {#text} at (98,175) size 60x15
          text run at (98,175) width 15: " "
          text run at (113,175) width 45: "\x{C9}\x{C9}\x{C9}"
