layer at (0,0) size 800x2928
  RenderView at (0,0) size 800x600
layer at (0,0) size 800x2928
  RenderBlock {HTML} at (0,0) size 800x2928
    RenderBody {BODY} at (8,8) size 784x2912
      RenderBlock {DIV} at (0,0) size 784x18 [color=#C0C0C0]
        RenderText {#text} at (0,0) size 85x17
          text run at (0,0) width 85: "Dummy text."
      RenderBlock {DIV} at (0,18) size 784x18 [color=#C0C0C0]
        RenderText {#text} at (0,0) size 85x17
          text run at (0,0) width 85: "Dummy text."
      RenderBlock {DIV} at (0,36) size 784x18 [color=#C0C0C0]
        RenderText {#text} at (0,0) size 85x17
          text run at (0,0) width 85: "Dummy text."
      RenderBlock {P} at (0,70) size 784x18
        RenderText {#text} at (0,0) size 631x17
          text run at (0,0) width 406: "Scroll this document. A line of blue should remain stuck at the "
          text run at (405,0) width 226: "top of the viewport the whole time."
      RenderBlock {DIV} at (0,104) size 784x18 [color=#C0C0C0]
        RenderText {#text} at (0,0) size 85x17
          text run at (0,0) width 85: "Dummy text."
      RenderBlock {DIV} at (0,122) size 784x18 [color=#C0C0C0]
        RenderText {#text} at (0,0) size 85x17
          text run at (0,0) width 85: "Dummy text."
      RenderBlock {DIV} at (0,140) size 784x18 [color=#C0C0C0]
        RenderText {#text} at (0,0) size 85x17
          text run at (0,0) width 85: "Dummy text."
      RenderBlock {DIV} at (0,158) size 784x18 [color=#C0C0C0]
        RenderText {#text} at (0,0) size 85x17
          text run at (0,0) width 85: "Dummy text."
      RenderBlock {DIV} at (0,176) size 784x18 [color=#C0C0C0]
        RenderText {#text} at (0,0) size 85x17
          text run at (0,0) width 85: "Dummy text."
      RenderBlock {DIV} at (0,194) size 784x18 [color=#C0C0C0]
        RenderText {#text} at (0,0) size 85x17
          text run at (0,0) width 85: "Dummy text."
      RenderBlock {DIV} at (0,212) size 784x18 [color=#C0C0C0]
        RenderText {#text} at (0,0) size 85x17
          text run at (0,0) width 85: "Dummy text."
      RenderBlock {DIV} at (0,230) size 784x18 [color=#C0C0C0]
        RenderText {#text} at (0,0) size 85x17
          text run at (0,0) width 85: "Dummy text."
      RenderBlock {DIV} at (0,248) size 784x18 [color=#C0C0C0]
        RenderText {#text} at (0,0) size 85x17
          text run at (0,0) width 85: "Dummy text."
      RenderBlock {DIV} at (0,266) size 784x18 [color=#C0C0C0]
        RenderText {#text} at (0,0) size 85x17
          text run at (0,0) width 85: "Dummy text."
      RenderBlock {DIV} at (0,284) size 784x18 [color=#C0C0C0]
        RenderText {#text} at (0,0) size 85x17
          text run at (0,0) width 85: "Dummy text."
      RenderBlock {DIV} at (0,302) size 784x18 [color=#C0C0C0]
        RenderText {#text} at (0,0) size 85x17
          text run at (0,0) width 85: "Dummy text."
      RenderBlock {DIV} at (0,320) size 784x18 [color=#C0C0C0]
        RenderText {#text} at (0,0) size 85x17
          text run at (0,0) width 85: "Dummy text."
      RenderBlock {DIV} at (0,338) size 784x18 [color=#C0C0C0]
        RenderText {#text} at (0,0) size 85x17
          text run at (0,0) width 85: "Dummy text."
      RenderBlock {DIV} at (0,356) size 784x18 [color=#C0C0C0]
        RenderText {#text} at (0,0) size 85x17
          text run at (0,0) width 85: "Dummy text."
      RenderBlock {DIV} at (0,374) size 784x18 [color=#C0C0C0]
        RenderText {#text} at (0,0) size 85x17
          text run at (0,0) width 85: "Dummy text."
      RenderBlock {DIV} at (0,392) size 784x18 [color=#C0C0C0]
        RenderText {#text} at (0,0) size 85x17
          text run at (0,0) width 85: "Dummy text."
      RenderBlock {DIV} at (0,410) size 784x18 [color=#C0C0C0]
        RenderText {#text} at (0,0) size 85x17
          text run at (0,0) width 85: "Dummy text."
      RenderBlock {DIV} at (0,428) size 784x18 [color=#C0C0C0]
        RenderText {#text} at (0,0) size 85x17
          text run at (0,0) width 85: "Dummy text."
      RenderBlock {DIV} at (0,446) size 784x18 [color=#C0C0C0]
        RenderText {#text} at (0,0) size 85x17
          text run at (0,0) width 85: "Dummy text."
      RenderBlock {DIV} at (0,464) size 784x18 [color=#C0C0C0]
        RenderText {#text} at (0,0) size 85x17
          text run at (0,0) width 85: "Dummy text."
      RenderBlock {DIV} at (0,482) size 784x18 [color=#C0C0C0]
        RenderText {#text} at (0,0) size 85x17
          text run at (0,0) width 85: "Dummy text."
      RenderBlock {DIV} at (0,500) size 784x18 [color=#C0C0C0]
        RenderText {#text} at (0,0) size 85x17
          text run at (0,0) width 85: "Dummy text."
      RenderBlock {DIV} at (0,518) size 784x18 [color=#C0C0C0]
        RenderText {#text} at (0,0) size 85x17
          text run at (0,0) width 85: "Dummy text."
      RenderBlock {DIV} at (0,536) size 784x18 [color=#C0C0C0]
        RenderText {#text} at (0,0) size 85x17
          text run at (0,0) width 85: "Dummy text."
      RenderBlock {DIV} at (0,554) size 784x18 [color=#C0C0C0]
        RenderText {#text} at (0,0) size 85x17
          text run at (0,0) width 85: "Dummy text."
      RenderBlock {DIV} at (0,572) size 784x18 [color=#C0C0C0]
        RenderText {#text} at (0,0) size 85x17
          text run at (0,0) width 85: "Dummy text."
      RenderBlock {DIV} at (0,590) size 784x18 [color=#C0C0C0]
        RenderText {#text} at (0,0) size 85x17
          text run at (0,0) width 85: "Dummy text."
      RenderBlock {DIV} at (0,608) size 784x18 [color=#C0C0C0]
        RenderText {#text} at (0,0) size 85x17
          text run at (0,0) width 85: "Dummy text."
      RenderBlock {DIV} at (0,626) size 784x18 [color=#C0C0C0]
        RenderText {#text} at (0,0) size 85x17
          text run at (0,0) width 85: "Dummy text."
      RenderBlock {DIV} at (0,644) size 784x18 [color=#C0C0C0]
        RenderText {#text} at (0,0) size 85x17
          text run at (0,0) width 85: "Dummy text."
      RenderBlock {DIV} at (0,662) size 784x18 [color=#C0C0C0]
        RenderText {#text} at (0,0) size 85x17
          text run at (0,0) width 85: "Dummy text."
      RenderBlock {DIV} at (0,680) size 784x18 [color=#C0C0C0]
        RenderText {#text} at (0,0) size 85x17
          text run at (0,0) width 85: "Dummy text."
      RenderBlock {DIV} at (0,698) size 784x18 [color=#C0C0C0]
        RenderText {#text} at (0,0) size 85x17
          text run at (0,0) width 85: "Dummy text."
      RenderBlock {DIV} at (0,716) size 784x18 [color=#C0C0C0]
        RenderText {#text} at (0,0) size 85x17
          text run at (0,0) width 85: "Dummy text."
      RenderBlock {DIV} at (0,734) size 784x18 [color=#C0C0C0]
        RenderText {#text} at (0,0) size 85x17
          text run at (0,0) width 85: "Dummy text."
      RenderBlock {DIV} at (0,752) size 784x18 [color=#C0C0C0]
        RenderText {#text} at (0,0) size 85x17
          text run at (0,0) width 85: "Dummy text."
      RenderBlock {DIV} at (0,770) size 784x18 [color=#C0C0C0]
        RenderText {#text} at (0,0) size 85x17
          text run at (0,0) width 85: "Dummy text."
      RenderBlock {DIV} at (0,788) size 784x18 [color=#C0C0C0]
        RenderText {#text} at (0,0) size 85x17
          text run at (0,0) width 85: "Dummy text."
      RenderBlock {DIV} at (0,806) size 784x18 [color=#C0C0C0]
        RenderText {#text} at (0,0) size 85x17
          text run at (0,0) width 85: "Dummy text."
      RenderBlock {DIV} at (0,824) size 784x18 [color=#C0C0C0]
        RenderText {#text} at (0,0) size 85x17
          text run at (0,0) width 85: "Dummy text."
      RenderBlock {DIV} at (0,842) size 784x18 [color=#C0C0C0]
        RenderText {#text} at (0,0) size 85x17
          text run at (0,0) width 85: "Dummy text."
      RenderBlock {DIV} at (0,860) size 784x18 [color=#C0C0C0]
        RenderText {#text} at (0,0) size 85x17
          text run at (0,0) width 85: "Dummy text."
      RenderBlock {DIV} at (0,878) size 784x18 [color=#C0C0C0]
        RenderText {#text} at (0,0) size 85x17
          text run at (0,0) width 85: "Dummy text."
      RenderBlock {DIV} at (0,896) size 784x18 [color=#C0C0C0]
        RenderText {#text} at (0,0) size 85x17
          text run at (0,0) width 85: "Dummy text."
      RenderBlock {DIV} at (0,914) size 784x18 [color=#C0C0C0]
        RenderText {#text} at (0,0) size 85x17
          text run at (0,0) width 85: "Dummy text."
      RenderBlock {DIV} at (0,932) size 784x18 [color=#C0C0C0]
        RenderText {#text} at (0,0) size 85x17
          text run at (0,0) width 85: "Dummy text."
      RenderBlock {DIV} at (0,950) size 784x18 [color=#C0C0C0]
        RenderText {#text} at (0,0) size 85x17
          text run at (0,0) width 85: "Dummy text."
      RenderBlock {DIV} at (0,968) size 784x18 [color=#C0C0C0]
        RenderText {#text} at (0,0) size 85x17
          text run at (0,0) width 85: "Dummy text."
      RenderBlock {DIV} at (0,986) size 784x18 [color=#C0C0C0]
        RenderText {#text} at (0,0) size 85x17
          text run at (0,0) width 85: "Dummy text."
      RenderBlock {DIV} at (0,1004) size 784x18 [color=#C0C0C0]
        RenderText {#text} at (0,0) size 85x17
          text run at (0,0) width 85: "Dummy text."
      RenderBlock {DIV} at (0,1022) size 784x18 [color=#C0C0C0]
        RenderText {#text} at (0,0) size 85x17
          text run at (0,0) width 85: "Dummy text."
      RenderBlock {DIV} at (0,1040) size 784x18 [color=#C0C0C0]
        RenderText {#text} at (0,0) size 85x17
          text run at (0,0) width 85: "Dummy text."
      RenderBlock {DIV} at (0,1058) size 784x18 [color=#C0C0C0]
        RenderText {#text} at (0,0) size 85x17
          text run at (0,0) width 85: "Dummy text."
      RenderBlock {DIV} at (0,1076) size 784x18 [color=#C0C0C0]
        RenderText {#text} at (0,0) size 85x17
          text run at (0,0) width 85: "Dummy text."
      RenderBlock {DIV} at (0,1094) size 784x18 [color=#C0C0C0]
        RenderText {#text} at (0,0) size 85x17
          text run at (0,0) width 85: "Dummy text."
      RenderBlock {DIV} at (0,1112) size 784x18 [color=#C0C0C0]
        RenderText {#text} at (0,0) size 85x17
          text run at (0,0) width 85: "Dummy text."
      RenderBlock {DIV} at (0,1130) size 784x18 [color=#C0C0C0]
        RenderText {#text} at (0,0) size 85x17
          text run at (0,0) width 85: "Dummy text."
      RenderBlock {DIV} at (0,1148) size 784x18 [color=#C0C0C0]
        RenderText {#text} at (0,0) size 85x17
          text run at (0,0) width 85: "Dummy text."
      RenderBlock {DIV} at (0,1166) size 784x18 [color=#C0C0C0]
        RenderText {#text} at (0,0) size 85x17
          text run at (0,0) width 85: "Dummy text."
      RenderBlock {DIV} at (0,1184) size 784x18 [color=#C0C0C0]
        RenderText {#text} at (0,0) size 85x17
          text run at (0,0) width 85: "Dummy text."
      RenderBlock {DIV} at (0,1202) size 784x18 [color=#C0C0C0]
        RenderText {#text} at (0,0) size 85x17
          text run at (0,0) width 85: "Dummy text."
      RenderBlock {DIV} at (0,1220) size 784x18 [color=#C0C0C0]
        RenderText {#text} at (0,0) size 85x17
          text run at (0,0) width 85: "Dummy text."
      RenderBlock {DIV} at (0,1238) size 784x18 [color=#C0C0C0]
        RenderText {#text} at (0,0) size 85x17
          text run at (0,0) width 85: "Dummy text."
      RenderBlock {DIV} at (0,1256) size 784x18 [color=#C0C0C0]
        RenderText {#text} at (0,0) size 85x17
          text run at (0,0) width 85: "Dummy text."
      RenderBlock {DIV} at (0,1274) size 784x18 [color=#C0C0C0]
        RenderText {#text} at (0,0) size 85x17
          text run at (0,0) width 85: "Dummy text."
      RenderBlock {DIV} at (0,1292) size 784x18 [color=#C0C0C0]
        RenderText {#text} at (0,0) size 85x17
          text run at (0,0) width 85: "Dummy text."
      RenderBlock {DIV} at (0,1310) size 784x18 [color=#C0C0C0]
        RenderText {#text} at (0,0) size 85x17
          text run at (0,0) width 85: "Dummy text."
      RenderBlock {DIV} at (0,1328) size 784x18 [color=#C0C0C0]
        RenderText {#text} at (0,0) size 85x17
          text run at (0,0) width 85: "Dummy text."
      RenderBlock {DIV} at (0,1346) size 784x18 [color=#C0C0C0]
        RenderText {#text} at (0,0) size 85x17
          text run at (0,0) width 85: "Dummy text."
      RenderBlock {DIV} at (0,1364) size 784x18 [color=#C0C0C0]
        RenderText {#text} at (0,0) size 85x17
          text run at (0,0) width 85: "Dummy text."
      RenderBlock {DIV} at (0,1382) size 784x18 [color=#C0C0C0]
        RenderText {#text} at (0,0) size 85x17
          text run at (0,0) width 85: "Dummy text."
      RenderBlock {DIV} at (0,1400) size 784x18 [color=#C0C0C0]
        RenderText {#text} at (0,0) size 85x17
          text run at (0,0) width 85: "Dummy text."
      RenderBlock {DIV} at (0,1418) size 784x18 [color=#C0C0C0]
        RenderText {#text} at (0,0) size 85x17
          text run at (0,0) width 85: "Dummy text."
      RenderBlock {DIV} at (0,1436) size 784x18 [color=#C0C0C0]
        RenderText {#text} at (0,0) size 85x17
          text run at (0,0) width 85: "Dummy text."
      RenderBlock {DIV} at (0,1454) size 784x18 [color=#C0C0C0]
        RenderText {#text} at (0,0) size 85x17
          text run at (0,0) width 85: "Dummy text."
      RenderBlock {DIV} at (0,1472) size 784x18 [color=#C0C0C0]
        RenderText {#text} at (0,0) size 85x17
          text run at (0,0) width 85: "Dummy text."
      RenderBlock {DIV} at (0,1490) size 784x18 [color=#C0C0C0]
        RenderText {#text} at (0,0) size 85x17
          text run at (0,0) width 85: "Dummy text."
      RenderBlock {DIV} at (0,1508) size 784x18 [color=#C0C0C0]
        RenderText {#text} at (0,0) size 85x17
          text run at (0,0) width 85: "Dummy text."
      RenderBlock {DIV} at (0,1526) size 784x18 [color=#C0C0C0]
        RenderText {#text} at (0,0) size 85x17
          text run at (0,0) width 85: "Dummy text."
      RenderBlock {DIV} at (0,1544) size 784x18 [color=#C0C0C0]
        RenderText {#text} at (0,0) size 85x17
          text run at (0,0) width 85: "Dummy text."
      RenderBlock {DIV} at (0,1562) size 784x18 [color=#C0C0C0]
        RenderText {#text} at (0,0) size 85x17
          text run at (0,0) width 85: "Dummy text."
      RenderBlock {DIV} at (0,1580) size 784x18 [color=#C0C0C0]
        RenderText {#text} at (0,0) size 85x17
          text run at (0,0) width 85: "Dummy text."
      RenderBlock {DIV} at (0,1598) size 784x18 [color=#C0C0C0]
        RenderText {#text} at (0,0) size 85x17
          text run at (0,0) width 85: "Dummy text."
      RenderBlock {DIV} at (0,1616) size 784x18 [color=#C0C0C0]
        RenderText {#text} at (0,0) size 85x17
          text run at (0,0) width 85: "Dummy text."
      RenderBlock {DIV} at (0,1634) size 784x18 [color=#C0C0C0]
        RenderText {#text} at (0,0) size 85x17
          text run at (0,0) width 85: "Dummy text."
      RenderBlock {DIV} at (0,1652) size 784x18 [color=#C0C0C0]
        RenderText {#text} at (0,0) size 85x17
          text run at (0,0) width 85: "Dummy text."
      RenderBlock {DIV} at (0,1670) size 784x18 [color=#C0C0C0]
        RenderText {#text} at (0,0) size 85x17
          text run at (0,0) width 85: "Dummy text."
      RenderBlock {DIV} at (0,1688) size 784x18 [color=#C0C0C0]
        RenderText {#text} at (0,0) size 85x17
          text run at (0,0) width 85: "Dummy text."
      RenderBlock {DIV} at (0,1706) size 784x18 [color=#C0C0C0]
        RenderText {#text} at (0,0) size 85x17
          text run at (0,0) width 85: "Dummy text."
      RenderBlock {DIV} at (0,1724) size 784x18 [color=#C0C0C0]
        RenderText {#text} at (0,0) size 85x17
          text run at (0,0) width 85: "Dummy text."
      RenderBlock {DIV} at (0,1742) size 784x18 [color=#C0C0C0]
        RenderText {#text} at (0,0) size 85x17
          text run at (0,0) width 85: "Dummy text."
      RenderBlock {DIV} at (0,1760) size 784x18 [color=#C0C0C0]
        RenderText {#text} at (0,0) size 85x17
          text run at (0,0) width 85: "Dummy text."
      RenderBlock {DIV} at (0,1778) size 784x18 [color=#C0C0C0]
        RenderText {#text} at (0,0) size 85x17
          text run at (0,0) width 85: "Dummy text."
      RenderBlock {DIV} at (0,1796) size 784x18 [color=#C0C0C0]
        RenderText {#text} at (0,0) size 85x17
          text run at (0,0) width 85: "Dummy text."
      RenderBlock {DIV} at (0,1814) size 784x18 [color=#C0C0C0]
        RenderText {#text} at (0,0) size 85x17
          text run at (0,0) width 85: "Dummy text."
      RenderBlock {DIV} at (0,1832) size 784x18 [color=#C0C0C0]
        RenderText {#text} at (0,0) size 85x17
          text run at (0,0) width 85: "Dummy text."
      RenderBlock {DIV} at (0,1850) size 784x18 [color=#C0C0C0]
        RenderText {#text} at (0,0) size 85x17
          text run at (0,0) width 85: "Dummy text."
      RenderBlock {DIV} at (0,1868) size 784x18 [color=#C0C0C0]
        RenderText {#text} at (0,0) size 85x17
          text run at (0,0) width 85: "Dummy text."
      RenderBlock {DIV} at (0,1886) size 784x18 [color=#C0C0C0]
        RenderText {#text} at (0,0) size 85x17
          text run at (0,0) width 85: "Dummy text."
      RenderBlock {DIV} at (0,1904) size 784x18 [color=#C0C0C0]
        RenderText {#text} at (0,0) size 85x17
          text run at (0,0) width 85: "Dummy text."
      RenderBlock {DIV} at (0,1922) size 784x18 [color=#C0C0C0]
        RenderText {#text} at (0,0) size 85x17
          text run at (0,0) width 85: "Dummy text."
      RenderBlock {DIV} at (0,1940) size 784x18 [color=#C0C0C0]
        RenderText {#text} at (0,0) size 85x17
          text run at (0,0) width 85: "Dummy text."
      RenderBlock {DIV} at (0,1958) size 784x18 [color=#C0C0C0]
        RenderText {#text} at (0,0) size 85x17
          text run at (0,0) width 85: "Dummy text."
      RenderBlock {DIV} at (0,1976) size 784x18 [color=#C0C0C0]
        RenderText {#text} at (0,0) size 85x17
          text run at (0,0) width 85: "Dummy text."
      RenderBlock {DIV} at (0,1994) size 784x18 [color=#C0C0C0]
        RenderText {#text} at (0,0) size 85x17
          text run at (0,0) width 85: "Dummy text."
      RenderBlock {DIV} at (0,2012) size 784x18 [color=#C0C0C0]
        RenderText {#text} at (0,0) size 85x17
          text run at (0,0) width 85: "Dummy text."
      RenderBlock {DIV} at (0,2030) size 784x18 [color=#C0C0C0]
        RenderText {#text} at (0,0) size 85x17
          text run at (0,0) width 85: "Dummy text."
      RenderBlock {DIV} at (0,2048) size 784x18 [color=#C0C0C0]
        RenderText {#text} at (0,0) size 85x17
          text run at (0,0) width 85: "Dummy text."
      RenderBlock {DIV} at (0,2066) size 784x18 [color=#C0C0C0]
        RenderText {#text} at (0,0) size 85x17
          text run at (0,0) width 85: "Dummy text."
      RenderBlock {DIV} at (0,2084) size 784x18 [color=#C0C0C0]
        RenderText {#text} at (0,0) size 85x17
          text run at (0,0) width 85: "Dummy text."
      RenderBlock {DIV} at (0,2102) size 784x18 [color=#C0C0C0]
        RenderText {#text} at (0,0) size 85x17
          text run at (0,0) width 85: "Dummy text."
      RenderBlock {DIV} at (0,2120) size 784x18 [color=#C0C0C0]
        RenderText {#text} at (0,0) size 85x17
          text run at (0,0) width 85: "Dummy text."
      RenderBlock {DIV} at (0,2138) size 784x18 [color=#C0C0C0]
        RenderText {#text} at (0,0) size 85x17
          text run at (0,0) width 85: "Dummy text."
      RenderBlock {DIV} at (0,2156) size 784x18 [color=#C0C0C0]
        RenderText {#text} at (0,0) size 85x17
          text run at (0,0) width 85: "Dummy text."
      RenderBlock {DIV} at (0,2174) size 784x18 [color=#C0C0C0]
        RenderText {#text} at (0,0) size 85x17
          text run at (0,0) width 85: "Dummy text."
      RenderBlock {DIV} at (0,2192) size 784x18 [color=#C0C0C0]
        RenderText {#text} at (0,0) size 85x17
          text run at (0,0) width 85: "Dummy text."
      RenderBlock {DIV} at (0,2210) size 784x18 [color=#C0C0C0]
        RenderText {#text} at (0,0) size 85x17
          text run at (0,0) width 85: "Dummy text."
      RenderBlock {DIV} at (0,2228) size 784x18 [color=#C0C0C0]
        RenderText {#text} at (0,0) size 85x17
          text run at (0,0) width 85: "Dummy text."
      RenderBlock {DIV} at (0,2246) size 784x18 [color=#C0C0C0]
        RenderText {#text} at (0,0) size 85x17
          text run at (0,0) width 85: "Dummy text."
      RenderBlock {DIV} at (0,2264) size 784x18 [color=#C0C0C0]
        RenderText {#text} at (0,0) size 85x17
          text run at (0,0) width 85: "Dummy text."
      RenderBlock {DIV} at (0,2282) size 784x18 [color=#C0C0C0]
        RenderText {#text} at (0,0) size 85x17
          text run at (0,0) width 85: "Dummy text."
      RenderBlock {DIV} at (0,2300) size 784x18 [color=#C0C0C0]
        RenderText {#text} at (0,0) size 85x17
          text run at (0,0) width 85: "Dummy text."
      RenderBlock {DIV} at (0,2318) size 784x18 [color=#C0C0C0]
        RenderText {#text} at (0,0) size 85x17
          text run at (0,0) width 85: "Dummy text."
      RenderBlock {DIV} at (0,2336) size 784x18 [color=#C0C0C0]
        RenderText {#text} at (0,0) size 85x17
          text run at (0,0) width 85: "Dummy text."
      RenderBlock {DIV} at (0,2354) size 784x18 [color=#C0C0C0]
        RenderText {#text} at (0,0) size 85x17
          text run at (0,0) width 85: "Dummy text."
      RenderBlock {DIV} at (0,2372) size 784x18 [color=#C0C0C0]
        RenderText {#text} at (0,0) size 85x17
          text run at (0,0) width 85: "Dummy text."
      RenderBlock {DIV} at (0,2390) size 784x18 [color=#C0C0C0]
        RenderText {#text} at (0,0) size 85x17
          text run at (0,0) width 85: "Dummy text."
      RenderBlock {DIV} at (0,2408) size 784x18 [color=#C0C0C0]
        RenderText {#text} at (0,0) size 85x17
          text run at (0,0) width 85: "Dummy text."
      RenderBlock {DIV} at (0,2426) size 784x18 [color=#C0C0C0]
        RenderText {#text} at (0,0) size 85x17
          text run at (0,0) width 85: "Dummy text."
      RenderBlock {DIV} at (0,2444) size 784x18 [color=#C0C0C0]
        RenderText {#text} at (0,0) size 85x17
          text run at (0,0) width 85: "Dummy text."
      RenderBlock {DIV} at (0,2462) size 784x18 [color=#C0C0C0]
        RenderText {#text} at (0,0) size 85x17
          text run at (0,0) width 85: "Dummy text."
      RenderBlock {DIV} at (0,2480) size 784x18 [color=#C0C0C0]
        RenderText {#text} at (0,0) size 85x17
          text run at (0,0) width 85: "Dummy text."
      RenderBlock {DIV} at (0,2498) size 784x18 [color=#C0C0C0]
        RenderText {#text} at (0,0) size 85x17
          text run at (0,0) width 85: "Dummy text."
      RenderBlock {DIV} at (0,2516) size 784x18 [color=#C0C0C0]
        RenderText {#text} at (0,0) size 85x17
          text run at (0,0) width 85: "Dummy text."
      RenderBlock {DIV} at (0,2534) size 784x18 [color=#C0C0C0]
        RenderText {#text} at (0,0) size 85x17
          text run at (0,0) width 85: "Dummy text."
      RenderBlock {DIV} at (0,2552) size 784x18 [color=#C0C0C0]
        RenderText {#text} at (0,0) size 85x17
          text run at (0,0) width 85: "Dummy text."
      RenderBlock {DIV} at (0,2570) size 784x18 [color=#C0C0C0]
        RenderText {#text} at (0,0) size 85x17
          text run at (0,0) width 85: "Dummy text."
      RenderBlock {DIV} at (0,2588) size 784x18 [color=#C0C0C0]
        RenderText {#text} at (0,0) size 85x17
          text run at (0,0) width 85: "Dummy text."
      RenderBlock {DIV} at (0,2606) size 784x18 [color=#C0C0C0]
        RenderText {#text} at (0,0) size 85x17
          text run at (0,0) width 85: "Dummy text."
      RenderBlock {DIV} at (0,2624) size 784x18 [color=#C0C0C0]
        RenderText {#text} at (0,0) size 85x17
          text run at (0,0) width 85: "Dummy text."
      RenderBlock {DIV} at (0,2642) size 784x18 [color=#C0C0C0]
        RenderText {#text} at (0,0) size 85x17
          text run at (0,0) width 85: "Dummy text."
      RenderBlock {DIV} at (0,2660) size 784x18 [color=#C0C0C0]
        RenderText {#text} at (0,0) size 85x17
          text run at (0,0) width 85: "Dummy text."
      RenderBlock {DIV} at (0,2678) size 784x18 [color=#C0C0C0]
        RenderText {#text} at (0,0) size 85x17
          text run at (0,0) width 85: "Dummy text."
      RenderBlock {DIV} at (0,2696) size 784x18 [color=#C0C0C0]
        RenderText {#text} at (0,0) size 85x17
          text run at (0,0) width 85: "Dummy text."
      RenderBlock {DIV} at (0,2714) size 784x18 [color=#C0C0C0]
        RenderText {#text} at (0,0) size 85x17
          text run at (0,0) width 85: "Dummy text."
      RenderBlock {DIV} at (0,2732) size 784x18 [color=#C0C0C0]
        RenderText {#text} at (0,0) size 85x17
          text run at (0,0) width 85: "Dummy text."
      RenderBlock {DIV} at (0,2750) size 784x18 [color=#C0C0C0]
        RenderText {#text} at (0,0) size 85x17
          text run at (0,0) width 85: "Dummy text."
      RenderBlock {DIV} at (0,2768) size 784x18 [color=#C0C0C0]
        RenderText {#text} at (0,0) size 85x17
          text run at (0,0) width 85: "Dummy text."
      RenderBlock {DIV} at (0,2786) size 784x18 [color=#C0C0C0]
        RenderText {#text} at (0,0) size 85x17
          text run at (0,0) width 85: "Dummy text."
      RenderBlock {DIV} at (0,2804) size 784x18 [color=#C0C0C0]
        RenderText {#text} at (0,0) size 85x17
          text run at (0,0) width 85: "Dummy text."
      RenderBlock {DIV} at (0,2822) size 784x18 [color=#C0C0C0]
        RenderText {#text} at (0,0) size 85x17
          text run at (0,0) width 85: "Dummy text."
      RenderBlock {DIV} at (0,2840) size 784x18 [color=#C0C0C0]
        RenderText {#text} at (0,0) size 85x17
          text run at (0,0) width 85: "Dummy text."
      RenderBlock {DIV} at (0,2858) size 784x18 [color=#C0C0C0]
        RenderText {#text} at (0,0) size 85x17
          text run at (0,0) width 85: "Dummy text."
      RenderBlock {DIV} at (0,2876) size 784x18 [color=#C0C0C0]
        RenderText {#text} at (0,0) size 85x17
          text run at (0,0) width 85: "Dummy text."
      RenderBlock {DIV} at (0,2894) size 784x18 [color=#C0C0C0]
        RenderText {#text} at (0,0) size 85x17
          text run at (0,0) width 85: "Dummy text."
