layer at (0,0) size 800x600
  RenderView at (0,0) size 800x600
layer at (0,0) size 800x468
  RenderBlock {HTML} at (0,0) size 800x468
    RenderBody {BODY} at (8,18) size 784x432 [color=#000080]
      RenderBlock {P} at (0,0) size 784x432
        RenderText {#text} at (0,17) size 746x74
          text run at (0,17) width 746: "This text should be 18px sans-serif, in small-caps, italicized, and very light. There should be a"
          text run at (0,71) width 225: "36px gap between each line. "
        RenderInline {SPAN} at (0,0) size 774x344 [color=#C0C0C0]
          RenderText {#text} at (224,71) size 774x344
            text run at (224,71) width 516: "dummy text dummy text dummy text dummy text dummy text dummy "
            text run at (739,71) width 35: "text"
            text run at (0,125) width 516: "dummy text dummy text dummy text dummy text dummy text dummy "
            text run at (515,125) width 219: "text dummy text dummy text"
            text run at (0,179) width 332: "dummy text dummy text dummy text dummy "
            text run at (331,179) width 403: "text dummy text dummy text dummy text dummy text"
            text run at (0,233) width 147: "dummy text dummy "
            text run at (146,233) width 555: "text dummy text dummy text dummy text dummy text dummy text dummy "
            text run at (700,233) width 34: "text"
            text run at (0,287) width 516: "dummy text dummy text dummy text dummy text dummy text dummy "
            text run at (515,287) width 219: "text dummy text dummy text"
            text run at (0,341) width 332: "dummy text dummy text dummy text dummy "
            text run at (331,341) width 403: "text dummy text dummy text dummy text dummy text"
            text run at (0,395) width 88: "dummy text"
        RenderText {#text} at (0,0) size 0x0
