layer at (0,0) size 800x600
  RenderView at (0,0) size 800x600
layer at (0,0) size 800x252
  RenderBlock {HTML} at (0,0) size 800x252
    RenderBody {BODY} at (8,18) size 784x216 [color=#000080]
      RenderBlock {P} at (0,0) size 784x216
        RenderText {#text} at (0,3) size 753x47
          text run at (0,3) width 753: "This text should be 18px sans-serif, in small-caps, italicized, and very bold. There should be a"
          text run at (0,30) width 217: "9px gap between each line. "
        RenderInline {SPAN} at (0,0) size 766x182 [color=#C0C0C0]
          RenderText {#text} at (216,30) size 766x182
            text run at (216,30) width 517: "dummy text dummy text dummy text dummy text dummy text dummy "
            text run at (732,30) width 34: "text"
            text run at (0,57) width 516: "dummy text dummy text dummy text dummy text dummy text dummy "
            text run at (515,57) width 219: "text dummy text dummy text"
            text run at (0,84) width 332: "dummy text dummy text dummy text dummy "
            text run at (331,84) width 403: "text dummy text dummy text dummy text dummy text"
            text run at (0,111) width 147: "dummy text dummy "
            text run at (146,111) width 555: "text dummy text dummy text dummy text dummy text dummy text dummy "
            text run at (700,111) width 34: "text"
            text run at (0,138) width 516: "dummy text dummy text dummy text dummy text dummy text dummy "
            text run at (515,138) width 219: "text dummy text dummy text"
            text run at (0,165) width 332: "dummy text dummy text dummy text dummy "
            text run at (331,165) width 403: "text dummy text dummy text dummy text dummy text"
            text run at (0,192) width 88: "dummy text"
        RenderText {#text} at (0,0) size 0x0
