layer at (0,0) size 800x600
  RenderView at (0,0) size 800x600
layer at (0,0) size 800x118
  RenderBlock {HTML} at (0,0) size 800x118
    RenderBody {BODY} at (8,9) size 784x100 [color=#000080]
      RenderBlock {P} at (0,0) size 784x100
        RenderText {#text} at (0,7) size 430x11
          text run at (0,7) width 430: "This test should be about 10px, sans-serif, and light. There should be about 15px between each line. "
        RenderInline {SPAN} at (0,0) size 783x86 [color=#C0C0C0]
          RenderText {#text} at (429,7) size 783x86
            text run at (429,7) width 297: "dummy text dummy text dummy text dummy text dummy text dummy "
            text run at (725,7) width 51: "text dummy"
            text run at (0,32) width 262: "text dummy text dummy text dummy text dummy text dummy "
            text run at (261,32) width 315: "text dummy text dummy text dummy text dummy text dummy text dummy "
            text run at (575,32) width 208: "text dummy text dummy text dummy text dummy"
            text run at (0,57) width 105: "text dummy text dummy "
            text run at (104,57) width 315: "text dummy text dummy text dummy text dummy text dummy text dummy "
            text run at (418,57) width 315: "text dummy text dummy text dummy text dummy text dummy text dummy "
            text run at (732,57) width 51: "text dummy"
            text run at (0,82) width 262: "text dummy text dummy text dummy text dummy text dummy "
            text run at (261,82) width 278: "text dummy text dummy text dummy text dummy text dummy text"
        RenderText {#text} at (0,0) size 0x0
