layer at (0,0) size 800x600
  RenderView at (0,0) size 800x600
layer at (0,0) size 800x182
  RenderBlock {HTML} at (0,0) size 800x182
    RenderBody {BODY} at (8,13) size 784x156 [color=#000080]
      RenderBlock {P} at (0,0) size 784x156
        RenderText {#text} at (0,4) size 391x18
          text run at (0,4) width 391: "This text should be small and cursive, with double line spacing. "
        RenderInline {SPAN} at (0,0) size 772x148 [color=#C0C0C0]
          RenderText {#text} at (391,4) size 772x148
            text run at (391,4) width 381: "dummy text dummy text dummy text dummy text dummy text"
            text run at (0,30) width 46: "dummy "
            text run at (46,30) width 462: "text dummy text dummy text dummy text dummy text dummy text dummy "
            text run at (508,30) width 258: "text dummy text dummy text dummy text"
            text run at (0,56) width 200: "dummy text dummy text dummy "
            text run at (200,56) width 462: "text dummy text dummy text dummy text dummy text dummy text dummy "
            text run at (662,56) width 104: "text dummy text"
            text run at (0,82) width 354: "dummy text dummy text dummy text dummy text dummy "
            text run at (354,82) width 412: "text dummy text dummy text dummy text dummy text dummy text"
            text run at (0,108) width 46: "dummy "
            text run at (46,108) width 462: "text dummy text dummy text dummy text dummy text dummy text dummy "
            text run at (508,108) width 258: "text dummy text dummy text dummy text"
            text run at (0,134) width 150: "dummy text dummy text"
        RenderText {#text} at (0,0) size 0x0
