layer at (0,0) size 800x600
  RenderView at (0,0) size 800x600
layer at (0,0) size 800x240
  RenderBlock {HTML} at (0,0) size 800x240
    RenderBody {BODY} at (8,16) size 784x216
      RenderBlock {P} at (0,0) size 784x20
        RenderText {#text} at (0,0) size 322x19
          text run at (0,0) width 322: "There should be no red borders on the table below"
      RenderTable {TABLE} at (0,36) size 142x180 [border: (2px none #808080)]
        RenderTableSection {TBODY} at (2,2) size 137x175
          RenderTableRow {TR} at (0,0) size 137x58
            RenderTableCell {TD} at (0,15) size 41x27 [border: (3px inset #00FF00)] [r=0 c=0 rs=1 cs=1]
              RenderText {#text} at (4,4) size 31x19
                text run at (4,4) width 31: "inset"
            RenderTableCell {TD} at (41,14) size 56x30 [border: (3px inset #00FF00) (5px inset #FF0000) (3px inset #00FF00)] [r=0 c=1 rs=1 cs=1]
              RenderText {#text} at (4,4) size 31x19
                text run at (4,4) width 31: "inset"
            RenderTableCell {TD} at (97,15) size 40x27 [border: (3px inset #00FF00)] [r=0 c=2 rs=1 cs=1]
              RenderText {#text} at (4,4) size 31x19
                text run at (4,4) width 31: "inset"
          RenderTableRow {TR} at (0,58) size 137x60
            RenderTableCell {TD} at (0,74) size 41x27 [border: (3px inset #00FF00) (5px inset #FF0000) (2px inset #00FF00)] [r=1 c=0 rs=1 cs=1]
              RenderText {#text} at (4,4) size 31x19
                text run at (4,4) width 31: "inset"
            RenderTableCell {TD} at (41,72) size 56x32 [border: (5px double #00FF00)] [r=1 c=1 rs=1 cs=1]
              RenderText {#text} at (6,6) size 44x19
                text run at (6,6) width 44: "double"
            RenderTableCell {TD} at (97,74) size 40x27 [border: (3px inset #00FF00) (5px inset #FF0000)] [r=1 c=2 rs=1 cs=1]
              RenderText {#text} at (6,4) size 31x19
                text run at (6,4) width 31: "inset"
          RenderTableRow {TR} at (0,118) size 137x57
            RenderTableCell {TD} at (0,133) size 41x27 [border: (3px inset #00FF00)] [r=2 c=0 rs=1 cs=1]
              RenderText {#text} at (4,4) size 31x19
                text run at (4,4) width 31: "inset"
            RenderTableCell {TD} at (41,132) size 56x29 [border: (5px inset #FF0000) (2px inset #00FF00)] [r=2 c=1 rs=1 cs=1]
              RenderText {#text} at (4,6) size 31x19
                text run at (4,6) width 31: "inset"
            RenderTableCell {TD} at (97,133) size 40x27 [border: (3px inset #00FF00)] [r=2 c=2 rs=1 cs=1]
              RenderText {#text} at (4,4) size 31x19
                text run at (4,4) width 31: "inset"
