layer at (0,0) size 800x600
  RenderView at (0,0) size 800x600
layer at (0,0) size 800x240
  RenderBlock {HTML} at (0,0) size 800x240
    RenderBody {BODY} at (8,16) size 784x216
      RenderBlock {P} at (0,0) size 784x20
        RenderText {#text} at (0,0) size 322x19
          text run at (0,0) width 322: "There should be no red borders on the table below"
      RenderTable {TABLE} at (0,36) size 166x180 [border: (2px none #808080)]
        RenderTableSection {TBODY} at (2,2) size 161x175
          RenderTableRow {TR} at (0,0) size 161x58
            RenderTableCell {TD} at (0,15) size 55x27 [border: (3px groove #00FF00)] [r=0 c=0 rs=1 cs=1]
              RenderText {#text} at (4,4) size 45x19
                text run at (4,4) width 45: "groove"
            RenderTableCell {TD} at (55,14) size 52x30 [border: (3px groove #00FF00) (5px groove #FF0000) (3px groove #00FF00)] [r=0 c=1 rs=1 cs=1]
              RenderText {#text} at (4,4) size 45x19
                text run at (4,4) width 45: "groove"
            RenderTableCell {TD} at (107,15) size 54x27 [border: (3px groove #00FF00)] [r=0 c=2 rs=1 cs=1]
              RenderText {#text} at (4,4) size 45x19
                text run at (4,4) width 45: "groove"
          RenderTableRow {TR} at (0,58) size 161x60
            RenderTableCell {TD} at (0,74) size 55x27 [border: (3px groove #00FF00) (5px groove #FF0000) (2px groove #00FF00)] [r=1 c=0 rs=1 cs=1]
              RenderText {#text} at (4,4) size 45x19
                text run at (4,4) width 45: "groove"
            RenderTableCell {TD} at (55,72) size 52x32 [border: (5px solid #00FF00)] [r=1 c=1 rs=1 cs=1]
              RenderText {#text} at (6,6) size 32x19
                text run at (6,6) width 32: "solid"
            RenderTableCell {TD} at (107,74) size 54x27 [border: (3px groove #00FF00) (5px groove #FF0000)] [r=1 c=2 rs=1 cs=1]
              RenderText {#text} at (6,4) size 45x19
                text run at (6,4) width 45: "groove"
          RenderTableRow {TR} at (0,118) size 161x57
            RenderTableCell {TD} at (0,133) size 55x27 [border: (3px groove #00FF00)] [r=2 c=0 rs=1 cs=1]
              RenderText {#text} at (4,4) size 45x19
                text run at (4,4) width 45: "groove"
            RenderTableCell {TD} at (55,132) size 52x29 [border: (5px groove #FF0000) (2px groove #00FF00)] [r=2 c=1 rs=1 cs=1]
              RenderText {#text} at (4,6) size 45x19
                text run at (4,6) width 45: "groove"
            RenderTableCell {TD} at (107,133) size 54x27 [border: (3px groove #00FF00)] [r=2 c=2 rs=1 cs=1]
              RenderText {#text} at (4,4) size 45x19
                text run at (4,4) width 45: "groove"
