layer at (0,0) size 800x600
  RenderView at (0,0) size 800x600
layer at (0,0) size 800x240
  RenderBlock {HTML} at (0,0) size 800x240
    RenderBody {BODY} at (8,16) size 784x216
      RenderBlock {P} at (0,0) size 784x20
        RenderText {#text} at (0,0) size 322x19
          text run at (0,0) width 322: "There should be no red borders on the table below"
      RenderTable {TABLE} at (0,36) size 143x180 [border: (2px none #808080)]
        RenderTableSection {TBODY} at (2,2) size 138x175
          RenderTableRow {TR} at (0,0) size 138x58
            RenderTableCell {TD} at (0,15) size 41x27 [border: (3px inset #00FF00)] [r=0 c=0 rs=1 cs=1]
              RenderText {#text} at (4,4) size 31x19
                text run at (4,4) width 31: "inset"
            RenderTableCell {TD} at (41,14) size 57x30 [border: (3px inset #00FF00) (5px inset #FF0000) (3px inset #00FF00)] [r=0 c=1 rs=1 cs=1]
              RenderText {#text} at (4,4) size 31x19
                text run at (4,4) width 31: "inset"
            RenderTableCell {TD} at (98,15) size 40x27 [border: (3px inset #00FF00)] [r=0 c=2 rs=1 cs=1]
              RenderText {#text} at (4,4) size 31x19
                text run at (4,4) width 31: "inset"
          RenderTableRow {TR} at (0,58) size 138x60
            RenderTableCell {TD} at (0,74) size 41x27 [border: (3px inset #00FF00) (5px inset #FF0000) (2px inset #00FF00)] [r=1 c=0 rs=1 cs=1]
              RenderText {#text} at (4,4) size 31x19
                text run at (4,4) width 31: "inset"
            RenderTableCell {TD} at (41,72) size 57x32 [border: (5px dashed #00FF00)] [r=1 c=1 rs=1 cs=1]
              RenderText {#text} at (6,6) size 45x19
                text run at (6,6) width 45: "dashed"
            RenderTableCell {TD} at (98,74) size 40x27 [border: (3px inset #00FF00) (5px inset #FF0000)] [r=1 c=2 rs=1 cs=1]
              RenderText {#text} at (6,4) size 31x19
                text run at (6,4) width 31: "inset"
          RenderTableRow {TR} at (0,118) size 138x57
            RenderTableCell {TD} at (0,133) size 41x27 [border: (3px inset #00FF00)] [r=2 c=0 rs=1 cs=1]
              RenderText {#text} at (4,4) size 31x19
                text run at (4,4) width 31: "inset"
            RenderTableCell {TD} at (41,132) size 57x29 [border: (5px inset #FF0000) (2px inset #00FF00)] [r=2 c=1 rs=1 cs=1]
              RenderText {#text} at (4,6) size 31x19
                text run at (4,6) width 31: "inset"
            RenderTableCell {TD} at (98,133) size 40x27 [border: (3px inset #00FF00)] [r=2 c=2 rs=1 cs=1]
              RenderText {#text} at (4,4) size 31x19
                text run at (4,4) width 31: "inset"
