layer at (0,0) size 800x600
  RenderView at (0,0) size 800x600
layer at (0,0) size 800x600
  RenderBlock {HTML} at (0,0) size 800x600
    RenderBody {BODY} at (8,8) size 784x584
      RenderBlock {P} at (0,0) size 784x40
        RenderText {#text} at (0,0) size 769x39
          text run at (0,0) width 769: "This tests to see that deleting a selection that starts just before a table and ends inside the table does not insert a placeholder"
          text run at (0,20) width 110: "br unnecessarily. "
          text run at (110,20) width 256: "You should see two ToDos, one empty. "
          text run at (366,20) width 269: "The caret should be just before the second."
      RenderBlock {DIV} at (0,56) size 784x52
        RenderTable {TABLE} at (0,0) size 132x26
          RenderTableSection {TBODY} at (0,0) size 132x26
            RenderTableRow {TR} at (0,2) size 132x22
              RenderTableCell {TD} at (2,2) size 15x22 [r=0 c=0 rs=1 cs=1]
                RenderText {#text} at (1,1) size 13x19
                  text run at (1,1) width 13: "\x{21D2}"
              RenderTableCell {TD} at (19,2) size 94x22 [r=0 c=1 rs=1 cs=1]
                RenderText {#text} at (1,1) size 92x19
                  text run at (1,1) width 92: "ToDo Content"
              RenderTableCell {TD} at (115,2) size 15x22 [r=0 c=2 rs=1 cs=1]
                RenderText {#text} at (1,1) size 13x19
                  text run at (1,1) width 13: "\x{21E3}"
        RenderTable {TABLE} at (0,26) size 40x26
          RenderTableSection {TBODY} at (0,0) size 40x26
            RenderTableRow {TR} at (0,2) size 40x22
              RenderTableCell {TD} at (2,2) size 15x22 [r=0 c=0 rs=1 cs=1]
                RenderText {#text} at (1,1) size 13x19
                  text run at (1,1) width 13: "\x{21D2}"
              RenderTableCell {TD} at (19,2) size 2x22 [r=0 c=1 rs=1 cs=1]
              RenderTableCell {TD} at (23,2) size 15x22 [r=0 c=2 rs=1 cs=1]
                RenderText {#text} at (1,1) size 13x19
                  text run at (1,1) width 13: "\x{21E3}"
caret: position 0 of child 3 {TABLE} of child 2 {DIV} of body
