layer at (0,0) size 800x600
  RenderView at (0,0) size 800x600
layer at (0,0) size 800x600
  RenderBlock {HTML} at (0,0) size 800x600
    RenderBody {BODY} at (8,8) size 784x584
      RenderBlock {P} at (0,0) size 784x60
        RenderText {#text} at (0,0) size 771x59
          text run at (0,0) width 464: "This test can only be run with DRT and not manually from the browser. "
          text run at (463,0) width 280: "This test makes sure that we don't make the"
          text run at (0,20) width 771: "mistake of adding new m_containerElements to the DeletionUI over and over again. A successful run of the test will not"
          text run at (0,40) width 497: "have multiple instances of deletion UI render objects at the same coordinates:"
      RenderBlock {DIV} at (0,76) size 784x118
        RenderTable {TABLE} at (16,16) size 752x86
          RenderTableSection {TBODY} at (0,0) size 752x86
            RenderTableRow {TR} at (0,2) size 752x82
              RenderTableCell {TD} at (2,2) size 748x82 [r=0 c=0 rs=1 cs=1]
                RenderText {#text} at (1,1) size 718x79
                  text run at (1,1) width 690: "Lorem ipsum dolor sit amet, consectetuer adipiscing elit. Maecenas odio. Morbi sed tortor id nisl bibendum"
                  text run at (690,1) width 5: " "
                  text run at (1,21) width 714: "commodo. Donec pede. Praesent accumsan dui vitae mauris. Mauris non dui at neque lacinia pulvinar. Quisque"
                  text run at (714,21) width 5: " "
                  text run at (1,41) width 703: "nibh. Nulla vitae lectus. Pellentesque enim. Mauris hendrerit molestie dui. Etiam pretium ligula a pede. Fusce"
                  text run at (703,41) width 5: " "
                  text run at (1,61) width 506: "consectetuer purus sit amet sem. Morbi tincidunt mollis libero. Maecenas mole"
caret: position 403 of child 0 {#text} of child 1 {TD} of child 0 {TR} of child 1 {TBODY} of child 1 {TABLE} of child 3 {DIV} of body
