layer at (0,0) size 800x600
  RenderView at (0,0) size 800x600
layer at (0,0) size 800x301
  RenderBlock {HTML} at (0,0) size 800x301
    RenderBody {BODY} at (8,16) size 784x277
      RenderBlock {P} at (0,0) size 784x18
        RenderText {#text} at (0,0) size 467x19
          text run at (0,0) width 467: "The look of the controls should not change when styled under strict mode."
      RenderBlock (anonymous) at (0,34) size 784x243
        RenderText {#text} at (320,225) size 4x19
          text run at (320,225) width 4: " "
        RenderText {#text} at (0,0) size 0x0
layer at (8,50) size 320x240
  RenderVideo {VIDEO} at (0,0) size 320x240 [color=#FF0000]
layer at (332,50) size 320x240
  RenderVideo {VIDEO} at (324,0) size 320x240
layer at (8,50) size 320x240
  RenderFlexibleBox {DIV} at (0,0) size 320x240
    RenderBlock {DIV} at (0,200) size 320x40
layer at (13,255) size 310x30
  RenderFlexibleBox {DIV} at (5,5) size 310x30 [bgcolor=#141414CC]
    RenderButton {INPUT} at (9,0) size 30x30
    RenderSlider {INPUT} at (49,11) size 93x8 [color=#E6E6E659]
      RenderFlexibleBox {DIV} at (0,0) size 93x8 [border: (1px solid #E6E6E659)]
        RenderBlock {DIV} at (1,-2) size 105x12
          RenderBlock {DIV} at (-7,0) size 12x12 [color=#FFFFFF]
    RenderFlexibleBox {DIV} at (157,0) size 74x30 [color=#FFFFFF]
      RenderBlock (anonymous) at (0,0) size 74x30
        RenderText {#text} at (0,7) size 74x15
          text run at (0,7) width 74: "00:00 / 00:06"
    RenderButton {INPUT} at (239,0) size 30x30
    RenderButton {INPUT} at (271,0) size 30x30
layer at (332,50) size 320x240
  RenderFlexibleBox {DIV} at (0,0) size 320x240
    RenderBlock {DIV} at (0,200) size 320x40
layer at (337,255) size 310x30
  RenderFlexibleBox {DIV} at (5,5) size 310x30 [bgcolor=#141414CC]
    RenderButton {INPUT} at (9,0) size 30x30
    RenderSlider {INPUT} at (49,11) size 93x8 [color=#E6E6E659]
      RenderFlexibleBox {DIV} at (0,0) size 93x8 [border: (1px solid #E6E6E659)]
        RenderBlock {DIV} at (1,-2) size 105x12
          RenderBlock {DIV} at (-7,0) size 12x12 [color=#FFFFFF]
    RenderFlexibleBox {DIV} at (157,0) size 74x30 [color=#FFFFFF]
      RenderBlock (anonymous) at (0,0) size 74x30
        RenderText {#text} at (0,7) size 74x15
          text run at (0,7) width 74: "00:00 / 00:06"
    RenderButton {INPUT} at (239,0) size 30x30
    RenderButton {INPUT} at (271,0) size 30x30
