layer at (0,0) size 800x600
  RenderView at (0,0) size 800x600
layer at (0,0) size 800x600
  RenderBlock {HTML} at (0,0) size 800x600
    RenderBody {BODY} at (8,8) size 784x584
      RenderBlock {P} at (0,0) size 784x18
        RenderText {#text} at (0,0) size 413x19
          text run at (0,0) width 413: "Movie with no audio track. The volume button should not render."
      RenderBlock (anonymous) at (0,34) size 784x288
        RenderText {#text} at (0,0) size 0x0
layer at (8,42) size 352x288
  RenderVideo {VIDEO} at (0,0) size 352x288
layer at (8,42) size 352x288
  RenderFlexibleBox {DIV} at (0,0) size 352x288
    RenderBlock {DIV} at (0,248) size 352x40
layer at (13,295) size 342x30
  RenderFlexibleBox {DIV} at (5,5) size 342x30 [bgcolor=#141414CC]
    RenderButton {INPUT} at (9,0) size 30x30
    RenderSlider {INPUT} at (49,11) size 199x8 [color=#E6E6E659]
      RenderFlexibleBox {DIV} at (0,0) size 199x8 [border: (1px solid #E6E6E659)]
        RenderBlock {DIV} at (1,-2) size 211x12
          RenderBlock {DIV} at (-7,0) size 12x12 [color=#FFFFFF]
    RenderFlexibleBox {DIV} at (263,0) size 32x30 [color=#FFFFFF]
      RenderBlock (anonymous) at (0,0) size 32x30
        RenderText {#text} at (0,7) size 32x15
          text run at (0,7) width 32: "00:09"
    RenderButton {INPUT} at (303,0) size 30x30
