layer at (0,0) size 800x600
  RenderView at (0,0) size 800x600
layer at (0,0) size 800x600
  RenderBlock {HTML} at (0,0) size 800x600
    RenderBody {BODY} at (8,8) size 784x584
      RenderText {#text} at (0,0) size 493x19
        text run at (0,0) width 493: "This tests that toggling the display property won't make the controls disappear."
      RenderBR {BR} at (493,15) size 0x0
      RenderText {#text} at (0,0) size 0x0
layer at (8,26) size 320x240
  RenderVideo {VIDEO} at (0,18) size 320x240
layer at (8,26) size 320x240
  RenderFlexibleBox {DIV} at (0,0) size 320x240
    RenderBlock {DIV} at (0,200) size 320x40
layer at (13,231) size 310x30
  RenderFlexibleBox {DIV} at (5,5) size 310x30 [bgcolor=#141414CC]
    RenderButton {INPUT} at (9,0) size 30x30
    RenderSlider {INPUT} at (49,11) size 135x8 [color=#E6E6E659]
      RenderFlexibleBox {DIV} at (0,0) size 135x8 [border: (1px solid #E6E6E659)]
        RenderBlock {DIV} at (1,-2) size 147x12
          RenderBlock {DIV} at (-7,0) size 12x12 [color=#FFFFFF]
    RenderFlexibleBox {DIV} at (199,0) size 32x30 [color=#FFFFFF]
      RenderBlock (anonymous) at (0,0) size 32x30
        RenderText {#text} at (0,7) size 32x15
          text run at (0,7) width 32: "00:06"
    RenderButton {INPUT} at (239,0) size 30x30
    RenderButton {INPUT} at (271,0) size 30x30
