layer at (0,0) size 800x600
  RenderView at (0,0) size 800x600
layer at (0,0) size 800x600
  RenderBlock {HTML} at (0,0) size 800x600
    RenderBody {BODY} at (12,12) size 776x543
      RenderBlock {P} at (0,0) size 776x28
        RenderText {#text} at (0,0) size 280x28
          text run at (0,0) width 280: "Zoomed video with controls."
layer at (57,85) size 240x180
  RenderVideo {VIDEO} at (45,73) size 240x180
layer at (57,85) size 240x180
  RenderFlexibleBox {DIV} at (0,0) size 240x180
    RenderBlock {DIV} at (0,120) size 240x60
layer at (64,212) size 226x45
  RenderFlexibleBox {DIV} at (7,7) size 226x45 [bgcolor=#141414CC]
    RenderButton {INPUT} at (13,0) size 45x45
    RenderSlider {INPUT} at (72,16) size 37x12 [color=#E6E6E659]
      RenderFlexibleBox {DIV} at (0,0) size 37x12 [border: (1px solid #E6E6E659)]
        RenderBlock {DIV} at (1,-3) size 56x18
          RenderBlock {DIV} at (-10,0) size 18x18 [color=#FFFFFF]
    RenderFlexibleBox {DIV} at (131,0) size 108x45 [color=#FFFFFF]
      RenderBlock (anonymous) at (0,0) size 108x45
        RenderText {#text} at (0,11) size 108x23
          text run at (0,11) width 108: "00:00 / 00:06"
    RenderButton {INPUT} at (251,0) size 45x45
    RenderButton {INPUT} at (299,0) size 45x45
layer at (57,310) size 240x180
  RenderVideo {VIDEO} at (45,298) size 240x180
layer at (57,310) size 240x180
  RenderFlexibleBox {DIV} at (0,0) size 240x180
    RenderBlock {DIV} at (0,120) size 240x60
layer at (64,437) size 226x45
  RenderFlexibleBox {DIV} at (7,7) size 226x45 [bgcolor=#141414CC]
    RenderButton {INPUT} at (13,0) size 45x45
    RenderSlider {INPUT} at (72,16) size 37x12 [color=#E6E6E659]
      RenderFlexibleBox {DIV} at (0,0) size 37x12 [border: (1px solid #E6E6E659)]
        RenderBlock {DIV} at (1,-3) size 56x18
          RenderBlock {DIV} at (-10,0) size 18x18 [color=#FFFFFF]
    RenderFlexibleBox {DIV} at (131,0) size 108x45 [color=#FFFFFF]
      RenderBlock (anonymous) at (0,0) size 108x45
        RenderText {#text} at (0,11) size 108x23
          text run at (0,11) width 108: "00:00 / 00:06"
    RenderButton {INPUT} at (251,0) size 45x45
    RenderButton {INPUT} at (299,0) size 45x45
