layer at (0,0) size 808x600
  RenderView at (0,0) size 800x600
layer at (0,0) size 800x8
  RenderBlock {HTML} at (0,0) size 800x8
    RenderBody {BODY} at (8,8) size 784x0
layer at (8,64) size 800x108
  RenderBlock (positioned) {DIV} at (8,64) size 800x108 [bgcolor=#0000FF]
    RenderBlock {DIV} at (38,8) size 723x57 [bgcolor=#008000] [border: none (2px solid #888878) none]
      RenderText {#text} at (0,0) size 187x17
        text run at (0,0) width 187: "some other macromedia logo"
    RenderBlock (floating) {DIV} at (0,65) size 132x50 [bgcolor=#FFFF00]
      RenderText {#text} at (53,16) size 26x17
        text run at (53,16) width 26: "Feh"
layer at (575,122) size 168x169
  RenderBlock (positioned) {DIV} at (567,58) size 168x169 [bgcolor=#FF0000]
    RenderText {#text} at (0,8) size 168x17
      text run at (0,8) width 168: "this is the pseudorNav div"
