layer at (0,0) size 800x600
  RenderView at (0,0) size 800x600
layer at (0,0) size 800x600
  RenderBlock {HTML} at (0,0) size 800x600
    RenderBody {BODY} at (8,8) size 784x584
      RenderBlock {DIV} at (0,0) size 784x100
        RenderText {#text} at (0,0) size 248x19
          text run at (0,0) width 248: "This test checks for regressions against "
        RenderInline {A} at (0,0) size 775x39 [color=#0000EE]
          RenderText {#text} at (248,0) size 775x39
            text run at (248,0) width 527: "Radar 4279765: REGRESSION: \"More...\" links on flickr groups pages have hover"
            text run at (0,20) width 115: "issues (flickr.com)"
        RenderText {#text} at (115,20) size 397x19
          text run at (115,20) width 397: ". Click on the word TEST below and it should turn into PASS."
      RenderBlock {DIV} at (0,100) size 784x200
        RenderBlock (floating) {DIV} at (0,0) size 257x200
          RenderImage {IMG} at (0,0) size 100x100
          RenderText {#text} at (100,85) size 4x19
            text run at (100,85) width 4: " "
          RenderBR {BR} at (0,0) size 0x0
          RenderBlock (floating) {H1} at (0,172) size 257x118
            RenderInline {A} at (0,0) size 257x114 [color=#0000EE]
              RenderText {#text} at (0,2) size 257x114
                text run at (0,2) width 257: "TEST"
          RenderText {#text} at (0,0) size 0x0
        RenderBR {BR} at (257,0) size 0x19
