layer at (0,0) size 800x600
  RenderView at (0,0) size 800x600
layer at (0,0) size 800x600
  RenderBlock {HTML} at (0,0) size 800x600
    RenderBody {BODY} at (8,8) size 784x584
      RenderBlock {DIV} at (0,0) size 146x158 [border: (3px solid #008000)]
        RenderText {#text} at (3,3) size 133x152
          text run at (3,3) width 60: "Test float"
          text run at (3,22) width 119: "positioning. There"
          text run at (3,41) width 119: "should be four red"
          text run at (3,60) width 132: "boxes with numbers"
          text run at (3,79) width 116: "1,2,3,4 below this"
          text run at (3,98) width 98: "text. The boxes"
          text run at (3,117) width 121: "should not overlap"
          text run at (79,136) width 57: "this text."
        RenderBlock (floating) {DIV} at (3,136) size 76x25 [border: (3px solid #FF0000)]
          RenderText {#text} at (3,3) size 9x19
            text run at (3,3) width 9: "1"
        RenderText {#text} at (0,0) size 0x0
        RenderBlock (floating) {DIV} at (3,161) size 76x25 [border: (3px solid #FF0000)]
          RenderText {#text} at (3,3) size 9x19
            text run at (3,3) width 9: "2"
        RenderText {#text} at (0,0) size 0x0
        RenderBlock (floating) {DIV} at (3,186) size 76x25 [border: (3px solid #FF0000)]
          RenderText {#text} at (3,3) size 9x19
            text run at (3,3) width 9: "3"
        RenderText {#text} at (0,0) size 0x0
        RenderBlock (floating) {DIV} at (3,211) size 76x25 [border: (3px solid #FF0000)]
          RenderText {#text} at (3,3) size 9x19
            text run at (3,3) width 9: "4"
        RenderText {#text} at (0,0) size 0x0
