layer at (0,0) size 800x600
  RenderView at (0,0) size 800x600
layer at (0,0) size 800x600
  RenderBlock {HTML} at (0,0) size 800x600
    RenderBody {BODY} at (8,8) size 784x584
      RenderBlock {P} at (0,0) size 784x20
        RenderText {#text} at (0,0) size 321x19
          text run at (0,0) width 321: "Test shrink-to-fit width for floating elements (see "
        RenderInline {A} at (0,0) size 98x19 [color=#0000EE]
          RenderText {#text} at (320,0) size 98x19
            text run at (320,0) width 98: "CSS 2.1 10.3.5"
        RenderText {#text} at (417,0) size 10x19
          text run at (417,0) width 10: ")."
      RenderBlock {P} at (0,36) size 784x40
        RenderText {#text} at (0,0) size 203x19
          text run at (0,0) width 203: "Shrink-to-fit width is min(max("
        RenderInline {I} at (0,0) size 164x19
          RenderText {#text} at (202,0) size 164x19
            text run at (202,0) width 164: "preferred minimum width"
        RenderText {#text} at (365,0) size 9x19
          text run at (365,0) width 9: ", "
        RenderInline {I} at (0,0) size 101x19
          RenderText {#text} at (373,0) size 101x19
            text run at (373,0) width 101: "available width"
        RenderText {#text} at (473,0) size 14x19
          text run at (473,0) width 14: "), "
        RenderInline {I} at (0,0) size 101x19
          RenderText {#text} at (486,0) size 101x19
            text run at (486,0) width 101: "preferred width"
        RenderText {#text} at (586,0) size 741x39
          text run at (586,0) width 14: "). "
          text run at (599,0) width 142: "In the following cases"
          text run at (0,20) width 111: "(except the \x{201C}x\x{201D}), "
        RenderInline {I} at (0,0) size 164x19
          RenderText {#text} at (110,20) size 164x19
            text run at (110,20) width 164: "preferred minimum width"
        RenderText {#text} at (273,20) size 18x19
          text run at (273,20) width 18: " < "
        RenderInline {I} at (0,0) size 101x19
          RenderText {#text} at (290,20) size 101x19
            text run at (290,20) width 101: "available width"
        RenderText {#text} at (390,20) size 18x19
          text run at (390,20) width 18: " < "
        RenderInline {I} at (0,0) size 101x19
          RenderText {#text} at (407,20) size 101x19
            text run at (407,20) width 101: "preferred width"
        RenderText {#text} at (0,0) size 0x0
      RenderBlock {DIV} at (0,92) size 100x250
        RenderBlock (floating) {DIV} at (0,0) size 100x46 [border: (3px solid #000000)]
          RenderText {#text} at (3,3) size 62x39
            text run at (3,3) width 62: "longword"
            text run at (3,23) width 62: "longword"
        RenderBlock {DIV} at (0,46) size 100x10
        RenderBlock (floating) {DIV} at (0,56) size 100x46 [border: (3px solid #000000)]
          RenderText {#text} at (3,3) size 62x39
            text run at (3,3) width 62: "longword"
            text run at (3,23) width 62: "longword"
        RenderBlock {DIV} at (0,102) size 100x10
        RenderBlock (floating) {DIV} at (0,112) size 100x46 [border: (3px solid #000000)]
          RenderText {#text} at (3,3) size 62x39
            text run at (3,3) width 62: "longword"
            text run at (3,23) width 62: "longword"
        RenderBlock (floating) {DIV} at (86,158) size 14x26 [border: (3px solid #000000)]
          RenderText {#text} at (3,3) size 8x19
            text run at (3,3) width 8: "x"
        RenderBlock {DIV} at (0,184) size 100x10
        RenderBlock (floating) {DIV} at (0,194) size 100x46 [border: (3px solid #000000)]
          RenderBlock {DIV} at (3,3) size 60x20 [bgcolor=#C0C0C0]
          RenderText {#text} at (0,0) size 0x0
          RenderBlock {DIV} at (3,23) size 60x20 [bgcolor=#C0C0C0]
          RenderText {#text} at (0,0) size 0x0
        RenderBlock {DIV} at (0,240) size 100x10
        RenderBlock (floating) {DIV} at (0,250) size 100x46 [border: (3px solid #000000)]
          RenderBlock {DIV} at (3,3) size 60x20 [bgcolor=#C0C0C0]
          RenderText {#text} at (0,0) size 0x0
          RenderBlock {DIV} at (3,23) size 60x20 [bgcolor=#C0C0C0]
          RenderText {#text} at (0,0) size 0x0
