layer at (0,0) size 800x600
  RenderView at (0,0) size 800x600
layer at (0,0) size 800x600
  RenderBlock {HTML} at (0,0) size 800x600
    RenderBody {BODY} at (8,8) size 784x584
      RenderBlock {P} at (0,0) size 784x40
        RenderText {#text} at (0,0) size 781x39
          text run at (0,0) width 781: "This tests for a bug when moving the caret backward through a misspelled word. Once the caret is no longer adjacent to it"
          text run at (0,20) width 221: "it should be marked as misspelled."
      RenderBlock {DIV} at (0,56) size 784x20
        RenderText {#text} at (0,0) size 304x19
          text run at (0,0) width 304: "This sentence ends with a misspelled word asd."
caret: position 40 of child 0 {#text} of child 2 {DIV} of body
