EDITING DELEGATE: shouldBeginEditingInDOMRange:range from 0 of DIV > BODY > HTML > #document to 3 of DIV > BODY > HTML > #document
EDITING DELEGATE: webViewDidBeginEditing:WebViewDidBeginEditingNotification
EDITING DELEGATE: webViewDidChangeSelection:WebViewDidChangeSelectionNotification
EDITING DELEGATE: webViewDidChangeSelection:WebViewDidChangeSelectionNotification
EDITING DELEGATE: webViewDidChangeSelection:WebViewDidChangeSelectionNotification
layer at (0,0) size 800x600
  RenderView at (0,0) size 800x600
layer at (0,0) size 800x600
  RenderBlock {HTML} at (0,0) size 800x600
    RenderBody {BODY} at (8,8) size 784x584
      RenderBlock {P} at (0,0) size 784x18
        RenderText {#text} at (0,0) size 415x17
          text run at (0,0) width 415: "This tests for a bug where images would act as word boundaries."
      RenderBlock {DIV} at (0,34) size 784x108
        RenderText {#text} at (0,90) size 25x17
          text run at (0,90) width 25: "The"
        RenderImage {IMG} at (25,0) size 76x103
        RenderText {#text} at (100,90) size 374x17
          text run at (100,90) width 374: "caret should be just after the second word in this sentence."
caret: position 5 of child 2 {#text} of child 2 {DIV} of body
