layer at (0,0) size 800x600
  RenderView at (0,0) size 800x600
layer at (0,0) size 800x600
  RenderBlock {HTML} at (0,0) size 800x600
    RenderBody {BODY} at (8,8) size 784x584
      RenderBlock {P} at (0,0) size 784x20
        RenderText {#text} at (0,0) size 734x19
          text run at (0,0) width 342: "This tests moving backward by sentence boundaries. "
          text run at (341,0) width 393: "The caret should be at the start of the second to last sentence."
      RenderBlock {DIV} at (0,36) size 784x60
        RenderText {#text} at (0,0) size 778x59
          text run at (0,0) width 774: "Lorem ipsum dolor sit amet, consectetuer adipiscing elit. Nunc a augue. Pellentesque habitant morbi tristique senectus et"
          text run at (773,0) width 5: " "
          text run at (0,20) width 738: "netus et malesuada fames ac turpis egestas. Mauris ut pede. Integer lacus. Ut ipsum. Phasellus tristique leo eu velit."
          text run at (737,20) width 5: " "
          text run at (0,40) width 669: "Vestibulum arcu lacus, blandit ac, condimentum sed, commodo in, arcu. Curabitur suscipit pede eu sem."
caret: position 241 of child 0 {#text} of child 2 {DIV} of body
