EDITING DELEGATE: shouldBeginEditingInDOMRange:range from 0 of DIV > BODY > HTML > #document to 3 of DIV > BODY > HTML > #document
EDITING DELEGATE: webViewDidBeginEditing:WebViewDidBeginEditingNotification
EDITING DELEGATE: webViewDidChangeSelection:WebViewDidChangeSelectionNotification
EDITING DELEGATE: webViewDidChangeSelection:WebViewDidChangeSelectionNotification
EDITING DELEGATE: webViewDidChangeSelection:WebViewDidChangeSelectionNotification
EDITING DELEGATE: webViewDidChangeSelection:WebViewDidChangeSelectionNotification
EDITING DELEGATE: webViewDidChangeSelection:WebViewDidChangeSelectionNotification
layer at (0,0) size 800x600
  RenderView at (0,0) size 800x600
layer at (0,0) size 800x600
  RenderBlock {HTML} at (0,0) size 800x600
    RenderBody {BODY} at (8,8) size 784x576
      RenderBlock {P} at (0,0) size 784x40
        RenderInline {B} at (0,0) size 307x19
          RenderText {#text} at (0,0) size 307x19
            text run at (0,0) width 307: "Make sure that your window is small enough"
        RenderText {#text} at (306,0) size 778x39
          text run at (306,0) width 472: " so that 'don't select this line' and 'try to select just this line' appear on two"
          text run at (0,20) width 98: "different lines. "
          text run at (97,20) width 624: "The two phrases are actually in the same paragraph, there are just lots of spaces in between them."
      RenderBlock {P} at (0,56) size 784x40
        RenderText {#text} at (0,0) size 108x19
          text run at (0,0) width 108: "This is a test for "
        RenderInline {A} at (0,0) size 374x19 [color=#0000EE]
          RenderText {#text} at (107,0) size 374x19
            text run at (107,0) width 374: "REGRESSION: Selection includes spaces that it shouldn't"
        RenderText {#text} at (480,0) size 768x39
          text run at (480,0) width 288: ". The test makes sure that a word that is right"
          text run at (0,20) width 292: "after a line wrap can be selected successfully."
      RenderBlock {P} at (0,112) size 784x0
      RenderBlock {DIV} at (16,112) size 752x42 [border: (1px solid #000000)]
        RenderText {#text} at (1,1) size 750x19
          text run at (1,1) width 96: "don't select me"
          text run at (96,1) width 655: "                                                                                                                                                                                                                                                                                                                                                             "
        RenderInline {I} at (0,0) size 157x19
          RenderText {#text} at (1,21) size 157x19
            text run at (1,21) width 157: "try to select just this text"
        RenderText {#text} at (0,0) size 0x0
selection start: position 0 of child 0 {#text} of child 1 {I} of child 7 {DIV} of body
selection end:   position 3 of child 0 {#text} of child 1 {I} of child 7 {DIV} of body
