layer at (0,0) size 800x600
  RenderView at (0,0) size 800x600
layer at (0,0) size 800x600
  RenderBlock {HTML} at (0,0) size 800x600
    RenderBody {BODY} at (8,8) size 784x584
      RenderBlock {DIV} at (0,0) size 784x104 [border: (5px solid #FF0000)]
        RenderMenuList {SELECT} at (39,39) size 64x26 [bgcolor=#FFFFFF] [border: (1px solid #000000)]
          RenderBlock (anonymous) at (9,5) size 24x16
            RenderText at (0,0) size 24x16
              text run at (0,0) width 24: "One"
        RenderText {#text} at (105,42) size 26x19
          text run at (105,42) width 26: "blaa"
caret: position 0 of child 0 {SELECT} of child 0 {DIV} of body
