layer at (0,0) size 800x600
  RenderView at (0,0) size 800x600
layer at (0,0) size 800x600
  RenderBlock {HTML} at (0,0) size 800x600
    RenderBody {BODY} at (8,8) size 784x579
      RenderBlock (anonymous) at (0,0) size 784x54
        RenderText {#text} at (0,0) size 779x53
          text run at (0,0) width 779: "This tests to see that a caret is placed inside an editable document that is entirely editable even when no caret is requested"
          text run at (0,18) width 122: "programmatically. "
          text run at (121,18) width 191: "We do this as a convenience. "
          text run at (311,18) width 426: "Right now, we only do this convenience when a document's frame"
          text run at (0,36) width 443: "becomes first responder or when a document's window becomes key."
      RenderBlock {PRE} at (0,67) size 784x30
        RenderText {#text} at (0,0) size 296x30
          text run at (0,0) width 296: "Test Failed - there should be a caret"
          text run at (296,0) width 0: " "
          text run at (0,15) width 0: " "
