EDITING DELEGATE: shouldChangeSelectedDOMRange:(null) toDOMRange:range from 146 of #text > P > BODY > HTML > #document to 146 of #text > P > BODY > HTML > #document affinity:NSSelectionAffinityDownstream stillSelecting:FALSE
EDITING DELEGATE: webViewDidChangeSelection:WebViewDidChangeSelectionNotification
EDITING DELEGATE: shouldChangeSelectedDOMRange:range from 146 of #text > P > BODY > HTML > #document to 146 of #text > P > BODY > HTML > #document toDOMRange:range from 146 of #text > P > BODY > HTML > #document to 146 of #text > P > BODY > HTML > #document affinity:NSSelectionAffinityDownstream stillSelecting:FALSE
layer at (0,0) size 800x600
  RenderView at (0,0) size 800x600
layer at (0,0) size 800x600
  RenderBlock {HTML} at (0,0) size 800x600
    RenderBody {BODY} at (8,8) size 784x576
      RenderBlock {P} at (0,0) size 784x40
        RenderText {#text} at (0,0) size 776x39
          text run at (0,0) width 414: "This tests double clicking inside and at the end of an editable div. "
          text run at (414,0) width 362: "The selection that is created should not extend outside the"
          text run at (0,20) width 97: "editable region."
      RenderBlock {DIV} at (0,56) size 784x20
        RenderText {#text} at (0,0) size 206x19
          text run at (0,0) width 206: "This text is inside an editable div"
        RenderInline {SPAN} at (0,0) size 4x19
          RenderText {#text} at (206,0) size 4x19
            text run at (206,0) width 4: " "
layer at (8,100) size 784x20
  RenderBlock {P} at (0,92) size 784x20
    RenderText {#text} at (0,0) size 150x19
      text run at (0,0) width 150: "This text is not editable."
caret: position 146 of child 0 {#text} of child 1 {P} of body
