EDITING DELEGATE: shouldChangeSelectedDOMRange:(null) toDOMRange:range from 146 of #text > P > BODY > HTML > #document to 146 of #text > P > BODY > HTML > #document affinity:NSSelectionAffinityDownstream stillSelecting:FALSE
EDITING DELEGATE: webViewDidChangeSelection:WebViewDidChangeSelectionNotification
EDITING DELEGATE: shouldChangeSelectedDOMRange:range from 146 of #text > P > BODY > HTML > #document to 146 of #text > P > BODY > HTML > #document toDOMRange:range from 146 of #text > P > BODY > HTML > #document to 146 of #text > P > BODY > HTML > #document affinity:NSSelectionAffinityDownstream stillSelecting:FALSE
layer at (0,0) size 800x600
  RenderView at (0,0) size 800x600
layer at (0,0) size 800x600
  RenderBlock {HTML} at (0,0) size 800x600
    RenderBody {BODY} at (8,8) size 784x584
      RenderBlock {P} at (0,0) size 784x40
        RenderText {#text} at (0,0) size 776x39
          text run at (0,0) width 414: "This tests double clicking inside and at the end of an editable div. "
          text run at (414,0) width 362: "The selection that is created should not extend outside the"
          text run at (0,20) width 97: "editable region."
      RenderBlock {DIV} at (0,56) size 784x20
        RenderText {#text} at (0,0) size 181x19
          text run at (0,0) width 181: "This text is in an editable div"
        RenderInline {SPAN} at (0,0) size 4x19
          RenderText {#text} at (181,0) size 4x19
            text run at (181,0) width 4: "."
      RenderBlock (anonymous) at (0,76) size 784x20
        RenderText {#text} at (0,0) size 242x19
          text run at (0,0) width 242: "This text is outside the editable region."
        RenderText {#text} at (0,0) size 0x0
caret: position 146 of child 0 {#text} of child 1 {P} of body
