EDITING DELEGATE: shouldBeginEditingInDOMRange:range from 0 of DIV > BODY > HTML > #document to 3 of DIV > BODY > HTML > #document
EDITING DELEGATE: webViewDidBeginEditing:WebViewDidBeginEditingNotification
EDITING DELEGATE: webViewDidChangeSelection:WebViewDidChangeSelectionNotification
EDITING DELEGATE: webViewDidChangeSelection:WebViewDidChangeSelectionNotification
EDITING DELEGATE: webViewDidChangeSelection:WebViewDidChangeSelectionNotification
EDITING DELEGATE: webViewDidChangeSelection:WebViewDidChangeSelectionNotification
EDITING DELEGATE: webViewDidChangeSelection:WebViewDidChangeSelectionNotification
EDITING DELEGATE: webViewDidChangeSelection:WebViewDidChangeSelectionNotification
EDITING DELEGATE: webViewDidChangeSelection:WebViewDidChangeSelectionNotification
EDITING DELEGATE: webViewDidChangeSelection:WebViewDidChangeSelectionNotification
EDITING DELEGATE: webViewDidChangeSelection:WebViewDidChangeSelectionNotification
EDITING DELEGATE: webViewDidChangeSelection:WebViewDidChangeSelectionNotification
layer at (0,0) size 800x600
  RenderView at (0,0) size 800x600
layer at (0,0) size 800x600
  RenderBlock {HTML} at (0,0) size 800x600
    RenderBody {BODY} at (8,8) size 784x584
      RenderBlock (anonymous) at (0,0) size 784x40
        RenderText {#text} at (0,0) size 369x19
          text run at (0,0) width 369: "The selection range in the red box should look like this:   "
        RenderInline {SPAN} at (0,0) size 98x19 [bgcolor=#AFDAFF]
          RenderText {#text} at (368,0) size 98x19
            text run at (368,0) width 27: "abc "
            text run at (417,0) width 9: "1"
            text run at (441,0) width 25 RTL: "\x{5D0}\x{5D1}\x{5D2} "
        RenderText {#text} at (394,0) size 101x19
          text run at (394,0) width 24 RTL: " \x{5D3}\x{5D4}\x{5D5}"
          text run at (425,0) width 17: "23"
          text run at (465,0) width 30: " def "
        RenderBR {BR} at (494,15) size 1x0
        RenderBR {BR} at (0,20) size 0x19
      RenderBlock {DIV} at (0,40) size 784x56 [border: (2px solid #FF0000)]
        RenderInline {SPAN} at (0,0) size 183x27
          RenderText {#text} at (14,14) size 183x27
            text run at (14,14) width 40: "abc "
            text run at (53,14) width 35 RTL: " \x{5D3}\x{5D4}\x{5D5}"
            text run at (87,14) width 37: "123"
            text run at (123,14) width 37 RTL: "\x{5D0}\x{5D1}\x{5D2} "
            text run at (159,14) width 38: " def"
        RenderText {#text} at (0,0) size 0x0
selection start: position 0 of child 0 {#text} of child 1 {SPAN} of child 6 {DIV} of body
selection end:   position 9 of child 0 {#text} of child 1 {SPAN} of child 6 {DIV} of body
