EDITING DELEGATE: shouldBeginEditingInDOMRange:range from 0 of BODY > HTML > #document to 3 of BODY > HTML > #document
EDITING DELEGATE: webViewDidBeginEditing:WebViewDidBeginEditingNotification
EDITING DELEGATE: shouldChangeSelectedDOMRange:(null) toDOMRange:range from 1 of #text > SPAN > BODY > HTML > #document to 1 of #text > SPAN > BODY > HTML > #document affinity:NSSelectionAffinityDownstream stillSelecting:FALSE
EDITING DELEGATE: webViewDidChangeSelection:WebViewDidChangeSelectionNotification
EDITING DELEGATE: shouldChangeSelectedDOMRange:range from 1 of #text > SPAN > BODY > HTML > #document to 1 of #text > SPAN > BODY > HTML > #document toDOMRange:range from 1 of #text > SPAN > BODY > HTML > #document to 1 of #text > SPAN > BODY > HTML > #document affinity:NSSelectionAffinityDownstream stillSelecting:FALSE
layer at (0,0) size 800x600
  RenderView at (0,0) size 800x600
layer at (0,0) size 800x600
  RenderBlock {HTML} at (0,0) size 800x600
    RenderBody {BODY} at (8,8) size 784x584
      RenderInline {SPAN} at (0,0) size 20x19
        RenderText {#text} at (0,0) size 20x19
          text run at (0,0) width 20: "On"
      RenderText {#text} at (20,0) size 784x39
        text run at (20,0) width 464: "ly the first two letters of the first word in this sentence should be selected. "
        text run at (484,0) width 298: "To run this test manually, double click between"
        text run at (782,0) width 2: " "
        text run at (0,20) width 351: "the first two letters of the first word of the first sentence."
caret: position 1 of child 0 {#text} of child 0 {SPAN} of body
