EDITING DELEGATE: shouldBeginEditingInDOMRange:range from 0 of DIV > BODY > HTML > #document to 3 of DIV > BODY > HTML > #document
EDITING DELEGATE: webViewDidBeginEditing:WebViewDidBeginEditingNotification
EDITING DELEGATE: shouldChangeSelectedDOMRange:(null) toDOMRange:range from 15 of #text > PRE > DIV > DIV > BODY > HTML > #document to 15 of #text > PRE > DIV > DIV > BODY > HTML > #document affinity:NSSelectionAffinityDownstream stillSelecting:FALSE
EDITING DELEGATE: webViewDidChangeSelection:WebViewDidChangeSelectionNotification
EDITING DELEGATE: shouldChangeSelectedDOMRange:range from 15 of #text > PRE > DIV > DIV > BODY > HTML > #document to 15 of #text > PRE > DIV > DIV > BODY > HTML > #document toDOMRange:range from 15 of #text > PRE > DIV > DIV > BODY > HTML > #document to 15 of #text > PRE > DIV > DIV > BODY > HTML > #document affinity:NSSelectionAffinityDownstream stillSelecting:FALSE
EDITING DELEGATE: shouldChangeSelectedDOMRange:range from 15 of #text > PRE > DIV > DIV > BODY > HTML > #document to 15 of #text > PRE > DIV > DIV > BODY > HTML > #document toDOMRange:range from 15 of #text > PRE > DIV > DIV > BODY > HTML > #document to 15 of #text > PRE > DIV > DIV > BODY > HTML > #document affinity:NSSelectionAffinityDownstream stillSelecting:FALSE
layer at (0,0) size 800x600
  RenderView at (0,0) size 800x600
layer at (0,0) size 800x600
  RenderBlock {HTML} at (0,0) size 800x600
    RenderBody {BODY} at (8,8) size 784x584
      RenderBlock {P} at (0,0) size 784x20
        RenderText {#text} at (0,0) size 678x19
          text run at (0,0) width 379: "This tests modifying a selection created with a double click. "
          text run at (379,0) width 299: "The new selection should use word granularity."
      RenderBlock {P} at (0,36) size 784x60 [color=#008000]
        RenderText {#text} at (0,0) size 764x59
          text run at (0,0) width 224: "This test does not run interactively. "
          text run at (224,0) width 414: "It uses the layoutTestControllers eventSender to do mouse clicks. "
          text run at (638,0) width 121: "To run it manually,"
          text run at (0,20) width 522: "triple click on the second line in the box below (anywhere after \"whitespace:pre\"). "
          text run at (522,20) width 242: "The triple click should select the entire"
          text run at (0,40) width 27: "line."
      RenderBlock {DIV} at (0,112) size 784x60
        RenderBlock {DIV} at (0,0) size 784x60 [border: (1px solid #0000FF)]
          RenderBlock {PRE} at (1,14) size 782x32
            RenderText {#text} at (0,0) size 120x32
              text run at (0,0) width 120: "this text is in"
              text run at (120,0) width 0: " "
              text run at (0,16) width 112: "whitespace:pre"
caret: position 15 of child 0 {#text} of child 1 {PRE} of child 1 {DIV} of child 5 {DIV} of body
