layer at (0,0) size 800x600
  RenderView at (0,0) size 800x600
layer at (0,0) size 800x100
  RenderBlock {HTML} at (0,0) size 800x100
    RenderBody {BODY} at (8,16) size 784x76
      RenderBlock {P} at (0,0) size 784x40
        RenderText {#text} at (0,0) size 783x39
          text run at (0,0) width 783: "You should see a green rectangle below. If you see individual \"X\" glyphs, the test has failed. (The Ahem font is required for"
          text run at (0,20) width 56: "this test.)"
      RenderBlock {DIV} at (0,56) size 784x20 [color=#008000]
        RenderText {#text} at (0,0) size 120x19
          text run at (0,0) width 120: "XXXXXXXXXX"
