CONSOLE MESSAGE: line 23: TypeError: Result of expression 'variables' [undefined] is not an object.
layer at (0,0) size 800x600
  RenderView at (0,0) size 800x600
layer at (0,0) size 800x36
  RenderBlock {HTML} at (0,0) size 800x36
    RenderBody {BODY} at (8,8) size 784x20
      RenderBlock {DIV} at (0,0) size 784x20 [color=#FF0000] [bgcolor=#FF0000]
        RenderText {#text} at (0,0) size 362x19
          text run at (0,0) width 167: "This text should be green. "
          text run at (167,0) width 195: "There should be no red visible."
