layer at (0,0) size 800x600
  RenderView at (0,0) size 800x600
layer at (0,0) size 800x600
  RenderBlock {HTML} at (0,0) size 800x600
    RenderBody {BODY} at (8,8) size 784x584
      RenderBlock {P} at (0,0) size 784x40
        RenderText {#text} at (0,0) size 619x19
          text run at (0,0) width 583: "This tests to make sure that plaintext-only regions aren't styled if they aren't fully selected. "
          text run at (582,0) width 37: "Only "
        RenderInline {B} at (0,0) size 23x19
          RenderText {#text} at (618,0) size 23x19
            text run at (618,0) width 23: "foo"
        RenderText {#text} at (640,0) size 739x39
          text run at (640,0) width 99: " should be bold"
          text run at (0,20) width 44: "below."
      RenderBlock {DIV} at (0,56) size 784x50
        RenderBlock {DIV} at (0,0) size 784x20
          RenderInline {B} at (0,0) size 22x19
            RenderText {#text} at (0,0) size 22x19
              text run at (0,0) width 22: "foo"
        RenderTable {TABLE} at (0,20) size 187x30 [border: (1px outset #808080)]
          RenderTableSection {TBODY} at (1,1) size 185x28
            RenderTableRow {TR} at (0,2) size 185x24
              RenderTableCell {TD} at (2,2) size 85x24 [border: (1px inset #808080)] [r=0 c=0 rs=1 cs=1]
                RenderText {#text} at (2,2) size 81x19
                  text run at (2,2) width 81: "non-editable"
              RenderTableCell {TD} at (89,2) size 94x24 [border: (1px inset #808080)] [r=0 c=1 rs=1 cs=1]
                RenderInline {SPAN} at (0,0) size 57x19
                  RenderText {#text} at (2,2) size 57x19
                    text run at (2,2) width 57: "plaintext"
                RenderText {#text} at (58,2) size 34x19
                  text run at (58,2) width 34: "-only"
selection start: position 0 of child 0 {#text} of child 0 {B} of child 0 {DIV} of child 2 {DIV} of body
selection end:   position 9 of child 0 {#text} of child 0 {SPAN} of child 1 {TD} of child 0 {TR} of child 0 {TBODY} of child 1 {TABLE} of child 2 {DIV} of body
