layer at (0,0) size 800x600
  RenderView at (0,0) size 800x600
layer at (0,0) size 800x600
  RenderBlock {HTML} at (0,0) size 800x600
    RenderFrameSet {FRAMESET} at (0,0) size 800x600
      RenderFrame {FRAME} at (201,151) size 195x145
        layer at (0,0) size 408x486
          RenderView at (0,0) size 195x145
        layer at (0,0) size 195x486
          RenderBlock {HTML} at (0,0) size 195x486
            RenderBody {BODY} at (8,8) size 179x470
              RenderBlock {P} at (0,0) size 179x54
                RenderText {#text} at (0,0) size 165x53
                  text run at (0,0) width 165: "This page is large enough"
                  text run at (0,18) width 165: "to need to be scrolled in a"
                  text run at (0,36) width 102: "200x200 frame."
              RenderBlock {DIV} at (0,70) size 400x400 [bgcolor=#0000FF]
layer at (0,0) size 195x145
  RenderFrame {FRAME} at (0,0) size 195x145
    layer at (0,0) size 408x486
      RenderView at (0,0) size 195x145
    layer at (0,0) size 195x486
      RenderBlock {HTML} at (0,0) size 195x486
        RenderBody {BODY} at (8,8) size 179x470
          RenderBlock {P} at (0,0) size 179x54
            RenderText {#text} at (0,0) size 165x53
              text run at (0,0) width 165: "This page is large enough"
              text run at (0,18) width 165: "to need to be scrolled in a"
              text run at (0,36) width 102: "200x200 frame."
          RenderBlock {DIV} at (0,70) size 400x400 [bgcolor=#0000FF]
layer at (201,0) size 195x145
  RenderFrame {FRAME} at (201,0) size 195x145
    layer at (0,0) size 408x486
      RenderView at (0,0) size 195x145
    layer at (0,0) size 195x486
      RenderBlock {HTML} at (0,0) size 195x486
        RenderBody {BODY} at (8,8) size 179x470
          RenderBlock {P} at (0,0) size 179x54
            RenderText {#text} at (0,0) size 165x53
              text run at (0,0) width 165: "This page is large enough"
              text run at (0,18) width 165: "to need to be scrolled in a"
              text run at (0,36) width 102: "200x200 frame."
          RenderBlock {DIV} at (0,70) size 400x400 [bgcolor=#0000FF]
layer at (402,0) size 195x145
  RenderFrame {FRAME} at (402,0) size 195x145
    layer at (0,0) size 408x486
      RenderView at (0,0) size 195x145
    layer at (0,0) size 195x486
      RenderBlock {HTML} at (0,0) size 195x486
        RenderBody {BODY} at (8,8) size 179x470
          RenderBlock {P} at (0,0) size 179x54
            RenderText {#text} at (0,0) size 165x53
              text run at (0,0) width 165: "This page is large enough"
              text run at (0,18) width 165: "to need to be scrolled in a"
              text run at (0,36) width 102: "200x200 frame."
          RenderBlock {DIV} at (0,70) size 400x400 [bgcolor=#0000FF]
layer at (603,0) size 197x145
  RenderFrame {FRAME} at (603,0) size 197x145
    layer at (0,0) size 408x486
      RenderView at (0,0) size 197x145
    layer at (0,0) size 197x486
      RenderBlock {HTML} at (0,0) size 197x486
        RenderBody {BODY} at (8,8) size 181x470
          RenderBlock {P} at (0,0) size 181x54
            RenderText {#text} at (0,0) size 181x53
              text run at (0,0) width 181: "This page is large enough to"
              text run at (0,18) width 149: "need to be scrolled in a"
              text run at (0,36) width 102: "200x200 frame."
          RenderBlock {DIV} at (0,70) size 400x400 [bgcolor=#0000FF]
layer at (0,151) size 195x145
  RenderFrame {FRAME} at (0,151) size 195x145
    layer at (0,0) size 408x486
      RenderView at (0,0) size 195x145
    layer at (0,0) size 195x486
      RenderBlock {HTML} at (0,0) size 195x486
        RenderBody {BODY} at (8,8) size 179x470
          RenderBlock {P} at (0,0) size 179x54
            RenderText {#text} at (0,0) size 165x53
              text run at (0,0) width 165: "This page is large enough"
              text run at (0,18) width 165: "to need to be scrolled in a"
              text run at (0,36) width 102: "200x200 frame."
          RenderBlock {DIV} at (0,70) size 400x400 [bgcolor=#0000FF]
layer at (402,151) size 195x145
  RenderFrame {FRAME} at (402,151) size 195x145
    layer at (0,0) size 408x486
      RenderView at (0,0) size 195x145
    layer at (0,0) size 195x486
      RenderBlock {HTML} at (0,0) size 195x486
        RenderBody {BODY} at (8,8) size 179x470
          RenderBlock {P} at (0,0) size 179x54
            RenderText {#text} at (0,0) size 165x53
              text run at (0,0) width 165: "This page is large enough"
              text run at (0,18) width 165: "to need to be scrolled in a"
              text run at (0,36) width 102: "200x200 frame."
          RenderBlock {DIV} at (0,70) size 400x400 [bgcolor=#0000FF]
layer at (603,151) size 197x145
  RenderFrame {FRAME} at (603,151) size 197x145
    layer at (0,0) size 408x486
      RenderView at (0,0) size 197x145
    layer at (0,0) size 197x486
      RenderBlock {HTML} at (0,0) size 197x486
        RenderBody {BODY} at (8,8) size 181x470
          RenderBlock {P} at (0,0) size 181x54
            RenderText {#text} at (0,0) size 181x53
              text run at (0,0) width 181: "This page is large enough to"
              text run at (0,18) width 149: "need to be scrolled in a"
              text run at (0,36) width 102: "200x200 frame."
          RenderBlock {DIV} at (0,70) size 400x400 [bgcolor=#0000FF]
