layer at (0,0) size 800x600
  RenderView at (0,0) size 800x600
layer at (0,0) size 800x600
  RenderBlock {HTML} at (0,0) size 800x600
    RenderBody {BODY} at (8,8) size 784x584
      RenderText {#text} at (0,0) size 217x19
        text run at (0,0) width 217: "This iframe should have a border."
      RenderBR {BR} at (216,15) size 1x0
      RenderPartObject {IFRAME} at (0,20) size 304x154 [border: (2px inset #000000)]
        layer at (0,0) size 300x150
          RenderView at (0,0) size 300x150
        layer at (0,0) size 300x150
          RenderBlock {HTML} at (0,0) size 300x150
            RenderBody {BODY} at (8,8) size 284x134
      RenderText {#text} at (304,159) size 4x19
        text run at (304,159) width 4: " "
      RenderBR {BR} at (0,0) size 0x0
      RenderText {#text} at (0,179) size 150x19
        text run at (0,179) width 150: "This iframe should not."
      RenderBR {BR} at (149,194) size 1x0
      RenderPartObject {IFRAME} at (0,199) size 300x150
        layer at (0,0) size 300x150
          RenderView at (0,0) size 300x150
        layer at (0,0) size 300x150
          RenderBlock {HTML} at (0,0) size 300x150
            RenderBody {BODY} at (8,8) size 284x134
      RenderText {#text} at (300,334) size 4x19
        text run at (300,334) width 4: " "
      RenderBR {BR} at (304,349) size 0x0
      RenderText {#text} at (0,354) size 221x19
        text run at (0,354) width 221: "This iframe should have a border. "
      RenderBR {BR} at (220,369) size 1x0
      RenderPartObject {IFRAME} at (0,374) size 304x154 [border: (2px inset #000000)]
        layer at (0,0) size 300x150
          RenderView at (0,0) size 300x150
        layer at (0,0) size 300x150
          RenderBlock {HTML} at (0,0) size 300x150
            RenderBody {BODY} at (8,8) size 284x134
      RenderText {#text} at (0,0) size 0x0
