layer at (0,0) size 800x600
  RenderView at (0,0) size 800x600
layer at (0,0) size 800x142
  RenderBlock {HTML} at (0,0) size 800x142
    RenderBody {BODY} at (8,8) size 784x118
      RenderBlock {DIV} at (0,0) size 784x82
        RenderTable {TABLE} at (0,0) size 125x82 [border: (1px outset #808080)]
          RenderTableSection {TBODY} at (1,1) size 123x80
            RenderTableRow {TR} at (0,2) size 123x24
              RenderTableCell {TD} at (2,2) size 24x24 [border: (1px inset #808080)] [r=0 c=0 rs=1 cs=1]
                RenderText {#text} at (2,2) size 20x19
                  text run at (2,2) width 20: "1.1"
              RenderTableCell {TD} at (28,2) size 24x24 [border: (1px inset #808080)] [r=0 c=1 rs=1 cs=1]
                RenderText {#text} at (2,2) size 20x19
                  text run at (2,2) width 20: "1.2"
              RenderTableCell {TD} at (54,2) size 67x24 [bgcolor=#00FF00] [border: (1px inset #808080)] [r=0 c=2 rs=1 cs=1]
                RenderText {#text} at (2,2) size 63x19
                  text run at (2,2) width 63: "green cell"
            RenderTableRow {TR} at (0,28) size 123x24
              RenderTableCell {TD} at (2,28) size 24x24 [border: (1px inset #808080)] [r=1 c=0 rs=1 cs=1]
                RenderText {#text} at (2,2) size 20x19
                  text run at (2,2) width 20: "2.1"
              RenderTableCell {TD} at (28,28) size 24x24 [border: (1px inset #808080)] [r=1 c=1 rs=1 cs=1]
                RenderText {#text} at (2,2) size 20x19
                  text run at (2,2) width 20: "2.2"
              RenderTableCell {TD} at (54,28) size 67x24 [bgcolor=#00FF00] [border: (1px inset #808080)] [r=1 c=2 rs=1 cs=1]
                RenderText {#text} at (2,2) size 63x19
                  text run at (2,2) width 63: "green cell"
            RenderTableRow {TR} at (0,54) size 123x24
              RenderTableCell {TD} at (2,54) size 24x24 [border: (1px inset #808080)] [r=2 c=0 rs=1 cs=1]
                RenderText {#text} at (2,2) size 20x19
                  text run at (2,2) width 20: "3.1"
              RenderTableCell {TD} at (28,54) size 24x24 [border: (1px inset #808080)] [r=2 c=1 rs=1 cs=1]
                RenderText {#text} at (2,2) size 20x19
                  text run at (2,2) width 20: "3.2"
              RenderTableCell {TD} at (54,54) size 67x24 [bgcolor=#00FF00] [border: (1px inset #808080)] [r=2 c=2 rs=1 cs=1]
                RenderText {#text} at (2,2) size 63x19
                  text run at (2,2) width 63: "green cell"
      RenderBlock {P} at (0,98) size 784x20
        RenderInline {SPAN} at (0,0) size 438x19 [bgcolor=#00FF00]
          RenderText {#text} at (0,0) size 438x19
            text run at (0,0) width 277: "This paragraph contains a span that should "
            text run at (276,0) width 162: "have a green background"
        RenderText {#text} at (437,0) size 144x19
          text run at (437,0) width 144: " and some text after it."
