layer at (0,0) size 800x600
  RenderView at (0,0) size 800x600
layer at (0,0) size 800x124
  RenderBlock {HTML} at (0,0) size 800x124
    RenderBody {BODY} at (8,16) size 784x92
      RenderBlock {DIV} at (0,0) size 784x92
        RenderBlock {DIV} at (0,0) size 784x92
          RenderBlock {P} at (0,0) size 784x20 [bgcolor=#FF0000]
            RenderText {#text} at (0,0) size 208x19
              text run at (0,0) width 208: "This line should be unstyled. (2)"
          RenderBlock {P} at (0,36) size 784x20
            RenderText {#text} at (0,0) size 295x19
              text run at (0,0) width 295: "This line should have a green background. (3)"
          RenderBlock {P} at (0,72) size 784x20
            RenderText {#text} at (0,0) size 289x19
              text run at (0,0) width 289: "This line should be unstyled. (4 moving to 1)"
