layer at (0,0) size 800x600
  RenderView at (0,0) size 800x600
layer at (0,0) size 800x128
  RenderBlock {HTML} at (0,0) size 800x128
    RenderBody {BODY} at (8,16) size 784x96
      RenderBlock {UL} at (0,0) size 784x40
        RenderListItem {LI} at (40,0) size 744x20 [bgcolor=#00FF00]
          RenderListMarker at (-18,0) size 7x19: bullet
          RenderText {#text} at (0,0) size 441x19
            text run at (0,0) width 345: "This list item should be green because its language is "
            text run at (344,0) width 97: "British English"
        RenderListItem {LI} at (40,20) size 744x20 [bgcolor=#00FF00]
          RenderListMarker at (-18,0) size 7x19: bullet
          RenderText {#text} at (0,0) size 496x19
            text run at (0,0) width 330: "This list item should be green because its language "
            text run at (329,0) width 167: "is British English (Wales)"
      RenderBlock {OL} at (0,56) size 784x40
        RenderListItem {LI} at (40,0) size 744x20
          RenderListMarker at (-21,0) size 16x19: "1"
          RenderText {#text} at (0,0) size 455x19
            text run at (0,0) width 367: "This list item should NOT be green because its language "
            text run at (366,0) width 89: "is US English"
        RenderListItem {LI} at (40,20) size 744x20
          RenderListMarker at (-21,0) size 16x19: "2"
          RenderText {#text} at (0,0) size 426x19
            text run at (0,0) width 382: "This list item should NOT be green because its language is "
            text run at (381,0) width 45: "French"
