layer at (0,0) size 800x600
  RenderView at (0,0) size 800x600
layer at (0,0) size 800x92
  RenderBlock {HTML} at (0,0) size 800x92
    RenderBody {BODY} at (8,16) size 784x68
      RenderBlock {DIV} at (0,0) size 784x68
        RenderBlock {P} at (0,0) size 784x20
          RenderText {#text} at (0,0) size 225x19
            text run at (0,0) width 225: "The following bar should be green."
        RenderBlock {DIV} at (0,36) size 784x0
        RenderBlock {DIV} at (0,36) size 784x0
        RenderBlock {DIV} at (0,36) size 784x32
          RenderBlock {DIV} at (0,0) size 784x32
            RenderBlock {DIV} at (0,0) size 784x32
              RenderBlock {DIV} at (0,0) size 784x32 [bgcolor=#FF0000]
