layer at (0,0) size 800x600
  RenderView at (0,0) size 800x600
layer at (0,0) size 800x554
  RenderBlock {HTML} at (0,0) size 800x554
    RenderBody {BODY} at (8,16) size 784x530
      RenderBlock {UL} at (0,0) size 784x120
        RenderListItem {LI} at (40,0) size 744x20
          RenderListMarker at (-18,0) size 7x19: bullet
          RenderText {#text} at (0,0) size 86x19
            text run at (0,0) width 86: "First list item"
        RenderListItem {LI} at (40,20) size 744x20 [bgcolor=#00FF00]
          RenderListMarker at (-18,0) size 7x19: bullet
          RenderText {#text} at (0,0) size 345x19
            text run at (0,0) width 345: "This second list item should have a green background"
        RenderListItem {LI} at (40,40) size 744x20
          RenderListMarker at (-18,0) size 7x19: bullet
          RenderText {#text} at (0,0) size 60x19
            text run at (0,0) width 60: "Third list"
        RenderListItem {LI} at (40,60) size 744x20 [bgcolor=#00FF00]
          RenderListMarker at (-18,0) size 7x19: bullet
          RenderText {#text} at (0,0) size 339x19
            text run at (0,0) width 339: "This fourth list item should have a green background"
        RenderListItem {LI} at (40,80) size 744x20
          RenderListMarker at (-18,0) size 7x19: bullet
          RenderText {#text} at (0,0) size 88x19
            text run at (0,0) width 88: "Fifth list item"
        RenderListItem {LI} at (40,100) size 744x20 [bgcolor=#00FF00]
          RenderListMarker at (-18,0) size 7x19: bullet
          RenderText {#text} at (0,0) size 331x19
            text run at (0,0) width 331: "This sixth list item should have a green background"
      RenderBlock {OL} at (0,136) size 784x120
        RenderListItem {LI} at (40,0) size 744x20 [bgcolor=#00FF00]
          RenderListMarker at (-21,0) size 16x19: "1"
          RenderText {#text} at (0,0) size 326x19
            text run at (0,0) width 326: "This first list item should have a green background"
        RenderListItem {LI} at (40,20) size 744x20
          RenderListMarker at (-21,0) size 16x19: "2"
          RenderText {#text} at (0,0) size 104x19
            text run at (0,0) width 104: "Second list item"
        RenderListItem {LI} at (40,40) size 744x20 [bgcolor=#00FF00]
          RenderListMarker at (-21,0) size 16x19: "3"
          RenderText {#text} at (0,0) size 330x19
            text run at (0,0) width 330: "This third list item should have a green background"
        RenderListItem {LI} at (40,60) size 744x20
          RenderListMarker at (-21,0) size 16x19: "4"
          RenderText {#text} at (0,0) size 99x19
            text run at (0,0) width 99: "Fourth list item"
        RenderListItem {LI} at (40,80) size 744x20 [bgcolor=#00FF00]
          RenderListMarker at (-21,0) size 16x19: "5"
          RenderText {#text} at (0,0) size 328x19
            text run at (0,0) width 328: "This fifth list item should have a green background"
        RenderListItem {LI} at (40,100) size 744x20
          RenderListMarker at (-21,0) size 16x19: "6"
          RenderText {#text} at (0,0) size 90x19
            text run at (0,0) width 90: "Sixth list item"
      RenderBlock {DIV} at (0,272) size 784x258
        RenderTable {TABLE} at (0,0) size 163x160 [border: (1px outset #808080)]
          RenderTableSection {TBODY} at (1,1) size 161x158
            RenderTableRow {TR} at (0,2) size 161x24
              RenderTableCell {TD} at (2,2) size 105x24 [border: (1px solid #000000)] [r=0 c=0 rs=1 cs=1]
                RenderText {#text} at (2,2) size 20x19
                  text run at (2,2) width 20: "1.1"
              RenderTableCell {TD} at (109,2) size 24x24 [border: (1px solid #000000)] [r=0 c=1 rs=1 cs=1]
                RenderText {#text} at (2,2) size 20x19
                  text run at (2,2) width 20: "1.2"
              RenderTableCell {TD} at (135,2) size 24x24 [border: (1px solid #000000)] [r=0 c=2 rs=1 cs=1]
                RenderText {#text} at (2,2) size 20x19
                  text run at (2,2) width 20: "1.3"
            RenderTableRow {TR} at (0,28) size 161x24
              RenderTableCell {TD} at (2,28) size 105x24 [border: (1px solid #000000)] [r=1 c=0 rs=1 cs=1]
                RenderText {#text} at (2,2) size 20x19
                  text run at (2,2) width 20: "2.1"
              RenderTableCell {TD} at (109,28) size 24x24 [border: (1px solid #000000)] [r=1 c=1 rs=1 cs=1]
                RenderText {#text} at (2,2) size 20x19
                  text run at (2,2) width 20: "2.2"
              RenderTableCell {TD} at (135,28) size 24x24 [border: (1px solid #000000)] [r=1 c=2 rs=1 cs=1]
                RenderText {#text} at (2,2) size 20x19
                  text run at (2,2) width 20: "2.3"
            RenderTableRow {TR} at (0,54) size 161x24
              RenderTableCell {TD} at (2,54) size 105x24 [border: (1px solid #000000)] [r=2 c=0 rs=1 cs=1]
                RenderText {#text} at (2,2) size 20x19
                  text run at (2,2) width 20: "3.1"
              RenderTableCell {TD} at (109,54) size 24x24 [border: (1px solid #000000)] [r=2 c=1 rs=1 cs=1]
                RenderText {#text} at (2,2) size 20x19
                  text run at (2,2) width 20: "3.2"
              RenderTableCell {TD} at (135,54) size 24x24 [border: (1px solid #000000)] [r=2 c=2 rs=1 cs=1]
                RenderText {#text} at (2,2) size 20x19
                  text run at (2,2) width 20: "3.3"
            RenderTableRow {TR} at (0,80) size 161x24
              RenderTableCell {TD} at (2,80) size 105x24 [border: (1px solid #000000)] [r=3 c=0 rs=1 cs=1]
                RenderText {#text} at (2,2) size 20x19
                  text run at (2,2) width 20: "4.1"
              RenderTableCell {TD} at (109,80) size 24x24 [border: (1px solid #000000)] [r=3 c=1 rs=1 cs=1]
                RenderText {#text} at (2,2) size 20x19
                  text run at (2,2) width 20: "4.2"
              RenderTableCell {TD} at (135,80) size 24x24 [border: (1px solid #000000)] [r=3 c=2 rs=1 cs=1]
                RenderText {#text} at (2,2) size 20x19
                  text run at (2,2) width 20: "4.3"
            RenderTableRow {TR} at (0,106) size 161x24 [bgcolor=#00FF00]
              RenderTableCell {TD} at (2,106) size 105x24 [border: (1px solid #000000)] [r=4 c=0 rs=1 cs=1]
                RenderText {#text} at (2,2) size 101x19
                  text run at (2,2) width 101: "Green row : 5.1"
              RenderTableCell {TD} at (109,106) size 24x24 [border: (1px solid #000000)] [r=4 c=1 rs=1 cs=1]
                RenderText {#text} at (2,2) size 20x19
                  text run at (2,2) width 20: "5.2"
              RenderTableCell {TD} at (135,106) size 24x24 [border: (1px solid #000000)] [r=4 c=2 rs=1 cs=1]
                RenderText {#text} at (2,2) size 20x19
                  text run at (2,2) width 20: "5.3"
            RenderTableRow {TR} at (0,132) size 161x24 [bgcolor=#00FF00]
              RenderTableCell {TD} at (2,132) size 105x24 [border: (1px solid #000000)] [r=5 c=0 rs=1 cs=1]
                RenderText {#text} at (2,2) size 101x19
                  text run at (2,2) width 101: "Green row : 6.1"
              RenderTableCell {TD} at (109,132) size 24x24 [border: (1px solid #000000)] [r=5 c=1 rs=1 cs=1]
                RenderText {#text} at (2,2) size 20x19
                  text run at (2,2) width 20: "6.2"
              RenderTableCell {TD} at (135,132) size 24x24 [border: (1px solid #000000)] [r=5 c=2 rs=1 cs=1]
                RenderText {#text} at (2,2) size 20x19
                  text run at (2,2) width 20: "6.3"
        RenderBlock {P} at (0,176) size 784x0
        RenderTable {TABLE} at (0,176) size 427x82 [border: (1px outset #808080)]
          RenderTableSection {TBODY} at (1,1) size 425x80
            RenderTableRow {TR} at (0,2) size 425x24
              RenderTableCell {TD} at (2,2) size 24x24 [border: (1px solid #000000)] [r=0 c=0 rs=1 cs=1]
                RenderText {#text} at (2,2) size 20x19
                  text run at (2,2) width 20: "1.1"
              RenderTableCell {TD} at (28,2) size 67x24 [bgcolor=#00FF00] [border: (1px solid #000000)] [r=0 c=1 rs=1 cs=1]
                RenderText {#text} at (2,2) size 63x19
                  text run at (2,2) width 63: "green cell"
              RenderTableCell {TD} at (97,2) size 67x24 [bgcolor=#00FF00] [border: (1px solid #000000)] [r=0 c=2 rs=1 cs=1]
                RenderText {#text} at (2,2) size 63x19
                  text run at (2,2) width 63: "green cell"
              RenderTableCell {TD} at (166,2) size 24x24 [border: (1px solid #000000)] [r=0 c=3 rs=1 cs=1]
                RenderText {#text} at (2,2) size 20x19
                  text run at (2,2) width 20: "1.4"
              RenderTableCell {TD} at (192,2) size 67x24 [bgcolor=#00FF00] [border: (1px solid #000000)] [r=0 c=4 rs=1 cs=1]
                RenderText {#text} at (2,2) size 63x19
                  text run at (2,2) width 63: "green cell"
              RenderTableCell {TD} at (261,2) size 67x24 [bgcolor=#00FF00] [border: (1px solid #000000)] [r=0 c=5 rs=1 cs=1]
                RenderText {#text} at (2,2) size 63x19
                  text run at (2,2) width 63: "green cell"
              RenderTableCell {TD} at (330,2) size 24x24 [border: (1px solid #000000)] [r=0 c=6 rs=1 cs=1]
                RenderText {#text} at (2,2) size 20x19
                  text run at (2,2) width 20: "1.7"
              RenderTableCell {TD} at (356,2) size 67x24 [bgcolor=#00FF00] [border: (1px solid #000000)] [r=0 c=7 rs=1 cs=1]
                RenderText {#text} at (2,2) size 63x19
                  text run at (2,2) width 63: "green cell"
            RenderTableRow {TR} at (0,28) size 425x24
              RenderTableCell {TD} at (2,28) size 24x24 [border: (1px solid #000000)] [r=1 c=0 rs=1 cs=1]
                RenderText {#text} at (2,2) size 20x19
                  text run at (2,2) width 20: "2.1"
              RenderTableCell {TD} at (28,28) size 67x24 [bgcolor=#00FF00] [border: (1px solid #000000)] [r=1 c=1 rs=1 cs=1]
                RenderText {#text} at (2,2) size 63x19
                  text run at (2,2) width 63: "green cell"
              RenderTableCell {TD} at (97,28) size 67x24 [bgcolor=#00FF00] [border: (1px solid #000000)] [r=1 c=2 rs=1 cs=1]
                RenderText {#text} at (2,2) size 63x19
                  text run at (2,2) width 63: "green cell"
              RenderTableCell {TD} at (166,28) size 24x24 [border: (1px solid #000000)] [r=1 c=3 rs=1 cs=1]
                RenderText {#text} at (2,2) size 20x19
                  text run at (2,2) width 20: "2.4"
              RenderTableCell {TD} at (192,28) size 67x24 [bgcolor=#00FF00] [border: (1px solid #000000)] [r=1 c=4 rs=1 cs=1]
                RenderText {#text} at (2,2) size 63x19
                  text run at (2,2) width 63: "green cell"
              RenderTableCell {TD} at (261,28) size 67x24 [bgcolor=#00FF00] [border: (1px solid #000000)] [r=1 c=5 rs=1 cs=1]
                RenderText {#text} at (2,2) size 63x19
                  text run at (2,2) width 63: "green cell"
              RenderTableCell {TD} at (330,28) size 24x24 [border: (1px solid #000000)] [r=1 c=6 rs=1 cs=1]
                RenderText {#text} at (2,2) size 20x19
                  text run at (2,2) width 20: "2.7"
              RenderTableCell {TD} at (356,28) size 67x24 [bgcolor=#00FF00] [border: (1px solid #000000)] [r=1 c=7 rs=1 cs=1]
                RenderText {#text} at (2,2) size 63x19
                  text run at (2,2) width 63: "green cell"
            RenderTableRow {TR} at (0,54) size 425x24
              RenderTableCell {TD} at (2,54) size 24x24 [border: (1px solid #000000)] [r=2 c=0 rs=1 cs=1]
                RenderText {#text} at (2,2) size 20x19
                  text run at (2,2) width 20: "3.1"
              RenderTableCell {TD} at (28,54) size 67x24 [bgcolor=#00FF00] [border: (1px solid #000000)] [r=2 c=1 rs=1 cs=1]
                RenderText {#text} at (2,2) size 63x19
                  text run at (2,2) width 63: "green cell"
              RenderTableCell {TD} at (97,54) size 67x24 [bgcolor=#00FF00] [border: (1px solid #000000)] [r=2 c=2 rs=1 cs=1]
                RenderText {#text} at (2,2) size 63x19
                  text run at (2,2) width 63: "green cell"
              RenderTableCell {TD} at (166,54) size 24x24 [border: (1px solid #000000)] [r=2 c=3 rs=1 cs=1]
                RenderText {#text} at (2,2) size 20x19
                  text run at (2,2) width 20: "3.4"
              RenderTableCell {TD} at (192,54) size 67x24 [bgcolor=#00FF00] [border: (1px solid #000000)] [r=2 c=4 rs=1 cs=1]
                RenderText {#text} at (2,2) size 63x19
                  text run at (2,2) width 63: "green cell"
              RenderTableCell {TD} at (261,54) size 67x24 [bgcolor=#00FF00] [border: (1px solid #000000)] [r=2 c=5 rs=1 cs=1]
                RenderText {#text} at (2,2) size 63x19
                  text run at (2,2) width 63: "green cell"
              RenderTableCell {TD} at (330,54) size 24x24 [border: (1px solid #000000)] [r=2 c=6 rs=1 cs=1]
                RenderText {#text} at (2,2) size 20x19
                  text run at (2,2) width 20: "3.7"
              RenderTableCell {TD} at (356,54) size 67x24 [bgcolor=#00FF00] [border: (1px solid #000000)] [r=2 c=7 rs=1 cs=1]
                RenderText {#text} at (2,2) size 63x19
                  text run at (2,2) width 63: "green cell"
