layer at (0,0) size 800x600
  RenderView at (0,0) size 800x600
layer at (0,0) size 800x142
  RenderBlock {HTML} at (0,0) size 800x142
    RenderBody {BODY} at (8,16) size 784x118
      RenderBlock {P} at (0,0) size 784x82 [bgcolor=#00FF00] [border: (5px solid #008000)]
        RenderText {#text} at (21,21) size 741x39
          text run at (21,21) width 741: "This paragraph should have a green background and a green thick solid border because it carries both classes t1 and"
          text run at (21,41) width 17: "t2."
      RenderBlock {DIV} at (0,98) size 784x20 [color=#FFFFFF] [bgcolor=#008000]
        RenderText {#text} at (0,0) size 166x19
          text run at (0,0) width 166: "This line should be green."
