layer at (0,0) size 800x600
  RenderView at (0,0) size 800x600
layer at (0,0) size 800x184
  RenderBlock {HTML} at (0,0) size 800x184
    RenderBody {BODY} at (8,16) size 784x152
      RenderBlock {P} at (0,0) size 784x40 [bgcolor=#FFFFFF]
        RenderText {#text} at (0,0) size 757x19
          text run at (0,0) width 229: "This paragraph should be unstyled. "
          text run at (228,0) width 455: "The background of the following paragraph should become blue when "
          text run at (682,0) width 75: "you follow "
        RenderInline {A} at (0,0) size 780x39 [color=#0000EE]
          RenderText {#text} at (756,0) size 780x39
            text run at (756,0) width 24: "this"
            text run at (0,20) width 25: "link"
        RenderText {#text} at (24,20) size 5x19
          text run at (24,20) width 5: "."
      RenderBlock {P} at (0,56) size 784x40 [bgcolor=#FFFFFF]
        RenderText {#text} at (0,0) size 745x19
          text run at (0,0) width 283: "This paragraph should initially be unstyled. "
          text run at (282,0) width 463: "It should become blue when you select the link above. When you select "
        RenderInline {A} at (0,0) size 768x39 [color=#0000EE]
          RenderText {#text} at (744,0) size 768x39
            text run at (744,0) width 24: "this"
            text run at (0,20) width 25: "link"
        RenderText {#text} at (24,20) size 640x19
          text run at (24,20) width 276: ", it should return to being unstyled and the "
          text run at (299,20) width 365: "background of the paragraph below should become blue."
      RenderBlock {P} at (0,112) size 784x40 [bgcolor=#FFFFFF]
        RenderText {#text} at (0,0) size 750x19
          text run at (0,0) width 283: "This paragraph should initially be unstyled. "
          text run at (282,0) width 468: "It should become blue when you select the link above. When you follow "
        RenderInline {A} at (0,0) size 774x39 [color=#0000EE]
          RenderText {#text} at (749,0) size 774x39
            text run at (749,0) width 25: "this"
            text run at (0,20) width 25: "link"
        RenderText {#text} at (24,20) size 366x19
          text run at (24,20) width 143: ", the three paragraphs "
          text run at (166,20) width 224: "should all return to being unstyled."
