layer at (0,0) size 800x600
  RenderView at (0,0) size 800x600
layer at (0,0) size 800x600
  RenderBlock {HTML} at (0,0) size 800x600
    RenderBody {BODY} at (8,8) size 784x576
      RenderBlock {P} at (0,0) size 784x40
        RenderText {#text} at (0,0) size 752x39
          text run at (0,0) width 294: "This test for a bug in Insert{Un}OrderedList. "
          text run at (293,0) width 459: "Inside an empty editable region, a new paragraph is added, then a list is"
          text run at (0,20) width 55: "created. "
          text run at (54,20) width 131: "The caret should be "
        RenderInline {B} at (0,0) size 41x19
          RenderText {#text} at (184,20) size 41x19
            text run at (184,20) width 41: "inside"
        RenderText {#text} at (224,20) size 128x19
          text run at (224,20) width 128: " the empty list item."
      RenderBlock {DIV} at (0,56) size 784x56
        RenderBlock {DIV} at (0,0) size 784x20
          RenderBR {BR} at (0,0) size 0x19
        RenderBlock {DIV} at (0,36) size 784x20
          RenderBlock {UL} at (0,0) size 784x20
            RenderListItem {LI} at (40,0) size 744x20
              RenderListMarker at (-18,0) size 7x19: bullet
              RenderBR {BR} at (0,0) size 0x19
          RenderBlock (anonymous) at (0,36) size 784x0
caret: position 0 of child 0 {BR} of child 0 {LI} of child 0 {UL} of child 1 {DIV} of child 2 {DIV} of body
