layer at (0,0) size 800x2643
  RenderView at (0,0) size 800x600
layer at (0,0) size 800x2643
  RenderBlock {HTML} at (0,0) size 800x2643
    RenderBody {BODY} at (8,8) size 784x2619
      RenderBlock (anonymous) at (0,0) size 784x40
        RenderText {#text} at (0,0) size 760x39
          text run at (0,0) width 760: "In this test, all of the spanning elements have their spans turned off dynamically, and so they should just be in the column"
          text run at (0,20) width 33: "flow."
        RenderText {#text} at (0,0) size 0x0
layer at (8,64) size 760x393
  RenderBlock {DIV} at (0,56) size 760x393 [border: (5px solid #800000)]
    RenderBlock (anonymous multi-column span) at (5,5) size 750x0
layer at (13,69) size 750x383
  RenderBlock (anonymous multi-column) at (5,5) size 750x383
    RenderBlock {H2} at (0,19) size 367x27 [bgcolor=#EEEEEE]
      RenderText {#text} at (0,0) size 276x26
        text run at (0,0) width 276: "This is a spanning element."
    RenderBlock (anonymous) at (0,65) size 367x698
      RenderText {#text} at (0,0) size 363x697
        text run at (0,0) width 354: "Lorem ipsum dolor sit amet, consectetuer adipiscing elit."
        text run at (0,20) width 351: "Nulla varius enim ac mi. Curabitur sollicitudin felis quis"
        text run at (0,40) width 325: "lectus. Quisque adipiscing rhoncus sem. Proin nulla"
        text run at (0,60) width 358: "purus, vulputate vel, varius ut, euismod et, nisi. Sed vitae"
        text run at (0,80) width 343: "felis vel orci sagittis aliquam. Cras convallis adipiscing"
        text run at (0,100) width 340: "sem. Nam nonummy enim. Nullam bibendum lobortis"
        text run at (0,120) width 344: "neque. Vestibulum velit orci, tempus euismod, pretium"
        text run at (0,140) width 343: "quis, interdum vitae, nulla. Phasellus eget ante et tortor"
        text run at (0,160) width 343: "condimentum vestibulum. Suspendisse hendrerit quam"
        text run at (0,180) width 362: "nec felis. Sed varius turpis vitae pede. Lorem ipsum dolor"
        text run at (0,200) width 233: "sit amet, consectetuer adipiscing elit. "
        text run at (233,200) width 121: "Lorem ipsum dolor"
        text run at (0,220) width 363: "sit amet, consectetuer adipiscing elit. Nulla varius enim ac"
        text run at (0,240) width 318: "mi. Curabitur sollicitudin felis quis lectus. Quisque"
        text run at (0,260) width 356: "adipiscing rhoncus sem. Proin nulla purus, vulputate vel,"
        text run at (0,280) width 354: "varius ut, euismod et, nisi. Sed vitae felis vel orci sagittis"
        text run at (0,318) width 351: "aliquam. Cras convallis adipiscing sem. Nam nonummy"
        text run at (0,338) width 358: "enim. Nullam bibendum lobortis neque. Vestibulum velit"
        text run at (0,358) width 361: "orci, tempus euismod, pretium quis, interdum vitae, nulla."
        text run at (0,378) width 339: "Phasellus eget ante et tortor condimentum vestibulum."
        text run at (0,398) width 345: "Suspendisse hendrerit quam nec felis. Sed varius turpis"
        text run at (0,418) width 331: "vitae pede. Lorem ipsum dolor sit amet, consectetuer"
        text run at (0,438) width 95: "adipiscing elit. "
        text run at (95,438) width 259: "Lorem ipsum dolor sit amet, consectetuer"
        text run at (0,458) width 313: "adipiscing elit. Nulla varius enim ac mi. Curabitur"
        text run at (0,478) width 352: "sollicitudin felis quis lectus. Quisque adipiscing rhoncus"
        text run at (0,498) width 353: "sem. Proin nulla purus, vulputate vel, varius ut, euismod"
        text run at (0,518) width 326: "et, nisi. Sed vitae felis vel orci sagittis aliquam. Cras"
        text run at (0,538) width 350: "convallis adipiscing sem. Nam nonummy enim. Nullam"
        text run at (0,558) width 349: "bibendum lobortis neque. Vestibulum velit orci, tempus"
        text run at (0,578) width 343: "euismod, pretium quis, interdum vitae, nulla. Phasellus"
        text run at (0,598) width 357: "eget ante et tortor condimentum vestibulum. Suspendisse"
        text run at (0,618) width 336: "hendrerit quam nec felis. Sed varius turpis vitae pede."
        text run at (0,638) width 354: "Lorem ipsum dolor sit amet, consectetuer adipiscing elit."
        text run at (0,658) width 354: "Lorem ipsum dolor sit amet, consectetuer adipiscing elit."
        text run at (0,678) width 154: "Nulla varius enim ac mi."
layer at (8,473) size 760x383
  RenderBlock {DIV} at (0,465) size 760x383 [border: (5px solid #800000)]
    RenderBlock (anonymous multi-column span) at (5,345) size 750x0
layer at (13,478) size 750x340
  RenderBlock (anonymous multi-column) at (5,5) size 750x340
    RenderText {#text} at (0,0) size 363x679
      text run at (0,0) width 354: "Lorem ipsum dolor sit amet, consectetuer adipiscing elit."
      text run at (0,20) width 351: "Nulla varius enim ac mi. Curabitur sollicitudin felis quis"
      text run at (0,40) width 325: "lectus. Quisque adipiscing rhoncus sem. Proin nulla"
      text run at (0,60) width 358: "purus, vulputate vel, varius ut, euismod et, nisi. Sed vitae"
      text run at (0,80) width 343: "felis vel orci sagittis aliquam. Cras convallis adipiscing"
      text run at (0,100) width 340: "sem. Nam nonummy enim. Nullam bibendum lobortis"
      text run at (0,120) width 344: "neque. Vestibulum velit orci, tempus euismod, pretium"
      text run at (0,140) width 343: "quis, interdum vitae, nulla. Phasellus eget ante et tortor"
      text run at (0,160) width 343: "condimentum vestibulum. Suspendisse hendrerit quam"
      text run at (0,180) width 362: "nec felis. Sed varius turpis vitae pede. Lorem ipsum dolor"
      text run at (0,200) width 233: "sit amet, consectetuer adipiscing elit. "
      text run at (233,200) width 121: "Lorem ipsum dolor"
      text run at (0,220) width 363: "sit amet, consectetuer adipiscing elit. Nulla varius enim ac"
      text run at (0,240) width 318: "mi. Curabitur sollicitudin felis quis lectus. Quisque"
      text run at (0,260) width 356: "adipiscing rhoncus sem. Proin nulla purus, vulputate vel,"
      text run at (0,280) width 354: "varius ut, euismod et, nisi. Sed vitae felis vel orci sagittis"
      text run at (0,300) width 351: "aliquam. Cras convallis adipiscing sem. Nam nonummy"
      text run at (0,320) width 358: "enim. Nullam bibendum lobortis neque. Vestibulum velit"
      text run at (0,340) width 361: "orci, tempus euismod, pretium quis, interdum vitae, nulla."
      text run at (0,360) width 339: "Phasellus eget ante et tortor condimentum vestibulum."
      text run at (0,380) width 345: "Suspendisse hendrerit quam nec felis. Sed varius turpis"
      text run at (0,400) width 331: "vitae pede. Lorem ipsum dolor sit amet, consectetuer"
      text run at (0,420) width 95: "adipiscing elit. "
      text run at (95,420) width 259: "Lorem ipsum dolor sit amet, consectetuer"
      text run at (0,440) width 313: "adipiscing elit. Nulla varius enim ac mi. Curabitur"
      text run at (0,460) width 352: "sollicitudin felis quis lectus. Quisque adipiscing rhoncus"
      text run at (0,480) width 353: "sem. Proin nulla purus, vulputate vel, varius ut, euismod"
      text run at (0,500) width 326: "et, nisi. Sed vitae felis vel orci sagittis aliquam. Cras"
      text run at (0,520) width 350: "convallis adipiscing sem. Nam nonummy enim. Nullam"
      text run at (0,540) width 349: "bibendum lobortis neque. Vestibulum velit orci, tempus"
      text run at (0,560) width 343: "euismod, pretium quis, interdum vitae, nulla. Phasellus"
      text run at (0,580) width 357: "eget ante et tortor condimentum vestibulum. Suspendisse"
      text run at (0,600) width 336: "hendrerit quam nec felis. Sed varius turpis vitae pede."
      text run at (0,620) width 354: "Lorem ipsum dolor sit amet, consectetuer adipiscing elit."
      text run at (0,640) width 354: "Lorem ipsum dolor sit amet, consectetuer adipiscing elit."
      text run at (0,660) width 154: "Nulla varius enim ac mi."
layer at (13,818) size 750x33
  RenderBlock (anonymous multi-column) at (5,345) size 750x33
    RenderBlock {H2} at (0,19) size 367x27 [bgcolor=#EEEEEE]
      RenderText {#text} at (0,0) size 276x26
        text run at (0,0) width 276: "This is a spanning element."
layer at (8,872) size 760x434
  RenderBlock {DIV} at (0,864) size 760x434 [border: (5px solid #800000)]
    RenderBlock (anonymous multi-column span) at (5,160) size 750x0
layer at (13,877) size 750x155
  RenderBlock (anonymous multi-column) at (5,5) size 750x155
    RenderBlock {P} at (0,16) size 367x260
      RenderText {#text} at (0,0) size 363x259
        text run at (0,0) width 354: "Lorem ipsum dolor sit amet, consectetuer adipiscing elit."
        text run at (0,20) width 351: "Nulla varius enim ac mi. Curabitur sollicitudin felis quis"
        text run at (0,40) width 325: "lectus. Quisque adipiscing rhoncus sem. Proin nulla"
        text run at (0,60) width 358: "purus, vulputate vel, varius ut, euismod et, nisi. Sed vitae"
        text run at (0,80) width 343: "felis vel orci sagittis aliquam. Cras convallis adipiscing"
        text run at (0,100) width 340: "sem. Nam nonummy enim. Nullam bibendum lobortis"
        text run at (0,120) width 344: "neque. Vestibulum velit orci, tempus euismod, pretium"
        text run at (0,140) width 343: "quis, interdum vitae, nulla. Phasellus eget ante et tortor"
        text run at (0,160) width 343: "condimentum vestibulum. Suspendisse hendrerit quam"
        text run at (0,180) width 362: "nec felis. Sed varius turpis vitae pede. Lorem ipsum dolor"
        text run at (0,200) width 233: "sit amet, consectetuer adipiscing elit. "
        text run at (233,200) width 121: "Lorem ipsum dolor"
        text run at (0,220) width 363: "sit amet, consectetuer adipiscing elit. Nulla varius enim ac"
        text run at (0,240) width 20: "mi."
layer at (13,1032) size 750x269
  RenderBlock (anonymous multi-column) at (5,160) size 750x269
    RenderBlock {H2} at (0,19) size 367x27 [bgcolor=#EEEEEE]
      RenderText {#text} at (0,0) size 276x26
        text run at (0,0) width 276: "This is a spanning element."
    RenderBlock {P} at (0,65) size 367x444
      RenderText {#text} at (0,0) size 363x443
        text run at (0,0) width 354: "Lorem ipsum dolor sit amet, consectetuer adipiscing elit."
        text run at (0,20) width 351: "Nulla varius enim ac mi. Curabitur sollicitudin felis quis"
        text run at (0,40) width 325: "lectus. Quisque adipiscing rhoncus sem. Proin nulla"
        text run at (0,60) width 358: "purus, vulputate vel, varius ut, euismod et, nisi. Sed vitae"
        text run at (0,80) width 343: "felis vel orci sagittis aliquam. Cras convallis adipiscing"
        text run at (0,100) width 340: "sem. Nam nonummy enim. Nullam bibendum lobortis"
        text run at (0,120) width 344: "neque. Vestibulum velit orci, tempus euismod, pretium"
        text run at (0,140) width 343: "quis, interdum vitae, nulla. Phasellus eget ante et tortor"
        text run at (0,160) width 343: "condimentum vestibulum. Suspendisse hendrerit quam"
        text run at (0,180) width 362: "nec felis. Sed varius turpis vitae pede. Lorem ipsum dolor"
        text run at (0,204) width 233: "sit amet, consectetuer adipiscing elit. "
        text run at (233,204) width 121: "Lorem ipsum dolor"
        text run at (0,224) width 363: "sit amet, consectetuer adipiscing elit. Nulla varius enim ac"
        text run at (0,244) width 318: "mi. Curabitur sollicitudin felis quis lectus. Quisque"
        text run at (0,264) width 356: "adipiscing rhoncus sem. Proin nulla purus, vulputate vel,"
        text run at (0,284) width 354: "varius ut, euismod et, nisi. Sed vitae felis vel orci sagittis"
        text run at (0,304) width 351: "aliquam. Cras convallis adipiscing sem. Nam nonummy"
        text run at (0,324) width 358: "enim. Nullam bibendum lobortis neque. Vestibulum velit"
        text run at (0,344) width 361: "orci, tempus euismod, pretium quis, interdum vitae, nulla."
        text run at (0,364) width 339: "Phasellus eget ante et tortor condimentum vestibulum."
        text run at (0,384) width 345: "Suspendisse hendrerit quam nec felis. Sed varius turpis"
        text run at (0,404) width 331: "vitae pede. Lorem ipsum dolor sit amet, consectetuer"
        text run at (0,424) width 91: "adipiscing elit."
layer at (8,1322) size 760x422
  RenderBlock {DIV} at (0,1314) size 760x422 [border: (5px solid #800000)]
    RenderBlock (anonymous multi-column span) at (5,145) size 750x0
layer at (13,1327) size 750x140
  RenderBlock (anonymous multi-column) at (5,5) size 750x140
    RenderBlock (anonymous) at (0,0) size 367x260
      RenderText {#text} at (0,0) size 363x259
        text run at (0,0) width 354: "Lorem ipsum dolor sit amet, consectetuer adipiscing elit."
        text run at (0,20) width 351: "Nulla varius enim ac mi. Curabitur sollicitudin felis quis"
        text run at (0,40) width 325: "lectus. Quisque adipiscing rhoncus sem. Proin nulla"
        text run at (0,60) width 358: "purus, vulputate vel, varius ut, euismod et, nisi. Sed vitae"
        text run at (0,80) width 343: "felis vel orci sagittis aliquam. Cras convallis adipiscing"
        text run at (0,100) width 340: "sem. Nam nonummy enim. Nullam bibendum lobortis"
        text run at (0,120) width 344: "neque. Vestibulum velit orci, tempus euismod, pretium"
        text run at (0,140) width 343: "quis, interdum vitae, nulla. Phasellus eget ante et tortor"
        text run at (0,160) width 343: "condimentum vestibulum. Suspendisse hendrerit quam"
        text run at (0,180) width 362: "nec felis. Sed varius turpis vitae pede. Lorem ipsum dolor"
        text run at (0,200) width 233: "sit amet, consectetuer adipiscing elit. "
        text run at (233,200) width 121: "Lorem ipsum dolor"
        text run at (0,220) width 363: "sit amet, consectetuer adipiscing elit. Nulla varius enim ac"
        text run at (0,240) width 20: "mi."
layer at (13,1467) size 750x272
  RenderBlock (anonymous multi-column) at (5,145) size 750x272
    RenderBlock {H2} at (0,19) size 367x27 [bgcolor=#EEEEEE]
      RenderText {#text} at (0,0) size 276x26
        text run at (0,0) width 276: "This is a spanning element."
    RenderBlock (anonymous) at (0,65) size 367x227
      RenderInline {SPAN} at (0,0) size 42x19
        RenderText {#text} at (0,0) size 42x19
          text run at (0,0) width 42: "Lorem"
      RenderText {#text} at (42,0) size 362x226
        text run at (42,0) width 312: " ipsum dolor sit amet, consectetuer adipiscing elit."
        text run at (0,20) width 351: "Nulla varius enim ac mi. Curabitur sollicitudin felis quis"
        text run at (0,40) width 325: "lectus. Quisque adipiscing rhoncus sem. Proin nulla"
        text run at (0,60) width 358: "purus, vulputate vel, varius ut, euismod et, nisi. Sed vitae"
        text run at (0,80) width 343: "felis vel orci sagittis aliquam. Cras convallis adipiscing"
        text run at (0,100) width 340: "sem. Nam nonummy enim. Nullam bibendum lobortis"
        text run at (0,120) width 344: "neque. Vestibulum velit orci, tempus euismod, pretium"
        text run at (0,140) width 343: "quis, interdum vitae, nulla. Phasellus eget ante et tortor"
        text run at (0,160) width 343: "condimentum vestibulum. Suspendisse hendrerit quam"
        text run at (0,180) width 362: "nec felis. Sed varius turpis vitae pede. Lorem ipsum dolor"
        text run at (0,207) width 229: "sit amet, consectetuer adipiscing elit."
    RenderBlock {P} at (0,308) size 367x220
      RenderText {#text} at (0,0) size 362x219
        text run at (0,0) width 354: "Lorem ipsum dolor sit amet, consectetuer adipiscing elit."
        text run at (0,20) width 351: "Nulla varius enim ac mi. Curabitur sollicitudin felis quis"
        text run at (0,40) width 325: "lectus. Quisque adipiscing rhoncus sem. Proin nulla"
        text run at (0,60) width 358: "purus, vulputate vel, varius ut, euismod et, nisi. Sed vitae"
        text run at (0,80) width 343: "felis vel orci sagittis aliquam. Cras convallis adipiscing"
        text run at (0,100) width 340: "sem. Nam nonummy enim. Nullam bibendum lobortis"
        text run at (0,120) width 344: "neque. Vestibulum velit orci, tempus euismod, pretium"
        text run at (0,140) width 343: "quis, interdum vitae, nulla. Phasellus eget ante et tortor"
        text run at (0,160) width 343: "condimentum vestibulum. Suspendisse hendrerit quam"
        text run at (0,180) width 362: "nec felis. Sed varius turpis vitae pede. Lorem ipsum dolor"
        text run at (0,200) width 229: "sit amet, consectetuer adipiscing elit."
layer at (8,1760) size 760x406
  RenderBlock {DIV} at (0,1752) size 760x406 [border: (5px solid #800000)]
    RenderBlock (anonymous multi-column span) at (5,245) size 750x0
layer at (13,1765) size 750x240
  RenderBlock (anonymous multi-column) at (5,5) size 750x240
    RenderBlock (anonymous) at (0,0) size 367x220
      RenderInline {SPAN} at (0,0) size 362x219
        RenderText {#text} at (0,0) size 362x219
          text run at (0,0) width 354: "Lorem ipsum dolor sit amet, consectetuer adipiscing elit."
          text run at (0,20) width 351: "Nulla varius enim ac mi. Curabitur sollicitudin felis quis"
          text run at (0,40) width 325: "lectus. Quisque adipiscing rhoncus sem. Proin nulla"
          text run at (0,60) width 358: "purus, vulputate vel, varius ut, euismod et, nisi. Sed vitae"
          text run at (0,80) width 343: "felis vel orci sagittis aliquam. Cras convallis adipiscing"
          text run at (0,100) width 340: "sem. Nam nonummy enim. Nullam bibendum lobortis"
          text run at (0,120) width 344: "neque. Vestibulum velit orci, tempus euismod, pretium"
          text run at (0,140) width 343: "quis, interdum vitae, nulla. Phasellus eget ante et tortor"
          text run at (0,160) width 343: "condimentum vestibulum. Suspendisse hendrerit quam"
          text run at (0,180) width 362: "nec felis. Sed varius turpis vitae pede. Lorem ipsum dolor"
          text run at (0,200) width 229: "sit amet, consectetuer adipiscing elit."
    RenderBlock (anonymous) at (0,220) size 367x40
      RenderBlock {SPAN} at (0,0) size 367x40
        RenderText {#text} at (0,0) size 354x39
          text run at (0,0) width 354: "Lorem ipsum dolor sit amet, consectetuer adipiscing elit."
          text run at (0,20) width 154: "Nulla varius enim ac mi."
    RenderBlock (anonymous) at (0,260) size 367x220
      RenderInline {SPAN} at (0,0) size 42x19
        RenderText {#text} at (0,0) size 42x19
          text run at (0,0) width 42: "Lorem"
      RenderText {#text} at (42,0) size 362x219
        text run at (42,0) width 312: " ipsum dolor sit amet, consectetuer adipiscing elit."
        text run at (0,20) width 351: "Nulla varius enim ac mi. Curabitur sollicitudin felis quis"
        text run at (0,40) width 325: "lectus. Quisque adipiscing rhoncus sem. Proin nulla"
        text run at (0,60) width 358: "purus, vulputate vel, varius ut, euismod et, nisi. Sed vitae"
        text run at (0,80) width 343: "felis vel orci sagittis aliquam. Cras convallis adipiscing"
        text run at (0,100) width 340: "sem. Nam nonummy enim. Nullam bibendum lobortis"
        text run at (0,120) width 344: "neque. Vestibulum velit orci, tempus euismod, pretium"
        text run at (0,140) width 343: "quis, interdum vitae, nulla. Phasellus eget ante et tortor"
        text run at (0,160) width 343: "condimentum vestibulum. Suspendisse hendrerit quam"
        text run at (0,180) width 362: "nec felis. Sed varius turpis vitae pede. Lorem ipsum dolor"
        text run at (0,200) width 229: "sit amet, consectetuer adipiscing elit."
layer at (13,2005) size 750x156
  RenderBlock (anonymous multi-column) at (5,245) size 750x156
    RenderBlock {H2} at (0,19) size 367x27 [bgcolor=#EEEEEE]
      RenderText {#text} at (0,0) size 276x26
        text run at (0,0) width 276: "This is a spanning element."
    RenderBlock {P} at (0,65) size 367x231
      RenderText {#text} at (0,0) size 362x230
        text run at (0,0) width 354: "Lorem ipsum dolor sit amet, consectetuer adipiscing elit."
        text run at (0,20) width 351: "Nulla varius enim ac mi. Curabitur sollicitudin felis quis"
        text run at (0,40) width 325: "lectus. Quisque adipiscing rhoncus sem. Proin nulla"
        text run at (0,60) width 358: "purus, vulputate vel, varius ut, euismod et, nisi. Sed vitae"
        text run at (0,91) width 343: "felis vel orci sagittis aliquam. Cras convallis adipiscing"
        text run at (0,111) width 340: "sem. Nam nonummy enim. Nullam bibendum lobortis"
        text run at (0,131) width 344: "neque. Vestibulum velit orci, tempus euismod, pretium"
        text run at (0,151) width 343: "quis, interdum vitae, nulla. Phasellus eget ante et tortor"
        text run at (0,171) width 343: "condimentum vestibulum. Suspendisse hendrerit quam"
        text run at (0,191) width 362: "nec felis. Sed varius turpis vitae pede. Lorem ipsum dolor"
        text run at (0,211) width 229: "sit amet, consectetuer adipiscing elit."
layer at (8,2182) size 760x445
  RenderBlock {DIV} at (0,2174) size 760x445 [border: (5px solid #800000)]
    RenderBlock (anonymous multi-column span) at (5,277) size 750x0
layer at (13,2187) size 750x272
  RenderBlock (anonymous multi-column) at (5,5) size 750x272
    RenderBlock {P} at (0,16) size 367x220
      RenderText {#text} at (0,0) size 362x219
        text run at (0,0) width 354: "Lorem ipsum dolor sit amet, consectetuer adipiscing elit."
        text run at (0,20) width 351: "Nulla varius enim ac mi. Curabitur sollicitudin felis quis"
        text run at (0,40) width 325: "lectus. Quisque adipiscing rhoncus sem. Proin nulla"
        text run at (0,60) width 358: "purus, vulputate vel, varius ut, euismod et, nisi. Sed vitae"
        text run at (0,80) width 343: "felis vel orci sagittis aliquam. Cras convallis adipiscing"
        text run at (0,100) width 340: "sem. Nam nonummy enim. Nullam bibendum lobortis"
        text run at (0,120) width 344: "neque. Vestibulum velit orci, tempus euismod, pretium"
        text run at (0,140) width 343: "quis, interdum vitae, nulla. Phasellus eget ante et tortor"
        text run at (0,160) width 343: "condimentum vestibulum. Suspendisse hendrerit quam"
        text run at (0,180) width 362: "nec felis. Sed varius turpis vitae pede. Lorem ipsum dolor"
        text run at (0,200) width 229: "sit amet, consectetuer adipiscing elit."
    RenderBlock {P} at (0,252) size 367x40
      RenderText {#text} at (0,0) size 354x39
        text run at (0,0) width 354: "Lorem ipsum dolor sit amet, consectetuer adipiscing elit."
        text run at (0,20) width 154: "Nulla varius enim ac mi."
    RenderBlock {P} at (0,308) size 367x220
      RenderText {#text} at (0,0) size 362x219
        text run at (0,0) width 354: "Lorem ipsum dolor sit amet, consectetuer adipiscing elit."
        text run at (0,20) width 351: "Nulla varius enim ac mi. Curabitur sollicitudin felis quis"
        text run at (0,40) width 325: "lectus. Quisque adipiscing rhoncus sem. Proin nulla"
        text run at (0,60) width 358: "purus, vulputate vel, varius ut, euismod et, nisi. Sed vitae"
        text run at (0,80) width 343: "felis vel orci sagittis aliquam. Cras convallis adipiscing"
        text run at (0,100) width 340: "sem. Nam nonummy enim. Nullam bibendum lobortis"
        text run at (0,120) width 344: "neque. Vestibulum velit orci, tempus euismod, pretium"
        text run at (0,140) width 343: "quis, interdum vitae, nulla. Phasellus eget ante et tortor"
        text run at (0,160) width 343: "condimentum vestibulum. Suspendisse hendrerit quam"
        text run at (0,180) width 362: "nec felis. Sed varius turpis vitae pede. Lorem ipsum dolor"
        text run at (0,200) width 229: "sit amet, consectetuer adipiscing elit."
layer at (13,2459) size 750x163
  RenderBlock (anonymous multi-column) at (5,277) size 750x163
    RenderBlock {H2} at (0,19) size 367x27 [bgcolor=#EEEEEE]
      RenderText {#text} at (0,0) size 276x26
        text run at (0,0) width 276: "This is a spanning element."
    RenderBlock (anonymous) at (0,65) size 367x20
      RenderInline {SPAN} at (0,0) size 354x19
        RenderText {#text} at (0,0) size 354x19
          text run at (0,0) width 354: "Lorem ipsum dolor sit amet, consectetuer adipiscing elit."
    RenderBlock (anonymous) at (0,85) size 367x20
      RenderBlock {SPAN} at (0,0) size 367x20
        RenderText {#text} at (0,0) size 154x19
          text run at (0,0) width 154: "Nulla varius enim ac mi."
    RenderBlock (anonymous) at (0,105) size 367x218
      RenderInline {SPAN} at (0,0) size 362x217
        RenderText {#text} at (0,0) size 362x217
          text run at (0,0) width 362: "Curabitur sollicitudin felis quis lectus. Quisque adipiscing"
          text run at (0,20) width 350: "rhoncus sem. Proin nulla purus, vulputate vel, varius ut,"
          text run at (0,58) width 350: "euismod et, nisi. Sed vitae felis vel orci sagittis aliquam."
          text run at (0,78) width 332: "Cras convallis adipiscing sem. Nam nonummy enim."
          text run at (0,98) width 351: "Nullam bibendum lobortis neque. Vestibulum velit orci,"
          text run at (0,118) width 329: "tempus euismod, pretium quis, interdum vitae, nulla."
          text run at (0,138) width 339: "Phasellus eget ante et tortor condimentum vestibulum."
          text run at (0,158) width 345: "Suspendisse hendrerit quam nec felis. Sed varius turpis"
          text run at (0,178) width 331: "vitae pede. Lorem ipsum dolor sit amet, consectetuer"
          text run at (0,198) width 91: "adipiscing elit."
      RenderText {#text} at (0,0) size 0x0
