layer at (0,0) size 800x2386
  RenderView at (0,0) size 800x600
layer at (0,0) size 800x2386
  RenderBlock {HTML} at (0,0) size 800x2386
    RenderBody {BODY} at (8,16) size 784x2354
layer at (8,16) size 760x350
  RenderBlock {DIV} at (0,0) size 760x350 [border: (5px solid #800000)]
    RenderBlock (anonymous multi-column span) at (5,5) size 750x0
layer at (13,21) size 750x340
  RenderBlock (anonymous multi-column) at (5,5) size 750x340
    RenderText {#text} at (0,0) size 363x679
      text run at (0,0) width 354: "Lorem ipsum dolor sit amet, consectetuer adipiscing elit."
      text run at (0,20) width 351: "Nulla varius enim ac mi. Curabitur sollicitudin felis quis"
      text run at (0,40) width 325: "lectus. Quisque adipiscing rhoncus sem. Proin nulla"
      text run at (0,60) width 358: "purus, vulputate vel, varius ut, euismod et, nisi. Sed vitae"
      text run at (0,80) width 343: "felis vel orci sagittis aliquam. Cras convallis adipiscing"
      text run at (0,100) width 340: "sem. Nam nonummy enim. Nullam bibendum lobortis"
      text run at (0,120) width 344: "neque. Vestibulum velit orci, tempus euismod, pretium"
      text run at (0,140) width 343: "quis, interdum vitae, nulla. Phasellus eget ante et tortor"
      text run at (0,160) width 343: "condimentum vestibulum. Suspendisse hendrerit quam"
      text run at (0,180) width 362: "nec felis. Sed varius turpis vitae pede. Lorem ipsum dolor"
      text run at (0,200) width 233: "sit amet, consectetuer adipiscing elit. "
      text run at (233,200) width 121: "Lorem ipsum dolor"
      text run at (0,220) width 363: "sit amet, consectetuer adipiscing elit. Nulla varius enim ac"
      text run at (0,240) width 318: "mi. Curabitur sollicitudin felis quis lectus. Quisque"
      text run at (0,260) width 356: "adipiscing rhoncus sem. Proin nulla purus, vulputate vel,"
      text run at (0,280) width 354: "varius ut, euismod et, nisi. Sed vitae felis vel orci sagittis"
      text run at (0,300) width 351: "aliquam. Cras convallis adipiscing sem. Nam nonummy"
      text run at (0,320) width 358: "enim. Nullam bibendum lobortis neque. Vestibulum velit"
      text run at (0,340) width 361: "orci, tempus euismod, pretium quis, interdum vitae, nulla."
      text run at (0,360) width 339: "Phasellus eget ante et tortor condimentum vestibulum."
      text run at (0,380) width 345: "Suspendisse hendrerit quam nec felis. Sed varius turpis"
      text run at (0,400) width 331: "vitae pede. Lorem ipsum dolor sit amet, consectetuer"
      text run at (0,420) width 95: "adipiscing elit. "
      text run at (95,420) width 259: "Lorem ipsum dolor sit amet, consectetuer"
      text run at (0,440) width 313: "adipiscing elit. Nulla varius enim ac mi. Curabitur"
      text run at (0,460) width 352: "sollicitudin felis quis lectus. Quisque adipiscing rhoncus"
      text run at (0,480) width 353: "sem. Proin nulla purus, vulputate vel, varius ut, euismod"
      text run at (0,500) width 326: "et, nisi. Sed vitae felis vel orci sagittis aliquam. Cras"
      text run at (0,520) width 350: "convallis adipiscing sem. Nam nonummy enim. Nullam"
      text run at (0,540) width 349: "bibendum lobortis neque. Vestibulum velit orci, tempus"
      text run at (0,560) width 343: "euismod, pretium quis, interdum vitae, nulla. Phasellus"
      text run at (0,580) width 357: "eget ante et tortor condimentum vestibulum. Suspendisse"
      text run at (0,600) width 336: "hendrerit quam nec felis. Sed varius turpis vitae pede."
      text run at (0,620) width 354: "Lorem ipsum dolor sit amet, consectetuer adipiscing elit."
      text run at (0,640) width 354: "Lorem ipsum dolor sit amet, consectetuer adipiscing elit."
      text run at (0,660) width 154: "Nulla varius enim ac mi."
layer at (8,382) size 760x350
  RenderBlock {DIV} at (0,366) size 760x350 [border: (5px solid #800000)]
    RenderBlock (anonymous multi-column span) at (5,345) size 750x0
layer at (13,387) size 750x340
  RenderBlock (anonymous multi-column) at (5,5) size 750x340
    RenderText {#text} at (0,0) size 363x679
      text run at (0,0) width 354: "Lorem ipsum dolor sit amet, consectetuer adipiscing elit."
      text run at (0,20) width 351: "Nulla varius enim ac mi. Curabitur sollicitudin felis quis"
      text run at (0,40) width 325: "lectus. Quisque adipiscing rhoncus sem. Proin nulla"
      text run at (0,60) width 358: "purus, vulputate vel, varius ut, euismod et, nisi. Sed vitae"
      text run at (0,80) width 343: "felis vel orci sagittis aliquam. Cras convallis adipiscing"
      text run at (0,100) width 340: "sem. Nam nonummy enim. Nullam bibendum lobortis"
      text run at (0,120) width 344: "neque. Vestibulum velit orci, tempus euismod, pretium"
      text run at (0,140) width 343: "quis, interdum vitae, nulla. Phasellus eget ante et tortor"
      text run at (0,160) width 343: "condimentum vestibulum. Suspendisse hendrerit quam"
      text run at (0,180) width 362: "nec felis. Sed varius turpis vitae pede. Lorem ipsum dolor"
      text run at (0,200) width 233: "sit amet, consectetuer adipiscing elit. "
      text run at (233,200) width 121: "Lorem ipsum dolor"
      text run at (0,220) width 363: "sit amet, consectetuer adipiscing elit. Nulla varius enim ac"
      text run at (0,240) width 318: "mi. Curabitur sollicitudin felis quis lectus. Quisque"
      text run at (0,260) width 356: "adipiscing rhoncus sem. Proin nulla purus, vulputate vel,"
      text run at (0,280) width 354: "varius ut, euismod et, nisi. Sed vitae felis vel orci sagittis"
      text run at (0,300) width 351: "aliquam. Cras convallis adipiscing sem. Nam nonummy"
      text run at (0,320) width 358: "enim. Nullam bibendum lobortis neque. Vestibulum velit"
      text run at (0,340) width 361: "orci, tempus euismod, pretium quis, interdum vitae, nulla."
      text run at (0,360) width 339: "Phasellus eget ante et tortor condimentum vestibulum."
      text run at (0,380) width 345: "Suspendisse hendrerit quam nec felis. Sed varius turpis"
      text run at (0,400) width 331: "vitae pede. Lorem ipsum dolor sit amet, consectetuer"
      text run at (0,420) width 95: "adipiscing elit. "
      text run at (95,420) width 259: "Lorem ipsum dolor sit amet, consectetuer"
      text run at (0,440) width 313: "adipiscing elit. Nulla varius enim ac mi. Curabitur"
      text run at (0,460) width 352: "sollicitudin felis quis lectus. Quisque adipiscing rhoncus"
      text run at (0,480) width 353: "sem. Proin nulla purus, vulputate vel, varius ut, euismod"
      text run at (0,500) width 326: "et, nisi. Sed vitae felis vel orci sagittis aliquam. Cras"
      text run at (0,520) width 350: "convallis adipiscing sem. Nam nonummy enim. Nullam"
      text run at (0,540) width 349: "bibendum lobortis neque. Vestibulum velit orci, tempus"
      text run at (0,560) width 343: "euismod, pretium quis, interdum vitae, nulla. Phasellus"
      text run at (0,580) width 357: "eget ante et tortor condimentum vestibulum. Suspendisse"
      text run at (0,600) width 336: "hendrerit quam nec felis. Sed varius turpis vitae pede."
      text run at (0,620) width 354: "Lorem ipsum dolor sit amet, consectetuer adipiscing elit."
      text run at (0,640) width 354: "Lorem ipsum dolor sit amet, consectetuer adipiscing elit."
      text run at (0,660) width 154: "Nulla varius enim ac mi."
layer at (8,748) size 760x401
  RenderBlock {DIV} at (0,732) size 760x401 [border: (5px solid #800000)]
    RenderBlock (anonymous multi-column span) at (5,160) size 750x0
layer at (13,753) size 750x155
  RenderBlock (anonymous multi-column) at (5,5) size 750x155
    RenderBlock {P} at (0,16) size 367x260
      RenderText {#text} at (0,0) size 363x259
        text run at (0,0) width 354: "Lorem ipsum dolor sit amet, consectetuer adipiscing elit."
        text run at (0,20) width 351: "Nulla varius enim ac mi. Curabitur sollicitudin felis quis"
        text run at (0,40) width 325: "lectus. Quisque adipiscing rhoncus sem. Proin nulla"
        text run at (0,60) width 358: "purus, vulputate vel, varius ut, euismod et, nisi. Sed vitae"
        text run at (0,80) width 343: "felis vel orci sagittis aliquam. Cras convallis adipiscing"
        text run at (0,100) width 340: "sem. Nam nonummy enim. Nullam bibendum lobortis"
        text run at (0,120) width 344: "neque. Vestibulum velit orci, tempus euismod, pretium"
        text run at (0,140) width 343: "quis, interdum vitae, nulla. Phasellus eget ante et tortor"
        text run at (0,160) width 343: "condimentum vestibulum. Suspendisse hendrerit quam"
        text run at (0,180) width 362: "nec felis. Sed varius turpis vitae pede. Lorem ipsum dolor"
        text run at (0,200) width 233: "sit amet, consectetuer adipiscing elit. "
        text run at (233,200) width 121: "Lorem ipsum dolor"
        text run at (0,220) width 363: "sit amet, consectetuer adipiscing elit. Nulla varius enim ac"
        text run at (0,240) width 20: "mi."
layer at (13,908) size 750x236
  RenderBlock (anonymous multi-column) at (5,160) size 750x236
    RenderBlock {P} at (0,16) size 367x440
      RenderText {#text} at (0,0) size 363x439
        text run at (0,0) width 354: "Lorem ipsum dolor sit amet, consectetuer adipiscing elit."
        text run at (0,20) width 351: "Nulla varius enim ac mi. Curabitur sollicitudin felis quis"
        text run at (0,40) width 325: "lectus. Quisque adipiscing rhoncus sem. Proin nulla"
        text run at (0,60) width 358: "purus, vulputate vel, varius ut, euismod et, nisi. Sed vitae"
        text run at (0,80) width 343: "felis vel orci sagittis aliquam. Cras convallis adipiscing"
        text run at (0,100) width 340: "sem. Nam nonummy enim. Nullam bibendum lobortis"
        text run at (0,120) width 344: "neque. Vestibulum velit orci, tempus euismod, pretium"
        text run at (0,140) width 343: "quis, interdum vitae, nulla. Phasellus eget ante et tortor"
        text run at (0,160) width 343: "condimentum vestibulum. Suspendisse hendrerit quam"
        text run at (0,180) width 362: "nec felis. Sed varius turpis vitae pede. Lorem ipsum dolor"
        text run at (0,200) width 233: "sit amet, consectetuer adipiscing elit. "
        text run at (233,200) width 121: "Lorem ipsum dolor"
        text run at (0,220) width 363: "sit amet, consectetuer adipiscing elit. Nulla varius enim ac"
        text run at (0,240) width 318: "mi. Curabitur sollicitudin felis quis lectus. Quisque"
        text run at (0,260) width 356: "adipiscing rhoncus sem. Proin nulla purus, vulputate vel,"
        text run at (0,280) width 354: "varius ut, euismod et, nisi. Sed vitae felis vel orci sagittis"
        text run at (0,300) width 351: "aliquam. Cras convallis adipiscing sem. Nam nonummy"
        text run at (0,320) width 358: "enim. Nullam bibendum lobortis neque. Vestibulum velit"
        text run at (0,340) width 361: "orci, tempus euismod, pretium quis, interdum vitae, nulla."
        text run at (0,360) width 339: "Phasellus eget ante et tortor condimentum vestibulum."
        text run at (0,380) width 345: "Suspendisse hendrerit quam nec felis. Sed varius turpis"
        text run at (0,400) width 331: "vitae pede. Lorem ipsum dolor sit amet, consectetuer"
        text run at (0,420) width 91: "adipiscing elit."
layer at (8,1165) size 760x386
  RenderBlock {DIV} at (0,1149) size 760x386 [border: (5px solid #800000)]
    RenderBlock (anonymous multi-column span) at (5,145) size 750x0
layer at (13,1170) size 750x140
  RenderBlock (anonymous multi-column) at (5,5) size 750x140
    RenderBlock (anonymous) at (0,0) size 367x260
      RenderText {#text} at (0,0) size 363x259
        text run at (0,0) width 354: "Lorem ipsum dolor sit amet, consectetuer adipiscing elit."
        text run at (0,20) width 351: "Nulla varius enim ac mi. Curabitur sollicitudin felis quis"
        text run at (0,40) width 325: "lectus. Quisque adipiscing rhoncus sem. Proin nulla"
        text run at (0,60) width 358: "purus, vulputate vel, varius ut, euismod et, nisi. Sed vitae"
        text run at (0,80) width 343: "felis vel orci sagittis aliquam. Cras convallis adipiscing"
        text run at (0,100) width 340: "sem. Nam nonummy enim. Nullam bibendum lobortis"
        text run at (0,120) width 344: "neque. Vestibulum velit orci, tempus euismod, pretium"
        text run at (0,140) width 343: "quis, interdum vitae, nulla. Phasellus eget ante et tortor"
        text run at (0,160) width 343: "condimentum vestibulum. Suspendisse hendrerit quam"
        text run at (0,180) width 362: "nec felis. Sed varius turpis vitae pede. Lorem ipsum dolor"
        text run at (0,200) width 233: "sit amet, consectetuer adipiscing elit. "
        text run at (233,200) width 121: "Lorem ipsum dolor"
        text run at (0,220) width 363: "sit amet, consectetuer adipiscing elit. Nulla varius enim ac"
        text run at (0,240) width 20: "mi."
layer at (13,1310) size 750x236
  RenderBlock (anonymous multi-column) at (5,145) size 750x236
    RenderBlock (anonymous) at (0,0) size 367x220
      RenderInline {SPAN} at (0,0) size 42x19
        RenderText {#text} at (0,0) size 42x19
          text run at (0,0) width 42: "Lorem"
      RenderText {#text} at (42,0) size 362x219
        text run at (42,0) width 312: " ipsum dolor sit amet, consectetuer adipiscing elit."
        text run at (0,20) width 351: "Nulla varius enim ac mi. Curabitur sollicitudin felis quis"
        text run at (0,40) width 325: "lectus. Quisque adipiscing rhoncus sem. Proin nulla"
        text run at (0,60) width 358: "purus, vulputate vel, varius ut, euismod et, nisi. Sed vitae"
        text run at (0,80) width 343: "felis vel orci sagittis aliquam. Cras convallis adipiscing"
        text run at (0,100) width 340: "sem. Nam nonummy enim. Nullam bibendum lobortis"
        text run at (0,120) width 344: "neque. Vestibulum velit orci, tempus euismod, pretium"
        text run at (0,140) width 343: "quis, interdum vitae, nulla. Phasellus eget ante et tortor"
        text run at (0,160) width 343: "condimentum vestibulum. Suspendisse hendrerit quam"
        text run at (0,180) width 362: "nec felis. Sed varius turpis vitae pede. Lorem ipsum dolor"
        text run at (0,200) width 229: "sit amet, consectetuer adipiscing elit."
    RenderBlock {P} at (0,236) size 367x220
      RenderText {#text} at (0,0) size 362x219
        text run at (0,0) width 354: "Lorem ipsum dolor sit amet, consectetuer adipiscing elit."
        text run at (0,20) width 351: "Nulla varius enim ac mi. Curabitur sollicitudin felis quis"
        text run at (0,40) width 325: "lectus. Quisque adipiscing rhoncus sem. Proin nulla"
        text run at (0,60) width 358: "purus, vulputate vel, varius ut, euismod et, nisi. Sed vitae"
        text run at (0,80) width 343: "felis vel orci sagittis aliquam. Cras convallis adipiscing"
        text run at (0,100) width 340: "sem. Nam nonummy enim. Nullam bibendum lobortis"
        text run at (0,120) width 344: "neque. Vestibulum velit orci, tempus euismod, pretium"
        text run at (0,140) width 343: "quis, interdum vitae, nulla. Phasellus eget ante et tortor"
        text run at (0,160) width 343: "condimentum vestibulum. Suspendisse hendrerit quam"
        text run at (0,180) width 362: "nec felis. Sed varius turpis vitae pede. Lorem ipsum dolor"
        text run at (0,200) width 229: "sit amet, consectetuer adipiscing elit."
layer at (8,1567) size 760x385
  RenderBlock {DIV} at (0,1551) size 760x385 [border: (5px solid #800000)]
    RenderBlock (anonymous multi-column span) at (5,245) size 750x0
layer at (13,1572) size 750x240
  RenderBlock (anonymous multi-column) at (5,5) size 750x240
    RenderBlock (anonymous) at (0,0) size 367x220
      RenderInline {SPAN} at (0,0) size 362x219
        RenderText {#text} at (0,0) size 362x219
          text run at (0,0) width 354: "Lorem ipsum dolor sit amet, consectetuer adipiscing elit."
          text run at (0,20) width 351: "Nulla varius enim ac mi. Curabitur sollicitudin felis quis"
          text run at (0,40) width 325: "lectus. Quisque adipiscing rhoncus sem. Proin nulla"
          text run at (0,60) width 358: "purus, vulputate vel, varius ut, euismod et, nisi. Sed vitae"
          text run at (0,80) width 343: "felis vel orci sagittis aliquam. Cras convallis adipiscing"
          text run at (0,100) width 340: "sem. Nam nonummy enim. Nullam bibendum lobortis"
          text run at (0,120) width 344: "neque. Vestibulum velit orci, tempus euismod, pretium"
          text run at (0,140) width 343: "quis, interdum vitae, nulla. Phasellus eget ante et tortor"
          text run at (0,160) width 343: "condimentum vestibulum. Suspendisse hendrerit quam"
          text run at (0,180) width 362: "nec felis. Sed varius turpis vitae pede. Lorem ipsum dolor"
          text run at (0,200) width 229: "sit amet, consectetuer adipiscing elit."
    RenderBlock (anonymous) at (0,220) size 367x40
      RenderBlock {SPAN} at (0,0) size 367x40
        RenderText {#text} at (0,0) size 354x39
          text run at (0,0) width 354: "Lorem ipsum dolor sit amet, consectetuer adipiscing elit."
          text run at (0,20) width 154: "Nulla varius enim ac mi."
    RenderBlock (anonymous) at (0,260) size 367x220
      RenderInline {SPAN} at (0,0) size 42x19
        RenderText {#text} at (0,0) size 42x19
          text run at (0,0) width 42: "Lorem"
      RenderText {#text} at (42,0) size 362x219
        text run at (42,0) width 312: " ipsum dolor sit amet, consectetuer adipiscing elit."
        text run at (0,20) width 351: "Nulla varius enim ac mi. Curabitur sollicitudin felis quis"
        text run at (0,40) width 325: "lectus. Quisque adipiscing rhoncus sem. Proin nulla"
        text run at (0,60) width 358: "purus, vulputate vel, varius ut, euismod et, nisi. Sed vitae"
        text run at (0,80) width 343: "felis vel orci sagittis aliquam. Cras convallis adipiscing"
        text run at (0,100) width 340: "sem. Nam nonummy enim. Nullam bibendum lobortis"
        text run at (0,120) width 344: "neque. Vestibulum velit orci, tempus euismod, pretium"
        text run at (0,140) width 343: "quis, interdum vitae, nulla. Phasellus eget ante et tortor"
        text run at (0,160) width 343: "condimentum vestibulum. Suspendisse hendrerit quam"
        text run at (0,180) width 362: "nec felis. Sed varius turpis vitae pede. Lorem ipsum dolor"
        text run at (0,200) width 229: "sit amet, consectetuer adipiscing elit."
layer at (13,1812) size 750x135
  RenderBlock (anonymous multi-column) at (5,245) size 750x135
    RenderBlock {P} at (0,16) size 367x220
      RenderText {#text} at (0,0) size 362x219
        text run at (0,0) width 354: "Lorem ipsum dolor sit amet, consectetuer adipiscing elit."
        text run at (0,20) width 351: "Nulla varius enim ac mi. Curabitur sollicitudin felis quis"
        text run at (0,40) width 325: "lectus. Quisque adipiscing rhoncus sem. Proin nulla"
        text run at (0,60) width 358: "purus, vulputate vel, varius ut, euismod et, nisi. Sed vitae"
        text run at (0,80) width 343: "felis vel orci sagittis aliquam. Cras convallis adipiscing"
        text run at (0,100) width 340: "sem. Nam nonummy enim. Nullam bibendum lobortis"
        text run at (0,120) width 344: "neque. Vestibulum velit orci, tempus euismod, pretium"
        text run at (0,140) width 343: "quis, interdum vitae, nulla. Phasellus eget ante et tortor"
        text run at (0,160) width 343: "condimentum vestibulum. Suspendisse hendrerit quam"
        text run at (0,180) width 362: "nec felis. Sed varius turpis vitae pede. Lorem ipsum dolor"
        text run at (0,200) width 229: "sit amet, consectetuer adipiscing elit."
layer at (8,1968) size 760x402
  RenderBlock {DIV} at (0,1952) size 760x402 [border: (5px solid #800000)]
    RenderBlock (anonymous multi-column span) at (5,277) size 750x0
layer at (13,1973) size 750x272
  RenderBlock (anonymous multi-column) at (5,5) size 750x272
    RenderBlock {P} at (0,16) size 367x220
      RenderText {#text} at (0,0) size 362x219
        text run at (0,0) width 354: "Lorem ipsum dolor sit amet, consectetuer adipiscing elit."
        text run at (0,20) width 351: "Nulla varius enim ac mi. Curabitur sollicitudin felis quis"
        text run at (0,40) width 325: "lectus. Quisque adipiscing rhoncus sem. Proin nulla"
        text run at (0,60) width 358: "purus, vulputate vel, varius ut, euismod et, nisi. Sed vitae"
        text run at (0,80) width 343: "felis vel orci sagittis aliquam. Cras convallis adipiscing"
        text run at (0,100) width 340: "sem. Nam nonummy enim. Nullam bibendum lobortis"
        text run at (0,120) width 344: "neque. Vestibulum velit orci, tempus euismod, pretium"
        text run at (0,140) width 343: "quis, interdum vitae, nulla. Phasellus eget ante et tortor"
        text run at (0,160) width 343: "condimentum vestibulum. Suspendisse hendrerit quam"
        text run at (0,180) width 362: "nec felis. Sed varius turpis vitae pede. Lorem ipsum dolor"
        text run at (0,200) width 229: "sit amet, consectetuer adipiscing elit."
    RenderBlock {P} at (0,252) size 367x40
      RenderText {#text} at (0,0) size 354x39
        text run at (0,0) width 354: "Lorem ipsum dolor sit amet, consectetuer adipiscing elit."
        text run at (0,20) width 154: "Nulla varius enim ac mi."
    RenderBlock {P} at (0,308) size 367x220
      RenderText {#text} at (0,0) size 362x219
        text run at (0,0) width 354: "Lorem ipsum dolor sit amet, consectetuer adipiscing elit."
        text run at (0,20) width 351: "Nulla varius enim ac mi. Curabitur sollicitudin felis quis"
        text run at (0,40) width 325: "lectus. Quisque adipiscing rhoncus sem. Proin nulla"
        text run at (0,60) width 358: "purus, vulputate vel, varius ut, euismod et, nisi. Sed vitae"
        text run at (0,80) width 343: "felis vel orci sagittis aliquam. Cras convallis adipiscing"
        text run at (0,100) width 340: "sem. Nam nonummy enim. Nullam bibendum lobortis"
        text run at (0,120) width 344: "neque. Vestibulum velit orci, tempus euismod, pretium"
        text run at (0,140) width 343: "quis, interdum vitae, nulla. Phasellus eget ante et tortor"
        text run at (0,160) width 343: "condimentum vestibulum. Suspendisse hendrerit quam"
        text run at (0,180) width 362: "nec felis. Sed varius turpis vitae pede. Lorem ipsum dolor"
        text run at (0,200) width 229: "sit amet, consectetuer adipiscing elit."
layer at (13,2245) size 750x120
  RenderBlock (anonymous multi-column) at (5,277) size 750x120
    RenderBlock (anonymous) at (0,0) size 367x20
      RenderInline {SPAN} at (0,0) size 354x19
        RenderText {#text} at (0,0) size 354x19
          text run at (0,0) width 354: "Lorem ipsum dolor sit amet, consectetuer adipiscing elit."
    RenderBlock (anonymous) at (0,20) size 367x20
      RenderBlock {SPAN} at (0,0) size 367x20
        RenderText {#text} at (0,0) size 154x19
          text run at (0,0) width 154: "Nulla varius enim ac mi."
    RenderBlock (anonymous) at (0,40) size 367x200
      RenderInline {SPAN} at (0,0) size 362x199
        RenderText {#text} at (0,0) size 362x199
          text run at (0,0) width 362: "Curabitur sollicitudin felis quis lectus. Quisque adipiscing"
          text run at (0,20) width 350: "rhoncus sem. Proin nulla purus, vulputate vel, varius ut,"
          text run at (0,40) width 350: "euismod et, nisi. Sed vitae felis vel orci sagittis aliquam."
          text run at (0,60) width 332: "Cras convallis adipiscing sem. Nam nonummy enim."
          text run at (0,80) width 351: "Nullam bibendum lobortis neque. Vestibulum velit orci,"
          text run at (0,100) width 329: "tempus euismod, pretium quis, interdum vitae, nulla."
          text run at (0,120) width 339: "Phasellus eget ante et tortor condimentum vestibulum."
          text run at (0,140) width 345: "Suspendisse hendrerit quam nec felis. Sed varius turpis"
          text run at (0,160) width 331: "vitae pede. Lorem ipsum dolor sit amet, consectetuer"
          text run at (0,180) width 91: "adipiscing elit."
      RenderText {#text} at (0,0) size 0x0
