layer at (0,0) size 800x1481
  RenderView at (0,0) size 800x600
layer at (0,0) size 800x1481
  RenderBlock {HTML} at (0,0) size 800x1481
    RenderBody {BODY} at (8,8) size 784x1465 [bgcolor=#CCCCCC]
      RenderBlock {P} at (0,0) size 784x20
        RenderText {#text} at (0,0) size 355x19
          text run at (0,0) width 355: "The style declarations which apply to the text below are:"
      RenderBlock {PRE} at (0,36) size 784x176
        RenderText {#text} at (0,0) size 264x176
          text run at (0,0) width 232: ".one {letter-spacing: 0.3in;}"
          text run at (232,0) width 0: " "
          text run at (0,16) width 232: ".two {letter-spacing: 0.5cm;}"
          text run at (232,16) width 0: " "
          text run at (0,32) width 232: ".three {letter-spacing: 5mm;}"
          text run at (232,32) width 0: " "
          text run at (0,48) width 224: ".four {letter-spacing: 3pt;}"
          text run at (224,48) width 0: " "
          text run at (0,64) width 248: ".five {letter-spacing: 0.25pc;}"
          text run at (248,64) width 0: " "
          text run at (0,80) width 216: ".six {letter-spacing: 1em;}"
          text run at (216,80) width 0: " "
          text run at (0,96) width 232: ".seven {letter-spacing: 1ex;}"
          text run at (232,96) width 0: " "
          text run at (0,112) width 232: ".eight {letter-spacing: 5px;}"
          text run at (232,112) width 0: " "
          text run at (0,128) width 248: ".nine {letter-spacing: normal;}"
          text run at (248,128) width 0: " "
          text run at (0,144) width 224: ".ten {letter-spacing: 300%;}"
          text run at (224,144) width 0: " "
          text run at (0,160) width 264: ".eleven {letter-spacing: -0.1em;}"
          text run at (264,160) width 0: " "
      RenderBlock {HR} at (0,225) size 784x2 [border: (1px inset #000000)]
      RenderBlock {P} at (0,243) size 784x80
        RenderText {#text} at (0,0) size 694x79
          text run at (0,0) width 671: "This letters in this"
          text run at (0,20) width 694: "sentence should have"
          text run at (0,40) width 659: "extra space between"
          text run at (0,60) width 175: "them."
      RenderBlock {P} at (0,339) size 784x60
        RenderText {#text} at (0,0) size 765x59
          text run at (0,0) width 691: "This letters in this sentence"
          text run at (0,20) width 765: "should have extra space between"
          text run at (0,40) width 125: "them."
      RenderBlock {P} at (0,415) size 784x60
        RenderText {#text} at (0,0) size 765x59
          text run at (0,0) width 691: "This letters in this sentence"
          text run at (0,20) width 765: "should have extra space between"
          text run at (0,40) width 125: "them."
      RenderBlock {P} at (0,491) size 784x20
        RenderText {#text} at (0,0) size 687x19
          text run at (0,0) width 687: "This letters in this sentence should have extra space between them."
      RenderBlock {P} at (0,527) size 784x20
        RenderText {#text} at (0,0) size 687x19
          text run at (0,0) width 687: "This letters in this sentence should have extra space between them."
      RenderBlock {P} at (0,563) size 784x60
        RenderText {#text} at (0,0) size 703x59
          text run at (0,0) width 633: "This letters in this sentence"
          text run at (0,20) width 703: "should have extra space between"
          text run at (0,40) width 115: "them."
      RenderBlock {P} at (0,639) size 784x40
        RenderText {#text} at (0,0) size 694x39
          text run at (0,0) width 694: "This letters in this sentence should have extra space"
          text run at (0,20) width 183: "between them."
      RenderBlock {P} at (0,695) size 784x40
        RenderText {#text} at (0,0) size 754x39
          text run at (0,0) width 754: "This letters in this sentence should have extra space between them,"
          text run at (0,20) width 435: "but the last few words in the sentence "
        RenderInline {SPAN} at (0,0) size 180x19
          RenderText {#text} at (435,20) size 180x19
            text run at (435,20) width 180: "should show normal spacing"
        RenderText {#text} at (615,20) size 9x19
          text run at (615,20) width 9: "."
      RenderBlock {P} at (0,751) size 784x40
        RenderText {#text} at (0,0) size 731x39
          text run at (0,0) width 731: "This letters in this sentence should have normal space between them, since percentage values are not allowed on this"
          text run at (0,20) width 57: "property."
      RenderBlock {P} at (0,807) size 784x20
        RenderText {#text} at (0,0) size 638x19
          text run at (0,0) width 638: "This letters in this sentence should have reduced space between them, since negative values are allowed on this property."
      RenderTable {TABLE} at (0,843) size 784x622 [border: (1px outset #808080)]
        RenderTableSection {TBODY} at (1,1) size 782x620
          RenderTableRow {TR} at (0,0) size 782x28
            RenderTableCell {TD} at (0,0) size 782x28 [bgcolor=#C0C0C0] [border: (1px inset #808080)] [r=0 c=0 rs=1 cs=2]
              RenderInline {STRONG} at (0,0) size 163x19
                RenderText {#text} at (4,4) size 163x19
                  text run at (4,4) width 163: "TABLE Testing Section"
          RenderTableRow {TR} at (0,28) size 782x592
            RenderTableCell {TD} at (0,310) size 12x28 [bgcolor=#C0C0C0] [border: (1px inset #808080)] [r=1 c=0 rs=1 cs=1]
              RenderText {#text} at (4,4) size 4x19
                text run at (4,4) width 4: " "
            RenderTableCell {TD} at (12,28) size 770x592 [border: (1px inset #808080)] [r=1 c=1 rs=1 cs=1]
              RenderBlock {P} at (4,4) size 762x80
                RenderText {#text} at (0,0) size 694x79
                  text run at (0,0) width 671: "This letters in this"
                  text run at (0,20) width 694: "sentence should have"
                  text run at (0,40) width 659: "extra space between"
                  text run at (0,60) width 175: "them."
              RenderBlock {P} at (4,100) size 762x60
                RenderText {#text} at (0,0) size 691x59
                  text run at (0,0) width 691: "This letters in this sentence"
                  text run at (0,20) width 564: "should have extra space"
                  text run at (0,40) width 326: "between them."
              RenderBlock {P} at (4,176) size 762x60
                RenderText {#text} at (0,0) size 691x59
                  text run at (0,0) width 691: "This letters in this sentence"
                  text run at (0,20) width 564: "should have extra space"
                  text run at (0,40) width 326: "between them."
              RenderBlock {P} at (4,252) size 762x20
                RenderText {#text} at (0,0) size 687x19
                  text run at (0,0) width 687: "This letters in this sentence should have extra space between them."
              RenderBlock {P} at (4,288) size 762x20
                RenderText {#text} at (0,0) size 687x19
                  text run at (0,0) width 687: "This letters in this sentence should have extra space between them."
              RenderBlock {P} at (4,324) size 762x60
                RenderText {#text} at (0,0) size 703x59
                  text run at (0,0) width 633: "This letters in this sentence"
                  text run at (0,20) width 703: "should have extra space between"
                  text run at (0,40) width 115: "them."
              RenderBlock {P} at (4,400) size 762x40
                RenderText {#text} at (0,0) size 694x39
                  text run at (0,0) width 694: "This letters in this sentence should have extra space"
                  text run at (0,20) width 183: "between them."
              RenderBlock {P} at (4,456) size 762x40
                RenderText {#text} at (0,0) size 754x39
                  text run at (0,0) width 754: "This letters in this sentence should have extra space between them,"
                  text run at (0,20) width 435: "but the last few words in the sentence "
                RenderInline {SPAN} at (0,0) size 180x19
                  RenderText {#text} at (435,20) size 180x19
                    text run at (435,20) width 180: "should show normal spacing"
                RenderText {#text} at (615,20) size 9x19
                  text run at (615,20) width 9: "."
              RenderBlock {P} at (4,512) size 762x40
                RenderText {#text} at (0,0) size 731x39
                  text run at (0,0) width 731: "This letters in this sentence should have normal space between them, since percentage values are not allowed on this"
                  text run at (0,20) width 57: "property."
              RenderBlock {P} at (4,568) size 762x20
                RenderText {#text} at (0,0) size 638x19
                  text run at (0,0) width 638: "This letters in this sentence should have reduced space between them, since negative values are allowed on this property."
