layer at (0,0) size 800x600
  RenderView at (0,0) size 800x600
layer at (0,0) size 800x600
  RenderBlock {HTML} at (0,0) size 800x600
    RenderBody {BODY} at (8,8) size 784x584 [bgcolor=#CCCCCC]
      RenderBlock {P} at (0,0) size 784x20
        RenderText {#text} at (0,0) size 363x19
          text run at (0,0) width 363: "The style declarations which apply to the text below are:"
      RenderBlock {PRE} at (0,36) size 784x80
        RenderText {#text} at (0,0) size 224x80
          text run at (0,0) width 192: ".one {text-align: left;}"
          text run at (192,0) width 0: " "
          text run at (0,16) width 200: ".two {text-align: right;}"
          text run at (200,16) width 0: " "
          text run at (0,32) width 224: ".three {text-align: center;}"
          text run at (224,32) width 0: " "
          text run at (0,48) width 224: ".four {text-align: justify;}"
          text run at (224,48) width 0: " "
          text run at (0,64) width 0: " "
      RenderBlock {HR} at (0,129) size 784x2 [border: (1px inset #000000)]
      RenderBlock {P} at (0,147) size 784x20
        RenderText {#text} at (0,0) size 241x19
          text run at (0,0) width 241: "This sentence should be left-justified."
      RenderBlock {P} at (0,183) size 784x20
        RenderText {#text} at (534,0) size 250x19
          text run at (534,0) width 250: "This sentence should be right-justified."
      RenderBlock {P} at (0,219) size 784x20
        RenderText {#text} at (284,0) size 216x19
          text run at (284,0) width 216: "This sentence should be centered."
      RenderBlock {P} at (0,255) size 784x60
        RenderText {#text} at (0,0) size 784x59
          text run at (0,0) width 784: "This sentence should be fully justified, which means that the right and left margins of this paragraph should line up, no"
          text run at (0,20) width 784: "matter how long the paragraph becomes; the exception, of course, is the last line, which should be left-justified in"
          text run at (0,40) width 126: "Western languages."
      RenderTable {TABLE} at (0,331) size 784x206 [border: (1px outset #808080)]
        RenderTableSection {TBODY} at (1,1) size 782x204
          RenderTableRow {TR} at (0,0) size 782x28
            RenderTableCell {TD} at (0,0) size 782x28 [bgcolor=#C0C0C0] [border: (1px inset #808080)] [r=0 c=0 rs=1 cs=2]
              RenderInline {STRONG} at (0,0) size 163x19
                RenderText {#text} at (4,4) size 163x19
                  text run at (4,4) width 163: "TABLE Testing Section"
          RenderTableRow {TR} at (0,28) size 782x176
            RenderTableCell {TD} at (0,102) size 12x28 [bgcolor=#C0C0C0] [border: (1px inset #808080)] [r=1 c=0 rs=1 cs=1]
              RenderText {#text} at (4,4) size 4x19
                text run at (4,4) width 4: " "
            RenderTableCell {TD} at (12,28) size 770x176 [border: (1px inset #808080)] [r=1 c=1 rs=1 cs=1]
              RenderBlock {P} at (4,4) size 762x20
                RenderText {#text} at (0,0) size 241x19
                  text run at (0,0) width 241: "This sentence should be left-justified."
              RenderBlock {P} at (4,40) size 762x20
                RenderText {#text} at (512,0) size 250x19
                  text run at (512,0) width 250: "This sentence should be right-justified."
              RenderBlock {P} at (4,76) size 762x20
                RenderText {#text} at (273,0) size 216x19
                  text run at (273,0) width 216: "This sentence should be centered."
              RenderBlock {P} at (4,112) size 762x60
                RenderText {#text} at (0,0) size 762x59
                  text run at (0,0) width 762: "This sentence should be fully justified, which means that the right and left margins of this paragraph should line up, no"
                  text run at (0,20) width 762: "matter how long the paragraph becomes; the exception, of course, is the last line, which should be left-justified in"
                  text run at (0,40) width 126: "Western languages."
