layer at (0,0) size 800x765
  RenderView at (0,0) size 800x600
layer at (0,0) size 800x765
  RenderBlock {HTML} at (0,0) size 800x765
    RenderBody {BODY} at (8,8) size 784x749 [bgcolor=#CCCCCC]
      RenderBlock {P} at (0,0) size 784x20
        RenderText {#text} at (0,0) size 355x19
          text run at (0,0) width 355: "The style declarations which apply to the text below are:"
      RenderBlock {PRE} at (0,36) size 784x80
        RenderText {#text} at (0,0) size 272x80
          text run at (0,0) width 224: ".ttn {text-transform: none;}"
          text run at (224,0) width 0: " "
          text run at (0,16) width 272: ".cap {text-transform: capitalize;}"
          text run at (272,16) width 0: " "
          text run at (0,32) width 264: ".upp {text-transform: uppercase;}"
          text run at (264,32) width 0: " "
          text run at (0,48) width 264: ".low {text-transform: lowercase;}"
          text run at (264,48) width 0: " "
          text run at (0,64) width 0: " "
      RenderBlock {HR} at (0,129) size 784x2 [border: (1px inset #000000)]
      RenderBlock {P} at (0,147) size 784x20
        RenderText {#text} at (0,0) size 770x19
          text run at (0,0) width 770: "This page tests the 'text-transform' property of CSS1. This paragraph has no text transformation and should appear normal."
      RenderBlock {P} at (0,183) size 784x60
        RenderText {#text} at (0,0) size 778x59
          text run at (0,0) width 778: "This Paragraph Is Capitalized And The First Letter In Each Word Should Therefore Appear In Uppercase. Words That Are"
          text run at (0,20) width 690: "In Uppercase In The Source (E.g. USA) Should Remain So. There Should Be A Capital Letter After A Non-"
          text run at (0,40) width 538: "Breaking Space (&Nbsp;). Both Those Characters Appear In The Previous Sentence."
      RenderBlock {P} at (0,259) size 784x40
        RenderText {#text} at (0,0) size 753x39
          text run at (0,0) width 753: "Words with inline elements inside them should only capitalize the first letter of the word. Therefore, the last word in this"
          text run at (0,20) width 304: "sentence should have one, and only one, capital "
        RenderInline {SPAN} at (0,0) size 37x19
          RenderText {#text} at (304,20) size 17x19
            text run at (304,20) width 17: "Le"
          RenderInline {SPAN} at (0,0) size 8x19
            RenderText {#text} at (321,20) size 8x19
              text run at (321,20) width 8: "tt"
          RenderText {#text} at (329,20) size 12x19
            text run at (329,20) width 12: "er"
        RenderText {#text} at (341,20) size 4x19
          text run at (341,20) width 4: "."
      RenderBlock {P} at (0,315) size 784x60
        RenderText {#text} at (0,0) size 721x39
          text run at (0,0) width 721: "THIS PARAGRAPH IS UPPERCASED AND SMALL CHARACTERS IN THE SOURCE (E.G. A AND \x{C5})"
          text run at (0,20) width 359: "SHOULD THEREFORE APPEAR IN UPPERCASE. "
          text run at (359,20) width 284: "IN THE LAST SENTENCE, HOWEVER, "
        RenderInline {SPAN} at (0,0) size 765x39
          RenderText {#text} at (643,20) size 765x39
            text run at (643,20) width 122: "the last eight words"
            text run at (0,40) width 152: "should not be uppercase"
        RenderText {#text} at (152,40) size 4x19
          text run at (152,40) width 4: "."
      RenderBlock {P} at (0,391) size 784x20
        RenderText {#text} at (0,0) size 726x19
          text run at (0,0) width 726: "this paragraph is lowercased and capital characters in the source (e.g. a and \x{E5}) should therefore appear in lowercase."
      RenderTable {TABLE} at (0,427) size 784x322 [border: (1px outset #808080)]
        RenderTableSection {TBODY} at (1,1) size 782x320
          RenderTableRow {TR} at (0,0) size 782x28
            RenderTableCell {TD} at (0,0) size 782x28 [bgcolor=#C0C0C0] [border: (1px inset #808080)] [r=0 c=0 rs=1 cs=2]
              RenderInline {STRONG} at (0,0) size 163x19
                RenderText {#text} at (4,4) size 163x19
                  text run at (4,4) width 163: "TABLE Testing Section"
          RenderTableRow {TR} at (0,28) size 782x292
            RenderTableCell {TD} at (0,160) size 12x28 [bgcolor=#C0C0C0] [border: (1px inset #808080)] [r=1 c=0 rs=1 cs=1]
              RenderText {#text} at (4,4) size 4x19
                text run at (4,4) width 4: " "
            RenderTableCell {TD} at (12,28) size 770x292 [border: (1px inset #808080)] [r=1 c=1 rs=1 cs=1]
              RenderBlock {P} at (4,4) size 762x40
                RenderText {#text} at (0,0) size 718x39
                  text run at (0,0) width 718: "This page tests the 'text-transform' property of CSS1. This paragraph has no text transformation and should appear"
                  text run at (0,20) width 48: "normal."
              RenderBlock {P} at (4,60) size 762x60
                RenderText {#text} at (0,0) size 750x59
                  text run at (0,0) width 750: "This Paragraph Is Capitalized And The First Letter In Each Word Should Therefore Appear In Uppercase. Words That"
                  text run at (0,20) width 718: "Are In Uppercase In The Source (E.g. USA) Should Remain So. There Should Be A Capital Letter After A Non-"
                  text run at (0,40) width 538: "Breaking Space (&Nbsp;). Both Those Characters Appear In The Previous Sentence."
              RenderBlock {P} at (4,136) size 762x40
                RenderText {#text} at (0,0) size 753x39
                  text run at (0,0) width 753: "Words with inline elements inside them should only capitalize the first letter of the word. Therefore, the last word in this"
                  text run at (0,20) width 304: "sentence should have one, and only one, capital "
                RenderInline {SPAN} at (0,0) size 37x19
                  RenderText {#text} at (304,20) size 17x19
                    text run at (304,20) width 17: "Le"
                  RenderInline {SPAN} at (0,0) size 8x19
                    RenderText {#text} at (321,20) size 8x19
                      text run at (321,20) width 8: "tt"
                  RenderText {#text} at (329,20) size 12x19
                    text run at (329,20) width 12: "er"
                RenderText {#text} at (341,20) size 4x19
                  text run at (341,20) width 4: "."
              RenderBlock {P} at (4,192) size 762x60
                RenderText {#text} at (0,0) size 721x39
                  text run at (0,0) width 721: "THIS PARAGRAPH IS UPPERCASED AND SMALL CHARACTERS IN THE SOURCE (E.G. A AND \x{C5})"
                  text run at (0,20) width 359: "SHOULD THEREFORE APPEAR IN UPPERCASE. "
                  text run at (359,20) width 284: "IN THE LAST SENTENCE, HOWEVER, "
                RenderInline {SPAN} at (0,0) size 722x39
                  RenderText {#text} at (643,20) size 722x39
                    text run at (643,20) width 79: "the last eight"
                    text run at (0,40) width 195: "words should not be uppercase"
                RenderText {#text} at (195,40) size 4x19
                  text run at (195,40) width 4: "."
              RenderBlock {P} at (4,268) size 762x20
                RenderText {#text} at (0,0) size 726x19
                  text run at (0,0) width 726: "this paragraph is lowercased and capital characters in the source (e.g. a and \x{E5}) should therefore appear in lowercase."
