layer at (0,0) size 800x600
  RenderView at (0,0) size 800x600
layer at (0,0) size 800x455
  RenderBlock {HTML} at (0,0) size 800x455
    RenderBody {BODY} at (8,8) size 784x439
      RenderBlock {DIV} at (0,0) size 784x85
        RenderBlock {DETAILS} at (0,0) size 784x85
          RenderBlock {SUMMARY} at (0,0) size 784x85
            RenderDetailsMarker {DIV} at (0,0) size 112x80 [border: (8px solid #00FF00) (16px solid #00FF00) (24px solid #00FF00) (32px solid #00FF00)]: right
            RenderText {#text} at (121,58) size 95x26
              text run at (121,58) width 95: "Summary"
      RenderBlock {DIV} at (0,85) size 127x174
        RenderBlock {DETAILS} at (0,0) size 127x174
          RenderBlock {SUMMARY} at (0,0) size 127x174
            RenderDetailsMarker {DIV} at (9,0) size 113x80 [border: (8px solid #00FF00) (16px solid #00FF00) (24px solid #00FF00) (32px solid #00FF00)]: down
            RenderText {#text} at (100,79) size 26x95
              text run at (100,79) width 94: "Summary"
      RenderBlock {DIV} at (0,258) size 784x47
        RenderBlock {DETAILS} at (0,0) size 784x46
          RenderBlock {SUMMARY} at (0,0) size 784x46
            RenderDetailsMarker {DIV} at (0,0) size 64x40 [border: (8px solid #00FF00)]: right
            RenderText {#text} at (73,19) size 95x26
              text run at (73,19) width 95: "Summary"
      RenderBlock {DIV} at (0,304) size 79x135
        RenderBlock {DETAILS} at (0,0) size 79x134
          RenderBlock {SUMMARY} at (0,0) size 79x134
            RenderDetailsMarker {DIV} at (9,0) size 65x40 [border: (8px solid #00FF00)]: down
            RenderText {#text} at (52,40) size 26x94
              text run at (52,40) width 94: "Summary"
