layer at (0,0) size 800x600
  RenderView at (0,0) size 800x600
layer at (0,0) size 800x600
  RenderBlock {HTML} at (0,0) size 800x600
    RenderBody {BODY} at (8,8) size 784x584
      RenderBlock {P} at (0,0) size 784x20
        RenderText {#text} at (0,0) size 211x19
          text run at (0,0) width 211: "This should be pointing upwards:"
      RenderBlock {DIV} at (0,36) size 240x469
        RenderText {#text} at (39,0) size 90x80
          text run at (39,0) width 80: "\x{3008}"
