layer at (0,0) size 800x1250
  RenderView at (0,0) size 800x600
layer at (0,0) size 800x1250
  RenderBlock {HTML} at (0,0) size 800x1250
    RenderBody {BODY} at (8,8) size 784x1234
      RenderText {#text} at (0,0) size 282x19
        text run at (0,0) width 282: "LTR fieldset with left/center/right text-align: "
      RenderBR {BR} at (282,15) size 0x0
      RenderFieldSet {FIELDSET} at (16,36) size 228x119 [border: (2px groove #C0C0C0)]
        RenderBlock {LEGEND} at (34,0) size 104x25
          RenderBlock {DIV} at (2,0) size 100x25 [bgcolor=#FFA500]
      RenderText {#text} at (260,156) size 4x19
        text run at (260,156) width 4: " "
      RenderFieldSet {FIELDSET} at (280,36) size 228x119 [border: (2px groove #C0C0C0)]
        RenderBlock {LEGEND} at (110,0) size 104x25
          RenderBlock {DIV} at (2,0) size 100x25 [bgcolor=#FFA500]
      RenderText {#text} at (0,0) size 0x0
      RenderFieldSet {FIELDSET} at (16,192) size 228x119 [border: (2px groove #C0C0C0)]
        RenderBlock {LEGEND} at (62,0) size 104x25
          RenderBlock {DIV} at (2,0) size 100x25 [bgcolor=#FFA500]
      RenderText {#text} at (260,312) size 4x19
        text run at (260,312) width 4: " "
      RenderBR {BR} at (0,0) size 0x0
      RenderText {#text} at (0,332) size 282x19
        text run at (0,332) width 282: "RTL fieldset with left/center/right text-align: "
      RenderBR {BR} at (282,347) size 0x0
      RenderFieldSet {FIELDSET} at (16,368) size 228x119 [border: (2px groove #C0C0C0)]
        RenderBlock {LEGEND} at (14,0) size 104x25
          RenderBlock {DIV} at (2,0) size 100x25 [bgcolor=#FFA500]
      RenderText {#text} at (260,488) size 4x19
        text run at (260,488) width 4: " "
      RenderFieldSet {FIELDSET} at (280,368) size 228x119 [border: (2px groove #C0C0C0)]
        RenderBlock {LEGEND} at (90,0) size 104x25
          RenderBlock {DIV} at (2,0) size 100x25 [bgcolor=#FFA500]
      RenderText {#text} at (0,0) size 0x0
      RenderFieldSet {FIELDSET} at (16,524) size 228x119 [border: (2px groove #C0C0C0)]
        RenderBlock {LEGEND} at (62,0) size 104x25
          RenderBlock {DIV} at (2,0) size 100x25 [bgcolor=#FFA500]
      RenderText {#text} at (260,644) size 4x19
        text run at (260,644) width 4: " "
      RenderBR {BR} at (0,0) size 0x0
      RenderText {#text} at (0,664) size 336x19
        text run at (0,664) width 336: "Vertical LTR fieldset with left/center/right text-align: "
      RenderBR {BR} at (336,679) size 0x0
      RenderFieldSet {FIELDSET} at (16,700) size 119x228 [border: (2px groove #C0C0C0)]
        RenderBlock {LEGEND} at (0,34) size 25x104
          RenderBlock {DIV} at (0,2) size 25x100 [bgcolor=#FFA500]
      RenderText {#text} at (151,929) size 4x19
        text run at (151,929) width 4: " "
      RenderFieldSet {FIELDSET} at (171,700) size 119x228 [border: (2px groove #C0C0C0)]
        RenderBlock {LEGEND} at (0,110) size 25x104
          RenderBlock {DIV} at (0,2) size 25x100 [bgcolor=#FFA500]
      RenderText {#text} at (306,929) size 4x19
        text run at (306,929) width 4: " "
      RenderFieldSet {FIELDSET} at (326,700) size 119x228 [border: (2px groove #C0C0C0)]
        RenderBlock {LEGEND} at (0,62) size 25x104
          RenderBlock {DIV} at (0,2) size 25x100 [bgcolor=#FFA500]
      RenderText {#text} at (461,929) size 4x19
        text run at (461,929) width 4: " "
      RenderBR {BR} at (0,0) size 0x0
      RenderText {#text} at (0,949) size 336x19
        text run at (0,949) width 336: "Vertical RTL fieldset with left/center/right text-align: "
      RenderBR {BR} at (336,964) size 0x0
      RenderFieldSet {FIELDSET} at (16,985) size 119x228 [border: (2px groove #C0C0C0)]
        RenderBlock {LEGEND} at (0,14) size 25x104
          RenderBlock {DIV} at (0,2) size 25x100 [bgcolor=#FFA500]
      RenderText {#text} at (151,1214) size 4x19
        text run at (151,1214) width 4: " "
      RenderFieldSet {FIELDSET} at (171,985) size 119x228 [border: (2px groove #C0C0C0)]
        RenderBlock {LEGEND} at (0,90) size 25x104
          RenderBlock {DIV} at (0,2) size 25x100 [bgcolor=#FFA500]
      RenderText {#text} at (306,1214) size 4x19
        text run at (306,1214) width 4: " "
      RenderFieldSet {FIELDSET} at (326,985) size 119x228 [border: (2px groove #C0C0C0)]
        RenderBlock {LEGEND} at (0,62) size 25x104
          RenderBlock {DIV} at (0,2) size 25x100 [bgcolor=#FFA500]
      RenderText {#text} at (0,0) size 0x0
