layer at (0,0) size 7501x600
  RenderView at (0,0) size 800x600
layer at (-6701,0) size 7501x600 backgroundClip at (0,0) size 7501x600 clip at (0,0) size 7501x600 outlineClip at (0,0) size 7501x600
  RenderBlock {HTML} at (0,0) size 7501x600
    RenderBody {BODY} at (60,48) size 7381x504
      RenderBlock {H1} at (0,0) size 48x504
        RenderText {#text} at (6,0) size 36x64
          text run at (6,0) width 64: "\x{8349}\x{6795}"
      RenderBlock {H2} at (69,0) size 36x504
        RenderText {#text} at (5,0) size 26x96
          text run at (5,0) width 96: "\x{590F}\x{76EE}\x{6F31}\x{77F3}"
      RenderBlock {DIV} at (124,0) size 7257x504
        RenderBlock (anonymous) at (0,0) size 3970x504
          RenderBR {BR} at (0,0) size 19x0
          RenderBR {BR} at (20,0) size 19x0
          RenderBR {BR} at (40,0) size 19x0
          RenderText {#text} at (67,0) size 19x144
            text run at (67,0) width 144: "\x{3000}\x{3000}\x{3000}\x{3000}\x{3000}\x{3000}\x{3000}\x{3000}\x{4E00}"
          RenderBR {BR} at (67,144) size 19x0
          RenderBR {BR} at (108,0) size 19x0
          RenderText {#text} at (137,0) size 19x16
            text run at (137,0) width 16: "\x{3000}"
          RenderRuby (inline) {RUBY} at (0,0) size 19x32
            RenderRubyRun (anonymous) at (130,16) size 48x32
              RenderRubyText {RT} at (-6,0) size 24x32
                RenderText {#text} at (3,0) size 10x32
                  text run at (3,0) width 32: "\x{3084}\x{307E}\x{307F}\x{3061}"
              RenderRubyBase (anonymous) at (0,0) size 48x32
                RenderInline {RB} at (0,0) size 19x32
                  RenderText {#text} at (7,0) size 19x32
                    text run at (7,0) width 32: "\x{5C71}\x{8DEF}"
          RenderText {#text} at (137,48) size 19x208
            text run at (137,48) width 208: "\x{3092}\x{767B}\x{308A}\x{306A}\x{304C}\x{3089}\x{3001}\x{3053}\x{3046}\x{8003}\x{3048}\x{305F}\x{3002}"
          RenderBR {BR} at (137,256) size 19x0
          RenderText {#text} at (185,0) size 19x16
            text run at (185,0) width 16: "\x{3000}"
          RenderRuby (inline) {RUBY} at (0,0) size 19x16
            RenderRubyRun (anonymous) at (178,16) size 48x16
              RenderRubyText {RT} at (-6,0) size 24x16
                RenderText {#text} at (3,4) size 10x8
                  text run at (3,4) width 8: "\x{3061}"
              RenderRubyBase (anonymous) at (0,0) size 48x16
                RenderInline {RB} at (0,0) size 19x16
                  RenderText {#text} at (7,0) size 19x16
                    text run at (7,0) width 16: "\x{667A}"
          RenderText {#text} at (185,32) size 19x64
            text run at (185,32) width 64: "\x{306B}\x{50CD}\x{3051}\x{3070}"
          RenderRuby (inline) {RUBY} at (0,0) size 19x16
            RenderRubyRun (anonymous) at (178,96) size 48x16
              RenderRubyText {RT} at (-6,0) size 24x16
                RenderText {#text} at (3,0) size 10x16
                  text run at (3,0) width 16: "\x{304B}\x{3069}"
              RenderRubyBase (anonymous) at (0,0) size 48x16
                RenderInline {RB} at (0,0) size 19x16
                  RenderText {#text} at (7,0) size 19x16
                    text run at (7,0) width 16: "\x{89D2}"
          RenderText {#text} at (185,112) size 19x64
            text run at (185,112) width 64: "\x{304C}\x{7ACB}\x{3064}\x{3002}"
          RenderRuby (inline) {RUBY} at (0,0) size 19x16
            RenderRubyRun (anonymous) at (178,172) size 48x24
              RenderRubyText {RT} at (-6,0) size 24x24
                RenderText {#text} at (3,0) size 10x24
                  text run at (3,0) width 24: "\x{3058}\x{3087}\x{3046}"
              RenderRubyBase (anonymous) at (0,0) size 48x24
                RenderInline {RB} at (0,0) size 19x16
                  RenderText {#text} at (7,4) size 19x16
                    text run at (7,4) width 16: "\x{60C5}"
          RenderText {#text} at (185,192) size 19x16
            text run at (185,192) width 16: "\x{306B}"
          RenderRuby (inline) {RUBY} at (0,0) size 19x16
            RenderRubyRun (anonymous) at (178,208) size 48x16
              RenderRubyText {RT} at (-6,0) size 24x16
                RenderText {#text} at (3,0) size 10x16
                  text run at (3,0) width 16: "\x{3055}\x{304A}"
              RenderRubyBase (anonymous) at (0,0) size 48x16
                RenderInline {RB} at (0,0) size 19x16
                  RenderText {#text} at (7,0) size 19x16
                    text run at (7,0) width 16: "\x{68F9}"
          RenderText {#text} at (185,224) size 19x176
            text run at (185,224) width 176: "\x{3055}\x{305B}\x{3070}\x{6D41}\x{3055}\x{308C}\x{308B}\x{3002}\x{610F}\x{5730}\x{3092}"
          RenderRuby (inline) {RUBY} at (0,0) size 19x16
            RenderRubyRun (anonymous) at (178,400) size 48x16
              RenderRubyText {RT} at (-6,0) size 24x16
                RenderText {#text} at (3,0) size 10x16
                  text run at (3,0) width 16: "\x{3068}\x{304A}"
              RenderRubyBase (anonymous) at (0,0) size 48x16
                RenderInline {RB} at (0,0) size 19x16
                  RenderText {#text} at (7,0) size 19x16
                    text run at (7,0) width 16: "\x{901A}"
          RenderText {#text} at (185,416) size 19x32
            text run at (185,416) width 32: "\x{305B}\x{3070}"
          RenderRuby (inline) {RUBY} at (0,0) size 19x36
            RenderRubyRun (anonymous) at (178,444) size 48x40
              RenderRubyText {RT} at (-6,0) size 24x40
                RenderText {#text} at (3,0) size 10x40
                  text run at (3,0) width 40: "\x{304D}\x{3085}\x{3046}\x{304F}\x{3064}"
              RenderRubyBase (anonymous) at (0,0) size 48x40
                RenderInline {RB} at (0,0) size 19x32
                  RenderText {#text} at (7,4) size 19x32
                    text run at (7,4) width 32: "\x{7AAE}\x{5C48}"
          RenderText {#text} at (233,0) size 19x256
            text run at (233,0) width 256: "\x{3060}\x{3002}\x{3068}\x{304B}\x{304F}\x{306B}\x{4EBA}\x{306E}\x{4E16}\x{306F}\x{4F4F}\x{307F}\x{306B}\x{304F}\x{3044}\x{3002}"
          RenderBR {BR} at (233,256) size 19x0
          RenderText {#text} at (281,0) size 19x112
            text run at (281,0) width 112: "\x{3000}\x{4F4F}\x{307F}\x{306B}\x{304F}\x{3055}\x{304C}"
          RenderRuby (inline) {RUBY} at (0,0) size 19x16
            RenderRubyRun (anonymous) at (274,112) size 48x16
              RenderRubyText {RT} at (-6,0) size 24x16
                RenderText {#text} at (3,0) size 10x16
                  text run at (3,0) width 16: "\x{3053}\x{3046}"
              RenderRubyBase (anonymous) at (0,0) size 48x16
                RenderInline {RB} at (0,0) size 19x16
                  RenderText {#text} at (7,0) size 19x16
                    text run at (7,0) width 16: "\x{9AD8}"
          RenderText {#text} at (281,128) size 67x496
            text run at (281,128) width 368: "\x{3058}\x{308B}\x{3068}\x{3001}\x{5B89}\x{3044}\x{6240}\x{3078}\x{5F15}\x{304D}\x{8D8A}\x{3057}\x{305F}\x{304F}\x{306A}\x{308B}\x{3002}\x{3069}\x{3053}\x{3078}\x{8D8A}\x{3057}\x{3066}"
            text run at (329,0) width 112: "\x{3082}\x{4F4F}\x{307F}\x{306B}\x{304F}\x{3044}\x{3068}"
          RenderRuby (inline) {RUBY} at (0,0) size 19x16
            RenderRubyRun (anonymous) at (322,112) size 48x16
              RenderRubyText {RT} at (-6,0) size 24x16
                RenderText {#text} at (3,0) size 10x16
                  text run at (3,0) width 16: "\x{3055}\x{3068}"
              RenderRubyBase (anonymous) at (0,0) size 48x16
                RenderInline {RB} at (0,0) size 19x16
                  RenderText {#text} at (7,0) size 19x16
                    text run at (7,0) width 16: "\x{609F}"
          RenderText {#text} at (329,128) size 19x160
            text run at (329,128) width 160: "\x{3063}\x{305F}\x{6642}\x{3001}\x{8A69}\x{304C}\x{751F}\x{308C}\x{3066}\x{3001}"
          RenderRuby (inline) {RUBY} at (0,0) size 19x16
            RenderRubyRun (anonymous) at (322,288) size 48x16
              RenderRubyText {RT} at (-6,0) size 24x16
                RenderText {#text} at (3,4) size 10x8
                  text run at (3,4) width 8: "\x{3048}"
              RenderRubyBase (anonymous) at (0,0) size 48x16
                RenderInline {RB} at (0,0) size 19x16
                  RenderText {#text} at (7,0) size 19x16
                    text run at (7,0) width 16: "\x{753B}"
          RenderText {#text} at (329,304) size 19x80
            text run at (329,304) width 80: "\x{304C}\x{51FA}\x{6765}\x{308B}\x{3002}"
          RenderBR {BR} at (329,384) size 19x0
          RenderText {#text} at (377,0) size 19x16
            text run at (377,0) width 16: "\x{3000}"
          RenderInline {STRONG} at (0,0) size 19x48
            RenderText {#text} at (377,16) size 19x48
              text run at (377,16) width 48: "\x{4EBA}\x{306E}\x{4E16}"
          RenderText {#text} at (377,64) size 19x432
            text run at (377,64) width 432: "\x{3092}\x{4F5C}\x{3063}\x{305F}\x{3082}\x{306E}\x{306F}\x{795E}\x{3067}\x{3082}\x{306A}\x{3051}\x{308C}\x{3070}\x{9B3C}\x{3067}\x{3082}\x{306A}\x{3044}\x{3002}\x{3084}\x{306F}\x{308A}\x{5411}\x{3046}\x{4E09}\x{8ED2}"
          RenderRuby (inline) {RUBY} at (0,0) size 19x36
            RenderRubyRun (anonymous) at (418,0) size 48x40
              RenderRubyText {RT} at (-6,0) size 24x40
                RenderText {#text} at (3,0) size 10x40
                  text run at (3,0) width 40: "\x{308A}\x{3087}\x{3046}\x{3069}\x{306A}"
              RenderRubyBase (anonymous) at (0,0) size 48x40
                RenderInline {RB} at (0,0) size 19x32
                  RenderText {#text} at (7,4) size 19x32
                    text run at (7,4) width 32: "\x{4E21}\x{96A3}"
          RenderText {#text} at (425,36) size 19x384
            text run at (425,36) width 384: "\x{308A}\x{306B}\x{3061}\x{3089}\x{3061}\x{3089}\x{3059}\x{308B}\x{305F}\x{3060}\x{306E}\x{4EBA}\x{3067}\x{3042}\x{308B}\x{3002}\x{305F}\x{3060}\x{306E}\x{4EBA}\x{304C}\x{4F5C}\x{3063}\x{305F}"
          RenderInline {STRONG} at (0,0) size 19x48
            RenderText {#text} at (425,420) size 19x48
              text run at (425,420) width 48: "\x{4EBA}\x{306E}\x{4E16}"
          RenderText {#text} at (425,468) size 67x500
            text run at (425,468) width 32: "\x{304C}\x{4F4F}"
            text run at (473,0) width 336: "\x{307F}\x{306B}\x{304F}\x{3044}\x{304B}\x{3089}\x{3068}\x{3066}\x{3001}\x{8D8A}\x{3059}\x{56FD}\x{306F}\x{3042}\x{308B}\x{307E}\x{3044}\x{3002}\x{3042}\x{308C}\x{3070}"
          RenderInline {STRONG} at (0,0) size 19x64
            RenderText {#text} at (473,336) size 19x64
              text run at (473,336) width 64: "\x{4EBA}\x{3067}\x{306A}\x{3057}"
          RenderText {#text} at (473,400) size 67x496
            text run at (473,400) width 96: "\x{306E}\x{56FD}\x{3078}\x{884C}\x{304F}\x{3070}"
            text run at (521,0) width 64: "\x{304B}\x{308A}\x{3060}\x{3002}"
          RenderInline {STRONG} at (0,0) size 19x64
            RenderText {#text} at (521,64) size 19x64
              text run at (521,64) width 64: "\x{4EBA}\x{3067}\x{306A}\x{3057}"
          RenderText {#text} at (521,128) size 19x48
            text run at (521,128) width 48: "\x{306E}\x{56FD}\x{306F}"
          RenderInline {STRONG} at (0,0) size 19x48
            RenderText {#text} at (521,176) size 19x48
              text run at (521,176) width 48: "\x{4EBA}\x{306E}\x{4E16}"
          RenderText {#text} at (521,224) size 19x208
            text run at (521,224) width 208: "\x{3088}\x{308A}\x{3082}\x{306A}\x{304A}\x{4F4F}\x{307F}\x{306B}\x{304F}\x{304B}\x{308D}\x{3046}\x{3002}"
          RenderBR {BR} at (521,432) size 19x0
          RenderText {#text} at (569,0) size 19x496
            text run at (569,0) width 496: "\x{3000}\x{8D8A}\x{3059}\x{4E8B}\x{306E}\x{306A}\x{3089}\x{306C}\x{4E16}\x{304C}\x{4F4F}\x{307F}\x{306B}\x{304F}\x{3051}\x{308C}\x{3070}\x{3001}\x{4F4F}\x{307F}\x{306B}\x{304F}\x{3044}\x{6240}\x{3092}\x{3069}\x{308C}\x{307B}\x{3069}\x{304B}\x{3001}"
          RenderRuby (inline) {RUBY} at (0,0) size 19x32
            RenderRubyRun (anonymous) at (610,0) size 48x32
              RenderRubyText {RT} at (-6,0) size 24x32
                RenderText {#text} at (3,0) size 10x32
                  text run at (3,0) width 32: "\x{304F}\x{3064}\x{308D}\x{3052}"
              RenderRubyBase (anonymous) at (0,0) size 48x32
                RenderInline {RB} at (0,0) size 19x32
                  RenderText {#text} at (7,0) size 19x32
                    text run at (7,0) width 32: "\x{5BDB}\x{5BB9}"
          RenderText {#text} at (617,32) size 19x32
            text run at (617,32) width 32: "\x{3066}\x{3001}"
          RenderRuby (inline) {RUBY} at (0,0) size 19x16
            RenderRubyRun (anonymous) at (610,64) size 48x16
              RenderRubyText {RT} at (-6,0) size 24x16
                RenderText {#text} at (3,0) size 10x16
                  text run at (3,0) width 16: "\x{3064}\x{304B}"
              RenderRubyBase (anonymous) at (0,0) size 48x16
                RenderInline {RB} at (0,0) size 19x16
                  RenderText {#text} at (7,0) size 19x16
                    text run at (7,0) width 16: "\x{675F}"
          RenderText {#text} at (617,80) size 19x16
            text run at (617,80) width 16: "\x{306E}"
          RenderRuby (inline) {RUBY} at (0,0) size 19x16
            RenderRubyRun (anonymous) at (610,96) size 48x16
              RenderRubyText {RT} at (-6,0) size 24x16
                RenderText {#text} at (3,4) size 10x8
                  text run at (3,4) width 8: "\x{307E}"
              RenderRubyBase (anonymous) at (0,0) size 48x16
                RenderInline {RB} at (0,0) size 19x16
                  RenderText {#text} at (7,0) size 19x16
                    text run at (7,0) width 16: "\x{9593}"
          RenderText {#text} at (617,112) size 67x496
            text run at (617,112) width 384: "\x{306E}\x{547D}\x{3092}\x{3001}\x{675F}\x{306E}\x{9593}\x{3067}\x{3082}\x{4F4F}\x{307F}\x{3088}\x{304F}\x{305B}\x{306D}\x{3070}\x{306A}\x{3089}\x{306C}\x{3002}\x{3053}\x{3053}\x{306B}\x{8A69}"
            text run at (665,0) width 352: "\x{4EBA}\x{3068}\x{3044}\x{3046}\x{5929}\x{8077}\x{304C}\x{51FA}\x{6765}\x{3066}\x{3001}\x{3053}\x{3053}\x{306B}\x{753B}\x{5BB6}\x{3068}\x{3044}\x{3046}\x{4F7F}\x{547D}\x{304C}"
          RenderRuby (inline) {RUBY} at (0,0) size 19x16
            RenderRubyRun (anonymous) at (658,352) size 48x16
              RenderRubyText {RT} at (-6,0) size 24x16
                RenderText {#text} at (3,0) size 10x16
                  text run at (3,0) width 16: "\x{304F}\x{3060}"
              RenderRubyBase (anonymous) at (0,0) size 48x16
                RenderInline {RB} at (0,0) size 19x16
                  RenderText {#text} at (7,0) size 19x16
                    text run at (7,0) width 16: "\x{964D}"
          RenderText {#text} at (665,368) size 67x496
            text run at (665,368) width 128: "\x{308B}\x{3002}\x{3042}\x{3089}\x{3086}\x{308B}\x{82B8}\x{8853}"
            text run at (713,0) width 112: "\x{306E}\x{58EB}\x{306F}\x{4EBA}\x{306E}\x{4E16}\x{3092}"
          RenderRuby (inline) {RUBY} at (0,0) size 19x32
            RenderRubyRun (anonymous) at (706,112) size 48x32
              RenderRubyText {RT} at (-6,0) size 24x32
                RenderText {#text} at (3,4) size 10x24
                  text run at (3,4) width 24: "\x{306E}\x{3069}\x{304B}"
              RenderRubyBase (anonymous) at (0,0) size 48x32
                RenderInline {RB} at (0,0) size 19x32
                  RenderText {#text} at (7,0) size 19x32
                    text run at (7,0) width 32: "\x{9577}\x{9591}"
          RenderText {#text} at (713,144) size 19x208
            text run at (713,144) width 208: "\x{306B}\x{3057}\x{3001}\x{4EBA}\x{306E}\x{5FC3}\x{3092}\x{8C4A}\x{304B}\x{306B}\x{3059}\x{308B}\x{304C}"
          RenderRuby (inline) {RUBY} at (0,0) size 19x16
            RenderRubyRun (anonymous) at (706,352) size 48x16
              RenderRubyText {RT} at (-6,0) size 24x16
                RenderText {#text} at (3,0) size 10x16
                  text run at (3,0) width 16: "\x{3086}\x{3048}"
              RenderRubyBase (anonymous) at (0,0) size 48x16
                RenderInline {RB} at (0,0) size 19x16
                  RenderText {#text} at (7,0) size 19x16
                    text run at (7,0) width 16: "\x{6545}"
          RenderText {#text} at (713,368) size 19x16
            text run at (713,368) width 16: "\x{306B}"
          RenderRuby (inline) {RUBY} at (0,0) size 19x16
            RenderRubyRun (anonymous) at (706,384) size 48x16
              RenderRubyText {RT} at (-6,0) size 24x16
                RenderText {#text} at (3,0) size 10x16
                  text run at (3,0) width 16: "\x{305F}\x{3063}"
              RenderRubyBase (anonymous) at (0,0) size 48x16
                RenderInline {RB} at (0,0) size 19x16
                  RenderText {#text} at (7,0) size 19x16
                    text run at (7,0) width 16: "\x{5C0A}"
          RenderText {#text} at (713,400) size 19x48
            text run at (713,400) width 48: "\x{3068}\x{3044}\x{3002}"
          RenderBR {BR} at (713,448) size 19x0
          RenderText {#text} at (761,0) size 19x240
            text run at (761,0) width 240: "\x{3000}\x{4F4F}\x{307F}\x{306B}\x{304F}\x{304D}\x{4E16}\x{304B}\x{3089}\x{3001}\x{4F4F}\x{307F}\x{306B}\x{304F}\x{304D}"
          RenderRuby (inline) {RUBY} at (0,0) size 19x16
            RenderRubyRun (anonymous) at (754,236) size 48x24
              RenderRubyText {RT} at (-6,0) size 24x24
                RenderText {#text} at (3,0) size 10x24
                  text run at (3,0) width 24: "\x{308F}\x{305A}\x{3089}"
              RenderRubyBase (anonymous) at (0,0) size 48x24
                RenderInline {RB} at (0,0) size 19x16
                  RenderText {#text} at (7,4) size 19x16
                    text run at (7,4) width 16: "\x{7169}"
          RenderText {#text} at (761,256) size 67x496
            text run at (761,256) width 240: "\x{3044}\x{3092}\x{5F15}\x{304D}\x{629C}\x{3044}\x{3066}\x{3001}\x{3042}\x{308A}\x{304C}\x{305F}\x{3044}\x{4E16}\x{754C}"
            text run at (809,0) width 256: "\x{3092}\x{307E}\x{306E}\x{3042}\x{305F}\x{308A}\x{306B}\x{5199}\x{3059}\x{306E}\x{304C}\x{8A69}\x{3067}\x{3042}\x{308B}\x{3001}"
          RenderRuby (inline) {RUBY} at (0,0) size 19x16
            RenderRubyRun (anonymous) at (802,256) size 48x16
              RenderRubyText {RT} at (-6,0) size 24x16
                RenderText {#text} at (3,4) size 10x8
                  text run at (3,4) width 8: "\x{3048}"
              RenderRubyBase (anonymous) at (0,0) size 48x16
                RenderInline {RB} at (0,0) size 19x16
                  RenderText {#text} at (7,0) size 19x16
                    text run at (7,0) width 16: "\x{753B}"
          RenderText {#text} at (809,272) size 67x496
            text run at (809,272) width 224: "\x{3067}\x{3042}\x{308B}\x{3002}\x{3042}\x{308B}\x{306F}\x{97F3}\x{697D}\x{3068}\x{5F6B}\x{523B}\x{3067}\x{3042}"
            text run at (857,0) width 96: "\x{308B}\x{3002}\x{3053}\x{307E}\x{304B}\x{306B}"
          RenderRuby (inline) {RUBY} at (0,0) size 19x16
            RenderRubyRun (anonymous) at (850,96) size 48x16
              RenderRubyText {RT} at (-6,0) size 24x16
                RenderText {#text} at (3,4) size 10x8
                  text run at (3,4) width 8: "\x{3044}"
              RenderRubyBase (anonymous) at (0,0) size 48x16
                RenderInline {RB} at (0,0) size 19x16
                  RenderText {#text} at (7,0) size 19x16
                    text run at (7,0) width 16: "\x{4E91}"
          RenderText {#text} at (857,112) size 67x496
            text run at (857,112) width 384: "\x{3048}\x{3070}\x{5199}\x{3055}\x{306A}\x{3044}\x{3067}\x{3082}\x{3088}\x{3044}\x{3002}\x{305F}\x{3060}\x{307E}\x{306E}\x{3042}\x{305F}\x{308A}\x{306B}\x{898B}\x{308C}\x{3070}\x{3001}\x{305D}"
            text run at (905,0) width 144: "\x{3053}\x{306B}\x{8A69}\x{3082}\x{751F}\x{304D}\x{3001}\x{6B4C}\x{3082}"
          RenderRuby (inline) {RUBY} at (0,0) size 19x16
            RenderRubyRun (anonymous) at (898,144) size 48x16
              RenderRubyText {RT} at (-6,0) size 24x16
                RenderText {#text} at (3,4) size 10x8
                  text run at (3,4) width 8: "\x{308F}"
              RenderRubyBase (anonymous) at (0,0) size 48x16
                RenderInline {RB} at (0,0) size 19x16
                  RenderText {#text} at (7,0) size 19x16
                    text run at (7,0) width 16: "\x{6E67}"
          RenderText {#text} at (905,160) size 19x192
            text run at (905,160) width 192: "\x{304F}\x{3002}\x{7740}\x{60F3}\x{3092}\x{7D19}\x{306B}\x{843D}\x{3055}\x{306C}\x{3068}\x{3082}"
          RenderRuby (inline) {RUBY} at (0,0) size 19x32
            RenderRubyRun (anonymous) at (898,348) size 48x40
              RenderRubyText {RT} at (-6,0) size 24x40
                RenderText {#text} at (3,0) size 10x40
                  text run at (3,0) width 40: "\x{304D}\x{3085}\x{3046}\x{305D}\x{3046}"
              RenderRubyBase (anonymous) at (0,0) size 48x40
                RenderInline {RB} at (0,0) size 19x32
                  RenderText {#text} at (7,4) size 19x16
                    text run at (7,4) width 16: "\x{7486}"
                  RenderText {#text} at (7,20) size 19x16
                    text run at (7,20) width 16: "\x{93D8}"
          RenderText {#text} at (905,384) size 19x16
            text run at (905,384) width 16: "\x{306E}"
          RenderRuby (inline) {RUBY} at (0,0) size 19x16
            RenderRubyRun (anonymous) at (898,400) size 48x16
              RenderRubyText {RT} at (-6,0) size 24x16
                RenderText {#text} at (3,0) size 10x16
                  text run at (3,0) width 16: "\x{304A}\x{3093}"
              RenderRubyBase (anonymous) at (0,0) size 48x16
                RenderInline {RB} at (0,0) size 19x16
                  RenderText {#text} at (7,0) size 19x16
                    text run at (7,0) width 16: "\x{97F3}"
          RenderText {#text} at (905,416) size 19x16
            text run at (905,416) width 16: "\x{306F}"
          RenderRuby (inline) {RUBY} at (0,0) size 19x32
            RenderRubyRun (anonymous) at (898,432) size 48x32
              RenderRubyText {RT} at (-6,0) size 24x32
                RenderText {#text} at (3,0) size 10x32
                  text run at (3,0) width 32: "\x{304D}\x{3087}\x{3046}\x{308A}"
              RenderRubyBase (anonymous) at (0,0) size 48x32
                RenderInline {RB} at (0,0) size 19x32
                  RenderText {#text} at (7,0) size 19x32
                    text run at (7,0) width 32: "\x{80F8}\x{88CF}"
          RenderText {#text} at (905,464) size 19x16
            text run at (905,464) width 16: "\x{306B}"
          RenderRuby (inline) {RUBY} at (0,0) size 19x16
            RenderRubyRun (anonymous) at (898,480) size 48x16
              RenderRubyText {RT} at (-6,0) size 24x16
                RenderText {#text} at (3,0) size 10x16
                  text run at (3,0) width 16: "\x{304A}\x{3053}"
              RenderRubyBase (anonymous) at (0,0) size 48x16
                RenderInline {RB} at (0,0) size 19x16
                  RenderText {#text} at (7,0) size 19x16
                    text run at (7,0) width 16: "\x{8D77}"
          RenderText {#text} at (953,0) size 19x32
            text run at (953,0) width 32: "\x{308B}\x{3002}"
          RenderRuby (inline) {RUBY} at (0,0) size 19x32
            RenderRubyRun (anonymous) at (946,32) size 48x32
              RenderRubyText {RT} at (-6,0) size 24x32
                RenderText {#text} at (3,0) size 10x32
                  text run at (3,0) width 32: "\x{305F}\x{3093}\x{305B}\x{3044}"
              RenderRubyBase (anonymous) at (0,0) size 48x32
                RenderInline {RB} at (0,0) size 19x32
                  RenderText {#text} at (7,0) size 19x32
                    text run at (7,0) width 32: "\x{4E39}\x{9752}"
          RenderText {#text} at (953,64) size 19x16
            text run at (953,64) width 16: "\x{306F}"
          RenderRuby (inline) {RUBY} at (0,0) size 19x32
            RenderRubyRun (anonymous) at (946,80) size 48x32
              RenderRubyText {RT} at (-6,0) size 24x32
                RenderText {#text} at (3,8) size 10x16
                  text run at (3,8) width 16: "\x{304C}\x{304B}"
              RenderRubyBase (anonymous) at (0,0) size 48x32
                RenderInline {RB} at (0,0) size 19x32
                  RenderText {#text} at (7,0) size 19x32
                    text run at (7,0) width 32: "\x{753B}\x{67B6}"
          RenderText {#text} at (953,112) size 19x64
            text run at (953,112) width 64: "\x{306B}\x{5411}\x{3063}\x{3066}"
          RenderRuby (inline) {RUBY} at (0,0) size 19x32
            RenderRubyRun (anonymous) at (946,176) size 48x32
              RenderRubyText {RT} at (-6,0) size 24x32
                RenderText {#text} at (3,4) size 10x24
                  text run at (3,4) width 24: "\x{3068}\x{307E}\x{3064}"
              RenderRubyBase (anonymous) at (0,0) size 48x32
                RenderInline {RB} at (0,0) size 19x32
                  RenderText {#text} at (7,0) size 19x32
                    text run at (7,0) width 32: "\x{5857}\x{62B9}"
          RenderText {#text} at (953,208) size 19x64
            text run at (953,208) width 64: "\x{305B}\x{3093}\x{3067}\x{3082}"
          RenderRuby (inline) {RUBY} at (0,0) size 19x32
            RenderRubyRun (anonymous) at (946,272) size 48x32
              RenderRubyText {RT} at (-6,0) size 24x32
                RenderText {#text} at (3,4) size 10x24
                  text run at (3,4) width 24: "\x{3054}\x{3055}\x{3044}"
              RenderRubyBase (anonymous) at (0,0) size 48x32
                RenderInline {RB} at (0,0) size 19x32
                  RenderText {#text} at (7,0) size 19x32
                    text run at (7,0) width 32: "\x{4E94}\x{5F69}"
          RenderText {#text} at (953,304) size 19x16
            text run at (953,304) width 16: "\x{306E}"
          RenderRuby (inline) {RUBY} at (0,0) size 19x32
            RenderRubyRun (anonymous) at (946,320) size 48x32
              RenderRubyText {RT} at (-6,0) size 24x32
                RenderText {#text} at (3,0) size 10x32
                  text run at (3,0) width 32: "\x{3051}\x{3093}\x{3089}\x{3093}"
              RenderRubyBase (anonymous) at (0,0) size 48x32
                RenderInline {RB} at (0,0) size 19x32
                  RenderText {#text} at (7,0) size 19x32
                    text run at (7,0) width 32: "\x{7D62}\x{721B}"
          RenderText {#text} at (953,352) size 19x16
            text run at (953,352) width 16: "\x{306F}"
          RenderRuby (inline) {RUBY} at (0,0) size 19x16
            RenderRubyRun (anonymous) at (946,364) size 48x24
              RenderRubyText {RT} at (-6,0) size 24x24
                RenderText {#text} at (3,0) size 10x24
                  text run at (3,0) width 24: "\x{304A}\x{306E}\x{305A}"
              RenderRubyBase (anonymous) at (0,0) size 48x24
                RenderInline {RB} at (0,0) size 19x16
                  RenderText {#text} at (7,4) size 19x16
                    text run at (7,4) width 16: "\x{81EA}"
          RenderText {#text} at (953,384) size 19x32
            text run at (953,384) width 32: "\x{304B}\x{3089}"
          RenderRuby (inline) {RUBY} at (0,0) size 19x32
            RenderRubyRun (anonymous) at (946,416) size 48x32
              RenderRubyText {RT} at (-6,0) size 24x32
                RenderText {#text} at (3,0) size 10x32
                  text run at (3,0) width 32: "\x{3057}\x{3093}\x{304C}\x{3093}"
              RenderRubyBase (anonymous) at (0,0) size 48x32
                RenderInline {RB} at (0,0) size 19x32
                  RenderText {#text} at (7,0) size 19x32
                    text run at (7,0) width 32: "\x{5FC3}\x{773C}"
          RenderText {#text} at (953,448) size 67x480
            text run at (953,448) width 32: "\x{306B}\x{6620}"
            text run at (1001,0) width 224: "\x{308B}\x{3002}\x{305F}\x{3060}\x{304A}\x{306E}\x{304C}\x{4F4F}\x{3080}\x{4E16}\x{3092}\x{3001}\x{304B}\x{304F}"
          RenderRuby (inline) {RUBY} at (0,0) size 19x16
            RenderRubyRun (anonymous) at (994,224) size 48x16
              RenderRubyText {RT} at (-6,0) size 24x16
                RenderText {#text} at (3,0) size 10x16
                  text run at (3,0) width 16: "\x{304B}\x{3093}"
              RenderRubyBase (anonymous) at (0,0) size 48x16
                RenderInline {RB} at (0,0) size 19x16
                  RenderText {#text} at (7,0) size 19x16
                    text run at (7,0) width 16: "\x{89B3}"
          RenderText {#text} at (1001,240) size 19x64
            text run at (1001,240) width 64: "\x{3058}\x{5F97}\x{3066}\x{3001}"
          RenderRuby (inline) {RUBY} at (0,0) size 19x64
            RenderRubyRun (anonymous) at (994,304) size 48x64
              RenderRubyText {RT} at (-6,0) size 24x64
                RenderText {#text} at (3,0) size 10x64
                  text run at (3,0) width 64: "\x{308C}\x{3044}\x{3060}\x{3044}\x{307B}\x{3046}\x{3059}\x{3093}"
              RenderRubyBase (anonymous) at (0,0) size 48x64
                RenderInline {RB} at (0,0) size 19x64
                  RenderText {#text} at (7,0) size 19x64
                    text run at (7,0) width 64: "\x{970A}\x{53F0}\x{65B9}\x{5BF8}"
          RenderText {#text} at (1001,368) size 19x80
            text run at (1001,368) width 80: "\x{306E}\x{30AB}\x{30E1}\x{30E9}\x{306B}"
          RenderRuby (inline) {RUBY} at (0,0) size 19x64
            RenderRubyRun (anonymous) at (1042,0) size 48x64
              RenderRubyText {RT} at (-6,0) size 24x64
                RenderText {#text} at (3,0) size 10x64
                  text run at (3,0) width 64: "\x{304E}\x{3087}\x{3046}\x{304D}\x{3053}\x{3093}\x{3060}\x{304F}"
              RenderRubyBase (anonymous) at (0,0) size 48x64
                RenderInline {RB} at (0,0) size 19x64
                  RenderText {#text} at (7,0) size 19x64
                    text run at (7,0) width 64: "\x{6F86}\x{5B63}\x{6EB7}\x{6FC1}"
          RenderText {#text} at (1049,64) size 19x208
            text run at (1049,64) width 208: "\x{306E}\x{4FD7}\x{754C}\x{3092}\x{6E05}\x{304F}\x{3046}\x{3089}\x{3089}\x{304B}\x{306B}\x{53CE}\x{3081}"
          RenderRuby (inline) {RUBY} at (0,0) size 19x16
            RenderRubyRun (anonymous) at (1042,272) size 48x16
              RenderRubyText {RT} at (-6,0) size 24x16
                RenderText {#text} at (3,4) size 10x8
                  text run at (3,4) width 8: "\x{3046}"
              RenderRubyBase (anonymous) at (0,0) size 48x16
                RenderInline {RB} at (0,0) size 19x16
                  RenderText {#text} at (7,0) size 19x16
                    text run at (7,0) width 16: "\x{5F97}"
          RenderText {#text} at (1049,288) size 19x32
            text run at (1049,288) width 32: "\x{308C}\x{3070}"
          RenderRuby (inline) {RUBY} at (0,0) size 19x16
            RenderRubyRun (anonymous) at (1042,320) size 48x16
              RenderRubyText {RT} at (-6,0) size 24x16
                RenderText {#text} at (3,4) size 10x8
                  text run at (3,4) width 8: "\x{305F}"
              RenderRubyBase (anonymous) at (0,0) size 48x16
                RenderInline {RB} at (0,0) size 19x16
                  RenderText {#text} at (7,0) size 19x16
                    text run at (7,0) width 16: "\x{8DB3}"
          RenderText {#text} at (1049,336) size 19x96
            text run at (1049,336) width 96: "\x{308B}\x{3002}\x{3053}\x{306E}\x{6545}\x{306B}"
          RenderRuby (inline) {RUBY} at (0,0) size 19x32
            RenderRubyRun (anonymous) at (1042,432) size 48x32
              RenderRubyText {RT} at (-6,0) size 24x32
                RenderText {#text} at (3,4) size 10x24
                  text run at (3,4) width 24: "\x{3080}\x{305B}\x{3044}"
              RenderRubyBase (anonymous) at (0,0) size 48x32
                RenderInline {RB} at (0,0) size 19x32
                  RenderText {#text} at (7,0) size 19x32
                    text run at (7,0) width 32: "\x{7121}\x{58F0}"
          RenderText {#text} at (1049,464) size 67x496
            text run at (1049,464) width 32: "\x{306E}\x{8A69}"
            text run at (1097,0) width 128: "\x{4EBA}\x{306B}\x{306F}\x{4E00}\x{53E5}\x{306A}\x{304F}\x{3001}"
          RenderRuby (inline) {RUBY} at (0,0) size 19x32
            RenderRubyRun (anonymous) at (1090,128) size 48x32
              RenderRubyText {RT} at (-6,0) size 24x32
                RenderText {#text} at (3,0) size 10x32
                  text run at (3,0) width 32: "\x{3080}\x{3057}\x{3087}\x{304F}"
              RenderRubyBase (anonymous) at (0,0) size 48x32
                RenderInline {RB} at (0,0) size 19x32
                  RenderText {#text} at (7,0) size 19x32
                    text run at (7,0) width 32: "\x{7121}\x{8272}"
          RenderText {#text} at (1097,160) size 19x80
            text run at (1097,160) width 80: "\x{306E}\x{753B}\x{5BB6}\x{306B}\x{306F}"
          RenderRuby (inline) {RUBY} at (0,0) size 19x32
            RenderRubyRun (anonymous) at (1090,240) size 48x32
              RenderRubyText {RT} at (-6,0) size 24x32
                RenderText {#text} at (3,0) size 10x32
                  text run at (3,0) width 32: "\x{305B}\x{3063}\x{3051}\x{3093}"
              RenderRubyBase (anonymous) at (0,0) size 48x32
                RenderInline {RB} at (0,0) size 19x32
                  RenderText {#text} at (7,0) size 19x32
                    text run at (7,0) width 32: "\x{5C3A}\x{7E11}"
          RenderText {#text} at (1097,272) size 19x96
            text run at (1097,272) width 96: "\x{306A}\x{304D}\x{3082}\x{3001}\x{304B}\x{304F}"
          RenderRuby (inline) {RUBY} at (0,0) size 19x32
            RenderRubyRun (anonymous) at (1090,368) size 48x32
              RenderRubyText {RT} at (-6,0) size 24x32
                RenderText {#text} at (3,0) size 10x32
                  text run at (3,0) width 32: "\x{3058}\x{3093}\x{305B}\x{3044}"
              RenderRubyBase (anonymous) at (0,0) size 48x32
                RenderInline {RB} at (0,0) size 19x32
                  RenderText {#text} at (7,0) size 19x32
                    text run at (7,0) width 32: "\x{4EBA}\x{4E16}"
          RenderText {#text} at (1097,400) size 67x496
            text run at (1097,400) width 96: "\x{3092}\x{89B3}\x{3058}\x{5F97}\x{308B}\x{306E}"
            text run at (1145,0) width 128: "\x{70B9}\x{306B}\x{304A}\x{3044}\x{3066}\x{3001}\x{304B}\x{304F}"
          RenderRuby (inline) {RUBY} at (0,0) size 19x32
            RenderRubyRun (anonymous) at (1138,128) size 48x32
              RenderRubyText {RT} at (-6,0) size 24x32
                RenderText {#text} at (3,0) size 10x32
                  text run at (3,0) width 32: "\x{307C}\x{3093}\x{306E}\x{3046}"
              RenderRubyBase (anonymous) at (0,0) size 48x32
                RenderInline {RB} at (0,0) size 19x32
                  RenderText {#text} at (7,0) size 19x32
                    text run at (7,0) width 32: "\x{7169}\x{60A9}"
          RenderText {#text} at (1145,160) size 19x16
            text run at (1145,160) width 16: "\x{3092}"
          RenderRuby (inline) {RUBY} at (0,0) size 19x32
            RenderRubyRun (anonymous) at (1138,176) size 48x32
              RenderRubyText {RT} at (-6,0) size 24x32
                RenderText {#text} at (3,4) size 10x24
                  text run at (3,4) width 24: "\x{3052}\x{3060}\x{3064}"
              RenderRubyBase (anonymous) at (0,0) size 48x32
                RenderInline {RB} at (0,0) size 19x32
                  RenderText {#text} at (7,0) size 19x32
                    text run at (7,0) width 32: "\x{89E3}\x{8131}"
          RenderText {#text} at (1145,208) size 19x176
            text run at (1145,208) width 176: "\x{3059}\x{308B}\x{306E}\x{70B9}\x{306B}\x{304A}\x{3044}\x{3066}\x{3001}\x{304B}\x{304F}"
          RenderRuby (inline) {RUBY} at (0,0) size 19x56
            RenderRubyRun (anonymous) at (1138,380) size 48x64
              RenderRubyText {RT} at (-6,0) size 24x64
                RenderText {#text} at (3,0) size 10x64
                  text run at (3,0) width 64: "\x{3057}\x{3087}\x{3046}\x{3058}\x{3087}\x{3046}\x{304B}\x{3044}"
              RenderRubyBase (anonymous) at (0,0) size 48x64
                RenderInline {RB} at (0,0) size 19x48
                  RenderText {#text} at (7,8) size 19x48
                    text run at (7,8) width 48: "\x{6E05}\x{6D44}\x{754C}"
          RenderText {#text} at (1145,440) size 19x16
            text run at (1145,440) width 16: "\x{306B}"
          RenderRuby (inline) {RUBY} at (0,0) size 19x44
            RenderRubyRun (anonymous) at (1138,452) size 48x48
              RenderRubyText {RT} at (-6,0) size 24x48
                RenderText {#text} at (3,0) size 10x48
                  text run at (3,0) width 48: "\x{3057}\x{3085}\x{3064}\x{306B}\x{3085}\x{3046}"
              RenderRubyBase (anonymous) at (0,0) size 48x48
                RenderInline {RB} at (0,0) size 19x32
                  RenderText {#text} at (7,8) size 19x32
                    text run at (7,8) width 32: "\x{51FA}\x{5165}"
          RenderText {#text} at (1193,0) size 19x224
            text run at (1193,0) width 224: "\x{3057}\x{5F97}\x{308B}\x{306E}\x{70B9}\x{306B}\x{304A}\x{3044}\x{3066}\x{3001}\x{307E}\x{305F}\x{3053}\x{306E}"
          RenderRuby (inline) {RUBY} at (0,0) size 19x64
            RenderRubyRun (anonymous) at (1186,224) size 48x64
              RenderRubyText {RT} at (-6,0) size 24x64
                RenderText {#text} at (3,12) size 10x40
                  text run at (3,12) width 40: "\x{3075}\x{3069}\x{3046}\x{3075}\x{3058}"
              RenderRubyBase (anonymous) at (0,0) size 48x64
                RenderInline {RB} at (0,0) size 19x64
                  RenderText {#text} at (7,0) size 19x64
                    text run at (7,0) width 64: "\x{4E0D}\x{540C}\x{4E0D}\x{4E8C}"
          RenderText {#text} at (1193,288) size 19x16
            text run at (1193,288) width 16: "\x{306E}"
          RenderRuby (inline) {RUBY} at (0,0) size 19x32
            RenderRubyRun (anonymous) at (1186,304) size 48x32
              RenderRubyText {RT} at (-6,0) size 24x32
                RenderText {#text} at (3,0) size 10x32
                  text run at (3,0) width 32: "\x{3051}\x{3093}\x{3053}\x{3093}"
              RenderRubyBase (anonymous) at (0,0) size 48x32
                RenderInline {RB} at (0,0) size 19x32
                  RenderText {#text} at (7,0) size 19x32
                    text run at (7,0) width 32: "\x{4E7E}\x{5764}"
          RenderText {#text} at (1193,336) size 19x16
            text run at (1193,336) width 16: "\x{3092}"
          RenderRuby (inline) {RUBY} at (0,0) size 19x32
            RenderRubyRun (anonymous) at (1186,348) size 48x40
              RenderRubyText {RT} at (-6,0) size 24x40
                RenderText {#text} at (3,0) size 10x40
                  text run at (3,0) width 40: "\x{3053}\x{3093}\x{308A}\x{3085}\x{3046}"
              RenderRubyBase (anonymous) at (0,0) size 48x40
                RenderInline {RB} at (0,0) size 19x32
                  RenderText {#text} at (7,4) size 19x32
                    text run at (7,4) width 32: "\x{5EFA}\x{7ACB}"
          RenderText {#text} at (1193,384) size 67x496
            text run at (1193,384) width 112: "\x{3057}\x{5F97}\x{308B}\x{306E}\x{70B9}\x{306B}\x{304A}"
            text run at (1241,0) width 48: "\x{3044}\x{3066}\x{3001}"
          RenderRuby (inline) {RUBY} at (0,0) size 19x64
            RenderRubyRun (anonymous) at (1234,48) size 48x64
              RenderRubyText {RT} at (-6,0) size 24x64
                RenderText {#text} at (3,12) size 10x40
                  text run at (3,12) width 40: "\x{304C}\x{308A}\x{3057}\x{3088}\x{304F}"
              RenderRubyBase (anonymous) at (0,0) size 48x64
                RenderInline {RB} at (0,0) size 19x64
                  RenderText {#text} at (7,0) size 19x64
                    text run at (7,0) width 64: "\x{6211}\x{5229}\x{79C1}\x{617E}"
          RenderText {#text} at (1241,112) size 19x16
            text run at (1241,112) width 16: "\x{306E}"
          RenderRuby (inline) {RUBY} at (0,0) size 19x32
            RenderRubyRun (anonymous) at (1234,128) size 48x32
              RenderRubyText {RT} at (-6,0) size 24x32
                RenderText {#text} at (3,4) size 10x24
                  text run at (3,4) width 24: "\x{304D}\x{306F}\x{3093}"
              RenderRubyBase (anonymous) at (0,0) size 48x32
                RenderInline {RB} at (0,0) size 19x32
                  RenderText {#text} at (7,0) size 19x32
                    text run at (7,0) width 32: "\x{898A}\x{7D46}"
          RenderText {#text} at (1241,160) size 19x16
            text run at (1241,160) width 16: "\x{3092}"
          RenderRuby (inline) {RUBY} at (0,0) size 19x32
            RenderRubyRun (anonymous) at (1234,176) size 48x32
              RenderRubyText {RT} at (-6,0) size 24x32
                RenderText {#text} at (3,0) size 10x32
                  text run at (3,0) width 32: "\x{305D}\x{3046}\x{3068}\x{3046}"
              RenderRubyBase (anonymous) at (0,0) size 48x32
                RenderInline {RB} at (0,0) size 19x32
                  RenderText {#text} at (7,0) size 19x32
                    text run at (7,0) width 32: "\x{6383}\x{8569}"
          RenderText {#text} at (1241,208) size 19x176
            text run at (1241,208) width 176: "\x{3059}\x{308B}\x{306E}\x{70B9}\x{306B}\x{304A}\x{3044}\x{3066}\x{3001}\x{2015}\x{2015}"
          RenderRuby (inline) {RUBY} at (0,0) size 19x32
            RenderRubyRun (anonymous) at (1234,384) size 48x32
              RenderRubyText {RT} at (-6,0) size 24x32
                RenderText {#text} at (3,0) size 10x32
                  text run at (3,0) width 32: "\x{305B}\x{3093}\x{304D}\x{3093}"
              RenderRubyBase (anonymous) at (0,0) size 48x32
                RenderInline {RB} at (0,0) size 19x32
                  RenderText {#text} at (7,0) size 19x32
                    text run at (7,0) width 32: "\x{5343}\x{91D1}"
          RenderText {#text} at (1241,416) size 67x480
            text run at (1241,416) width 64: "\x{306E}\x{5B50}\x{3088}\x{308A}"
            text run at (1289,0) width 32: "\x{3082}\x{3001}"
          RenderRuby (inline) {RUBY} at (0,0) size 19x32
            RenderRubyRun (anonymous) at (1282,28) size 48x40
              RenderRubyText {RT} at (-6,0) size 24x40
                RenderText {#text} at (3,0) size 10x40
                  text run at (3,0) width 40: "\x{3070}\x{3093}\x{3058}\x{3087}\x{3046}"
              RenderRubyBase (anonymous) at (0,0) size 48x40
                RenderInline {RB} at (0,0) size 19x32
                  RenderText {#text} at (7,4) size 19x32
                    text run at (7,4) width 32: "\x{4E07}\x{4E57}"
          RenderText {#text} at (1289,64) size 19x208
            text run at (1289,64) width 208: "\x{306E}\x{541B}\x{3088}\x{308A}\x{3082}\x{3001}\x{3042}\x{3089}\x{3086}\x{308B}\x{4FD7}\x{754C}\x{306E}"
          RenderRuby (inline) {RUBY} at (0,0) size 19x32
            RenderRubyRun (anonymous) at (1282,272) size 48x32
              RenderRubyText {RT} at (-6,0) size 24x32
                RenderText {#text} at (3,0) size 10x32
                  text run at (3,0) width 32: "\x{3061}\x{3087}\x{3046}\x{3058}"
              RenderRubyBase (anonymous) at (0,0) size 48x32
                RenderInline {RB} at (0,0) size 19x32
                  RenderText {#text} at (7,0) size 19x32
                    text run at (7,0) width 32: "\x{5BF5}\x{5150}"
          RenderText {#text} at (1289,304) size 19x144
            text run at (1289,304) width 144: "\x{3088}\x{308A}\x{3082}\x{5E78}\x{798F}\x{3067}\x{3042}\x{308B}\x{3002}"
          RenderBR {BR} at (1289,448) size 19x0
          RenderText {#text} at (1337,0) size 19x272
            text run at (1337,0) width 272: "\x{3000}\x{4E16}\x{306B}\x{4F4F}\x{3080}\x{3053}\x{3068}\x{4E8C}\x{5341}\x{5E74}\x{306B}\x{3057}\x{3066}\x{3001}\x{4F4F}\x{3080}\x{306B}"
          RenderRuby (inline) {RUBY} at (0,0) size 19x32
            RenderRubyRun (anonymous) at (1330,272) size 48x32
              RenderRubyText {RT} at (-6,0) size 24x32
                RenderText {#text} at (3,8) size 10x16
                  text run at (3,8) width 16: "\x{304B}\x{3044}"
              RenderRubyBase (anonymous) at (0,0) size 48x32
                RenderInline {RB} at (0,0) size 19x32
                  RenderText {#text} at (7,0) size 19x32
                    text run at (7,0) width 32: "\x{7532}\x{6590}"
          RenderText {#text} at (1337,304) size 67x496
            text run at (1337,304) width 192: "\x{3042}\x{308B}\x{4E16}\x{3068}\x{77E5}\x{3063}\x{305F}\x{3002}\x{4E8C}\x{5341}\x{4E94}\x{5E74}"
            text run at (1385,0) width 96: "\x{306B}\x{3057}\x{3066}\x{660E}\x{6697}\x{306F}"
          RenderRuby (inline) {RUBY} at (0,0) size 19x32
            RenderRubyRun (anonymous) at (1378,96) size 48x32
              RenderRubyText {RT} at (-6,0) size 24x32
                RenderText {#text} at (3,0) size 10x32
                  text run at (3,0) width 32: "\x{3072}\x{3087}\x{3046}\x{308A}"
              RenderRubyBase (anonymous) at (0,0) size 48x32
                RenderInline {RB} at (0,0) size 19x32
                  RenderText {#text} at (7,0) size 19x32
                    text run at (7,0) width 32: "\x{8868}\x{88CF}"
          RenderText {#text} at (1385,128) size 67x496
            text run at (1385,128) width 368: "\x{306E}\x{3054}\x{3068}\x{304F}\x{3001}\x{65E5}\x{306E}\x{3042}\x{305F}\x{308B}\x{6240}\x{306B}\x{306F}\x{304D}\x{3063}\x{3068}\x{5F71}\x{304C}\x{3055}\x{3059}\x{3068}\x{609F}\x{3063}"
            text run at (1433,0) width 80: "\x{305F}\x{3002}\x{4E09}\x{5341}\x{306E}"
          RenderRuby (inline) {RUBY} at (0,0) size 19x32
            RenderRubyRun (anonymous) at (1426,80) size 48x32
              RenderRubyText {RT} at (-6,0) size 24x32
                RenderText {#text} at (3,0) size 10x32
                  text run at (3,0) width 32: "\x{3053}\x{3093}\x{306B}\x{3061}"
              RenderRubyBase (anonymous) at (0,0) size 48x32
                RenderInline {RB} at (0,0) size 19x32
                  RenderText {#text} at (7,0) size 19x32
                    text run at (7,0) width 32: "\x{4ECA}\x{65E5}"
          RenderText {#text} at (1433,112) size 19x288
            text run at (1433,112) width 288: "\x{306F}\x{3053}\x{3046}\x{601D}\x{3046}\x{3066}\x{3044}\x{308B}\x{3002}\x{2015}\x{2015}\x{559C}\x{3073}\x{306E}\x{6DF1}\x{304D}\x{3068}\x{304D}"
          RenderRuby (inline) {RUBY} at (0,0) size 19x16
            RenderRubyRun (anonymous) at (1426,396) size 48x24
              RenderRubyText {RT} at (-6,0) size 24x24
                RenderText {#text} at (3,0) size 10x24
                  text run at (3,0) width 24: "\x{3046}\x{308C}\x{3044}"
              RenderRubyBase (anonymous) at (0,0) size 48x24
                RenderInline {RB} at (0,0) size 19x16
                  RenderText {#text} at (7,4) size 19x16
                    text run at (7,4) width 16: "\x{6182}"
          RenderText {#text} at (1433,416) size 67x496
            text run at (1433,416) width 80: "\x{3044}\x{3088}\x{3044}\x{3088}\x{6DF1}"
            text run at (1481,0) width 32: "\x{304F}\x{3001}"
          RenderRuby (inline) {RUBY} at (0,0) size 19x16
            RenderRubyRun (anonymous) at (1474,28) size 48x24
              RenderRubyText {RT} at (-6,0) size 24x24
                RenderText {#text} at (3,0) size 10x24
                  text run at (3,0) width 24: "\x{305F}\x{306E}\x{3057}"
              RenderRubyBase (anonymous) at (0,0) size 48x24
                RenderInline {RB} at (0,0) size 19x16
                  RenderText {#text} at (7,4) size 19x16
                    text run at (7,4) width 16: "\x{697D}"
          RenderText {#text} at (1481,48) size 67x496
            text run at (1481,48) width 448: "\x{307F}\x{306E}\x{5927}\x{3044}\x{306A}\x{308B}\x{307B}\x{3069}\x{82E6}\x{3057}\x{307F}\x{3082}\x{5927}\x{304D}\x{3044}\x{3002}\x{3053}\x{308C}\x{3092}\x{5207}\x{308A}\x{653E}\x{305D}\x{3046}\x{3068}\x{3059}\x{308B}\x{3068}"
            text run at (1529,0) width 96: "\x{8EAB}\x{304C}\x{6301}\x{3066}\x{306C}\x{3002}"
          RenderRuby (inline) {RUBY} at (0,0) size 19x16
            RenderRubyRun (anonymous) at (1522,96) size 48x16
              RenderRubyText {RT} at (-6,0) size 24x16
                RenderText {#text} at (3,0) size 10x16
                  text run at (3,0) width 16: "\x{304B}\x{305F}"
              RenderRubyBase (anonymous) at (0,0) size 48x16
                RenderInline {RB} at (0,0) size 19x16
                  RenderText {#text} at (7,0) size 19x16
                    text run at (7,0) width 16: "\x{7247}"
          RenderText {#text} at (1529,112) size 67x496
            text run at (1529,112) width 384: "\x{3065}\x{3051}\x{3088}\x{3046}\x{3068}\x{3059}\x{308C}\x{3070}\x{4E16}\x{304C}\x{7ACB}\x{305F}\x{306C}\x{3002}\x{91D1}\x{306F}\x{5927}\x{4E8B}\x{3060}\x{3001}\x{5927}\x{4E8B}\x{306A}\x{3082}"
            text run at (1577,0) width 32: "\x{306E}\x{304C}"
          RenderRuby (inline) {RUBY} at (0,0) size 19x16
            RenderRubyRun (anonymous) at (1570,32) size 48x16
              RenderRubyText {RT} at (-6,0) size 24x16
                RenderText {#text} at (3,4) size 10x8
                  text run at (3,4) width 8: "\x{3075}"
              RenderRubyBase (anonymous) at (0,0) size 48x16
                RenderInline {RB} at (0,0) size 19x16
                  RenderText {#text} at (7,0) size 19x16
                    text run at (7,0) width 16: "\x{6B96}"
          RenderText {#text} at (1577,48) size 19x48
            text run at (1577,48) width 48: "\x{3048}\x{308C}\x{3070}"
          RenderRuby (inline) {RUBY} at (0,0) size 19x16
            RenderRubyRun (anonymous) at (1570,96) size 48x16
              RenderRubyText {RT} at (-6,0) size 24x16
                RenderText {#text} at (3,4) size 10x8
                  text run at (3,4) width 8: "\x{306D}"
              RenderRubyBase (anonymous) at (0,0) size 48x16
                RenderInline {RB} at (0,0) size 19x16
                  RenderText {#text} at (7,0) size 19x16
                    text run at (7,0) width 16: "\x{5BDD}"
          RenderText {#text} at (1577,112) size 19x16
            text run at (1577,112) width 16: "\x{308B}"
          RenderRuby (inline) {RUBY} at (0,0) size 19x16
            RenderRubyRun (anonymous) at (1570,128) size 48x16
              RenderRubyText {RT} at (-6,0) size 24x16
                RenderText {#text} at (3,4) size 10x8
                  text run at (3,4) width 8: "\x{307E}"
              RenderRubyBase (anonymous) at (0,0) size 48x16
                RenderInline {RB} at (0,0) size 19x16
                  RenderText {#text} at (7,0) size 19x16
                    text run at (7,0) width 16: "\x{9593}"
          RenderText {#text} at (1577,144) size 67x496
            text run at (1577,144) width 352: "\x{3082}\x{5FC3}\x{914D}\x{3060}\x{308D}\x{3046}\x{3002}\x{604B}\x{306F}\x{3046}\x{308C}\x{3057}\x{3044}\x{3001}\x{5B09}\x{3057}\x{3044}\x{604B}\x{304C}\x{7A4D}\x{3082}\x{308C}"
            text run at (1625,0) width 464: "\x{3070}\x{3001}\x{604B}\x{3092}\x{305B}\x{306C}\x{6614}\x{304C}\x{304B}\x{3048}\x{3063}\x{3066}\x{604B}\x{3057}\x{304B}\x{308D}\x{3002}\x{95A3}\x{50DA}\x{306E}\x{80A9}\x{306F}\x{6570}\x{767E}\x{4E07}\x{4EBA}\x{306E}\x{8DB3}\x{3092}"
          RenderRuby (inline) {RUBY} at (0,0) size 19x16
            RenderRubyRun (anonymous) at (1618,464) size 48x16
              RenderRubyText {RT} at (-6,0) size 24x16
                RenderText {#text} at (3,0) size 10x16
                  text run at (3,0) width 16: "\x{3055}\x{3055}"
              RenderRubyBase (anonymous) at (0,0) size 48x16
                RenderInline {RB} at (0,0) size 19x16
                  RenderText {#text} at (7,0) size 19x16
                    text run at (7,0) width 16: "\x{652F}"
          RenderText {#text} at (1625,480) size 67x496
            text run at (1625,480) width 16: "\x{3048}"
            text run at (1673,0) width 64: "\x{3066}\x{3044}\x{308B}\x{3002}"
          RenderRuby (inline) {RUBY} at (0,0) size 19x32
            RenderRubyRun (anonymous) at (1666,64) size 48x32
              RenderRubyText {RT} at (-6,0) size 24x32
                RenderText {#text} at (3,4) size 10x24
                  text run at (3,4) width 24: "\x{305B}\x{306A}\x{304B}"
              RenderRubyBase (anonymous) at (0,0) size 48x32
                RenderInline {RB} at (0,0) size 19x32
                  RenderText {#text} at (7,0) size 19x32
                    text run at (7,0) width 32: "\x{80CC}\x{4E2D}"
          RenderText {#text} at (1673,96) size 67x496
            text run at (1673,96) width 400: "\x{306B}\x{306F}\x{91CD}\x{3044}\x{5929}\x{4E0B}\x{304C}\x{304A}\x{3076}\x{3055}\x{3063}\x{3066}\x{3044}\x{308B}\x{3002}\x{3046}\x{307E}\x{3044}\x{7269}\x{3082}\x{98DF}\x{308F}\x{306D}\x{3070}\x{60DC}"
            text run at (1721,0) width 128: "\x{3057}\x{3044}\x{3002}\x{5C11}\x{3057}\x{98DF}\x{3048}\x{3070}"
          RenderRuby (inline) {RUBY} at (0,0) size 19x16
            RenderRubyRun (anonymous) at (1714,128) size 48x16
              RenderRubyText {RT} at (-6,0) size 24x16
                RenderText {#text} at (3,4) size 10x8
                  text run at (3,4) width 8: "\x{3042}"
              RenderRubyBase (anonymous) at (0,0) size 48x16
                RenderInline {RB} at (0,0) size 19x16
                  RenderText {#text} at (7,0) size 19x16
                    text run at (7,0) width 16: "\x{98FD}"
          RenderText {#text} at (1721,144) size 19x16
            text run at (1721,144) width 16: "\x{304D}"
          RenderRuby (inline) {RUBY} at (0,0) size 19x16
            RenderRubyRun (anonymous) at (1714,160) size 48x16
              RenderRubyText {RT} at (-6,0) size 24x16
                RenderText {#text} at (3,4) size 10x8
                  text run at (3,4) width 8: "\x{305F}"
              RenderRubyBase (anonymous) at (0,0) size 48x16
                RenderInline {RB} at (0,0) size 19x16
                  RenderText {#text} at (7,0) size 19x16
                    text run at (7,0) width 16: "\x{8DB3}"
          RenderText {#text} at (1721,176) size 19x288
            text run at (1721,176) width 288: "\x{3089}\x{306C}\x{3002}\x{5B58}\x{5206}\x{98DF}\x{3048}\x{3070}\x{3042}\x{3068}\x{304C}\x{4E0D}\x{6109}\x{5FEB}\x{3060}\x{3002}\x{2026}\x{2026}"
          RenderBR {BR} at (1721,464) size 19x0
          RenderText {#text} at (1769,0) size 19x16
            text run at (1769,0) width 16: "\x{3000}"
          RenderRuby (inline) {RUBY} at (0,0) size 19x16
            RenderRubyRun (anonymous) at (1762,16) size 48x16
              RenderRubyText {RT} at (-6,0) size 24x16
                RenderText {#text} at (3,4) size 10x8
                  text run at (3,4) width 8: "\x{3088}"
              RenderRubyBase (anonymous) at (0,0) size 48x16
                RenderInline {RB} at (0,0) size 19x16
                  RenderText {#text} at (7,0) size 19x16
                    text run at (7,0) width 16: "\x{4F59}"
          RenderText {#text} at (1769,32) size 19x16
            text run at (1769,32) width 16: "\x{306E}"
          RenderRuby (inline) {RUBY} at (0,0) size 19x24
            RenderRubyRun (anonymous) at (1762,44) size 48x32
              RenderRubyText {RT} at (-6,0) size 24x32
                RenderText {#text} at (3,0) size 10x32
                  text run at (3,0) width 32: "\x{304B}\x{3093}\x{304C}\x{3048}"
              RenderRubyBase (anonymous) at (0,0) size 48x32
                RenderInline {RB} at (0,0) size 19x16
                  RenderText {#text} at (7,8) size 19x16
                    text run at (7,8) width 16: "\x{8003}"
          RenderText {#text} at (1769,72) size 19x256
            text run at (1769,72) width 256: "\x{304C}\x{3053}\x{3053}\x{307E}\x{3067}\x{6F02}\x{6D41}\x{3057}\x{3066}\x{6765}\x{305F}\x{6642}\x{306B}\x{3001}\x{4F59}\x{306E}"
          RenderRuby (inline) {RUBY} at (0,0) size 19x32
            RenderRubyRun (anonymous) at (1762,328) size 48x32
              RenderRubyText {RT} at (-6,0) size 24x32
                RenderText {#text} at (3,4) size 10x24
                  text run at (3,4) width 24: "\x{3046}\x{305D}\x{304F}"
              RenderRubyBase (anonymous) at (0,0) size 48x32
                RenderInline {RB} at (0,0) size 19x32
                  RenderText {#text} at (7,0) size 19x32
                    text run at (7,0) width 32: "\x{53F3}\x{8DB3}"
          RenderText {#text} at (1769,360) size 19x48
            text run at (1769,360) width 48: "\x{306F}\x{7A81}\x{7136}"
          RenderRuby (inline) {RUBY} at (0,0) size 19x16
            RenderRubyRun (anonymous) at (1762,408) size 48x16
              RenderRubyText {RT} at (-6,0) size 24x16
                RenderText {#text} at (3,0) size 10x16
                  text run at (3,0) width 16: "\x{3059}\x{308F}"
              RenderRubyBase (anonymous) at (0,0) size 48x16
                RenderInline {RB} at (0,0) size 19x16
                  RenderText {#text} at (7,0) size 19x16
                    text run at (7,0) width 16: "\x{5750}"
          RenderText {#text} at (1769,424) size 19x80
            text run at (1769,424) width 80: "\x{308A}\x{306E}\x{308F}\x{308B}\x{3044}"
          RenderRuby (inline) {RUBY} at (0,0) size 19x32
            RenderRubyRun (anonymous) at (1810,0) size 48x32
              RenderRubyText {RT} at (-6,0) size 24x32
                RenderText {#text} at (3,0) size 10x32
                  text run at (3,0) width 32: "\x{304B}\x{304F}\x{3044}\x{3057}"
              RenderRubyBase (anonymous) at (0,0) size 48x32
                RenderInline {RB} at (0,0) size 19x32
                  RenderText {#text} at (7,0) size 19x32
                    text run at (7,0) width 32: "\x{89D2}\x{77F3}"
          RenderText {#text} at (1817,32) size 19x16
            text run at (1817,32) width 16: "\x{306E}"
          RenderRuby (inline) {RUBY} at (0,0) size 19x16
            RenderRubyRun (anonymous) at (1810,48) size 48x16
              RenderRubyText {RT} at (-6,0) size 24x16
                RenderText {#text} at (3,0) size 10x16
                  text run at (3,0) width 16: "\x{306F}\x{3057}"
              RenderRubyBase (anonymous) at (0,0) size 48x16
                RenderInline {RB} at (0,0) size 19x16
                  RenderText {#text} at (7,0) size 19x16
                    text run at (7,0) width 16: "\x{7AEF}"
          RenderText {#text} at (1817,64) size 19x48
            text run at (1817,64) width 48: "\x{3092}\x{8E0F}\x{307F}"
          RenderRuby (inline) {RUBY} at (0,0) size 19x16
            RenderRubyRun (anonymous) at (1810,112) size 48x16
              RenderRubyText {RT} at (-6,0) size 24x16
                RenderText {#text} at (3,4) size 10x8
                  text run at (3,4) width 8: "\x{305D}"
              RenderRubyBase (anonymous) at (0,0) size 48x16
                RenderInline {RB} at (0,0) size 19x16
                  RenderText {#text} at (7,0) size 19x16
                    text run at (7,0) width 16: "\x{640D}"
          RenderText {#text} at (1817,128) size 19x80
            text run at (1817,128) width 80: "\x{304F}\x{306A}\x{3063}\x{305F}\x{3002}"
          RenderRuby (inline) {RUBY} at (0,0) size 19x32
            RenderRubyRun (anonymous) at (1810,208) size 48x32
              RenderRubyText {RT} at (-6,0) size 24x32
                RenderText {#text} at (3,0) size 10x32
                  text run at (3,0) width 32: "\x{3078}\x{3044}\x{3053}\x{3046}"
              RenderRubyBase (anonymous) at (0,0) size 48x32
                RenderInline {RB} at (0,0) size 19x32
                  RenderText {#text} at (7,0) size 19x32
                    text run at (7,0) width 32: "\x{5E73}\x{8861}"
          RenderText {#text} at (1817,240) size 67x496
            text run at (1817,240) width 256: "\x{3092}\x{4FDD}\x{3064}\x{305F}\x{3081}\x{306B}\x{3001}\x{3059}\x{308F}\x{3084}\x{3068}\x{524D}\x{306B}\x{98DB}\x{3073}\x{51FA}"
            text run at (1865,0) width 32: "\x{3057}\x{305F}"
          RenderRuby (inline) {RUBY} at (0,0) size 19x32
            RenderRubyRun (anonymous) at (1858,32) size 48x32
              RenderRubyText {RT} at (-6,0) size 24x32
                RenderText {#text} at (3,4) size 10x24
                  text run at (3,4) width 24: "\x{3055}\x{305D}\x{304F}"
              RenderRubyBase (anonymous) at (0,0) size 48x32
                RenderInline {RB} at (0,0) size 19x32
                  RenderText {#text} at (7,0) size 19x32
                    text run at (7,0) width 32: "\x{5DE6}\x{8DB3}"
          RenderText {#text} at (1865,64) size 19x32
            text run at (1865,64) width 32: "\x{304C}\x{3001}"
          RenderRuby (inline) {RUBY} at (0,0) size 19x32
            RenderRubyRun (anonymous) at (1858,96) size 48x32
              RenderRubyText {RT} at (-6,0) size 24x32
                RenderText {#text} at (3,4) size 10x24
                  text run at (3,4) width 24: "\x{3057}\x{305D}\x{3093}"
              RenderRubyBase (anonymous) at (0,0) size 48x32
                RenderInline {RB} at (0,0) size 19x32
                  RenderText {#text} at (7,0) size 19x32
                    text run at (7,0) width 32: "\x{4ED5}\x{640D}"
          RenderText {#text} at (1865,128) size 19x32
            text run at (1865,128) width 32: "\x{3058}\x{306E}"
          RenderRuby (inline) {RUBY} at (0,0) size 19x16
            RenderRubyRun (anonymous) at (1858,160) size 48x16
              RenderRubyText {RT} at (-6,0) size 24x16
                RenderText {#text} at (3,4) size 10x8
                  text run at (3,4) width 8: "\x{3046}"
              RenderRubyBase (anonymous) at (0,0) size 48x16
                RenderInline {RB} at (0,0) size 19x16
                  RenderText {#text} at (7,0) size 19x16
                    text run at (7,0) width 16: "\x{57CB}"
          RenderText {#text} at (1865,176) size 19x16
            text run at (1865,176) width 16: "\x{3081}"
          RenderRuby (inline) {RUBY} at (0,0) size 19x16
            RenderRubyRun (anonymous) at (1858,192) size 48x16
              RenderRubyText {RT} at (-6,0) size 24x16
                RenderText {#text} at (3,0) size 10x16
                  text run at (3,0) width 16: "\x{3042}\x{308F}"
              RenderRubyBase (anonymous) at (0,0) size 48x16
                RenderInline {RB} at (0,0) size 19x16
                  RenderText {#text} at (7,0) size 19x16
                    text run at (7,0) width 16: "\x{5408}"
          RenderText {#text} at (1865,208) size 19x256
            text run at (1865,208) width 256: "\x{305B}\x{3092}\x{3059}\x{308B}\x{3068}\x{5171}\x{306B}\x{3001}\x{4F59}\x{306E}\x{8170}\x{306F}\x{5177}\x{5408}\x{3088}\x{304F}"
          RenderRuby (inline) {RUBY} at (0,0) size 19x16
            RenderRubyRun (anonymous) at (1858,464) size 48x16
              RenderRubyText {RT} at (-6,0) size 24x16
                RenderText {#text} at (3,0) size 10x16
                  text run at (3,0) width 16: "\x{307B}\x{3046}"
              RenderRubyBase (anonymous) at (0,0) size 48x16
                RenderInline {RB} at (0,0) size 19x16
                  RenderText {#text} at (7,0) size 19x16
                    text run at (7,0) width 16: "\x{65B9}"
          RenderText {#text} at (1865,480) size 67x496
            text run at (1865,480) width 16: "\x{4E09}"
            text run at (1913,0) width 128: "\x{5C3A}\x{307B}\x{3069}\x{306A}\x{5CA9}\x{306E}\x{4E0A}\x{306B}"
          RenderRuby (inline) {RUBY} at (0,0) size 19x16
            RenderRubyRun (anonymous) at (1906,128) size 48x16
              RenderRubyText {RT} at (-6,0) size 24x16
                RenderText {#text} at (3,4) size 10x8
                  text run at (3,4) width 8: "\x{304A}"
              RenderRubyBase (anonymous) at (0,0) size 48x16
                RenderInline {RB} at (0,0) size 19x16
                  RenderText {#text} at (7,0) size 19x16
                    text run at (7,0) width 16: "\x{5378}"
          RenderText {#text} at (1913,144) size 19x208
            text run at (1913,144) width 208: "\x{308A}\x{305F}\x{3002}\x{80A9}\x{306B}\x{304B}\x{3051}\x{305F}\x{7D75}\x{306E}\x{5177}\x{7BB1}\x{304C}"
          RenderRuby (inline) {RUBY} at (0,0) size 19x16
            RenderRubyRun (anonymous) at (1906,352) size 48x16
              RenderRubyText {RT} at (-6,0) size 24x16
                RenderText {#text} at (3,0) size 10x16
                  text run at (3,0) width 16: "\x{308F}\x{304D}"
              RenderRubyBase (anonymous) at (0,0) size 48x16
                RenderInline {RB} at (0,0) size 19x16
                  RenderText {#text} at (7,0) size 19x16
                    text run at (7,0) width 16: "\x{814B}"
          RenderText {#text} at (1913,368) size 19x64
            text run at (1913,368) width 64: "\x{306E}\x{4E0B}\x{304B}\x{3089}"
          RenderRuby (inline) {RUBY} at (0,0) size 19x16
            RenderRubyRun (anonymous) at (1906,432) size 48x16
              RenderRubyText {RT} at (-6,0) size 24x16
                RenderText {#text} at (3,0) size 10x16
                  text run at (3,0) width 16: "\x{304A}\x{3069}"
              RenderRubyBase (anonymous) at (0,0) size 48x16
                RenderInline {RB} at (0,0) size 19x16
                  RenderText {#text} at (7,0) size 19x16
                    text run at (7,0) width 16: "\x{8E8D}"
          RenderText {#text} at (1913,448) size 67x496
            text run at (1913,448) width 48: "\x{308A}\x{51FA}\x{3057}"
            text run at (1961,0) width 128: "\x{305F}\x{3060}\x{3051}\x{3067}\x{3001}\x{5E78}\x{3044}\x{3068}"
          RenderRuby (inline) {RUBY} at (0,0) size 19x16
            RenderRubyRun (anonymous) at (1954,128) size 48x16
              RenderRubyText {RT} at (-6,0) size 24x16
                RenderText {#text} at (3,0) size 10x16
                  text run at (3,0) width 16: "\x{306A}\x{3093}"
              RenderRubyBase (anonymous) at (0,0) size 48x16
                RenderInline {RB} at (0,0) size 19x16
                  RenderText {#text} at (7,0) size 19x16
                    text run at (7,0) width 16: "\x{4F55}"
          RenderText {#text} at (1961,144) size 19x128
            text run at (1961,144) width 128: "\x{306E}\x{4E8B}\x{3082}\x{306A}\x{304B}\x{3063}\x{305F}\x{3002}"
          RenderBR {BR} at (1961,272) size 19x0
          RenderText {#text} at (2009,0) size 19x240
            text run at (2009,0) width 240: "\x{3000}\x{7ACB}\x{3061}\x{4E0A}\x{304C}\x{308B}\x{6642}\x{306B}\x{5411}\x{3046}\x{3092}\x{898B}\x{308B}\x{3068}\x{3001}"
          RenderRuby (inline) {RUBY} at (0,0) size 19x16
            RenderRubyRun (anonymous) at (2002,240) size 48x16
              RenderRubyText {RT} at (-6,0) size 24x16
                RenderText {#text} at (3,0) size 10x16
                  text run at (3,0) width 16: "\x{307F}\x{3061}"
              RenderRubyBase (anonymous) at (0,0) size 48x16
                RenderInline {RB} at (0,0) size 19x16
                  RenderText {#text} at (7,0) size 19x16
                    text run at (7,0) width 16: "\x{8DEF}"
          RenderText {#text} at (2009,256) size 67x496
            text run at (2009,256) width 240: "\x{304B}\x{3089}\x{5DE6}\x{306E}\x{65B9}\x{306B}\x{30D0}\x{30B1}\x{30C4}\x{3092}\x{4F0F}\x{305B}\x{305F}\x{3088}\x{3046}"
            text run at (2057,0) width 48: "\x{306A}\x{5CF0}\x{304C}"
          RenderRuby (inline) {RUBY} at (0,0) size 19x16
            RenderRubyRun (anonymous) at (2050,48) size 48x16
              RenderRubyText {RT} at (-6,0) size 24x16
                RenderText {#text} at (3,0) size 10x16
                  text run at (3,0) width 16: "\x{305D}\x{3073}"
              RenderRubyBase (anonymous) at (0,0) size 48x16
                RenderInline {RB} at (0,0) size 19x16
                  RenderText {#text} at (7,0) size 19x16
                    text run at (7,0) width 16: "\x{8073}"
          RenderText {#text} at (2057,64) size 19x112
            text run at (2057,64) width 112: "\x{3048}\x{3066}\x{3044}\x{308B}\x{3002}\x{6749}\x{304B}"
          RenderRuby (inline) {RUBY} at (0,0) size 19x16
            RenderRubyRun (anonymous) at (2050,172) size 48x24
              RenderRubyText {RT} at (-6,0) size 24x24
                RenderText {#text} at (3,0) size 10x24
                  text run at (3,0) width 24: "\x{3072}\x{306E}\x{304D}"
              RenderRubyBase (anonymous) at (0,0) size 48x24
                RenderInline {RB} at (0,0) size 19x16
                  RenderText {#text} at (7,4) size 19x16
                    text run at (7,4) width 16: "\x{6A9C}"
          RenderText {#text} at (2057,192) size 19x112
            text run at (2057,192) width 112: "\x{304B}\x{5206}\x{304B}\x{3089}\x{306A}\x{3044}\x{304C}"
          RenderRuby (inline) {RUBY} at (0,0) size 19x32
            RenderRubyRun (anonymous) at (2050,304) size 48x32
              RenderRubyText {RT} at (-6,0) size 24x32
                RenderText {#text} at (3,4) size 10x24
                  text run at (3,4) width 24: "\x{306D}\x{3082}\x{3068}"
              RenderRubyBase (anonymous) at (0,0) size 48x32
                RenderInline {RB} at (0,0) size 19x32
                  RenderText {#text} at (7,0) size 19x32
                    text run at (7,0) width 32: "\x{6839}\x{5143}"
          RenderText {#text} at (2057,336) size 19x32
            text run at (2057,336) width 32: "\x{304B}\x{3089}"
          RenderRuby (inline) {RUBY} at (0,0) size 19x16
            RenderRubyRun (anonymous) at (2050,364) size 48x24
              RenderRubyText {RT} at (-6,0) size 24x24
                RenderText {#text} at (3,0) size 10x24
                  text run at (3,0) width 24: "\x{3044}\x{305F}\x{3060}"
              RenderRubyBase (anonymous) at (0,0) size 48x24
                RenderInline {RB} at (0,0) size 19x16
                  RenderText {#text} at (7,4) size 19x16
                    text run at (7,4) width 16: "\x{9802}"
          RenderText {#text} at (2057,384) size 67x496
            text run at (2057,384) width 112: "\x{304D}\x{307E}\x{3067}\x{3053}\x{3068}\x{3054}\x{3068}"
            text run at (2105,0) width 16: "\x{304F}"
          RenderRuby (inline) {RUBY} at (0,0) size 19x32
            RenderRubyRun (anonymous) at (2098,16) size 48x32
              RenderRubyText {RT} at (-6,0) size 24x32
                RenderText {#text} at (3,0) size 10x32
                  text run at (3,0) width 32: "\x{3042}\x{304A}\x{3050}\x{308D}"
              RenderRubyBase (anonymous) at (0,0) size 48x32
                RenderInline {RB} at (0,0) size 19x32
                  RenderText {#text} at (7,0) size 19x32
                    text run at (7,0) width 32: "\x{84BC}\x{9ED2}"
          RenderText {#text} at (2105,48) size 19x240
            text run at (2105,48) width 240: "\x{3044}\x{4E2D}\x{306B}\x{3001}\x{5C71}\x{685C}\x{304C}\x{8584}\x{8D64}\x{304F}\x{3060}\x{3093}\x{3060}\x{3089}\x{306B}"
          RenderRuby (inline) {RUBY} at (0,0) size 19x32
            RenderRubyRun (anonymous) at (2098,288) size 48x32
              RenderRubyText {RT} at (-6,0) size 24x32
                RenderText {#text} at (3,4) size 10x24
                  text run at (3,4) width 24: "\x{305F}\x{306A}\x{3073}"
              RenderRubyBase (anonymous) at (0,0) size 48x32
                RenderInline {RB} at (0,0) size 19x32
                  RenderText {#text} at (7,0) size 19x32
                    text run at (7,0) width 32: "\x{68DA}\x{5F15}"
          RenderText {#text} at (2105,320) size 19x48
            text run at (2105,320) width 48: "\x{3044}\x{3066}\x{3001}"
          RenderRuby (inline) {RUBY} at (0,0) size 19x16
            RenderRubyRun (anonymous) at (2098,368) size 48x16
              RenderRubyText {RT} at (-6,0) size 24x16
                RenderText {#text} at (3,4) size 10x8
                  text run at (3,4) width 8: "\x{3064}"
              RenderRubyBase (anonymous) at (0,0) size 48x16
                RenderInline {RB} at (0,0) size 19x16
                  RenderText {#text} at (7,0) size 19x16
                    text run at (7,0) width 16: "\x{7D9A}"
          RenderText {#text} at (2105,384) size 19x16
            text run at (2105,384) width 16: "\x{304E}"
          RenderRuby (inline) {RUBY} at (0,0) size 19x16
            RenderRubyRun (anonymous) at (2098,400) size 48x16
              RenderRubyText {RT} at (-6,0) size 24x16
                RenderText {#text} at (3,4) size 10x8
                  text run at (3,4) width 8: "\x{3081}"
              RenderRubyBase (anonymous) at (0,0) size 48x16
                RenderInline {RB} at (0,0) size 19x16
                  RenderText {#text} at (7,0) size 19x16
                    text run at (7,0) width 16: "\x{76EE}"
          RenderText {#text} at (2105,416) size 19x16
            text run at (2105,416) width 16: "\x{304C}"
          RenderRuby (inline) {RUBY} at (0,0) size 19x16
            RenderRubyRun (anonymous) at (2098,432) size 48x16
              RenderRubyText {RT} at (-6,0) size 24x16
                RenderText {#text} at (3,0) size 10x16
                  text run at (3,0) width 16: "\x{3057}\x{304B}"
              RenderRubyBase (anonymous) at (0,0) size 48x16
                RenderInline {RB} at (0,0) size 19x16
                  RenderText {#text} at (7,0) size 19x16
                    text run at (7,0) width 16: "\x{78BA}"
          RenderText {#text} at (2105,448) size 67x496
            text run at (2105,448) width 48: "\x{3068}\x{898B}\x{3048}"
            text run at (2153,0) width 64: "\x{306C}\x{304F}\x{3089}\x{3044}"
          RenderRuby (inline) {RUBY} at (0,0) size 19x16
            RenderRubyRun (anonymous) at (2146,64) size 48x16
              RenderRubyText {RT} at (-6,0) size 24x16
                RenderText {#text} at (3,0) size 10x16
                  text run at (3,0) width 16: "\x{3082}\x{3084}"
              RenderRubyBase (anonymous) at (0,0) size 48x16
                RenderInline {RB} at (0,0) size 19x16
                  RenderText {#text} at (7,0) size 19x16
                    text run at (7,0) width 16: "\x{9744}"
          RenderText {#text} at (2153,80) size 19x144
            text run at (2153,80) width 144: "\x{304C}\x{6FC3}\x{3044}\x{3002}\x{5C11}\x{3057}\x{624B}\x{524D}\x{306B}"
          RenderRuby (inline) {RUBY} at (0,0) size 19x32
            RenderRubyRun (anonymous) at (2146,224) size 48x32
              RenderRubyText {RT} at (-6,0) size 24x32
                RenderText {#text} at (3,0) size 10x32
                  text run at (3,0) width 32: "\x{306F}\x{3052}\x{3084}\x{307E}"
              RenderRubyBase (anonymous) at (0,0) size 48x32
                RenderInline {RB} at (0,0) size 19x32
                  RenderText {#text} at (7,0) size 19x32
                    text run at (7,0) width 32: "\x{79BF}\x{5C71}"
          RenderText {#text} at (2153,256) size 19x64
            text run at (2153,256) width 64: "\x{304C}\x{4E00}\x{3064}\x{3001}"
          RenderRuby (inline) {RUBY} at (0,0) size 19x16
            RenderRubyRun (anonymous) at (2146,320) size 48x16
              RenderRubyText {RT} at (-6,0) size 24x16
                RenderText {#text} at (3,0) size 10x16
                  text run at (3,0) width 16: "\x{3050}\x{3093}"
              RenderRubyBase (anonymous) at (0,0) size 48x16
                RenderInline {RB} at (0,0) size 19x16
                  RenderText {#text} at (7,0) size 19x16
                    text run at (7,0) width 16: "\x{7FA4}"
          RenderText {#text} at (2153,336) size 19x96
            text run at (2153,336) width 96: "\x{3092}\x{306C}\x{304D}\x{3093}\x{3067}\x{3066}"
          RenderRuby (inline) {RUBY} at (0,0) size 19x16
            RenderRubyRun (anonymous) at (2146,432) size 48x16
              RenderRubyText {RT} at (-6,0) size 24x16
                RenderText {#text} at (3,0) size 10x16
                  text run at (3,0) width 16: "\x{307E}\x{3086}"
              RenderRubyBase (anonymous) at (0,0) size 48x16
                RenderInline {RB} at (0,0) size 19x16
                  RenderText {#text} at (7,0) size 19x16
                    text run at (7,0) width 16: "\x{7709}"
          RenderText {#text} at (2153,448) size 19x16
            text run at (2153,448) width 16: "\x{306B}"
          RenderRuby (inline) {RUBY} at (0,0) size 19x16
            RenderRubyRun (anonymous) at (2146,464) size 48x16
              RenderRubyText {RT} at (-6,0) size 24x16
                RenderText {#text} at (3,0) size 10x16
                  text run at (3,0) width 16: "\x{305B}\x{307E}"
              RenderRubyBase (anonymous) at (0,0) size 48x16
                RenderInline {RB} at (0,0) size 19x16
                  RenderText {#text} at (7,0) size 19x16
                    text run at (7,0) width 16: "\x{903C}"
          RenderText {#text} at (2201,0) size 19x32
            text run at (2201,0) width 32: "\x{308B}\x{3002}"
          RenderRuby (inline) {RUBY} at (0,0) size 19x16
            RenderRubyRun (anonymous) at (2194,32) size 48x16
              RenderRubyText {RT} at (-6,0) size 24x16
                RenderText {#text} at (3,4) size 10x8
                  text run at (3,4) width 8: "\x{306F}"
              RenderRubyBase (anonymous) at (0,0) size 48x16
                RenderInline {RB} at (0,0) size 19x16
                  RenderText {#text} at (7,0) size 19x16
                    text run at (7,0) width 16: "\x{79BF}"
          RenderText {#text} at (2201,48) size 19x128
            text run at (2201,48) width 128: "\x{3052}\x{305F}\x{5074}\x{9762}\x{306F}\x{5DE8}\x{4EBA}\x{306E}"
          RenderRuby (inline) {RUBY} at (0,0) size 19x16
            RenderRubyRun (anonymous) at (2194,176) size 48x16
              RenderRubyText {RT} at (-6,0) size 24x16
                RenderText {#text} at (3,0) size 10x16
                  text run at (3,0) width 16: "\x{304A}\x{306E}"
              RenderRubyBase (anonymous) at (0,0) size 48x16
                RenderInline {RB} at (0,0) size 19x16
                  RenderText {#text} at (7,0) size 19x16
                    text run at (7,0) width 16: "\x{65A7}"
          RenderText {#text} at (2201,192) size 19x16
            text run at (2201,192) width 16: "\x{3067}"
          RenderRuby (inline) {RUBY} at (0,0) size 19x16
            RenderRubyRun (anonymous) at (2194,208) size 48x16
              RenderRubyText {RT} at (-6,0) size 24x16
                RenderText {#text} at (3,0) size 10x16
                  text run at (3,0) width 16: "\x{3051}\x{305A}"
              RenderRubyBase (anonymous) at (0,0) size 48x16
                RenderInline {RB} at (0,0) size 19x16
                  RenderText {#text} at (7,0) size 19x16
                    text run at (7,0) width 16: "\x{524A}"
          RenderText {#text} at (2201,224) size 67x496
            text run at (2201,224) width 272: "\x{308A}\x{53BB}\x{3063}\x{305F}\x{304B}\x{3001}\x{92ED}\x{3069}\x{304D}\x{5E73}\x{9762}\x{3092}\x{3084}\x{3051}\x{306B}\x{8C37}\x{306E}"
            text run at (2249,0) width 32: "\x{5E95}\x{306B}"
          RenderRuby (inline) {RUBY} at (0,0) size 19x16
            RenderRubyRun (anonymous) at (2242,32) size 48x16
              RenderRubyText {RT} at (-6,0) size 24x16
                RenderText {#text} at (3,0) size 10x16
                  text run at (3,0) width 16: "\x{3046}\x{305A}"
              RenderRubyBase (anonymous) at (0,0) size 48x16
                RenderInline {RB} at (0,0) size 19x16
                  RenderText {#text} at (7,0) size 19x16
                    text run at (7,0) width 16: "\x{57CB}"
          RenderText {#text} at (2249,48) size 19x80
            text run at (2249,48) width 80: "\x{3081}\x{3066}\x{3044}\x{308B}\x{3002}"
          RenderRuby (inline) {RUBY} at (0,0) size 19x32
            RenderRubyRun (anonymous) at (2242,128) size 48x32
              RenderRubyText {RT} at (-6,0) size 24x32
                RenderText {#text} at (3,0) size 10x32
                  text run at (3,0) width 32: "\x{3066}\x{3063}\x{307A}\x{3093}"
              RenderRubyBase (anonymous) at (0,0) size 48x32
                RenderInline {RB} at (0,0) size 19x32
                  RenderText {#text} at (7,0) size 19x32
                    text run at (7,0) width 32: "\x{5929}\x{8FBA}"
          RenderText {#text} at (2249,160) size 19x336
            text run at (2249,160) width 336: "\x{306B}\x{4E00}\x{672C}\x{898B}\x{3048}\x{308B}\x{306E}\x{306F}\x{8D64}\x{677E}\x{3060}\x{308D}\x{3046}\x{3002}\x{679D}\x{306E}\x{9593}\x{306E}\x{7A7A}\x{3055}\x{3048}"
          RenderRuby (inline) {RUBY} at (0,0) size 19x32
            RenderRubyRun (anonymous) at (2290,0) size 48x32
              RenderRubyText {RT} at (-6,0) size 24x32
                RenderText {#text} at (3,0) size 10x32
                  text run at (3,0) width 32: "\x{306F}\x{3063}\x{304D}\x{308A}"
              RenderRubyBase (anonymous) at (0,0) size 48x32
                RenderInline {RB} at (0,0) size 19x32
                  RenderText {#text} at (7,0) size 19x32
                    text run at (7,0) width 32: "\x{5224}\x{7136}"
          RenderText {#text} at (2297,32) size 19x448
            text run at (2297,32) width 448: "\x{3057}\x{3066}\x{3044}\x{308B}\x{3002}\x{884C}\x{304F}\x{624B}\x{306F}\x{4E8C}\x{4E01}\x{307B}\x{3069}\x{3067}\x{5207}\x{308C}\x{3066}\x{3044}\x{308B}\x{304C}\x{3001}\x{9AD8}\x{3044}\x{6240}\x{304B}\x{3089}\x{8D64}\x{3044}"
          RenderRuby (inline) {RUBY} at (0,0) size 19x32
            RenderRubyRun (anonymous) at (2338,0) size 48x32
              RenderRubyText {RT} at (-6,0) size 24x32
                RenderText {#text} at (3,4) size 10x24
                  text run at (3,4) width 24: "\x{3051}\x{3063}\x{3068}"
              RenderRubyBase (anonymous) at (0,0) size 48x32
                RenderInline {RB} at (0,0) size 19x32
                  RenderText {#text} at (7,0) size 19x32
                    text run at (7,0) width 32: "\x{6BDB}\x{5E03}"
          RenderText {#text} at (2345,32) size 67x496
            text run at (2345,32) width 464: "\x{304C}\x{52D5}\x{3044}\x{3066}\x{6765}\x{308B}\x{306E}\x{3092}\x{898B}\x{308B}\x{3068}\x{3001}\x{767B}\x{308C}\x{3070}\x{3042}\x{3059}\x{3053}\x{3078}\x{51FA}\x{308B}\x{306E}\x{3060}\x{308D}\x{3046}\x{3002}\x{8DEF}\x{306F}\x{3059}"
            text run at (2393,0) width 48: "\x{3053}\x{3076}\x{308B}"
          RenderRuby (inline) {RUBY} at (0,0) size 19x32
            RenderRubyRun (anonymous) at (2386,48) size 48x32
              RenderRubyText {RT} at (-6,0) size 24x32
                RenderText {#text} at (3,4) size 10x24
                  text run at (3,4) width 24: "\x{306A}\x{3093}\x{304E}"
              RenderRubyBase (anonymous) at (0,0) size 48x32
                RenderInline {RB} at (0,0) size 19x32
                  RenderText {#text} at (7,0) size 19x32
                    text run at (7,0) width 32: "\x{96E3}\x{7FA9}"
          RenderText {#text} at (2393,80) size 19x32
            text run at (2393,80) width 32: "\x{3060}\x{3002}"
          RenderBR {BR} at (2393,112) size 19x0
          RenderText {#text} at (2441,0) size 19x208
            text run at (2441,0) width 208: "\x{3000}\x{571F}\x{3092}\x{306A}\x{3089}\x{3059}\x{3060}\x{3051}\x{306A}\x{3089}\x{3055}\x{307B}\x{3069}"
          RenderRuby (inline) {RUBY} at (0,0) size 19x32
            RenderRubyRun (anonymous) at (2434,208) size 48x32
              RenderRubyText {RT} at (-6,0) size 24x32
                RenderText {#text} at (3,8) size 10x16
                  text run at (3,8) width 16: "\x{3066}\x{307E}"
              RenderRubyBase (anonymous) at (0,0) size 48x32
                RenderInline {RB} at (0,0) size 19x32
                  RenderText {#text} at (7,0) size 19x32
                    text run at (7,0) width 32: "\x{624B}\x{9593}"
          RenderText {#text} at (2441,240) size 19x16
            text run at (2441,240) width 16: "\x{3082}"
          RenderRuby (inline) {RUBY} at (0,0) size 19x16
            RenderRubyRun (anonymous) at (2434,256) size 48x16
              RenderRubyText {RT} at (-6,0) size 24x16
                RenderText {#text} at (3,4) size 10x8
                  text run at (3,4) width 8: "\x{3044}"
              RenderRubyBase (anonymous) at (0,0) size 48x16
                RenderInline {RB} at (0,0) size 19x16
                  RenderText {#text} at (7,0) size 19x16
                    text run at (7,0) width 16: "\x{5165}"
          RenderText {#text} at (2441,272) size 67x496
            text run at (2441,272) width 224: "\x{308B}\x{307E}\x{3044}\x{304C}\x{3001}\x{571F}\x{306E}\x{4E2D}\x{306B}\x{306F}\x{5927}\x{304D}\x{306A}\x{77F3}"
            text run at (2489,0) width 96: "\x{304C}\x{3042}\x{308B}\x{3002}\x{571F}\x{306F}"
          RenderRuby (inline) {RUBY} at (0,0) size 19x16
            RenderRubyRun (anonymous) at (2482,96) size 48x16
              RenderRubyText {RT} at (-6,0) size 24x16
                RenderText {#text} at (3,0) size 10x16
                  text run at (3,0) width 16: "\x{305F}\x{3044}"
              RenderRubyBase (anonymous) at (0,0) size 48x16
                RenderInline {RB} at (0,0) size 19x16
                  RenderText {#text} at (7,0) size 19x16
                    text run at (7,0) width 16: "\x{5E73}"
          RenderText {#text} at (2489,112) size 67x496
            text run at (2489,112) width 384: "\x{3089}\x{306B}\x{3057}\x{3066}\x{3082}\x{77F3}\x{306F}\x{5E73}\x{3089}\x{306B}\x{306A}\x{3089}\x{306C}\x{3002}\x{77F3}\x{306F}\x{5207}\x{308A}\x{7815}\x{3044}\x{3066}\x{3082}\x{3001}\x{5CA9}"
            text run at (2537,0) width 128: "\x{306F}\x{59CB}\x{672B}\x{304C}\x{3064}\x{304B}\x{306C}\x{3002}"
          RenderRuby (inline) {RUBY} at (0,0) size 19x32
            RenderRubyRun (anonymous) at (2530,128) size 48x32
              RenderRubyText {RT} at (-6,0) size 24x32
                RenderText {#text} at (3,0) size 10x32
                  text run at (3,0) width 32: "\x{307B}\x{308A}\x{304F}\x{305A}"
              RenderRubyBase (anonymous) at (0,0) size 48x32
                RenderInline {RB} at (0,0) size 19x32
                  RenderText {#text} at (7,0) size 19x32
                    text run at (7,0) width 32: "\x{6398}\x{5D29}"
          RenderText {#text} at (2537,160) size 19x96
            text run at (2537,160) width 96: "\x{3057}\x{305F}\x{571F}\x{306E}\x{4E0A}\x{306B}"
          RenderRuby (inline) {RUBY} at (0,0) size 19x32
            RenderRubyRun (anonymous) at (2530,256) size 48x32
              RenderRubyText {RT} at (-6,0) size 24x32
                RenderText {#text} at (3,0) size 10x32
                  text run at (3,0) width 32: "\x{3086}\x{3046}\x{305C}\x{3093}"
              RenderRubyBase (anonymous) at (0,0) size 48x32
                RenderInline {RB} at (0,0) size 19x32
                  RenderText {#text} at (7,0) size 19x32
                    text run at (7,0) width 32: "\x{60A0}\x{7136}"
          RenderText {#text} at (2537,288) size 19x16
            text run at (2537,288) width 16: "\x{3068}"
          RenderRuby (inline) {RUBY} at (0,0) size 19x16
            RenderRubyRun (anonymous) at (2530,300) size 48x24
              RenderRubyText {RT} at (-6,0) size 24x24
                RenderText {#text} at (3,0) size 10x24
                  text run at (3,0) width 24: "\x{305D}\x{3070}\x{3060}"
              RenderRubyBase (anonymous) at (0,0) size 48x24
                RenderInline {RB} at (0,0) size 19x16
                  RenderText {#text} at (7,4) size 19x16
                    text run at (7,4) width 16: "\x{5CD9}"
          RenderText {#text} at (2537,320) size 67x496
            text run at (2537,320) width 176: "\x{3063}\x{3066}\x{3001}\x{543E}\x{3089}\x{306E}\x{305F}\x{3081}\x{306B}\x{9053}\x{3092}"
            text run at (2585,0) width 32: "\x{8B72}\x{308B}"
          RenderRuby (inline) {RUBY} at (0,0) size 19x32
            RenderRubyRun (anonymous) at (2578,32) size 48x32
              RenderRubyText {RT} at (-6,0) size 24x32
                RenderText {#text} at (3,4) size 10x24
                  text run at (3,4) width 24: "\x{3051}\x{3057}\x{304D}"
              RenderRubyBase (anonymous) at (0,0) size 48x32
                RenderInline {RB} at (0,0) size 19x32
                  RenderText {#text} at (7,0) size 19x32
                    text run at (7,0) width 32: "\x{666F}\x{8272}"
          RenderText {#text} at (2585,64) size 67x480
            text run at (2585,64) width 416: "\x{306F}\x{306A}\x{3044}\x{3002}\x{5411}\x{3046}\x{3067}\x{805E}\x{304B}\x{306C}\x{4E0A}\x{306F}\x{4E57}\x{308A}\x{8D8A}\x{3059}\x{304B}\x{3001}\x{5EFB}\x{3089}\x{306A}\x{3051}\x{308C}\x{3070}\x{306A}\x{3089}"
            text run at (2633,0) width 32: "\x{3093}\x{3002}"
          RenderRuby (inline) {RUBY} at (0,0) size 19x16
            RenderRubyRun (anonymous) at (2626,32) size 48x16
              RenderRubyText {RT} at (-6,0) size 24x16
                RenderText {#text} at (3,0) size 10x16
                  text run at (3,0) width 16: "\x{3044}\x{308F}"
              RenderRubyBase (anonymous) at (0,0) size 48x16
                RenderInline {RB} at (0,0) size 19x16
                  RenderText {#text} at (7,0) size 19x16
                    text run at (7,0) width 16: "\x{5DCC}"
          RenderText {#text} at (2633,48) size 19x112
            text run at (2633,48) width 112: "\x{306E}\x{306A}\x{3044}\x{6240}\x{3067}\x{3055}\x{3048}"
          RenderRuby (inline) {RUBY} at (0,0) size 19x16
            RenderRubyRun (anonymous) at (2626,160) size 48x16
              RenderRubyText {RT} at (-6,0) size 24x16
                RenderText {#text} at (3,4) size 10x8
                  text run at (3,4) width 8: "\x{3042}"
              RenderRubyBase (anonymous) at (0,0) size 48x16
                RenderInline {RB} at (0,0) size 19x16
                  RenderText {#text} at (7,0) size 19x16
                    text run at (7,0) width 16: "\x{6B69}"
          RenderText {#text} at (2633,176) size 19x304
            text run at (2633,176) width 304: "\x{308B}\x{304D}\x{3088}\x{304F}\x{306F}\x{306A}\x{3044}\x{3002}\x{5DE6}\x{53F3}\x{304C}\x{9AD8}\x{304F}\x{3063}\x{3066}\x{3001}\x{4E2D}\x{5FC3}\x{304C}"
          RenderRuby (inline) {RUBY} at (0,0) size 19x16
            RenderRubyRun (anonymous) at (2626,480) size 48x16
              RenderRubyText {RT} at (-6,0) size 24x16
                RenderText {#text} at (3,0) size 10x16
                  text run at (3,0) width 16: "\x{304F}\x{307C}"
              RenderRubyBase (anonymous) at (0,0) size 48x16
                RenderInline {RB} at (0,0) size 19x16
                  RenderText {#text} at (7,0) size 19x16
                    text run at (7,0) width 16: "\x{7AAA}"
          RenderText {#text} at (2681,0) size 19x128
            text run at (2681,0) width 128: "\x{3093}\x{3067}\x{3001}\x{307E}\x{308B}\x{3067}\x{4E00}\x{9593}"
          RenderRuby (inline) {RUBY} at (0,0) size 19x16
            RenderRubyRun (anonymous) at (2674,128) size 48x16
              RenderRubyText {RT} at (-6,0) size 24x16
                RenderText {#text} at (3,0) size 10x16
                  text run at (3,0) width 16: "\x{306F}\x{3070}"
              RenderRubyBase (anonymous) at (0,0) size 48x16
                RenderInline {RB} at (0,0) size 19x16
                  RenderText {#text} at (7,0) size 19x16
                    text run at (7,0) width 16: "\x{5E45}"
          RenderText {#text} at (2681,144) size 19x64
            text run at (2681,144) width 64: "\x{3092}\x{4E09}\x{89D2}\x{306B}"
          RenderRuby (inline) {RUBY} at (0,0) size 19x16
            RenderRubyRun (anonymous) at (2674,208) size 48x16
              RenderRubyText {RT} at (-6,0) size 24x16
                RenderText {#text} at (3,4) size 10x8
                  text run at (3,4) width 8: "\x{304F}"
              RenderRubyBase (anonymous) at (0,0) size 48x16
                RenderInline {RB} at (0,0) size 19x16
                  RenderText {#text} at (7,0) size 19x16
                    text run at (7,0) width 16: "\x{7A7F}"
          RenderText {#text} at (2681,224) size 19x128
            text run at (2681,224) width 128: "\x{3063}\x{3066}\x{3001}\x{305D}\x{306E}\x{9802}\x{70B9}\x{304C}"
          RenderRuby (inline) {RUBY} at (0,0) size 19x32
            RenderRubyRun (anonymous) at (2674,352) size 48x32
              RenderRubyText {RT} at (-6,0) size 24x32
                RenderText {#text} at (3,0) size 10x32
                  text run at (3,0) width 32: "\x{307E}\x{3093}\x{306A}\x{304B}"
              RenderRubyBase (anonymous) at (0,0) size 48x32
                RenderInline {RB} at (0,0) size 19x32
                  RenderText {#text} at (7,0) size 19x32
                    text run at (7,0) width 32: "\x{771F}\x{4E2D}"
          RenderText {#text} at (2681,384) size 19x16
            text run at (2681,384) width 16: "\x{3092}"
          RenderRuby (inline) {RUBY} at (0,0) size 19x16
            RenderRubyRun (anonymous) at (2674,396) size 48x24
              RenderRubyText {RT} at (-6,0) size 24x24
                RenderText {#text} at (3,0) size 10x24
                  text run at (3,0) width 24: "\x{3064}\x{3089}\x{306C}"
              RenderRubyBase (anonymous) at (0,0) size 48x24
                RenderInline {RB} at (0,0) size 19x16
                  RenderText {#text} at (7,4) size 19x16
                    text run at (7,4) width 16: "\x{8CAB}"
          RenderText {#text} at (2681,416) size 67x496
            text run at (2681,416) width 80: "\x{3044}\x{3066}\x{3044}\x{308B}\x{3068}"
            text run at (2729,0) width 320: "\x{8A55}\x{3057}\x{3066}\x{3082}\x{3088}\x{3044}\x{3002}\x{8DEF}\x{3092}\x{884C}\x{304F}\x{3068}\x{4E91}\x{308F}\x{3093}\x{3088}\x{308A}\x{5DDD}\x{5E95}\x{3092}"
          RenderRuby (inline) {RUBY} at (0,0) size 19x16
            RenderRubyRun (anonymous) at (2722,320) size 48x16
              RenderRubyText {RT} at (-6,0) size 24x16
                RenderText {#text} at (3,0) size 10x16
                  text run at (3,0) width 16: "\x{308F}\x{305F}"
              RenderRubyBase (anonymous) at (0,0) size 48x16
                RenderInline {RB} at (0,0) size 19x16
                  RenderText {#text} at (7,0) size 19x16
                    text run at (7,0) width 16: "\x{6E09}"
          RenderText {#text} at (2729,336) size 19x160
            text run at (2729,336) width 160: "\x{308B}\x{3068}\x{4E91}\x{3046}\x{65B9}\x{304C}\x{9069}\x{5F53}\x{3060}\x{3002}"
          RenderRuby (inline) {RUBY} at (0,0) size 19x16
            RenderRubyRun (anonymous) at (2770,0) size 48x16
              RenderRubyText {RT} at (-6,0) size 24x16
                RenderText {#text} at (3,0) size 10x16
                  text run at (3,0) width 16: "\x{3082}\x{3068}"
              RenderRubyBase (anonymous) at (0,0) size 48x16
                RenderInline {RB} at (0,0) size 19x16
                  RenderText {#text} at (7,0) size 19x16
                    text run at (7,0) width 16: "\x{56FA}"
          RenderText {#text} at (2777,16) size 19x256
            text run at (2777,16) width 256: "\x{3088}\x{308A}\x{6025}\x{3050}\x{65C5}\x{3067}\x{306A}\x{3044}\x{304B}\x{3089}\x{3001}\x{3076}\x{3089}\x{3076}\x{3089}\x{3068}"
          RenderRuby (inline) {RUBY} at (0,0) size 19x32
            RenderRubyRun (anonymous) at (2770,272) size 48x32
              RenderRubyText {RT} at (-6,0) size 24x32
                RenderText {#text} at (3,0) size 10x32
                  text run at (3,0) width 32: "\x{306A}\x{306A}\x{307E}\x{304C}"
              RenderRubyBase (anonymous) at (0,0) size 48x32
                RenderInline {RB} at (0,0) size 19x32
                  RenderText {#text} at (7,0) size 19x32
                    text run at (7,0) width 32: "\x{4E03}\x{66F2}"
          RenderText {#text} at (2777,304) size 19x96
            text run at (2777,304) width 96: "\x{308A}\x{3078}\x{304B}\x{304B}\x{308B}\x{3002}"
          RenderBR {BR} at (2777,400) size 19x0
          RenderText {#text} at (2825,0) size 19x144
            text run at (2825,0) width 144: "\x{3000}\x{305F}\x{3061}\x{307E}\x{3061}\x{8DB3}\x{306E}\x{4E0B}\x{3067}"
          RenderRuby (inline) {RUBY} at (0,0) size 19x32
            RenderRubyRun (anonymous) at (2818,144) size 48x32
              RenderRubyText {RT} at (-6,0) size 24x32
                RenderText {#text} at (3,4) size 10x24
                  text run at (3,4) width 24: "\x{3072}\x{3070}\x{308A}"
              RenderRubyBase (anonymous) at (0,0) size 48x32
                RenderInline {RB} at (0,0) size 19x32
                  RenderText {#text} at (7,0) size 19x32
                    text run at (7,0) width 32: "\x{96F2}\x{96C0}"
          RenderText {#text} at (2825,176) size 19x160
            text run at (2825,176) width 160: "\x{306E}\x{58F0}\x{304C}\x{3057}\x{51FA}\x{3057}\x{305F}\x{3002}\x{8C37}\x{3092}"
          RenderRuby (inline) {RUBY} at (0,0) size 19x32
            RenderRubyRun (anonymous) at (2818,336) size 48x32
              RenderRubyText {RT} at (-6,0) size 24x32
                RenderText {#text} at (3,4) size 10x24
                  text run at (3,4) width 24: "\x{307F}\x{304A}\x{308D}"
              RenderRubyBase (anonymous) at (0,0) size 48x32
                RenderInline {RB} at (0,0) size 19x32
                  RenderText {#text} at (7,0) size 19x32
                    text run at (7,0) width 32: "\x{898B}\x{4E0B}"
          RenderText {#text} at (2825,368) size 67x496
            text run at (2825,368) width 128: "\x{3057}\x{305F}\x{304C}\x{3001}\x{3069}\x{3053}\x{3067}\x{9CF4}"
            text run at (2873,0) width 480: "\x{3044}\x{3066}\x{308B}\x{304B}\x{5F71}\x{3082}\x{5F62}\x{3082}\x{898B}\x{3048}\x{306C}\x{3002}\x{305F}\x{3060}\x{58F0}\x{3060}\x{3051}\x{304C}\x{660E}\x{3089}\x{304B}\x{306B}\x{805E}\x{3048}\x{308B}\x{3002}\x{305B}\x{3063}\x{305B}\x{3068}"
          RenderRuby (inline) {RUBY} at (0,0) size 19x16
            RenderRubyRun (anonymous) at (2866,480) size 48x16
              RenderRubyText {RT} at (-6,0) size 24x16
                RenderText {#text} at (3,0) size 10x16
                  text run at (3,0) width 16: "\x{305B}\x{308F}"
              RenderRubyBase (anonymous) at (0,0) size 48x16
                RenderInline {RB} at (0,0) size 19x16
                  RenderText {#text} at (7,0) size 19x16
                    text run at (7,0) width 16: "\x{5FD9}"
          RenderText {#text} at (2921,0) size 19x48
            text run at (2921,0) width 48: "\x{3057}\x{304F}\x{3001}"
          RenderRuby (inline) {RUBY} at (0,0) size 19x32
            RenderRubyRun (anonymous) at (2914,48) size 48x32
              RenderRubyText {RT} at (-6,0) size 24x32
                RenderText {#text} at (3,4) size 10x24
                  text run at (3,4) width 24: "\x{305F}\x{3048}\x{307E}"
              RenderRubyBase (anonymous) at (0,0) size 48x32
                RenderInline {RB} at (0,0) size 19x32
                  RenderText {#text} at (7,0) size 19x32
                    text run at (7,0) width 32: "\x{7D76}\x{9593}"
          RenderText {#text} at (2921,80) size 19x128
            text run at (2921,80) width 128: "\x{306A}\x{304F}\x{9CF4}\x{3044}\x{3066}\x{3044}\x{308B}\x{3002}"
          RenderRuby (inline) {RUBY} at (0,0) size 19x48
            RenderRubyRun (anonymous) at (2914,208) size 48x48
              RenderRubyText {RT} at (-6,0) size 24x48
                RenderText {#text} at (3,4) size 10x40
                  text run at (3,4) width 40: "\x{307B}\x{3046}\x{3044}\x{304F}\x{308A}"
              RenderRubyBase (anonymous) at (0,0) size 48x48
                RenderInline {RB} at (0,0) size 19x48
                  RenderText {#text} at (7,0) size 19x48
                    text run at (7,0) width 48: "\x{65B9}\x{5E7E}\x{91CC}"
          RenderText {#text} at (2921,256) size 19x112
            text run at (2921,256) width 112: "\x{306E}\x{7A7A}\x{6C17}\x{304C}\x{4E00}\x{9762}\x{306B}"
          RenderRuby (inline) {RUBY} at (0,0) size 19x16
            RenderRubyRun (anonymous) at (2914,368) size 48x16
              RenderRubyText {RT} at (-6,0) size 24x16
                RenderText {#text} at (3,0) size 10x16
                  text run at (3,0) width 16: "\x{306E}\x{307F}"
              RenderRubyBase (anonymous) at (0,0) size 48x16
                RenderInline {RB} at (0,0) size 19x16
                  RenderText {#text} at (7,0) size 19x16
                    text run at (7,0) width 16: "\x{86A4}"
          RenderText {#text} at (2921,384) size 67x496
            text run at (2921,384) width 112: "\x{306B}\x{523A}\x{3055}\x{308C}\x{3066}\x{3044}\x{305F}"
            text run at (2969,0) width 304: "\x{305F}\x{307E}\x{308C}\x{306A}\x{3044}\x{3088}\x{3046}\x{306A}\x{6C17}\x{304C}\x{3059}\x{308B}\x{3002}\x{3042}\x{306E}\x{9CE5}\x{306E}\x{9CF4}\x{304F}"
          RenderRuby (inline) {RUBY} at (0,0) size 19x16
            RenderRubyRun (anonymous) at (2962,304) size 48x16
              RenderRubyText {RT} at (-6,0) size 24x16
                RenderText {#text} at (3,4) size 10x8
                  text run at (3,4) width 8: "\x{306D}"
              RenderRubyBase (anonymous) at (0,0) size 48x16
                RenderInline {RB} at (0,0) size 19x16
                  RenderText {#text} at (7,0) size 19x16
                    text run at (7,0) width 16: "\x{97F3}"
          RenderText {#text} at (2969,320) size 163x496
            text run at (2969,320) width 176: "\x{306B}\x{306F}\x{77AC}\x{6642}\x{306E}\x{4F59}\x{88D5}\x{3082}\x{306A}\x{3044}\x{3002}"
            text run at (3017,0) width 496: "\x{306E}\x{3069}\x{304B}\x{306A}\x{6625}\x{306E}\x{65E5}\x{3092}\x{9CF4}\x{304D}\x{5C3D}\x{304F}\x{3057}\x{3001}\x{9CF4}\x{304D}\x{3042}\x{304B}\x{3057}\x{3001}\x{307E}\x{305F}\x{9CF4}\x{304D}\x{66AE}\x{3089}\x{3055}\x{306A}\x{3051}\x{308C}\x{3070}"
            text run at (3065,0) width 496: "\x{6C17}\x{304C}\x{6E08}\x{307E}\x{3093}\x{3068}\x{898B}\x{3048}\x{308B}\x{3002}\x{305D}\x{306E}\x{4E0A}\x{3069}\x{3053}\x{307E}\x{3067}\x{3082}\x{767B}\x{3063}\x{3066}\x{884C}\x{304F}\x{3001}\x{3044}\x{3064}\x{307E}\x{3067}\x{3082}\x{767B}\x{3063}"
            text run at (3113,0) width 432: "\x{3066}\x{884C}\x{304F}\x{3002}\x{96F2}\x{96C0}\x{306F}\x{304D}\x{3063}\x{3068}\x{96F2}\x{306E}\x{4E2D}\x{3067}\x{6B7B}\x{306C}\x{306B}\x{76F8}\x{9055}\x{306A}\x{3044}\x{3002}\x{767B}\x{308A}\x{8A70}\x{3081}\x{305F}"
          RenderRuby (inline) {RUBY} at (0,0) size 19x32
            RenderRubyRun (anonymous) at (3106,432) size 48x32
              RenderRubyText {RT} at (-6,0) size 24x32
                RenderText {#text} at (3,4) size 10x24
                  text run at (3,4) width 24: "\x{3042}\x{3052}\x{304F}"
              RenderRubyBase (anonymous) at (0,0) size 48x32
                RenderInline {RB} at (0,0) size 19x32
                  RenderText {#text} at (7,0) size 19x32
                    text run at (7,0) width 32: "\x{63DA}\x{53E5}"
          RenderText {#text} at (3113,464) size 67x496
            text run at (3113,464) width 32: "\x{306F}\x{3001}"
            text run at (3161,0) width 80: "\x{6D41}\x{308C}\x{3066}\x{96F2}\x{306B}"
          RenderRuby (inline) {RUBY} at (0,0) size 19x16
            RenderRubyRun (anonymous) at (3154,80) size 48x16
              RenderRubyText {RT} at (-6,0) size 24x16
                RenderText {#text} at (3,4) size 10x8
                  text run at (3,4) width 8: "\x{3044}"
              RenderRubyBase (anonymous) at (0,0) size 48x16
                RenderInline {RB} at (0,0) size 19x16
                  RenderText {#text} at (7,0) size 19x16
                    text run at (7,0) width 16: "\x{5165}"
          RenderText {#text} at (3161,96) size 19x48
            text run at (3161,96) width 48: "\x{3063}\x{3066}\x{3001}"
          RenderRuby (inline) {RUBY} at (0,0) size 19x16
            RenderRubyRun (anonymous) at (3154,140) size 48x24
              RenderRubyText {RT} at (-6,0) size 24x24
                RenderText {#text} at (3,0) size 10x24
                  text run at (3,0) width 24: "\x{305F}\x{3060}\x{3088}"
              RenderRubyBase (anonymous) at (0,0) size 48x24
                RenderInline {RB} at (0,0) size 19x16
                  RenderText {#text} at (7,4) size 19x16
                    text run at (7,4) width 16: "\x{6F02}"
          RenderText {#text} at (3161,160) size 67x496
            text run at (3161,160) width 336: "\x{3046}\x{3066}\x{3044}\x{308B}\x{3046}\x{3061}\x{306B}\x{5F62}\x{306F}\x{6D88}\x{3048}\x{3066}\x{306A}\x{304F}\x{306A}\x{3063}\x{3066}\x{3001}\x{305F}\x{3060}\x{58F0}"
            text run at (3209,0) width 80: "\x{3060}\x{3051}\x{304C}\x{7A7A}\x{306E}"
          RenderRuby (inline) {RUBY} at (0,0) size 19x16
            RenderRubyRun (anonymous) at (3202,80) size 48x16
              RenderRubyText {RT} at (-6,0) size 24x16
                RenderText {#text} at (3,0) size 10x16
                  text run at (3,0) width 16: "\x{3046}\x{3061}"
              RenderRubyBase (anonymous) at (0,0) size 48x16
                RenderInline {RB} at (0,0) size 19x16
                  RenderText {#text} at (7,0) size 19x16
                    text run at (7,0) width 16: "\x{88E1}"
          RenderText {#text} at (3209,96) size 19x176
            text run at (3209,96) width 176: "\x{306B}\x{6B8B}\x{308B}\x{306E}\x{304B}\x{3082}\x{77E5}\x{308C}\x{306A}\x{3044}\x{3002}"
          RenderBR {BR} at (3209,272) size 19x0
          RenderText {#text} at (3257,0) size 19x16
            text run at (3257,0) width 16: "\x{3000}"
          RenderRuby (inline) {RUBY} at (0,0) size 19x32
            RenderRubyRun (anonymous) at (3250,16) size 48x32
              RenderRubyText {RT} at (-6,0) size 24x32
                RenderText {#text} at (3,0) size 10x32
                  text run at (3,0) width 32: "\x{3044}\x{308F}\x{304B}\x{3069}"
              RenderRubyBase (anonymous) at (0,0) size 48x32
                RenderInline {RB} at (0,0) size 19x32
                  RenderText {#text} at (7,0) size 19x32
                    text run at (7,0) width 32: "\x{5DCC}\x{89D2}"
          RenderText {#text} at (3257,48) size 19x128
            text run at (3257,48) width 128: "\x{3092}\x{92ED}\x{3069}\x{304F}\x{5EFB}\x{3063}\x{3066}\x{3001}"
          RenderRuby (inline) {RUBY} at (0,0) size 19x32
            RenderRubyRun (anonymous) at (3250,176) size 48x32
              RenderRubyText {RT} at (-6,0) size 24x32
                RenderText {#text} at (3,4) size 10x24
                  text run at (3,4) width 24: "\x{3042}\x{3093}\x{307E}"
              RenderRubyBase (anonymous) at (0,0) size 48x32
                RenderInline {RB} at (0,0) size 19x32
                  RenderText {#text} at (7,0) size 19x32
                    text run at (7,0) width 32: "\x{6309}\x{6469}"
          RenderText {#text} at (3257,208) size 19x32
            text run at (3257,208) width 32: "\x{306A}\x{3089}"
          RenderRuby (inline) {RUBY} at (0,0) size 19x48
            RenderRubyRun (anonymous) at (3250,240) size 48x48
              RenderRubyText {RT} at (-6,0) size 24x48
                RenderText {#text} at (3,0) size 10x48
                  text run at (3,0) width 48: "\x{307E}\x{3063}\x{3055}\x{304B}\x{3055}\x{307E}"
              RenderRubyBase (anonymous) at (0,0) size 48x48
                RenderInline {RB} at (0,0) size 19x48
                  RenderText {#text} at (7,0) size 19x48
                    text run at (7,0) width 48: "\x{771F}\x{9006}\x{69D8}"
          RenderText {#text} at (3257,288) size 19x144
            text run at (3257,288) width 144: "\x{306B}\x{843D}\x{3064}\x{308B}\x{3068}\x{3053}\x{308D}\x{3092}\x{3001}"
          RenderRuby (inline) {RUBY} at (0,0) size 19x16
            RenderRubyRun (anonymous) at (3250,432) size 48x16
              RenderRubyText {RT} at (-6,0) size 24x16
                RenderText {#text} at (3,0) size 10x16
                  text run at (3,0) width 16: "\x{304D}\x{308F}"
              RenderRubyBase (anonymous) at (0,0) size 48x16
                RenderInline {RB} at (0,0) size 19x16
                  RenderText {#text} at (7,0) size 19x16
                    text run at (7,0) width 16: "\x{969B}"
          RenderText {#text} at (3257,448) size 67x496
            text run at (3257,448) width 48: "\x{3069}\x{304F}\x{53F3}"
            text run at (3305,0) width 112: "\x{3078}\x{5207}\x{308C}\x{3066}\x{3001}\x{6A2A}\x{306B}"
          RenderRuby (inline) {RUBY} at (0,0) size 19x32
            RenderRubyRun (anonymous) at (3298,112) size 48x32
              RenderRubyText {RT} at (-6,0) size 24x32
                RenderText {#text} at (3,4) size 10x24
                  text run at (3,4) width 24: "\x{307F}\x{304A}\x{308D}"
              RenderRubyBase (anonymous) at (0,0) size 48x32
                RenderInline {RB} at (0,0) size 19x32
                  RenderText {#text} at (7,0) size 19x32
                    text run at (7,0) width 32: "\x{898B}\x{4E0B}"
          RenderText {#text} at (3305,144) size 19x48
            text run at (3305,144) width 48: "\x{3059}\x{3068}\x{3001}"
          RenderRuby (inline) {RUBY} at (0,0) size 19x16
            RenderRubyRun (anonymous) at (3298,192) size 48x16
              RenderRubyText {RT} at (-6,0) size 24x16
                RenderText {#text} at (3,4) size 10x8
                  text run at (3,4) width 8: "\x{306A}"
              RenderRubyBase (anonymous) at (0,0) size 48x16
                RenderInline {RB} at (0,0) size 19x16
                  RenderText {#text} at (7,0) size 19x16
                    text run at (7,0) width 16: "\x{83DC}"
          RenderText {#text} at (3305,208) size 67x496
            text run at (3305,208) width 288: "\x{306E}\x{82B1}\x{304C}\x{4E00}\x{9762}\x{306B}\x{898B}\x{3048}\x{308B}\x{3002}\x{96F2}\x{96C0}\x{306F}\x{3042}\x{3059}\x{3053}\x{3078}\x{843D}"
            text run at (3353,0) width 240: "\x{3061}\x{308B}\x{306E}\x{304B}\x{3068}\x{601D}\x{3063}\x{305F}\x{3002}\x{3044}\x{3044}\x{3084}\x{3001}\x{3042}\x{306E}"
          RenderRuby (inline) {RUBY} at (0,0) size 19x32
            RenderRubyRun (anonymous) at (3346,240) size 48x32
              RenderRubyText {RT} at (-6,0) size 24x32
                RenderText {#text} at (3,4) size 10x24
                  text run at (3,4) width 24: "\x{3053}\x{304C}\x{306D}"
              RenderRubyBase (anonymous) at (0,0) size 48x32
                RenderInline {RB} at (0,0) size 19x32
                  RenderText {#text} at (7,0) size 19x32
                    text run at (7,0) width 32: "\x{9EC4}\x{91D1}"
          RenderText {#text} at (3353,272) size 67x496
            text run at (3353,272) width 224: "\x{306E}\x{539F}\x{304B}\x{3089}\x{98DB}\x{3073}\x{4E0A}\x{304C}\x{3063}\x{3066}\x{304F}\x{308B}\x{306E}\x{304B}"
            text run at (3401,0) width 240: "\x{3068}\x{601D}\x{3063}\x{305F}\x{3002}\x{6B21}\x{306B}\x{306F}\x{843D}\x{3061}\x{308B}\x{96F2}\x{96C0}\x{3068}\x{3001}"
          RenderRuby (inline) {RUBY} at (0,0) size 19x16
            RenderRubyRun (anonymous) at (3394,240) size 48x16
              RenderRubyText {RT} at (-6,0) size 24x16
                RenderText {#text} at (3,0) size 10x16
                  text run at (3,0) width 16: "\x{3042}\x{304C}"
              RenderRubyBase (anonymous) at (0,0) size 48x16
                RenderInline {RB} at (0,0) size 19x16
                  RenderText {#text} at (7,0) size 19x16
                    text run at (7,0) width 16: "\x{4E0A}"
          RenderText {#text} at (3401,256) size 19x16
            text run at (3401,256) width 16: "\x{308B}"
          RenderRuby (inline) {RUBY} at (0,0) size 19x32
            RenderRubyRun (anonymous) at (3394,272) size 48x32
              RenderRubyText {RT} at (-6,0) size 24x32
                RenderText {#text} at (3,4) size 10x24
                  text run at (3,4) width 24: "\x{3072}\x{3070}\x{308A}"
              RenderRubyBase (anonymous) at (0,0) size 48x32
                RenderInline {RB} at (0,0) size 19x32
                  RenderText {#text} at (7,0) size 19x32
                    text run at (7,0) width 32: "\x{96F2}\x{96C0}"
          RenderText {#text} at (3401,304) size 67x496
            text run at (3401,304) width 192: "\x{304C}\x{5341}\x{6587}\x{5B57}\x{306B}\x{3059}\x{308C}\x{9055}\x{3046}\x{306E}\x{304B}\x{3068}"
            text run at (3449,0) width 400: "\x{601D}\x{3063}\x{305F}\x{3002}\x{6700}\x{5F8C}\x{306B}\x{3001}\x{843D}\x{3061}\x{308B}\x{6642}\x{3082}\x{3001}\x{4E0A}\x{308B}\x{6642}\x{3082}\x{3001}\x{307E}\x{305F}\x{5341}\x{6587}\x{5B57}\x{306B}"
          RenderRuby (inline) {RUBY} at (0,0) size 19x16
            RenderRubyRun (anonymous) at (3442,400) size 48x16
              RenderRubyText {RT} at (-6,0) size 24x16
                RenderText {#text} at (3,4) size 10x8
                  text run at (3,4) width 8: "\x{3059}"
              RenderRubyBase (anonymous) at (0,0) size 48x16
                RenderInline {RB} at (0,0) size 19x16
                  RenderText {#text} at (7,0) size 19x16
                    text run at (7,0) width 16: "\x{64E6}"
          RenderText {#text} at (3449,416) size 67x496
            text run at (3449,416) width 80: "\x{308C}\x{9055}\x{3046}\x{3068}\x{304D}"
            text run at (3497,0) width 320: "\x{306B}\x{3082}\x{5143}\x{6C17}\x{3088}\x{304F}\x{9CF4}\x{304D}\x{3064}\x{3065}\x{3051}\x{308B}\x{3060}\x{308D}\x{3046}\x{3068}\x{601D}\x{3063}\x{305F}\x{3002}"
          RenderBR {BR} at (3497,320) size 19x0
          RenderText {#text} at (3545,0) size 19x192
            text run at (3545,0) width 192: "\x{3000}\x{6625}\x{306F}\x{7720}\x{304F}\x{306A}\x{308B}\x{3002}\x{732B}\x{306F}\x{9F20}\x{3092}"
          RenderRuby (inline) {RUBY} at (0,0) size 19x16
            RenderRubyRun (anonymous) at (3538,192) size 48x16
              RenderRubyText {RT} at (-6,0) size 24x16
                RenderText {#text} at (3,4) size 10x8
                  text run at (3,4) width 8: "\x{3068}"
              RenderRubyBase (anonymous) at (0,0) size 48x16
                RenderInline {RB} at (0,0) size 19x16
                  RenderText {#text} at (7,0) size 19x16
                    text run at (7,0) width 16: "\x{6355}"
          RenderText {#text} at (3545,208) size 67x496
            text run at (3545,208) width 288: "\x{308B}\x{4E8B}\x{3092}\x{5FD8}\x{308C}\x{3001}\x{4EBA}\x{9593}\x{306F}\x{501F}\x{91D1}\x{306E}\x{3042}\x{308B}\x{4E8B}\x{3092}\x{5FD8}\x{308C}"
            text run at (3593,0) width 128: "\x{308B}\x{3002}\x{6642}\x{306B}\x{306F}\x{81EA}\x{5206}\x{306E}"
          RenderRuby (inline) {RUBY} at (0,0) size 19x24
            RenderRubyRun (anonymous) at (3586,124) size 48x32
              RenderRubyText {RT} at (-6,0) size 24x32
                RenderText {#text} at (3,0) size 10x32
                  text run at (3,0) width 32: "\x{305F}\x{307E}\x{3057}\x{3044}"
              RenderRubyBase (anonymous) at (0,0) size 48x32
                RenderInline {RB} at (0,0) size 19x16
                  RenderText {#text} at (7,8) size 19x16
                    text run at (7,8) width 16: "\x{9B42}"
          RenderText {#text} at (3593,152) size 19x16
            text run at (3593,152) width 16: "\x{306E}"
          RenderRuby (inline) {RUBY} at (0,0) size 19x32
            RenderRubyRun (anonymous) at (3586,168) size 48x32
              RenderRubyText {RT} at (-6,0) size 24x32
                RenderText {#text} at (3,0) size 10x32
                  text run at (3,0) width 32: "\x{3044}\x{3069}\x{3053}\x{308D}"
              RenderRubyBase (anonymous) at (0,0) size 48x32
                RenderInline {RB} at (0,0) size 19x32
                  RenderText {#text} at (7,0) size 19x32
                    text run at (7,0) width 32: "\x{5C45}\x{6240}"
          RenderText {#text} at (3593,200) size 67x504
            text run at (3593,200) width 304: "\x{3055}\x{3048}\x{5FD8}\x{308C}\x{3066}\x{6B63}\x{4F53}\x{306A}\x{304F}\x{306A}\x{308B}\x{3002}\x{305F}\x{3060}\x{83DC}\x{306E}\x{82B1}\x{3092}\x{9060}"
            text run at (3641,0) width 144: "\x{304F}\x{671B}\x{3093}\x{3060}\x{3068}\x{304D}\x{306B}\x{773C}\x{304C}"
          RenderRuby (inline) {RUBY} at (0,0) size 19x16
            RenderRubyRun (anonymous) at (3634,144) size 48x16
              RenderRubyText {RT} at (-6,0) size 24x16
                RenderText {#text} at (3,4) size 10x8
                  text run at (3,4) width 8: "\x{3055}"
              RenderRubyBase (anonymous) at (0,0) size 48x16
                RenderInline {RB} at (0,0) size 19x16
                  RenderText {#text} at (7,0) size 19x16
                    text run at (7,0) width 16: "\x{9192}"
          RenderText {#text} at (3641,160) size 19x320
            text run at (3641,160) width 320: "\x{3081}\x{308B}\x{3002}\x{96F2}\x{96C0}\x{306E}\x{58F0}\x{3092}\x{805E}\x{3044}\x{305F}\x{3068}\x{304D}\x{306B}\x{9B42}\x{306E}\x{3042}\x{308A}\x{304B}\x{304C}"
          RenderRuby (inline) {RUBY} at (0,0) size 19x32
            RenderRubyRun (anonymous) at (3682,0) size 48x32
              RenderRubyText {RT} at (-6,0) size 24x32
                RenderText {#text} at (3,0) size 10x32
                  text run at (3,0) width 32: "\x{306F}\x{3093}\x{305C}\x{3093}"
              RenderRubyBase (anonymous) at (0,0) size 48x32
                RenderInline {RB} at (0,0) size 19x32
                  RenderText {#text} at (7,0) size 19x32
                    text run at (7,0) width 32: "\x{5224}\x{7136}"
          RenderText {#text} at (3689,32) size 115x496
            text run at (3689,32) width 464: "\x{3059}\x{308B}\x{3002}\x{96F2}\x{96C0}\x{306E}\x{9CF4}\x{304F}\x{306E}\x{306F}\x{53E3}\x{3067}\x{9CF4}\x{304F}\x{306E}\x{3067}\x{306F}\x{306A}\x{3044}\x{3001}\x{9B42}\x{5168}\x{4F53}\x{304C}\x{9CF4}\x{304F}\x{306E}\x{3060}\x{3002}"
            text run at (3737,0) width 496: "\x{9B42}\x{306E}\x{6D3B}\x{52D5}\x{304C}\x{58F0}\x{306B}\x{3042}\x{3089}\x{308F}\x{308C}\x{305F}\x{3082}\x{306E}\x{306E}\x{3046}\x{3061}\x{3067}\x{3001}\x{3042}\x{308C}\x{307B}\x{3069}\x{5143}\x{6C17}\x{306E}\x{3042}\x{308B}\x{3082}\x{306E}\x{306F}"
            text run at (3785,0) width 464: "\x{306A}\x{3044}\x{3002}\x{3042}\x{3042}\x{6109}\x{5FEB}\x{3060}\x{3002}\x{3053}\x{3046}\x{601D}\x{3063}\x{3066}\x{3001}\x{3053}\x{3046}\x{6109}\x{5FEB}\x{306B}\x{306A}\x{308B}\x{306E}\x{304C}\x{8A69}\x{3067}\x{3042}\x{308B}\x{3002}"
          RenderBR {BR} at (3785,464) size 19x0
          RenderText {#text} at (3833,0) size 67x496
            text run at (3833,0) width 496: "\x{3000}\x{305F}\x{3061}\x{307E}\x{3061}\x{30B7}\x{30A7}\x{30EC}\x{30FC}\x{306E}\x{96F2}\x{96C0}\x{306E}\x{8A69}\x{3092}\x{601D}\x{3044}\x{51FA}\x{3057}\x{3066}\x{3001}\x{53E3}\x{306E}\x{3046}\x{3061}\x{3067}\x{899A}\x{3048}\x{305F}\x{3068}\x{3053}"
            text run at (3881,0) width 48: "\x{308D}\x{3060}\x{3051}"
          RenderRuby (inline) {RUBY} at (0,0) size 19x32
            RenderRubyRun (anonymous) at (3874,44) size 48x40
              RenderRubyText {RT} at (-6,0) size 24x40
                RenderText {#text} at (3,0) size 10x40
                  text run at (3,0) width 40: "\x{3042}\x{3093}\x{3057}\x{3087}\x{3046}"
              RenderRubyBase (anonymous) at (0,0) size 48x40
                RenderInline {RB} at (0,0) size 19x32
                  RenderText {#text} at (7,4) size 19x32
                    text run at (7,4) width 32: "\x{6697}\x{8AA6}"
          RenderText {#text} at (3881,80) size 67x496
            text run at (3881,80) width 416: "\x{3057}\x{3066}\x{898B}\x{305F}\x{304C}\x{3001}\x{899A}\x{3048}\x{3066}\x{3044}\x{308B}\x{3068}\x{3053}\x{308D}\x{306F}\x{4E8C}\x{4E09}\x{53E5}\x{3057}\x{304B}\x{306A}\x{304B}\x{3063}\x{305F}\x{3002}\x{305D}"
            text run at (3929,0) width 256: "\x{306E}\x{4E8C}\x{4E09}\x{53E5}\x{306E}\x{306A}\x{304B}\x{306B}\x{3053}\x{3093}\x{306A}\x{306E}\x{304C}\x{3042}\x{308B}\x{3002}"
          RenderBR {BR} at (3929,256) size 19x0
        RenderBlock {DIV} at (3970,32) size 212x472
          RenderText {#text} at (7,0) size 19x189
            text run at (7,0) width 189: "\x{3000}\x{3000}We look before and after"
          RenderBR {BR} at (7,189) size 19x0
          RenderText {#text} at (55,0) size 19x222
            text run at (55,0) width 222: "\x{3000}\x{3000}\x{3000}\x{3000}And pine for what is not:"
          RenderBR {BR} at (55,222) size 19x0
          RenderText {#text} at (103,0) size 19x170
            text run at (103,0) width 170: "\x{3000}\x{3000}Our sincerest laughter"
          RenderBR {BR} at (103,170) size 19x0
          RenderText {#text} at (151,0) size 19x230
            text run at (151,0) width 230: "\x{3000}\x{3000}\x{3000}\x{3000}With some pain is fraught;"
          RenderBR {BR} at (151,230) size 19x0
          RenderText {#text} at (192,0) size 19x355
            text run at (192,0) width 355: "Our sweetest songs are those that tell of saddest thought."
          RenderBR {BR} at (192,355) size 19x0
        RenderBlock (anonymous) at (4182,0) size 3075x504
          RenderText {#text} at (10,0) size 19x112
            text run at (10,0) width 112: "\x{300C}\x{524D}\x{3092}\x{307F}\x{3066}\x{306F}\x{3001}"
          RenderRuby (inline) {RUBY} at (0,0) size 19x16
            RenderRubyRun (anonymous) at (3,112) size 48x16
              RenderRubyText {RT} at (-6,0) size 24x16
                RenderText {#text} at (3,0) size 10x16
                  text run at (3,0) width 16: "\x{3057}\x{308A}"
              RenderRubyBase (anonymous) at (0,0) size 48x16
                RenderInline {RB} at (0,0) size 19x16
                  RenderText {#text} at (7,0) size 19x16
                    text run at (7,0) width 16: "\x{5F8C}"
          RenderText {#text} at (10,128) size 19x96
            text run at (10,128) width 96: "\x{3048}\x{3092}\x{898B}\x{3066}\x{306F}\x{3001}"
          RenderRuby (inline) {RUBY} at (0,0) size 19x32
            RenderRubyRun (anonymous) at (3,224) size 48x32
              RenderRubyText {RT} at (-6,0) size 24x32
                RenderText {#text} at (3,4) size 10x24
                  text run at (3,4) width 24: "\x{3082}\x{306E}\x{307B}"
              RenderRubyBase (anonymous) at (0,0) size 48x32
                RenderInline {RB} at (0,0) size 19x32
                  RenderText {#text} at (7,0) size 19x32
                    text run at (7,0) width 32: "\x{7269}\x{6B32}"
          RenderText {#text} at (10,256) size 67x496
            text run at (10,256) width 240: "\x{3057}\x{3068}\x{3001}\x{3042}\x{3053}\x{304C}\x{308B}\x{308B}\x{304B}\x{306A}\x{308F}\x{308C}\x{3002}\x{8179}\x{304B}"
            text run at (58,0) width 448: "\x{3089}\x{306E}\x{3001}\x{7B11}\x{3068}\x{3044}\x{3048}\x{3069}\x{3001}\x{82E6}\x{3057}\x{307F}\x{306E}\x{3001}\x{305D}\x{3053}\x{306B}\x{3042}\x{308B}\x{3079}\x{3057}\x{3002}\x{3046}\x{3064}\x{304F}\x{3057}\x{304D}\x{3001}"
          RenderRuby (inline) {RUBY} at (0,0) size 19x16
            RenderRubyRun (anonymous) at (51,448) size 48x16
              RenderRubyText {RT} at (-6,0) size 24x16
                RenderText {#text} at (3,0) size 10x16
                  text run at (3,0) width 16: "\x{304D}\x{308F}"
              RenderRubyBase (anonymous) at (0,0) size 48x16
                RenderInline {RB} at (0,0) size 19x16
                  RenderText {#text} at (7,0) size 19x16
                    text run at (7,0) width 16: "\x{6975}"
          RenderText {#text} at (58,464) size 67x496
            text run at (58,464) width 32: "\x{307F}\x{306E}"
            text run at (106,0) width 176: "\x{6B4C}\x{306B}\x{3001}\x{60B2}\x{3057}\x{3055}\x{306E}\x{3001}\x{6975}\x{307F}\x{306E}"
          RenderRuby (inline) {RUBY} at (0,0) size 19x16
            RenderRubyRun (anonymous) at (99,172) size 48x24
              RenderRubyText {RT} at (-6,0) size 24x24
                RenderText {#text} at (3,0) size 10x24
                  text run at (3,0) width 24: "\x{304A}\x{3082}\x{3044}"
              RenderRubyBase (anonymous) at (0,0) size 48x24
                RenderInline {RB} at (0,0) size 19x16
                  RenderText {#text} at (7,4) size 19x16
                    text run at (7,4) width 16: "\x{60F3}"
          RenderText {#text} at (106,192) size 19x16
            text run at (106,192) width 16: "\x{3001}"
          RenderRuby (inline) {RUBY} at (0,0) size 19x16
            RenderRubyRun (anonymous) at (99,208) size 48x16
              RenderRubyText {RT} at (-6,0) size 24x16
                RenderText {#text} at (3,0) size 10x16
                  text run at (3,0) width 16: "\x{3053}\x{3082}"
              RenderRubyBase (anonymous) at (0,0) size 48x16
                RenderInline {RB} at (0,0) size 19x16
                  RenderText {#text} at (7,0) size 19x16
                    text run at (7,0) width 16: "\x{7C60}"
          RenderText {#text} at (106,224) size 19x96
            text run at (106,224) width 96: "\x{308B}\x{3068}\x{305E}\x{77E5}\x{308C}\x{300D}"
          RenderBR {BR} at (106,320) size 19x0
          RenderText {#text} at (154,0) size 67x496
            text run at (154,0) width 496: "\x{3000}\x{306A}\x{308B}\x{307B}\x{3069}\x{3044}\x{304F}\x{3089}\x{8A69}\x{4EBA}\x{304C}\x{5E78}\x{798F}\x{3067}\x{3082}\x{3001}\x{3042}\x{306E}\x{96F2}\x{96C0}\x{306E}\x{3088}\x{3046}\x{306B}\x{601D}\x{3044}\x{5207}\x{3063}\x{3066}\x{3001}\x{4E00}"
            text run at (202,0) width 320: "\x{5FC3}\x{4E0D}\x{4E71}\x{306B}\x{3001}\x{524D}\x{5F8C}\x{3092}\x{5FD8}\x{5374}\x{3057}\x{3066}\x{3001}\x{308F}\x{304C}\x{559C}\x{3073}\x{3092}\x{6B4C}\x{3046}"
          RenderRuby (inline) {RUBY} at (0,0) size 19x16
            RenderRubyRun (anonymous) at (195,320) size 48x16
              RenderRubyText {RT} at (-6,0) size 24x16
                RenderText {#text} at (3,0) size 10x16
                  text run at (3,0) width 16: "\x{308F}\x{3051}"
              RenderRubyBase (anonymous) at (0,0) size 48x16
                RenderInline {RB} at (0,0) size 19x16
                  RenderText {#text} at (7,0) size 19x16
                    text run at (7,0) width 16: "\x{8A33}"
          RenderText {#text} at (202,336) size 67x496
            text run at (202,336) width 160: "\x{306B}\x{306F}\x{884C}\x{304F}\x{307E}\x{3044}\x{3002}\x{897F}\x{6D0B}\x{306E}"
            text run at (250,0) width 256: "\x{8A69}\x{306F}\x{7121}\x{8AD6}\x{306E}\x{4E8B}\x{3001}\x{652F}\x{90A3}\x{306E}\x{8A69}\x{306B}\x{3082}\x{3001}\x{3088}\x{304F}"
          RenderRuby (inline) {RUBY} at (0,0) size 19x32
            RenderRubyRun (anonymous) at (243,256) size 48x32
              RenderRubyText {RT} at (-6,0) size 24x32
                RenderText {#text} at (3,0) size 10x32
                  text run at (3,0) width 32: "\x{3070}\x{3093}\x{3053}\x{304F}"
              RenderRubyBase (anonymous) at (0,0) size 48x32
                RenderInline {RB} at (0,0) size 19x32
                  RenderText {#text} at (7,0) size 19x32
                    text run at (7,0) width 32: "\x{4E07}\x{659B}"
          RenderText {#text} at (250,288) size 19x16
            text run at (250,288) width 16: "\x{306E}"
          RenderRuby (inline) {RUBY} at (0,0) size 19x16
            RenderRubyRun (anonymous) at (243,300) size 48x24
              RenderRubyText {RT} at (-6,0) size 24x24
                RenderText {#text} at (3,0) size 10x24
                  text run at (3,0) width 24: "\x{3046}\x{308C}\x{3044}"
              RenderRubyBase (anonymous) at (0,0) size 48x24
                RenderInline {RB} at (0,0) size 19x16
                  RenderText {#text} at (7,4) size 19x16
                    text run at (7,4) width 16: "\x{6101}"
          RenderText {#text} at (250,320) size 67x496
            text run at (250,320) width 176: "\x{306A}\x{3069}\x{3068}\x{4E91}\x{3046}\x{5B57}\x{304C}\x{3042}\x{308B}\x{3002}\x{8A69}"
            text run at (298,0) width 112: "\x{4EBA}\x{3060}\x{304B}\x{3089}\x{4E07}\x{659B}\x{3067}"
          RenderRuby (inline) {RUBY} at (0,0) size 19x32
            RenderRubyRun (anonymous) at (291,112) size 48x32
              RenderRubyText {RT} at (-6,0) size 24x32
                RenderText {#text} at (3,0) size 10x32
                  text run at (3,0) width 32: "\x{3057}\x{308D}\x{3046}\x{3068}"
              RenderRubyBase (anonymous) at (0,0) size 48x32
                RenderInline {RB} at (0,0) size 19x32
                  RenderText {#text} at (7,0) size 19x32
                    text run at (7,0) width 32: "\x{7D20}\x{4EBA}"
          RenderText {#text} at (298,144) size 19x48
            text run at (298,144) width 48: "\x{306A}\x{3089}\x{4E00}"
          RenderRuby (inline) {RUBY} at (0,0) size 19x16
            RenderRubyRun (anonymous) at (291,192) size 48x16
              RenderRubyText {RT} at (-6,0) size 24x16
                RenderText {#text} at (3,0) size 10x16
                  text run at (3,0) width 16: "\x{3054}\x{3046}"
              RenderRubyBase (anonymous) at (0,0) size 48x16
                RenderInline {RB} at (0,0) size 19x16
                  RenderText {#text} at (7,0) size 19x16
                    text run at (7,0) width 16: "\x{5408}"
          RenderText {#text} at (298,208) size 67x496
            text run at (298,208) width 288: "\x{3067}\x{6E08}\x{3080}\x{304B}\x{3082}\x{77E5}\x{308C}\x{306C}\x{3002}\x{3057}\x{3066}\x{898B}\x{308B}\x{3068}\x{8A69}\x{4EBA}\x{306F}\x{5E38}"
            text run at (346,0) width 160: "\x{306E}\x{4EBA}\x{3088}\x{308A}\x{3082}\x{82E6}\x{52B4}\x{6027}\x{3067}\x{3001}"
          RenderRuby (inline) {RUBY} at (0,0) size 19x32
            RenderRubyRun (anonymous) at (339,160) size 48x32
              RenderRubyText {RT} at (-6,0) size 24x32
                RenderText {#text} at (3,0) size 10x32
                  text run at (3,0) width 32: "\x{307C}\x{3093}\x{3053}\x{3064}"
              RenderRubyBase (anonymous) at (0,0) size 48x32
                RenderInline {RB} at (0,0) size 19x32
                  RenderText {#text} at (7,0) size 19x32
                    text run at (7,0) width 32: "\x{51E1}\x{9AA8}"
          RenderText {#text} at (346,192) size 67x496
            text run at (346,192) width 304: "\x{306E}\x{500D}\x{4EE5}\x{4E0A}\x{306B}\x{795E}\x{7D4C}\x{304C}\x{92ED}\x{654F}\x{306A}\x{306E}\x{304B}\x{3082}\x{77E5}\x{308C}\x{3093}\x{3002}\x{8D85}"
            text run at (394,0) width 208: "\x{4FD7}\x{306E}\x{559C}\x{3073}\x{3082}\x{3042}\x{308D}\x{3046}\x{304C}\x{3001}\x{7121}\x{91CF}\x{306E}"
          RenderRuby (inline) {RUBY} at (0,0) size 19x24
            RenderRubyRun (anonymous) at (387,204) size 48x32
              RenderRubyText {RT} at (-6,0) size 24x32
                RenderText {#text} at (3,0) size 10x32
                  text run at (3,0) width 32: "\x{304B}\x{306A}\x{3057}\x{307F}"
              RenderRubyBase (anonymous) at (0,0) size 48x32
                RenderInline {RB} at (0,0) size 19x16
                  RenderText {#text} at (7,8) size 19x16
                    text run at (7,8) width 16: "\x{60B2}"
          RenderText {#text} at (394,232) size 67x504
            text run at (394,232) width 272: "\x{3082}\x{591A}\x{304B}\x{308D}\x{3046}\x{3002}\x{305D}\x{3093}\x{306A}\x{3089}\x{3070}\x{8A69}\x{4EBA}\x{306B}\x{306A}\x{308B}\x{306E}"
            text run at (442,0) width 96: "\x{3082}\x{8003}\x{3048}\x{7269}\x{3060}\x{3002}"
          RenderBR {BR} at (442,96) size 19x0
          RenderText {#text} at (490,0) size 19x128
            text run at (490,0) width 128: "\x{3000}\x{3057}\x{3070}\x{3089}\x{304F}\x{306F}\x{8DEF}\x{304C}"
          RenderRuby (inline) {RUBY} at (0,0) size 19x16
            RenderRubyRun (anonymous) at (483,124) size 48x24
              RenderRubyText {RT} at (-6,0) size 24x24
                RenderText {#text} at (3,0) size 10x24
                  text run at (3,0) width 24: "\x{305F}\x{3044}\x{3089}"
              RenderRubyBase (anonymous) at (0,0) size 48x24
                RenderInline {RB} at (0,0) size 19x16
                  RenderText {#text} at (7,4) size 19x16
                    text run at (7,4) width 16: "\x{5E73}"
          RenderText {#text} at (490,144) size 19x64
            text run at (490,144) width 64: "\x{3067}\x{3001}\x{53F3}\x{306F}"
          RenderRuby (inline) {RUBY} at (0,0) size 19x48
            RenderRubyRun (anonymous) at (483,208) size 48x48
              RenderRubyText {RT} at (-6,0) size 24x48
                RenderText {#text} at (3,4) size 10x40
                  text run at (3,4) width 40: "\x{305E}\x{3046}\x{304D}\x{3084}\x{307E}"
              RenderRubyBase (anonymous) at (0,0) size 48x48
                RenderInline {RB} at (0,0) size 19x48
                  RenderText {#text} at (7,0) size 19x48
                    text run at (7,0) width 48: "\x{96D1}\x{6728}\x{5C71}"
          RenderText {#text} at (490,256) size 67x496
            text run at (490,256) width 240: "\x{3001}\x{5DE6}\x{306F}\x{83DC}\x{306E}\x{82B1}\x{306E}\x{898B}\x{3064}\x{3065}\x{3051}\x{3067}\x{3042}\x{308B}\x{3002}"
            text run at (538,0) width 96: "\x{8DB3}\x{306E}\x{4E0B}\x{306B}\x{6642}\x{3005}"
          RenderRuby (inline) {RUBY} at (0,0) size 19x48
            RenderRubyRun (anonymous) at (531,96) size 48x48
              RenderRubyText {RT} at (-6,0) size 24x48
                RenderText {#text} at (3,8) size 10x32
                  text run at (3,8) width 32: "\x{305F}\x{3093}\x{307D}\x{307D}"
              RenderRubyBase (anonymous) at (0,0) size 48x48
                RenderInline {RB} at (0,0) size 19x48
                  RenderText {#text} at (7,0) size 19x48
                    text run at (7,0) width 48: "\x{84B2}\x{516C}\x{82F1}"
          RenderText {#text} at (538,144) size 19x112
            text run at (538,144) width 112: "\x{3092}\x{8E0F}\x{307F}\x{3064}\x{3051}\x{308B}\x{3002}"
          RenderRuby (inline) {RUBY} at (0,0) size 19x24
            RenderRubyRun (anonymous) at (531,252) size 48x32
              RenderRubyText {RT} at (-6,0) size 24x32
                RenderText {#text} at (3,0) size 10x32
                  text run at (3,0) width 32: "\x{306E}\x{3053}\x{304E}\x{308A}"
              RenderRubyBase (anonymous) at (0,0) size 48x32
                RenderInline {RB} at (0,0) size 19x16
                  RenderText {#text} at (7,8) size 19x16
                    text run at (7,8) width 16: "\x{92F8}"
          RenderText {#text} at (538,280) size 67x504
            text run at (538,280) width 224: "\x{306E}\x{3088}\x{3046}\x{306A}\x{8449}\x{304C}\x{9060}\x{616E}\x{306A}\x{304F}\x{56DB}\x{65B9}\x{3078}\x{306E}"
            text run at (586,0) width 128: "\x{3057}\x{3066}\x{771F}\x{4E2D}\x{306B}\x{9EC4}\x{8272}\x{306A}"
          RenderRuby (inline) {RUBY} at (0,0) size 19x16
            RenderRubyRun (anonymous) at (579,128) size 48x16
              RenderRubyText {RT} at (-6,0) size 24x16
                RenderText {#text} at (3,0) size 10x16
                  text run at (3,0) width 16: "\x{305F}\x{307E}"
              RenderRubyBase (anonymous) at (0,0) size 48x16
                RenderInline {RB} at (0,0) size 19x16
                  RenderText {#text} at (7,0) size 19x16
                    text run at (7,0) width 16: "\x{73E0}"
          RenderText {#text} at (586,144) size 115x496
            text run at (586,144) width 352: "\x{3092}\x{64C1}\x{8B77}\x{3057}\x{3066}\x{3044}\x{308B}\x{3002}\x{83DC}\x{306E}\x{82B1}\x{306B}\x{6C17}\x{3092}\x{3068}\x{3089}\x{308C}\x{3066}\x{3001}\x{8E0F}\x{307F}\x{3064}"
            text run at (634,0) width 496: "\x{3051}\x{305F}\x{3042}\x{3068}\x{3067}\x{3001}\x{6C17}\x{306E}\x{6BD2}\x{306A}\x{4E8B}\x{3092}\x{3057}\x{305F}\x{3068}\x{3001}\x{632F}\x{308A}\x{5411}\x{3044}\x{3066}\x{898B}\x{308B}\x{3068}\x{3001}\x{9EC4}\x{8272}\x{306A}\x{73E0}\x{306F}\x{4F9D}"
            text run at (682,0) width 144: "\x{7136}\x{3068}\x{3057}\x{3066}\x{92F8}\x{306E}\x{306A}\x{304B}\x{306B}"
          RenderRuby (inline) {RUBY} at (0,0) size 19x32
            RenderRubyRun (anonymous) at (675,144) size 48x32
              RenderRubyText {RT} at (-6,0) size 24x32
                RenderText {#text} at (3,4) size 10x24
                  text run at (3,4) width 24: "\x{3061}\x{3093}\x{3056}"
              RenderRubyBase (anonymous) at (0,0) size 48x32
                RenderInline {RB} at (0,0) size 19x32
                  RenderText {#text} at (7,0) size 19x32
                    text run at (7,0) width 32: "\x{93AE}\x{5EA7}"
          RenderText {#text} at (682,176) size 19x80
            text run at (682,176) width 80: "\x{3057}\x{3066}\x{3044}\x{308B}\x{3002}"
          RenderRuby (inline) {RUBY} at (0,0) size 19x32
            RenderRubyRun (anonymous) at (675,256) size 48x32
              RenderRubyText {RT} at (-6,0) size 24x32
                RenderText {#text} at (3,4) size 10x24
                  text run at (3,4) width 24: "\x{306E}\x{3093}\x{304D}"
              RenderRubyBase (anonymous) at (0,0) size 48x32
                RenderInline {RB} at (0,0) size 19x32
                  RenderText {#text} at (7,0) size 19x32
                    text run at (7,0) width 32: "\x{5451}\x{6C17}"
          RenderText {#text} at (682,288) size 67x496
            text run at (682,288) width 208: "\x{306A}\x{3082}\x{306E}\x{3060}\x{3002}\x{307E}\x{305F}\x{8003}\x{3048}\x{3092}\x{3064}\x{3065}\x{3051}"
            text run at (730,0) width 32: "\x{308B}\x{3002}"
          RenderBR {BR} at (730,32) size 19x0
          RenderText {#text} at (778,0) size 19x64
            text run at (778,0) width 64: "\x{3000}\x{8A69}\x{4EBA}\x{306B}"
          RenderRuby (inline) {RUBY} at (0,0) size 19x16
            RenderRubyRun (anonymous) at (771,60) size 48x24
              RenderRubyText {RT} at (-6,0) size 24x24
                RenderText {#text} at (3,0) size 10x24
                  text run at (3,0) width 24: "\x{3046}\x{308C}\x{3044}"
              RenderRubyBase (anonymous) at (0,0) size 48x24
                RenderInline {RB} at (0,0) size 19x16
                  RenderText {#text} at (7,4) size 19x16
                    text run at (7,4) width 16: "\x{6182}"
          RenderText {#text} at (778,80) size 19x240
            text run at (778,80) width 240: "\x{306F}\x{3064}\x{304D}\x{3082}\x{306E}\x{304B}\x{3082}\x{77E5}\x{308C}\x{306A}\x{3044}\x{304C}\x{3001}\x{3042}\x{306E}"
          RenderRuby (inline) {RUBY} at (0,0) size 19x32
            RenderRubyRun (anonymous) at (771,320) size 48x32
              RenderRubyText {RT} at (-6,0) size 24x32
                RenderText {#text} at (3,4) size 10x24
                  text run at (3,4) width 24: "\x{3072}\x{3070}\x{308A}"
              RenderRubyBase (anonymous) at (0,0) size 48x32
                RenderInline {RB} at (0,0) size 19x32
                  RenderText {#text} at (7,0) size 19x32
                    text run at (7,0) width 32: "\x{96F2}\x{96C0}"
          RenderText {#text} at (778,352) size 19x144
            text run at (778,352) width 144: "\x{3092}\x{805E}\x{304F}\x{5FC3}\x{6301}\x{306B}\x{306A}\x{308C}\x{3070}"
          RenderRuby (inline) {RUBY} at (0,0) size 19x32
            RenderRubyRun (anonymous) at (819,0) size 48x32
              RenderRubyText {RT} at (-6,0) size 24x32
                RenderText {#text} at (3,4) size 10x24
                  text run at (3,4) width 24: "\x{307F}\x{3058}\x{3093}"
              RenderRubyBase (anonymous) at (0,0) size 48x32
                RenderInline {RB} at (0,0) size 19x32
                  RenderText {#text} at (7,0) size 19x32
                    text run at (7,0) width 32: "\x{5FAE}\x{5875}"
          RenderText {#text} at (826,32) size 19x16
            text run at (826,32) width 16: "\x{306E}"
          RenderRuby (inline) {RUBY} at (0,0) size 19x16
            RenderRubyRun (anonymous) at (819,48) size 48x16
              RenderRubyText {RT} at (-6,0) size 24x16
                RenderText {#text} at (3,4) size 10x8
                  text run at (3,4) width 8: "\x{304F}"
              RenderRubyBase (anonymous) at (0,0) size 48x16
                RenderInline {RB} at (0,0) size 19x16
                  RenderText {#text} at (7,0) size 19x16
                    text run at (7,0) width 16: "\x{82E6}"
          RenderText {#text} at (826,64) size 19x336
            text run at (826,64) width 336: "\x{3082}\x{306A}\x{3044}\x{3002}\x{83DC}\x{306E}\x{82B1}\x{3092}\x{898B}\x{3066}\x{3082}\x{3001}\x{305F}\x{3060}\x{3046}\x{308C}\x{3057}\x{304F}\x{3066}\x{80F8}\x{304C}"
          RenderRuby (inline) {RUBY} at (0,0) size 19x16
            RenderRubyRun (anonymous) at (819,400) size 48x16
              RenderRubyText {RT} at (-6,0) size 24x16
                RenderText {#text} at (3,0) size 10x16
                  text run at (3,0) width 16: "\x{304A}\x{3069}"
              RenderRubyBase (anonymous) at (0,0) size 48x16
                RenderInline {RB} at (0,0) size 19x16
                  RenderText {#text} at (7,0) size 19x16
                    text run at (7,0) width 16: "\x{8E8D}"
          RenderText {#text} at (826,416) size 115x496
            text run at (826,416) width 64: "\x{308B}\x{3070}\x{304B}\x{308A}"
            text run at (874,0) width 496: "\x{3060}\x{3002}\x{84B2}\x{516C}\x{82F1}\x{3082}\x{305D}\x{306E}\x{901A}\x{308A}\x{3001}\x{685C}\x{3082}\x{2015}\x{2015}\x{685C}\x{306F}\x{3044}\x{3064}\x{304B}\x{898B}\x{3048}\x{306A}\x{304F}\x{306A}\x{3063}\x{305F}\x{3002}\x{3053}\x{3046}\x{5C71}"
            text run at (922,0) width 128: "\x{306E}\x{4E2D}\x{3078}\x{6765}\x{3066}\x{81EA}\x{7136}\x{306E}"
          RenderRuby (inline) {RUBY} at (0,0) size 19x32
            RenderRubyRun (anonymous) at (915,128) size 48x32
              RenderRubyText {RT} at (-6,0) size 24x32
                RenderText {#text} at (3,0) size 10x32
                  text run at (3,0) width 32: "\x{3051}\x{3044}\x{3076}\x{3064}"
              RenderRubyBase (anonymous) at (0,0) size 48x32
                RenderInline {RB} at (0,0) size 19x32
                  RenderText {#text} at (7,0) size 19x32
                    text run at (7,0) width 32: "\x{666F}\x{7269}"
          RenderText {#text} at (922,160) size 67x496
            text run at (922,160) width 336: "\x{306B}\x{63A5}\x{3059}\x{308C}\x{3070}\x{3001}\x{898B}\x{308B}\x{3082}\x{306E}\x{3082}\x{805E}\x{304F}\x{3082}\x{306E}\x{3082}\x{9762}\x{767D}\x{3044}\x{3002}\x{9762}"
            text run at (970,0) width 384: "\x{767D}\x{3044}\x{3060}\x{3051}\x{3067}\x{5225}\x{6BB5}\x{306E}\x{82E6}\x{3057}\x{307F}\x{3082}\x{8D77}\x{3089}\x{306C}\x{3002}\x{8D77}\x{308B}\x{3068}\x{3059}\x{308C}\x{3070}\x{8DB3}\x{304C}"
          RenderRuby (inline) {RUBY} at (0,0) size 19x32
            RenderRubyRun (anonymous) at (963,384) size 48x32
              RenderRubyText {RT} at (-6,0) size 24x32
                RenderText {#text} at (3,4) size 10x24
                  text run at (3,4) width 24: "\x{304F}\x{305F}\x{3073}"
              RenderRubyBase (anonymous) at (0,0) size 48x32
                RenderInline {RB} at (0,0) size 19x32
                  RenderText {#text} at (7,0) size 19x32
                    text run at (7,0) width 32: "\x{8349}\x{81E5}"
          RenderText {#text} at (970,416) size 19x48
            text run at (970,416) width 48: "\x{308C}\x{3066}\x{3001}"
          RenderRuby (inline) {RUBY} at (0,0) size 19x16
            RenderRubyRun (anonymous) at (963,464) size 48x16
              RenderRubyText {RT} at (-6,0) size 24x16
                RenderText {#text} at (3,0) size 10x16
                  text run at (3,0) width 16: "\x{3046}\x{307E}"
              RenderRubyBase (anonymous) at (0,0) size 48x16
                RenderInline {RB} at (0,0) size 19x16
                  RenderText {#text} at (7,0) size 19x16
                    text run at (7,0) width 16: "\x{65E8}"
          RenderText {#text} at (970,480) size 67x496
            text run at (970,480) width 16: "\x{3044}"
            text run at (1018,0) width 272: "\x{3082}\x{306E}\x{304C}\x{98DF}\x{3079}\x{3089}\x{308C}\x{306C}\x{304F}\x{3089}\x{3044}\x{306E}\x{4E8B}\x{3060}\x{308D}\x{3046}\x{3002}"
          RenderBR {BR} at (1018,272) size 19x0
          RenderText {#text} at (1066,0) size 19x416
            text run at (1066,0) width 416: "\x{3000}\x{3057}\x{304B}\x{3057}\x{82E6}\x{3057}\x{307F}\x{306E}\x{306A}\x{3044}\x{306E}\x{306F}\x{306A}\x{305C}\x{3060}\x{308D}\x{3046}\x{3002}\x{305F}\x{3060}\x{3053}\x{306E}\x{666F}\x{8272}\x{3092}\x{4E00}"
          RenderRuby (inline) {RUBY} at (0,0) size 19x16
            RenderRubyRun (anonymous) at (1059,416) size 48x16
              RenderRubyText {RT} at (-6,0) size 24x16
                RenderText {#text} at (3,0) size 10x16
                  text run at (3,0) width 16: "\x{3077}\x{304F}"
              RenderRubyBase (anonymous) at (0,0) size 48x16
                RenderInline {RB} at (0,0) size 19x16
                  RenderText {#text} at (7,0) size 19x16
                    text run at (7,0) width 16: "\x{5E45}"
          RenderText {#text} at (1066,432) size 19x16
            text run at (1066,432) width 16: "\x{306E}"
          RenderRuby (inline) {RUBY} at (0,0) size 19x16
            RenderRubyRun (anonymous) at (1059,448) size 48x16
              RenderRubyText {RT} at (-6,0) size 24x16
                RenderText {#text} at (3,4) size 10x8
                  text run at (3,4) width 8: "\x{3048}"
              RenderRubyBase (anonymous) at (0,0) size 48x16
                RenderInline {RB} at (0,0) size 19x16
                  RenderText {#text} at (7,0) size 19x16
                    text run at (7,0) width 16: "\x{753B}"
          RenderText {#text} at (1066,464) size 67x496
            text run at (1066,464) width 32: "\x{3068}\x{3057}"
            text run at (1114,0) width 16: "\x{3066}"
          RenderRuby (inline) {RUBY} at (0,0) size 19x16
            RenderRubyRun (anonymous) at (1107,16) size 48x16
              RenderRubyText {RT} at (-6,0) size 24x16
                RenderText {#text} at (3,4) size 10x8
                  text run at (3,4) width 8: "\x{307F}"
              RenderRubyBase (anonymous) at (0,0) size 48x16
                RenderInline {RB} at (0,0) size 19x16
                  RenderText {#text} at (7,0) size 19x16
                    text run at (7,0) width 16: "\x{89B3}"
          RenderText {#text} at (1114,32) size 19x32
            text run at (1114,32) width 32: "\x{3001}\x{4E00}"
          RenderRuby (inline) {RUBY} at (0,0) size 19x16
            RenderRubyRun (anonymous) at (1107,64) size 48x16
              RenderRubyText {RT} at (-6,0) size 24x16
                RenderText {#text} at (3,0) size 10x16
                  text run at (3,0) width 16: "\x{304B}\x{3093}"
              RenderRubyBase (anonymous) at (0,0) size 48x16
                RenderInline {RB} at (0,0) size 19x16
                  RenderText {#text} at (7,0) size 19x16
                    text run at (7,0) width 16: "\x{5DFB}"
          RenderText {#text} at (1114,80) size 19x208
            text run at (1114,80) width 208: "\x{306E}\x{8A69}\x{3068}\x{3057}\x{3066}\x{8AAD}\x{3080}\x{304B}\x{3089}\x{3067}\x{3042}\x{308B}\x{3002}"
          RenderRuby (inline) {RUBY} at (0,0) size 19x16
            RenderRubyRun (anonymous) at (1107,288) size 48x16
              RenderRubyText {RT} at (-6,0) size 24x16
                RenderText {#text} at (3,4) size 10x8
                  text run at (3,4) width 8: "\x{304C}"
              RenderRubyBase (anonymous) at (0,0) size 48x16
                RenderInline {RB} at (0,0) size 19x16
                  RenderText {#text} at (7,0) size 19x16
                    text run at (7,0) width 16: "\x{753B}"
          RenderText {#text} at (1114,304) size 19x160
            text run at (1114,304) width 160: "\x{3067}\x{3042}\x{308A}\x{8A69}\x{3067}\x{3042}\x{308B}\x{4EE5}\x{4E0A}\x{306F}"
          RenderRuby (inline) {RUBY} at (0,0) size 19x32
            RenderRubyRun (anonymous) at (1107,464) size 48x32
              RenderRubyText {RT} at (-6,0) size 24x32
                RenderText {#text} at (3,4) size 10x24
                  text run at (3,4) width 24: "\x{3058}\x{3081}\x{3093}"
              RenderRubyBase (anonymous) at (0,0) size 48x32
                RenderInline {RB} at (0,0) size 19x32
                  RenderText {#text} at (7,0) size 19x32
                    text run at (7,0) width 32: "\x{5730}\x{9762}"
          RenderText {#text} at (1162,0) size 19x368
            text run at (1162,0) width 368: "\x{3092}\x{8CB0}\x{3063}\x{3066}\x{3001}\x{958B}\x{62D3}\x{3059}\x{308B}\x{6C17}\x{306B}\x{3082}\x{306A}\x{3089}\x{306D}\x{3070}\x{3001}\x{9244}\x{9053}\x{3092}\x{304B}\x{3051}\x{3066}"
          RenderRuby (inline) {RUBY} at (0,0) size 19x32
            RenderRubyRun (anonymous) at (1155,368) size 48x32
              RenderRubyText {RT} at (-6,0) size 24x32
                RenderText {#text} at (3,0) size 10x32
                  text run at (3,0) width 32: "\x{3072}\x{3068}\x{3082}\x{3046}"
              RenderRubyBase (anonymous) at (0,0) size 48x32
                RenderInline {RB} at (0,0) size 19x32
                  RenderText {#text} at (7,0) size 19x32
                    text run at (7,0) width 32: "\x{4E00}\x{5132}"
          RenderText {#text} at (1162,400) size 19x48
            text run at (1162,400) width 48: "\x{3051}\x{3059}\x{308B}"
          RenderRuby (inline) {RUBY} at (0,0) size 19x32
            RenderRubyRun (anonymous) at (1155,444) size 48x40
              RenderRubyText {RT} at (-6,0) size 24x40
                RenderText {#text} at (3,0) size 10x40
                  text run at (3,0) width 40: "\x{308A}\x{3087}\x{3046}\x{3051}\x{3093}"
              RenderRubyBase (anonymous) at (0,0) size 48x40
                RenderInline {RB} at (0,0) size 19x32
                  RenderText {#text} at (7,4) size 19x32
                    text run at (7,4) width 32: "\x{4E86}\x{898B}"
          RenderText {#text} at (1162,480) size 67x496
            text run at (1162,480) width 16: "\x{3082}"
            text run at (1210,0) width 240: "\x{8D77}\x{3089}\x{306C}\x{3002}\x{305F}\x{3060}\x{3053}\x{306E}\x{666F}\x{8272}\x{304C}\x{2015}\x{2015}\x{8179}\x{306E}"
          RenderRuby (inline) {RUBY} at (0,0) size 19x16
            RenderRubyRun (anonymous) at (1203,240) size 48x16
              RenderRubyText {RT} at (-6,0) size 24x16
                RenderText {#text} at (3,4) size 10x8
                  text run at (3,4) width 8: "\x{305F}"
              RenderRubyBase (anonymous) at (0,0) size 48x16
                RenderInline {RB} at (0,0) size 19x16
                  RenderText {#text} at (7,0) size 19x16
                    text run at (7,0) width 16: "\x{8DB3}"
          RenderText {#text} at (1210,256) size 115x496
            text run at (1210,256) width 240: "\x{3057}\x{306B}\x{3082}\x{306A}\x{3089}\x{306C}\x{3001}\x{6708}\x{7D66}\x{306E}\x{88DC}\x{3044}\x{306B}\x{3082}\x{306A}"
            text run at (1258,0) width 496: "\x{3089}\x{306C}\x{3053}\x{306E}\x{666F}\x{8272}\x{304C}\x{666F}\x{8272}\x{3068}\x{3057}\x{3066}\x{306E}\x{307F}\x{3001}\x{4F59}\x{304C}\x{5FC3}\x{3092}\x{697D}\x{307E}\x{305B}\x{3064}\x{3064}\x{3042}\x{308B}\x{304B}\x{3089}\x{82E6}\x{52B4}\x{3082}"
            text run at (1306,0) width 48: "\x{5FC3}\x{914D}\x{3082}"
          RenderRuby (inline) {RUBY} at (0,0) size 19x16
            RenderRubyRun (anonymous) at (1299,44) size 48x24
              RenderRubyText {RT} at (-6,0) size 24x24
                RenderText {#text} at (3,0) size 10x24
                  text run at (3,0) width 24: "\x{3068}\x{3082}\x{306A}"
              RenderRubyBase (anonymous) at (0,0) size 48x24
                RenderInline {RB} at (0,0) size 19x16
                  RenderText {#text} at (7,4) size 19x16
                    text run at (7,4) width 16: "\x{4F34}"
          RenderText {#text} at (1306,64) size 19x288
            text run at (1306,64) width 288: "\x{308F}\x{306C}\x{306E}\x{3060}\x{308D}\x{3046}\x{3002}\x{81EA}\x{7136}\x{306E}\x{529B}\x{306F}\x{3053}\x{3053}\x{306B}\x{304A}\x{3044}\x{3066}"
          RenderRuby (inline) {RUBY} at (0,0) size 19x16
            RenderRubyRun (anonymous) at (1299,352) size 48x16
              RenderRubyText {RT} at (-6,0) size 24x16
                RenderText {#text} at (3,0) size 10x16
                  text run at (3,0) width 16: "\x{305F}\x{3063}"
              RenderRubyBase (anonymous) at (0,0) size 48x16
                RenderInline {RB} at (0,0) size 19x16
                  RenderText {#text} at (7,0) size 19x16
                    text run at (7,0) width 16: "\x{5C0A}"
          RenderText {#text} at (1306,368) size 67x496
            text run at (1306,368) width 128: "\x{3068}\x{3044}\x{3002}\x{543E}\x{4EBA}\x{306E}\x{6027}\x{60C5}"
            text run at (1354,0) width 64: "\x{3092}\x{77AC}\x{523B}\x{306B}"
          RenderRuby (inline) {RUBY} at (0,0) size 19x32
            RenderRubyRun (anonymous) at (1347,64) size 48x32
              RenderRubyText {RT} at (-6,0) size 24x32
                RenderText {#text} at (3,4) size 10x24
                  text run at (3,4) width 24: "\x{3068}\x{3046}\x{3084}"
              RenderRubyBase (anonymous) at (0,0) size 48x32
                RenderInline {RB} at (0,0) size 19x32
                  RenderText {#text} at (7,0) size 19x32
                    text run at (7,0) width 32: "\x{9676}\x{51B6}"
          RenderText {#text} at (1354,96) size 19x32
            text run at (1354,96) width 32: "\x{3057}\x{3066}"
          RenderRuby (inline) {RUBY} at (0,0) size 19x32
            RenderRubyRun (anonymous) at (1347,128) size 48x32
              RenderRubyText {RT} at (-6,0) size 24x32
                RenderText {#text} at (3,0) size 10x32
                  text run at (3,0) width 32: "\x{3058}\x{3085}\x{3093}\x{3053}"
              RenderRubyBase (anonymous) at (0,0) size 48x32
                RenderInline {RB} at (0,0) size 19x32
                  RenderText {#text} at (7,0) size 19x32
                    text run at (7,0) width 32: "\x{9187}\x{4E4E}"
          RenderText {#text} at (1354,160) size 67x480
            text run at (1354,160) width 320: "\x{3068}\x{3057}\x{3066}\x{9187}\x{306A}\x{308B}\x{8A69}\x{5883}\x{306B}\x{5165}\x{3089}\x{3057}\x{3080}\x{308B}\x{306E}\x{306F}\x{81EA}\x{7136}\x{3067}\x{3042}"
            text run at (1402,0) width 32: "\x{308B}\x{3002}"
          RenderBR {BR} at (1402,32) size 19x0
          RenderText {#text} at (1450,0) size 67x496
            text run at (1450,0) width 496: "\x{3000}\x{604B}\x{306F}\x{3046}\x{3064}\x{304F}\x{3057}\x{304B}\x{308D}\x{3001}\x{5B5D}\x{3082}\x{3046}\x{3064}\x{304F}\x{3057}\x{304B}\x{308D}\x{3001}\x{5FE0}\x{541B}\x{611B}\x{56FD}\x{3082}\x{7D50}\x{69CB}\x{3060}\x{308D}\x{3046}\x{3002}\x{3057}"
            text run at (1498,0) width 112: "\x{304B}\x{3057}\x{81EA}\x{8EAB}\x{304C}\x{305D}\x{306E}"
          RenderRuby (inline) {RUBY} at (0,0) size 19x16
            RenderRubyRun (anonymous) at (1491,108) size 48x24
              RenderRubyText {RT} at (-6,0) size 24x24
                RenderText {#text} at (3,0) size 10x24
                  text run at (3,0) width 24: "\x{304D}\x{3087}\x{304F}"
              RenderRubyBase (anonymous) at (0,0) size 48x24
                RenderInline {RB} at (0,0) size 19x16
                  RenderText {#text} at (7,4) size 19x16
                    text run at (7,4) width 16: "\x{5C40}"
          RenderText {#text} at (1498,128) size 19x112
            text run at (1498,128) width 112: "\x{306B}\x{5F53}\x{308C}\x{3070}\x{5229}\x{5BB3}\x{306E}"
          RenderRuby (inline) {RUBY} at (0,0) size 19x32
            RenderRubyRun (anonymous) at (1491,240) size 48x32
              RenderRubyText {RT} at (-6,0) size 24x32
                RenderText {#text} at (3,4) size 10x24
                  text run at (3,4) width 24: "\x{3064}\x{3080}\x{3058}"
              RenderRubyBase (anonymous) at (0,0) size 48x32
                RenderInline {RB} at (0,0) size 19x32
                  RenderText {#text} at (7,0) size 19x32
                    text run at (7,0) width 32: "\x{65CB}\x{98A8}"
          RenderText {#text} at (1498,272) size 19x16
            text run at (1498,272) width 16: "\x{306B}"
          RenderRuby (inline) {RUBY} at (0,0) size 19x16
            RenderRubyRun (anonymous) at (1491,288) size 48x16
              RenderRubyText {RT} at (-6,0) size 24x16
                RenderText {#text} at (3,4) size 10x8
                  text run at (3,4) width 8: "\x{307E}"
              RenderRubyBase (anonymous) at (0,0) size 48x16
                RenderInline {RB} at (0,0) size 19x16
                  RenderText {#text} at (7,0) size 19x16
                    text run at (7,0) width 16: "\x{6372}"
          RenderText {#text} at (1498,304) size 67x496
            text run at (1498,304) width 192: "\x{304D}\x{8FBC}\x{307E}\x{308C}\x{3066}\x{3001}\x{3046}\x{3064}\x{304F}\x{3057}\x{304D}\x{4E8B}"
            text run at (1546,0) width 192: "\x{306B}\x{3082}\x{3001}\x{7D50}\x{69CB}\x{306A}\x{4E8B}\x{306B}\x{3082}\x{3001}\x{76EE}\x{306F}"
          RenderRuby (inline) {RUBY} at (0,0) size 19x16
            RenderRubyRun (anonymous) at (1539,192) size 48x16
              RenderRubyText {RT} at (-6,0) size 24x16
                RenderText {#text} at (3,0) size 10x16
                  text run at (3,0) width 16: "\x{304F}\x{3089}"
              RenderRubyBase (anonymous) at (0,0) size 48x16
                RenderInline {RB} at (0,0) size 19x16
                  RenderText {#text} at (7,0) size 19x16
                    text run at (7,0) width 16: "\x{7729}"
          RenderText {#text} at (1546,208) size 67x496
            text run at (1546,208) width 288: "\x{3093}\x{3067}\x{3057}\x{307E}\x{3046}\x{3002}\x{3057}\x{305F}\x{304C}\x{3063}\x{3066}\x{3069}\x{3053}\x{306B}\x{8A69}\x{304C}\x{3042}\x{308B}"
            text run at (1594,0) width 80: "\x{304B}\x{81EA}\x{8EAB}\x{306B}\x{306F}"
          RenderRuby (inline) {RUBY} at (0,0) size 19x16
            RenderRubyRun (anonymous) at (1587,80) size 48x16
              RenderRubyText {RT} at (-6,0) size 24x16
                RenderText {#text} at (3,4) size 10x8
                  text run at (3,4) width 8: "\x{3052}"
              RenderRubyBase (anonymous) at (0,0) size 48x16
                RenderInline {RB} at (0,0) size 19x16
                  RenderText {#text} at (7,0) size 19x16
                    text run at (7,0) width 16: "\x{89E3}"
          RenderText {#text} at (1594,96) size 19x80
            text run at (1594,96) width 80: "\x{3057}\x{304B}\x{306D}\x{308B}\x{3002}"
          RenderBR {BR} at (1594,176) size 19x0
          RenderText {#text} at (1642,0) size 67x496
            text run at (1642,0) width 496: "\x{3000}\x{3053}\x{308C}\x{304C}\x{308F}\x{304B}\x{308B}\x{305F}\x{3081}\x{306B}\x{306F}\x{3001}\x{308F}\x{304B}\x{308B}\x{3060}\x{3051}\x{306E}\x{4F59}\x{88D5}\x{306E}\x{3042}\x{308B}\x{7B2C}\x{4E09}\x{8005}\x{306E}\x{5730}\x{4F4D}\x{306B}\x{7ACB}"
            text run at (1690,0) width 336: "\x{305F}\x{306D}\x{3070}\x{306A}\x{3089}\x{306C}\x{3002}\x{4E09}\x{8005}\x{306E}\x{5730}\x{4F4D}\x{306B}\x{7ACB}\x{3066}\x{3070}\x{3053}\x{305D}\x{829D}\x{5C45}\x{306F}"
          RenderRuby (inline) {RUBY} at (0,0) size 19x16
            RenderRubyRun (anonymous) at (1683,336) size 48x16
              RenderRubyText {RT} at (-6,0) size 24x16
                RenderText {#text} at (3,4) size 10x8
                  text run at (3,4) width 8: "\x{307F}"
              RenderRubyBase (anonymous) at (0,0) size 48x16
                RenderInline {RB} at (0,0) size 19x16
                  RenderText {#text} at (7,0) size 19x16
                    text run at (7,0) width 16: "\x{89B3}"
          RenderText {#text} at (1690,352) size 115x496
            text run at (1690,352) width 144: "\x{3066}\x{9762}\x{767D}\x{3044}\x{3002}\x{5C0F}\x{8AAC}\x{3082}\x{898B}"
            text run at (1738,0) width 496: "\x{3066}\x{9762}\x{767D}\x{3044}\x{3002}\x{829D}\x{5C45}\x{3092}\x{898B}\x{3066}\x{9762}\x{767D}\x{3044}\x{4EBA}\x{3082}\x{3001}\x{5C0F}\x{8AAC}\x{3092}\x{8AAD}\x{3093}\x{3067}\x{9762}\x{767D}\x{3044}\x{4EBA}\x{3082}\x{3001}\x{81EA}\x{5DF1}\x{306E}"
            text run at (1786,0) width 48: "\x{5229}\x{5BB3}\x{306F}"
          RenderRuby (inline) {RUBY} at (0,0) size 19x16
            RenderRubyRun (anonymous) at (1779,48) size 48x16
              RenderRubyText {RT} at (-6,0) size 24x16
                RenderText {#text} at (3,0) size 10x16
                  text run at (3,0) width 16: "\x{305F}\x{306A}"
              RenderRubyBase (anonymous) at (0,0) size 48x16
                RenderInline {RB} at (0,0) size 19x16
                  RenderText {#text} at (7,0) size 19x16
                    text run at (7,0) width 16: "\x{68DA}"
          RenderText {#text} at (1786,64) size 19x416
            text run at (1786,64) width 416: "\x{3078}\x{4E0A}\x{3052}\x{3066}\x{3044}\x{308B}\x{3002}\x{898B}\x{305F}\x{308A}\x{8AAD}\x{3093}\x{3060}\x{308A}\x{3059}\x{308B}\x{9593}\x{3060}\x{3051}\x{306F}\x{8A69}\x{4EBA}\x{3067}\x{3042}\x{308B}\x{3002}"
          RenderBR {BR} at (1786,480) size 19x0
          RenderText {#text} at (1834,0) size 19x304
            text run at (1834,0) width 304: "\x{3000}\x{305D}\x{308C}\x{3059}\x{3089}\x{3001}\x{666E}\x{901A}\x{306E}\x{829D}\x{5C45}\x{3084}\x{5C0F}\x{8AAC}\x{3067}\x{306F}\x{4EBA}\x{60C5}\x{3092}"
          RenderRuby (inline) {RUBY} at (0,0) size 19x16
            RenderRubyRun (anonymous) at (1827,304) size 48x16
              RenderRubyText {RT} at (-6,0) size 24x16
                RenderText {#text} at (3,0) size 10x16
                  text run at (3,0) width 16: "\x{307E}\x{306C}"
              RenderRubyBase (anonymous) at (0,0) size 48x16
                RenderInline {RB} at (0,0) size 19x16
                  RenderText {#text} at (7,0) size 19x16
                    text run at (7,0) width 16: "\x{514D}"
          RenderText {#text} at (1834,320) size 115x496
            text run at (1834,320) width 160: "\x{304B}\x{308C}\x{306C}\x{3002}\x{82E6}\x{3057}\x{3093}\x{3060}\x{308A}\x{3001}"
            text run at (1882,0) width 496: "\x{6012}\x{3063}\x{305F}\x{308A}\x{3001}\x{9A12}\x{3044}\x{3060}\x{308A}\x{3001}\x{6CE3}\x{3044}\x{305F}\x{308A}\x{3059}\x{308B}\x{3002}\x{898B}\x{308B}\x{3082}\x{306E}\x{3082}\x{3044}\x{3064}\x{304B}\x{305D}\x{306E}\x{4E2D}\x{306B}\x{540C}\x{5316}"
            text run at (1930,0) width 400: "\x{3057}\x{3066}\x{82E6}\x{3057}\x{3093}\x{3060}\x{308A}\x{3001}\x{6012}\x{3063}\x{305F}\x{308A}\x{3001}\x{9A12}\x{3044}\x{3060}\x{308A}\x{3001}\x{6CE3}\x{3044}\x{305F}\x{308A}\x{3059}\x{308B}\x{3002}"
          RenderRuby (inline) {RUBY} at (0,0) size 19x32
            RenderRubyRun (anonymous) at (1923,400) size 48x32
              RenderRubyText {RT} at (-6,0) size 24x32
                RenderText {#text} at (3,4) size 10x24
                  text run at (3,4) width 24: "\x{3068}\x{308A}\x{3048}"
              RenderRubyBase (anonymous) at (0,0) size 48x32
                RenderInline {RB} at (0,0) size 19x32
                  RenderText {#text} at (7,0) size 19x32
                    text run at (7,0) width 32: "\x{53D6}\x{67C4}"
          RenderText {#text} at (1930,432) size 19x64
            text run at (1930,432) width 64: "\x{306F}\x{5229}\x{617E}\x{304C}"
          RenderRuby (inline) {RUBY} at (0,0) size 19x16
            RenderRubyRun (anonymous) at (1971,0) size 48x16
              RenderRubyText {RT} at (-6,0) size 24x16
                RenderText {#text} at (3,0) size 10x16
                  text run at (3,0) width 16: "\x{307E}\x{3058}"
              RenderRubyBase (anonymous) at (0,0) size 48x16
                RenderInline {RB} at (0,0) size 19x16
                  RenderText {#text} at (7,0) size 19x16
                    text run at (7,0) width 16: "\x{4EA4}"
          RenderText {#text} at (1978,16) size 19x112
            text run at (1978,16) width 112: "\x{3089}\x{306C}\x{3068}\x{4E91}\x{3046}\x{70B9}\x{306B}"
          RenderRuby (inline) {RUBY} at (0,0) size 19x16
            RenderRubyRun (anonymous) at (1971,128) size 48x16
              RenderRubyText {RT} at (-6,0) size 24x16
                RenderText {#text} at (3,0) size 10x16
                  text run at (3,0) width 16: "\x{305D}\x{3093}"
              RenderRubyBase (anonymous) at (0,0) size 48x16
                RenderInline {RB} at (0,0) size 19x16
                  RenderText {#text} at (7,0) size 19x16
                    text run at (7,0) width 16: "\x{5B58}"
          RenderText {#text} at (1978,144) size 19x304
            text run at (1978,144) width 304: "\x{3059}\x{308B}\x{304B}\x{3082}\x{77E5}\x{308C}\x{306C}\x{304C}\x{3001}\x{4EA4}\x{3089}\x{306C}\x{3060}\x{3051}\x{306B}\x{305D}\x{306E}\x{4ED6}\x{306E}"
          RenderRuby (inline) {RUBY} at (0,0) size 19x32
            RenderRubyRun (anonymous) at (1971,444) size 48x40
              RenderRubyText {RT} at (-6,0) size 24x40
                RenderText {#text} at (3,0) size 10x40
                  text run at (3,0) width 40: "\x{3058}\x{3087}\x{3046}\x{3057}\x{3087}"
              RenderRubyBase (anonymous) at (0,0) size 48x40
                RenderInline {RB} at (0,0) size 19x32
                  RenderText {#text} at (7,4) size 19x32
                    text run at (7,4) width 32: "\x{60C5}\x{7DD2}"
          RenderText {#text} at (1978,480) size 67x496
            text run at (1978,480) width 16: "\x{306F}"
            text run at (2026,0) width 288: "\x{5E38}\x{3088}\x{308A}\x{306F}\x{4F59}\x{8A08}\x{306B}\x{6D3B}\x{52D5}\x{3059}\x{308B}\x{3060}\x{308D}\x{3046}\x{3002}\x{305D}\x{308C}\x{304C}"
          RenderRuby (inline) {RUBY} at (0,0) size 19x16
            RenderRubyRun (anonymous) at (2019,288) size 48x16
              RenderRubyText {RT} at (-6,0) size 24x16
                RenderText {#text} at (3,0) size 10x16
                  text run at (3,0) width 16: "\x{3044}\x{3084}"
              RenderRubyBase (anonymous) at (0,0) size 48x16
                RenderInline {RB} at (0,0) size 19x16
                  RenderText {#text} at (7,0) size 19x16
                    text run at (7,0) width 16: "\x{5ACC}"
          RenderText {#text} at (2026,304) size 19x32
            text run at (2026,304) width 32: "\x{3060}\x{3002}"
          RenderBR {BR} at (2026,336) size 19x0
          RenderText {#text} at (2074,0) size 67x480
            text run at (2074,0) width 480: "\x{3000}\x{82E6}\x{3057}\x{3093}\x{3060}\x{308A}\x{3001}\x{6012}\x{3063}\x{305F}\x{308A}\x{3001}\x{9A12}\x{3044}\x{3060}\x{308A}\x{3001}\x{6CE3}\x{3044}\x{305F}\x{308A}\x{306F}\x{4EBA}\x{306E}\x{4E16}\x{306B}\x{3064}\x{304D}\x{3082}\x{306E}"
            text run at (2122,0) width 192: "\x{3060}\x{3002}\x{4F59}\x{3082}\x{4E09}\x{5341}\x{5E74}\x{306E}\x{9593}\x{305D}\x{308C}\x{3092}"
          RenderRuby (inline) {RUBY} at (0,0) size 19x32
            RenderRubyRun (anonymous) at (2115,192) size 48x32
              RenderRubyText {RT} at (-6,0) size 24x32
                RenderText {#text} at (3,4) size 10x24
                  text run at (3,4) width 24: "\x{3057}\x{3068}\x{304A}"
              RenderRubyBase (anonymous) at (0,0) size 48x32
                RenderInline {RB} at (0,0) size 19x32
                  RenderText {#text} at (7,0) size 19x32
                    text run at (7,0) width 32: "\x{4ED5}\x{901A}"
          RenderText {#text} at (2122,224) size 19x48
            text run at (2122,224) width 48: "\x{3057}\x{3066}\x{3001}"
          RenderRuby (inline) {RUBY} at (0,0) size 19x32
            RenderRubyRun (anonymous) at (2115,272) size 48x32
              RenderRubyText {RT} at (-6,0) size 24x32
                RenderText {#text} at (3,0) size 10x32
                  text run at (3,0) width 32: "\x{3042}\x{304D}\x{3042}\x{304D}"
              RenderRubyBase (anonymous) at (0,0) size 48x32
                RenderInline {RB} at (0,0) size 19x32
                  RenderText {#text} at (7,0) size 19x32
                    text run at (7,0) width 32: "\x{98FD}\x{3005}"
          RenderText {#text} at (2122,304) size 19x48
            text run at (2122,304) width 48: "\x{3057}\x{305F}\x{3002}"
          RenderRuby (inline) {RUBY} at (0,0) size 19x16
            RenderRubyRun (anonymous) at (2115,352) size 48x16
              RenderRubyText {RT} at (-6,0) size 24x16
                RenderText {#text} at (3,4) size 10x8
                  text run at (3,4) width 8: "\x{3042}"
              RenderRubyBase (anonymous) at (0,0) size 48x16
                RenderInline {RB} at (0,0) size 19x16
                  RenderText {#text} at (7,0) size 19x16
                    text run at (7,0) width 16: "\x{98FD}"
          RenderText {#text} at (2122,368) size 115x496
            text run at (2122,368) width 128: "\x{304D}\x{98FD}\x{304D}\x{3057}\x{305F}\x{4E0A}\x{306B}\x{829D}"
            text run at (2170,0) width 496: "\x{5C45}\x{3084}\x{5C0F}\x{8AAC}\x{3067}\x{540C}\x{3058}\x{523A}\x{6FC0}\x{3092}\x{7E70}\x{308A}\x{8FD4}\x{3057}\x{3066}\x{306F}\x{5927}\x{5909}\x{3060}\x{3002}\x{4F59}\x{304C}\x{6B32}\x{3059}\x{308B}\x{8A69}\x{306F}\x{305D}\x{3093}\x{306A}\x{4E16}"
            text run at (2218,0) width 96: "\x{9593}\x{7684}\x{306E}\x{4EBA}\x{60C5}\x{3092}"
          RenderRuby (inline) {RUBY} at (0,0) size 19x32
            RenderRubyRun (anonymous) at (2211,96) size 48x32
              RenderRubyText {RT} at (-6,0) size 24x32
                RenderText {#text} at (3,8) size 10x16
                  text run at (3,8) width 16: "\x{3053}\x{3076}"
              RenderRubyBase (anonymous) at (0,0) size 48x32
                RenderInline {RB} at (0,0) size 19x32
                  RenderText {#text} at (7,0) size 19x32
                    text run at (7,0) width 32: "\x{9F13}\x{821E}"
          RenderText {#text} at (2218,128) size 67x496
            text run at (2218,128) width 368: "\x{3059}\x{308B}\x{3088}\x{3046}\x{306A}\x{3082}\x{306E}\x{3067}\x{306F}\x{306A}\x{3044}\x{3002}\x{4FD7}\x{5FF5}\x{3092}\x{653E}\x{68C4}\x{3057}\x{3066}\x{3001}\x{3057}\x{3070}\x{3089}"
            text run at (2266,0) width 48: "\x{304F}\x{3067}\x{3082}"
          RenderRuby (inline) {RUBY} at (0,0) size 19x32
            RenderRubyRun (anonymous) at (2259,48) size 48x32
              RenderRubyText {RT} at (-6,0) size 24x32
                RenderText {#text} at (3,0) size 10x32
                  text run at (3,0) width 32: "\x{3058}\x{3093}\x{304B}\x{3044}"
              RenderRubyBase (anonymous) at (0,0) size 48x32
                RenderInline {RB} at (0,0) size 19x32
                  RenderText {#text} at (7,0) size 19x32
                    text run at (7,0) width 32: "\x{5875}\x{754C}"
          RenderText {#text} at (2266,80) size 163x496
            text run at (2266,80) width 416: "\x{3092}\x{96E2}\x{308C}\x{305F}\x{5FC3}\x{6301}\x{3061}\x{306B}\x{306A}\x{308C}\x{308B}\x{8A69}\x{3067}\x{3042}\x{308B}\x{3002}\x{3044}\x{304F}\x{3089}\x{5091}\x{4F5C}\x{3067}\x{3082}\x{4EBA}\x{60C5}\x{3092}"
            text run at (2314,0) width 496: "\x{96E2}\x{308C}\x{305F}\x{829D}\x{5C45}\x{306F}\x{306A}\x{3044}\x{3001}\x{7406}\x{975E}\x{3092}\x{7D76}\x{3057}\x{305F}\x{5C0F}\x{8AAC}\x{306F}\x{5C11}\x{304B}\x{308D}\x{3046}\x{3002}\x{3069}\x{3053}\x{307E}\x{3067}\x{3082}\x{4E16}\x{9593}\x{3092}"
            text run at (2362,0) width 496: "\x{51FA}\x{308B}\x{4E8B}\x{304C}\x{51FA}\x{6765}\x{306C}\x{306E}\x{304C}\x{5F7C}\x{3089}\x{306E}\x{7279}\x{8272}\x{3067}\x{3042}\x{308B}\x{3002}\x{3053}\x{3068}\x{306B}\x{897F}\x{6D0B}\x{306E}\x{8A69}\x{306B}\x{306A}\x{308B}\x{3068}\x{3001}\x{4EBA}"
            text run at (2410,0) width 208: "\x{4E8B}\x{304C}\x{6839}\x{672C}\x{306B}\x{306A}\x{308B}\x{304B}\x{3089}\x{3044}\x{308F}\x{3086}\x{308B}"
          RenderRuby (inline) {RUBY} at (0,0) size 19x32
            RenderRubyRun (anonymous) at (2403,208) size 48x32
              RenderRubyText {RT} at (-6,0) size 24x32
                RenderText {#text} at (3,4) size 10x24
                  text run at (3,4) width 24: "\x{3057}\x{3044}\x{304B}"
              RenderRubyBase (anonymous) at (0,0) size 48x32
                RenderInline {RB} at (0,0) size 19x32
                  RenderText {#text} at (7,0) size 19x32
                    text run at (7,0) width 32: "\x{8A69}\x{6B4C}"
          RenderText {#text} at (2410,240) size 19x160
            text run at (2410,240) width 160: "\x{306E}\x{7D14}\x{7C8B}\x{306A}\x{308B}\x{3082}\x{306E}\x{3082}\x{3053}\x{306E}"
          RenderRuby (inline) {RUBY} at (0,0) size 19x16
            RenderRubyRun (anonymous) at (2403,396) size 48x24
              RenderRubyText {RT} at (-6,0) size 24x24
                RenderText {#text} at (3,0) size 10x24
                  text run at (3,0) width 24: "\x{304D}\x{3087}\x{3046}"
              RenderRubyBase (anonymous) at (0,0) size 48x24
                RenderInline {RB} at (0,0) size 19x16
                  RenderText {#text} at (7,4) size 19x16
                    text run at (7,4) width 16: "\x{5883}"
          RenderText {#text} at (2410,416) size 19x16
            text run at (2410,416) width 16: "\x{3092}"
          RenderRuby (inline) {RUBY} at (0,0) size 19x32
            RenderRubyRun (anonymous) at (2403,432) size 48x32
              RenderRubyText {RT} at (-6,0) size 24x32
                RenderText {#text} at (3,4) size 10x24
                  text run at (3,4) width 24: "\x{3052}\x{3060}\x{3064}"
              RenderRubyBase (anonymous) at (0,0) size 48x32
                RenderInline {RB} at (0,0) size 19x32
                  RenderText {#text} at (7,0) size 19x32
                    text run at (7,0) width 32: "\x{89E3}\x{8131}"
          RenderText {#text} at (2410,464) size 115x496
            text run at (2410,464) width 32: "\x{3059}\x{308B}"
            text run at (2458,0) width 496: "\x{4E8B}\x{3092}\x{77E5}\x{3089}\x{306C}\x{3002}\x{3069}\x{3053}\x{307E}\x{3067}\x{3082}\x{540C}\x{60C5}\x{3060}\x{3068}\x{304B}\x{3001}\x{611B}\x{3060}\x{3068}\x{304B}\x{3001}\x{6B63}\x{7FA9}\x{3060}\x{3068}\x{304B}\x{3001}\x{81EA}\x{7531}\x{3060}"
            text run at (2506,0) width 48: "\x{3068}\x{304B}\x{3001}"
          RenderRuby (inline) {RUBY} at (0,0) size 19x32
            RenderRubyRun (anonymous) at (2499,48) size 48x32
              RenderRubyText {RT} at (-6,0) size 24x32
                RenderText {#text} at (3,4) size 10x24
                  text run at (3,4) width 24: "\x{3046}\x{304D}\x{3088}"
              RenderRubyBase (anonymous) at (0,0) size 48x32
                RenderInline {RB} at (0,0) size 19x32
                  RenderText {#text} at (7,0) size 19x32
                    text run at (7,0) width 32: "\x{6D6E}\x{4E16}"
          RenderText {#text} at (2506,80) size 19x16
            text run at (2506,80) width 16: "\x{306E}"
          RenderRuby (inline) {RUBY} at (0,0) size 19x48
            RenderRubyRun (anonymous) at (2499,96) size 48x48
              RenderRubyText {RT} at (-6,0) size 24x48
                RenderText {#text} at (3,4) size 10x40
                  text run at (3,4) width 40: "\x{304B}\x{3093}\x{3053}\x{3046}\x{3070}"
              RenderRubyBase (anonymous) at (0,0) size 48x48
                RenderInline {RB} at (0,0) size 19x48
                  RenderText {#text} at (7,0) size 19x48
                    text run at (7,0) width 48: "\x{52E7}\x{5DE5}\x{5834}"
          RenderText {#text} at (2506,144) size 19x160
            text run at (2506,144) width 160: "\x{306B}\x{3042}\x{308B}\x{3082}\x{306E}\x{3060}\x{3051}\x{3067}\x{7528}\x{3092}"
          RenderRuby (inline) {RUBY} at (0,0) size 19x16
            RenderRubyRun (anonymous) at (2499,304) size 48x16
              RenderRubyText {RT} at (-6,0) size 24x16
                RenderText {#text} at (3,0) size 10x16
                  text run at (3,0) width 16: "\x{3079}\x{3093}"
              RenderRubyBase (anonymous) at (0,0) size 48x16
                RenderInline {RB} at (0,0) size 19x16
                  RenderText {#text} at (7,0) size 19x16
                    text run at (7,0) width 16: "\x{5F01}"
          RenderText {#text} at (2506,320) size 67x496
            text run at (2506,320) width 176: "\x{3058}\x{3066}\x{3044}\x{308B}\x{3002}\x{3044}\x{304F}\x{3089}\x{8A69}\x{7684}\x{306B}"
            text run at (2554,0) width 144: "\x{306A}\x{3063}\x{3066}\x{3082}\x{5730}\x{9762}\x{306E}\x{4E0A}\x{3092}"
          RenderRuby (inline) {RUBY} at (0,0) size 19x16
            RenderRubyRun (anonymous) at (2547,144) size 48x16
              RenderRubyText {RT} at (-6,0) size 24x16
                RenderText {#text} at (3,4) size 10x8
                  text run at (3,4) width 8: "\x{304B}"
              RenderRubyBase (anonymous) at (0,0) size 48x16
                RenderInline {RB} at (0,0) size 19x16
                  RenderText {#text} at (7,0) size 19x16
                    text run at (7,0) width 16: "\x{99B3}"
          RenderText {#text} at (2554,160) size 19x112
            text run at (2554,160) width 112: "\x{3051}\x{3066}\x{3042}\x{308B}\x{3044}\x{3066}\x{3001}"
          RenderRuby (inline) {RUBY} at (0,0) size 19x16
            RenderRubyRun (anonymous) at (2547,272) size 48x16
              RenderRubyText {RT} at (-6,0) size 24x16
                RenderText {#text} at (3,0) size 10x16
                  text run at (3,0) width 16: "\x{305C}\x{306B}"
              RenderRubyBase (anonymous) at (0,0) size 48x16
                RenderInline {RB} at (0,0) size 19x16
                  RenderText {#text} at (7,0) size 19x16
                    text run at (7,0) width 16: "\x{92AD}"
          RenderText {#text} at (2554,288) size 67x496
            text run at (2554,288) width 208: "\x{306E}\x{52D8}\x{5B9A}\x{3092}\x{5FD8}\x{308C}\x{308B}\x{3072}\x{307E}\x{304C}\x{306A}\x{3044}\x{3002}"
            text run at (2602,0) width 80: "\x{30B7}\x{30A7}\x{30EC}\x{30FC}\x{304C}"
          RenderRuby (inline) {RUBY} at (0,0) size 19x32
            RenderRubyRun (anonymous) at (2595,80) size 48x32
              RenderRubyText {RT} at (-6,0) size 24x32
                RenderText {#text} at (3,4) size 10x24
                  text run at (3,4) width 24: "\x{3072}\x{3070}\x{308A}"
              RenderRubyBase (anonymous) at (0,0) size 48x32
                RenderInline {RB} at (0,0) size 19x32
                  RenderText {#text} at (7,0) size 19x32
                    text run at (7,0) width 32: "\x{96F2}\x{96C0}"
          RenderText {#text} at (2602,112) size 19x256
            text run at (2602,112) width 256: "\x{3092}\x{805E}\x{3044}\x{3066}\x{5606}\x{606F}\x{3057}\x{305F}\x{306E}\x{3082}\x{7121}\x{7406}\x{306F}\x{306A}\x{3044}\x{3002}"
          RenderBR {BR} at (2602,368) size 19x0
          RenderText {#text} at (2650,0) size 19x160
            text run at (2650,0) width 160: "\x{3000}\x{3046}\x{308C}\x{3057}\x{3044}\x{4E8B}\x{306B}\x{6771}\x{6D0B}\x{306E}"
          RenderRuby (inline) {RUBY} at (0,0) size 19x32
            RenderRubyRun (anonymous) at (2643,160) size 48x32
              RenderRubyText {RT} at (-6,0) size 24x32
                RenderText {#text} at (3,4) size 10x24
                  text run at (3,4) width 24: "\x{3057}\x{3044}\x{304B}"
              RenderRubyBase (anonymous) at (0,0) size 48x32
                RenderInline {RB} at (0,0) size 19x32
                  RenderText {#text} at (7,0) size 19x32
                    text run at (7,0) width 32: "\x{8A69}\x{6B4C}"
          RenderText {#text} at (2650,192) size 19x64
            text run at (2650,192) width 64: "\x{306F}\x{305D}\x{3053}\x{3092}"
          RenderRuby (inline) {RUBY} at (0,0) size 19x32
            RenderRubyRun (anonymous) at (2643,256) size 48x32
              RenderRubyText {RT} at (-6,0) size 24x32
                RenderText {#text} at (3,4) size 10x24
                  text run at (3,4) width 24: "\x{3052}\x{3060}\x{3064}"
              RenderRubyBase (anonymous) at (0,0) size 48x32
                RenderInline {RB} at (0,0) size 19x32
                  RenderText {#text} at (7,0) size 19x32
                    text run at (7,0) width 32: "\x{89E3}\x{8131}"
          RenderText {#text} at (2650,288) size 19x112
            text run at (2650,288) width 112: "\x{3057}\x{305F}\x{306E}\x{304C}\x{3042}\x{308B}\x{3002}"
          RenderRuby (inline) {RUBY} at (0,0) size 19x36
            RenderRubyRun (anonymous) at (2643,396) size 48x40
              RenderRubyText {RT} at (-6,0) size 24x40
                RenderText {#text} at (3,0) size 10x40
                  text run at (3,0) width 40: "\x{304D}\x{304F}\x{3092}\x{3068}\x{308B}"
              RenderRubyBase (anonymous) at (0,0) size 48x40
                RenderInline {RB} at (0,0) size 19x32
                  RenderText {#text} at (7,4) size 19x32
                    text run at (7,4) width 32: "\x{63A1}\x{83CA}"
          RenderRuby (inline) {RUBY} at (0,0) size 19x48
            RenderRubyRun (anonymous) at (2643,436) size 48x48
              RenderRubyText {RT} at (-6,0) size 24x48
                RenderText {#text} at (3,0) size 10x48
                  text run at (3,0) width 48: "\x{3068}\x{3046}\x{308A}\x{306E}\x{3082}\x{3068}"
              RenderRubyBase (anonymous) at (0,0) size 48x48
                RenderInline {RB} at (0,0) size 19x48
                  RenderText {#text} at (7,0) size 19x48
                    text run at (7,0) width 48: "\x{6771}\x{7C6C}\x{4E0B}"
          RenderText {#text} at (2650,484) size 19x16
            text run at (2650,484) width 16: "\x{3001}"
          RenderRuby (inline) {RUBY} at (0,0) size 19x56
            RenderRubyRun (anonymous) at (2691,0) size 48x56
              RenderRubyText {RT} at (-6,0) size 24x56
                RenderText {#text} at (3,0) size 10x56
                  text run at (3,0) width 56: "\x{3086}\x{3046}\x{305C}\x{3093}\x{3068}\x{3057}\x{3066}"
              RenderRubyBase (anonymous) at (0,0) size 48x56
                RenderInline {RB} at (0,0) size 19x32
                  RenderText {#text} at (7,12) size 19x32
                    text run at (7,12) width 32: "\x{60A0}\x{7136}"
          RenderRuby (inline) {RUBY} at (0,0) size 19x52
            RenderRubyRun (anonymous) at (2691,56) size 48x56
              RenderRubyText {RT} at (-6,0) size 24x56
                RenderText {#text} at (3,0) size 10x56
                  text run at (3,0) width 56: "\x{306A}\x{3093}\x{3056}\x{3093}\x{3092}\x{307F}\x{308B}"
              RenderRubyBase (anonymous) at (0,0) size 48x56
                RenderInline {RB} at (0,0) size 19x48
                  RenderText {#text} at (7,4) size 19x48
                    text run at (7,4) width 48: "\x{898B}\x{5357}\x{5C71}"
          RenderText {#text} at (2698,108) size 19x128
            text run at (2698,108) width 128: "\x{3002}\x{305F}\x{3060}\x{305D}\x{308C}\x{304E}\x{308A}\x{306E}"
          RenderRuby (inline) {RUBY} at (0,0) size 19x16
            RenderRubyRun (anonymous) at (2691,236) size 48x16
              RenderRubyText {RT} at (-6,0) size 24x16
                RenderText {#text} at (3,0) size 10x16
                  text run at (3,0) width 16: "\x{3046}\x{3061}"
              RenderRubyBase (anonymous) at (0,0) size 48x16
                RenderInline {RB} at (0,0) size 19x16
                  RenderText {#text} at (7,0) size 19x16
                    text run at (7,0) width 16: "\x{88CF}"
          RenderText {#text} at (2698,252) size 67x492
            text run at (2698,252) width 240: "\x{306B}\x{6691}\x{82E6}\x{3057}\x{3044}\x{4E16}\x{306E}\x{4E2D}\x{3092}\x{307E}\x{308B}\x{3067}\x{5FD8}\x{308C}\x{305F}"
            text run at (2746,0) width 288: "\x{5149}\x{666F}\x{304C}\x{51FA}\x{3066}\x{304F}\x{308B}\x{3002}\x{57A3}\x{306E}\x{5411}\x{3046}\x{306B}\x{96A3}\x{308A}\x{306E}\x{5A18}\x{304C}"
          RenderRuby (inline) {RUBY} at (0,0) size 19x16
            RenderRubyRun (anonymous) at (2739,288) size 48x16
              RenderRubyText {RT} at (-6,0) size 24x16
                RenderText {#text} at (3,0) size 10x16
                  text run at (3,0) width 16: "\x{306E}\x{305E}"
              RenderRubyBase (anonymous) at (0,0) size 48x16
                RenderInline {RB} at (0,0) size 19x16
                  RenderText {#text} at (7,0) size 19x16
                    text run at (7,0) width 16: "\x{8997}"
          RenderText {#text} at (2746,304) size 19x176
            text run at (2746,304) width 176: "\x{3044}\x{3066}\x{308B}\x{8A33}\x{3067}\x{3082}\x{306A}\x{3051}\x{308C}\x{3070}\x{3001}"
          RenderRuby (inline) {RUBY} at (0,0) size 19x32
            RenderRubyRun (anonymous) at (2787,0) size 48x32
              RenderRubyText {RT} at (-6,0) size 24x32
                RenderText {#text} at (3,0) size 10x32
                  text run at (3,0) width 32: "\x{306A}\x{3093}\x{3056}\x{3093}"
              RenderRubyBase (anonymous) at (0,0) size 48x32
                RenderInline {RB} at (0,0) size 19x32
                  RenderText {#text} at (7,0) size 19x32
                    text run at (7,0) width 32: "\x{5357}\x{5C71}"
          RenderText {#text} at (2794,32) size 19x320
            text run at (2794,32) width 320: "\x{306B}\x{89AA}\x{53CB}\x{304C}\x{5949}\x{8077}\x{3057}\x{3066}\x{3044}\x{308B}\x{6B21}\x{7B2C}\x{3067}\x{3082}\x{306A}\x{3044}\x{3002}\x{8D85}\x{7136}\x{3068}"
          RenderRuby (inline) {RUBY} at (0,0) size 19x64
            RenderRubyRun (anonymous) at (2787,352) size 48x64
              RenderRubyText {RT} at (-6,0) size 24x64
                RenderText {#text} at (3,0) size 10x64
                  text run at (3,0) width 64: "\x{3057}\x{3085}\x{3063}\x{305B}\x{3051}\x{3093}\x{3066}\x{304D}"
              RenderRubyBase (anonymous) at (0,0) size 48x64
                RenderInline {RB} at (0,0) size 19x64
                  RenderText {#text} at (7,0) size 19x64
                    text run at (7,0) width 64: "\x{51FA}\x{4E16}\x{9593}\x{7684}"
          RenderText {#text} at (2794,416) size 67x496
            text run at (2794,416) width 80: "\x{306B}\x{5229}\x{5BB3}\x{640D}\x{5F97}"
            text run at (2842,0) width 256: "\x{306E}\x{6C57}\x{3092}\x{6D41}\x{3057}\x{53BB}\x{3063}\x{305F}\x{5FC3}\x{6301}\x{3061}\x{306B}\x{306A}\x{308C}\x{308B}\x{3002}"
          RenderRuby (inline) {RUBY} at (0,0) size 19x20
            RenderRubyRun (anonymous) at (2835,252) size 48x24
              RenderRubyText {RT} at (-6,0) size 24x24
                RenderText {#text} at (3,0) size 10x24
                  text run at (3,0) width 24: "\x{3072}\x{3068}\x{308A}"
              RenderRubyBase (anonymous) at (0,0) size 48x24
                RenderInline {RB} at (0,0) size 19x16
                  RenderText {#text} at (7,4) size 19x16
                    text run at (7,4) width 16: "\x{72EC}"
          RenderRuby (inline) {RUBY} at (0,0) size 19x76
            RenderRubyRun (anonymous) at (2835,276) size 48x80
              RenderRubyText {RT} at (-6,0) size 24x80
                RenderText {#text} at (3,0) size 10x80
                  text run at (3,0) width 80: "\x{3086}\x{3046}\x{3053}\x{3046}\x{306E}\x{3046}\x{3061}\x{306B}\x{3056}\x{3057}"
              RenderRubyBase (anonymous) at (0,0) size 48x80
                RenderInline {RB} at (0,0) size 19x64
                  RenderText {#text} at (7,8) size 19x64
                    text run at (7,8) width 64: "\x{5750}\x{5E7D}\x{7BC1}\x{88CF}"
          RenderText {#text} at (2842,352) size 19x16
            text run at (2842,352) width 16: "\x{3001}"
          RenderRuby (inline) {RUBY} at (0,0) size 19x52
            RenderRubyRun (anonymous) at (2835,364) size 48x56
              RenderRubyText {RT} at (-6,0) size 24x56
                RenderText {#text} at (3,0) size 10x56
                  text run at (3,0) width 56: "\x{304D}\x{3093}\x{3092}\x{3060}\x{3093}\x{3058}\x{3066}"
              RenderRubyBase (anonymous) at (0,0) size 48x56
                RenderInline {RB} at (0,0) size 19x32
                  RenderText {#text} at (7,12) size 19x32
                    text run at (7,12) width 32: "\x{5F3E}\x{7434}"
          RenderRuby (inline) {RUBY} at (0,0) size 19x68
            RenderRubyRun (anonymous) at (2835,420) size 48x72
              RenderRubyText {RT} at (-6,0) size 24x72
                RenderText {#text} at (3,0) size 10x72
                  text run at (3,0) width 72: "\x{307E}\x{305F}\x{3061}\x{3087}\x{3046}\x{3057}\x{3087}\x{3046}\x{3059}"
              RenderRubyBase (anonymous) at (0,0) size 48x72
                RenderInline {RB} at (0,0) size 19x48
                  RenderText {#text} at (7,12) size 19x48
                    text run at (7,12) width 48: "\x{5FA9}\x{9577}\x{562F}"
          RenderText {#text} at (2842,488) size 19x16
            text run at (2842,488) width 16: "\x{3001}"
          RenderRuby (inline) {RUBY} at (0,0) size 19x32
            RenderRubyRun (anonymous) at (2883,0) size 48x32
              RenderRubyText {RT} at (-6,0) size 24x32
                RenderText {#text} at (3,0) size 10x32
                  text run at (3,0) width 32: "\x{3057}\x{3093}\x{308A}\x{3093}"
              RenderRubyBase (anonymous) at (0,0) size 48x32
                RenderInline {RB} at (0,0) size 19x32
                  RenderText {#text} at (7,0) size 19x32
                    text run at (7,0) width 32: "\x{6DF1}\x{6797}"
          RenderRuby (inline) {RUBY} at (0,0) size 19x48
            RenderRubyRun (anonymous) at (2883,32) size 48x48
              RenderRubyText {RT} at (-6,0) size 24x48
                RenderText {#text} at (3,4) size 10x40
                  text run at (3,4) width 40: "\x{3072}\x{3068}\x{3057}\x{3089}\x{305A}"
              RenderRubyBase (anonymous) at (0,0) size 48x48
                RenderInline {RB} at (0,0) size 19x48
                  RenderText {#text} at (7,0) size 19x48
                    text run at (7,0) width 48: "\x{4EBA}\x{4E0D}\x{77E5}"
          RenderText {#text} at (2890,80) size 19x16
            text run at (2890,80) width 16: "\x{3001}"
          RenderRuby (inline) {RUBY} at (0,0) size 19x60
            RenderRubyRun (anonymous) at (2883,92) size 48x64
              RenderRubyText {RT} at (-6,0) size 24x64
                RenderText {#text} at (3,0) size 10x64
                  text run at (3,0) width 64: "\x{3081}\x{3044}\x{3052}\x{3064}\x{304D}\x{305F}\x{308A}\x{3066}"
              RenderRubyBase (anonymous) at (0,0) size 48x64
                RenderInline {RB} at (0,0) size 19x48
                  RenderText {#text} at (7,8) size 19x48
                    text run at (7,8) width 48: "\x{660E}\x{6708}\x{6765}"
          RenderRuby (inline) {RUBY} at (0,0) size 19x36
            RenderRubyRun (anonymous) at (2883,156) size 48x40
              RenderRubyText {RT} at (-6,0) size 24x40
                RenderText {#text} at (3,0) size 10x40
                  text run at (3,0) width 40: "\x{3042}\x{3044}\x{3066}\x{3089}\x{3059}"
              RenderRubyBase (anonymous) at (0,0) size 48x40
                RenderInline {RB} at (0,0) size 19x32
                  RenderText {#text} at (7,4) size 19x32
                    text run at (7,4) width 32: "\x{76F8}\x{7167}"
          RenderText {#text} at (2890,192) size 19x160
            text run at (2890,192) width 160: "\x{3002}\x{305F}\x{3060}\x{4E8C}\x{5341}\x{5B57}\x{306E}\x{3046}\x{3061}\x{306B}"
          RenderRuby (inline) {RUBY} at (0,0) size 19x16
            RenderRubyRun (anonymous) at (2883,352) size 48x16
              RenderRubyText {RT} at (-6,0) size 24x16
                RenderText {#text} at (3,0) size 10x16
                  text run at (3,0) width 16: "\x{3086}\x{3046}"
              RenderRubyBase (anonymous) at (0,0) size 48x16
                RenderInline {RB} at (0,0) size 19x16
                  RenderText {#text} at (7,0) size 19x16
                    text run at (7,0) width 16: "\x{512A}"
          RenderText {#text} at (2890,368) size 19x16
            text run at (2890,368) width 16: "\x{306B}"
          RenderRuby (inline) {RUBY} at (0,0) size 19x48
            RenderRubyRun (anonymous) at (2883,384) size 48x48
              RenderRubyText {RT} at (-6,0) size 24x48
                RenderText {#text} at (3,0) size 10x48
                  text run at (3,0) width 48: "\x{3079}\x{3064}\x{3051}\x{3093}\x{3053}\x{3093}"
              RenderRubyBase (anonymous) at (0,0) size 48x48
                RenderInline {RB} at (0,0) size 19x48
                  RenderText {#text} at (7,0) size 19x48
                    text run at (7,0) width 48: "\x{5225}\x{4E7E}\x{5764}"
          RenderText {#text} at (2890,432) size 19x16
            text run at (2890,432) width 16: "\x{3092}"
          RenderRuby (inline) {RUBY} at (0,0) size 19x32
            RenderRubyRun (anonymous) at (2883,444) size 48x40
              RenderRubyText {RT} at (-6,0) size 24x40
                RenderText {#text} at (3,0) size 10x40
                  text run at (3,0) width 40: "\x{3053}\x{3093}\x{308A}\x{3085}\x{3046}"
              RenderRubyBase (anonymous) at (0,0) size 48x40
                RenderInline {RB} at (0,0) size 19x32
                  RenderText {#text} at (7,4) size 19x32
                    text run at (7,4) width 32: "\x{5EFA}\x{7ACB}"
          RenderText {#text} at (2890,480) size 67x496
            text run at (2890,480) width 16: "\x{3057}"
            text run at (2938,0) width 144: "\x{3066}\x{3044}\x{308B}\x{3002}\x{3053}\x{306E}\x{4E7E}\x{5764}\x{306E}"
          RenderRuby (inline) {RUBY} at (0,0) size 19x32
            RenderRubyRun (anonymous) at (2931,144) size 48x32
              RenderRubyText {RT} at (-6,0) size 24x32
                RenderText {#text} at (3,4) size 10x24
                  text run at (3,4) width 24: "\x{304F}\x{3069}\x{304F}"
              RenderRubyBase (anonymous) at (0,0) size 48x32
                RenderInline {RB} at (0,0) size 19x32
                  RenderText {#text} at (7,0) size 19x32
                    text run at (7,0) width 32: "\x{529F}\x{5FB3}"
          RenderText {#text} at (2938,176) size 19x32
            text run at (2938,176) width 32: "\x{306F}\x{300C}"
          RenderRuby (inline) {RUBY} at (0,0) size 19x48
            RenderRubyRun (anonymous) at (2931,208) size 48x48
              RenderRubyText {RT} at (-6,0) size 24x48
                RenderText {#text} at (3,4) size 10x40
                  text run at (3,4) width 40: "\x{307B}\x{3068}\x{3068}\x{304E}\x{3059}"
              RenderRubyBase (anonymous) at (0,0) size 48x48
                RenderInline {RB} at (0,0) size 19x48
                  RenderText {#text} at (7,0) size 19x48
                    text run at (7,0) width 48: "\x{4E0D}\x{5982}\x{5E30}"
          RenderText {#text} at (2938,256) size 19x48
            text run at (2938,256) width 48: "\x{300D}\x{3084}\x{300C}"
          RenderRuby (inline) {RUBY} at (0,0) size 19x64
            RenderRubyRun (anonymous) at (2931,304) size 48x64
              RenderRubyText {RT} at (-6,0) size 24x64
                RenderText {#text} at (3,4) size 10x56
                  text run at (3,4) width 56: "\x{3053}\x{3093}\x{3058}\x{304D}\x{3084}\x{3057}\x{3083}"
              RenderRubyBase (anonymous) at (0,0) size 48x64
                RenderInline {RB} at (0,0) size 19x64
                  RenderText {#text} at (7,0) size 19x64
                    text run at (7,0) width 64: "\x{91D1}\x{8272}\x{591C}\x{53C9}"
          RenderText {#text} at (2938,368) size 67x480
            text run at (2938,368) width 112: "\x{300D}\x{306E}\x{529F}\x{5FB3}\x{3067}\x{306F}\x{306A}"
            text run at (2986,0) width 400: "\x{3044}\x{3002}\x{6C7D}\x{8239}\x{3001}\x{6C7D}\x{8ECA}\x{3001}\x{6A29}\x{5229}\x{3001}\x{7FA9}\x{52D9}\x{3001}\x{9053}\x{5FB3}\x{3001}\x{793C}\x{7FA9}\x{3067}\x{75B2}\x{308C}\x{679C}\x{3066}\x{305F}"
          RenderRuby (inline) {RUBY} at (0,0) size 19x16
            RenderRubyRun (anonymous) at (2979,400) size 48x16
              RenderRubyText {RT} at (-6,0) size 24x16
                RenderText {#text} at (3,0) size 10x16
                  text run at (3,0) width 16: "\x{306E}\x{3061}"
              RenderRubyBase (anonymous) at (0,0) size 48x16
                RenderInline {RB} at (0,0) size 19x16
                  RenderText {#text} at (7,0) size 19x16
                    text run at (7,0) width 16: "\x{5F8C}"
          RenderText {#text} at (2986,416) size 67x496
            text run at (2986,416) width 80: "\x{306B}\x{3001}\x{3059}\x{3079}\x{3066}"
            text run at (3034,0) width 336: "\x{3092}\x{5FD8}\x{5374}\x{3057}\x{3066}\x{3050}\x{3063}\x{3059}\x{308A}\x{5BDD}\x{8FBC}\x{3080}\x{3088}\x{3046}\x{306A}\x{529F}\x{5FB3}\x{3067}\x{3042}\x{308B}\x{3002}"
          RenderBR {BR} at (3034,336) size 19x0
