layer at (0,0) size 800x600
  RenderView at (0,0) size 800x600
layer at (0,0) size 412x600
  RenderBlock {HTML} at (0,0) size 412x600
    RenderBody {BODY} at (8,8) size 396x584
      RenderTable {TABLE} at (0,0) size 396x584 [border: (2px outset #808080)]
        RenderTableSection {TBODY} at (2,2) size 392x580
          RenderTableRow {TR} at (0,2) size 388x580
            RenderTableCell {TD} at (2,80) size 388x0 [border: (1px inset #808080)] [r=0 c=0 rs=1 cs=1]
              RenderText {#text} at (115,-76) size 151x144
                text run at (115,-76) width 144: "\x{7B2C}\x{4E00}\x{6BB5}"
                text run at (211,-76) width 48: "\x{843D}"
            RenderTableCell {TD} at (2,196) size 388x382 [border: (1px inset #808080)] [r=0 c=1 rs=1 cs=1]
              RenderText {#text} at (72,2) size 301x288
                text run at (72,2) width 288: "\x{7B2C}\x{4E8C}\x{6BB5}"
                text run at (264,2) width 96: "\x{843D}"
