layer at (0,0) size 992x600
  RenderView at (0,0) size 800x600
layer at (0,0) size 992x592
  RenderBlock {HTML} at (0,0) size 992x568
    RenderBody {BODY} at (8,8) size 976x584
      RenderText {#text} at (0,0) size 484x19
        text run at (0,0) width 484: "This window should not have scroll bars. If it has scroll bars, try to use them."
      RenderText {#text} at (0,0) size 0x0
