layer at (0,0) size 800x600
  RenderView at (0,0) size 800x600
layer at (0,0) size 800x600
  RenderBlock {HTML} at (0,0) size 800x600
    RenderBody {BODY} at (8,8) size 784x584
      RenderBlock {P} at (0,0) size 784x40
        RenderText {#text} at (0,0) size 55x19
          text run at (0,0) width 55: "Test for "
        RenderInline {I} at (0,0) size 667x39
          RenderInline {A} at (0,0) size 306x19 [color=#0000EE]
            RenderText {#text} at (54,0) size 306x19
              text run at (54,0) width 306: "http://bugs.webkit.org/show_bug.cgi?id=14221"
          RenderText {#text} at (359,0) size 667x39
            text run at (359,0) width 5: " "
            text run at (363,0) width 304: "Repro crash (ASSERTION FAILED: oldText in"
            text run at (0,20) width 579: "RenderBlock::updateFirstLetter() during relayout of :before content with first-letter style)"
        RenderText {#text} at (578,20) size 5x19
          text run at (578,20) width 5: "."
      RenderBlock {DIV} at (0,56) size 784x34
        RenderInline (generated) at (0,0) size 47x27
          RenderInline (generated) at (0,0) size 18x33 [color=#008000]
            RenderText at (0,0) size 18x33
              text run at (0,0) width 18: "T"
          RenderText at (17,5) size 30x27
            text run at (17,5) width 30: "he "
        RenderText {#text} at (46,5) size 408x27
          text run at (46,5) width 408: "first letter is green and larger than the rest."
