layer at (0,0) size 800x600
  RenderView at (0,0) size 800x600
layer at (0,0) size 800x600
  RenderBlock {HTML} at (0,0) size 800x600
    RenderBody {BODY} at (8,8) size 784x576
      RenderBlock (anonymous) at (0,0) size 784x18
        RenderInline {SPAN} at (0,0) size 654x17
          RenderText {#text} at (0,0) size 654x17
            text run at (0,0) width 654: "This test passes if it does not crash, and if we successfully destroy the table-section generated content."
        RenderText {#text} at (653,0) size 5x17
          text run at (653,0) width 5: " "
        RenderBR {BR} at (657,13) size 1x0
      RenderBlock {UL} at (0,34) size 784x36
        RenderListItem {LI} at (40,0) size 744x36
          RenderBlock (anonymous) at (0,0) size 744x18
            RenderListMarker at (-16,0) size 6x17: bullet
          RenderTable at (0,18) size 0x0
          RenderBlock (anonymous) at (0,18) size 744x18
            RenderInline (generated) at (0,0) size 33x17
              RenderText at (0,0) size 33x17
                text run at (0,0) width 33: "hello"
            RenderText {#text} at (32,0) size 23x17
              text run at (32,0) width 23: "test"
