layer at (0,0) size 800x600
  RenderView at (0,0) size 800x600
layer at (0,0) size 800x36
  RenderBlock {HTML} at (0,0) size 800x36
    RenderBody {BODY} at (8,8) size 784x20 [color=#0000FF]
      RenderBlock {DIV} at (0,0) size 784x20
        RenderTable at (0,0) size 289x20
          RenderTableSection (anonymous) at (0,0) size 289x20
            RenderTableRow (anonymous) at (0,0) size 289x20
              RenderTableCell (anonymous) at (0,0) size 208x20 [r=0 c=0 rs=1 cs=1]
                RenderText at (0,0) size 208x19
                  text run at (0,0) width 208: "You should just see a single line"
              RenderTableCell {DIV} at (208,0) size 4x20 [r=0 c=1 rs=1 cs=1]
                RenderText {#text} at (0,0) size 4x19
                  text run at (0,0) width 4: " "
              RenderTableCell (anonymous) at (212,0) size 77x20 [r=0 c=2 rs=1 cs=1]
                RenderText at (0,0) size 77x19
                  text run at (0,0) width 77: "of blue text."
