FAIL: Timed out waiting for notifyDone to be called
layer at (0,0) size 800x600
  RenderView at (0,0) size 800x600
layer at (0,0) size 800x600
  RenderBlock {HTML} at (0,0) size 800x600
    RenderBody {BODY} at (8,8) size 784x584
      RenderInline {SPAN} at (0,0) size 179x19 [color=#FF0000]
        RenderText {#text} at (0,0) size 179x19
          text run at (0,0) width 179: "Spaceballs:The Styled Node"
      RenderText {#text} at (0,0) size 0x0
