layer at (0,0) size 800x1585
  RenderView at (0,0) size 800x600
layer at (0,0) size 800x1585
  RenderBlock {HTML} at (0,0) size 800x1585
    RenderBody {BODY} at (8,8) size 784x1569
      RenderBlock {DIV} at (0,0) size 784x20
        RenderBlock {P} at (0,0) size 784x20
          RenderText {#text} at (0,0) size 570x19
            text run at (0,0) width 570: "This page tests that url() resources referenced in CSS stylesheets are saved in webarchives."
      RenderBlock {DIV} at (0,36) size 784x66 [border: (1px solid #000000)]
        RenderText {#text} at (1,1) size 471x19
          text run at (1,1) width 471: "This element should have one Apple logo in the background at the top left."
      RenderBlock {DIV} at (0,102) size 784x127 [border: (1px solid #000000)]
        RenderText {#text} at (1,1) size 601x19
          text run at (1,1) width 601: "This element should have repeated Apple logos in both x- and y-dimensions in the background."
      RenderBlock {DIV} at (0,229) size 784x66 [border: (1px solid #000000)]
        RenderImage {IMG} at (1,1) size 52x64
        RenderText {#text} at (53,50) size 444x19
          text run at (53,50) width 444: "This element should contain an img element that draws an Apple logo."
      RenderBlock {DIV} at (0,295) size 784x102 [border: (1px solid #000000)]
        RenderText {#text} at (1,1) size 397x19
          text run at (1,1) width 397: "The cursor should change to an Apple logo inside this element."
      RenderBlock {DIV} at (0,397) size 784x27 [border: (1px solid #000000)]
        RenderText {#text} at (1,1) size 361x19
          text run at (1,1) width 361: "This element contains \"Ahem\" written in the Ahem font: "
        RenderInline {SPAN} at (0,0) size 64x16
          RenderText {#text} at (362,3) size 64x16
            text run at (362,3) width 64: "Ahem"
      RenderBlock {DIV} at (0,424) size 784x310 [border: (1px solid #000000)]
        RenderBlock {UL} at (1,17) size 782x276
          RenderListItem {LI} at (40,0) size 742x69
            RenderListMarker at (0,0) size 52x64
            RenderText {#text} at (59,49) size 75x19
              text run at (59,49) width 75: "These items"
          RenderListItem {LI} at (40,69) size 742x69
            RenderListMarker at (0,0) size 52x64
            RenderText {#text} at (59,49) size 76x19
              text run at (59,49) width 76: "should have"
          RenderListItem {LI} at (40,138) size 742x69
            RenderListMarker at (0,0) size 52x64
            RenderText {#text} at (59,49) size 77x19
              text run at (59,49) width 77: "Apple logos"
          RenderListItem {LI} at (40,207) size 742x69
            RenderListMarker at (0,0) size 52x64
            RenderText {#text} at (59,49) size 62x19
              text run at (59,49) width 62: "as bullets."
      RenderBlock (anonymous) at (0,734) size 784x100
        RenderBlock {DIV} at (0,0) size 200x100 [border: (20px solid #00000000) (15px solid #00000000) (10px solid #00000000) (15px solid #00000000)]
          RenderText {#text} at (15,20) size 158x59
            text run at (15,20) width 143: "This content should be"
            text run at (15,40) width 158: "inside a strectched Apple"
            text run at (15,60) width 32: "logo."
        RenderText {#text} at (0,0) size 0x0
      RenderBlock {DIV} at (0,834) size 784x132 [bgcolor=#FFFFFF] [border: (1px solid #000000)]
        RenderText {#text} at (53,50) size 523x19
          text run at (53,50) width 523: "This element should have an image of an Apple logo with a full reflection below it."
      RenderBlock {DIV} at (0,1569) size 784x0
layer at (9,843) size 52x64
  RenderImage {IMG} at (1,1) size 52x64
layer at (8,974) size 784x102
  RenderBlock {DIV} at (0,966) size 784x102 [bgcolor=#FFC0CB] [border: (1px solid #000000)]
    RenderBR {BR} at (1,1) size 0x19
    RenderText {#text} at (1,21) size 384x19
      text run at (1,21) width 384: "This element should have solid pink Apple logos as its mask."
layer at (8,1076) size 784x227
  RenderBlock {DIV} at (0,1068) size 784x227 [color=#FFFFFF] [bgcolor=#800000] [border: (1px solid #000000)]
    RenderBR {BR} at (51,51) size 0x19
    RenderText {#text} at (51,71) size 559x19
      text run at (51,71) width 559: "This element should have maroon Apple logos for \"borders\" with a maroon background."
layer at (14,1309) size 772x102
  RenderBlock {DIV} at (6,1301) size 772x102 [color=#FFFFFF] [bgcolor=#000000] [border: (1px dotted #008000)]
    RenderText {#text} at (1,1) size 403x19
      text run at (1,1) width 403: "This element should have black Apple logos for its background."
layer at (8,1417) size 784x160
  RenderBlock {DIV} at (0,1409) size 784x160 [bgcolor=#00FF00] [border: (10px solid #000000)]
    RenderBR {BR} at (10,10) size 0x19
    RenderText {#text} at (10,30) size 636x19
      text run at (10,30) width 636: "This element should have lime Apple logos for its background and borders with a black outer border."
