layer at (0,0) size 800x600
  RenderView at (0,0) size 800x600
layer at (0,0) size 800x600
  RenderBlock {HTML} at (0,0) size 800x600
    RenderBody {BODY} at (8,8) size 784x584
      RenderBlock {DIV} at (0,0) size 784x64 [color=#FF0000]
        RenderImage {IMG} at (0,0) size 52x64
        RenderText {#text} at (0,0) size 0x0
      RenderBlock {DIV} at (0,64) size 784x19 [color=#FF0000]
        RenderText {#text} at (0,0) size 397x18
          text run at (0,0) width 159: "This is not a frameset. "
          text run at (159,0) width 238: "This text should be red sans-serif."
      RenderBlock {DIV} at (0,83) size 784x64 [color=#FF0000]
        RenderImage {IMG} at (0,0) size 52x64
        RenderText {#text} at (0,0) size 0x0
      RenderBlock (anonymous) at (0,147) size 784x154
        RenderPartObject {IFRAME} at (0,0) size 304x154 [border: (2px inset #000000)]
          layer at (0,0) size 300x182
            RenderView at (0,0) size 300x150
          layer at (0,0) size 300x182
            RenderBlock {HTML} at (0,0) size 300x182
              RenderBody {BODY} at (8,8) size 284x166
                RenderBlock {DIV} at (0,0) size 284x64 [color=#FF0000]
                  RenderImage {IMG} at (0,0) size 52x64
                  RenderText {#text} at (0,0) size 0x0
                RenderBlock {DIV} at (0,64) size 284x38 [color=#FF0000]
                  RenderText {#text} at (0,0) size 272x37
                    text run at (0,0) width 138: "This is a subframe. "
                    text run at (138,0) width 134: "This text should be"
                    text run at (0,19) width 100: "red sans-serif."
                RenderBlock {DIV} at (0,102) size 284x64 [color=#FF0000]
                  RenderImage {IMG} at (0,0) size 52x64
                  RenderText {#text} at (0,0) size 0x0
        RenderText {#text} at (0,0) size 0x0
