layer at (0,0) size 800x600
  RenderView at (0,0) size 800x600
layer at (0,0) size 800x600
  RenderBlock {HTML} at (0,0) size 800x600
    RenderBody {BODY} at (8,8) size 784x584
      RenderBlock {DIV} at (0,0) size 784x19 [color=#FF0000]
        RenderText {#text} at (0,0) size 238x18
          text run at (0,0) width 238: "This text should be red sans-serif."
