layer at (0,0) size 800x600
  RenderView at (0,0) size 800x600
layer at (0,0) size 800x600
  RenderBlock {HTML} at (0,0) size 800x600
    RenderBody {BODY} at (8,8) size 784x584
      RenderBlock {P} at (0,0) size 784x20
        RenderText {#text} at (0,0) size 55x19
          text run at (0,0) width 55: "Test for "
        RenderInline {I} at (0,0) size 533x19
          RenderInline {A} at (0,0) size 504x19 [color=#0000EE]
            RenderText {#text} at (54,0) size 504x19
              text run at (54,0) width 504: "REGRESSION(r27173): Web Inspector freezes beneath Image::drawPattern()"
          RenderText {#text} at (557,0) size 30x19
            text run at (557,0) width 30: " Bug"
        RenderText {#text} at (586,0) size 5x19
          text run at (586,0) width 5: "."
      RenderBlock {P} at (0,36) size 784x20
        RenderText {#text} at (0,0) size 580x19
          text run at (0,0) width 580: "There should be four empty squares with black borders. WebKit should not hang or assert."
      RenderBlock {DIV} at (8,72) size 106x106 [border: (3px solid #000000)]
      RenderBlock {DIV} at (8,186) size 106x106 [border: (3px solid #000000)]
      RenderBlock {DIV} at (8,300) size 106x106 [border: (3px solid #000000)]
      RenderBlock {DIV} at (8,414) size 106x106 [border: (3px solid #000000)]
