layer at (0,0) size 800x600
  RenderView at (0,0) size 800x600
layer at (0,0) size 800x600
  RenderBlock {HTML} at (0,0) size 800x600
    RenderBody {BODY} at (8,8) size 784x576
      RenderBlock {P} at (0,0) size 784x40 [bgcolor=#FFFFFF]
        RenderText {#text} at (0,0) size 55x19
          text run at (0,0) width 55: "Test for "
        RenderInline {I} at (0,0) size 777x39
          RenderInline {A} at (0,0) size 313x19 [color=#0000EE]
            RenderText {#text} at (54,0) size 313x19
              text run at (54,0) width 313: "https://bugs.webkit.org/show_bug.cgi?id=18445"
          RenderText {#text} at (366,0) size 777x39
            text run at (366,0) width 5: " "
            text run at (370,0) width 407: "Assertion failure in CSSGradientValue::image() when the body"
            text run at (0,20) width 227: "element has a background gradient"
        RenderText {#text} at (226,20) size 5x19
          text run at (226,20) width 5: "."
      RenderBlock {P} at (0,56) size 784x40 [bgcolor=#FFFFFF]
        RenderText {#text} at (0,0) size 765x39
          text run at (0,0) width 380: "The test passes if the root element\x{2019}s background is a linear "
          text run at (379,0) width 386: "gradient from black at the top to white at the bottom, and no"
          text run at (0,20) width 61: "assertion "
          text run at (60,20) width 93: "failure occurs."
