layer at (0,0) size 892x600
  RenderView at (0,0) size 800x600
layer at (0,0) size 892x600
  RenderBlock {HTML} at (0,0) size 892x600
    RenderBody {BODY} at (8,8) size 876x584
layer at (8,8) size 430x584
  RenderBlock {DIV} at (0,0) size 430x584 [border: (5px solid #0000FF)]
    RenderBlock (anonymous) at (5,5) size 420x279
      RenderText {#text} at (0,0) size 19x113
        text run at (0,0) width 113: "This is some text."
      RenderBR {BR} at (4,112) size 0x1
      RenderText {#text} at (20,0) size 19x113
        text run at (20,0) width 113: "This is some text."
      RenderBR {BR} at (24,112) size 0x1
      RenderText {#text} at (40,0) size 19x113
        text run at (40,0) width 113: "This is some text."
      RenderBR {BR} at (44,112) size 0x1
      RenderText {#text} at (60,0) size 19x113
        text run at (60,0) width 113: "This is some text."
      RenderBR {BR} at (64,112) size 0x1
      RenderText {#text} at (80,0) size 19x113
        text run at (80,0) width 113: "This is some text."
      RenderBR {BR} at (84,112) size 0x1
      RenderText {#text} at (100,0) size 19x113
        text run at (100,0) width 113: "This is some text."
      RenderBR {BR} at (104,112) size 0x1
      RenderText {#text} at (120,0) size 19x113
        text run at (120,0) width 113: "This is some text."
      RenderBR {BR} at (124,112) size 0x1
      RenderText {#text} at (140,0) size 19x113
        text run at (140,0) width 113: "This is some text."
      RenderBR {BR} at (144,112) size 0x1
      RenderText {#text} at (160,0) size 19x113
        text run at (160,0) width 113: "This is some text."
      RenderBR {BR} at (164,112) size 0x1
      RenderText {#text} at (180,0) size 19x113
        text run at (180,0) width 113: "This is some text."
      RenderBR {BR} at (184,112) size 0x1
      RenderText {#text} at (200,0) size 19x113
        text run at (200,0) width 113: "This is some text."
      RenderBR {BR} at (204,112) size 0x1
      RenderText {#text} at (220,0) size 19x113
        text run at (220,0) width 113: "This is some text."
      RenderBR {BR} at (224,112) size 0x1
      RenderText {#text} at (240,0) size 19x113
        text run at (240,0) width 113: "This is some text."
      RenderBR {BR} at (244,112) size 0x1
      RenderText {#text} at (260,0) size 19x113
        text run at (260,0) width 113: "This is some text."
      RenderBR {BR} at (264,112) size 0x1
      RenderText {#text} at (280,0) size 19x113
        text run at (280,0) width 113: "This is some text."
      RenderBR {BR} at (284,112) size 0x1
      RenderText {#text} at (300,0) size 19x113
        text run at (300,0) width 113: "This is some text."
      RenderBR {BR} at (304,112) size 0x1
      RenderText {#text} at (320,0) size 19x113
        text run at (320,0) width 113: "This is some text."
      RenderBR {BR} at (324,112) size 0x1
      RenderText {#text} at (340,0) size 19x113
        text run at (340,0) width 113: "This is some text."
      RenderBR {BR} at (344,112) size 0x1
      RenderText {#text} at (360,0) size 19x113
        text run at (360,0) width 113: "This is some text."
      RenderBR {BR} at (364,112) size 0x1
      RenderText {#text} at (380,0) size 19x113
        text run at (380,0) width 113: "This is some text."
      RenderBR {BR} at (384,112) size 0x1
      RenderText {#text} at (400,0) size 19x113
        text run at (400,0) width 113: "This is some text."
      RenderBR {BR} at (404,112) size 0x1
    RenderBlock {DIV} at (425,5) size 80x279
      RenderText {#text} at (0,0) size 19x267
        text run at (0,0) width 267: "This text should be in the second column."
      RenderBR {BR} at (4,266) size 0x1
      RenderText {#text} at (20,0) size 19x267
        text run at (20,0) width 267: "This text should be in the second column."
      RenderBR {BR} at (24,266) size 0x1
      RenderText {#text} at (40,0) size 19x267
        text run at (40,0) width 267: "This text should be in the second column."
      RenderBR {BR} at (44,266) size 0x1
      RenderText {#text} at (60,0) size 19x267
        text run at (60,0) width 267: "This text should be in the second column."
      RenderBR {BR} at (64,266) size 0x1
layer at (454,8) size 430x584
  RenderBlock {DIV} at (446,0) size 430x584 [border: (5px solid #0000FF)]
    RenderBlock (anonymous) at (5,5) size 80x279
      RenderText {#text} at (0,0) size 19x249
        text run at (0,0) width 249: "This text should be in the first column."
      RenderBR {BR} at (4,248) size 0x1
      RenderText {#text} at (20,0) size 19x249
        text run at (20,0) width 249: "This text should be in the first column."
      RenderBR {BR} at (24,248) size 0x1
      RenderText {#text} at (40,0) size 19x249
        text run at (40,0) width 249: "This text should be in the first column."
      RenderBR {BR} at (44,248) size 0x1
      RenderText {#text} at (60,0) size 19x249
        text run at (60,0) width 249: "This text should be in the first column."
      RenderBR {BR} at (64,248) size 0x1
    RenderBlock {DIV} at (425,5) size 420x279
      RenderText {#text} at (0,0) size 19x113
        text run at (0,0) width 113: "This is some text."
      RenderBR {BR} at (4,112) size 0x1
      RenderText {#text} at (20,0) size 19x113
        text run at (20,0) width 113: "This is some text."
      RenderBR {BR} at (24,112) size 0x1
      RenderText {#text} at (40,0) size 19x113
        text run at (40,0) width 113: "This is some text."
      RenderBR {BR} at (44,112) size 0x1
      RenderText {#text} at (60,0) size 19x113
        text run at (60,0) width 113: "This is some text."
      RenderBR {BR} at (64,112) size 0x1
      RenderText {#text} at (80,0) size 19x113
        text run at (80,0) width 113: "This is some text."
      RenderBR {BR} at (84,112) size 0x1
      RenderText {#text} at (100,0) size 19x113
        text run at (100,0) width 113: "This is some text."
      RenderBR {BR} at (104,112) size 0x1
      RenderText {#text} at (120,0) size 19x113
        text run at (120,0) width 113: "This is some text."
      RenderBR {BR} at (124,112) size 0x1
      RenderText {#text} at (140,0) size 19x113
        text run at (140,0) width 113: "This is some text."
      RenderBR {BR} at (144,112) size 0x1
      RenderText {#text} at (160,0) size 19x113
        text run at (160,0) width 113: "This is some text."
      RenderBR {BR} at (164,112) size 0x1
      RenderText {#text} at (180,0) size 19x113
        text run at (180,0) width 113: "This is some text."
      RenderBR {BR} at (184,112) size 0x1
      RenderText {#text} at (200,0) size 19x113
        text run at (200,0) width 113: "This is some text."
      RenderBR {BR} at (204,112) size 0x1
      RenderText {#text} at (220,0) size 19x113
        text run at (220,0) width 113: "This is some text."
      RenderBR {BR} at (224,112) size 0x1
      RenderText {#text} at (240,0) size 19x113
        text run at (240,0) width 113: "This is some text."
      RenderBR {BR} at (244,112) size 0x1
      RenderText {#text} at (260,0) size 19x113
        text run at (260,0) width 113: "This is some text."
      RenderBR {BR} at (264,112) size 0x1
      RenderText {#text} at (280,0) size 19x113
        text run at (280,0) width 113: "This is some text."
      RenderBR {BR} at (284,112) size 0x1
      RenderText {#text} at (300,0) size 19x113
        text run at (300,0) width 113: "This is some text."
      RenderBR {BR} at (304,112) size 0x1
      RenderText {#text} at (320,0) size 19x113
        text run at (320,0) width 113: "This is some text."
      RenderBR {BR} at (324,112) size 0x1
      RenderText {#text} at (340,0) size 19x113
        text run at (340,0) width 113: "This is some text."
      RenderBR {BR} at (344,112) size 0x1
      RenderText {#text} at (360,0) size 19x113
        text run at (360,0) width 113: "This is some text."
      RenderBR {BR} at (364,112) size 0x1
      RenderText {#text} at (380,0) size 19x113
        text run at (380,0) width 113: "This is some text."
      RenderBR {BR} at (384,112) size 0x1
      RenderText {#text} at (400,0) size 19x113
        text run at (400,0) width 113: "This is some text."
      RenderBR {BR} at (404,112) size 0x1
