layer at (0,0) size 800x600
  RenderView at (0,0) size 800x600
layer at (0,0) size 800x600
  RenderBlock {HTML} at (0,0) size 800x600
    RenderBody {BODY} at (8,8) size 784x584
      RenderTable {TABLE} at (0,0) size 784x46 [border: (2px outset #808080)]
        RenderTableSection {TBODY} at (2,2) size 780x42
          RenderTableRow {TR} at (0,0) size 780x42
            RenderTableCell {TD} at (0,10) size 720x22 [border: (1px inset #808080)] [r=0 c=0 rs=1 cs=1]
              RenderText {#text} at (1,1) size 70x19
                text run at (1,1) width 70: "A Big Cell"
            RenderTableCell {TD} at (720,0) size 60x42 [border: (1px inset #808080)] [r=0 c=1 rs=1 cs=1]
              RenderText {#text} at (1,1) size 35x39
                text run at (1,1) width 12: "A"
                text run at (1,21) width 35: "small"
              RenderInline {SPAN} at (0,0) size 24x19
                RenderText {#text} at (35,21) size 24x19
                  text run at (35,21) width 24: "cell"
      RenderTable {TABLE} at (0,46) size 784x46 [border: (2px outset #808080)]
        RenderTableSection {TBODY} at (2,2) size 780x42
          RenderTableRow {TR} at (0,0) size 780x42
            RenderTableCell {TD} at (0,10) size 713x22 [border: (1px inset #808080)] [r=0 c=0 rs=1 cs=1]
              RenderText {#text} at (1,1) size 70x19
                text run at (1,1) width 70: "A Big Cell"
            RenderTableCell {TD} at (713,0) size 67x42 [border: (1px inset #808080)] [r=0 c=1 rs=1 cs=1]
              RenderText {#text} at (1,1) size 51x19
                text run at (1,1) width 51: "A small"
                text run at (51,1) width 1: " "
              RenderInline {SPAN} at (0,0) size 24x19
                RenderText {#text} at (1,21) size 24x19
                  text run at (1,21) width 24: "cell"
              RenderText {#text} at (24,21) size 42x19
                text run at (24,21) width 42: "block!"
      RenderTable {TABLE} at (0,92) size 784x26 [border: (2px outset #808080)]
        RenderTableSection {TBODY} at (2,2) size 780x22
          RenderTableRow {TR} at (0,0) size 780x22
            RenderTableCell {TD} at (0,0) size 704x22 [border: (1px inset #808080)] [r=0 c=0 rs=1 cs=1]
              RenderText {#text} at (1,1) size 70x19
                text run at (1,1) width 70: "A Big Cell"
            RenderTableCell {TD} at (704,0) size 76x22 [border: (1px inset #808080)] [r=0 c=1 rs=1 cs=1]
              RenderText {#text} at (1,1) size 51x19
                text run at (1,1) width 51: "A small"
              RenderInline {SPAN} at (0,0) size 24x19
                RenderText {#text} at (51,1) size 24x19
                  text run at (51,1) width 24: "cell"
