layer at (0,0) size 800x600
  RenderView at (0,0) size 800x600
layer at (0,0) size 800x600
  RenderBlock {HTML} at (0,0) size 800x600
    RenderBody {BODY} at (8,8) size 784x584 [bgcolor=#FFFFFF]
      RenderBlock {H2} at (0,0) size 784x27
        RenderText {#text} at (0,0) size 359x26
          text run at (0,0) width 359: "Safari Whitespace/Non-ASCII Bug"
      RenderBlock {P} at (0,46) size 784x40
        RenderText {#text} at (0,0) size 782x39
          text run at (0,0) width 655: "Apart from whitespace (tab and linefeed characters), the two lists below (in red) use identical HTML. "
          text run at (654,0) width 128: "Both lists should be"
          text run at (0,20) width 595: "rendered on a single line. In Safari, however, the first list shows each item on a separate line."
      RenderBlock {P} at (0,102) size 784x40
        RenderText {#text} at (0,0) size 764x39
          text run at (0,0) width 764: "This bug only seems to occur if the bullet character is non-ASCII (has a Unicode value higher than 127). Non-breaking"
          text run at (0,20) width 286: "spaces (&#160;), however, are an exception."
      RenderBlock (anonymous) at (0,158) size 784x80
        RenderBR {BR} at (0,0) size 0x19
        RenderInline {FONT} at (0,0) size 338x59 [color=#CC0000]
          RenderText {#text} at (0,20) size 338x19
            text run at (0,20) width 70: "\x{BB} England "
            text run at (69,20) width 62: "\x{BB} Ireland "
            text run at (130,20) width 73: "\x{BB} Scotland "
            text run at (202,20) width 77: "\x{BB} Germany "
            text run at (278,20) width 60: "\x{BB} France "
          RenderBR {BR} at (337,35) size 1x0
          RenderBR {BR} at (0,40) size 0x19
          RenderText {#text} at (0,60) size 338x19
            text run at (0,60) width 70: "\x{BB} England "
            text run at (69,60) width 62: "\x{BB} Ireland "
            text run at (130,60) width 73: "\x{BB} Scotland "
            text run at (202,60) width 77: "\x{BB} Germany "
            text run at (278,60) width 60: "\x{BB} France "
        RenderText {#text} at (0,0) size 0x0
        RenderBR {BR} at (0,0) size 0x0
