layer at (0,0) size 800x781
  RenderView at (0,0) size 800x600
layer at (0,0) size 800x781
  RenderBlock {HTML} at (0,0) size 800x781
    RenderBody {BODY} at (8,8) size 784x765
      RenderBlock {DIV} at (0,0) size 784x20
        RenderInline {SPAN} at (0,0) size 332x19
          RenderText {#text} at (0,0) size 316x19
            text run at (0,0) width 316: "No font is specified. expected: yen sign, actual: \x{A5}"
          RenderInline {SPAN} at (0,0) size 9x19
            RenderText {#text} at (315,0) size 9x19
              text run at (315,0) width 9: "\x{A5}"
          RenderInline {SPAN} at (0,0) size 9x19
            RenderText {#text} at (323,0) size 9x19
              text run at (323,0) width 9: "\x{A5}"
      RenderBlock {DIV} at (0,20) size 784x20
        RenderInline {SPAN} at (0,0) size 371x19
          RenderText {#text} at (0,0) size 355x19
            text run at (0,0) width 355: "Using font \"MS PGothic\". expected: yen sign, actual: \x{A5}"
          RenderInline {SPAN} at (0,0) size 9x19
            RenderText {#text} at (354,0) size 9x19
              text run at (354,0) width 9: "\x{A5}"
          RenderInline {SPAN} at (0,0) size 9x19
            RenderText {#text} at (362,0) size 9x19
              text run at (362,0) width 9: "\x{A5}"
        RenderInline {SPAN} at (0,0) size 9x19
          RenderText {#text} at (370,0) size 9x19
            text run at (370,0) width 9: "\x{A5}"
      RenderBlock {DIV} at (0,40) size 784x20
        RenderInline {SPAN} at (0,0) size 362x19
          RenderText {#text} at (0,0) size 346x19
            text run at (0,0) width 346: "Using font \"MS Gothic\". expected: yen sign, actual: \x{A5}"
          RenderInline {SPAN} at (0,0) size 9x19
            RenderText {#text} at (345,0) size 9x19
              text run at (345,0) width 9: "\x{A5}"
          RenderInline {SPAN} at (0,0) size 9x19
            RenderText {#text} at (353,0) size 9x19
              text run at (353,0) width 9: "\x{A5}"
        RenderInline {SPAN} at (0,0) size 9x19
          RenderText {#text} at (361,0) size 9x19
            text run at (361,0) width 9: "\x{A5}"
      RenderBlock {DIV} at (0,60) size 784x20
        RenderInline {SPAN} at (0,0) size 377x19
          RenderText {#text} at (0,0) size 361x19
            text run at (0,0) width 361: "Using font \"MS PMincho\". expected: yen sign, actual: \x{A5}"
          RenderInline {SPAN} at (0,0) size 9x19
            RenderText {#text} at (360,0) size 9x19
              text run at (360,0) width 9: "\x{A5}"
          RenderInline {SPAN} at (0,0) size 9x19
            RenderText {#text} at (368,0) size 9x19
              text run at (368,0) width 9: "\x{A5}"
        RenderInline {SPAN} at (0,0) size 9x19
          RenderText {#text} at (376,0) size 9x19
            text run at (376,0) width 9: "\x{A5}"
      RenderBlock {DIV} at (0,80) size 784x20
        RenderInline {SPAN} at (0,0) size 368x19
          RenderText {#text} at (0,0) size 352x19
            text run at (0,0) width 352: "Using font \"MS Mincho\". expected: yen sign, actual: \x{A5}"
          RenderInline {SPAN} at (0,0) size 9x19
            RenderText {#text} at (351,0) size 9x19
              text run at (351,0) width 9: "\x{A5}"
          RenderInline {SPAN} at (0,0) size 9x19
            RenderText {#text} at (359,0) size 9x19
              text run at (359,0) width 9: "\x{A5}"
        RenderInline {SPAN} at (0,0) size 9x19
          RenderText {#text} at (367,0) size 9x19
            text run at (367,0) width 9: "\x{A5}"
      RenderBlock {DIV} at (0,100) size 784x20
        RenderInline {SPAN} at (0,0) size 339x19
          RenderText {#text} at (0,0) size 323x19
            text run at (0,0) width 323: "Using font \"Meiryo\". expected: yen sign, actual: \x{A5}"
          RenderInline {SPAN} at (0,0) size 9x19
            RenderText {#text} at (322,0) size 9x19
              text run at (322,0) width 9: "\x{A5}"
          RenderInline {SPAN} at (0,0) size 9x19
            RenderText {#text} at (330,0) size 9x19
              text run at (330,0) width 9: "\x{A5}"
        RenderInline {SPAN} at (0,0) size 9x19
          RenderText {#text} at (338,0) size 9x19
            text run at (338,0) width 9: "\x{A5}"
      RenderBlock {DIV} at (0,120) size 784x20
        RenderInline {SPAN} at (0,0) size 393x19
          RenderText {#text} at (0,0) size 377x19
            text run at (0,0) width 377: "Using font \"\x{FF2D}\x{FF33} \x{FF30}\x{30B4}\x{30B7}\x{30C3}\x{30AF}\". expected: yen sign, actual: \x{A5}"
          RenderInline {SPAN} at (0,0) size 9x19
            RenderText {#text} at (376,0) size 9x19
              text run at (376,0) width 9: "\x{A5}"
          RenderInline {SPAN} at (0,0) size 9x19
            RenderText {#text} at (384,0) size 9x19
              text run at (384,0) width 9: "\x{A5}"
        RenderInline {SPAN} at (0,0) size 9x19
          RenderText {#text} at (392,0) size 9x19
            text run at (392,0) width 9: "\x{A5}"
      RenderBlock {DIV} at (0,140) size 784x20
        RenderInline {SPAN} at (0,0) size 379x19
          RenderText {#text} at (0,0) size 363x19
            text run at (0,0) width 363: "Using font \"\x{FF2D}\x{FF33} \x{30B4}\x{30B7}\x{30C3}\x{30AF}\". expected: yen sign, actual: \x{A5}"
          RenderInline {SPAN} at (0,0) size 9x19
            RenderText {#text} at (362,0) size 9x19
              text run at (362,0) width 9: "\x{A5}"
          RenderInline {SPAN} at (0,0) size 9x19
            RenderText {#text} at (370,0) size 9x19
              text run at (370,0) width 9: "\x{A5}"
        RenderInline {SPAN} at (0,0) size 9x19
          RenderText {#text} at (378,0) size 9x19
            text run at (378,0) width 9: "\x{A5}"
      RenderBlock {DIV} at (0,160) size 784x20
        RenderInline {SPAN} at (0,0) size 365x19
          RenderText {#text} at (0,0) size 349x19
            text run at (0,0) width 349: "Using font \"\x{FF2D}\x{FF33} \x{FF30}\x{660E}\x{671D}\". expected: yen sign, actual: \x{A5}"
          RenderInline {SPAN} at (0,0) size 9x19
            RenderText {#text} at (348,0) size 9x19
              text run at (348,0) width 9: "\x{A5}"
          RenderInline {SPAN} at (0,0) size 9x19
            RenderText {#text} at (356,0) size 9x19
              text run at (356,0) width 9: "\x{A5}"
        RenderInline {SPAN} at (0,0) size 9x19
          RenderText {#text} at (364,0) size 9x19
            text run at (364,0) width 9: "\x{A5}"
      RenderBlock {DIV} at (0,180) size 784x20
        RenderInline {SPAN} at (0,0) size 351x19
          RenderText {#text} at (0,0) size 335x19
            text run at (0,0) width 335: "Using font \"\x{FF2D}\x{FF33} \x{660E}\x{671D}\". expected: yen sign, actual: \x{A5}"
          RenderInline {SPAN} at (0,0) size 9x19
            RenderText {#text} at (334,0) size 9x19
              text run at (334,0) width 9: "\x{A5}"
          RenderInline {SPAN} at (0,0) size 9x19
            RenderText {#text} at (342,0) size 9x19
              text run at (342,0) width 9: "\x{A5}"
        RenderInline {SPAN} at (0,0) size 9x19
          RenderText {#text} at (350,0) size 9x19
            text run at (350,0) width 9: "\x{A5}"
      RenderBlock {DIV} at (0,200) size 784x20
        RenderInline {SPAN} at (0,0) size 347x19
          RenderText {#text} at (0,0) size 331x19
            text run at (0,0) width 331: "Using font \"\x{30E1}\x{30A4}\x{30EA}\x{30AA}\". expected: yen sign, actual: \x{A5}"
          RenderInline {SPAN} at (0,0) size 9x19
            RenderText {#text} at (330,0) size 9x19
              text run at (330,0) width 9: "\x{A5}"
          RenderInline {SPAN} at (0,0) size 9x19
            RenderText {#text} at (338,0) size 9x19
              text run at (338,0) width 9: "\x{A5}"
        RenderInline {SPAN} at (0,0) size 9x19
          RenderText {#text} at (346,0) size 9x19
            text run at (346,0) width 9: "\x{A5}"
      RenderBlock {DIV} at (0,220) size 784x20
        RenderInline {SPAN} at (0,0) size 329x19
          RenderText {#text} at (0,0) size 320x19
            text run at (0,0) width 320: "Using font \"Times\". expected: backslash, actual: \\"
          RenderInline {SPAN} at (0,0) size 6x19
            RenderText {#text} at (319,0) size 6x19
              text run at (319,0) width 6: "\\"
          RenderInline {SPAN} at (0,0) size 5x19
            RenderText {#text} at (324,0) size 5x19
              text run at (324,0) width 5: "\\"
        RenderInline {SPAN} at (0,0) size 6x19
          RenderText {#text} at (328,0) size 6x19
            text run at (328,0) width 6: "\\"
      RenderBlock {DIV} at (0,240) size 784x20
        RenderInline {SPAN} at (0,0) size 331x19
          RenderText {#text} at (0,0) size 322x19
            text run at (0,0) width 322: "Using font \"foobar\". expected: backslash, actual: \\"
          RenderInline {SPAN} at (0,0) size 6x19
            RenderText {#text} at (321,0) size 6x19
              text run at (321,0) width 6: "\\"
          RenderInline {SPAN} at (0,0) size 5x19
            RenderText {#text} at (326,0) size 5x19
              text run at (326,0) width 5: "\\"
        RenderInline {SPAN} at (0,0) size 5x19
          RenderText {#text} at (330,0) size 5x19
            text run at (330,0) width 5: "\\"
      RenderBlock {DIV} at (0,260) size 784x20
        RenderInline {SPAN} at (0,0) size 471x19
          RenderText {#text} at (0,0) size 455x19
            text run at (0,0) width 455: "Using font \"*INVALID FONT NAME*\". expected: yen sign, actual: \x{A5}"
          RenderInline {SPAN} at (0,0) size 9x19
            RenderText {#text} at (454,0) size 9x19
              text run at (454,0) width 9: "\x{A5}"
          RenderInline {SPAN} at (0,0) size 9x19
            RenderText {#text} at (462,0) size 9x19
              text run at (462,0) width 9: "\x{A5}"
        RenderInline {SPAN} at (0,0) size 9x19
          RenderText {#text} at (470,0) size 9x19
            text run at (470,0) width 9: "\x{A5}"
      RenderBlock {DIV} at (0,280) size 784x20
        RenderInline {SPAN} at (0,0) size 320x19
          RenderText {#text} at (0,0) size 304x19
            text run at (0,0) width 304: "Using font \"serif\". expected: yen sign, actual: \x{A5}"
          RenderInline {SPAN} at (0,0) size 9x19
            RenderText {#text} at (303,0) size 9x19
              text run at (303,0) width 9: "\x{A5}"
          RenderInline {SPAN} at (0,0) size 9x19
            RenderText {#text} at (311,0) size 9x19
              text run at (311,0) width 9: "\x{A5}"
        RenderInline {SPAN} at (0,0) size 9x19
          RenderText {#text} at (319,0) size 9x19
            text run at (319,0) width 9: "\x{A5}"
      RenderBlock {DIV} at (0,300) size 784x20
        RenderInline {SPAN} at (0,0) size 388x18
          RenderText {#text} at (0,0) size 370x18
            text run at (0,0) width 370: "Using font \"sans-serif\". expected: yen sign, actual: \x{A5}"
          RenderInline {SPAN} at (0,0) size 10x18
            RenderText {#text} at (369,0) size 10x18
              text run at (369,0) width 10: "\x{A5}"
          RenderInline {SPAN} at (0,0) size 10x18
            RenderText {#text} at (378,0) size 10x18
              text run at (378,0) width 10: "\x{A5}"
        RenderInline {SPAN} at (0,0) size 9x18
          RenderText {#text} at (387,0) size 9x18
            text run at (387,0) width 9: "\x{A5}"
      RenderBlock {DIV} at (0,320) size 784x23
        RenderInline {SPAN} at (0,0) size 392x23
          RenderText {#text} at (0,0) size 371x23
            text run at (0,0) width 371: "Using font \"cursive\". expected: yen sign, actual: \x{A5}"
          RenderInline {SPAN} at (0,0) size 11x23
            RenderText {#text} at (370,0) size 11x23
              text run at (370,0) width 11: "\x{A5}"
          RenderInline {SPAN} at (0,0) size 12x23
            RenderText {#text} at (380,0) size 12x23
              text run at (380,0) width 12: "\x{A5}"
        RenderInline {SPAN} at (0,0) size 11x23
          RenderText {#text} at (391,0) size 11x23
            text run at (391,0) width 11: "\x{A5}"
      RenderBlock {DIV} at (0,343) size 784x22
        RenderInline {SPAN} at (0,0) size 334x20
          RenderText {#text} at (0,0) size 319x20
            text run at (0,0) width 319: "Using font \"fantasy\". expected: yen sign, actual: \x{A5}"
          RenderInline {SPAN} at (0,0) size 8x20
            RenderText {#text} at (318,0) size 8x20
              text run at (318,0) width 8: "\x{A5}"
          RenderInline {SPAN} at (0,0) size 9x20
            RenderText {#text} at (325,0) size 9x20
              text run at (325,0) width 9: "\x{A5}"
        RenderInline {SPAN} at (0,0) size 9x20
          RenderText {#text} at (333,0) size 9x20
            text run at (333,0) width 9: "\x{A5}"
      RenderBlock {DIV} at (0,365) size 784x20
        RenderInline {SPAN} at (0,0) size 440x16
          RenderText {#text} at (0,3) size 424x16
            text run at (0,3) width 424: "Using font \"monospace\". expected: yen sign, actual: \x{A5}"
          RenderInline {SPAN} at (0,0) size 8x16
            RenderText {#text} at (424,3) size 8x16
              text run at (424,3) width 8: "\x{A5}"
          RenderInline {SPAN} at (0,0) size 8x16
            RenderText {#text} at (432,3) size 8x16
              text run at (432,3) width 8: "\x{A5}"
        RenderInline {SPAN} at (0,0) size 8x16
          RenderText {#text} at (440,3) size 8x16
            text run at (440,3) width 8: "\x{A5}"
      RenderBlock {DIV} at (0,385) size 784x20
        RenderInline {SPAN} at (0,0) size 375x19
          RenderText {#text} at (0,0) size 367x19
            text run at (0,0) width 367: "Using font \"-webkit-body\". expected: backslash, actual: \\"
          RenderInline {SPAN} at (0,0) size 5x19
            RenderText {#text} at (366,0) size 5x19
              text run at (366,0) width 5: "\\"
          RenderInline {SPAN} at (0,0) size 5x19
            RenderText {#text} at (370,0) size 5x19
              text run at (370,0) width 5: "\\"
        RenderInline {SPAN} at (0,0) size 6x19
          RenderText {#text} at (374,0) size 6x19
            text run at (374,0) width 6: "\\"
      RenderBlock {DIV} at (0,405) size 784x20
        RenderInline {SPAN} at (0,0) size 340x19
          RenderText {#text} at (0,0) size 323x19
            text run at (0,0) width 323: "Using font \"caption\". expected: yen sign, actual: \x{A5}"
          RenderInline {SPAN} at (0,0) size 10x19
            RenderText {#text} at (322,0) size 10x19
              text run at (322,0) width 10: "\x{A5}"
          RenderInline {SPAN} at (0,0) size 9x19
            RenderText {#text} at (331,0) size 9x19
              text run at (331,0) width 9: "\x{A5}"
      RenderBlock {DIV} at (0,425) size 784x20
        RenderInline {SPAN} at (0,0) size 319x19
          RenderText {#text} at (0,0) size 302x19
            text run at (0,0) width 302: "Using font \"icon\". expected: yen sign, actual: \x{A5}"
          RenderInline {SPAN} at (0,0) size 9x19
            RenderText {#text} at (301,0) size 9x19
              text run at (301,0) width 9: "\x{A5}"
          RenderInline {SPAN} at (0,0) size 10x19
            RenderText {#text} at (309,0) size 10x19
              text run at (309,0) width 10: "\x{A5}"
      RenderBlock {DIV} at (0,445) size 784x20
        RenderInline {SPAN} at (0,0) size 329x19
          RenderText {#text} at (0,0) size 312x19
            text run at (0,0) width 312: "Using font \"menu\". expected: yen sign, actual: \x{A5}"
          RenderInline {SPAN} at (0,0) size 9x19
            RenderText {#text} at (311,0) size 9x19
              text run at (311,0) width 9: "\x{A5}"
          RenderInline {SPAN} at (0,0) size 10x19
            RenderText {#text} at (319,0) size 10x19
              text run at (319,0) width 10: "\x{A5}"
      RenderBlock {DIV} at (0,465) size 784x20
        RenderInline {SPAN} at (0,0) size 378x19
          RenderText {#text} at (0,0) size 361x19
            text run at (0,0) width 361: "Using font \"message-box\". expected: yen sign, actual: \x{A5}"
          RenderInline {SPAN} at (0,0) size 10x19
            RenderText {#text} at (360,0) size 10x19
              text run at (360,0) width 10: "\x{A5}"
          RenderInline {SPAN} at (0,0) size 9x19
            RenderText {#text} at (369,0) size 9x19
              text run at (369,0) width 9: "\x{A5}"
      RenderBlock {DIV} at (0,485) size 784x20
        RenderInline {SPAN} at (0,0) size 380x19
          RenderText {#text} at (0,0) size 363x19
            text run at (0,0) width 363: "Using font \"small-caption\". expected: yen sign, actual: \x{A5}"
          RenderInline {SPAN} at (0,0) size 9x19
            RenderText {#text} at (362,0) size 9x19
              text run at (362,0) width 9: "\x{A5}"
          RenderInline {SPAN} at (0,0) size 10x19
            RenderText {#text} at (370,0) size 10x19
              text run at (370,0) width 10: "\x{A5}"
      RenderBlock {DIV} at (0,505) size 784x20
        RenderInline {SPAN} at (0,0) size 357x19
          RenderText {#text} at (0,0) size 341x19
            text run at (0,0) width 341: "Using font \"status-bar\". expected: yen sign, actual: \x{A5}"
          RenderInline {SPAN} at (0,0) size 9x19
            RenderText {#text} at (340,0) size 9x19
              text run at (340,0) width 9: "\x{A5}"
          RenderInline {SPAN} at (0,0) size 9x19
            RenderText {#text} at (348,0) size 9x19
              text run at (348,0) width 9: "\x{A5}"
      RenderBlock {DIV} at (0,525) size 784x20
        RenderInline {SPAN} at (0,0) size 355x16
          RenderText {#text} at (0,3) size 341x16
            text run at (0,3) width 341: "Using font \"-webkit-mini-control\". expected: yen sign, actual: \x{A5}"
          RenderInline {SPAN} at (0,0) size 8x16
            RenderText {#text} at (340,3) size 8x16
              text run at (340,3) width 8: "\x{A5}"
          RenderInline {SPAN} at (0,0) size 8x16
            RenderText {#text} at (347,3) size 8x16
              text run at (347,3) width 8: "\x{A5}"
      RenderBlock {DIV} at (0,545) size 784x20
        RenderInline {SPAN} at (0,0) size 431x19
          RenderText {#text} at (0,0) size 414x19
            text run at (0,0) width 414: "Using font \"-webkit-small-control\". expected: yen sign, actual: \x{A5}"
          RenderInline {SPAN} at (0,0) size 10x19
            RenderText {#text} at (413,0) size 10x19
              text run at (413,0) width 10: "\x{A5}"
          RenderInline {SPAN} at (0,0) size 9x19
            RenderText {#text} at (422,0) size 9x19
              text run at (422,0) width 9: "\x{A5}"
      RenderBlock {DIV} at (0,565) size 784x20
        RenderInline {SPAN} at (0,0) size 392x19
          RenderText {#text} at (0,0) size 375x19
            text run at (0,0) width 375: "Using font \"-webkit-control\". expected: yen sign, actual: \x{A5}"
          RenderInline {SPAN} at (0,0) size 9x19
            RenderText {#text} at (374,0) size 9x19
              text run at (374,0) width 9: "\x{A5}"
          RenderInline {SPAN} at (0,0) size 10x19
            RenderText {#text} at (382,0) size 10x19
              text run at (382,0) width 10: "\x{A5}"
      RenderBlock {DIV} at (0,585) size 784x20
        RenderInline {SPAN} at (0,0) size 410x19
          RenderText {#text} at (0,0) size 394x19
            text run at (0,0) width 394: "Using font \"MS Gothic, Times\". expected: yen sign, actual: \x{A5}"
          RenderInline {SPAN} at (0,0) size 9x19
            RenderText {#text} at (393,0) size 9x19
              text run at (393,0) width 9: "\x{A5}"
          RenderInline {SPAN} at (0,0) size 9x19
            RenderText {#text} at (401,0) size 9x19
              text run at (401,0) width 9: "\x{A5}"
        RenderInline {SPAN} at (0,0) size 9x19
          RenderText {#text} at (409,0) size 9x19
            text run at (409,0) width 9: "\x{A5}"
      RenderBlock {DIV} at (0,605) size 784x20
        RenderInline {SPAN} at (0,0) size 408x19
          RenderText {#text} at (0,0) size 399x19
            text run at (0,0) width 399: "Using font \"Times, MS Gothic\". expected: backslash, actual: \\"
          RenderInline {SPAN} at (0,0) size 6x19
            RenderText {#text} at (398,0) size 6x19
              text run at (398,0) width 6: "\\"
          RenderInline {SPAN} at (0,0) size 5x19
            RenderText {#text} at (403,0) size 5x19
              text run at (403,0) width 5: "\\"
        RenderInline {SPAN} at (0,0) size 5x19
          RenderText {#text} at (407,0) size 5x19
            text run at (407,0) width 5: "\\"
      RenderBlock {DIV} at (0,625) size 784x20
        RenderInline {SPAN} at (0,0) size 412x19
          RenderText {#text} at (0,0) size 396x19
            text run at (0,0) width 396: "Using font \"MS Gothic, foobar\". expected: yen sign, actual: \x{A5}"
          RenderInline {SPAN} at (0,0) size 9x19
            RenderText {#text} at (395,0) size 9x19
              text run at (395,0) width 9: "\x{A5}"
          RenderInline {SPAN} at (0,0) size 9x19
            RenderText {#text} at (403,0) size 9x19
              text run at (403,0) width 9: "\x{A5}"
        RenderInline {SPAN} at (0,0) size 9x19
          RenderText {#text} at (411,0) size 9x19
            text run at (411,0) width 9: "\x{A5}"
      RenderBlock {DIV} at (0,645) size 784x20
        RenderInline {SPAN} at (0,0) size 410x19
          RenderText {#text} at (0,0) size 401x19
            text run at (0,0) width 401: "Using font \"foobar, MS Gothic\". expected: backslash, actual: \\"
          RenderInline {SPAN} at (0,0) size 5x19
            RenderText {#text} at (400,0) size 5x19
              text run at (400,0) width 5: "\\"
          RenderInline {SPAN} at (0,0) size 6x19
            RenderText {#text} at (404,0) size 6x19
              text run at (404,0) width 6: "\\"
        RenderInline {SPAN} at (0,0) size 5x19
          RenderText {#text} at (409,0) size 5x19
            text run at (409,0) width 5: "\\"
      RenderBlock {DIV} at (0,665) size 784x20
        RenderInline {SPAN} at (0,0) size 368x19
          RenderText {#text} at (0,0) size 352x19
            text run at (0,0) width 352: "Using font \"serif, Times\". expected: yen sign, actual: \x{A5}"
          RenderInline {SPAN} at (0,0) size 9x19
            RenderText {#text} at (351,0) size 9x19
              text run at (351,0) width 9: "\x{A5}"
          RenderInline {SPAN} at (0,0) size 9x19
            RenderText {#text} at (359,0) size 9x19
              text run at (359,0) width 9: "\x{A5}"
        RenderInline {SPAN} at (0,0) size 9x19
          RenderText {#text} at (367,0) size 9x19
            text run at (367,0) width 9: "\x{A5}"
      RenderBlock {DIV} at (0,685) size 784x20
        RenderInline {SPAN} at (0,0) size 366x19
          RenderText {#text} at (0,0) size 357x19
            text run at (0,0) width 357: "Using font \"Times, serif\". expected: backslash, actual: \\"
          RenderInline {SPAN} at (0,0) size 5x19
            RenderText {#text} at (356,0) size 5x19
              text run at (356,0) width 5: "\\"
          RenderInline {SPAN} at (0,0) size 6x19
            RenderText {#text} at (360,0) size 6x19
              text run at (360,0) width 6: "\\"
        RenderInline {SPAN} at (0,0) size 5x19
          RenderText {#text} at (365,0) size 5x19
            text run at (365,0) width 5: "\\"
      RenderBlock {DIV} at (0,705) size 784x20
        RenderInline {SPAN} at (0,0) size 356x19
          RenderText {#text} at (0,0) size 340x19
            text run at (0,0) width 340: "Using font \"serif, serif\". expected: yen sign, actual: \x{A5}"
          RenderInline {SPAN} at (0,0) size 9x19
            RenderText {#text} at (339,0) size 9x19
              text run at (339,0) width 9: "\x{A5}"
          RenderInline {SPAN} at (0,0) size 9x19
            RenderText {#text} at (347,0) size 9x19
              text run at (347,0) width 9: "\x{A5}"
        RenderInline {SPAN} at (0,0) size 9x19
          RenderText {#text} at (355,0) size 9x19
            text run at (355,0) width 9: "\x{A5}"
      RenderBlock {DIV} at (0,725) size 784x20
        RenderInline {SPAN} at (0,0) size 379x19
          RenderText {#text} at (0,0) size 370x19
            text run at (0,0) width 370: "Using font \"foobar, Times\". expected: backslash, actual: \\"
          RenderInline {SPAN} at (0,0) size 6x19
            RenderText {#text} at (369,0) size 6x19
              text run at (369,0) width 6: "\\"
          RenderInline {SPAN} at (0,0) size 5x19
            RenderText {#text} at (374,0) size 5x19
              text run at (374,0) width 5: "\\"
        RenderInline {SPAN} at (0,0) size 5x19
          RenderText {#text} at (378,0) size 5x19
            text run at (378,0) width 5: "\\"
      RenderBlock {DIV} at (0,745) size 784x20
        RenderInline {SPAN} at (0,0) size 379x19
          RenderText {#text} at (0,0) size 370x19
            text run at (0,0) width 370: "Using font \"Times, foobar\". expected: backslash, actual: \\"
          RenderInline {SPAN} at (0,0) size 6x19
            RenderText {#text} at (369,0) size 6x19
              text run at (369,0) width 6: "\\"
          RenderInline {SPAN} at (0,0) size 5x19
            RenderText {#text} at (374,0) size 5x19
              text run at (374,0) width 5: "\\"
        RenderInline {SPAN} at (0,0) size 5x19
          RenderText {#text} at (378,0) size 5x19
            text run at (378,0) width 5: "\\"
