layer at (0,0) size 800x1186
  RenderView at (0,0) size 800x600
layer at (0,0) size 800x1186
  RenderBlock {HTML} at (0,0) size 800x1186
    RenderBody {BODY} at (8,8) size 784x1170
      RenderBlock (anonymous) at (0,0) size 784x90
        RenderText {#text} at (0,0) size 353x17
          text run at (0,0) width 353: "This test was provided by open-source contributors on "
        RenderInline {A} at (0,0) size 55x17 [color=#0000EE]
          RenderText {#text} at (352,0) size 55x17
            text run at (352,0) width 55: "Bugzilla"
        RenderText {#text} at (406,0) size 758x71
          text run at (406,0) width 328: ". Currently, the \"Browser rendering\" results are not"
          text run at (0,18) width 758: "expected to match the \"Correct output sample\" results. In fact, I do not entirely agree with all of the given test cases in"
          text run at (0,36) width 745: "terms of their expected results, nor do I think that the browser should yet be expected to match all of the cases in the"
          text run at (0,54) width 189: "different languages, but I am "
          text run at (188,54) width 294: "(at least temporarily) adding the test anyway. "
        RenderBR {BR} at (481,67) size 1x0
        RenderBR {BR} at (0,72) size 0x17
      RenderTable {TABLE} at (0,90) size 784x360
        RenderBlock {CAPTION} at (0,0) size 784x18
          RenderText {#text} at (352,0) size 80x17
            text run at (352,0) width 80: "Input source"
        RenderTableSection {TBODY} at (0,18) size 784x342
          RenderTableRow {TR} at (0,2) size 784x58
            RenderTableCell {TH} at (2,20) size 54x22 [bgcolor=#F8F8F8] [border: (1px solid #EEEEEE)] [r=0 c=0 rs=1 cs=1]
              RenderText {#text} at (2,2) size 50x17
                text run at (2,2) width 50: "generic"
            RenderTableCell {TD} at (58,2) size 724x58 [border: (1px solid #EEEEEE)] [r=0 c=1 rs=1 cs=1]
              RenderText {#text} at (2,2) size 689x53
                text run at (2,2) width 689: "lip\x{AD}smackin\x{AD}thirst\x{AD}quenchin\x{AD}acetastin\x{AD}motivatin\x{AD}good\x{AD}buzzin\x{AD}cool\x{AD}talkin\x{AD}high\x{AD}walkin\x{AD}fast\x{AD}livin\x{AD}ever\x{AD}givin\x{AD}cool\x{AD}fizzin\x{AD}lip\x{AD}" + hyphen string "-"
                text run at (2,20) width 672: "smackin\x{AD}thirst\x{AD}quenchin\x{AD}acetastin\x{AD}motivatin\x{AD}good\x{AD}buzzin\x{AD}cool\x{AD}talkin\x{AD}high\x{AD}walkin\x{AD}fast\x{AD}livin\x{AD}ever\x{AD}givin\x{AD}cool\x{AD}fizzin\x{AD}lip\x{AD}" + hyphen string "-"
                text run at (2,38) width 651: "smackin\x{AD}thirst\x{AD}quenchin\x{AD}acetastin\x{AD}motivatin\x{AD}good\x{AD}buzzin\x{AD}cool\x{AD}talkin\x{AD}high\x{AD}walkin\x{AD}fast\x{AD}livin\x{AD}ever\x{AD}givin\x{AD}cool\x{AD}fizzin"
          RenderTableRow {TR} at (0,62) size 784x22
            RenderTableCell {TH} at (2,62) size 54x22 [bgcolor=#F8F8F8] [border: (1px solid #EEEEEE)] [r=1 c=0 rs=1 cs=1]
              RenderText {#text} at (19,2) size 16x17
                text run at (19,2) width 16: "cy"
            RenderTableCell {TD} at (58,62) size 724x22 [border: (1px solid #EEEEEE)] [r=1 c=1 rs=1 cs=1]
              RenderText {#text} at (2,2) size 25x17
                text run at (2,2) width 25: "\x{175}yl"
          RenderTableRow {TR} at (0,86) size 784x22
            RenderTableCell {TH} at (2,86) size 54x22 [bgcolor=#F8F8F8] [border: (1px solid #EEEEEE)] [r=2 c=0 rs=1 cs=1]
              RenderText {#text} at (21,2) size 12x17
                text run at (21,2) width 12: "el"
            RenderTableCell {TD} at (58,86) size 724x22 [border: (1px solid #EEEEEE)] [r=2 c=1 rs=1 cs=1]
              RenderText {#text} at (2,2) size 204x17
                text run at (2,2) width 204: "\x{3B3}\x{3B5}\x{3C9}\x{3B3}\x{3C1}\x{3B1}\x{3C6}\x{3B9}\x{3BA}\x{3AC}\x{2010}\x{3C3}\x{3C5}\x{3C3}\x{3C7}\x{3B5}\x{3C4}\x{3B9}\x{3C3}\x{3BC}\x{3AD}\x{3BD}\x{3B5}\x{3C2} \x{3AE}\x{3C4}\x{3B1}"
          RenderTableRow {TR} at (0,110) size 784x58
            RenderTableCell {TH} at (2,128) size 54x22 [bgcolor=#F8F8F8] [border: (1px solid #EEEEEE)] [r=3 c=0 rs=1 cs=1]
              RenderText {#text} at (18,2) size 18x17
                text run at (18,2) width 18: "en"
            RenderTableCell {TD} at (58,110) size 724x58 [border: (1px solid #EEEEEE)] [r=3 c=1 rs=1 cs=1]
              RenderText {#text} at (2,2) size 438x17
                text run at (2,2) width 438: "'cept nut'in safari\x{2019}s \x{2018}sure\x{2019} nai\x{308}ve r\x{E9}sum\x{E9}\x{2014}h\x{E1}c\x{30C}ek full\x{2010}time one-to-one"
              RenderBR {BR} at (439,15) size 1x0
              RenderText {#text} at (2,20) size 316x17
                text run at (2,20) width 316: "\"newcastle\x{2011}upon\x{2011}tyne\" washington\x{2011}on\x{2011}the\x{2011}brazos"
              RenderBR {BR} at (317,33) size 1x0
              RenderInline {SPAN} at (0,0) size 32x17
                RenderText {#text} at (2,38) size 32x17
                  text run at (2,38) width 32: "earth"
              RenderText {#text} at (34,38) size 75x17
                text run at (34,38) width 75: "quake earth"
              RenderInline {SPAN} at (0,0) size 38x17
                RenderText {#text} at (108,38) size 38x17
                  text run at (108,38) width 38: "worm"
              RenderText {#text} at (145,38) size 5x17
                text run at (145,38) width 5: " "
              RenderInline {SPAN} at (0,0) size 44x17
                RenderText {#text} at (149,38) size 44x17
                  text run at (149,38) width 44: "cheese"
              RenderInline {SPAN} at (0,0) size 42x17
                RenderText {#text} at (192,38) size 42x17
                  text run at (192,38) width 42: "burger"
              RenderText {#text} at (234,38) size 119x17
                text run at (234,38) width 119: " [house] ~six -big-"
          RenderTableRow {TR} at (0,170) size 784x22
            RenderTableCell {TH} at (2,170) size 54x22 [bgcolor=#F8F8F8] [border: (1px solid #EEEEEE)] [r=4 c=0 rs=1 cs=1]
              RenderText {#text} at (20,2) size 14x17
                text run at (20,2) width 14: "es"
            RenderTableCell {TD} at (58,170) size 724x22 [border: (1px solid #EEEEEE)] [r=4 c=1 rs=1 cs=1]
              RenderText {#text} at (2,2) size 65x17
                text run at (2,2) width 65: "\x{A1}jalape\x{F1}o!"
          RenderTableRow {TR} at (0,194) size 784x26
            RenderTableCell {TH} at (2,196) size 54x22 [bgcolor=#F8F8F8] [border: (1px solid #EEEEEE)] [r=5 c=0 rs=1 cs=1]
              RenderText {#text} at (20,2) size 14x17
                text run at (20,2) width 14: "fr"
            RenderTableCell {TD} at (58,194) size 724x26 [border: (1px solid #EEEEEE)] [r=5 c=1 rs=1 cs=1]
              RenderText {#text} at (2,6) size 211x17
                text run at (2,6) width 211: "quelqu'un l\x{2019}amour t'appelles\x{2011}tu 3"
              RenderInline {SUP} at (0,0) size 24x15
                RenderText {#text} at (212,2) size 24x15
                  text run at (212,2) width 24: "eme"
          RenderTableRow {TR} at (0,222) size 784x22
            RenderTableCell {TH} at (2,222) size 54x22 [bgcolor=#F8F8F8] [border: (1px solid #EEEEEE)] [r=6 c=0 rs=1 cs=1]
              RenderText {#text} at (18,2) size 18x17
                text run at (18,2) width 18: "hu"
            RenderTableCell {TD} at (58,222) size 724x22 [border: (1px solid #EEEEEE)] [r=6 c=1 rs=1 cs=1]
              RenderText {#text} at (2,2) size 110x17
                text run at (2,2) width 110: "11-ei london\x{2011}ban"
          RenderTableRow {TR} at (0,246) size 784x22
            RenderTableCell {TH} at (2,246) size 54x22 [bgcolor=#F8F8F8] [border: (1px solid #EEEEEE)] [r=7 c=0 rs=1 cs=1]
              RenderText {#text} at (20,2) size 14x17
                text run at (20,2) width 14: "nl"
            RenderTableCell {TD} at (58,246) size 724x22 [border: (1px solid #EEEEEE)] [r=7 c=1 rs=1 cs=1]
              RenderText {#text} at (2,2) size 71x17
                text run at (2,2) width 71: "'s ochtends"
          RenderTableRow {TR} at (0,270) size 784x22
            RenderTableCell {TH} at (2,270) size 54x22 [bgcolor=#F8F8F8] [border: (1px solid #EEEEEE)] [r=8 c=0 rs=1 cs=1]
              RenderText {#text} at (20,2) size 14x17
                text run at (20,2) width 14: "pl"
            RenderTableCell {TD} at (58,270) size 724x22 [border: (1px solid #EEEEEE)] [r=8 c=1 rs=1 cs=1]
              RenderText {#text} at (2,2) size 94x17
                text run at (2,2) width 94: "wzi\x{119}\x{142}a bie\x{17C}\x{105}ce"
          RenderTableRow {TR} at (0,294) size 784x22
            RenderTableCell {TH} at (2,294) size 54x22 [bgcolor=#F8F8F8] [border: (1px solid #EEEEEE)] [r=9 c=0 rs=1 cs=1]
              RenderText {#text} at (18,2) size 18x17
                text run at (18,2) width 18: "ru"
            RenderTableCell {TD} at (58,294) size 724x22 [border: (1px solid #EEEEEE)] [r=9 c=1 rs=1 cs=1]
              RenderText {#text} at (2,2) size 195x17
                text run at (2,2) width 195: "\x{43D}\x{44C}\x{44E}-\x{439}\x{43E}\x{440}\x{43A} 1990-\x{445} 14-vii-1789"
          RenderTableRow {TR} at (0,318) size 784x22
            RenderTableCell {TH} at (2,318) size 54x22 [bgcolor=#F8F8F8] [border: (1px solid #EEEEEE)] [r=10 c=0 rs=1 cs=1]
              RenderText {#text} at (17,2) size 20x17
                text run at (17,2) width 20: "tlh"
            RenderTableCell {TD} at (58,318) size 724x22 [border: (1px solid #EEEEEE)] [r=10 c=1 rs=1 cs=1]
              RenderText {#text} at (2,2) size 189x17
                text run at (2,2) width 189: "tlhIngan Hol wa''uy' loghqam"
      RenderTable {TABLE} at (0,450) size 784x360
        RenderBlock {CAPTION} at (0,0) size 784x18
          RenderText {#text} at (320,0) size 144x17
            text run at (320,0) width 144: "Correct output sample"
        RenderTableSection {TBODY} at (0,18) size 784x342
          RenderTableRow {TR} at (0,2) size 784x58
            RenderTableCell {TH} at (2,20) size 54x22 [bgcolor=#F8F8F8] [border: (1px solid #EEEEEE)] [r=0 c=0 rs=1 cs=1]
              RenderText {#text} at (2,2) size 50x17
                text run at (2,2) width 50: "generic"
            RenderTableCell {TD} at (58,2) size 724x58 [border: (1px solid #EEEEEE)] [r=0 c=1 rs=1 cs=1]
              RenderText {#text} at (2,2) size 695x53
                text run at (2,2) width 695: "Lip\x{AD}smackin\x{AD}thirst\x{AD}quenchin\x{AD}acetastin\x{AD}motivatin\x{AD}good\x{AD}buzzin\x{AD}cool\x{AD}talkin\x{AD}high\x{AD}walkin\x{AD}fast\x{AD}livin\x{AD}ever\x{AD}givin\x{AD}cool\x{AD}fizzin\x{AD}lip\x{AD}" + hyphen string "-"
                text run at (2,20) width 672: "smackin\x{AD}thirst\x{AD}quenchin\x{AD}acetastin\x{AD}motivatin\x{AD}good\x{AD}buzzin\x{AD}cool\x{AD}talkin\x{AD}high\x{AD}walkin\x{AD}fast\x{AD}livin\x{AD}ever\x{AD}givin\x{AD}cool\x{AD}fizzin\x{AD}lip\x{AD}" + hyphen string "-"
                text run at (2,38) width 651: "smackin\x{AD}thirst\x{AD}quenchin\x{AD}acetastin\x{AD}motivatin\x{AD}good\x{AD}buzzin\x{AD}cool\x{AD}talkin\x{AD}high\x{AD}walkin\x{AD}fast\x{AD}livin\x{AD}ever\x{AD}givin\x{AD}cool\x{AD}fizzin"
          RenderTableRow {TR} at (0,62) size 784x22
            RenderTableCell {TH} at (2,62) size 54x22 [bgcolor=#F8F8F8] [border: (1px solid #EEEEEE)] [r=1 c=0 rs=1 cs=1]
              RenderText {#text} at (19,2) size 16x17
                text run at (19,2) width 16: "cy"
            RenderTableCell {TD} at (58,62) size 724x22 [border: (1px solid #EEEEEE)] [r=1 c=1 rs=1 cs=1]
              RenderText {#text} at (2,2) size 28x17
                text run at (2,2) width 28: "\x{174}yl"
          RenderTableRow {TR} at (0,86) size 784x22
            RenderTableCell {TH} at (2,86) size 54x22 [bgcolor=#F8F8F8] [border: (1px solid #EEEEEE)] [r=2 c=0 rs=1 cs=1]
              RenderText {#text} at (21,2) size 12x17
                text run at (21,2) width 12: "el"
            RenderTableCell {TD} at (58,86) size 724x22 [border: (1px solid #EEEEEE)] [r=2 c=1 rs=1 cs=1]
              RenderText {#text} at (2,2) size 212x17
                text run at (2,2) width 212: "\x{393}\x{3B5}\x{3C9}\x{3B3}\x{3C1}\x{3B1}\x{3C6}\x{3B9}\x{3BA}\x{3AC}\x{2010}\x{3A3}\x{3C5}\x{3C3}\x{3C7}\x{3B5}\x{3C4}\x{3B9}\x{3C3}\x{3BC}\x{3AD}\x{3BD}\x{3B5}\x{3C2} \x{389}\x{3C4}\x{3B1}"
          RenderTableRow {TR} at (0,110) size 784x58
            RenderTableCell {TH} at (2,128) size 54x22 [bgcolor=#F8F8F8] [border: (1px solid #EEEEEE)] [r=3 c=0 rs=1 cs=1]
              RenderText {#text} at (18,2) size 18x17
                text run at (18,2) width 18: "en"
            RenderTableCell {TD} at (58,110) size 724x58 [border: (1px solid #EEEEEE)] [r=3 c=1 rs=1 cs=1]
              RenderText {#text} at (2,2) size 473x17
                text run at (2,2) width 473: "'Cept Nut'in Safari\x{2019}s \x{2018}Sure\x{2019} Na\x{EF}ve R\x{E9}sum\x{E9}\x{2014}H\x{E1}\x{10D}ek Full\x{2010}time One-to-One"
              RenderBR {BR} at (474,15) size 1x0
              RenderText {#text} at (2,20) size 332x17
                text run at (2,20) width 332: "\"Newcastle-upon-Tyne\" Washington\x{2011}on\x{2011}the\x{2011}Brazos"
              RenderBR {BR} at (333,33) size 1x0
              RenderText {#text} at (2,38) size 369x17
                text run at (2,38) width 369: "Earthquake Earthworm Cheeseburger [House] ~Six -Big-"
          RenderTableRow {TR} at (0,170) size 784x22
            RenderTableCell {TH} at (2,170) size 54x22 [bgcolor=#F8F8F8] [border: (1px solid #EEEEEE)] [r=4 c=0 rs=1 cs=1]
              RenderText {#text} at (20,2) size 14x17
                text run at (20,2) width 14: "es"
            RenderTableCell {TD} at (58,170) size 724x22 [border: (1px solid #EEEEEE)] [r=4 c=1 rs=1 cs=1]
              RenderText {#text} at (2,2) size 67x17
                text run at (2,2) width 67: "\x{A1}Jalape\x{F1}o!"
          RenderTableRow {TR} at (0,194) size 784x26
            RenderTableCell {TH} at (2,196) size 54x22 [bgcolor=#F8F8F8] [border: (1px solid #EEEEEE)] [r=5 c=0 rs=1 cs=1]
              RenderText {#text} at (20,2) size 14x17
                text run at (20,2) width 14: "fr"
            RenderTableCell {TD} at (58,194) size 724x26 [border: (1px solid #EEEEEE)] [r=5 c=1 rs=1 cs=1]
              RenderText {#text} at (2,6) size 229x17
                text run at (2,6) width 229: "Quelqu'un l\x{2019}Amour t'Appelles\x{2011}Tu 3"
              RenderInline {SUP} at (0,0) size 24x15
                RenderText {#text} at (230,2) size 24x15
                  text run at (230,2) width 24: "eme"
          RenderTableRow {TR} at (0,222) size 784x22
            RenderTableCell {TH} at (2,222) size 54x22 [bgcolor=#F8F8F8] [border: (1px solid #EEEEEE)] [r=6 c=0 rs=1 cs=1]
              RenderText {#text} at (18,2) size 18x17
                text run at (18,2) width 18: "hu"
            RenderTableCell {TD} at (58,222) size 724x22 [border: (1px solid #EEEEEE)] [r=6 c=1 rs=1 cs=1]
              RenderText {#text} at (2,2) size 115x17
                text run at (2,2) width 115: "11-ei London\x{2011}ban"
          RenderTableRow {TR} at (0,246) size 784x22
            RenderTableCell {TH} at (2,246) size 54x22 [bgcolor=#F8F8F8] [border: (1px solid #EEEEEE)] [r=7 c=0 rs=1 cs=1]
              RenderText {#text} at (20,2) size 14x17
                text run at (20,2) width 14: "nl"
            RenderTableCell {TD} at (58,246) size 724x22 [border: (1px solid #EEEEEE)] [r=7 c=1 rs=1 cs=1]
              RenderText {#text} at (2,2) size 74x17
                text run at (2,2) width 74: "'s Ochtends"
          RenderTableRow {TR} at (0,270) size 784x22
            RenderTableCell {TH} at (2,270) size 54x22 [bgcolor=#F8F8F8] [border: (1px solid #EEEEEE)] [r=8 c=0 rs=1 cs=1]
              RenderText {#text} at (20,2) size 14x17
                text run at (20,2) width 14: "pl"
            RenderTableCell {TD} at (58,270) size 724x22 [border: (1px solid #EEEEEE)] [r=8 c=1 rs=1 cs=1]
              RenderText {#text} at (2,2) size 101x17
                text run at (2,2) width 101: "Wzi\x{119}\x{142}a Bie\x{17C}\x{105}ce"
          RenderTableRow {TR} at (0,294) size 784x22
            RenderTableCell {TH} at (2,294) size 54x22 [bgcolor=#F8F8F8] [border: (1px solid #EEEEEE)] [r=9 c=0 rs=1 cs=1]
              RenderText {#text} at (18,2) size 18x17
                text run at (18,2) width 18: "ru"
            RenderTableCell {TD} at (58,294) size 724x22 [border: (1px solid #EEEEEE)] [r=9 c=1 rs=1 cs=1]
              RenderText {#text} at (2,2) size 201x17
                text run at (2,2) width 201: "\x{41D}\x{44C}\x{44E}-\x{419}\x{43E}\x{440}\x{43A} 1990-\x{445} 14-vii-1789"
          RenderTableRow {TR} at (0,318) size 784x22
            RenderTableCell {TH} at (2,318) size 54x22 [bgcolor=#F8F8F8] [border: (1px solid #EEEEEE)] [r=10 c=0 rs=1 cs=1]
              RenderText {#text} at (17,2) size 20x17
                text run at (17,2) width 20: "tlh"
            RenderTableCell {TD} at (58,318) size 724x22 [border: (1px solid #EEEEEE)] [r=10 c=1 rs=1 cs=1]
              RenderText {#text} at (2,2) size 189x17
                text run at (2,2) width 189: "tlhIngan Hol wa''uy' loghqam"
      RenderTable {TABLE} at (0,810) size 784x360
        RenderBlock {CAPTION} at (0,0) size 784x18
          RenderText {#text} at (332,0) size 120x17
            text run at (332,0) width 120: "Browser rendering"
        RenderTableSection {TBODY} at (0,18) size 784x342
          RenderTableRow {TR} at (0,2) size 784x58
            RenderTableCell {TH} at (2,20) size 54x22 [bgcolor=#F8F8F8] [border: (1px solid #EEEEEE)] [r=0 c=0 rs=1 cs=1]
              RenderText {#text} at (2,2) size 50x17
                text run at (2,2) width 50: "generic"
            RenderTableCell {TD} at (58,2) size 724x58 [border: (1px solid #EEEEEE)] [r=0 c=1 rs=1 cs=1]
              RenderText {#text} at (2,2) size 695x53
                text run at (2,2) width 695: "Lip\x{AD}smackin\x{AD}thirst\x{AD}quenchin\x{AD}acetastin\x{AD}motivatin\x{AD}good\x{AD}buzzin\x{AD}cool\x{AD}talkin\x{AD}high\x{AD}walkin\x{AD}fast\x{AD}livin\x{AD}ever\x{AD}givin\x{AD}cool\x{AD}fizzin\x{AD}lip\x{AD}" + hyphen string "-"
                text run at (2,20) width 672: "smackin\x{AD}thirst\x{AD}quenchin\x{AD}acetastin\x{AD}motivatin\x{AD}good\x{AD}buzzin\x{AD}cool\x{AD}talkin\x{AD}high\x{AD}walkin\x{AD}fast\x{AD}livin\x{AD}ever\x{AD}givin\x{AD}cool\x{AD}fizzin\x{AD}lip\x{AD}" + hyphen string "-"
                text run at (2,38) width 651: "smackin\x{AD}thirst\x{AD}quenchin\x{AD}acetastin\x{AD}motivatin\x{AD}good\x{AD}buzzin\x{AD}cool\x{AD}talkin\x{AD}high\x{AD}walkin\x{AD}fast\x{AD}livin\x{AD}ever\x{AD}givin\x{AD}cool\x{AD}fizzin"
          RenderTableRow {TR} at (0,62) size 784x22
            RenderTableCell {TH} at (2,62) size 54x22 [bgcolor=#F8F8F8] [border: (1px solid #EEEEEE)] [r=1 c=0 rs=1 cs=1]
              RenderText {#text} at (19,2) size 16x17
                text run at (19,2) width 16: "cy"
            RenderTableCell {TD} at (58,62) size 724x22 [border: (1px solid #EEEEEE)] [r=1 c=1 rs=1 cs=1]
              RenderText {#text} at (2,2) size 28x17
                text run at (2,2) width 28: "\x{174}yl"
          RenderTableRow {TR} at (0,86) size 784x22
            RenderTableCell {TH} at (2,86) size 54x22 [bgcolor=#F8F8F8] [border: (1px solid #EEEEEE)] [r=2 c=0 rs=1 cs=1]
              RenderText {#text} at (21,2) size 12x17
                text run at (21,2) width 12: "el"
            RenderTableCell {TD} at (58,86) size 724x22 [border: (1px solid #EEEEEE)] [r=2 c=1 rs=1 cs=1]
              RenderText {#text} at (2,2) size 212x17
                text run at (2,2) width 212: "\x{393}\x{3B5}\x{3C9}\x{3B3}\x{3C1}\x{3B1}\x{3C6}\x{3B9}\x{3BA}\x{3AC}\x{2010}\x{3A3}\x{3C5}\x{3C3}\x{3C7}\x{3B5}\x{3C4}\x{3B9}\x{3C3}\x{3BC}\x{3AD}\x{3BD}\x{3B5}\x{3C2} \x{389}\x{3C4}\x{3B1}"
          RenderTableRow {TR} at (0,110) size 784x58
            RenderTableCell {TH} at (2,128) size 54x22 [bgcolor=#F8F8F8] [border: (1px solid #EEEEEE)] [r=3 c=0 rs=1 cs=1]
              RenderText {#text} at (18,2) size 18x17
                text run at (18,2) width 18: "en"
            RenderTableCell {TD} at (58,110) size 724x58 [border: (1px solid #EEEEEE)] [r=3 c=1 rs=1 cs=1]
              RenderText {#text} at (2,2) size 484x17
                text run at (2,2) width 484: "'Cept Nut'in Safari\x{2019}s \x{2018}Sure\x{2019} Nai\x{308}ve R\x{E9}sum\x{E9}\x{2014}H\x{E1}c\x{30C}ek Full\x{2010}Time One-To-One"
              RenderBR {BR} at (485,15) size 1x0
              RenderText {#text} at (2,20) size 344x17
                text run at (2,20) width 344: "\"Newcastle\x{2011}Upon\x{2011}Tyne\" Washington\x{2011}On\x{2011}The\x{2011}Brazos"
              RenderBR {BR} at (345,33) size 1x0
              RenderInline {SPAN} at (0,0) size 35x17
                RenderText {#text} at (2,38) size 35x17
                  text run at (2,38) width 35: "Earth"
              RenderText {#text} at (36,38) size 78x17
                text run at (36,38) width 78: "quake Earth"
              RenderInline {SPAN} at (0,0) size 38x17
                RenderText {#text} at (113,38) size 38x17
                  text run at (113,38) width 38: "worm"
              RenderText {#text} at (150,38) size 5x17
                text run at (150,38) width 5: " "
              RenderInline {SPAN} at (0,0) size 48x17
                RenderText {#text} at (154,38) size 48x17
                  text run at (154,38) width 48: "Cheese"
              RenderInline {SPAN} at (0,0) size 42x17
                RenderText {#text} at (201,38) size 42x17
                  text run at (201,38) width 42: "burger"
              RenderText {#text} at (242,38) size 129x17
                text run at (242,38) width 129: " [House] ~Six -Big-"
          RenderTableRow {TR} at (0,170) size 784x22
            RenderTableCell {TH} at (2,170) size 54x22 [bgcolor=#F8F8F8] [border: (1px solid #EEEEEE)] [r=4 c=0 rs=1 cs=1]
              RenderText {#text} at (20,2) size 14x17
                text run at (20,2) width 14: "es"
            RenderTableCell {TD} at (58,170) size 724x22 [border: (1px solid #EEEEEE)] [r=4 c=1 rs=1 cs=1]
              RenderText {#text} at (2,2) size 67x17
                text run at (2,2) width 67: "\x{A1}Jalape\x{F1}o!"
          RenderTableRow {TR} at (0,194) size 784x26
            RenderTableCell {TH} at (2,196) size 54x22 [bgcolor=#F8F8F8] [border: (1px solid #EEEEEE)] [r=5 c=0 rs=1 cs=1]
              RenderText {#text} at (20,2) size 14x17
                text run at (20,2) width 14: "fr"
            RenderTableCell {TD} at (58,194) size 724x26 [border: (1px solid #EEEEEE)] [r=5 c=1 rs=1 cs=1]
              RenderText {#text} at (2,6) size 230x17
                text run at (2,6) width 230: "Quelqu'un L\x{2019}amour T'appelles\x{2011}Tu 3"
              RenderInline {SUP} at (0,0) size 25x15
                RenderText {#text} at (231,2) size 25x15
                  text run at (231,2) width 25: "eme"
          RenderTableRow {TR} at (0,222) size 784x22
            RenderTableCell {TH} at (2,222) size 54x22 [bgcolor=#F8F8F8] [border: (1px solid #EEEEEE)] [r=6 c=0 rs=1 cs=1]
              RenderText {#text} at (18,2) size 18x17
                text run at (18,2) width 18: "hu"
            RenderTableCell {TD} at (58,222) size 724x22 [border: (1px solid #EEEEEE)] [r=6 c=1 rs=1 cs=1]
              RenderText {#text} at (2,2) size 121x17
                text run at (2,2) width 121: "11-Ei London\x{2011}Ban"
          RenderTableRow {TR} at (0,246) size 784x22
            RenderTableCell {TH} at (2,246) size 54x22 [bgcolor=#F8F8F8] [border: (1px solid #EEEEEE)] [r=7 c=0 rs=1 cs=1]
              RenderText {#text} at (20,2) size 14x17
                text run at (20,2) width 14: "nl"
            RenderTableCell {TD} at (58,246) size 724x22 [border: (1px solid #EEEEEE)] [r=7 c=1 rs=1 cs=1]
              RenderText {#text} at (2,2) size 77x17
                text run at (2,2) width 77: "'S Ochtends"
          RenderTableRow {TR} at (0,270) size 784x22
            RenderTableCell {TH} at (2,270) size 54x22 [bgcolor=#F8F8F8] [border: (1px solid #EEEEEE)] [r=8 c=0 rs=1 cs=1]
              RenderText {#text} at (20,2) size 14x17
                text run at (20,2) width 14: "pl"
            RenderTableCell {TD} at (58,270) size 724x22 [border: (1px solid #EEEEEE)] [r=8 c=1 rs=1 cs=1]
              RenderText {#text} at (2,2) size 101x17
                text run at (2,2) width 101: "Wzi\x{119}\x{142}a Bie\x{17C}\x{105}ce"
          RenderTableRow {TR} at (0,294) size 784x22
            RenderTableCell {TH} at (2,294) size 54x22 [bgcolor=#F8F8F8] [border: (1px solid #EEEEEE)] [r=9 c=0 rs=1 cs=1]
              RenderText {#text} at (18,2) size 18x17
                text run at (18,2) width 18: "ru"
            RenderTableCell {TD} at (58,294) size 724x22 [border: (1px solid #EEEEEE)] [r=9 c=1 rs=1 cs=1]
              RenderText {#text} at (2,2) size 208x17
                text run at (2,2) width 208: "\x{41D}\x{44C}\x{44E}-\x{419}\x{43E}\x{440}\x{43A} 1990-\x{425} 14-Vii-1789"
          RenderTableRow {TR} at (0,318) size 784x22
            RenderTableCell {TH} at (2,318) size 54x22 [bgcolor=#F8F8F8] [border: (1px solid #EEEEEE)] [r=10 c=0 rs=1 cs=1]
              RenderText {#text} at (17,2) size 20x17
                text run at (17,2) width 20: "tlh"
            RenderTableCell {TD} at (58,318) size 724x22 [border: (1px solid #EEEEEE)] [r=10 c=1 rs=1 cs=1]
              RenderText {#text} at (2,2) size 207x17
                text run at (2,2) width 207: "TlhIngan Hol Wa''Uy' Loghqam"
