layer at (0,0) size 800x600
  RenderView at (0,0) size 800x600
layer at (0,0) size 800x368
  RenderBlock {HTML} at (0,0) size 800x368
    RenderBody {BODY} at (8,8) size 784x352
      RenderBlock {DIV} at (0,0) size 784x176
        RenderBlock {P} at (4,0) size 776x26
          RenderInline {SPAN} at (0,0) size 234x27 [border: (1px solid #FF0000)]
            RenderText {#text} at (1,0) size 232x25
              text run at (1,0) width 232: "mmm mmm mmm mmm"
          RenderText {#text} at (0,0) size 0x0
        RenderBlock {P} at (4,30) size 776x26
          RenderInline {SPAN} at (0,0) size 235x27 [border: (1px solid #FF0000)]
            RenderText {#text} at (1,0) size 233x25
              text run at (1,0) width 233: "mmm mmm\x{300} mmm mmm"
          RenderText {#text} at (0,0) size 0x0
        RenderBlock {P} at (4,60) size 776x26
          RenderInline {SPAN} at (0,0) size 233x25
            RenderText {#text} at (0,0) size 233x25
              text run at (0,0) width 233: "mmm mmm\x{300} mmm mmm"
          RenderText {#text} at (232,0) size 238x25
            text run at (232,0) width 238: " mmm mmm mmm mmm"
        RenderBlock {P} at (4,90) size 776x26
          RenderInline {SPAN} at (0,0) size 352x25
            RenderText {#text} at (0,0) size 352x25
              text run at (0,0) width 352: "mmm mmm\x{300} mmm mmm mmm mmm"
          RenderText {#text} at (351,0) size 119x25
            text run at (351,0) width 119: " mmm mmm"
        RenderBlock {P} at (4,120) size 776x26
          RenderInline {SPAN} at (0,0) size 232x25
            RenderText {#text} at (0,0) size 232x25
              text run at (0,0) width 232: "mmm mmm mmm mmm"
          RenderText {#text} at (231,0) size 239x25
            text run at (231,0) width 239: " mmm mmm mmm mmm"
        RenderBlock {P} at (4,150) size 776x26
          RenderInline {SPAN} at (0,0) size 351x25
            RenderText {#text} at (0,0) size 351x25
              text run at (0,0) width 351: "mmm mmm mmm mmm mmm mmm"
          RenderText {#text} at (350,0) size 120x25
            text run at (350,0) width 120: " mmm mmm"
      RenderBlock {HR} at (0,184) size 784x2 [border: (1px inset #000000)]
      RenderBlock {DIV} at (0,194) size 784x158
        RenderBlock {P} at (4,0) size 776x23
          RenderInline {SPAN} at (0,0) size 219x24 [border: (1px solid #008000)]
            RenderText {#text} at (1,0) size 217x22
              text run at (1,0) width 217: "mmm mmm mmm mmm"
          RenderText {#text} at (0,0) size 0x0
        RenderBlock {P} at (4,27) size 776x23
          RenderInline {SPAN} at (0,0) size 219x24 [border: (1px solid #008000)]
            RenderText {#text} at (1,0) size 217x22
              text run at (1,0) width 217: "mmm mmm\x{300} mmm mmm"
          RenderText {#text} at (0,0) size 0x0
        RenderBlock {P} at (4,54) size 776x23
          RenderInline {SPAN} at (0,0) size 217x22
            RenderText {#text} at (0,0) size 217x22
              text run at (0,0) width 217: "mmm mmm\x{300} mmm mmm"
          RenderText {#text} at (216,0) size 223x22
            text run at (216,0) width 223: " mmm mmm mmm mmm"
        RenderBlock {P} at (4,81) size 776x23
          RenderInline {SPAN} at (0,0) size 328x22
            RenderText {#text} at (0,0) size 328x22
              text run at (0,0) width 328: "mmm mmm\x{300} mmm mmm mmm mmm"
          RenderText {#text} at (327,0) size 112x22
            text run at (327,0) width 112: " mmm mmm"
        RenderBlock {P} at (4,108) size 776x23
          RenderInline {SPAN} at (0,0) size 217x22
            RenderText {#text} at (0,0) size 217x22
              text run at (0,0) width 217: "mmm mmm mmm mmm"
          RenderText {#text} at (216,0) size 223x22
            text run at (216,0) width 223: " mmm mmm mmm mmm"
        RenderBlock {P} at (4,135) size 776x23
          RenderInline {SPAN} at (0,0) size 328x22
            RenderText {#text} at (0,0) size 328x22
              text run at (0,0) width 328: "mmm mmm mmm mmm mmm mmm"
          RenderText {#text} at (327,0) size 112x22
            text run at (327,0) width 112: " mmm mmm"
