layer at (0,0) size 800x600
  RenderView at (0,0) size 800x600
layer at (0,0) size 800x600
  RenderBlock {HTML} at (0,0) size 800x600
    RenderBody {BODY} at (8,8) size 784x584
layer at (8,8) size 64x240
  RenderBlock (floating) {DIV} at (0,0) size 64x240
    RenderText {#text} at (0,0) size 64x16
      text run at (0,0) width 64: "    "
    RenderBR {BR} at (64,12) size 0x0
    RenderText {#text} at (0,16) size 64x16
      text run at (0,16) width 64: "    "
    RenderBR {BR} at (64,28) size 0x0
    RenderText {#text} at (0,32) size 64x16
      text run at (0,32) width 64: "    "
    RenderBR {BR} at (64,44) size 0x0
    RenderText {#text} at (0,48) size 64x16
      text run at (0,48) width 64: "    "
    RenderBR {BR} at (64,60) size 0x0
    RenderText {#text} at (0,64) size 64x16
      text run at (0,64) width 64: "    "
    RenderBR {BR} at (64,76) size 0x0
    RenderText {#text} at (0,80) size 64x16
      text run at (0,80) width 64: "    "
    RenderBR {BR} at (64,92) size 0x0
    RenderText {#text} at (0,96) size 64x16
      text run at (0,96) width 64: "    "
    RenderBR {BR} at (64,108) size 0x0
    RenderText {#text} at (0,112) size 64x16
      text run at (0,112) width 64: "    "
    RenderBR {BR} at (64,124) size 0x0
    RenderText {#text} at (0,128) size 64x16
      text run at (0,128) width 64: "    "
    RenderBR {BR} at (64,140) size 0x0
    RenderText {#text} at (0,144) size 64x16
      text run at (0,144) width 64: "    "
    RenderBR {BR} at (64,156) size 0x0
    RenderText {#text} at (0,160) size 64x16
      text run at (0,160) width 64: "    "
    RenderBR {BR} at (64,172) size 0x0
    RenderText {#text} at (0,176) size 64x16
      text run at (0,176) width 64: "    "
    RenderBR {BR} at (64,188) size 0x0
    RenderText {#text} at (0,192) size 64x16
      text run at (0,192) width 64: "    "
    RenderBR {BR} at (64,204) size 0x0
    RenderText {#text} at (0,208) size 64x16
      text run at (0,208) width 64: "    "
    RenderBR {BR} at (64,220) size 0x0
    RenderText {#text} at (0,224) size 64x16
      text run at (0,224) width 64: "    "
    RenderBR {BR} at (64,236) size 0x0
layer at (87,8) size 64x240
  RenderBlock (floating) {DIV} at (79,0) size 64x240
    RenderText {#text} at (0,0) size 64x16
      text run at (0,0) width 64: "    "
    RenderBR {BR} at (64,12) size 0x0
    RenderText {#text} at (0,16) size 64x16
      text run at (0,16) width 64: "    "
    RenderBR {BR} at (64,28) size 0x0
    RenderText {#text} at (0,32) size 64x16
      text run at (0,32) width 64: "    "
    RenderBR {BR} at (64,44) size 0x0
    RenderText {#text} at (0,48) size 64x16
      text run at (0,48) width 64: "    "
    RenderBR {BR} at (64,60) size 0x0
    RenderText {#text} at (0,64) size 64x16
      text run at (0,64) width 64: "    "
    RenderBR {BR} at (64,76) size 0x0
    RenderText {#text} at (0,80) size 64x16
      text run at (0,80) width 64: "    "
    RenderBR {BR} at (64,92) size 0x0
    RenderText {#text} at (0,96) size 64x16
      text run at (0,96) width 64: "    "
    RenderBR {BR} at (64,108) size 0x0
    RenderText {#text} at (0,112) size 64x16
      text run at (0,112) width 64: "    "
    RenderBR {BR} at (64,124) size 0x0
    RenderText {#text} at (0,128) size 64x16
      text run at (0,128) width 64: "    "
    RenderBR {BR} at (64,140) size 0x0
    RenderText {#text} at (0,144) size 64x16
      text run at (0,144) width 64: "    "
    RenderBR {BR} at (64,156) size 0x0
    RenderText {#text} at (0,160) size 64x16
      text run at (0,160) width 64: "    "
    RenderBR {BR} at (64,172) size 0x0
    RenderText {#text} at (0,176) size 64x16
      text run at (0,176) width 64: "    "
    RenderBR {BR} at (64,188) size 0x0
    RenderText {#text} at (0,192) size 64x16
      text run at (0,192) width 64: "    "
    RenderBR {BR} at (64,204) size 0x0
    RenderText {#text} at (0,208) size 64x16
      text run at (0,208) width 64: "    "
    RenderBR {BR} at (64,220) size 0x0
    RenderText {#text} at (0,224) size 64x16
      text run at (0,224) width 64: "    "
    RenderBR {BR} at (64,236) size 0x0
layer at (171,8) size 64x240
  RenderBlock (floating) {DIV} at (163,0) size 64x240
    RenderText {#text} at (0,0) size 64x16
      text run at (0,0) width 64: "    "
    RenderBR {BR} at (64,12) size 0x0
    RenderText {#text} at (0,16) size 64x16
      text run at (0,16) width 64: "    "
    RenderBR {BR} at (64,28) size 0x0
    RenderText {#text} at (0,32) size 64x16
      text run at (0,32) width 64: "    "
    RenderBR {BR} at (64,44) size 0x0
    RenderText {#text} at (0,48) size 64x16
      text run at (0,48) width 64: "    "
    RenderBR {BR} at (64,60) size 0x0
    RenderText {#text} at (0,64) size 64x16
      text run at (0,64) width 64: "    "
    RenderBR {BR} at (64,76) size 0x0
    RenderText {#text} at (0,80) size 64x16
      text run at (0,80) width 64: "    "
    RenderBR {BR} at (64,92) size 0x0
    RenderText {#text} at (0,96) size 64x16
      text run at (0,96) width 64: "    "
    RenderBR {BR} at (64,108) size 0x0
    RenderText {#text} at (0,112) size 64x16
      text run at (0,112) width 64: "    "
    RenderBR {BR} at (64,124) size 0x0
    RenderText {#text} at (0,128) size 64x16
      text run at (0,128) width 64: "    "
    RenderBR {BR} at (64,140) size 0x0
    RenderText {#text} at (0,144) size 64x16
      text run at (0,144) width 64: "    "
    RenderBR {BR} at (64,156) size 0x0
    RenderText {#text} at (0,160) size 64x16
      text run at (0,160) width 64: "    "
    RenderBR {BR} at (64,172) size 0x0
    RenderText {#text} at (0,176) size 64x16
      text run at (0,176) width 64: "    "
    RenderBR {BR} at (64,188) size 0x0
    RenderText {#text} at (0,192) size 64x16
      text run at (0,192) width 64: "    "
    RenderBR {BR} at (64,204) size 0x0
    RenderText {#text} at (0,208) size 64x16
      text run at (0,208) width 64: "    "
    RenderBR {BR} at (64,220) size 0x0
    RenderText {#text} at (0,224) size 64x16
      text run at (0,224) width 64: "    "
    RenderBR {BR} at (64,236) size 0x0
layer at (257,8) size 64x240
  RenderBlock (floating) {DIV} at (249,0) size 64x240
    RenderText {#text} at (0,0) size 64x16
      text run at (0,0) width 64: "    "
    RenderBR {BR} at (64,12) size 0x0
    RenderText {#text} at (0,16) size 64x16
      text run at (0,16) width 64: "    "
    RenderBR {BR} at (64,28) size 0x0
    RenderText {#text} at (0,32) size 64x16
      text run at (0,32) width 64: "    "
    RenderBR {BR} at (64,44) size 0x0
    RenderText {#text} at (0,48) size 64x16
      text run at (0,48) width 64: "    "
    RenderBR {BR} at (64,60) size 0x0
    RenderText {#text} at (0,64) size 64x16
      text run at (0,64) width 64: "    "
    RenderBR {BR} at (64,76) size 0x0
    RenderText {#text} at (0,80) size 64x16
      text run at (0,80) width 64: "    "
    RenderBR {BR} at (64,92) size 0x0
    RenderText {#text} at (0,96) size 64x16
      text run at (0,96) width 64: "    "
    RenderBR {BR} at (64,108) size 0x0
    RenderText {#text} at (0,112) size 64x16
      text run at (0,112) width 64: "    "
    RenderBR {BR} at (64,124) size 0x0
    RenderText {#text} at (0,128) size 64x16
      text run at (0,128) width 64: "    "
    RenderBR {BR} at (64,140) size 0x0
    RenderText {#text} at (0,144) size 64x16
      text run at (0,144) width 64: "    "
    RenderBR {BR} at (64,156) size 0x0
    RenderText {#text} at (0,160) size 64x16
      text run at (0,160) width 64: "    "
    RenderBR {BR} at (64,172) size 0x0
    RenderText {#text} at (0,176) size 64x16
      text run at (0,176) width 64: "    "
    RenderBR {BR} at (64,188) size 0x0
    RenderText {#text} at (0,192) size 64x16
      text run at (0,192) width 64: "    "
    RenderBR {BR} at (64,204) size 0x0
    RenderText {#text} at (0,208) size 64x16
      text run at (0,208) width 64: "    "
    RenderBR {BR} at (64,220) size 0x0
    RenderText {#text} at (0,224) size 64x16
      text run at (0,224) width 64: "    "
    RenderBR {BR} at (64,236) size 0x0
layer at (351,8) size 64x240
  RenderBlock (floating) {DIV} at (343,0) size 64x240
    RenderText {#text} at (0,0) size 64x16
      text run at (0,0) width 64: "    "
    RenderBR {BR} at (64,12) size 0x0
    RenderText {#text} at (0,16) size 64x16
      text run at (0,16) width 64: "    "
    RenderBR {BR} at (64,28) size 0x0
    RenderText {#text} at (0,32) size 64x16
      text run at (0,32) width 64: "    "
    RenderBR {BR} at (64,44) size 0x0
    RenderText {#text} at (0,48) size 64x16
      text run at (0,48) width 64: "    "
    RenderBR {BR} at (64,60) size 0x0
    RenderText {#text} at (0,64) size 64x16
      text run at (0,64) width 64: "    "
    RenderBR {BR} at (64,76) size 0x0
    RenderText {#text} at (0,80) size 64x16
      text run at (0,80) width 64: "    "
    RenderBR {BR} at (64,92) size 0x0
    RenderText {#text} at (0,96) size 64x16
      text run at (0,96) width 64: "    "
    RenderBR {BR} at (64,108) size 0x0
    RenderText {#text} at (0,112) size 64x16
      text run at (0,112) width 64: "    "
    RenderBR {BR} at (64,124) size 0x0
    RenderText {#text} at (0,128) size 64x16
      text run at (0,128) width 64: "    "
    RenderBR {BR} at (64,140) size 0x0
    RenderText {#text} at (0,144) size 64x16
      text run at (0,144) width 64: "    "
    RenderBR {BR} at (64,156) size 0x0
    RenderText {#text} at (0,160) size 64x16
      text run at (0,160) width 64: "    "
    RenderBR {BR} at (64,172) size 0x0
    RenderText {#text} at (0,176) size 64x16
      text run at (0,176) width 64: "    "
    RenderBR {BR} at (64,188) size 0x0
    RenderText {#text} at (0,192) size 64x16
      text run at (0,192) width 64: "    "
    RenderBR {BR} at (64,204) size 0x0
    RenderText {#text} at (0,208) size 64x16
      text run at (0,208) width 64: "    "
    RenderBR {BR} at (64,220) size 0x0
    RenderText {#text} at (0,224) size 64x16
      text run at (0,224) width 64: "    "
    RenderBR {BR} at (64,236) size 0x0
layer at (460,8) size 64x240
  RenderBlock (floating) {DIV} at (452,0) size 64x240
    RenderText {#text} at (0,0) size 64x16
      text run at (0,0) width 64: "    "
    RenderBR {BR} at (64,12) size 0x0
    RenderText {#text} at (0,16) size 64x16
      text run at (0,16) width 64: "    "
    RenderBR {BR} at (64,28) size 0x0
    RenderText {#text} at (0,32) size 64x16
      text run at (0,32) width 64: "    "
    RenderBR {BR} at (64,44) size 0x0
    RenderText {#text} at (0,48) size 64x16
      text run at (0,48) width 64: "    "
    RenderBR {BR} at (64,60) size 0x0
    RenderText {#text} at (0,64) size 64x16
      text run at (0,64) width 64: "    "
    RenderBR {BR} at (64,76) size 0x0
    RenderText {#text} at (0,80) size 64x16
      text run at (0,80) width 64: "    "
    RenderBR {BR} at (64,92) size 0x0
    RenderText {#text} at (0,96) size 64x16
      text run at (0,96) width 64: "    "
    RenderBR {BR} at (64,108) size 0x0
    RenderText {#text} at (0,112) size 64x16
      text run at (0,112) width 64: "    "
    RenderBR {BR} at (64,124) size 0x0
    RenderText {#text} at (0,128) size 64x16
      text run at (0,128) width 64: "    "
    RenderBR {BR} at (64,140) size 0x0
    RenderText {#text} at (0,144) size 64x16
      text run at (0,144) width 64: "    "
    RenderBR {BR} at (64,156) size 0x0
    RenderText {#text} at (0,160) size 64x16
      text run at (0,160) width 64: "    "
    RenderBR {BR} at (64,172) size 0x0
    RenderText {#text} at (0,176) size 64x16
      text run at (0,176) width 64: "    "
    RenderBR {BR} at (64,188) size 0x0
    RenderText {#text} at (0,192) size 64x16
      text run at (0,192) width 64: "    "
    RenderBR {BR} at (64,204) size 0x0
    RenderText {#text} at (0,208) size 64x16
      text run at (0,208) width 64: "    "
    RenderBR {BR} at (64,220) size 0x0
    RenderText {#text} at (0,224) size 64x16
      text run at (0,224) width 64: "    "
    RenderBR {BR} at (64,236) size 0x0
layer at (579,8) size 64x240
  RenderBlock (floating) {DIV} at (571,0) size 64x240
    RenderText {#text} at (0,0) size 64x16
      text run at (0,0) width 64: "    "
    RenderBR {BR} at (64,12) size 0x0
    RenderText {#text} at (0,16) size 64x16
      text run at (0,16) width 64: "    "
    RenderBR {BR} at (64,28) size 0x0
    RenderText {#text} at (0,32) size 64x16
      text run at (0,32) width 64: "    "
    RenderBR {BR} at (64,44) size 0x0
    RenderText {#text} at (0,48) size 64x16
      text run at (0,48) width 64: "    "
    RenderBR {BR} at (64,60) size 0x0
    RenderText {#text} at (0,64) size 64x16
      text run at (0,64) width 64: "    "
    RenderBR {BR} at (64,76) size 0x0
    RenderText {#text} at (0,80) size 64x16
      text run at (0,80) width 64: "    "
    RenderBR {BR} at (64,92) size 0x0
    RenderText {#text} at (0,96) size 64x16
      text run at (0,96) width 64: "    "
    RenderBR {BR} at (64,108) size 0x0
    RenderText {#text} at (0,112) size 64x16
      text run at (0,112) width 64: "    "
    RenderBR {BR} at (64,124) size 0x0
    RenderText {#text} at (0,128) size 64x16
      text run at (0,128) width 64: "    "
    RenderBR {BR} at (64,140) size 0x0
    RenderText {#text} at (0,144) size 64x16
      text run at (0,144) width 64: "    "
    RenderBR {BR} at (64,156) size 0x0
    RenderText {#text} at (0,160) size 64x16
      text run at (0,160) width 64: "    "
    RenderBR {BR} at (64,172) size 0x0
    RenderText {#text} at (0,176) size 64x16
      text run at (0,176) width 64: "    "
    RenderBR {BR} at (64,188) size 0x0
    RenderText {#text} at (0,192) size 64x16
      text run at (0,192) width 64: "    "
    RenderBR {BR} at (64,204) size 0x0
    RenderText {#text} at (0,208) size 64x16
      text run at (0,208) width 64: "    "
    RenderBR {BR} at (64,220) size 0x0
    RenderText {#text} at (0,224) size 64x16
      text run at (0,224) width 64: "    "
    RenderBR {BR} at (64,236) size 0x0
