layer at (0,0) size 932x8486
  RenderView at (0,0) size 800x600
layer at (0,0) size 800x8486
  RenderBlock {HTML} at (0,0) size 800x8486
    RenderBody {BODY} at (8,8) size 784x8465
      RenderBlock (anonymous) at (0,0) size 784x20
        RenderText {#text} at (0,0) size 659x19
          text run at (0,0) width 659: "The text below consists of composed characters. There shouldn't be any errors (e and ' visible separately)"
      RenderBlock {PRE} at (0,33) size 784x8432
        RenderText {#text} at (0,0) size 924x4032
          text run at (0,0) width 924: "e\x{301}e\x{301}e\x{301}e\x{301}e\x{301}e\x{301}e\x{301}e\x{301}e\x{301}e\x{301}e\x{301}e\x{301}e\x{301}e\x{301}e\x{301}e\x{301}e\x{301}e\x{301}e\x{301}e\x{301}e\x{301}e\x{301}e\x{301}e\x{301}e\x{301}e\x{301}e\x{301}e\x{301}e\x{301}e\x{301}e\x{301}e\x{301} e\x{301} e\x{301}e\x{301}e\x{301}e\x{301}e\x{301}e\x{301}e\x{301}e\x{301}e\x{301}e\x{301}e\x{301}e\x{301}e\x{301}e\x{301}e\x{301}e\x{301}e\x{301}e\x{301}e\x{301}e\x{301}e\x{301}e\x{301}e\x{301}e\x{301}e\x{301}e\x{301}e\x{301}e\x{301}e\x{301}e\x{301}e\x{301}e\x{301}e\x{301}e\x{301}e\x{301}e\x{301}e\x{301}e\x{301}e\x{301}e\x{301}e\x{301}e\x{301}e\x{301} e\x{301}e\x{301}e\x{301}e\x{301}e\x{301}e\x{301}e\x{301}e\x{301}e\x{301}e\x{301}e\x{301}e\x{301}e\x{301}e\x{301}e\x{301}e\x{301}e\x{301}e\x{301}e\x{301}e\x{301}e\x{301}e\x{301}e\x{301}e\x{301}e\x{301}e\x{301}e\x{301}e\x{301}e\x{301}e\x{301} e\x{301}e\x{301}e\x{301}e\x{301}e\x{301}e\x{301}e\x{301}e\x{301}e\x{301}e\x{301}e\x{301}e\x{301}e\x{301}e\x{301}e\x{301}e\x{301}e\x{301}e\x{301}e\x{301}e\x{301}e\x{301}e\x{301}"
          text run at (924,0) width 0: " "
          text run at (0,16) width 924: "e\x{301}e\x{301}e\x{301}e\x{301}e\x{301}e\x{301}e\x{301}e\x{301}e\x{301}e\x{301}e\x{301}e\x{301}e\x{301}e\x{301}e\x{301}e\x{301}e\x{301}e\x{301}e\x{301}e\x{301}e\x{301}e\x{301}e\x{301}e\x{301}e\x{301}e\x{301}e\x{301}e\x{301}e\x{301}e\x{301}e\x{301}e\x{301} e\x{301} e\x{301}e\x{301}e\x{301}e\x{301}e\x{301}e\x{301}e\x{301}e\x{301}e\x{301}e\x{301}e\x{301}e\x{301}e\x{301}e\x{301}e\x{301}e\x{301}e\x{301}e\x{301}e\x{301}e\x{301}e\x{301}e\x{301}e\x{301}e\x{301}e\x{301}e\x{301}e\x{301}e\x{301}e\x{301}e\x{301}e\x{301}e\x{301}e\x{301}e\x{301}e\x{301}e\x{301}e\x{301}e\x{301}e\x{301}e\x{301}e\x{301}e\x{301}e\x{301} e\x{301}e\x{301}e\x{301}e\x{301}e\x{301}e\x{301}e\x{301}e\x{301}e\x{301}e\x{301}e\x{301}e\x{301}e\x{301}e\x{301}e\x{301}e\x{301}e\x{301}e\x{301}e\x{301}e\x{301}e\x{301}e\x{301}e\x{301}e\x{301}e\x{301}e\x{301}e\x{301}e\x{301}e\x{301}e\x{301} e\x{301}e\x{301}e\x{301}e\x{301}e\x{301}e\x{301}e\x{301}e\x{301}e\x{301}e\x{301}e\x{301}e\x{301}e\x{301}e\x{301}e\x{301}e\x{301}e\x{301}e\x{301}e\x{301}e\x{301}e\x{301}e\x{301}"
          text run at (924,16) width 0: " "
          text run at (0,32) width 924: "e\x{301}e\x{301}e\x{301}e\x{301}e\x{301}e\x{301}e\x{301}e\x{301}e\x{301}e\x{301}e\x{301}e\x{301}e\x{301}e\x{301}e\x{301}e\x{301}e\x{301}e\x{301}e\x{301}e\x{301}e\x{301}e\x{301}e\x{301}e\x{301}e\x{301}e\x{301}e\x{301}e\x{301}e\x{301}e\x{301}e\x{301}e\x{301} e\x{301} e\x{301}e\x{301}e\x{301}e\x{301}e\x{301}e\x{301}e\x{301}e\x{301}e\x{301}e\x{301}e\x{301}e\x{301}e\x{301}e\x{301}e\x{301}e\x{301}e\x{301}e\x{301}e\x{301}e\x{301}e\x{301}e\x{301}e\x{301}e\x{301}e\x{301}e\x{301}e\x{301}e\x{301}e\x{301}e\x{301}e\x{301}e\x{301}e\x{301}e\x{301}e\x{301}e\x{301}e\x{301}e\x{301}e\x{301}e\x{301}e\x{301}e\x{301}e\x{301} e\x{301}e\x{301}e\x{301}e\x{301}e\x{301}e\x{301}e\x{301}e\x{301}e\x{301}e\x{301}e\x{301}e\x{301}e\x{301}e\x{301}e\x{301}e\x{301}e\x{301}e\x{301}e\x{301}e\x{301}e\x{301}e\x{301}e\x{301}e\x{301}e\x{301}e\x{301}e\x{301}e\x{301}e\x{301}e\x{301} e\x{301}e\x{301}e\x{301}e\x{301}e\x{301}e\x{301}e\x{301}e\x{301}e\x{301}e\x{301}e\x{301}e\x{301}e\x{301}e\x{301}e\x{301}e\x{301}e\x{301}e\x{301}e\x{301}e\x{301}e\x{301}e\x{301}"
          text run at (924,32) width 0: " "
          text run at (0,48) width 924: "e\x{301}e\x{301}e\x{301}e\x{301}e\x{301}e\x{301}e\x{301}e\x{301}e\x{301}e\x{301}e\x{301}e\x{301}e\x{301}e\x{301}e\x{301}e\x{301}e\x{301}e\x{301}e\x{301}e\x{301}e\x{301}e\x{301}e\x{301}e\x{301}e\x{301}e\x{301}e\x{301}e\x{301}e\x{301}e\x{301}e\x{301}e\x{301} e\x{301} e\x{301}e\x{301}e\x{301}e\x{301}e\x{301}e\x{301}e\x{301}e\x{301}e\x{301}e\x{301}e\x{301}e\x{301}e\x{301}e\x{301}e\x{301}e\x{301}e\x{301}e\x{301}e\x{301}e\x{301}e\x{301}e\x{301}e\x{301}e\x{301}e\x{301}e\x{301}e\x{301}e\x{301}e\x{301}e\x{301}e\x{301}e\x{301}e\x{301}e\x{301}e\x{301}e\x{301}e\x{301}e\x{301}e\x{301}e\x{301}e\x{301}e\x{301}e\x{301} e\x{301}e\x{301}e\x{301}e\x{301}e\x{301}e\x{301}e\x{301}e\x{301}e\x{301}e\x{301}e\x{301}e\x{301}e\x{301}e\x{301}e\x{301}e\x{301}e\x{301}e\x{301}e\x{301}e\x{301}e\x{301}e\x{301}e\x{301}e\x{301}e\x{301}e\x{301}e\x{301}e\x{301}e\x{301}e\x{301} e\x{301}e\x{301}e\x{301}e\x{301}e\x{301}e\x{301}e\x{301}e\x{301}e\x{301}e\x{301}e\x{301}e\x{301}e\x{301}e\x{301}e\x{301}e\x{301}e\x{301}e\x{301}e\x{301}e\x{301}e\x{301}e\x{301}"
          text run at (924,48) width 0: " "
          text run at (0,64) width 924: "e\x{301}e\x{301}e\x{301}e\x{301}e\x{301}e\x{301}e\x{301}e\x{301}e\x{301}e\x{301}e\x{301}e\x{301}e\x{301}e\x{301}e\x{301}e\x{301}e\x{301}e\x{301}e\x{301}e\x{301}e\x{301}e\x{301}e\x{301}e\x{301}e\x{301}e\x{301}e\x{301}e\x{301}e\x{301}e\x{301}e\x{301}e\x{301} e\x{301} e\x{301}e\x{301}e\x{301}e\x{301}e\x{301}e\x{301}e\x{301}e\x{301}e\x{301}e\x{301}e\x{301}e\x{301}e\x{301}e\x{301}e\x{301}e\x{301}e\x{301}e\x{301}e\x{301}e\x{301}e\x{301}e\x{301}e\x{301}e\x{301}e\x{301}e\x{301}e\x{301}e\x{301}e\x{301}e\x{301}e\x{301}e\x{301}e\x{301}e\x{301}e\x{301}e\x{301}e\x{301}e\x{301}e\x{301}e\x{301}e\x{301}e\x{301}e\x{301} e\x{301}e\x{301}e\x{301}e\x{301}e\x{301}e\x{301}e\x{301}e\x{301}e\x{301}e\x{301}e\x{301}e\x{301}e\x{301}e\x{301}e\x{301}e\x{301}e\x{301}e\x{301}e\x{301}e\x{301}e\x{301}e\x{301}e\x{301}e\x{301}e\x{301}e\x{301}e\x{301}e\x{301}e\x{301}e\x{301} e\x{301}e\x{301}e\x{301}e\x{301}e\x{301}e\x{301}e\x{301}e\x{301}e\x{301}e\x{301}e\x{301}e\x{301}e\x{301}e\x{301}e\x{301}e\x{301}e\x{301}e\x{301}e\x{301}e\x{301}e\x{301}e\x{301}"
          text run at (924,64) width 0: " "
          text run at (0,80) width 924: "e\x{301}e\x{301}e\x{301}e\x{301}e\x{301}e\x{301}e\x{301}e\x{301}e\x{301}e\x{301}e\x{301}e\x{301}e\x{301}e\x{301}e\x{301}e\x{301}e\x{301}e\x{301}e\x{301}e\x{301}e\x{301}e\x{301}e\x{301}e\x{301}e\x{301}e\x{301}e\x{301}e\x{301}e\x{301}e\x{301}e\x{301}e\x{301} e\x{301} e\x{301}e\x{301}e\x{301}e\x{301}e\x{301}e\x{301}e\x{301}e\x{301}e\x{301}e\x{301}e\x{301}e\x{301}e\x{301}e\x{301}e\x{301}e\x{301}e\x{301}e\x{301}e\x{301}e\x{301}e\x{301}e\x{301}e\x{301}e\x{301}e\x{301}e\x{301}e\x{301}e\x{301}e\x{301}e\x{301}e\x{301}e\x{301}e\x{301}e\x{301}e\x{301}e\x{301}e\x{301}e\x{301}e\x{301}e\x{301}e\x{301}e\x{301}e\x{301} e\x{301}e\x{301}e\x{301}e\x{301}e\x{301}e\x{301}e\x{301}e\x{301}e\x{301}e\x{301}e\x{301}e\x{301}e\x{301}e\x{301}e\x{301}e\x{301}e\x{301}e\x{301}e\x{301}e\x{301}e\x{301}e\x{301}e\x{301}e\x{301}e\x{301}e\x{301}e\x{301}e\x{301}e\x{301}e\x{301} e\x{301}e\x{301}e\x{301}e\x{301}e\x{301}e\x{301}e\x{301}e\x{301}e\x{301}e\x{301}e\x{301}e\x{301}e\x{301}e\x{301}e\x{301}e\x{301}e\x{301}e\x{301}e\x{301}e\x{301}e\x{301}e\x{301}"
          text run at (924,80) width 0: " "
          text run at (0,96) width 924: "e\x{301}e\x{301}e\x{301}e\x{301}e\x{301}e\x{301}e\x{301}e\x{301}e\x{301}e\x{301}e\x{301}e\x{301}e\x{301}e\x{301}e\x{301}e\x{301}e\x{301}e\x{301}e\x{301}e\x{301}e\x{301}e\x{301}e\x{301}e\x{301}e\x{301}e\x{301}e\x{301}e\x{301}e\x{301}e\x{301}e\x{301}e\x{301} e\x{301} e\x{301}e\x{301}e\x{301}e\x{301}e\x{301}e\x{301}e\x{301}e\x{301}e\x{301}e\x{301}e\x{301}e\x{301}e\x{301}e\x{301}e\x{301}e\x{301}e\x{301}e\x{301}e\x{301}e\x{301}e\x{301}e\x{301}e\x{301}e\x{301}e\x{301}e\x{301}e\x{301}e\x{301}e\x{301}e\x{301}e\x{301}e\x{301}e\x{301}e\x{301}e\x{301}e\x{301}e\x{301}e\x{301}e\x{301}e\x{301}e\x{301}e\x{301}e\x{301} e\x{301}e\x{301}e\x{301}e\x{301}e\x{301}e\x{301}e\x{301}e\x{301}e\x{301}e\x{301}e\x{301}e\x{301}e\x{301}e\x{301}e\x{301}e\x{301}e\x{301}e\x{301}e\x{301}e\x{301}e\x{301}e\x{301}e\x{301}e\x{301}e\x{301}e\x{301}e\x{301}e\x{301}e\x{301}e\x{301} e\x{301}e\x{301}e\x{301}e\x{301}e\x{301}e\x{301}e\x{301}e\x{301}e\x{301}e\x{301}e\x{301}e\x{301}e\x{301}e\x{301}e\x{301}e\x{301}e\x{301}e\x{301}e\x{301}e\x{301}e\x{301}e\x{301}"
          text run at (924,96) width 0: " "
          text run at (0,112) width 924: "e\x{301}e\x{301}e\x{301}e\x{301}e\x{301}e\x{301}e\x{301}e\x{301}e\x{301}e\x{301}e\x{301}e\x{301}e\x{301}e\x{301}e\x{301}e\x{301}e\x{301}e\x{301}e\x{301}e\x{301}e\x{301}e\x{301}e\x{301}e\x{301}e\x{301}e\x{301}e\x{301}e\x{301}e\x{301}e\x{301}e\x{301}e\x{301} e\x{301} e\x{301}e\x{301}e\x{301}e\x{301}e\x{301}e\x{301}e\x{301}e\x{301}e\x{301}e\x{301}e\x{301}e\x{301}e\x{301}e\x{301}e\x{301}e\x{301}e\x{301}e\x{301}e\x{301}e\x{301}e\x{301}e\x{301}e\x{301}e\x{301}e\x{301}e\x{301}e\x{301}e\x{301}e\x{301}e\x{301}e\x{301}e\x{301}e\x{301}e\x{301}e\x{301}e\x{301}e\x{301}e\x{301}e\x{301}e\x{301}e\x{301}e\x{301}e\x{301} e\x{301}e\x{301}e\x{301}e\x{301}e\x{301}e\x{301}e\x{301}e\x{301}e\x{301}e\x{301}e\x{301}e\x{301}e\x{301}e\x{301}e\x{301}e\x{301}e\x{301}e\x{301}e\x{301}e\x{301}e\x{301}e\x{301}e\x{301}e\x{301}e\x{301}e\x{301}e\x{301}e\x{301}e\x{301}e\x{301} e\x{301}e\x{301}e\x{301}e\x{301}e\x{301}e\x{301}e\x{301}e\x{301}e\x{301}e\x{301}e\x{301}e\x{301}e\x{301}e\x{301}e\x{301}e\x{301}e\x{301}e\x{301}e\x{301}e\x{301}e\x{301}e\x{301}"
          text run at (924,112) width 0: " "
          text run at (0,128) width 924: "e\x{301}e\x{301}e\x{301}e\x{301}e\x{301}e\x{301}e\x{301}e\x{301}e\x{301}e\x{301}e\x{301}e\x{301}e\x{301}e\x{301}e\x{301}e\x{301}e\x{301}e\x{301}e\x{301}e\x{301}e\x{301}e\x{301}e\x{301}e\x{301}e\x{301}e\x{301}e\x{301}e\x{301}e\x{301}e\x{301}e\x{301}e\x{301} e\x{301} e\x{301}e\x{301}e\x{301}e\x{301}e\x{301}e\x{301}e\x{301}e\x{301}e\x{301}e\x{301}e\x{301}e\x{301}e\x{301}e\x{301}e\x{301}e\x{301}e\x{301}e\x{301}e\x{301}e\x{301}e\x{301}e\x{301}e\x{301}e\x{301}e\x{301}e\x{301}e\x{301}e\x{301}e\x{301}e\x{301}e\x{301}e\x{301}e\x{301}e\x{301}e\x{301}e\x{301}e\x{301}e\x{301}e\x{301}e\x{301}e\x{301}e\x{301}e\x{301} e\x{301}e\x{301}e\x{301}e\x{301}e\x{301}e\x{301}e\x{301}e\x{301}e\x{301}e\x{301}e\x{301}e\x{301}e\x{301}e\x{301}e\x{301}e\x{301}e\x{301}e\x{301}e\x{301}e\x{301}e\x{301}e\x{301}e\x{301}e\x{301}e\x{301}e\x{301}e\x{301}e\x{301}e\x{301}e\x{301} e\x{301}e\x{301}e\x{301}e\x{301}e\x{301}e\x{301}e\x{301}e\x{301}e\x{301}e\x{301}e\x{301}e\x{301}e\x{301}e\x{301}e\x{301}e\x{301}e\x{301}e\x{301}e\x{301}e\x{301}e\x{301}e\x{301}"
          text run at (924,128) width 0: " "
          text run at (0,144) width 924: "e\x{301}e\x{301}e\x{301}e\x{301}e\x{301}e\x{301}e\x{301}e\x{301}e\x{301}e\x{301}e\x{301}e\x{301}e\x{301}e\x{301}e\x{301}e\x{301}e\x{301}e\x{301}e\x{301}e\x{301}e\x{301}e\x{301}e\x{301}e\x{301}e\x{301}e\x{301}e\x{301}e\x{301}e\x{301}e\x{301}e\x{301}e\x{301} e\x{301} e\x{301}e\x{301}e\x{301}e\x{301}e\x{301}e\x{301}e\x{301}e\x{301}e\x{301}e\x{301}e\x{301}e\x{301}e\x{301}e\x{301}e\x{301}e\x{301}e\x{301}e\x{301}e\x{301}e\x{301}e\x{301}e\x{301}e\x{301}e\x{301}e\x{301}e\x{301}e\x{301}e\x{301}e\x{301}e\x{301}e\x{301}e\x{301}e\x{301}e\x{301}e\x{301}e\x{301}e\x{301}e\x{301}e\x{301}e\x{301}e\x{301}e\x{301}e\x{301} e\x{301}e\x{301}e\x{301}e\x{301}e\x{301}e\x{301}e\x{301}e\x{301}e\x{301}e\x{301}e\x{301}e\x{301}e\x{301}e\x{301}e\x{301}e\x{301}e\x{301}e\x{301}e\x{301}e\x{301}e\x{301}e\x{301}e\x{301}e\x{301}e\x{301}e\x{301}e\x{301}e\x{301}e\x{301}e\x{301} e\x{301}e\x{301}e\x{301}e\x{301}e\x{301}e\x{301}e\x{301}e\x{301}e\x{301}e\x{301}e\x{301}e\x{301}e\x{301}e\x{301}e\x{301}e\x{301}e\x{301}e\x{301}e\x{301}e\x{301}e\x{301}e\x{301}"
          text run at (924,144) width 0: " "
          text run at (0,160) width 924: "e\x{301}e\x{301}e\x{301}e\x{301}e\x{301}e\x{301}e\x{301}e\x{301}e\x{301}e\x{301}e\x{301}e\x{301}e\x{301}e\x{301}e\x{301}e\x{301}e\x{301}e\x{301}e\x{301}e\x{301}e\x{301}e\x{301}e\x{301}e\x{301}e\x{301}e\x{301}e\x{301}e\x{301}e\x{301}e\x{301}e\x{301}e\x{301} e\x{301} e\x{301}e\x{301}e\x{301}e\x{301}e\x{301}e\x{301}e\x{301}e\x{301}e\x{301}e\x{301}e\x{301}e\x{301}e\x{301}e\x{301}e\x{301}e\x{301}e\x{301}e\x{301}e\x{301}e\x{301}e\x{301}e\x{301}e\x{301}e\x{301}e\x{301}e\x{301}e\x{301}e\x{301}e\x{301}e\x{301}e\x{301}e\x{301}e\x{301}e\x{301}e\x{301}e\x{301}e\x{301}e\x{301}e\x{301}e\x{301}e\x{301}e\x{301}e\x{301} e\x{301}e\x{301}e\x{301}e\x{301}e\x{301}e\x{301}e\x{301}e\x{301}e\x{301}e\x{301}e\x{301}e\x{301}e\x{301}e\x{301}e\x{301}e\x{301}e\x{301}e\x{301}e\x{301}e\x{301}e\x{301}e\x{301}e\x{301}e\x{301}e\x{301}e\x{301}e\x{301}e\x{301}e\x{301}e\x{301} e\x{301}e\x{301}e\x{301}e\x{301}e\x{301}e\x{301}e\x{301}e\x{301}e\x{301}e\x{301}e\x{301}e\x{301}e\x{301}e\x{301}e\x{301}e\x{301}e\x{301}e\x{301}e\x{301}e\x{301}e\x{301}e\x{301}"
          text run at (924,160) width 0: " "
          text run at (0,176) width 924: "e\x{301}e\x{301}e\x{301}e\x{301}e\x{301}e\x{301}e\x{301}e\x{301}e\x{301}e\x{301}e\x{301}e\x{301}e\x{301}e\x{301}e\x{301}e\x{301}e\x{301}e\x{301}e\x{301}e\x{301}e\x{301}e\x{301}e\x{301}e\x{301}e\x{301}e\x{301}e\x{301}e\x{301}e\x{301}e\x{301}e\x{301}e\x{301} e\x{301} e\x{301}e\x{301}e\x{301}e\x{301}e\x{301}e\x{301}e\x{301}e\x{301}e\x{301}e\x{301}e\x{301}e\x{301}e\x{301}e\x{301}e\x{301}e\x{301}e\x{301}e\x{301}e\x{301}e\x{301}e\x{301}e\x{301}e\x{301}e\x{301}e\x{301}e\x{301}e\x{301}e\x{301}e\x{301}e\x{301}e\x{301}e\x{301}e\x{301}e\x{301}e\x{301}e\x{301}e\x{301}e\x{301}e\x{301}e\x{301}e\x{301}e\x{301}e\x{301} e\x{301}e\x{301}e\x{301}e\x{301}e\x{301}e\x{301}e\x{301}e\x{301}e\x{301}e\x{301}e\x{301}e\x{301}e\x{301}e\x{301}e\x{301}e\x{301}e\x{301}e\x{301}e\x{301}e\x{301}e\x{301}e\x{301}e\x{301}e\x{301}e\x{301}e\x{301}e\x{301}e\x{301}e\x{301}e\x{301} e\x{301}e\x{301}e\x{301}e\x{301}e\x{301}e\x{301}e\x{301}e\x{301}e\x{301}e\x{301}e\x{301}e\x{301}e\x{301}e\x{301}e\x{301}e\x{301}e\x{301}e\x{301}e\x{301}e\x{301}e\x{301}e\x{301}"
          text run at (924,176) width 0: " "
          text run at (0,192) width 924: "e\x{301}e\x{301}e\x{301}e\x{301}e\x{301}e\x{301}e\x{301}e\x{301}e\x{301}e\x{301}e\x{301}e\x{301}e\x{301}e\x{301}e\x{301}e\x{301}e\x{301}e\x{301}e\x{301}e\x{301}e\x{301}e\x{301}e\x{301}e\x{301}e\x{301}e\x{301}e\x{301}e\x{301}e\x{301}e\x{301}e\x{301}e\x{301} e\x{301} e\x{301}e\x{301}e\x{301}e\x{301}e\x{301}e\x{301}e\x{301}e\x{301}e\x{301}e\x{301}e\x{301}e\x{301}e\x{301}e\x{301}e\x{301}e\x{301}e\x{301}e\x{301}e\x{301}e\x{301}e\x{301}e\x{301}e\x{301}e\x{301}e\x{301}e\x{301}e\x{301}e\x{301}e\x{301}e\x{301}e\x{301}e\x{301}e\x{301}e\x{301}e\x{301}e\x{301}e\x{301}e\x{301}e\x{301}e\x{301}e\x{301}e\x{301}e\x{301} e\x{301}e\x{301}e\x{301}e\x{301}e\x{301}e\x{301}e\x{301}e\x{301}e\x{301}e\x{301}e\x{301}e\x{301}e\x{301}e\x{301}e\x{301}e\x{301}e\x{301}e\x{301}e\x{301}e\x{301}e\x{301}e\x{301}e\x{301}e\x{301}e\x{301}e\x{301}e\x{301}e\x{301}e\x{301}e\x{301} e\x{301}e\x{301}e\x{301}e\x{301}e\x{301}e\x{301}e\x{301}e\x{301}e\x{301}e\x{301}e\x{301}e\x{301}e\x{301}e\x{301}e\x{301}e\x{301}e\x{301}e\x{301}e\x{301}e\x{301}e\x{301}e\x{301}"
          text run at (924,192) width 0: " "
          text run at (0,208) width 924: "e\x{301}e\x{301}e\x{301}e\x{301}e\x{301}e\x{301}e\x{301}e\x{301}e\x{301}e\x{301}e\x{301}e\x{301}e\x{301}e\x{301}e\x{301}e\x{301}e\x{301}e\x{301}e\x{301}e\x{301}e\x{301}e\x{301}e\x{301}e\x{301}e\x{301}e\x{301}e\x{301}e\x{301}e\x{301}e\x{301}e\x{301}e\x{301} e\x{301} e\x{301}e\x{301}e\x{301}e\x{301}e\x{301}e\x{301}e\x{301}e\x{301}e\x{301}e\x{301}e\x{301}e\x{301}e\x{301}e\x{301}e\x{301}e\x{301}e\x{301}e\x{301}e\x{301}e\x{301}e\x{301}e\x{301}e\x{301}e\x{301}e\x{301}e\x{301}e\x{301}e\x{301}e\x{301}e\x{301}e\x{301}e\x{301}e\x{301}e\x{301}e\x{301}e\x{301}e\x{301}e\x{301}e\x{301}e\x{301}e\x{301}e\x{301}e\x{301} e\x{301}e\x{301}e\x{301}e\x{301}e\x{301}e\x{301}e\x{301}e\x{301}e\x{301}e\x{301}e\x{301}e\x{301}e\x{301}e\x{301}e\x{301}e\x{301}e\x{301}e\x{301}e\x{301}e\x{301}e\x{301}e\x{301}e\x{301}e\x{301}e\x{301}e\x{301}e\x{301}e\x{301}e\x{301}e\x{301} e\x{301}e\x{301}e\x{301}e\x{301}e\x{301}e\x{301}e\x{301}e\x{301}e\x{301}e\x{301}e\x{301}e\x{301}e\x{301}e\x{301}e\x{301}e\x{301}e\x{301}e\x{301}e\x{301}e\x{301}e\x{301}e\x{301}"
          text run at (924,208) width 0: " "
          text run at (0,224) width 924: "e\x{301}e\x{301}e\x{301}e\x{301}e\x{301}e\x{301}e\x{301}e\x{301}e\x{301}e\x{301}e\x{301}e\x{301}e\x{301}e\x{301}e\x{301}e\x{301}e\x{301}e\x{301}e\x{301}e\x{301}e\x{301}e\x{301}e\x{301}e\x{301}e\x{301}e\x{301}e\x{301}e\x{301}e\x{301}e\x{301}e\x{301}e\x{301} e\x{301} e\x{301}e\x{301}e\x{301}e\x{301}e\x{301}e\x{301}e\x{301}e\x{301}e\x{301}e\x{301}e\x{301}e\x{301}e\x{301}e\x{301}e\x{301}e\x{301}e\x{301}e\x{301}e\x{301}e\x{301}e\x{301}e\x{301}e\x{301}e\x{301}e\x{301}e\x{301}e\x{301}e\x{301}e\x{301}e\x{301}e\x{301}e\x{301}e\x{301}e\x{301}e\x{301}e\x{301}e\x{301}e\x{301}e\x{301}e\x{301}e\x{301}e\x{301}e\x{301} e\x{301}e\x{301}e\x{301}e\x{301}e\x{301}e\x{301}e\x{301}e\x{301}e\x{301}e\x{301}e\x{301}e\x{301}e\x{301}e\x{301}e\x{301}e\x{301}e\x{301}e\x{301}e\x{301}e\x{301}e\x{301}e\x{301}e\x{301}e\x{301}e\x{301}e\x{301}e\x{301}e\x{301}e\x{301}e\x{301} e\x{301}e\x{301}e\x{301}e\x{301}e\x{301}e\x{301}e\x{301}e\x{301}e\x{301}e\x{301}e\x{301}e\x{301}e\x{301}e\x{301}e\x{301}e\x{301}e\x{301}e\x{301}e\x{301}e\x{301}e\x{301}e\x{301}"
          text run at (924,224) width 0: " "
          text run at (0,240) width 924: "e\x{301}e\x{301}e\x{301}e\x{301}e\x{301}e\x{301}e\x{301}e\x{301}e\x{301}e\x{301}e\x{301}e\x{301}e\x{301}e\x{301}e\x{301}e\x{301}e\x{301}e\x{301}e\x{301}e\x{301}e\x{301}e\x{301}e\x{301}e\x{301}e\x{301}e\x{301}e\x{301}e\x{301}e\x{301}e\x{301}e\x{301}e\x{301} e\x{301} e\x{301}e\x{301}e\x{301}e\x{301}e\x{301}e\x{301}e\x{301}e\x{301}e\x{301}e\x{301}e\x{301}e\x{301}e\x{301}e\x{301}e\x{301}e\x{301}e\x{301}e\x{301}e\x{301}e\x{301}e\x{301}e\x{301}e\x{301}e\x{301}e\x{301}e\x{301}e\x{301}e\x{301}e\x{301}e\x{301}e\x{301}e\x{301}e\x{301}e\x{301}e\x{301}e\x{301}e\x{301}e\x{301}e\x{301}e\x{301}e\x{301}e\x{301}e\x{301} e\x{301}e\x{301}e\x{301}e\x{301}e\x{301}e\x{301}e\x{301}e\x{301}e\x{301}e\x{301}e\x{301}e\x{301}e\x{301}e\x{301}e\x{301}e\x{301}e\x{301}e\x{301}e\x{301}e\x{301}e\x{301}e\x{301}e\x{301}e\x{301}e\x{301}e\x{301}e\x{301}e\x{301}e\x{301}e\x{301} e\x{301}e\x{301}e\x{301}e\x{301}e\x{301}e\x{301}e\x{301}e\x{301}e\x{301}e\x{301}e\x{301}e\x{301}e\x{301}e\x{301}e\x{301}e\x{301}e\x{301}e\x{301}e\x{301}e\x{301}e\x{301}e\x{301}"
          text run at (924,240) width 0: " "
          text run at (0,256) width 924: "e\x{301}e\x{301}e\x{301}e\x{301}e\x{301}e\x{301}e\x{301}e\x{301}e\x{301}e\x{301}e\x{301}e\x{301}e\x{301}e\x{301}e\x{301}e\x{301}e\x{301}e\x{301}e\x{301}e\x{301}e\x{301}e\x{301}e\x{301}e\x{301}e\x{301}e\x{301}e\x{301}e\x{301}e\x{301}e\x{301}e\x{301}e\x{301} e\x{301} e\x{301}e\x{301}e\x{301}e\x{301}e\x{301}e\x{301}e\x{301}e\x{301}e\x{301}e\x{301}e\x{301}e\x{301}e\x{301}e\x{301}e\x{301}e\x{301}e\x{301}e\x{301}e\x{301}e\x{301}e\x{301}e\x{301}e\x{301}e\x{301}e\x{301}e\x{301}e\x{301}e\x{301}e\x{301}e\x{301}e\x{301}e\x{301}e\x{301}e\x{301}e\x{301}e\x{301}e\x{301}e\x{301}e\x{301}e\x{301}e\x{301}e\x{301}e\x{301} e\x{301}e\x{301}e\x{301}e\x{301}e\x{301}e\x{301}e\x{301}e\x{301}e\x{301}e\x{301}e\x{301}e\x{301}e\x{301}e\x{301}e\x{301}e\x{301}e\x{301}e\x{301}e\x{301}e\x{301}e\x{301}e\x{301}e\x{301}e\x{301}e\x{301}e\x{301}e\x{301}e\x{301}e\x{301}e\x{301} e\x{301}e\x{301}e\x{301}e\x{301}e\x{301}e\x{301}e\x{301}e\x{301}e\x{301}e\x{301}e\x{301}e\x{301}e\x{301}e\x{301}e\x{301}e\x{301}e\x{301}e\x{301}e\x{301}e\x{301}e\x{301}e\x{301}"
          text run at (924,256) width 0: " "
          text run at (0,272) width 924: "e\x{301}e\x{301}e\x{301}e\x{301}e\x{301}e\x{301}e\x{301}e\x{301}e\x{301}e\x{301}e\x{301}e\x{301}e\x{301}e\x{301}e\x{301}e\x{301}e\x{301}e\x{301}e\x{301}e\x{301}e\x{301}e\x{301}e\x{301}e\x{301}e\x{301}e\x{301}e\x{301}e\x{301}e\x{301}e\x{301}e\x{301}e\x{301} e\x{301} e\x{301}e\x{301}e\x{301}e\x{301}e\x{301}e\x{301}e\x{301}e\x{301}e\x{301}e\x{301}e\x{301}e\x{301}e\x{301}e\x{301}e\x{301}e\x{301}e\x{301}e\x{301}e\x{301}e\x{301}e\x{301}e\x{301}e\x{301}e\x{301}e\x{301}e\x{301}e\x{301}e\x{301}e\x{301}e\x{301}e\x{301}e\x{301}e\x{301}e\x{301}e\x{301}e\x{301}e\x{301}e\x{301}e\x{301}e\x{301}e\x{301}e\x{301}e\x{301} e\x{301}e\x{301}e\x{301}e\x{301}e\x{301}e\x{301}e\x{301}e\x{301}e\x{301}e\x{301}e\x{301}e\x{301}e\x{301}e\x{301}e\x{301}e\x{301}e\x{301}e\x{301}e\x{301}e\x{301}e\x{301}e\x{301}e\x{301}e\x{301}e\x{301}e\x{301}e\x{301}e\x{301}e\x{301}e\x{301} e\x{301}e\x{301}e\x{301}e\x{301}e\x{301}e\x{301}e\x{301}e\x{301}e\x{301}e\x{301}e\x{301}e\x{301}e\x{301}e\x{301}e\x{301}e\x{301}e\x{301}e\x{301}e\x{301}e\x{301}e\x{301}e\x{301}"
          text run at (924,272) width 0: " "
          text run at (0,288) width 924: "e\x{301}e\x{301}e\x{301}e\x{301}e\x{301}e\x{301}e\x{301}e\x{301}e\x{301}e\x{301}e\x{301}e\x{301}e\x{301}e\x{301}e\x{301}e\x{301}e\x{301}e\x{301}e\x{301}e\x{301}e\x{301}e\x{301}e\x{301}e\x{301}e\x{301}e\x{301}e\x{301}e\x{301}e\x{301}e\x{301}e\x{301}e\x{301} e\x{301} e\x{301}e\x{301}e\x{301}e\x{301}e\x{301}e\x{301}e\x{301}e\x{301}e\x{301}e\x{301}e\x{301}e\x{301}e\x{301}e\x{301}e\x{301}e\x{301}e\x{301}e\x{301}e\x{301}e\x{301}e\x{301}e\x{301}e\x{301}e\x{301}e\x{301}e\x{301}e\x{301}e\x{301}e\x{301}e\x{301}e\x{301}e\x{301}e\x{301}e\x{301}e\x{301}e\x{301}e\x{301}e\x{301}e\x{301}e\x{301}e\x{301}e\x{301}e\x{301} e\x{301}e\x{301}e\x{301}e\x{301}e\x{301}e\x{301}e\x{301}e\x{301}e\x{301}e\x{301}e\x{301}e\x{301}e\x{301}e\x{301}e\x{301}e\x{301}e\x{301}e\x{301}e\x{301}e\x{301}e\x{301}e\x{301}e\x{301}e\x{301}e\x{301}e\x{301}e\x{301}e\x{301}e\x{301}e\x{301} e\x{301}e\x{301}e\x{301}e\x{301}e\x{301}e\x{301}e\x{301}e\x{301}e\x{301}e\x{301}e\x{301}e\x{301}e\x{301}e\x{301}e\x{301}e\x{301}e\x{301}e\x{301}e\x{301}e\x{301}e\x{301}e\x{301}"
          text run at (924,288) width 0: " "
          text run at (0,304) width 924: "e\x{301}e\x{301}e\x{301}e\x{301}e\x{301}e\x{301}e\x{301}e\x{301}e\x{301}e\x{301}e\x{301}e\x{301}e\x{301}e\x{301}e\x{301}e\x{301}e\x{301}e\x{301}e\x{301}e\x{301}e\x{301}e\x{301}e\x{301}e\x{301}e\x{301}e\x{301}e\x{301}e\x{301}e\x{301}e\x{301}e\x{301}e\x{301} e\x{301} e\x{301}e\x{301}e\x{301}e\x{301}e\x{301}e\x{301}e\x{301}e\x{301}e\x{301}e\x{301}e\x{301}e\x{301}e\x{301}e\x{301}e\x{301}e\x{301}e\x{301}e\x{301}e\x{301}e\x{301}e\x{301}e\x{301}e\x{301}e\x{301}e\x{301}e\x{301}e\x{301}e\x{301}e\x{301}e\x{301}e\x{301}e\x{301}e\x{301}e\x{301}e\x{301}e\x{301}e\x{301}e\x{301}e\x{301}e\x{301}e\x{301}e\x{301}e\x{301} e\x{301}e\x{301}e\x{301}e\x{301}e\x{301}e\x{301}e\x{301}e\x{301}e\x{301}e\x{301}e\x{301}e\x{301}e\x{301}e\x{301}e\x{301}e\x{301}e\x{301}e\x{301}e\x{301}e\x{301}e\x{301}e\x{301}e\x{301}e\x{301}e\x{301}e\x{301}e\x{301}e\x{301}e\x{301}e\x{301} e\x{301}e\x{301}e\x{301}e\x{301}e\x{301}e\x{301}e\x{301}e\x{301}e\x{301}e\x{301}e\x{301}e\x{301}e\x{301}e\x{301}e\x{301}e\x{301}e\x{301}e\x{301}e\x{301}e\x{301}e\x{301}e\x{301}"
          text run at (924,304) width 0: " "
          text run at (0,320) width 924: "e\x{301}e\x{301}e\x{301}e\x{301}e\x{301}e\x{301}e\x{301}e\x{301}e\x{301}e\x{301}e\x{301}e\x{301}e\x{301}e\x{301}e\x{301}e\x{301}e\x{301}e\x{301}e\x{301}e\x{301}e\x{301}e\x{301}e\x{301}e\x{301}e\x{301}e\x{301}e\x{301}e\x{301}e\x{301}e\x{301}e\x{301}e\x{301} e\x{301} e\x{301}e\x{301}e\x{301}e\x{301}e\x{301}e\x{301}e\x{301}e\x{301}e\x{301}e\x{301}e\x{301}e\x{301}e\x{301}e\x{301}e\x{301}e\x{301}e\x{301}e\x{301}e\x{301}e\x{301}e\x{301}e\x{301}e\x{301}e\x{301}e\x{301}e\x{301}e\x{301}e\x{301}e\x{301}e\x{301}e\x{301}e\x{301}e\x{301}e\x{301}e\x{301}e\x{301}e\x{301}e\x{301}e\x{301}e\x{301}e\x{301}e\x{301}e\x{301} e\x{301}e\x{301}e\x{301}e\x{301}e\x{301}e\x{301}e\x{301}e\x{301}e\x{301}e\x{301}e\x{301}e\x{301}e\x{301}e\x{301}e\x{301}e\x{301}e\x{301}e\x{301}e\x{301}e\x{301}e\x{301}e\x{301}e\x{301}e\x{301}e\x{301}e\x{301}e\x{301}e\x{301}e\x{301}e\x{301} e\x{301}e\x{301}e\x{301}e\x{301}e\x{301}e\x{301}e\x{301}e\x{301}e\x{301}e\x{301}e\x{301}e\x{301}e\x{301}e\x{301}e\x{301}e\x{301}e\x{301}e\x{301}e\x{301}e\x{301}e\x{301}e\x{301}"
          text run at (924,320) width 0: " "
          text run at (0,336) width 924: "e\x{301}e\x{301}e\x{301}e\x{301}e\x{301}e\x{301}e\x{301}e\x{301}e\x{301}e\x{301}e\x{301}e\x{301}e\x{301}e\x{301}e\x{301}e\x{301}e\x{301}e\x{301}e\x{301}e\x{301}e\x{301}e\x{301}e\x{301}e\x{301}e\x{301}e\x{301}e\x{301}e\x{301}e\x{301}e\x{301}e\x{301}e\x{301} e\x{301} e\x{301}e\x{301}e\x{301}e\x{301}e\x{301}e\x{301}e\x{301}e\x{301}e\x{301}e\x{301}e\x{301}e\x{301}e\x{301}e\x{301}e\x{301}e\x{301}e\x{301}e\x{301}e\x{301}e\x{301}e\x{301}e\x{301}e\x{301}e\x{301}e\x{301}e\x{301}e\x{301}e\x{301}e\x{301}e\x{301}e\x{301}e\x{301}e\x{301}e\x{301}e\x{301}e\x{301}e\x{301}e\x{301}e\x{301}e\x{301}e\x{301}e\x{301}e\x{301} e\x{301}e\x{301}e\x{301}e\x{301}e\x{301}e\x{301}e\x{301}e\x{301}e\x{301}e\x{301}e\x{301}e\x{301}e\x{301}e\x{301}e\x{301}e\x{301}e\x{301}e\x{301}e\x{301}e\x{301}e\x{301}e\x{301}e\x{301}e\x{301}e\x{301}e\x{301}e\x{301}e\x{301}e\x{301}e\x{301} e\x{301}e\x{301}e\x{301}e\x{301}e\x{301}e\x{301}e\x{301}e\x{301}e\x{301}e\x{301}e\x{301}e\x{301}e\x{301}e\x{301}e\x{301}e\x{301}e\x{301}e\x{301}e\x{301}e\x{301}e\x{301}e\x{301}"
          text run at (924,336) width 0: " "
          text run at (0,352) width 924: "e\x{301}e\x{301}e\x{301}e\x{301}e\x{301}e\x{301}e\x{301}e\x{301}e\x{301}e\x{301}e\x{301}e\x{301}e\x{301}e\x{301}e\x{301}e\x{301}e\x{301}e\x{301}e\x{301}e\x{301}e\x{301}e\x{301}e\x{301}e\x{301}e\x{301}e\x{301}e\x{301}e\x{301}e\x{301}e\x{301}e\x{301}e\x{301} e\x{301} e\x{301}e\x{301}e\x{301}e\x{301}e\x{301}e\x{301}e\x{301}e\x{301}e\x{301}e\x{301}e\x{301}e\x{301}e\x{301}e\x{301}e\x{301}e\x{301}e\x{301}e\x{301}e\x{301}e\x{301}e\x{301}e\x{301}e\x{301}e\x{301}e\x{301}e\x{301}e\x{301}e\x{301}e\x{301}e\x{301}e\x{301}e\x{301}e\x{301}e\x{301}e\x{301}e\x{301}e\x{301}e\x{301}e\x{301}e\x{301}e\x{301}e\x{301}e\x{301} e\x{301}e\x{301}e\x{301}e\x{301}e\x{301}e\x{301}e\x{301}e\x{301}e\x{301}e\x{301}e\x{301}e\x{301}e\x{301}e\x{301}e\x{301}e\x{301}e\x{301}e\x{301}e\x{301}e\x{301}e\x{301}e\x{301}e\x{301}e\x{301}e\x{301}e\x{301}e\x{301}e\x{301}e\x{301}e\x{301} e\x{301}e\x{301}e\x{301}e\x{301}e\x{301}e\x{301}e\x{301}e\x{301}e\x{301}e\x{301}e\x{301}e\x{301}e\x{301}e\x{301}e\x{301}e\x{301}e\x{301}e\x{301}e\x{301}e\x{301}e\x{301}e\x{301}"
          text run at (924,352) width 0: " "
          text run at (0,368) width 924: "e\x{301}e\x{301}e\x{301}e\x{301}e\x{301}e\x{301}e\x{301}e\x{301}e\x{301}e\x{301}e\x{301}e\x{301}e\x{301}e\x{301}e\x{301}e\x{301}e\x{301}e\x{301}e\x{301}e\x{301}e\x{301}e\x{301}e\x{301}e\x{301}e\x{301}e\x{301}e\x{301}e\x{301}e\x{301}e\x{301}e\x{301}e\x{301} e\x{301} e\x{301}e\x{301}e\x{301}e\x{301}e\x{301}e\x{301}e\x{301}e\x{301}e\x{301}e\x{301}e\x{301}e\x{301}e\x{301}e\x{301}e\x{301}e\x{301}e\x{301}e\x{301}e\x{301}e\x{301}e\x{301}e\x{301}e\x{301}e\x{301}e\x{301}e\x{301}e\x{301}e\x{301}e\x{301}e\x{301}e\x{301}e\x{301}e\x{301}e\x{301}e\x{301}e\x{301}e\x{301}e\x{301}e\x{301}e\x{301}e\x{301}e\x{301}e\x{301} e\x{301}e\x{301}e\x{301}e\x{301}e\x{301}e\x{301}e\x{301}e\x{301}e\x{301}e\x{301}e\x{301}e\x{301}e\x{301}e\x{301}e\x{301}e\x{301}e\x{301}e\x{301}e\x{301}e\x{301}e\x{301}e\x{301}e\x{301}e\x{301}e\x{301}e\x{301}e\x{301}e\x{301}e\x{301}e\x{301} e\x{301}e\x{301}e\x{301}e\x{301}e\x{301}e\x{301}e\x{301}e\x{301}e\x{301}e\x{301}e\x{301}e\x{301}e\x{301}e\x{301}e\x{301}e\x{301}e\x{301}e\x{301}e\x{301}e\x{301}e\x{301}e\x{301}"
          text run at (924,368) width 0: " "
          text run at (0,384) width 924: "e\x{301}e\x{301}e\x{301}e\x{301}e\x{301}e\x{301}e\x{301}e\x{301}e\x{301}e\x{301}e\x{301}e\x{301}e\x{301}e\x{301}e\x{301}e\x{301}e\x{301}e\x{301}e\x{301}e\x{301}e\x{301}e\x{301}e\x{301}e\x{301}e\x{301}e\x{301}e\x{301}e\x{301}e\x{301}e\x{301}e\x{301}e\x{301} e\x{301} e\x{301}e\x{301}e\x{301}e\x{301}e\x{301}e\x{301}e\x{301}e\x{301}e\x{301}e\x{301}e\x{301}e\x{301}e\x{301}e\x{301}e\x{301}e\x{301}e\x{301}e\x{301}e\x{301}e\x{301}e\x{301}e\x{301}e\x{301}e\x{301}e\x{301}e\x{301}e\x{301}e\x{301}e\x{301}e\x{301}e\x{301}e\x{301}e\x{301}e\x{301}e\x{301}e\x{301}e\x{301}e\x{301}e\x{301}e\x{301}e\x{301}e\x{301}e\x{301} e\x{301}e\x{301}e\x{301}e\x{301}e\x{301}e\x{301}e\x{301}e\x{301}e\x{301}e\x{301}e\x{301}e\x{301}e\x{301}e\x{301}e\x{301}e\x{301}e\x{301}e\x{301}e\x{301}e\x{301}e\x{301}e\x{301}e\x{301}e\x{301}e\x{301}e\x{301}e\x{301}e\x{301}e\x{301}e\x{301} e\x{301}e\x{301}e\x{301}e\x{301}e\x{301}e\x{301}e\x{301}e\x{301}e\x{301}e\x{301}e\x{301}e\x{301}e\x{301}e\x{301}e\x{301}e\x{301}e\x{301}e\x{301}e\x{301}e\x{301}e\x{301}e\x{301}"
          text run at (924,384) width 0: " "
          text run at (0,400) width 924: "e\x{301}e\x{301}e\x{301}e\x{301}e\x{301}e\x{301}e\x{301}e\x{301}e\x{301}e\x{301}e\x{301}e\x{301}e\x{301}e\x{301}e\x{301}e\x{301}e\x{301}e\x{301}e\x{301}e\x{301}e\x{301}e\x{301}e\x{301}e\x{301}e\x{301}e\x{301}e\x{301}e\x{301}e\x{301}e\x{301}e\x{301}e\x{301} e\x{301} e\x{301}e\x{301}e\x{301}e\x{301}e\x{301}e\x{301}e\x{301}e\x{301}e\x{301}e\x{301}e\x{301}e\x{301}e\x{301}e\x{301}e\x{301}e\x{301}e\x{301}e\x{301}e\x{301}e\x{301}e\x{301}e\x{301}e\x{301}e\x{301}e\x{301}e\x{301}e\x{301}e\x{301}e\x{301}e\x{301}e\x{301}e\x{301}e\x{301}e\x{301}e\x{301}e\x{301}e\x{301}e\x{301}e\x{301}e\x{301}e\x{301}e\x{301}e\x{301} e\x{301}e\x{301}e\x{301}e\x{301}e\x{301}e\x{301}e\x{301}e\x{301}e\x{301}e\x{301}e\x{301}e\x{301}e\x{301}e\x{301}e\x{301}e\x{301}e\x{301}e\x{301}e\x{301}e\x{301}e\x{301}e\x{301}e\x{301}e\x{301}e\x{301}e\x{301}e\x{301}e\x{301}e\x{301}e\x{301} e\x{301}e\x{301}e\x{301}e\x{301}e\x{301}e\x{301}e\x{301}e\x{301}e\x{301}e\x{301}e\x{301}e\x{301}e\x{301}e\x{301}e\x{301}e\x{301}e\x{301}e\x{301}e\x{301}e\x{301}e\x{301}e\x{301}"
          text run at (924,400) width 0: " "
          text run at (0,416) width 924: "e\x{301}e\x{301}e\x{301}e\x{301}e\x{301}e\x{301}e\x{301}e\x{301}e\x{301}e\x{301}e\x{301}e\x{301}e\x{301}e\x{301}e\x{301}e\x{301}e\x{301}e\x{301}e\x{301}e\x{301}e\x{301}e\x{301}e\x{301}e\x{301}e\x{301}e\x{301}e\x{301}e\x{301}e\x{301}e\x{301}e\x{301}e\x{301} e\x{301} e\x{301}e\x{301}e\x{301}e\x{301}e\x{301}e\x{301}e\x{301}e\x{301}e\x{301}e\x{301}e\x{301}e\x{301}e\x{301}e\x{301}e\x{301}e\x{301}e\x{301}e\x{301}e\x{301}e\x{301}e\x{301}e\x{301}e\x{301}e\x{301}e\x{301}e\x{301}e\x{301}e\x{301}e\x{301}e\x{301}e\x{301}e\x{301}e\x{301}e\x{301}e\x{301}e\x{301}e\x{301}e\x{301}e\x{301}e\x{301}e\x{301}e\x{301}e\x{301} e\x{301}e\x{301}e\x{301}e\x{301}e\x{301}e\x{301}e\x{301}e\x{301}e\x{301}e\x{301}e\x{301}e\x{301}e\x{301}e\x{301}e\x{301}e\x{301}e\x{301}e\x{301}e\x{301}e\x{301}e\x{301}e\x{301}e\x{301}e\x{301}e\x{301}e\x{301}e\x{301}e\x{301}e\x{301}e\x{301} e\x{301}e\x{301}e\x{301}e\x{301}e\x{301}e\x{301}e\x{301}e\x{301}e\x{301}e\x{301}e\x{301}e\x{301}e\x{301}e\x{301}e\x{301}e\x{301}e\x{301}e\x{301}e\x{301}e\x{301}e\x{301}e\x{301}"
          text run at (924,416) width 0: " "
          text run at (0,432) width 924: "e\x{301}e\x{301}e\x{301}e\x{301}e\x{301}e\x{301}e\x{301}e\x{301}e\x{301}e\x{301}e\x{301}e\x{301}e\x{301}e\x{301}e\x{301}e\x{301}e\x{301}e\x{301}e\x{301}e\x{301}e\x{301}e\x{301}e\x{301}e\x{301}e\x{301}e\x{301}e\x{301}e\x{301}e\x{301}e\x{301}e\x{301}e\x{301} e\x{301} e\x{301}e\x{301}e\x{301}e\x{301}e\x{301}e\x{301}e\x{301}e\x{301}e\x{301}e\x{301}e\x{301}e\x{301}e\x{301}e\x{301}e\x{301}e\x{301}e\x{301}e\x{301}e\x{301}e\x{301}e\x{301}e\x{301}e\x{301}e\x{301}e\x{301}e\x{301}e\x{301}e\x{301}e\x{301}e\x{301}e\x{301}e\x{301}e\x{301}e\x{301}e\x{301}e\x{301}e\x{301}e\x{301}e\x{301}e\x{301}e\x{301}e\x{301}e\x{301} e\x{301}e\x{301}e\x{301}e\x{301}e\x{301}e\x{301}e\x{301}e\x{301}e\x{301}e\x{301}e\x{301}e\x{301}e\x{301}e\x{301}e\x{301}e\x{301}e\x{301}e\x{301}e\x{301}e\x{301}e\x{301}e\x{301}e\x{301}e\x{301}e\x{301}e\x{301}e\x{301}e\x{301}e\x{301}e\x{301} e\x{301}e\x{301}e\x{301}e\x{301}e\x{301}e\x{301}e\x{301}e\x{301}e\x{301}e\x{301}e\x{301}e\x{301}e\x{301}e\x{301}e\x{301}e\x{301}e\x{301}e\x{301}e\x{301}e\x{301}e\x{301}e\x{301}"
          text run at (924,432) width 0: " "
          text run at (0,448) width 924: "e\x{301}e\x{301}e\x{301}e\x{301}e\x{301}e\x{301}e\x{301}e\x{301}e\x{301}e\x{301}e\x{301}e\x{301}e\x{301}e\x{301}e\x{301}e\x{301}e\x{301}e\x{301}e\x{301}e\x{301}e\x{301}e\x{301}e\x{301}e\x{301}e\x{301}e\x{301}e\x{301}e\x{301}e\x{301}e\x{301}e\x{301}e\x{301} e\x{301} e\x{301}e\x{301}e\x{301}e\x{301}e\x{301}e\x{301}e\x{301}e\x{301}e\x{301}e\x{301}e\x{301}e\x{301}e\x{301}e\x{301}e\x{301}e\x{301}e\x{301}e\x{301}e\x{301}e\x{301}e\x{301}e\x{301}e\x{301}e\x{301}e\x{301}e\x{301}e\x{301}e\x{301}e\x{301}e\x{301}e\x{301}e\x{301}e\x{301}e\x{301}e\x{301}e\x{301}e\x{301}e\x{301}e\x{301}e\x{301}e\x{301}e\x{301}e\x{301} e\x{301}e\x{301}e\x{301}e\x{301}e\x{301}e\x{301}e\x{301}e\x{301}e\x{301}e\x{301}e\x{301}e\x{301}e\x{301}e\x{301}e\x{301}e\x{301}e\x{301}e\x{301}e\x{301}e\x{301}e\x{301}e\x{301}e\x{301}e\x{301}e\x{301}e\x{301}e\x{301}e\x{301}e\x{301}e\x{301} e\x{301}e\x{301}e\x{301}e\x{301}e\x{301}e\x{301}e\x{301}e\x{301}e\x{301}e\x{301}e\x{301}e\x{301}e\x{301}e\x{301}e\x{301}e\x{301}e\x{301}e\x{301}e\x{301}e\x{301}e\x{301}e\x{301}"
          text run at (924,448) width 0: " "
          text run at (0,464) width 924: "e\x{301}e\x{301}e\x{301}e\x{301}e\x{301}e\x{301}e\x{301}e\x{301}e\x{301}e\x{301}e\x{301}e\x{301}e\x{301}e\x{301}e\x{301}e\x{301}e\x{301}e\x{301}e\x{301}e\x{301}e\x{301}e\x{301}e\x{301}e\x{301}e\x{301}e\x{301}e\x{301}e\x{301}e\x{301}e\x{301}e\x{301}e\x{301} e\x{301} e\x{301}e\x{301}e\x{301}e\x{301}e\x{301}e\x{301}e\x{301}e\x{301}e\x{301}e\x{301}e\x{301}e\x{301}e\x{301}e\x{301}e\x{301}e\x{301}e\x{301}e\x{301}e\x{301}e\x{301}e\x{301}e\x{301}e\x{301}e\x{301}e\x{301}e\x{301}e\x{301}e\x{301}e\x{301}e\x{301}e\x{301}e\x{301}e\x{301}e\x{301}e\x{301}e\x{301}e\x{301}e\x{301}e\x{301}e\x{301}e\x{301}e\x{301}e\x{301} e\x{301}e\x{301}e\x{301}e\x{301}e\x{301}e\x{301}e\x{301}e\x{301}e\x{301}e\x{301}e\x{301}e\x{301}e\x{301}e\x{301}e\x{301}e\x{301}e\x{301}e\x{301}e\x{301}e\x{301}e\x{301}e\x{301}e\x{301}e\x{301}e\x{301}e\x{301}e\x{301}e\x{301}e\x{301}e\x{301} e\x{301}e\x{301}e\x{301}e\x{301}e\x{301}e\x{301}e\x{301}e\x{301}e\x{301}e\x{301}e\x{301}e\x{301}e\x{301}e\x{301}e\x{301}e\x{301}e\x{301}e\x{301}e\x{301}e\x{301}e\x{301}e\x{301}"
          text run at (924,464) width 0: " "
          text run at (0,480) width 924: "e\x{301}e\x{301}e\x{301}e\x{301}e\x{301}e\x{301}e\x{301}e\x{301}e\x{301}e\x{301}e\x{301}e\x{301}e\x{301}e\x{301}e\x{301}e\x{301}e\x{301}e\x{301}e\x{301}e\x{301}e\x{301}e\x{301}e\x{301}e\x{301}e\x{301}e\x{301}e\x{301}e\x{301}e\x{301}e\x{301}e\x{301}e\x{301} e\x{301} e\x{301}e\x{301}e\x{301}e\x{301}e\x{301}e\x{301}e\x{301}e\x{301}e\x{301}e\x{301}e\x{301}e\x{301}e\x{301}e\x{301}e\x{301}e\x{301}e\x{301}e\x{301}e\x{301}e\x{301}e\x{301}e\x{301}e\x{301}e\x{301}e\x{301}e\x{301}e\x{301}e\x{301}e\x{301}e\x{301}e\x{301}e\x{301}e\x{301}e\x{301}e\x{301}e\x{301}e\x{301}e\x{301}e\x{301}e\x{301}e\x{301}e\x{301}e\x{301} e\x{301}e\x{301}e\x{301}e\x{301}e\x{301}e\x{301}e\x{301}e\x{301}e\x{301}e\x{301}e\x{301}e\x{301}e\x{301}e\x{301}e\x{301}e\x{301}e\x{301}e\x{301}e\x{301}e\x{301}e\x{301}e\x{301}e\x{301}e\x{301}e\x{301}e\x{301}e\x{301}e\x{301}e\x{301}e\x{301} e\x{301}e\x{301}e\x{301}e\x{301}e\x{301}e\x{301}e\x{301}e\x{301}e\x{301}e\x{301}e\x{301}e\x{301}e\x{301}e\x{301}e\x{301}e\x{301}e\x{301}e\x{301}e\x{301}e\x{301}e\x{301}e\x{301}"
          text run at (924,480) width 0: " "
          text run at (0,496) width 924: "e\x{301}e\x{301}e\x{301}e\x{301}e\x{301}e\x{301}e\x{301}e\x{301}e\x{301}e\x{301}e\x{301}e\x{301}e\x{301}e\x{301}e\x{301}e\x{301}e\x{301}e\x{301}e\x{301}e\x{301}e\x{301}e\x{301}e\x{301}e\x{301}e\x{301}e\x{301}e\x{301}e\x{301}e\x{301}e\x{301}e\x{301}e\x{301} e\x{301} e\x{301}e\x{301}e\x{301}e\x{301}e\x{301}e\x{301}e\x{301}e\x{301}e\x{301}e\x{301}e\x{301}e\x{301}e\x{301}e\x{301}e\x{301}e\x{301}e\x{301}e\x{301}e\x{301}e\x{301}e\x{301}e\x{301}e\x{301}e\x{301}e\x{301}e\x{301}e\x{301}e\x{301}e\x{301}e\x{301}e\x{301}e\x{301}e\x{301}e\x{301}e\x{301}e\x{301}e\x{301}e\x{301}e\x{301}e\x{301}e\x{301}e\x{301}e\x{301} e\x{301}e\x{301}e\x{301}e\x{301}e\x{301}e\x{301}e\x{301}e\x{301}e\x{301}e\x{301}e\x{301}e\x{301}e\x{301}e\x{301}e\x{301}e\x{301}e\x{301}e\x{301}e\x{301}e\x{301}e\x{301}e\x{301}e\x{301}e\x{301}e\x{301}e\x{301}e\x{301}e\x{301}e\x{301}e\x{301} e\x{301}e\x{301}e\x{301}e\x{301}e\x{301}e\x{301}e\x{301}e\x{301}e\x{301}e\x{301}e\x{301}e\x{301}e\x{301}e\x{301}e\x{301}e\x{301}e\x{301}e\x{301}e\x{301}e\x{301}e\x{301}e\x{301}"
          text run at (924,496) width 0: " "
          text run at (0,512) width 924: "e\x{301}e\x{301}e\x{301}e\x{301}e\x{301}e\x{301}e\x{301}e\x{301}e\x{301}e\x{301}e\x{301}e\x{301}e\x{301}e\x{301}e\x{301}e\x{301}e\x{301}e\x{301}e\x{301}e\x{301}e\x{301}e\x{301}e\x{301}e\x{301}e\x{301}e\x{301}e\x{301}e\x{301}e\x{301}e\x{301}e\x{301}e\x{301} e\x{301} e\x{301}e\x{301}e\x{301}e\x{301}e\x{301}e\x{301}e\x{301}e\x{301}e\x{301}e\x{301}e\x{301}e\x{301}e\x{301}e\x{301}e\x{301}e\x{301}e\x{301}e\x{301}e\x{301}e\x{301}e\x{301}e\x{301}e\x{301}e\x{301}e\x{301}e\x{301}e\x{301}e\x{301}e\x{301}e\x{301}e\x{301}e\x{301}e\x{301}e\x{301}e\x{301}e\x{301}e\x{301}e\x{301}e\x{301}e\x{301}e\x{301}e\x{301}e\x{301} e\x{301}e\x{301}e\x{301}e\x{301}e\x{301}e\x{301}e\x{301}e\x{301}e\x{301}e\x{301}e\x{301}e\x{301}e\x{301}e\x{301}e\x{301}e\x{301}e\x{301}e\x{301}e\x{301}e\x{301}e\x{301}e\x{301}e\x{301}e\x{301}e\x{301}e\x{301}e\x{301}e\x{301}e\x{301}e\x{301} e\x{301}e\x{301}e\x{301}e\x{301}e\x{301}e\x{301}e\x{301}e\x{301}e\x{301}e\x{301}e\x{301}e\x{301}e\x{301}e\x{301}e\x{301}e\x{301}e\x{301}e\x{301}e\x{301}e\x{301}e\x{301}e\x{301}"
          text run at (924,512) width 0: " "
          text run at (0,528) width 924: "e\x{301}e\x{301}e\x{301}e\x{301}e\x{301}e\x{301}e\x{301}e\x{301}e\x{301}e\x{301}e\x{301}e\x{301}e\x{301}e\x{301}e\x{301}e\x{301}e\x{301}e\x{301}e\x{301}e\x{301}e\x{301}e\x{301}e\x{301}e\x{301}e\x{301}e\x{301}e\x{301}e\x{301}e\x{301}e\x{301}e\x{301}e\x{301} e\x{301} e\x{301}e\x{301}e\x{301}e\x{301}e\x{301}e\x{301}e\x{301}e\x{301}e\x{301}e\x{301}e\x{301}e\x{301}e\x{301}e\x{301}e\x{301}e\x{301}e\x{301}e\x{301}e\x{301}e\x{301}e\x{301}e\x{301}e\x{301}e\x{301}e\x{301}e\x{301}e\x{301}e\x{301}e\x{301}e\x{301}e\x{301}e\x{301}e\x{301}e\x{301}e\x{301}e\x{301}e\x{301}e\x{301}e\x{301}e\x{301}e\x{301}e\x{301}e\x{301} e\x{301}e\x{301}e\x{301}e\x{301}e\x{301}e\x{301}e\x{301}e\x{301}e\x{301}e\x{301}e\x{301}e\x{301}e\x{301}e\x{301}e\x{301}e\x{301}e\x{301}e\x{301}e\x{301}e\x{301}e\x{301}e\x{301}e\x{301}e\x{301}e\x{301}e\x{301}e\x{301}e\x{301}e\x{301}e\x{301} e\x{301}e\x{301}e\x{301}e\x{301}e\x{301}e\x{301}e\x{301}e\x{301}e\x{301}e\x{301}e\x{301}e\x{301}e\x{301}e\x{301}e\x{301}e\x{301}e\x{301}e\x{301}e\x{301}e\x{301}e\x{301}e\x{301}"
          text run at (924,528) width 0: " "
          text run at (0,544) width 924: "e\x{301}e\x{301}e\x{301}e\x{301}e\x{301}e\x{301}e\x{301}e\x{301}e\x{301}e\x{301}e\x{301}e\x{301}e\x{301}e\x{301}e\x{301}e\x{301}e\x{301}e\x{301}e\x{301}e\x{301}e\x{301}e\x{301}e\x{301}e\x{301}e\x{301}e\x{301}e\x{301}e\x{301}e\x{301}e\x{301}e\x{301}e\x{301} e\x{301} e\x{301}e\x{301}e\x{301}e\x{301}e\x{301}e\x{301}e\x{301}e\x{301}e\x{301}e\x{301}e\x{301}e\x{301}e\x{301}e\x{301}e\x{301}e\x{301}e\x{301}e\x{301}e\x{301}e\x{301}e\x{301}e\x{301}e\x{301}e\x{301}e\x{301}e\x{301}e\x{301}e\x{301}e\x{301}e\x{301}e\x{301}e\x{301}e\x{301}e\x{301}e\x{301}e\x{301}e\x{301}e\x{301}e\x{301}e\x{301}e\x{301}e\x{301}e\x{301} e\x{301}e\x{301}e\x{301}e\x{301}e\x{301}e\x{301}e\x{301}e\x{301}e\x{301}e\x{301}e\x{301}e\x{301}e\x{301}e\x{301}e\x{301}e\x{301}e\x{301}e\x{301}e\x{301}e\x{301}e\x{301}e\x{301}e\x{301}e\x{301}e\x{301}e\x{301}e\x{301}e\x{301}e\x{301}e\x{301} e\x{301}e\x{301}e\x{301}e\x{301}e\x{301}e\x{301}e\x{301}e\x{301}e\x{301}e\x{301}e\x{301}e\x{301}e\x{301}e\x{301}e\x{301}e\x{301}e\x{301}e\x{301}e\x{301}e\x{301}e\x{301}e\x{301}"
          text run at (924,544) width 0: " "
          text run at (0,560) width 924: "e\x{301}e\x{301}e\x{301}e\x{301}e\x{301}e\x{301}e\x{301}e\x{301}e\x{301}e\x{301}e\x{301}e\x{301}e\x{301}e\x{301}e\x{301}e\x{301}e\x{301}e\x{301}e\x{301}e\x{301}e\x{301}e\x{301}e\x{301}e\x{301}e\x{301}e\x{301}e\x{301}e\x{301}e\x{301}e\x{301}e\x{301}e\x{301} e\x{301} e\x{301}e\x{301}e\x{301}e\x{301}e\x{301}e\x{301}e\x{301}e\x{301}e\x{301}e\x{301}e\x{301}e\x{301}e\x{301}e\x{301}e\x{301}e\x{301}e\x{301}e\x{301}e\x{301}e\x{301}e\x{301}e\x{301}e\x{301}e\x{301}e\x{301}e\x{301}e\x{301}e\x{301}e\x{301}e\x{301}e\x{301}e\x{301}e\x{301}e\x{301}e\x{301}e\x{301}e\x{301}e\x{301}e\x{301}e\x{301}e\x{301}e\x{301}e\x{301} e\x{301}e\x{301}e\x{301}e\x{301}e\x{301}e\x{301}e\x{301}e\x{301}e\x{301}e\x{301}e\x{301}e\x{301}e\x{301}e\x{301}e\x{301}e\x{301}e\x{301}e\x{301}e\x{301}e\x{301}e\x{301}e\x{301}e\x{301}e\x{301}e\x{301}e\x{301}e\x{301}e\x{301}e\x{301}e\x{301} e\x{301}e\x{301}e\x{301}e\x{301}e\x{301}e\x{301}e\x{301}e\x{301}e\x{301}e\x{301}e\x{301}e\x{301}e\x{301}e\x{301}e\x{301}e\x{301}e\x{301}e\x{301}e\x{301}e\x{301}e\x{301}e\x{301}"
          text run at (924,560) width 0: " "
          text run at (0,576) width 924: "e\x{301}e\x{301}e\x{301}e\x{301}e\x{301}e\x{301}e\x{301}e\x{301}e\x{301}e\x{301}e\x{301}e\x{301}e\x{301}e\x{301}e\x{301}e\x{301}e\x{301}e\x{301}e\x{301}e\x{301}e\x{301}e\x{301}e\x{301}e\x{301}e\x{301}e\x{301}e\x{301}e\x{301}e\x{301}e\x{301}e\x{301}e\x{301} e\x{301} e\x{301}e\x{301}e\x{301}e\x{301}e\x{301}e\x{301}e\x{301}e\x{301}e\x{301}e\x{301}e\x{301}e\x{301}e\x{301}e\x{301}e\x{301}e\x{301}e\x{301}e\x{301}e\x{301}e\x{301}e\x{301}e\x{301}e\x{301}e\x{301}e\x{301}e\x{301}e\x{301}e\x{301}e\x{301}e\x{301}e\x{301}e\x{301}e\x{301}e\x{301}e\x{301}e\x{301}e\x{301}e\x{301}e\x{301}e\x{301}e\x{301}e\x{301}e\x{301} e\x{301}e\x{301}e\x{301}e\x{301}e\x{301}e\x{301}e\x{301}e\x{301}e\x{301}e\x{301}e\x{301}e\x{301}e\x{301}e\x{301}e\x{301}e\x{301}e\x{301}e\x{301}e\x{301}e\x{301}e\x{301}e\x{301}e\x{301}e\x{301}e\x{301}e\x{301}e\x{301}e\x{301}e\x{301}e\x{301} e\x{301}e\x{301}e\x{301}e\x{301}e\x{301}e\x{301}e\x{301}e\x{301}e\x{301}e\x{301}e\x{301}e\x{301}e\x{301}e\x{301}e\x{301}e\x{301}e\x{301}e\x{301}e\x{301}e\x{301}e\x{301}e\x{301}"
          text run at (924,576) width 0: " "
          text run at (0,592) width 924: "e\x{301}e\x{301}e\x{301}e\x{301}e\x{301}e\x{301}e\x{301}e\x{301}e\x{301}e\x{301}e\x{301}e\x{301}e\x{301}e\x{301}e\x{301}e\x{301}e\x{301}e\x{301}e\x{301}e\x{301}e\x{301}e\x{301}e\x{301}e\x{301}e\x{301}e\x{301}e\x{301}e\x{301}e\x{301}e\x{301}e\x{301}e\x{301} e\x{301} e\x{301}e\x{301}e\x{301}e\x{301}e\x{301}e\x{301}e\x{301}e\x{301}e\x{301}e\x{301}e\x{301}e\x{301}e\x{301}e\x{301}e\x{301}e\x{301}e\x{301}e\x{301}e\x{301}e\x{301}e\x{301}e\x{301}e\x{301}e\x{301}e\x{301}e\x{301}e\x{301}e\x{301}e\x{301}e\x{301}e\x{301}e\x{301}e\x{301}e\x{301}e\x{301}e\x{301}e\x{301}e\x{301}e\x{301}e\x{301}e\x{301}e\x{301}e\x{301} e\x{301}e\x{301}e\x{301}e\x{301}e\x{301}e\x{301}e\x{301}e\x{301}e\x{301}e\x{301}e\x{301}e\x{301}e\x{301}e\x{301}e\x{301}e\x{301}e\x{301}e\x{301}e\x{301}e\x{301}e\x{301}e\x{301}e\x{301}e\x{301}e\x{301}e\x{301}e\x{301}e\x{301}e\x{301}e\x{301} e\x{301}e\x{301}e\x{301}e\x{301}e\x{301}e\x{301}e\x{301}e\x{301}e\x{301}e\x{301}e\x{301}e\x{301}e\x{301}e\x{301}e\x{301}e\x{301}e\x{301}e\x{301}e\x{301}e\x{301}e\x{301}e\x{301}"
          text run at (924,592) width 0: " "
          text run at (0,608) width 924: "e\x{301}e\x{301}e\x{301}e\x{301}e\x{301}e\x{301}e\x{301}e\x{301}e\x{301}e\x{301}e\x{301}e\x{301}e\x{301}e\x{301}e\x{301}e\x{301}e\x{301}e\x{301}e\x{301}e\x{301}e\x{301}e\x{301}e\x{301}e\x{301}e\x{301}e\x{301}e\x{301}e\x{301}e\x{301}e\x{301}e\x{301}e\x{301} e\x{301} e\x{301}e\x{301}e\x{301}e\x{301}e\x{301}e\x{301}e\x{301}e\x{301}e\x{301}e\x{301}e\x{301}e\x{301}e\x{301}e\x{301}e\x{301}e\x{301}e\x{301}e\x{301}e\x{301}e\x{301}e\x{301}e\x{301}e\x{301}e\x{301}e\x{301}e\x{301}e\x{301}e\x{301}e\x{301}e\x{301}e\x{301}e\x{301}e\x{301}e\x{301}e\x{301}e\x{301}e\x{301}e\x{301}e\x{301}e\x{301}e\x{301}e\x{301}e\x{301} e\x{301}e\x{301}e\x{301}e\x{301}e\x{301}e\x{301}e\x{301}e\x{301}e\x{301}e\x{301}e\x{301}e\x{301}e\x{301}e\x{301}e\x{301}e\x{301}e\x{301}e\x{301}e\x{301}e\x{301}e\x{301}e\x{301}e\x{301}e\x{301}e\x{301}e\x{301}e\x{301}e\x{301}e\x{301}e\x{301} e\x{301}e\x{301}e\x{301}e\x{301}e\x{301}e\x{301}e\x{301}e\x{301}e\x{301}e\x{301}e\x{301}e\x{301}e\x{301}e\x{301}e\x{301}e\x{301}e\x{301}e\x{301}e\x{301}e\x{301}e\x{301}e\x{301}"
          text run at (924,608) width 0: " "
          text run at (0,624) width 924: "e\x{301}e\x{301}e\x{301}e\x{301}e\x{301}e\x{301}e\x{301}e\x{301}e\x{301}e\x{301}e\x{301}e\x{301}e\x{301}e\x{301}e\x{301}e\x{301}e\x{301}e\x{301}e\x{301}e\x{301}e\x{301}e\x{301}e\x{301}e\x{301}e\x{301}e\x{301}e\x{301}e\x{301}e\x{301}e\x{301}e\x{301}e\x{301} e\x{301} e\x{301}e\x{301}e\x{301}e\x{301}e\x{301}e\x{301}e\x{301}e\x{301}e\x{301}e\x{301}e\x{301}e\x{301}e\x{301}e\x{301}e\x{301}e\x{301}e\x{301}e\x{301}e\x{301}e\x{301}e\x{301}e\x{301}e\x{301}e\x{301}e\x{301}e\x{301}e\x{301}e\x{301}e\x{301}e\x{301}e\x{301}e\x{301}e\x{301}e\x{301}e\x{301}e\x{301}e\x{301}e\x{301}e\x{301}e\x{301}e\x{301}e\x{301}e\x{301} e\x{301}e\x{301}e\x{301}e\x{301}e\x{301}e\x{301}e\x{301}e\x{301}e\x{301}e\x{301}e\x{301}e\x{301}e\x{301}e\x{301}e\x{301}e\x{301}e\x{301}e\x{301}e\x{301}e\x{301}e\x{301}e\x{301}e\x{301}e\x{301}e\x{301}e\x{301}e\x{301}e\x{301}e\x{301}e\x{301} e\x{301}e\x{301}e\x{301}e\x{301}e\x{301}e\x{301}e\x{301}e\x{301}e\x{301}e\x{301}e\x{301}e\x{301}e\x{301}e\x{301}e\x{301}e\x{301}e\x{301}e\x{301}e\x{301}e\x{301}e\x{301}e\x{301}"
          text run at (924,624) width 0: " "
          text run at (0,640) width 924: "e\x{301}e\x{301}e\x{301}e\x{301}e\x{301}e\x{301}e\x{301}e\x{301}e\x{301}e\x{301}e\x{301}e\x{301}e\x{301}e\x{301}e\x{301}e\x{301}e\x{301}e\x{301}e\x{301}e\x{301}e\x{301}e\x{301}e\x{301}e\x{301}e\x{301}e\x{301}e\x{301}e\x{301}e\x{301}e\x{301}e\x{301}e\x{301} e\x{301} e\x{301}e\x{301}e\x{301}e\x{301}e\x{301}e\x{301}e\x{301}e\x{301}e\x{301}e\x{301}e\x{301}e\x{301}e\x{301}e\x{301}e\x{301}e\x{301}e\x{301}e\x{301}e\x{301}e\x{301}e\x{301}e\x{301}e\x{301}e\x{301}e\x{301}e\x{301}e\x{301}e\x{301}e\x{301}e\x{301}e\x{301}e\x{301}e\x{301}e\x{301}e\x{301}e\x{301}e\x{301}e\x{301}e\x{301}e\x{301}e\x{301}e\x{301}e\x{301} e\x{301}e\x{301}e\x{301}e\x{301}e\x{301}e\x{301}e\x{301}e\x{301}e\x{301}e\x{301}e\x{301}e\x{301}e\x{301}e\x{301}e\x{301}e\x{301}e\x{301}e\x{301}e\x{301}e\x{301}e\x{301}e\x{301}e\x{301}e\x{301}e\x{301}e\x{301}e\x{301}e\x{301}e\x{301}e\x{301} e\x{301}e\x{301}e\x{301}e\x{301}e\x{301}e\x{301}e\x{301}e\x{301}e\x{301}e\x{301}e\x{301}e\x{301}e\x{301}e\x{301}e\x{301}e\x{301}e\x{301}e\x{301}e\x{301}e\x{301}e\x{301}e\x{301}"
          text run at (924,640) width 0: " "
          text run at (0,656) width 924: "e\x{301}e\x{301}e\x{301}e\x{301}e\x{301}e\x{301}e\x{301}e\x{301}e\x{301}e\x{301}e\x{301}e\x{301}e\x{301}e\x{301}e\x{301}e\x{301}e\x{301}e\x{301}e\x{301}e\x{301}e\x{301}e\x{301}e\x{301}e\x{301}e\x{301}e\x{301}e\x{301}e\x{301}e\x{301}e\x{301}e\x{301}e\x{301} e\x{301} e\x{301}e\x{301}e\x{301}e\x{301}e\x{301}e\x{301}e\x{301}e\x{301}e\x{301}e\x{301}e\x{301}e\x{301}e\x{301}e\x{301}e\x{301}e\x{301}e\x{301}e\x{301}e\x{301}e\x{301}e\x{301}e\x{301}e\x{301}e\x{301}e\x{301}e\x{301}e\x{301}e\x{301}e\x{301}e\x{301}e\x{301}e\x{301}e\x{301}e\x{301}e\x{301}e\x{301}e\x{301}e\x{301}e\x{301}e\x{301}e\x{301}e\x{301}e\x{301} e\x{301}e\x{301}e\x{301}e\x{301}e\x{301}e\x{301}e\x{301}e\x{301}e\x{301}e\x{301}e\x{301}e\x{301}e\x{301}e\x{301}e\x{301}e\x{301}e\x{301}e\x{301}e\x{301}e\x{301}e\x{301}e\x{301}e\x{301}e\x{301}e\x{301}e\x{301}e\x{301}e\x{301}e\x{301}e\x{301} e\x{301}e\x{301}e\x{301}e\x{301}e\x{301}e\x{301}e\x{301}e\x{301}e\x{301}e\x{301}e\x{301}e\x{301}e\x{301}e\x{301}e\x{301}e\x{301}e\x{301}e\x{301}e\x{301}e\x{301}e\x{301}e\x{301}"
          text run at (924,656) width 0: " "
          text run at (0,672) width 924: "e\x{301}e\x{301}e\x{301}e\x{301}e\x{301}e\x{301}e\x{301}e\x{301}e\x{301}e\x{301}e\x{301}e\x{301}e\x{301}e\x{301}e\x{301}e\x{301}e\x{301}e\x{301}e\x{301}e\x{301}e\x{301}e\x{301}e\x{301}e\x{301}e\x{301}e\x{301}e\x{301}e\x{301}e\x{301}e\x{301}e\x{301}e\x{301} e\x{301} e\x{301}e\x{301}e\x{301}e\x{301}e\x{301}e\x{301}e\x{301}e\x{301}e\x{301}e\x{301}e\x{301}e\x{301}e\x{301}e\x{301}e\x{301}e\x{301}e\x{301}e\x{301}e\x{301}e\x{301}e\x{301}e\x{301}e\x{301}e\x{301}e\x{301}e\x{301}e\x{301}e\x{301}e\x{301}e\x{301}e\x{301}e\x{301}e\x{301}e\x{301}e\x{301}e\x{301}e\x{301}e\x{301}e\x{301}e\x{301}e\x{301}e\x{301}e\x{301} e\x{301}e\x{301}e\x{301}e\x{301}e\x{301}e\x{301}e\x{301}e\x{301}e\x{301}e\x{301}e\x{301}e\x{301}e\x{301}e\x{301}e\x{301}e\x{301}e\x{301}e\x{301}e\x{301}e\x{301}e\x{301}e\x{301}e\x{301}e\x{301}e\x{301}e\x{301}e\x{301}e\x{301}e\x{301}e\x{301} e\x{301}e\x{301}e\x{301}e\x{301}e\x{301}e\x{301}e\x{301}e\x{301}e\x{301}e\x{301}e\x{301}e\x{301}e\x{301}e\x{301}e\x{301}e\x{301}e\x{301}e\x{301}e\x{301}e\x{301}e\x{301}e\x{301}"
          text run at (924,672) width 0: " "
          text run at (0,688) width 924: "e\x{301}e\x{301}e\x{301}e\x{301}e\x{301}e\x{301}e\x{301}e\x{301}e\x{301}e\x{301}e\x{301}e\x{301}e\x{301}e\x{301}e\x{301}e\x{301}e\x{301}e\x{301}e\x{301}e\x{301}e\x{301}e\x{301}e\x{301}e\x{301}e\x{301}e\x{301}e\x{301}e\x{301}e\x{301}e\x{301}e\x{301}e\x{301} e\x{301} e\x{301}e\x{301}e\x{301}e\x{301}e\x{301}e\x{301}e\x{301}e\x{301}e\x{301}e\x{301}e\x{301}e\x{301}e\x{301}e\x{301}e\x{301}e\x{301}e\x{301}e\x{301}e\x{301}e\x{301}e\x{301}e\x{301}e\x{301}e\x{301}e\x{301}e\x{301}e\x{301}e\x{301}e\x{301}e\x{301}e\x{301}e\x{301}e\x{301}e\x{301}e\x{301}e\x{301}e\x{301}e\x{301}e\x{301}e\x{301}e\x{301}e\x{301}e\x{301} e\x{301}e\x{301}e\x{301}e\x{301}e\x{301}e\x{301}e\x{301}e\x{301}e\x{301}e\x{301}e\x{301}e\x{301}e\x{301}e\x{301}e\x{301}e\x{301}e\x{301}e\x{301}e\x{301}e\x{301}e\x{301}e\x{301}e\x{301}e\x{301}e\x{301}e\x{301}e\x{301}e\x{301}e\x{301}e\x{301} e\x{301}e\x{301}e\x{301}e\x{301}e\x{301}e\x{301}e\x{301}e\x{301}e\x{301}e\x{301}e\x{301}e\x{301}e\x{301}e\x{301}e\x{301}e\x{301}e\x{301}e\x{301}e\x{301}e\x{301}e\x{301}e\x{301}"
          text run at (924,688) width 0: " "
          text run at (0,704) width 924: "e\x{301}e\x{301}e\x{301}e\x{301}e\x{301}e\x{301}e\x{301}e\x{301}e\x{301}e\x{301}e\x{301}e\x{301}e\x{301}e\x{301}e\x{301}e\x{301}e\x{301}e\x{301}e\x{301}e\x{301}e\x{301}e\x{301}e\x{301}e\x{301}e\x{301}e\x{301}e\x{301}e\x{301}e\x{301}e\x{301}e\x{301}e\x{301} e\x{301} e\x{301}e\x{301}e\x{301}e\x{301}e\x{301}e\x{301}e\x{301}e\x{301}e\x{301}e\x{301}e\x{301}e\x{301}e\x{301}e\x{301}e\x{301}e\x{301}e\x{301}e\x{301}e\x{301}e\x{301}e\x{301}e\x{301}e\x{301}e\x{301}e\x{301}e\x{301}e\x{301}e\x{301}e\x{301}e\x{301}e\x{301}e\x{301}e\x{301}e\x{301}e\x{301}e\x{301}e\x{301}e\x{301}e\x{301}e\x{301}e\x{301}e\x{301}e\x{301} e\x{301}e\x{301}e\x{301}e\x{301}e\x{301}e\x{301}e\x{301}e\x{301}e\x{301}e\x{301}e\x{301}e\x{301}e\x{301}e\x{301}e\x{301}e\x{301}e\x{301}e\x{301}e\x{301}e\x{301}e\x{301}e\x{301}e\x{301}e\x{301}e\x{301}e\x{301}e\x{301}e\x{301}e\x{301}e\x{301} e\x{301}e\x{301}e\x{301}e\x{301}e\x{301}e\x{301}e\x{301}e\x{301}e\x{301}e\x{301}e\x{301}e\x{301}e\x{301}e\x{301}e\x{301}e\x{301}e\x{301}e\x{301}e\x{301}e\x{301}e\x{301}e\x{301}"
          text run at (924,704) width 0: " "
          text run at (0,720) width 924: "e\x{301}e\x{301}e\x{301}e\x{301}e\x{301}e\x{301}e\x{301}e\x{301}e\x{301}e\x{301}e\x{301}e\x{301}e\x{301}e\x{301}e\x{301}e\x{301}e\x{301}e\x{301}e\x{301}e\x{301}e\x{301}e\x{301}e\x{301}e\x{301}e\x{301}e\x{301}e\x{301}e\x{301}e\x{301}e\x{301}e\x{301}e\x{301} e\x{301} e\x{301}e\x{301}e\x{301}e\x{301}e\x{301}e\x{301}e\x{301}e\x{301}e\x{301}e\x{301}e\x{301}e\x{301}e\x{301}e\x{301}e\x{301}e\x{301}e\x{301}e\x{301}e\x{301}e\x{301}e\x{301}e\x{301}e\x{301}e\x{301}e\x{301}e\x{301}e\x{301}e\x{301}e\x{301}e\x{301}e\x{301}e\x{301}e\x{301}e\x{301}e\x{301}e\x{301}e\x{301}e\x{301}e\x{301}e\x{301}e\x{301}e\x{301}e\x{301} e\x{301}e\x{301}e\x{301}e\x{301}e\x{301}e\x{301}e\x{301}e\x{301}e\x{301}e\x{301}e\x{301}e\x{301}e\x{301}e\x{301}e\x{301}e\x{301}e\x{301}e\x{301}e\x{301}e\x{301}e\x{301}e\x{301}e\x{301}e\x{301}e\x{301}e\x{301}e\x{301}e\x{301}e\x{301}e\x{301} e\x{301}e\x{301}e\x{301}e\x{301}e\x{301}e\x{301}e\x{301}e\x{301}e\x{301}e\x{301}e\x{301}e\x{301}e\x{301}e\x{301}e\x{301}e\x{301}e\x{301}e\x{301}e\x{301}e\x{301}e\x{301}e\x{301}"
          text run at (924,720) width 0: " "
          text run at (0,736) width 924: "e\x{301}e\x{301}e\x{301}e\x{301}e\x{301}e\x{301}e\x{301}e\x{301}e\x{301}e\x{301}e\x{301}e\x{301}e\x{301}e\x{301}e\x{301}e\x{301}e\x{301}e\x{301}e\x{301}e\x{301}e\x{301}e\x{301}e\x{301}e\x{301}e\x{301}e\x{301}e\x{301}e\x{301}e\x{301}e\x{301}e\x{301}e\x{301} e\x{301} e\x{301}e\x{301}e\x{301}e\x{301}e\x{301}e\x{301}e\x{301}e\x{301}e\x{301}e\x{301}e\x{301}e\x{301}e\x{301}e\x{301}e\x{301}e\x{301}e\x{301}e\x{301}e\x{301}e\x{301}e\x{301}e\x{301}e\x{301}e\x{301}e\x{301}e\x{301}e\x{301}e\x{301}e\x{301}e\x{301}e\x{301}e\x{301}e\x{301}e\x{301}e\x{301}e\x{301}e\x{301}e\x{301}e\x{301}e\x{301}e\x{301}e\x{301}e\x{301} e\x{301}e\x{301}e\x{301}e\x{301}e\x{301}e\x{301}e\x{301}e\x{301}e\x{301}e\x{301}e\x{301}e\x{301}e\x{301}e\x{301}e\x{301}e\x{301}e\x{301}e\x{301}e\x{301}e\x{301}e\x{301}e\x{301}e\x{301}e\x{301}e\x{301}e\x{301}e\x{301}e\x{301}e\x{301}e\x{301} e\x{301}e\x{301}e\x{301}e\x{301}e\x{301}e\x{301}e\x{301}e\x{301}e\x{301}e\x{301}e\x{301}e\x{301}e\x{301}e\x{301}e\x{301}e\x{301}e\x{301}e\x{301}e\x{301}e\x{301}e\x{301}e\x{301}"
          text run at (924,736) width 0: " "
          text run at (0,752) width 924: "e\x{301}e\x{301}e\x{301}e\x{301}e\x{301}e\x{301}e\x{301}e\x{301}e\x{301}e\x{301}e\x{301}e\x{301}e\x{301}e\x{301}e\x{301}e\x{301}e\x{301}e\x{301}e\x{301}e\x{301}e\x{301}e\x{301}e\x{301}e\x{301}e\x{301}e\x{301}e\x{301}e\x{301}e\x{301}e\x{301}e\x{301}e\x{301} e\x{301} e\x{301}e\x{301}e\x{301}e\x{301}e\x{301}e\x{301}e\x{301}e\x{301}e\x{301}e\x{301}e\x{301}e\x{301}e\x{301}e\x{301}e\x{301}e\x{301}e\x{301}e\x{301}e\x{301}e\x{301}e\x{301}e\x{301}e\x{301}e\x{301}e\x{301}e\x{301}e\x{301}e\x{301}e\x{301}e\x{301}e\x{301}e\x{301}e\x{301}e\x{301}e\x{301}e\x{301}e\x{301}e\x{301}e\x{301}e\x{301}e\x{301}e\x{301}e\x{301} e\x{301}e\x{301}e\x{301}e\x{301}e\x{301}e\x{301}e\x{301}e\x{301}e\x{301}e\x{301}e\x{301}e\x{301}e\x{301}e\x{301}e\x{301}e\x{301}e\x{301}e\x{301}e\x{301}e\x{301}e\x{301}e\x{301}e\x{301}e\x{301}e\x{301}e\x{301}e\x{301}e\x{301}e\x{301}e\x{301} e\x{301}e\x{301}e\x{301}e\x{301}e\x{301}e\x{301}e\x{301}e\x{301}e\x{301}e\x{301}e\x{301}e\x{301}e\x{301}e\x{301}e\x{301}e\x{301}e\x{301}e\x{301}e\x{301}e\x{301}e\x{301}e\x{301}"
          text run at (924,752) width 0: " "
          text run at (0,768) width 924: "e\x{301}e\x{301}e\x{301}e\x{301}e\x{301}e\x{301}e\x{301}e\x{301}e\x{301}e\x{301}e\x{301}e\x{301}e\x{301}e\x{301}e\x{301}e\x{301}e\x{301}e\x{301}e\x{301}e\x{301}e\x{301}e\x{301}e\x{301}e\x{301}e\x{301}e\x{301}e\x{301}e\x{301}e\x{301}e\x{301}e\x{301}e\x{301} e\x{301} e\x{301}e\x{301}e\x{301}e\x{301}e\x{301}e\x{301}e\x{301}e\x{301}e\x{301}e\x{301}e\x{301}e\x{301}e\x{301}e\x{301}e\x{301}e\x{301}e\x{301}e\x{301}e\x{301}e\x{301}e\x{301}e\x{301}e\x{301}e\x{301}e\x{301}e\x{301}e\x{301}e\x{301}e\x{301}e\x{301}e\x{301}e\x{301}e\x{301}e\x{301}e\x{301}e\x{301}e\x{301}e\x{301}e\x{301}e\x{301}e\x{301}e\x{301}e\x{301} e\x{301}e\x{301}e\x{301}e\x{301}e\x{301}e\x{301}e\x{301}e\x{301}e\x{301}e\x{301}e\x{301}e\x{301}e\x{301}e\x{301}e\x{301}e\x{301}e\x{301}e\x{301}e\x{301}e\x{301}e\x{301}e\x{301}e\x{301}e\x{301}e\x{301}e\x{301}e\x{301}e\x{301}e\x{301}e\x{301} e\x{301}e\x{301}e\x{301}e\x{301}e\x{301}e\x{301}e\x{301}e\x{301}e\x{301}e\x{301}e\x{301}e\x{301}e\x{301}e\x{301}e\x{301}e\x{301}e\x{301}e\x{301}e\x{301}e\x{301}e\x{301}e\x{301}"
          text run at (924,768) width 0: " "
          text run at (0,784) width 924: "e\x{301}e\x{301}e\x{301}e\x{301}e\x{301}e\x{301}e\x{301}e\x{301}e\x{301}e\x{301}e\x{301}e\x{301}e\x{301}e\x{301}e\x{301}e\x{301}e\x{301}e\x{301}e\x{301}e\x{301}e\x{301}e\x{301}e\x{301}e\x{301}e\x{301}e\x{301}e\x{301}e\x{301}e\x{301}e\x{301}e\x{301}e\x{301} e\x{301} e\x{301}e\x{301}e\x{301}e\x{301}e\x{301}e\x{301}e\x{301}e\x{301}e\x{301}e\x{301}e\x{301}e\x{301}e\x{301}e\x{301}e\x{301}e\x{301}e\x{301}e\x{301}e\x{301}e\x{301}e\x{301}e\x{301}e\x{301}e\x{301}e\x{301}e\x{301}e\x{301}e\x{301}e\x{301}e\x{301}e\x{301}e\x{301}e\x{301}e\x{301}e\x{301}e\x{301}e\x{301}e\x{301}e\x{301}e\x{301}e\x{301}e\x{301}e\x{301} e\x{301}e\x{301}e\x{301}e\x{301}e\x{301}e\x{301}e\x{301}e\x{301}e\x{301}e\x{301}e\x{301}e\x{301}e\x{301}e\x{301}e\x{301}e\x{301}e\x{301}e\x{301}e\x{301}e\x{301}e\x{301}e\x{301}e\x{301}e\x{301}e\x{301}e\x{301}e\x{301}e\x{301}e\x{301}e\x{301} e\x{301}e\x{301}e\x{301}e\x{301}e\x{301}e\x{301}e\x{301}e\x{301}e\x{301}e\x{301}e\x{301}e\x{301}e\x{301}e\x{301}e\x{301}e\x{301}e\x{301}e\x{301}e\x{301}e\x{301}e\x{301}e\x{301}"
          text run at (924,784) width 0: " "
          text run at (0,800) width 924: "e\x{301}e\x{301}e\x{301}e\x{301}e\x{301}e\x{301}e\x{301}e\x{301}e\x{301}e\x{301}e\x{301}e\x{301}e\x{301}e\x{301}e\x{301}e\x{301}e\x{301}e\x{301}e\x{301}e\x{301}e\x{301}e\x{301}e\x{301}e\x{301}e\x{301}e\x{301}e\x{301}e\x{301}e\x{301}e\x{301}e\x{301}e\x{301} e\x{301} e\x{301}e\x{301}e\x{301}e\x{301}e\x{301}e\x{301}e\x{301}e\x{301}e\x{301}e\x{301}e\x{301}e\x{301}e\x{301}e\x{301}e\x{301}e\x{301}e\x{301}e\x{301}e\x{301}e\x{301}e\x{301}e\x{301}e\x{301}e\x{301}e\x{301}e\x{301}e\x{301}e\x{301}e\x{301}e\x{301}e\x{301}e\x{301}e\x{301}e\x{301}e\x{301}e\x{301}e\x{301}e\x{301}e\x{301}e\x{301}e\x{301}e\x{301}e\x{301} e\x{301}e\x{301}e\x{301}e\x{301}e\x{301}e\x{301}e\x{301}e\x{301}e\x{301}e\x{301}e\x{301}e\x{301}e\x{301}e\x{301}e\x{301}e\x{301}e\x{301}e\x{301}e\x{301}e\x{301}e\x{301}e\x{301}e\x{301}e\x{301}e\x{301}e\x{301}e\x{301}e\x{301}e\x{301}e\x{301} e\x{301}e\x{301}e\x{301}e\x{301}e\x{301}e\x{301}e\x{301}e\x{301}e\x{301}e\x{301}e\x{301}e\x{301}e\x{301}e\x{301}e\x{301}e\x{301}e\x{301}e\x{301}e\x{301}e\x{301}e\x{301}e\x{301}"
          text run at (924,800) width 0: " "
          text run at (0,816) width 924: "e\x{301}e\x{301}e\x{301}e\x{301}e\x{301}e\x{301}e\x{301}e\x{301}e\x{301}e\x{301}e\x{301}e\x{301}e\x{301}e\x{301}e\x{301}e\x{301}e\x{301}e\x{301}e\x{301}e\x{301}e\x{301}e\x{301}e\x{301}e\x{301}e\x{301}e\x{301}e\x{301}e\x{301}e\x{301}e\x{301}e\x{301}e\x{301} e\x{301} e\x{301}e\x{301}e\x{301}e\x{301}e\x{301}e\x{301}e\x{301}e\x{301}e\x{301}e\x{301}e\x{301}e\x{301}e\x{301}e\x{301}e\x{301}e\x{301}e\x{301}e\x{301}e\x{301}e\x{301}e\x{301}e\x{301}e\x{301}e\x{301}e\x{301}e\x{301}e\x{301}e\x{301}e\x{301}e\x{301}e\x{301}e\x{301}e\x{301}e\x{301}e\x{301}e\x{301}e\x{301}e\x{301}e\x{301}e\x{301}e\x{301}e\x{301}e\x{301} e\x{301}e\x{301}e\x{301}e\x{301}e\x{301}e\x{301}e\x{301}e\x{301}e\x{301}e\x{301}e\x{301}e\x{301}e\x{301}e\x{301}e\x{301}e\x{301}e\x{301}e\x{301}e\x{301}e\x{301}e\x{301}e\x{301}e\x{301}e\x{301}e\x{301}e\x{301}e\x{301}e\x{301}e\x{301}e\x{301} e\x{301}e\x{301}e\x{301}e\x{301}e\x{301}e\x{301}e\x{301}e\x{301}e\x{301}e\x{301}e\x{301}e\x{301}e\x{301}e\x{301}e\x{301}e\x{301}e\x{301}e\x{301}e\x{301}e\x{301}e\x{301}e\x{301}"
          text run at (924,816) width 0: " "
          text run at (0,832) width 924: "e\x{301}e\x{301}e\x{301}e\x{301}e\x{301}e\x{301}e\x{301}e\x{301}e\x{301}e\x{301}e\x{301}e\x{301}e\x{301}e\x{301}e\x{301}e\x{301}e\x{301}e\x{301}e\x{301}e\x{301}e\x{301}e\x{301}e\x{301}e\x{301}e\x{301}e\x{301}e\x{301}e\x{301}e\x{301}e\x{301}e\x{301}e\x{301} e\x{301} e\x{301}e\x{301}e\x{301}e\x{301}e\x{301}e\x{301}e\x{301}e\x{301}e\x{301}e\x{301}e\x{301}e\x{301}e\x{301}e\x{301}e\x{301}e\x{301}e\x{301}e\x{301}e\x{301}e\x{301}e\x{301}e\x{301}e\x{301}e\x{301}e\x{301}e\x{301}e\x{301}e\x{301}e\x{301}e\x{301}e\x{301}e\x{301}e\x{301}e\x{301}e\x{301}e\x{301}e\x{301}e\x{301}e\x{301}e\x{301}e\x{301}e\x{301}e\x{301} e\x{301}e\x{301}e\x{301}e\x{301}e\x{301}e\x{301}e\x{301}e\x{301}e\x{301}e\x{301}e\x{301}e\x{301}e\x{301}e\x{301}e\x{301}e\x{301}e\x{301}e\x{301}e\x{301}e\x{301}e\x{301}e\x{301}e\x{301}e\x{301}e\x{301}e\x{301}e\x{301}e\x{301}e\x{301}e\x{301} e\x{301}e\x{301}e\x{301}e\x{301}e\x{301}e\x{301}e\x{301}e\x{301}e\x{301}e\x{301}e\x{301}e\x{301}e\x{301}e\x{301}e\x{301}e\x{301}e\x{301}e\x{301}e\x{301}e\x{301}e\x{301}e\x{301}"
          text run at (924,832) width 0: " "
          text run at (0,848) width 924: "e\x{301}e\x{301}e\x{301}e\x{301}e\x{301}e\x{301}e\x{301}e\x{301}e\x{301}e\x{301}e\x{301}e\x{301}e\x{301}e\x{301}e\x{301}e\x{301}e\x{301}e\x{301}e\x{301}e\x{301}e\x{301}e\x{301}e\x{301}e\x{301}e\x{301}e\x{301}e\x{301}e\x{301}e\x{301}e\x{301}e\x{301}e\x{301} e\x{301} e\x{301}e\x{301}e\x{301}e\x{301}e\x{301}e\x{301}e\x{301}e\x{301}e\x{301}e\x{301}e\x{301}e\x{301}e\x{301}e\x{301}e\x{301}e\x{301}e\x{301}e\x{301}e\x{301}e\x{301}e\x{301}e\x{301}e\x{301}e\x{301}e\x{301}e\x{301}e\x{301}e\x{301}e\x{301}e\x{301}e\x{301}e\x{301}e\x{301}e\x{301}e\x{301}e\x{301}e\x{301}e\x{301}e\x{301}e\x{301}e\x{301}e\x{301}e\x{301} e\x{301}e\x{301}e\x{301}e\x{301}e\x{301}e\x{301}e\x{301}e\x{301}e\x{301}e\x{301}e\x{301}e\x{301}e\x{301}e\x{301}e\x{301}e\x{301}e\x{301}e\x{301}e\x{301}e\x{301}e\x{301}e\x{301}e\x{301}e\x{301}e\x{301}e\x{301}e\x{301}e\x{301}e\x{301}e\x{301} e\x{301}e\x{301}e\x{301}e\x{301}e\x{301}e\x{301}e\x{301}e\x{301}e\x{301}e\x{301}e\x{301}e\x{301}e\x{301}e\x{301}e\x{301}e\x{301}e\x{301}e\x{301}e\x{301}e\x{301}e\x{301}e\x{301}"
          text run at (924,848) width 0: " "
          text run at (0,864) width 924: "e\x{301}e\x{301}e\x{301}e\x{301}e\x{301}e\x{301}e\x{301}e\x{301}e\x{301}e\x{301}e\x{301}e\x{301}e\x{301}e\x{301}e\x{301}e\x{301}e\x{301}e\x{301}e\x{301}e\x{301}e\x{301}e\x{301}e\x{301}e\x{301}e\x{301}e\x{301}e\x{301}e\x{301}e\x{301}e\x{301}e\x{301}e\x{301} e\x{301} e\x{301}e\x{301}e\x{301}e\x{301}e\x{301}e\x{301}e\x{301}e\x{301}e\x{301}e\x{301}e\x{301}e\x{301}e\x{301}e\x{301}e\x{301}e\x{301}e\x{301}e\x{301}e\x{301}e\x{301}e\x{301}e\x{301}e\x{301}e\x{301}e\x{301}e\x{301}e\x{301}e\x{301}e\x{301}e\x{301}e\x{301}e\x{301}e\x{301}e\x{301}e\x{301}e\x{301}e\x{301}e\x{301}e\x{301}e\x{301}e\x{301}e\x{301}e\x{301} e\x{301}e\x{301}e\x{301}e\x{301}e\x{301}e\x{301}e\x{301}e\x{301}e\x{301}e\x{301}e\x{301}e\x{301}e\x{301}e\x{301}e\x{301}e\x{301}e\x{301}e\x{301}e\x{301}e\x{301}e\x{301}e\x{301}e\x{301}e\x{301}e\x{301}e\x{301}e\x{301}e\x{301}e\x{301}e\x{301} e\x{301}e\x{301}e\x{301}e\x{301}e\x{301}e\x{301}e\x{301}e\x{301}e\x{301}e\x{301}e\x{301}e\x{301}e\x{301}e\x{301}e\x{301}e\x{301}e\x{301}e\x{301}e\x{301}e\x{301}e\x{301}e\x{301}"
          text run at (924,864) width 0: " "
          text run at (0,880) width 924: "e\x{301}e\x{301}e\x{301}e\x{301}e\x{301}e\x{301}e\x{301}e\x{301}e\x{301}e\x{301}e\x{301}e\x{301}e\x{301}e\x{301}e\x{301}e\x{301}e\x{301}e\x{301}e\x{301}e\x{301}e\x{301}e\x{301}e\x{301}e\x{301}e\x{301}e\x{301}e\x{301}e\x{301}e\x{301}e\x{301}e\x{301}e\x{301} e\x{301} e\x{301}e\x{301}e\x{301}e\x{301}e\x{301}e\x{301}e\x{301}e\x{301}e\x{301}e\x{301}e\x{301}e\x{301}e\x{301}e\x{301}e\x{301}e\x{301}e\x{301}e\x{301}e\x{301}e\x{301}e\x{301}e\x{301}e\x{301}e\x{301}e\x{301}e\x{301}e\x{301}e\x{301}e\x{301}e\x{301}e\x{301}e\x{301}e\x{301}e\x{301}e\x{301}e\x{301}e\x{301}e\x{301}e\x{301}e\x{301}e\x{301}e\x{301}e\x{301} e\x{301}e\x{301}e\x{301}e\x{301}e\x{301}e\x{301}e\x{301}e\x{301}e\x{301}e\x{301}e\x{301}e\x{301}e\x{301}e\x{301}e\x{301}e\x{301}e\x{301}e\x{301}e\x{301}e\x{301}e\x{301}e\x{301}e\x{301}e\x{301}e\x{301}e\x{301}e\x{301}e\x{301}e\x{301}e\x{301} e\x{301}e\x{301}e\x{301}e\x{301}e\x{301}e\x{301}e\x{301}e\x{301}e\x{301}e\x{301}e\x{301}e\x{301}e\x{301}e\x{301}e\x{301}e\x{301}e\x{301}e\x{301}e\x{301}e\x{301}e\x{301}e\x{301}"
          text run at (924,880) width 0: " "
          text run at (0,896) width 924: "e\x{301}e\x{301}e\x{301}e\x{301}e\x{301}e\x{301}e\x{301}e\x{301}e\x{301}e\x{301}e\x{301}e\x{301}e\x{301}e\x{301}e\x{301}e\x{301}e\x{301}e\x{301}e\x{301}e\x{301}e\x{301}e\x{301}e\x{301}e\x{301}e\x{301}e\x{301}e\x{301}e\x{301}e\x{301}e\x{301}e\x{301}e\x{301} e\x{301} e\x{301}e\x{301}e\x{301}e\x{301}e\x{301}e\x{301}e\x{301}e\x{301}e\x{301}e\x{301}e\x{301}e\x{301}e\x{301}e\x{301}e\x{301}e\x{301}e\x{301}e\x{301}e\x{301}e\x{301}e\x{301}e\x{301}e\x{301}e\x{301}e\x{301}e\x{301}e\x{301}e\x{301}e\x{301}e\x{301}e\x{301}e\x{301}e\x{301}e\x{301}e\x{301}e\x{301}e\x{301}e\x{301}e\x{301}e\x{301}e\x{301}e\x{301}e\x{301} e\x{301}e\x{301}e\x{301}e\x{301}e\x{301}e\x{301}e\x{301}e\x{301}e\x{301}e\x{301}e\x{301}e\x{301}e\x{301}e\x{301}e\x{301}e\x{301}e\x{301}e\x{301}e\x{301}e\x{301}e\x{301}e\x{301}e\x{301}e\x{301}e\x{301}e\x{301}e\x{301}e\x{301}e\x{301}e\x{301} e\x{301}e\x{301}e\x{301}e\x{301}e\x{301}e\x{301}e\x{301}e\x{301}e\x{301}e\x{301}e\x{301}e\x{301}e\x{301}e\x{301}e\x{301}e\x{301}e\x{301}e\x{301}e\x{301}e\x{301}e\x{301}e\x{301}"
          text run at (924,896) width 0: " "
          text run at (0,912) width 924: "e\x{301}e\x{301}e\x{301}e\x{301}e\x{301}e\x{301}e\x{301}e\x{301}e\x{301}e\x{301}e\x{301}e\x{301}e\x{301}e\x{301}e\x{301}e\x{301}e\x{301}e\x{301}e\x{301}e\x{301}e\x{301}e\x{301}e\x{301}e\x{301}e\x{301}e\x{301}e\x{301}e\x{301}e\x{301}e\x{301}e\x{301}e\x{301} e\x{301} e\x{301}e\x{301}e\x{301}e\x{301}e\x{301}e\x{301}e\x{301}e\x{301}e\x{301}e\x{301}e\x{301}e\x{301}e\x{301}e\x{301}e\x{301}e\x{301}e\x{301}e\x{301}e\x{301}e\x{301}e\x{301}e\x{301}e\x{301}e\x{301}e\x{301}e\x{301}e\x{301}e\x{301}e\x{301}e\x{301}e\x{301}e\x{301}e\x{301}e\x{301}e\x{301}e\x{301}e\x{301}e\x{301}e\x{301}e\x{301}e\x{301}e\x{301}e\x{301} e\x{301}e\x{301}e\x{301}e\x{301}e\x{301}e\x{301}e\x{301}e\x{301}e\x{301}e\x{301}e\x{301}e\x{301}e\x{301}e\x{301}e\x{301}e\x{301}e\x{301}e\x{301}e\x{301}e\x{301}e\x{301}e\x{301}e\x{301}e\x{301}e\x{301}e\x{301}e\x{301}e\x{301}e\x{301}e\x{301} e\x{301}e\x{301}e\x{301}e\x{301}e\x{301}e\x{301}e\x{301}e\x{301}e\x{301}e\x{301}e\x{301}e\x{301}e\x{301}e\x{301}e\x{301}e\x{301}e\x{301}e\x{301}e\x{301}e\x{301}e\x{301}e\x{301}"
          text run at (924,912) width 0: " "
          text run at (0,928) width 924: "e\x{301}e\x{301}e\x{301}e\x{301}e\x{301}e\x{301}e\x{301}e\x{301}e\x{301}e\x{301}e\x{301}e\x{301}e\x{301}e\x{301}e\x{301}e\x{301}e\x{301}e\x{301}e\x{301}e\x{301}e\x{301}e\x{301}e\x{301}e\x{301}e\x{301}e\x{301}e\x{301}e\x{301}e\x{301}e\x{301}e\x{301}e\x{301} e\x{301} e\x{301}e\x{301}e\x{301}e\x{301}e\x{301}e\x{301}e\x{301}e\x{301}e\x{301}e\x{301}e\x{301}e\x{301}e\x{301}e\x{301}e\x{301}e\x{301}e\x{301}e\x{301}e\x{301}e\x{301}e\x{301}e\x{301}e\x{301}e\x{301}e\x{301}e\x{301}e\x{301}e\x{301}e\x{301}e\x{301}e\x{301}e\x{301}e\x{301}e\x{301}e\x{301}e\x{301}e\x{301}e\x{301}e\x{301}e\x{301}e\x{301}e\x{301}e\x{301} e\x{301}e\x{301}e\x{301}e\x{301}e\x{301}e\x{301}e\x{301}e\x{301}e\x{301}e\x{301}e\x{301}e\x{301}e\x{301}e\x{301}e\x{301}e\x{301}e\x{301}e\x{301}e\x{301}e\x{301}e\x{301}e\x{301}e\x{301}e\x{301}e\x{301}e\x{301}e\x{301}e\x{301}e\x{301}e\x{301} e\x{301}e\x{301}e\x{301}e\x{301}e\x{301}e\x{301}e\x{301}e\x{301}e\x{301}e\x{301}e\x{301}e\x{301}e\x{301}e\x{301}e\x{301}e\x{301}e\x{301}e\x{301}e\x{301}e\x{301}e\x{301}e\x{301}"
          text run at (924,928) width 0: " "
          text run at (0,944) width 924: "e\x{301}e\x{301}e\x{301}e\x{301}e\x{301}e\x{301}e\x{301}e\x{301}e\x{301}e\x{301}e\x{301}e\x{301}e\x{301}e\x{301}e\x{301}e\x{301}e\x{301}e\x{301}e\x{301}e\x{301}e\x{301}e\x{301}e\x{301}e\x{301}e\x{301}e\x{301}e\x{301}e\x{301}e\x{301}e\x{301}e\x{301}e\x{301} e\x{301} e\x{301}e\x{301}e\x{301}e\x{301}e\x{301}e\x{301}e\x{301}e\x{301}e\x{301}e\x{301}e\x{301}e\x{301}e\x{301}e\x{301}e\x{301}e\x{301}e\x{301}e\x{301}e\x{301}e\x{301}e\x{301}e\x{301}e\x{301}e\x{301}e\x{301}e\x{301}e\x{301}e\x{301}e\x{301}e\x{301}e\x{301}e\x{301}e\x{301}e\x{301}e\x{301}e\x{301}e\x{301}e\x{301}e\x{301}e\x{301}e\x{301}e\x{301}e\x{301} e\x{301}e\x{301}e\x{301}e\x{301}e\x{301}e\x{301}e\x{301}e\x{301}e\x{301}e\x{301}e\x{301}e\x{301}e\x{301}e\x{301}e\x{301}e\x{301}e\x{301}e\x{301}e\x{301}e\x{301}e\x{301}e\x{301}e\x{301}e\x{301}e\x{301}e\x{301}e\x{301}e\x{301}e\x{301}e\x{301} e\x{301}e\x{301}e\x{301}e\x{301}e\x{301}e\x{301}e\x{301}e\x{301}e\x{301}e\x{301}e\x{301}e\x{301}e\x{301}e\x{301}e\x{301}e\x{301}e\x{301}e\x{301}e\x{301}e\x{301}e\x{301}e\x{301}"
          text run at (924,944) width 0: " "
          text run at (0,960) width 924: "e\x{301}e\x{301}e\x{301}e\x{301}e\x{301}e\x{301}e\x{301}e\x{301}e\x{301}e\x{301}e\x{301}e\x{301}e\x{301}e\x{301}e\x{301}e\x{301}e\x{301}e\x{301}e\x{301}e\x{301}e\x{301}e\x{301}e\x{301}e\x{301}e\x{301}e\x{301}e\x{301}e\x{301}e\x{301}e\x{301}e\x{301}e\x{301} e\x{301} e\x{301}e\x{301}e\x{301}e\x{301}e\x{301}e\x{301}e\x{301}e\x{301}e\x{301}e\x{301}e\x{301}e\x{301}e\x{301}e\x{301}e\x{301}e\x{301}e\x{301}e\x{301}e\x{301}e\x{301}e\x{301}e\x{301}e\x{301}e\x{301}e\x{301}e\x{301}e\x{301}e\x{301}e\x{301}e\x{301}e\x{301}e\x{301}e\x{301}e\x{301}e\x{301}e\x{301}e\x{301}e\x{301}e\x{301}e\x{301}e\x{301}e\x{301}e\x{301} e\x{301}e\x{301}e\x{301}e\x{301}e\x{301}e\x{301}e\x{301}e\x{301}e\x{301}e\x{301}e\x{301}e\x{301}e\x{301}e\x{301}e\x{301}e\x{301}e\x{301}e\x{301}e\x{301}e\x{301}e\x{301}e\x{301}e\x{301}e\x{301}e\x{301}e\x{301}e\x{301}e\x{301}e\x{301}e\x{301} e\x{301}e\x{301}e\x{301}e\x{301}e\x{301}e\x{301}e\x{301}e\x{301}e\x{301}e\x{301}e\x{301}e\x{301}e\x{301}e\x{301}e\x{301}e\x{301}e\x{301}e\x{301}e\x{301}e\x{301}e\x{301}e\x{301}"
          text run at (924,960) width 0: " "
          text run at (0,976) width 924: "e\x{301}e\x{301}e\x{301}e\x{301}e\x{301}e\x{301}e\x{301}e\x{301}e\x{301}e\x{301}e\x{301}e\x{301}e\x{301}e\x{301}e\x{301}e\x{301}e\x{301}e\x{301}e\x{301}e\x{301}e\x{301}e\x{301}e\x{301}e\x{301}e\x{301}e\x{301}e\x{301}e\x{301}e\x{301}e\x{301}e\x{301}e\x{301} e\x{301} e\x{301}e\x{301}e\x{301}e\x{301}e\x{301}e\x{301}e\x{301}e\x{301}e\x{301}e\x{301}e\x{301}e\x{301}e\x{301}e\x{301}e\x{301}e\x{301}e\x{301}e\x{301}e\x{301}e\x{301}e\x{301}e\x{301}e\x{301}e\x{301}e\x{301}e\x{301}e\x{301}e\x{301}e\x{301}e\x{301}e\x{301}e\x{301}e\x{301}e\x{301}e\x{301}e\x{301}e\x{301}e\x{301}e\x{301}e\x{301}e\x{301}e\x{301}e\x{301} e\x{301}e\x{301}e\x{301}e\x{301}e\x{301}e\x{301}e\x{301}e\x{301}e\x{301}e\x{301}e\x{301}e\x{301}e\x{301}e\x{301}e\x{301}e\x{301}e\x{301}e\x{301}e\x{301}e\x{301}e\x{301}e\x{301}e\x{301}e\x{301}e\x{301}e\x{301}e\x{301}e\x{301}e\x{301}e\x{301} e\x{301}e\x{301}e\x{301}e\x{301}e\x{301}e\x{301}e\x{301}e\x{301}e\x{301}e\x{301}e\x{301}e\x{301}e\x{301}e\x{301}e\x{301}e\x{301}e\x{301}e\x{301}e\x{301}e\x{301}e\x{301}e\x{301}"
          text run at (924,976) width 0: " "
          text run at (0,992) width 924: "e\x{301}e\x{301}e\x{301}e\x{301}e\x{301}e\x{301}e\x{301}e\x{301}e\x{301}e\x{301}e\x{301}e\x{301}e\x{301}e\x{301}e\x{301}e\x{301}e\x{301}e\x{301}e\x{301}e\x{301}e\x{301}e\x{301}e\x{301}e\x{301}e\x{301}e\x{301}e\x{301}e\x{301}e\x{301}e\x{301}e\x{301}e\x{301} e\x{301} e\x{301}e\x{301}e\x{301}e\x{301}e\x{301}e\x{301}e\x{301}e\x{301}e\x{301}e\x{301}e\x{301}e\x{301}e\x{301}e\x{301}e\x{301}e\x{301}e\x{301}e\x{301}e\x{301}e\x{301}e\x{301}e\x{301}e\x{301}e\x{301}e\x{301}e\x{301}e\x{301}e\x{301}e\x{301}e\x{301}e\x{301}e\x{301}e\x{301}e\x{301}e\x{301}e\x{301}e\x{301}e\x{301}e\x{301}e\x{301}e\x{301}e\x{301}e\x{301} e\x{301}e\x{301}e\x{301}e\x{301}e\x{301}e\x{301}e\x{301}e\x{301}e\x{301}e\x{301}e\x{301}e\x{301}e\x{301}e\x{301}e\x{301}e\x{301}e\x{301}e\x{301}e\x{301}e\x{301}e\x{301}e\x{301}e\x{301}e\x{301}e\x{301}e\x{301}e\x{301}e\x{301}e\x{301}e\x{301} e\x{301}e\x{301}e\x{301}e\x{301}e\x{301}e\x{301}e\x{301}e\x{301}e\x{301}e\x{301}e\x{301}e\x{301}e\x{301}e\x{301}e\x{301}e\x{301}e\x{301}e\x{301}e\x{301}e\x{301}e\x{301}e\x{301}"
          text run at (924,992) width 0: " "
          text run at (0,1008) width 924: "e\x{301}e\x{301}e\x{301}e\x{301}e\x{301}e\x{301}e\x{301}e\x{301}e\x{301}e\x{301}e\x{301}e\x{301}e\x{301}e\x{301}e\x{301}e\x{301}e\x{301}e\x{301}e\x{301}e\x{301}e\x{301}e\x{301}e\x{301}e\x{301}e\x{301}e\x{301}e\x{301}e\x{301}e\x{301}e\x{301}e\x{301}e\x{301} e\x{301} e\x{301}e\x{301}e\x{301}e\x{301}e\x{301}e\x{301}e\x{301}e\x{301}e\x{301}e\x{301}e\x{301}e\x{301}e\x{301}e\x{301}e\x{301}e\x{301}e\x{301}e\x{301}e\x{301}e\x{301}e\x{301}e\x{301}e\x{301}e\x{301}e\x{301}e\x{301}e\x{301}e\x{301}e\x{301}e\x{301}e\x{301}e\x{301}e\x{301}e\x{301}e\x{301}e\x{301}e\x{301}e\x{301}e\x{301}e\x{301}e\x{301}e\x{301}e\x{301} e\x{301}e\x{301}e\x{301}e\x{301}e\x{301}e\x{301}e\x{301}e\x{301}e\x{301}e\x{301}e\x{301}e\x{301}e\x{301}e\x{301}e\x{301}e\x{301}e\x{301}e\x{301}e\x{301}e\x{301}e\x{301}e\x{301}e\x{301}e\x{301}e\x{301}e\x{301}e\x{301}e\x{301}e\x{301}e\x{301} e\x{301}e\x{301}e\x{301}e\x{301}e\x{301}e\x{301}e\x{301}e\x{301}e\x{301}e\x{301}e\x{301}e\x{301}e\x{301}e\x{301}e\x{301}e\x{301}e\x{301}e\x{301}e\x{301}e\x{301}e\x{301}e\x{301}"
          text run at (924,1008) width 0: " "
          text run at (0,1024) width 924: "e\x{301}e\x{301}e\x{301}e\x{301}e\x{301}e\x{301}e\x{301}e\x{301}e\x{301}e\x{301}e\x{301}e\x{301}e\x{301}e\x{301}e\x{301}e\x{301}e\x{301}e\x{301}e\x{301}e\x{301}e\x{301}e\x{301}e\x{301}e\x{301}e\x{301}e\x{301}e\x{301}e\x{301}e\x{301}e\x{301}e\x{301}e\x{301} e\x{301} e\x{301}e\x{301}e\x{301}e\x{301}e\x{301}e\x{301}e\x{301}e\x{301}e\x{301}e\x{301}e\x{301}e\x{301}e\x{301}e\x{301}e\x{301}e\x{301}e\x{301}e\x{301}e\x{301}e\x{301}e\x{301}e\x{301}e\x{301}e\x{301}e\x{301}e\x{301}e\x{301}e\x{301}e\x{301}e\x{301}e\x{301}e\x{301}e\x{301}e\x{301}e\x{301}e\x{301}e\x{301}e\x{301}e\x{301}e\x{301}e\x{301}e\x{301}e\x{301} e\x{301}e\x{301}e\x{301}e\x{301}e\x{301}e\x{301}e\x{301}e\x{301}e\x{301}e\x{301}e\x{301}e\x{301}e\x{301}e\x{301}e\x{301}e\x{301}e\x{301}e\x{301}e\x{301}e\x{301}e\x{301}e\x{301}e\x{301}e\x{301}e\x{301}e\x{301}e\x{301}e\x{301}e\x{301}e\x{301} e\x{301}e\x{301}e\x{301}e\x{301}e\x{301}e\x{301}e\x{301}e\x{301}e\x{301}e\x{301}e\x{301}e\x{301}e\x{301}e\x{301}e\x{301}e\x{301}e\x{301}e\x{301}e\x{301}e\x{301}e\x{301}e\x{301}"
          text run at (924,1024) width 0: " "
          text run at (0,1040) width 924: "e\x{301}e\x{301}e\x{301}e\x{301}e\x{301}e\x{301}e\x{301}e\x{301}e\x{301}e\x{301}e\x{301}e\x{301}e\x{301}e\x{301}e\x{301}e\x{301}e\x{301}e\x{301}e\x{301}e\x{301}e\x{301}e\x{301}e\x{301}e\x{301}e\x{301}e\x{301}e\x{301}e\x{301}e\x{301}e\x{301}e\x{301}e\x{301} e\x{301} e\x{301}e\x{301}e\x{301}e\x{301}e\x{301}e\x{301}e\x{301}e\x{301}e\x{301}e\x{301}e\x{301}e\x{301}e\x{301}e\x{301}e\x{301}e\x{301}e\x{301}e\x{301}e\x{301}e\x{301}e\x{301}e\x{301}e\x{301}e\x{301}e\x{301}e\x{301}e\x{301}e\x{301}e\x{301}e\x{301}e\x{301}e\x{301}e\x{301}e\x{301}e\x{301}e\x{301}e\x{301}e\x{301}e\x{301}e\x{301}e\x{301}e\x{301}e\x{301} e\x{301}e\x{301}e\x{301}e\x{301}e\x{301}e\x{301}e\x{301}e\x{301}e\x{301}e\x{301}e\x{301}e\x{301}e\x{301}e\x{301}e\x{301}e\x{301}e\x{301}e\x{301}e\x{301}e\x{301}e\x{301}e\x{301}e\x{301}e\x{301}e\x{301}e\x{301}e\x{301}e\x{301}e\x{301}e\x{301} e\x{301}e\x{301}e\x{301}e\x{301}e\x{301}e\x{301}e\x{301}e\x{301}e\x{301}e\x{301}e\x{301}e\x{301}e\x{301}e\x{301}e\x{301}e\x{301}e\x{301}e\x{301}e\x{301}e\x{301}e\x{301}e\x{301}"
          text run at (924,1040) width 0: " "
          text run at (0,1056) width 924: "e\x{301}e\x{301}e\x{301}e\x{301}e\x{301}e\x{301}e\x{301}e\x{301}e\x{301}e\x{301}e\x{301}e\x{301}e\x{301}e\x{301}e\x{301}e\x{301}e\x{301}e\x{301}e\x{301}e\x{301}e\x{301}e\x{301}e\x{301}e\x{301}e\x{301}e\x{301}e\x{301}e\x{301}e\x{301}e\x{301}e\x{301}e\x{301} e\x{301} e\x{301}e\x{301}e\x{301}e\x{301}e\x{301}e\x{301}e\x{301}e\x{301}e\x{301}e\x{301}e\x{301}e\x{301}e\x{301}e\x{301}e\x{301}e\x{301}e\x{301}e\x{301}e\x{301}e\x{301}e\x{301}e\x{301}e\x{301}e\x{301}e\x{301}e\x{301}e\x{301}e\x{301}e\x{301}e\x{301}e\x{301}e\x{301}e\x{301}e\x{301}e\x{301}e\x{301}e\x{301}e\x{301}e\x{301}e\x{301}e\x{301}e\x{301}e\x{301} e\x{301}e\x{301}e\x{301}e\x{301}e\x{301}e\x{301}e\x{301}e\x{301}e\x{301}e\x{301}e\x{301}e\x{301}e\x{301}e\x{301}e\x{301}e\x{301}e\x{301}e\x{301}e\x{301}e\x{301}e\x{301}e\x{301}e\x{301}e\x{301}e\x{301}e\x{301}e\x{301}e\x{301}e\x{301}e\x{301} e\x{301}e\x{301}e\x{301}e\x{301}e\x{301}e\x{301}e\x{301}e\x{301}e\x{301}e\x{301}e\x{301}e\x{301}e\x{301}e\x{301}e\x{301}e\x{301}e\x{301}e\x{301}e\x{301}e\x{301}e\x{301}e\x{301}"
          text run at (924,1056) width 0: " "
          text run at (0,1072) width 924: "e\x{301}e\x{301}e\x{301}e\x{301}e\x{301}e\x{301}e\x{301}e\x{301}e\x{301}e\x{301}e\x{301}e\x{301}e\x{301}e\x{301}e\x{301}e\x{301}e\x{301}e\x{301}e\x{301}e\x{301}e\x{301}e\x{301}e\x{301}e\x{301}e\x{301}e\x{301}e\x{301}e\x{301}e\x{301}e\x{301}e\x{301}e\x{301} e\x{301} e\x{301}e\x{301}e\x{301}e\x{301}e\x{301}e\x{301}e\x{301}e\x{301}e\x{301}e\x{301}e\x{301}e\x{301}e\x{301}e\x{301}e\x{301}e\x{301}e\x{301}e\x{301}e\x{301}e\x{301}e\x{301}e\x{301}e\x{301}e\x{301}e\x{301}e\x{301}e\x{301}e\x{301}e\x{301}e\x{301}e\x{301}e\x{301}e\x{301}e\x{301}e\x{301}e\x{301}e\x{301}e\x{301}e\x{301}e\x{301}e\x{301}e\x{301}e\x{301} e\x{301}e\x{301}e\x{301}e\x{301}e\x{301}e\x{301}e\x{301}e\x{301}e\x{301}e\x{301}e\x{301}e\x{301}e\x{301}e\x{301}e\x{301}e\x{301}e\x{301}e\x{301}e\x{301}e\x{301}e\x{301}e\x{301}e\x{301}e\x{301}e\x{301}e\x{301}e\x{301}e\x{301}e\x{301}e\x{301} e\x{301}e\x{301}e\x{301}e\x{301}e\x{301}e\x{301}e\x{301}e\x{301}e\x{301}e\x{301}e\x{301}e\x{301}e\x{301}e\x{301}e\x{301}e\x{301}e\x{301}e\x{301}e\x{301}e\x{301}e\x{301}e\x{301}"
          text run at (924,1072) width 0: " "
          text run at (0,1088) width 924: "e\x{301}e\x{301}e\x{301}e\x{301}e\x{301}e\x{301}e\x{301}e\x{301}e\x{301}e\x{301}e\x{301}e\x{301}e\x{301}e\x{301}e\x{301}e\x{301}e\x{301}e\x{301}e\x{301}e\x{301}e\x{301}e\x{301}e\x{301}e\x{301}e\x{301}e\x{301}e\x{301}e\x{301}e\x{301}e\x{301}e\x{301}e\x{301} e\x{301} e\x{301}e\x{301}e\x{301}e\x{301}e\x{301}e\x{301}e\x{301}e\x{301}e\x{301}e\x{301}e\x{301}e\x{301}e\x{301}e\x{301}e\x{301}e\x{301}e\x{301}e\x{301}e\x{301}e\x{301}e\x{301}e\x{301}e\x{301}e\x{301}e\x{301}e\x{301}e\x{301}e\x{301}e\x{301}e\x{301}e\x{301}e\x{301}e\x{301}e\x{301}e\x{301}e\x{301}e\x{301}e\x{301}e\x{301}e\x{301}e\x{301}e\x{301}e\x{301} e\x{301}e\x{301}e\x{301}e\x{301}e\x{301}e\x{301}e\x{301}e\x{301}e\x{301}e\x{301}e\x{301}e\x{301}e\x{301}e\x{301}e\x{301}e\x{301}e\x{301}e\x{301}e\x{301}e\x{301}e\x{301}e\x{301}e\x{301}e\x{301}e\x{301}e\x{301}e\x{301}e\x{301}e\x{301}e\x{301} e\x{301}e\x{301}e\x{301}e\x{301}e\x{301}e\x{301}e\x{301}e\x{301}e\x{301}e\x{301}e\x{301}e\x{301}e\x{301}e\x{301}e\x{301}e\x{301}e\x{301}e\x{301}e\x{301}e\x{301}e\x{301}e\x{301}"
          text run at (924,1088) width 0: " "
          text run at (0,1104) width 924: "e\x{301}e\x{301}e\x{301}e\x{301}e\x{301}e\x{301}e\x{301}e\x{301}e\x{301}e\x{301}e\x{301}e\x{301}e\x{301}e\x{301}e\x{301}e\x{301}e\x{301}e\x{301}e\x{301}e\x{301}e\x{301}e\x{301}e\x{301}e\x{301}e\x{301}e\x{301}e\x{301}e\x{301}e\x{301}e\x{301}e\x{301}e\x{301} e\x{301} e\x{301}e\x{301}e\x{301}e\x{301}e\x{301}e\x{301}e\x{301}e\x{301}e\x{301}e\x{301}e\x{301}e\x{301}e\x{301}e\x{301}e\x{301}e\x{301}e\x{301}e\x{301}e\x{301}e\x{301}e\x{301}e\x{301}e\x{301}e\x{301}e\x{301}e\x{301}e\x{301}e\x{301}e\x{301}e\x{301}e\x{301}e\x{301}e\x{301}e\x{301}e\x{301}e\x{301}e\x{301}e\x{301}e\x{301}e\x{301}e\x{301}e\x{301}e\x{301} e\x{301}e\x{301}e\x{301}e\x{301}e\x{301}e\x{301}e\x{301}e\x{301}e\x{301}e\x{301}e\x{301}e\x{301}e\x{301}e\x{301}e\x{301}e\x{301}e\x{301}e\x{301}e\x{301}e\x{301}e\x{301}e\x{301}e\x{301}e\x{301}e\x{301}e\x{301}e\x{301}e\x{301}e\x{301}e\x{301} e\x{301}e\x{301}e\x{301}e\x{301}e\x{301}e\x{301}e\x{301}e\x{301}e\x{301}e\x{301}e\x{301}e\x{301}e\x{301}e\x{301}e\x{301}e\x{301}e\x{301}e\x{301}e\x{301}e\x{301}e\x{301}e\x{301}"
          text run at (924,1104) width 0: " "
          text run at (0,1120) width 924: "e\x{301}e\x{301}e\x{301}e\x{301}e\x{301}e\x{301}e\x{301}e\x{301}e\x{301}e\x{301}e\x{301}e\x{301}e\x{301}e\x{301}e\x{301}e\x{301}e\x{301}e\x{301}e\x{301}e\x{301}e\x{301}e\x{301}e\x{301}e\x{301}e\x{301}e\x{301}e\x{301}e\x{301}e\x{301}e\x{301}e\x{301}e\x{301} e\x{301} e\x{301}e\x{301}e\x{301}e\x{301}e\x{301}e\x{301}e\x{301}e\x{301}e\x{301}e\x{301}e\x{301}e\x{301}e\x{301}e\x{301}e\x{301}e\x{301}e\x{301}e\x{301}e\x{301}e\x{301}e\x{301}e\x{301}e\x{301}e\x{301}e\x{301}e\x{301}e\x{301}e\x{301}e\x{301}e\x{301}e\x{301}e\x{301}e\x{301}e\x{301}e\x{301}e\x{301}e\x{301}e\x{301}e\x{301}e\x{301}e\x{301}e\x{301}e\x{301} e\x{301}e\x{301}e\x{301}e\x{301}e\x{301}e\x{301}e\x{301}e\x{301}e\x{301}e\x{301}e\x{301}e\x{301}e\x{301}e\x{301}e\x{301}e\x{301}e\x{301}e\x{301}e\x{301}e\x{301}e\x{301}e\x{301}e\x{301}e\x{301}e\x{301}e\x{301}e\x{301}e\x{301}e\x{301}e\x{301} e\x{301}e\x{301}e\x{301}e\x{301}e\x{301}e\x{301}e\x{301}e\x{301}e\x{301}e\x{301}e\x{301}e\x{301}e\x{301}e\x{301}e\x{301}e\x{301}e\x{301}e\x{301}e\x{301}e\x{301}e\x{301}e\x{301}"
          text run at (924,1120) width 0: " "
          text run at (0,1136) width 924: "e\x{301}e\x{301}e\x{301}e\x{301}e\x{301}e\x{301}e\x{301}e\x{301}e\x{301}e\x{301}e\x{301}e\x{301}e\x{301}e\x{301}e\x{301}e\x{301}e\x{301}e\x{301}e\x{301}e\x{301}e\x{301}e\x{301}e\x{301}e\x{301}e\x{301}e\x{301}e\x{301}e\x{301}e\x{301}e\x{301}e\x{301}e\x{301} e\x{301} e\x{301}e\x{301}e\x{301}e\x{301}e\x{301}e\x{301}e\x{301}e\x{301}e\x{301}e\x{301}e\x{301}e\x{301}e\x{301}e\x{301}e\x{301}e\x{301}e\x{301}e\x{301}e\x{301}e\x{301}e\x{301}e\x{301}e\x{301}e\x{301}e\x{301}e\x{301}e\x{301}e\x{301}e\x{301}e\x{301}e\x{301}e\x{301}e\x{301}e\x{301}e\x{301}e\x{301}e\x{301}e\x{301}e\x{301}e\x{301}e\x{301}e\x{301}e\x{301} e\x{301}e\x{301}e\x{301}e\x{301}e\x{301}e\x{301}e\x{301}e\x{301}e\x{301}e\x{301}e\x{301}e\x{301}e\x{301}e\x{301}e\x{301}e\x{301}e\x{301}e\x{301}e\x{301}e\x{301}e\x{301}e\x{301}e\x{301}e\x{301}e\x{301}e\x{301}e\x{301}e\x{301}e\x{301}e\x{301} e\x{301}e\x{301}e\x{301}e\x{301}e\x{301}e\x{301}e\x{301}e\x{301}e\x{301}e\x{301}e\x{301}e\x{301}e\x{301}e\x{301}e\x{301}e\x{301}e\x{301}e\x{301}e\x{301}e\x{301}e\x{301}e\x{301}"
          text run at (924,1136) width 0: " "
          text run at (0,1152) width 924: "e\x{301}e\x{301}e\x{301}e\x{301}e\x{301}e\x{301}e\x{301}e\x{301}e\x{301}e\x{301}e\x{301}e\x{301}e\x{301}e\x{301}e\x{301}e\x{301}e\x{301}e\x{301}e\x{301}e\x{301}e\x{301}e\x{301}e\x{301}e\x{301}e\x{301}e\x{301}e\x{301}e\x{301}e\x{301}e\x{301}e\x{301}e\x{301} e\x{301} e\x{301}e\x{301}e\x{301}e\x{301}e\x{301}e\x{301}e\x{301}e\x{301}e\x{301}e\x{301}e\x{301}e\x{301}e\x{301}e\x{301}e\x{301}e\x{301}e\x{301}e\x{301}e\x{301}e\x{301}e\x{301}e\x{301}e\x{301}e\x{301}e\x{301}e\x{301}e\x{301}e\x{301}e\x{301}e\x{301}e\x{301}e\x{301}e\x{301}e\x{301}e\x{301}e\x{301}e\x{301}e\x{301}e\x{301}e\x{301}e\x{301}e\x{301}e\x{301} e\x{301}e\x{301}e\x{301}e\x{301}e\x{301}e\x{301}e\x{301}e\x{301}e\x{301}e\x{301}e\x{301}e\x{301}e\x{301}e\x{301}e\x{301}e\x{301}e\x{301}e\x{301}e\x{301}e\x{301}e\x{301}e\x{301}e\x{301}e\x{301}e\x{301}e\x{301}e\x{301}e\x{301}e\x{301}e\x{301} e\x{301}e\x{301}e\x{301}e\x{301}e\x{301}e\x{301}e\x{301}e\x{301}e\x{301}e\x{301}e\x{301}e\x{301}e\x{301}e\x{301}e\x{301}e\x{301}e\x{301}e\x{301}e\x{301}e\x{301}e\x{301}e\x{301}"
          text run at (924,1152) width 0: " "
          text run at (0,1168) width 924: "e\x{301}e\x{301}e\x{301}e\x{301}e\x{301}e\x{301}e\x{301}e\x{301}e\x{301}e\x{301}e\x{301}e\x{301}e\x{301}e\x{301}e\x{301}e\x{301}e\x{301}e\x{301}e\x{301}e\x{301}e\x{301}e\x{301}e\x{301}e\x{301}e\x{301}e\x{301}e\x{301}e\x{301}e\x{301}e\x{301}e\x{301}e\x{301} e\x{301} e\x{301}e\x{301}e\x{301}e\x{301}e\x{301}e\x{301}e\x{301}e\x{301}e\x{301}e\x{301}e\x{301}e\x{301}e\x{301}e\x{301}e\x{301}e\x{301}e\x{301}e\x{301}e\x{301}e\x{301}e\x{301}e\x{301}e\x{301}e\x{301}e\x{301}e\x{301}e\x{301}e\x{301}e\x{301}e\x{301}e\x{301}e\x{301}e\x{301}e\x{301}e\x{301}e\x{301}e\x{301}e\x{301}e\x{301}e\x{301}e\x{301}e\x{301}e\x{301} e\x{301}e\x{301}e\x{301}e\x{301}e\x{301}e\x{301}e\x{301}e\x{301}e\x{301}e\x{301}e\x{301}e\x{301}e\x{301}e\x{301}e\x{301}e\x{301}e\x{301}e\x{301}e\x{301}e\x{301}e\x{301}e\x{301}e\x{301}e\x{301}e\x{301}e\x{301}e\x{301}e\x{301}e\x{301}e\x{301} e\x{301}e\x{301}e\x{301}e\x{301}e\x{301}e\x{301}e\x{301}e\x{301}e\x{301}e\x{301}e\x{301}e\x{301}e\x{301}e\x{301}e\x{301}e\x{301}e\x{301}e\x{301}e\x{301}e\x{301}e\x{301}e\x{301}"
          text run at (924,1168) width 0: " "
          text run at (0,1184) width 924: "e\x{301}e\x{301}e\x{301}e\x{301}e\x{301}e\x{301}e\x{301}e\x{301}e\x{301}e\x{301}e\x{301}e\x{301}e\x{301}e\x{301}e\x{301}e\x{301}e\x{301}e\x{301}e\x{301}e\x{301}e\x{301}e\x{301}e\x{301}e\x{301}e\x{301}e\x{301}e\x{301}e\x{301}e\x{301}e\x{301}e\x{301}e\x{301} e\x{301} e\x{301}e\x{301}e\x{301}e\x{301}e\x{301}e\x{301}e\x{301}e\x{301}e\x{301}e\x{301}e\x{301}e\x{301}e\x{301}e\x{301}e\x{301}e\x{301}e\x{301}e\x{301}e\x{301}e\x{301}e\x{301}e\x{301}e\x{301}e\x{301}e\x{301}e\x{301}e\x{301}e\x{301}e\x{301}e\x{301}e\x{301}e\x{301}e\x{301}e\x{301}e\x{301}e\x{301}e\x{301}e\x{301}e\x{301}e\x{301}e\x{301}e\x{301}e\x{301} e\x{301}e\x{301}e\x{301}e\x{301}e\x{301}e\x{301}e\x{301}e\x{301}e\x{301}e\x{301}e\x{301}e\x{301}e\x{301}e\x{301}e\x{301}e\x{301}e\x{301}e\x{301}e\x{301}e\x{301}e\x{301}e\x{301}e\x{301}e\x{301}e\x{301}e\x{301}e\x{301}e\x{301}e\x{301}e\x{301} e\x{301}e\x{301}e\x{301}e\x{301}e\x{301}e\x{301}e\x{301}e\x{301}e\x{301}e\x{301}e\x{301}e\x{301}e\x{301}e\x{301}e\x{301}e\x{301}e\x{301}e\x{301}e\x{301}e\x{301}e\x{301}e\x{301}"
          text run at (924,1184) width 0: " "
          text run at (0,1200) width 924: "e\x{301}e\x{301}e\x{301}e\x{301}e\x{301}e\x{301}e\x{301}e\x{301}e\x{301}e\x{301}e\x{301}e\x{301}e\x{301}e\x{301}e\x{301}e\x{301}e\x{301}e\x{301}e\x{301}e\x{301}e\x{301}e\x{301}e\x{301}e\x{301}e\x{301}e\x{301}e\x{301}e\x{301}e\x{301}e\x{301}e\x{301}e\x{301} e\x{301} e\x{301}e\x{301}e\x{301}e\x{301}e\x{301}e\x{301}e\x{301}e\x{301}e\x{301}e\x{301}e\x{301}e\x{301}e\x{301}e\x{301}e\x{301}e\x{301}e\x{301}e\x{301}e\x{301}e\x{301}e\x{301}e\x{301}e\x{301}e\x{301}e\x{301}e\x{301}e\x{301}e\x{301}e\x{301}e\x{301}e\x{301}e\x{301}e\x{301}e\x{301}e\x{301}e\x{301}e\x{301}e\x{301}e\x{301}e\x{301}e\x{301}e\x{301}e\x{301} e\x{301}e\x{301}e\x{301}e\x{301}e\x{301}e\x{301}e\x{301}e\x{301}e\x{301}e\x{301}e\x{301}e\x{301}e\x{301}e\x{301}e\x{301}e\x{301}e\x{301}e\x{301}e\x{301}e\x{301}e\x{301}e\x{301}e\x{301}e\x{301}e\x{301}e\x{301}e\x{301}e\x{301}e\x{301}e\x{301} e\x{301}e\x{301}e\x{301}e\x{301}e\x{301}e\x{301}e\x{301}e\x{301}e\x{301}e\x{301}e\x{301}e\x{301}e\x{301}e\x{301}e\x{301}e\x{301}e\x{301}e\x{301}e\x{301}e\x{301}e\x{301}e\x{301}"
          text run at (924,1200) width 0: " "
          text run at (0,1216) width 924: "e\x{301}e\x{301}e\x{301}e\x{301}e\x{301}e\x{301}e\x{301}e\x{301}e\x{301}e\x{301}e\x{301}e\x{301}e\x{301}e\x{301}e\x{301}e\x{301}e\x{301}e\x{301}e\x{301}e\x{301}e\x{301}e\x{301}e\x{301}e\x{301}e\x{301}e\x{301}e\x{301}e\x{301}e\x{301}e\x{301}e\x{301}e\x{301} e\x{301} e\x{301}e\x{301}e\x{301}e\x{301}e\x{301}e\x{301}e\x{301}e\x{301}e\x{301}e\x{301}e\x{301}e\x{301}e\x{301}e\x{301}e\x{301}e\x{301}e\x{301}e\x{301}e\x{301}e\x{301}e\x{301}e\x{301}e\x{301}e\x{301}e\x{301}e\x{301}e\x{301}e\x{301}e\x{301}e\x{301}e\x{301}e\x{301}e\x{301}e\x{301}e\x{301}e\x{301}e\x{301}e\x{301}e\x{301}e\x{301}e\x{301}e\x{301}e\x{301} e\x{301}e\x{301}e\x{301}e\x{301}e\x{301}e\x{301}e\x{301}e\x{301}e\x{301}e\x{301}e\x{301}e\x{301}e\x{301}e\x{301}e\x{301}e\x{301}e\x{301}e\x{301}e\x{301}e\x{301}e\x{301}e\x{301}e\x{301}e\x{301}e\x{301}e\x{301}e\x{301}e\x{301}e\x{301}e\x{301} e\x{301}e\x{301}e\x{301}e\x{301}e\x{301}e\x{301}e\x{301}e\x{301}e\x{301}e\x{301}e\x{301}e\x{301}e\x{301}e\x{301}e\x{301}e\x{301}e\x{301}e\x{301}e\x{301}e\x{301}e\x{301}e\x{301}"
          text run at (924,1216) width 0: " "
          text run at (0,1232) width 924: "e\x{301}e\x{301}e\x{301}e\x{301}e\x{301}e\x{301}e\x{301}e\x{301}e\x{301}e\x{301}e\x{301}e\x{301}e\x{301}e\x{301}e\x{301}e\x{301}e\x{301}e\x{301}e\x{301}e\x{301}e\x{301}e\x{301}e\x{301}e\x{301}e\x{301}e\x{301}e\x{301}e\x{301}e\x{301}e\x{301}e\x{301}e\x{301} e\x{301} e\x{301}e\x{301}e\x{301}e\x{301}e\x{301}e\x{301}e\x{301}e\x{301}e\x{301}e\x{301}e\x{301}e\x{301}e\x{301}e\x{301}e\x{301}e\x{301}e\x{301}e\x{301}e\x{301}e\x{301}e\x{301}e\x{301}e\x{301}e\x{301}e\x{301}e\x{301}e\x{301}e\x{301}e\x{301}e\x{301}e\x{301}e\x{301}e\x{301}e\x{301}e\x{301}e\x{301}e\x{301}e\x{301}e\x{301}e\x{301}e\x{301}e\x{301}e\x{301} e\x{301}e\x{301}e\x{301}e\x{301}e\x{301}e\x{301}e\x{301}e\x{301}e\x{301}e\x{301}e\x{301}e\x{301}e\x{301}e\x{301}e\x{301}e\x{301}e\x{301}e\x{301}e\x{301}e\x{301}e\x{301}e\x{301}e\x{301}e\x{301}e\x{301}e\x{301}e\x{301}e\x{301}e\x{301}e\x{301} e\x{301}e\x{301}e\x{301}e\x{301}e\x{301}e\x{301}e\x{301}e\x{301}e\x{301}e\x{301}e\x{301}e\x{301}e\x{301}e\x{301}e\x{301}e\x{301}e\x{301}e\x{301}e\x{301}e\x{301}e\x{301}e\x{301}"
          text run at (924,1232) width 0: " "
          text run at (0,1248) width 924: "e\x{301}e\x{301}e\x{301}e\x{301}e\x{301}e\x{301}e\x{301}e\x{301}e\x{301}e\x{301}e\x{301}e\x{301}e\x{301}e\x{301}e\x{301}e\x{301}e\x{301}e\x{301}e\x{301}e\x{301}e\x{301}e\x{301}e\x{301}e\x{301}e\x{301}e\x{301}e\x{301}e\x{301}e\x{301}e\x{301}e\x{301}e\x{301} e\x{301} e\x{301}e\x{301}e\x{301}e\x{301}e\x{301}e\x{301}e\x{301}e\x{301}e\x{301}e\x{301}e\x{301}e\x{301}e\x{301}e\x{301}e\x{301}e\x{301}e\x{301}e\x{301}e\x{301}e\x{301}e\x{301}e\x{301}e\x{301}e\x{301}e\x{301}e\x{301}e\x{301}e\x{301}e\x{301}e\x{301}e\x{301}e\x{301}e\x{301}e\x{301}e\x{301}e\x{301}e\x{301}e\x{301}e\x{301}e\x{301}e\x{301}e\x{301}e\x{301} e\x{301}e\x{301}e\x{301}e\x{301}e\x{301}e\x{301}e\x{301}e\x{301}e\x{301}e\x{301}e\x{301}e\x{301}e\x{301}e\x{301}e\x{301}e\x{301}e\x{301}e\x{301}e\x{301}e\x{301}e\x{301}e\x{301}e\x{301}e\x{301}e\x{301}e\x{301}e\x{301}e\x{301}e\x{301}e\x{301} e\x{301}e\x{301}e\x{301}e\x{301}e\x{301}e\x{301}e\x{301}e\x{301}e\x{301}e\x{301}e\x{301}e\x{301}e\x{301}e\x{301}e\x{301}e\x{301}e\x{301}e\x{301}e\x{301}e\x{301}e\x{301}e\x{301}"
          text run at (924,1248) width 0: " "
          text run at (0,1264) width 924: "e\x{301}e\x{301}e\x{301}e\x{301}e\x{301}e\x{301}e\x{301}e\x{301}e\x{301}e\x{301}e\x{301}e\x{301}e\x{301}e\x{301}e\x{301}e\x{301}e\x{301}e\x{301}e\x{301}e\x{301}e\x{301}e\x{301}e\x{301}e\x{301}e\x{301}e\x{301}e\x{301}e\x{301}e\x{301}e\x{301}e\x{301}e\x{301} e\x{301} e\x{301}e\x{301}e\x{301}e\x{301}e\x{301}e\x{301}e\x{301}e\x{301}e\x{301}e\x{301}e\x{301}e\x{301}e\x{301}e\x{301}e\x{301}e\x{301}e\x{301}e\x{301}e\x{301}e\x{301}e\x{301}e\x{301}e\x{301}e\x{301}e\x{301}e\x{301}e\x{301}e\x{301}e\x{301}e\x{301}e\x{301}e\x{301}e\x{301}e\x{301}e\x{301}e\x{301}e\x{301}e\x{301}e\x{301}e\x{301}e\x{301}e\x{301}e\x{301} e\x{301}e\x{301}e\x{301}e\x{301}e\x{301}e\x{301}e\x{301}e\x{301}e\x{301}e\x{301}e\x{301}e\x{301}e\x{301}e\x{301}e\x{301}e\x{301}e\x{301}e\x{301}e\x{301}e\x{301}e\x{301}e\x{301}e\x{301}e\x{301}e\x{301}e\x{301}e\x{301}e\x{301}e\x{301}e\x{301} e\x{301}e\x{301}e\x{301}e\x{301}e\x{301}e\x{301}e\x{301}e\x{301}e\x{301}e\x{301}e\x{301}e\x{301}e\x{301}e\x{301}e\x{301}e\x{301}e\x{301}e\x{301}e\x{301}e\x{301}e\x{301}e\x{301}"
          text run at (924,1264) width 0: " "
          text run at (0,1280) width 924: "e\x{301}e\x{301}e\x{301}e\x{301}e\x{301}e\x{301}e\x{301}e\x{301}e\x{301}e\x{301}e\x{301}e\x{301}e\x{301}e\x{301}e\x{301}e\x{301}e\x{301}e\x{301}e\x{301}e\x{301}e\x{301}e\x{301}e\x{301}e\x{301}e\x{301}e\x{301}e\x{301}e\x{301}e\x{301}e\x{301}e\x{301}e\x{301} e\x{301} e\x{301}e\x{301}e\x{301}e\x{301}e\x{301}e\x{301}e\x{301}e\x{301}e\x{301}e\x{301}e\x{301}e\x{301}e\x{301}e\x{301}e\x{301}e\x{301}e\x{301}e\x{301}e\x{301}e\x{301}e\x{301}e\x{301}e\x{301}e\x{301}e\x{301}e\x{301}e\x{301}e\x{301}e\x{301}e\x{301}e\x{301}e\x{301}e\x{301}e\x{301}e\x{301}e\x{301}e\x{301}e\x{301}e\x{301}e\x{301}e\x{301}e\x{301}e\x{301} e\x{301}e\x{301}e\x{301}e\x{301}e\x{301}e\x{301}e\x{301}e\x{301}e\x{301}e\x{301}e\x{301}e\x{301}e\x{301}e\x{301}e\x{301}e\x{301}e\x{301}e\x{301}e\x{301}e\x{301}e\x{301}e\x{301}e\x{301}e\x{301}e\x{301}e\x{301}e\x{301}e\x{301}e\x{301}e\x{301} e\x{301}e\x{301}e\x{301}e\x{301}e\x{301}e\x{301}e\x{301}e\x{301}e\x{301}e\x{301}e\x{301}e\x{301}e\x{301}e\x{301}e\x{301}e\x{301}e\x{301}e\x{301}e\x{301}e\x{301}e\x{301}e\x{301}"
          text run at (924,1280) width 0: " "
          text run at (0,1296) width 924: "e\x{301}e\x{301}e\x{301}e\x{301}e\x{301}e\x{301}e\x{301}e\x{301}e\x{301}e\x{301}e\x{301}e\x{301}e\x{301}e\x{301}e\x{301}e\x{301}e\x{301}e\x{301}e\x{301}e\x{301}e\x{301}e\x{301}e\x{301}e\x{301}e\x{301}e\x{301}e\x{301}e\x{301}e\x{301}e\x{301}e\x{301}e\x{301} e\x{301} e\x{301}e\x{301}e\x{301}e\x{301}e\x{301}e\x{301}e\x{301}e\x{301}e\x{301}e\x{301}e\x{301}e\x{301}e\x{301}e\x{301}e\x{301}e\x{301}e\x{301}e\x{301}e\x{301}e\x{301}e\x{301}e\x{301}e\x{301}e\x{301}e\x{301}e\x{301}e\x{301}e\x{301}e\x{301}e\x{301}e\x{301}e\x{301}e\x{301}e\x{301}e\x{301}e\x{301}e\x{301}e\x{301}e\x{301}e\x{301}e\x{301}e\x{301}e\x{301} e\x{301}e\x{301}e\x{301}e\x{301}e\x{301}e\x{301}e\x{301}e\x{301}e\x{301}e\x{301}e\x{301}e\x{301}e\x{301}e\x{301}e\x{301}e\x{301}e\x{301}e\x{301}e\x{301}e\x{301}e\x{301}e\x{301}e\x{301}e\x{301}e\x{301}e\x{301}e\x{301}e\x{301}e\x{301}e\x{301} e\x{301}e\x{301}e\x{301}e\x{301}e\x{301}e\x{301}e\x{301}e\x{301}e\x{301}e\x{301}e\x{301}e\x{301}e\x{301}e\x{301}e\x{301}e\x{301}e\x{301}e\x{301}e\x{301}e\x{301}e\x{301}e\x{301}"
          text run at (924,1296) width 0: " "
          text run at (0,1312) width 924: "e\x{301}e\x{301}e\x{301}e\x{301}e\x{301}e\x{301}e\x{301}e\x{301}e\x{301}e\x{301}e\x{301}e\x{301}e\x{301}e\x{301}e\x{301}e\x{301}e\x{301}e\x{301}e\x{301}e\x{301}e\x{301}e\x{301}e\x{301}e\x{301}e\x{301}e\x{301}e\x{301}e\x{301}e\x{301}e\x{301}e\x{301}e\x{301} e\x{301} e\x{301}e\x{301}e\x{301}e\x{301}e\x{301}e\x{301}e\x{301}e\x{301}e\x{301}e\x{301}e\x{301}e\x{301}e\x{301}e\x{301}e\x{301}e\x{301}e\x{301}e\x{301}e\x{301}e\x{301}e\x{301}e\x{301}e\x{301}e\x{301}e\x{301}e\x{301}e\x{301}e\x{301}e\x{301}e\x{301}e\x{301}e\x{301}e\x{301}e\x{301}e\x{301}e\x{301}e\x{301}e\x{301}e\x{301}e\x{301}e\x{301}e\x{301}e\x{301} e\x{301}e\x{301}e\x{301}e\x{301}e\x{301}e\x{301}e\x{301}e\x{301}e\x{301}e\x{301}e\x{301}e\x{301}e\x{301}e\x{301}e\x{301}e\x{301}e\x{301}e\x{301}e\x{301}e\x{301}e\x{301}e\x{301}e\x{301}e\x{301}e\x{301}e\x{301}e\x{301}e\x{301}e\x{301}e\x{301} e\x{301}e\x{301}e\x{301}e\x{301}e\x{301}e\x{301}e\x{301}e\x{301}e\x{301}e\x{301}e\x{301}e\x{301}e\x{301}e\x{301}e\x{301}e\x{301}e\x{301}e\x{301}e\x{301}e\x{301}e\x{301}e\x{301}"
          text run at (924,1312) width 0: " "
          text run at (0,1328) width 924: "e\x{301}e\x{301}e\x{301}e\x{301}e\x{301}e\x{301}e\x{301}e\x{301}e\x{301}e\x{301}e\x{301}e\x{301}e\x{301}e\x{301}e\x{301}e\x{301}e\x{301}e\x{301}e\x{301}e\x{301}e\x{301}e\x{301}e\x{301}e\x{301}e\x{301}e\x{301}e\x{301}e\x{301}e\x{301}e\x{301}e\x{301}e\x{301} e\x{301} e\x{301}e\x{301}e\x{301}e\x{301}e\x{301}e\x{301}e\x{301}e\x{301}e\x{301}e\x{301}e\x{301}e\x{301}e\x{301}e\x{301}e\x{301}e\x{301}e\x{301}e\x{301}e\x{301}e\x{301}e\x{301}e\x{301}e\x{301}e\x{301}e\x{301}e\x{301}e\x{301}e\x{301}e\x{301}e\x{301}e\x{301}e\x{301}e\x{301}e\x{301}e\x{301}e\x{301}e\x{301}e\x{301}e\x{301}e\x{301}e\x{301}e\x{301}e\x{301} e\x{301}e\x{301}e\x{301}e\x{301}e\x{301}e\x{301}e\x{301}e\x{301}e\x{301}e\x{301}e\x{301}e\x{301}e\x{301}e\x{301}e\x{301}e\x{301}e\x{301}e\x{301}e\x{301}e\x{301}e\x{301}e\x{301}e\x{301}e\x{301}e\x{301}e\x{301}e\x{301}e\x{301}e\x{301}e\x{301} e\x{301}e\x{301}e\x{301}e\x{301}e\x{301}e\x{301}e\x{301}e\x{301}e\x{301}e\x{301}e\x{301}e\x{301}e\x{301}e\x{301}e\x{301}e\x{301}e\x{301}e\x{301}e\x{301}e\x{301}e\x{301}e\x{301}"
          text run at (924,1328) width 0: " "
          text run at (0,1344) width 924: "e\x{301}e\x{301}e\x{301}e\x{301}e\x{301}e\x{301}e\x{301}e\x{301}e\x{301}e\x{301}e\x{301}e\x{301}e\x{301}e\x{301}e\x{301}e\x{301}e\x{301}e\x{301}e\x{301}e\x{301}e\x{301}e\x{301}e\x{301}e\x{301}e\x{301}e\x{301}e\x{301}e\x{301}e\x{301}e\x{301}e\x{301}e\x{301} e\x{301} e\x{301}e\x{301}e\x{301}e\x{301}e\x{301}e\x{301}e\x{301}e\x{301}e\x{301}e\x{301}e\x{301}e\x{301}e\x{301}e\x{301}e\x{301}e\x{301}e\x{301}e\x{301}e\x{301}e\x{301}e\x{301}e\x{301}e\x{301}e\x{301}e\x{301}e\x{301}e\x{301}e\x{301}e\x{301}e\x{301}e\x{301}e\x{301}e\x{301}e\x{301}e\x{301}e\x{301}e\x{301}e\x{301}e\x{301}e\x{301}e\x{301}e\x{301}e\x{301} e\x{301}e\x{301}e\x{301}e\x{301}e\x{301}e\x{301}e\x{301}e\x{301}e\x{301}e\x{301}e\x{301}e\x{301}e\x{301}e\x{301}e\x{301}e\x{301}e\x{301}e\x{301}e\x{301}e\x{301}e\x{301}e\x{301}e\x{301}e\x{301}e\x{301}e\x{301}e\x{301}e\x{301}e\x{301}e\x{301} e\x{301}e\x{301}e\x{301}e\x{301}e\x{301}e\x{301}e\x{301}e\x{301}e\x{301}e\x{301}e\x{301}e\x{301}e\x{301}e\x{301}e\x{301}e\x{301}e\x{301}e\x{301}e\x{301}e\x{301}e\x{301}e\x{301}"
          text run at (924,1344) width 0: " "
          text run at (0,1360) width 924: "e\x{301}e\x{301}e\x{301}e\x{301}e\x{301}e\x{301}e\x{301}e\x{301}e\x{301}e\x{301}e\x{301}e\x{301}e\x{301}e\x{301}e\x{301}e\x{301}e\x{301}e\x{301}e\x{301}e\x{301}e\x{301}e\x{301}e\x{301}e\x{301}e\x{301}e\x{301}e\x{301}e\x{301}e\x{301}e\x{301}e\x{301}e\x{301} e\x{301} e\x{301}e\x{301}e\x{301}e\x{301}e\x{301}e\x{301}e\x{301}e\x{301}e\x{301}e\x{301}e\x{301}e\x{301}e\x{301}e\x{301}e\x{301}e\x{301}e\x{301}e\x{301}e\x{301}e\x{301}e\x{301}e\x{301}e\x{301}e\x{301}e\x{301}e\x{301}e\x{301}e\x{301}e\x{301}e\x{301}e\x{301}e\x{301}e\x{301}e\x{301}e\x{301}e\x{301}e\x{301}e\x{301}e\x{301}e\x{301}e\x{301}e\x{301}e\x{301} e\x{301}e\x{301}e\x{301}e\x{301}e\x{301}e\x{301}e\x{301}e\x{301}e\x{301}e\x{301}e\x{301}e\x{301}e\x{301}e\x{301}e\x{301}e\x{301}e\x{301}e\x{301}e\x{301}e\x{301}e\x{301}e\x{301}e\x{301}e\x{301}e\x{301}e\x{301}e\x{301}e\x{301}e\x{301}e\x{301} e\x{301}e\x{301}e\x{301}e\x{301}e\x{301}e\x{301}e\x{301}e\x{301}e\x{301}e\x{301}e\x{301}e\x{301}e\x{301}e\x{301}e\x{301}e\x{301}e\x{301}e\x{301}e\x{301}e\x{301}e\x{301}e\x{301}"
          text run at (924,1360) width 0: " "
          text run at (0,1376) width 924: "e\x{301}e\x{301}e\x{301}e\x{301}e\x{301}e\x{301}e\x{301}e\x{301}e\x{301}e\x{301}e\x{301}e\x{301}e\x{301}e\x{301}e\x{301}e\x{301}e\x{301}e\x{301}e\x{301}e\x{301}e\x{301}e\x{301}e\x{301}e\x{301}e\x{301}e\x{301}e\x{301}e\x{301}e\x{301}e\x{301}e\x{301}e\x{301} e\x{301} e\x{301}e\x{301}e\x{301}e\x{301}e\x{301}e\x{301}e\x{301}e\x{301}e\x{301}e\x{301}e\x{301}e\x{301}e\x{301}e\x{301}e\x{301}e\x{301}e\x{301}e\x{301}e\x{301}e\x{301}e\x{301}e\x{301}e\x{301}e\x{301}e\x{301}e\x{301}e\x{301}e\x{301}e\x{301}e\x{301}e\x{301}e\x{301}e\x{301}e\x{301}e\x{301}e\x{301}e\x{301}e\x{301}e\x{301}e\x{301}e\x{301}e\x{301}e\x{301} e\x{301}e\x{301}e\x{301}e\x{301}e\x{301}e\x{301}e\x{301}e\x{301}e\x{301}e\x{301}e\x{301}e\x{301}e\x{301}e\x{301}e\x{301}e\x{301}e\x{301}e\x{301}e\x{301}e\x{301}e\x{301}e\x{301}e\x{301}e\x{301}e\x{301}e\x{301}e\x{301}e\x{301}e\x{301}e\x{301} e\x{301}e\x{301}e\x{301}e\x{301}e\x{301}e\x{301}e\x{301}e\x{301}e\x{301}e\x{301}e\x{301}e\x{301}e\x{301}e\x{301}e\x{301}e\x{301}e\x{301}e\x{301}e\x{301}e\x{301}e\x{301}e\x{301}"
          text run at (924,1376) width 0: " "
          text run at (0,1392) width 924: "e\x{301}e\x{301}e\x{301}e\x{301}e\x{301}e\x{301}e\x{301}e\x{301}e\x{301}e\x{301}e\x{301}e\x{301}e\x{301}e\x{301}e\x{301}e\x{301}e\x{301}e\x{301}e\x{301}e\x{301}e\x{301}e\x{301}e\x{301}e\x{301}e\x{301}e\x{301}e\x{301}e\x{301}e\x{301}e\x{301}e\x{301}e\x{301} e\x{301} e\x{301}e\x{301}e\x{301}e\x{301}e\x{301}e\x{301}e\x{301}e\x{301}e\x{301}e\x{301}e\x{301}e\x{301}e\x{301}e\x{301}e\x{301}e\x{301}e\x{301}e\x{301}e\x{301}e\x{301}e\x{301}e\x{301}e\x{301}e\x{301}e\x{301}e\x{301}e\x{301}e\x{301}e\x{301}e\x{301}e\x{301}e\x{301}e\x{301}e\x{301}e\x{301}e\x{301}e\x{301}e\x{301}e\x{301}e\x{301}e\x{301}e\x{301}e\x{301} e\x{301}e\x{301}e\x{301}e\x{301}e\x{301}e\x{301}e\x{301}e\x{301}e\x{301}e\x{301}e\x{301}e\x{301}e\x{301}e\x{301}e\x{301}e\x{301}e\x{301}e\x{301}e\x{301}e\x{301}e\x{301}e\x{301}e\x{301}e\x{301}e\x{301}e\x{301}e\x{301}e\x{301}e\x{301}e\x{301} e\x{301}e\x{301}e\x{301}e\x{301}e\x{301}e\x{301}e\x{301}e\x{301}e\x{301}e\x{301}e\x{301}e\x{301}e\x{301}e\x{301}e\x{301}e\x{301}e\x{301}e\x{301}e\x{301}e\x{301}e\x{301}e\x{301}"
          text run at (924,1392) width 0: " "
          text run at (0,1408) width 924: "e\x{301}e\x{301}e\x{301}e\x{301}e\x{301}e\x{301}e\x{301}e\x{301}e\x{301}e\x{301}e\x{301}e\x{301}e\x{301}e\x{301}e\x{301}e\x{301}e\x{301}e\x{301}e\x{301}e\x{301}e\x{301}e\x{301}e\x{301}e\x{301}e\x{301}e\x{301}e\x{301}e\x{301}e\x{301}e\x{301}e\x{301}e\x{301} e\x{301} e\x{301}e\x{301}e\x{301}e\x{301}e\x{301}e\x{301}e\x{301}e\x{301}e\x{301}e\x{301}e\x{301}e\x{301}e\x{301}e\x{301}e\x{301}e\x{301}e\x{301}e\x{301}e\x{301}e\x{301}e\x{301}e\x{301}e\x{301}e\x{301}e\x{301}e\x{301}e\x{301}e\x{301}e\x{301}e\x{301}e\x{301}e\x{301}e\x{301}e\x{301}e\x{301}e\x{301}e\x{301}e\x{301}e\x{301}e\x{301}e\x{301}e\x{301}e\x{301} e\x{301}e\x{301}e\x{301}e\x{301}e\x{301}e\x{301}e\x{301}e\x{301}e\x{301}e\x{301}e\x{301}e\x{301}e\x{301}e\x{301}e\x{301}e\x{301}e\x{301}e\x{301}e\x{301}e\x{301}e\x{301}e\x{301}e\x{301}e\x{301}e\x{301}e\x{301}e\x{301}e\x{301}e\x{301}e\x{301} e\x{301}e\x{301}e\x{301}e\x{301}e\x{301}e\x{301}e\x{301}e\x{301}e\x{301}e\x{301}e\x{301}e\x{301}e\x{301}e\x{301}e\x{301}e\x{301}e\x{301}e\x{301}e\x{301}e\x{301}e\x{301}e\x{301}"
          text run at (924,1408) width 0: " "
          text run at (0,1424) width 924: "e\x{301}e\x{301}e\x{301}e\x{301}e\x{301}e\x{301}e\x{301}e\x{301}e\x{301}e\x{301}e\x{301}e\x{301}e\x{301}e\x{301}e\x{301}e\x{301}e\x{301}e\x{301}e\x{301}e\x{301}e\x{301}e\x{301}e\x{301}e\x{301}e\x{301}e\x{301}e\x{301}e\x{301}e\x{301}e\x{301}e\x{301}e\x{301} e\x{301} e\x{301}e\x{301}e\x{301}e\x{301}e\x{301}e\x{301}e\x{301}e\x{301}e\x{301}e\x{301}e\x{301}e\x{301}e\x{301}e\x{301}e\x{301}e\x{301}e\x{301}e\x{301}e\x{301}e\x{301}e\x{301}e\x{301}e\x{301}e\x{301}e\x{301}e\x{301}e\x{301}e\x{301}e\x{301}e\x{301}e\x{301}e\x{301}e\x{301}e\x{301}e\x{301}e\x{301}e\x{301}e\x{301}e\x{301}e\x{301}e\x{301}e\x{301}e\x{301} e\x{301}e\x{301}e\x{301}e\x{301}e\x{301}e\x{301}e\x{301}e\x{301}e\x{301}e\x{301}e\x{301}e\x{301}e\x{301}e\x{301}e\x{301}e\x{301}e\x{301}e\x{301}e\x{301}e\x{301}e\x{301}e\x{301}e\x{301}e\x{301}e\x{301}e\x{301}e\x{301}e\x{301}e\x{301}e\x{301} e\x{301}e\x{301}e\x{301}e\x{301}e\x{301}e\x{301}e\x{301}e\x{301}e\x{301}e\x{301}e\x{301}e\x{301}e\x{301}e\x{301}e\x{301}e\x{301}e\x{301}e\x{301}e\x{301}e\x{301}e\x{301}e\x{301}"
          text run at (924,1424) width 0: " "
          text run at (0,1440) width 924: "e\x{301}e\x{301}e\x{301}e\x{301}e\x{301}e\x{301}e\x{301}e\x{301}e\x{301}e\x{301}e\x{301}e\x{301}e\x{301}e\x{301}e\x{301}e\x{301}e\x{301}e\x{301}e\x{301}e\x{301}e\x{301}e\x{301}e\x{301}e\x{301}e\x{301}e\x{301}e\x{301}e\x{301}e\x{301}e\x{301}e\x{301}e\x{301} e\x{301} e\x{301}e\x{301}e\x{301}e\x{301}e\x{301}e\x{301}e\x{301}e\x{301}e\x{301}e\x{301}e\x{301}e\x{301}e\x{301}e\x{301}e\x{301}e\x{301}e\x{301}e\x{301}e\x{301}e\x{301}e\x{301}e\x{301}e\x{301}e\x{301}e\x{301}e\x{301}e\x{301}e\x{301}e\x{301}e\x{301}e\x{301}e\x{301}e\x{301}e\x{301}e\x{301}e\x{301}e\x{301}e\x{301}e\x{301}e\x{301}e\x{301}e\x{301}e\x{301} e\x{301}e\x{301}e\x{301}e\x{301}e\x{301}e\x{301}e\x{301}e\x{301}e\x{301}e\x{301}e\x{301}e\x{301}e\x{301}e\x{301}e\x{301}e\x{301}e\x{301}e\x{301}e\x{301}e\x{301}e\x{301}e\x{301}e\x{301}e\x{301}e\x{301}e\x{301}e\x{301}e\x{301}e\x{301}e\x{301} e\x{301}e\x{301}e\x{301}e\x{301}e\x{301}e\x{301}e\x{301}e\x{301}e\x{301}e\x{301}e\x{301}e\x{301}e\x{301}e\x{301}e\x{301}e\x{301}e\x{301}e\x{301}e\x{301}e\x{301}e\x{301}e\x{301}"
          text run at (924,1440) width 0: " "
          text run at (0,1456) width 924: "e\x{301}e\x{301}e\x{301}e\x{301}e\x{301}e\x{301}e\x{301}e\x{301}e\x{301}e\x{301}e\x{301}e\x{301}e\x{301}e\x{301}e\x{301}e\x{301}e\x{301}e\x{301}e\x{301}e\x{301}e\x{301}e\x{301}e\x{301}e\x{301}e\x{301}e\x{301}e\x{301}e\x{301}e\x{301}e\x{301}e\x{301}e\x{301} e\x{301} e\x{301}e\x{301}e\x{301}e\x{301}e\x{301}e\x{301}e\x{301}e\x{301}e\x{301}e\x{301}e\x{301}e\x{301}e\x{301}e\x{301}e\x{301}e\x{301}e\x{301}e\x{301}e\x{301}e\x{301}e\x{301}e\x{301}e\x{301}e\x{301}e\x{301}e\x{301}e\x{301}e\x{301}e\x{301}e\x{301}e\x{301}e\x{301}e\x{301}e\x{301}e\x{301}e\x{301}e\x{301}e\x{301}e\x{301}e\x{301}e\x{301}e\x{301}e\x{301} e\x{301}e\x{301}e\x{301}e\x{301}e\x{301}e\x{301}e\x{301}e\x{301}e\x{301}e\x{301}e\x{301}e\x{301}e\x{301}e\x{301}e\x{301}e\x{301}e\x{301}e\x{301}e\x{301}e\x{301}e\x{301}e\x{301}e\x{301}e\x{301}e\x{301}e\x{301}e\x{301}e\x{301}e\x{301}e\x{301} e\x{301}e\x{301}e\x{301}e\x{301}e\x{301}e\x{301}e\x{301}e\x{301}e\x{301}e\x{301}e\x{301}e\x{301}e\x{301}e\x{301}e\x{301}e\x{301}e\x{301}e\x{301}e\x{301}e\x{301}e\x{301}e\x{301}"
          text run at (924,1456) width 0: " "
          text run at (0,1472) width 924: "e\x{301}e\x{301}e\x{301}e\x{301}e\x{301}e\x{301}e\x{301}e\x{301}e\x{301}e\x{301}e\x{301}e\x{301}e\x{301}e\x{301}e\x{301}e\x{301}e\x{301}e\x{301}e\x{301}e\x{301}e\x{301}e\x{301}e\x{301}e\x{301}e\x{301}e\x{301}e\x{301}e\x{301}e\x{301}e\x{301}e\x{301}e\x{301} e\x{301} e\x{301}e\x{301}e\x{301}e\x{301}e\x{301}e\x{301}e\x{301}e\x{301}e\x{301}e\x{301}e\x{301}e\x{301}e\x{301}e\x{301}e\x{301}e\x{301}e\x{301}e\x{301}e\x{301}e\x{301}e\x{301}e\x{301}e\x{301}e\x{301}e\x{301}e\x{301}e\x{301}e\x{301}e\x{301}e\x{301}e\x{301}e\x{301}e\x{301}e\x{301}e\x{301}e\x{301}e\x{301}e\x{301}e\x{301}e\x{301}e\x{301}e\x{301}e\x{301} e\x{301}e\x{301}e\x{301}e\x{301}e\x{301}e\x{301}e\x{301}e\x{301}e\x{301}e\x{301}e\x{301}e\x{301}e\x{301}e\x{301}e\x{301}e\x{301}e\x{301}e\x{301}e\x{301}e\x{301}e\x{301}e\x{301}e\x{301}e\x{301}e\x{301}e\x{301}e\x{301}e\x{301}e\x{301}e\x{301} e\x{301}e\x{301}e\x{301}e\x{301}e\x{301}e\x{301}e\x{301}e\x{301}e\x{301}e\x{301}e\x{301}e\x{301}e\x{301}e\x{301}e\x{301}e\x{301}e\x{301}e\x{301}e\x{301}e\x{301}e\x{301}e\x{301}"
          text run at (924,1472) width 0: " "
          text run at (0,1488) width 924: "e\x{301}e\x{301}e\x{301}e\x{301}e\x{301}e\x{301}e\x{301}e\x{301}e\x{301}e\x{301}e\x{301}e\x{301}e\x{301}e\x{301}e\x{301}e\x{301}e\x{301}e\x{301}e\x{301}e\x{301}e\x{301}e\x{301}e\x{301}e\x{301}e\x{301}e\x{301}e\x{301}e\x{301}e\x{301}e\x{301}e\x{301}e\x{301} e\x{301} e\x{301}e\x{301}e\x{301}e\x{301}e\x{301}e\x{301}e\x{301}e\x{301}e\x{301}e\x{301}e\x{301}e\x{301}e\x{301}e\x{301}e\x{301}e\x{301}e\x{301}e\x{301}e\x{301}e\x{301}e\x{301}e\x{301}e\x{301}e\x{301}e\x{301}e\x{301}e\x{301}e\x{301}e\x{301}e\x{301}e\x{301}e\x{301}e\x{301}e\x{301}e\x{301}e\x{301}e\x{301}e\x{301}e\x{301}e\x{301}e\x{301}e\x{301}e\x{301} e\x{301}e\x{301}e\x{301}e\x{301}e\x{301}e\x{301}e\x{301}e\x{301}e\x{301}e\x{301}e\x{301}e\x{301}e\x{301}e\x{301}e\x{301}e\x{301}e\x{301}e\x{301}e\x{301}e\x{301}e\x{301}e\x{301}e\x{301}e\x{301}e\x{301}e\x{301}e\x{301}e\x{301}e\x{301}e\x{301} e\x{301}e\x{301}e\x{301}e\x{301}e\x{301}e\x{301}e\x{301}e\x{301}e\x{301}e\x{301}e\x{301}e\x{301}e\x{301}e\x{301}e\x{301}e\x{301}e\x{301}e\x{301}e\x{301}e\x{301}e\x{301}e\x{301}"
          text run at (924,1488) width 0: " "
          text run at (0,1504) width 924: "e\x{301}e\x{301}e\x{301}e\x{301}e\x{301}e\x{301}e\x{301}e\x{301}e\x{301}e\x{301}e\x{301}e\x{301}e\x{301}e\x{301}e\x{301}e\x{301}e\x{301}e\x{301}e\x{301}e\x{301}e\x{301}e\x{301}e\x{301}e\x{301}e\x{301}e\x{301}e\x{301}e\x{301}e\x{301}e\x{301}e\x{301}e\x{301} e\x{301} e\x{301}e\x{301}e\x{301}e\x{301}e\x{301}e\x{301}e\x{301}e\x{301}e\x{301}e\x{301}e\x{301}e\x{301}e\x{301}e\x{301}e\x{301}e\x{301}e\x{301}e\x{301}e\x{301}e\x{301}e\x{301}e\x{301}e\x{301}e\x{301}e\x{301}e\x{301}e\x{301}e\x{301}e\x{301}e\x{301}e\x{301}e\x{301}e\x{301}e\x{301}e\x{301}e\x{301}e\x{301}e\x{301}e\x{301}e\x{301}e\x{301}e\x{301}e\x{301} e\x{301}e\x{301}e\x{301}e\x{301}e\x{301}e\x{301}e\x{301}e\x{301}e\x{301}e\x{301}e\x{301}e\x{301}e\x{301}e\x{301}e\x{301}e\x{301}e\x{301}e\x{301}e\x{301}e\x{301}e\x{301}e\x{301}e\x{301}e\x{301}e\x{301}e\x{301}e\x{301}e\x{301}e\x{301}e\x{301} e\x{301}e\x{301}e\x{301}e\x{301}e\x{301}e\x{301}e\x{301}e\x{301}e\x{301}e\x{301}e\x{301}e\x{301}e\x{301}e\x{301}e\x{301}e\x{301}e\x{301}e\x{301}e\x{301}e\x{301}e\x{301}e\x{301}"
          text run at (924,1504) width 0: " "
          text run at (0,1520) width 924: "e\x{301}e\x{301}e\x{301}e\x{301}e\x{301}e\x{301}e\x{301}e\x{301}e\x{301}e\x{301}e\x{301}e\x{301}e\x{301}e\x{301}e\x{301}e\x{301}e\x{301}e\x{301}e\x{301}e\x{301}e\x{301}e\x{301}e\x{301}e\x{301}e\x{301}e\x{301}e\x{301}e\x{301}e\x{301}e\x{301}e\x{301}e\x{301} e\x{301} e\x{301}e\x{301}e\x{301}e\x{301}e\x{301}e\x{301}e\x{301}e\x{301}e\x{301}e\x{301}e\x{301}e\x{301}e\x{301}e\x{301}e\x{301}e\x{301}e\x{301}e\x{301}e\x{301}e\x{301}e\x{301}e\x{301}e\x{301}e\x{301}e\x{301}e\x{301}e\x{301}e\x{301}e\x{301}e\x{301}e\x{301}e\x{301}e\x{301}e\x{301}e\x{301}e\x{301}e\x{301}e\x{301}e\x{301}e\x{301}e\x{301}e\x{301}e\x{301} e\x{301}e\x{301}e\x{301}e\x{301}e\x{301}e\x{301}e\x{301}e\x{301}e\x{301}e\x{301}e\x{301}e\x{301}e\x{301}e\x{301}e\x{301}e\x{301}e\x{301}e\x{301}e\x{301}e\x{301}e\x{301}e\x{301}e\x{301}e\x{301}e\x{301}e\x{301}e\x{301}e\x{301}e\x{301}e\x{301} e\x{301}e\x{301}e\x{301}e\x{301}e\x{301}e\x{301}e\x{301}e\x{301}e\x{301}e\x{301}e\x{301}e\x{301}e\x{301}e\x{301}e\x{301}e\x{301}e\x{301}e\x{301}e\x{301}e\x{301}e\x{301}e\x{301}"
          text run at (924,1520) width 0: " "
          text run at (0,1536) width 924: "e\x{301}e\x{301}e\x{301}e\x{301}e\x{301}e\x{301}e\x{301}e\x{301}e\x{301}e\x{301}e\x{301}e\x{301}e\x{301}e\x{301}e\x{301}e\x{301}e\x{301}e\x{301}e\x{301}e\x{301}e\x{301}e\x{301}e\x{301}e\x{301}e\x{301}e\x{301}e\x{301}e\x{301}e\x{301}e\x{301}e\x{301}e\x{301} e\x{301} e\x{301}e\x{301}e\x{301}e\x{301}e\x{301}e\x{301}e\x{301}e\x{301}e\x{301}e\x{301}e\x{301}e\x{301}e\x{301}e\x{301}e\x{301}e\x{301}e\x{301}e\x{301}e\x{301}e\x{301}e\x{301}e\x{301}e\x{301}e\x{301}e\x{301}e\x{301}e\x{301}e\x{301}e\x{301}e\x{301}e\x{301}e\x{301}e\x{301}e\x{301}e\x{301}e\x{301}e\x{301}e\x{301}e\x{301}e\x{301}e\x{301}e\x{301}e\x{301} e\x{301}e\x{301}e\x{301}e\x{301}e\x{301}e\x{301}e\x{301}e\x{301}e\x{301}e\x{301}e\x{301}e\x{301}e\x{301}e\x{301}e\x{301}e\x{301}e\x{301}e\x{301}e\x{301}e\x{301}e\x{301}e\x{301}e\x{301}e\x{301}e\x{301}e\x{301}e\x{301}e\x{301}e\x{301}e\x{301} e\x{301}e\x{301}e\x{301}e\x{301}e\x{301}e\x{301}e\x{301}e\x{301}e\x{301}e\x{301}e\x{301}e\x{301}e\x{301}e\x{301}e\x{301}e\x{301}e\x{301}e\x{301}e\x{301}e\x{301}e\x{301}e\x{301}"
          text run at (924,1536) width 0: " "
          text run at (0,1552) width 924: "e\x{301}e\x{301}e\x{301}e\x{301}e\x{301}e\x{301}e\x{301}e\x{301}e\x{301}e\x{301}e\x{301}e\x{301}e\x{301}e\x{301}e\x{301}e\x{301}e\x{301}e\x{301}e\x{301}e\x{301}e\x{301}e\x{301}e\x{301}e\x{301}e\x{301}e\x{301}e\x{301}e\x{301}e\x{301}e\x{301}e\x{301}e\x{301} e\x{301} e\x{301}e\x{301}e\x{301}e\x{301}e\x{301}e\x{301}e\x{301}e\x{301}e\x{301}e\x{301}e\x{301}e\x{301}e\x{301}e\x{301}e\x{301}e\x{301}e\x{301}e\x{301}e\x{301}e\x{301}e\x{301}e\x{301}e\x{301}e\x{301}e\x{301}e\x{301}e\x{301}e\x{301}e\x{301}e\x{301}e\x{301}e\x{301}e\x{301}e\x{301}e\x{301}e\x{301}e\x{301}e\x{301}e\x{301}e\x{301}e\x{301}e\x{301}e\x{301} e\x{301}e\x{301}e\x{301}e\x{301}e\x{301}e\x{301}e\x{301}e\x{301}e\x{301}e\x{301}e\x{301}e\x{301}e\x{301}e\x{301}e\x{301}e\x{301}e\x{301}e\x{301}e\x{301}e\x{301}e\x{301}e\x{301}e\x{301}e\x{301}e\x{301}e\x{301}e\x{301}e\x{301}e\x{301}e\x{301} e\x{301}e\x{301}e\x{301}e\x{301}e\x{301}e\x{301}e\x{301}e\x{301}e\x{301}e\x{301}e\x{301}e\x{301}e\x{301}e\x{301}e\x{301}e\x{301}e\x{301}e\x{301}e\x{301}e\x{301}e\x{301}e\x{301}"
          text run at (924,1552) width 0: " "
          text run at (0,1568) width 924: "e\x{301}e\x{301}e\x{301}e\x{301}e\x{301}e\x{301}e\x{301}e\x{301}e\x{301}e\x{301}e\x{301}e\x{301}e\x{301}e\x{301}e\x{301}e\x{301}e\x{301}e\x{301}e\x{301}e\x{301}e\x{301}e\x{301}e\x{301}e\x{301}e\x{301}e\x{301}e\x{301}e\x{301}e\x{301}e\x{301}e\x{301}e\x{301} e\x{301} e\x{301}e\x{301}e\x{301}e\x{301}e\x{301}e\x{301}e\x{301}e\x{301}e\x{301}e\x{301}e\x{301}e\x{301}e\x{301}e\x{301}e\x{301}e\x{301}e\x{301}e\x{301}e\x{301}e\x{301}e\x{301}e\x{301}e\x{301}e\x{301}e\x{301}e\x{301}e\x{301}e\x{301}e\x{301}e\x{301}e\x{301}e\x{301}e\x{301}e\x{301}e\x{301}e\x{301}e\x{301}e\x{301}e\x{301}e\x{301}e\x{301}e\x{301}e\x{301} e\x{301}e\x{301}e\x{301}e\x{301}e\x{301}e\x{301}e\x{301}e\x{301}e\x{301}e\x{301}e\x{301}e\x{301}e\x{301}e\x{301}e\x{301}e\x{301}e\x{301}e\x{301}e\x{301}e\x{301}e\x{301}e\x{301}e\x{301}e\x{301}e\x{301}e\x{301}e\x{301}e\x{301}e\x{301}e\x{301} e\x{301}e\x{301}e\x{301}e\x{301}e\x{301}e\x{301}e\x{301}e\x{301}e\x{301}e\x{301}e\x{301}e\x{301}e\x{301}e\x{301}e\x{301}e\x{301}e\x{301}e\x{301}e\x{301}e\x{301}e\x{301}e\x{301}"
          text run at (924,1568) width 0: " "
          text run at (0,1584) width 924: "e\x{301}e\x{301}e\x{301}e\x{301}e\x{301}e\x{301}e\x{301}e\x{301}e\x{301}e\x{301}e\x{301}e\x{301}e\x{301}e\x{301}e\x{301}e\x{301}e\x{301}e\x{301}e\x{301}e\x{301}e\x{301}e\x{301}e\x{301}e\x{301}e\x{301}e\x{301}e\x{301}e\x{301}e\x{301}e\x{301}e\x{301}e\x{301} e\x{301} e\x{301}e\x{301}e\x{301}e\x{301}e\x{301}e\x{301}e\x{301}e\x{301}e\x{301}e\x{301}e\x{301}e\x{301}e\x{301}e\x{301}e\x{301}e\x{301}e\x{301}e\x{301}e\x{301}e\x{301}e\x{301}e\x{301}e\x{301}e\x{301}e\x{301}e\x{301}e\x{301}e\x{301}e\x{301}e\x{301}e\x{301}e\x{301}e\x{301}e\x{301}e\x{301}e\x{301}e\x{301}e\x{301}e\x{301}e\x{301}e\x{301}e\x{301}e\x{301} e\x{301}e\x{301}e\x{301}e\x{301}e\x{301}e\x{301}e\x{301}e\x{301}e\x{301}e\x{301}e\x{301}e\x{301}e\x{301}e\x{301}e\x{301}e\x{301}e\x{301}e\x{301}e\x{301}e\x{301}e\x{301}e\x{301}e\x{301}e\x{301}e\x{301}e\x{301}e\x{301}e\x{301}e\x{301}e\x{301} e\x{301}e\x{301}e\x{301}e\x{301}e\x{301}e\x{301}e\x{301}e\x{301}e\x{301}e\x{301}e\x{301}e\x{301}e\x{301}e\x{301}e\x{301}e\x{301}e\x{301}e\x{301}e\x{301}e\x{301}e\x{301}e\x{301}"
          text run at (924,1584) width 0: " "
          text run at (0,1600) width 924: "e\x{301}e\x{301}e\x{301}e\x{301}e\x{301}e\x{301}e\x{301}e\x{301}e\x{301}e\x{301}e\x{301}e\x{301}e\x{301}e\x{301}e\x{301}e\x{301}e\x{301}e\x{301}e\x{301}e\x{301}e\x{301}e\x{301}e\x{301}e\x{301}e\x{301}e\x{301}e\x{301}e\x{301}e\x{301}e\x{301}e\x{301}e\x{301} e\x{301} e\x{301}e\x{301}e\x{301}e\x{301}e\x{301}e\x{301}e\x{301}e\x{301}e\x{301}e\x{301}e\x{301}e\x{301}e\x{301}e\x{301}e\x{301}e\x{301}e\x{301}e\x{301}e\x{301}e\x{301}e\x{301}e\x{301}e\x{301}e\x{301}e\x{301}e\x{301}e\x{301}e\x{301}e\x{301}e\x{301}e\x{301}e\x{301}e\x{301}e\x{301}e\x{301}e\x{301}e\x{301}e\x{301}e\x{301}e\x{301}e\x{301}e\x{301}e\x{301} e\x{301}e\x{301}e\x{301}e\x{301}e\x{301}e\x{301}e\x{301}e\x{301}e\x{301}e\x{301}e\x{301}e\x{301}e\x{301}e\x{301}e\x{301}e\x{301}e\x{301}e\x{301}e\x{301}e\x{301}e\x{301}e\x{301}e\x{301}e\x{301}e\x{301}e\x{301}e\x{301}e\x{301}e\x{301}e\x{301} e\x{301}e\x{301}e\x{301}e\x{301}e\x{301}e\x{301}e\x{301}e\x{301}e\x{301}e\x{301}e\x{301}e\x{301}e\x{301}e\x{301}e\x{301}e\x{301}e\x{301}e\x{301}e\x{301}e\x{301}e\x{301}e\x{301}"
          text run at (924,1600) width 0: " "
          text run at (0,1616) width 924: "e\x{301}e\x{301}e\x{301}e\x{301}e\x{301}e\x{301}e\x{301}e\x{301}e\x{301}e\x{301}e\x{301}e\x{301}e\x{301}e\x{301}e\x{301}e\x{301}e\x{301}e\x{301}e\x{301}e\x{301}e\x{301}e\x{301}e\x{301}e\x{301}e\x{301}e\x{301}e\x{301}e\x{301}e\x{301}e\x{301}e\x{301}e\x{301} e\x{301} e\x{301}e\x{301}e\x{301}e\x{301}e\x{301}e\x{301}e\x{301}e\x{301}e\x{301}e\x{301}e\x{301}e\x{301}e\x{301}e\x{301}e\x{301}e\x{301}e\x{301}e\x{301}e\x{301}e\x{301}e\x{301}e\x{301}e\x{301}e\x{301}e\x{301}e\x{301}e\x{301}e\x{301}e\x{301}e\x{301}e\x{301}e\x{301}e\x{301}e\x{301}e\x{301}e\x{301}e\x{301}e\x{301}e\x{301}e\x{301}e\x{301}e\x{301}e\x{301} e\x{301}e\x{301}e\x{301}e\x{301}e\x{301}e\x{301}e\x{301}e\x{301}e\x{301}e\x{301}e\x{301}e\x{301}e\x{301}e\x{301}e\x{301}e\x{301}e\x{301}e\x{301}e\x{301}e\x{301}e\x{301}e\x{301}e\x{301}e\x{301}e\x{301}e\x{301}e\x{301}e\x{301}e\x{301}e\x{301} e\x{301}e\x{301}e\x{301}e\x{301}e\x{301}e\x{301}e\x{301}e\x{301}e\x{301}e\x{301}e\x{301}e\x{301}e\x{301}e\x{301}e\x{301}e\x{301}e\x{301}e\x{301}e\x{301}e\x{301}e\x{301}e\x{301}"
          text run at (924,1616) width 0: " "
          text run at (0,1632) width 924: "e\x{301}e\x{301}e\x{301}e\x{301}e\x{301}e\x{301}e\x{301}e\x{301}e\x{301}e\x{301}e\x{301}e\x{301}e\x{301}e\x{301}e\x{301}e\x{301}e\x{301}e\x{301}e\x{301}e\x{301}e\x{301}e\x{301}e\x{301}e\x{301}e\x{301}e\x{301}e\x{301}e\x{301}e\x{301}e\x{301}e\x{301}e\x{301} e\x{301} e\x{301}e\x{301}e\x{301}e\x{301}e\x{301}e\x{301}e\x{301}e\x{301}e\x{301}e\x{301}e\x{301}e\x{301}e\x{301}e\x{301}e\x{301}e\x{301}e\x{301}e\x{301}e\x{301}e\x{301}e\x{301}e\x{301}e\x{301}e\x{301}e\x{301}e\x{301}e\x{301}e\x{301}e\x{301}e\x{301}e\x{301}e\x{301}e\x{301}e\x{301}e\x{301}e\x{301}e\x{301}e\x{301}e\x{301}e\x{301}e\x{301}e\x{301}e\x{301} e\x{301}e\x{301}e\x{301}e\x{301}e\x{301}e\x{301}e\x{301}e\x{301}e\x{301}e\x{301}e\x{301}e\x{301}e\x{301}e\x{301}e\x{301}e\x{301}e\x{301}e\x{301}e\x{301}e\x{301}e\x{301}e\x{301}e\x{301}e\x{301}e\x{301}e\x{301}e\x{301}e\x{301}e\x{301}e\x{301} e\x{301}e\x{301}e\x{301}e\x{301}e\x{301}e\x{301}e\x{301}e\x{301}e\x{301}e\x{301}e\x{301}e\x{301}e\x{301}e\x{301}e\x{301}e\x{301}e\x{301}e\x{301}e\x{301}e\x{301}e\x{301}e\x{301}"
          text run at (924,1632) width 0: " "
          text run at (0,1648) width 924: "e\x{301}e\x{301}e\x{301}e\x{301}e\x{301}e\x{301}e\x{301}e\x{301}e\x{301}e\x{301}e\x{301}e\x{301}e\x{301}e\x{301}e\x{301}e\x{301}e\x{301}e\x{301}e\x{301}e\x{301}e\x{301}e\x{301}e\x{301}e\x{301}e\x{301}e\x{301}e\x{301}e\x{301}e\x{301}e\x{301}e\x{301}e\x{301} e\x{301} e\x{301}e\x{301}e\x{301}e\x{301}e\x{301}e\x{301}e\x{301}e\x{301}e\x{301}e\x{301}e\x{301}e\x{301}e\x{301}e\x{301}e\x{301}e\x{301}e\x{301}e\x{301}e\x{301}e\x{301}e\x{301}e\x{301}e\x{301}e\x{301}e\x{301}e\x{301}e\x{301}e\x{301}e\x{301}e\x{301}e\x{301}e\x{301}e\x{301}e\x{301}e\x{301}e\x{301}e\x{301}e\x{301}e\x{301}e\x{301}e\x{301}e\x{301}e\x{301} e\x{301}e\x{301}e\x{301}e\x{301}e\x{301}e\x{301}e\x{301}e\x{301}e\x{301}e\x{301}e\x{301}e\x{301}e\x{301}e\x{301}e\x{301}e\x{301}e\x{301}e\x{301}e\x{301}e\x{301}e\x{301}e\x{301}e\x{301}e\x{301}e\x{301}e\x{301}e\x{301}e\x{301}e\x{301}e\x{301} e\x{301}e\x{301}e\x{301}e\x{301}e\x{301}e\x{301}e\x{301}e\x{301}e\x{301}e\x{301}e\x{301}e\x{301}e\x{301}e\x{301}e\x{301}e\x{301}e\x{301}e\x{301}e\x{301}e\x{301}e\x{301}e\x{301}"
          text run at (924,1648) width 0: " "
          text run at (0,1664) width 924: "e\x{301}e\x{301}e\x{301}e\x{301}e\x{301}e\x{301}e\x{301}e\x{301}e\x{301}e\x{301}e\x{301}e\x{301}e\x{301}e\x{301}e\x{301}e\x{301}e\x{301}e\x{301}e\x{301}e\x{301}e\x{301}e\x{301}e\x{301}e\x{301}e\x{301}e\x{301}e\x{301}e\x{301}e\x{301}e\x{301}e\x{301}e\x{301} e\x{301} e\x{301}e\x{301}e\x{301}e\x{301}e\x{301}e\x{301}e\x{301}e\x{301}e\x{301}e\x{301}e\x{301}e\x{301}e\x{301}e\x{301}e\x{301}e\x{301}e\x{301}e\x{301}e\x{301}e\x{301}e\x{301}e\x{301}e\x{301}e\x{301}e\x{301}e\x{301}e\x{301}e\x{301}e\x{301}e\x{301}e\x{301}e\x{301}e\x{301}e\x{301}e\x{301}e\x{301}e\x{301}e\x{301}e\x{301}e\x{301}e\x{301}e\x{301}e\x{301} e\x{301}e\x{301}e\x{301}e\x{301}e\x{301}e\x{301}e\x{301}e\x{301}e\x{301}e\x{301}e\x{301}e\x{301}e\x{301}e\x{301}e\x{301}e\x{301}e\x{301}e\x{301}e\x{301}e\x{301}e\x{301}e\x{301}e\x{301}e\x{301}e\x{301}e\x{301}e\x{301}e\x{301}e\x{301}e\x{301} e\x{301}e\x{301}e\x{301}e\x{301}e\x{301}e\x{301}e\x{301}e\x{301}e\x{301}e\x{301}e\x{301}e\x{301}e\x{301}e\x{301}e\x{301}e\x{301}e\x{301}e\x{301}e\x{301}e\x{301}e\x{301}e\x{301}"
          text run at (924,1664) width 0: " "
          text run at (0,1680) width 924: "e\x{301}e\x{301}e\x{301}e\x{301}e\x{301}e\x{301}e\x{301}e\x{301}e\x{301}e\x{301}e\x{301}e\x{301}e\x{301}e\x{301}e\x{301}e\x{301}e\x{301}e\x{301}e\x{301}e\x{301}e\x{301}e\x{301}e\x{301}e\x{301}e\x{301}e\x{301}e\x{301}e\x{301}e\x{301}e\x{301}e\x{301}e\x{301} e\x{301} e\x{301}e\x{301}e\x{301}e\x{301}e\x{301}e\x{301}e\x{301}e\x{301}e\x{301}e\x{301}e\x{301}e\x{301}e\x{301}e\x{301}e\x{301}e\x{301}e\x{301}e\x{301}e\x{301}e\x{301}e\x{301}e\x{301}e\x{301}e\x{301}e\x{301}e\x{301}e\x{301}e\x{301}e\x{301}e\x{301}e\x{301}e\x{301}e\x{301}e\x{301}e\x{301}e\x{301}e\x{301}e\x{301}e\x{301}e\x{301}e\x{301}e\x{301}e\x{301} e\x{301}e\x{301}e\x{301}e\x{301}e\x{301}e\x{301}e\x{301}e\x{301}e\x{301}e\x{301}e\x{301}e\x{301}e\x{301}e\x{301}e\x{301}e\x{301}e\x{301}e\x{301}e\x{301}e\x{301}e\x{301}e\x{301}e\x{301}e\x{301}e\x{301}e\x{301}e\x{301}e\x{301}e\x{301}e\x{301} e\x{301}e\x{301}e\x{301}e\x{301}e\x{301}e\x{301}e\x{301}e\x{301}e\x{301}e\x{301}e\x{301}e\x{301}e\x{301}e\x{301}e\x{301}e\x{301}e\x{301}e\x{301}e\x{301}e\x{301}e\x{301}e\x{301}"
          text run at (924,1680) width 0: " "
          text run at (0,1696) width 924: "e\x{301}e\x{301}e\x{301}e\x{301}e\x{301}e\x{301}e\x{301}e\x{301}e\x{301}e\x{301}e\x{301}e\x{301}e\x{301}e\x{301}e\x{301}e\x{301}e\x{301}e\x{301}e\x{301}e\x{301}e\x{301}e\x{301}e\x{301}e\x{301}e\x{301}e\x{301}e\x{301}e\x{301}e\x{301}e\x{301}e\x{301}e\x{301} e\x{301} e\x{301}e\x{301}e\x{301}e\x{301}e\x{301}e\x{301}e\x{301}e\x{301}e\x{301}e\x{301}e\x{301}e\x{301}e\x{301}e\x{301}e\x{301}e\x{301}e\x{301}e\x{301}e\x{301}e\x{301}e\x{301}e\x{301}e\x{301}e\x{301}e\x{301}e\x{301}e\x{301}e\x{301}e\x{301}e\x{301}e\x{301}e\x{301}e\x{301}e\x{301}e\x{301}e\x{301}e\x{301}e\x{301}e\x{301}e\x{301}e\x{301}e\x{301}e\x{301} e\x{301}e\x{301}e\x{301}e\x{301}e\x{301}e\x{301}e\x{301}e\x{301}e\x{301}e\x{301}e\x{301}e\x{301}e\x{301}e\x{301}e\x{301}e\x{301}e\x{301}e\x{301}e\x{301}e\x{301}e\x{301}e\x{301}e\x{301}e\x{301}e\x{301}e\x{301}e\x{301}e\x{301}e\x{301}e\x{301} e\x{301}e\x{301}e\x{301}e\x{301}e\x{301}e\x{301}e\x{301}e\x{301}e\x{301}e\x{301}e\x{301}e\x{301}e\x{301}e\x{301}e\x{301}e\x{301}e\x{301}e\x{301}e\x{301}e\x{301}e\x{301}e\x{301}"
          text run at (924,1696) width 0: " "
          text run at (0,1712) width 924: "e\x{301}e\x{301}e\x{301}e\x{301}e\x{301}e\x{301}e\x{301}e\x{301}e\x{301}e\x{301}e\x{301}e\x{301}e\x{301}e\x{301}e\x{301}e\x{301}e\x{301}e\x{301}e\x{301}e\x{301}e\x{301}e\x{301}e\x{301}e\x{301}e\x{301}e\x{301}e\x{301}e\x{301}e\x{301}e\x{301}e\x{301}e\x{301} e\x{301} e\x{301}e\x{301}e\x{301}e\x{301}e\x{301}e\x{301}e\x{301}e\x{301}e\x{301}e\x{301}e\x{301}e\x{301}e\x{301}e\x{301}e\x{301}e\x{301}e\x{301}e\x{301}e\x{301}e\x{301}e\x{301}e\x{301}e\x{301}e\x{301}e\x{301}e\x{301}e\x{301}e\x{301}e\x{301}e\x{301}e\x{301}e\x{301}e\x{301}e\x{301}e\x{301}e\x{301}e\x{301}e\x{301}e\x{301}e\x{301}e\x{301}e\x{301}e\x{301} e\x{301}e\x{301}e\x{301}e\x{301}e\x{301}e\x{301}e\x{301}e\x{301}e\x{301}e\x{301}e\x{301}e\x{301}e\x{301}e\x{301}e\x{301}e\x{301}e\x{301}e\x{301}e\x{301}e\x{301}e\x{301}e\x{301}e\x{301}e\x{301}e\x{301}e\x{301}e\x{301}e\x{301}e\x{301}e\x{301} e\x{301}e\x{301}e\x{301}e\x{301}e\x{301}e\x{301}e\x{301}e\x{301}e\x{301}e\x{301}e\x{301}e\x{301}e\x{301}e\x{301}e\x{301}e\x{301}e\x{301}e\x{301}e\x{301}e\x{301}e\x{301}e\x{301}"
          text run at (924,1712) width 0: " "
          text run at (0,1728) width 924: "e\x{301}e\x{301}e\x{301}e\x{301}e\x{301}e\x{301}e\x{301}e\x{301}e\x{301}e\x{301}e\x{301}e\x{301}e\x{301}e\x{301}e\x{301}e\x{301}e\x{301}e\x{301}e\x{301}e\x{301}e\x{301}e\x{301}e\x{301}e\x{301}e\x{301}e\x{301}e\x{301}e\x{301}e\x{301}e\x{301}e\x{301}e\x{301} e\x{301} e\x{301}e\x{301}e\x{301}e\x{301}e\x{301}e\x{301}e\x{301}e\x{301}e\x{301}e\x{301}e\x{301}e\x{301}e\x{301}e\x{301}e\x{301}e\x{301}e\x{301}e\x{301}e\x{301}e\x{301}e\x{301}e\x{301}e\x{301}e\x{301}e\x{301}e\x{301}e\x{301}e\x{301}e\x{301}e\x{301}e\x{301}e\x{301}e\x{301}e\x{301}e\x{301}e\x{301}e\x{301}e\x{301}e\x{301}e\x{301}e\x{301}e\x{301}e\x{301} e\x{301}e\x{301}e\x{301}e\x{301}e\x{301}e\x{301}e\x{301}e\x{301}e\x{301}e\x{301}e\x{301}e\x{301}e\x{301}e\x{301}e\x{301}e\x{301}e\x{301}e\x{301}e\x{301}e\x{301}e\x{301}e\x{301}e\x{301}e\x{301}e\x{301}e\x{301}e\x{301}e\x{301}e\x{301}e\x{301} e\x{301}e\x{301}e\x{301}e\x{301}e\x{301}e\x{301}e\x{301}e\x{301}e\x{301}e\x{301}e\x{301}e\x{301}e\x{301}e\x{301}e\x{301}e\x{301}e\x{301}e\x{301}e\x{301}e\x{301}e\x{301}e\x{301}"
          text run at (924,1728) width 0: " "
          text run at (0,1744) width 924: "e\x{301}e\x{301}e\x{301}e\x{301}e\x{301}e\x{301}e\x{301}e\x{301}e\x{301}e\x{301}e\x{301}e\x{301}e\x{301}e\x{301}e\x{301}e\x{301}e\x{301}e\x{301}e\x{301}e\x{301}e\x{301}e\x{301}e\x{301}e\x{301}e\x{301}e\x{301}e\x{301}e\x{301}e\x{301}e\x{301}e\x{301}e\x{301} e\x{301} e\x{301}e\x{301}e\x{301}e\x{301}e\x{301}e\x{301}e\x{301}e\x{301}e\x{301}e\x{301}e\x{301}e\x{301}e\x{301}e\x{301}e\x{301}e\x{301}e\x{301}e\x{301}e\x{301}e\x{301}e\x{301}e\x{301}e\x{301}e\x{301}e\x{301}e\x{301}e\x{301}e\x{301}e\x{301}e\x{301}e\x{301}e\x{301}e\x{301}e\x{301}e\x{301}e\x{301}e\x{301}e\x{301}e\x{301}e\x{301}e\x{301}e\x{301}e\x{301} e\x{301}e\x{301}e\x{301}e\x{301}e\x{301}e\x{301}e\x{301}e\x{301}e\x{301}e\x{301}e\x{301}e\x{301}e\x{301}e\x{301}e\x{301}e\x{301}e\x{301}e\x{301}e\x{301}e\x{301}e\x{301}e\x{301}e\x{301}e\x{301}e\x{301}e\x{301}e\x{301}e\x{301}e\x{301}e\x{301} e\x{301}e\x{301}e\x{301}e\x{301}e\x{301}e\x{301}e\x{301}e\x{301}e\x{301}e\x{301}e\x{301}e\x{301}e\x{301}e\x{301}e\x{301}e\x{301}e\x{301}e\x{301}e\x{301}e\x{301}e\x{301}e\x{301}"
          text run at (924,1744) width 0: " "
          text run at (0,1760) width 924: "e\x{301}e\x{301}e\x{301}e\x{301}e\x{301}e\x{301}e\x{301}e\x{301}e\x{301}e\x{301}e\x{301}e\x{301}e\x{301}e\x{301}e\x{301}e\x{301}e\x{301}e\x{301}e\x{301}e\x{301}e\x{301}e\x{301}e\x{301}e\x{301}e\x{301}e\x{301}e\x{301}e\x{301}e\x{301}e\x{301}e\x{301}e\x{301} e\x{301} e\x{301}e\x{301}e\x{301}e\x{301}e\x{301}e\x{301}e\x{301}e\x{301}e\x{301}e\x{301}e\x{301}e\x{301}e\x{301}e\x{301}e\x{301}e\x{301}e\x{301}e\x{301}e\x{301}e\x{301}e\x{301}e\x{301}e\x{301}e\x{301}e\x{301}e\x{301}e\x{301}e\x{301}e\x{301}e\x{301}e\x{301}e\x{301}e\x{301}e\x{301}e\x{301}e\x{301}e\x{301}e\x{301}e\x{301}e\x{301}e\x{301}e\x{301}e\x{301} e\x{301}e\x{301}e\x{301}e\x{301}e\x{301}e\x{301}e\x{301}e\x{301}e\x{301}e\x{301}e\x{301}e\x{301}e\x{301}e\x{301}e\x{301}e\x{301}e\x{301}e\x{301}e\x{301}e\x{301}e\x{301}e\x{301}e\x{301}e\x{301}e\x{301}e\x{301}e\x{301}e\x{301}e\x{301}e\x{301} e\x{301}e\x{301}e\x{301}e\x{301}e\x{301}e\x{301}e\x{301}e\x{301}e\x{301}e\x{301}e\x{301}e\x{301}e\x{301}e\x{301}e\x{301}e\x{301}e\x{301}e\x{301}e\x{301}e\x{301}e\x{301}e\x{301}"
          text run at (924,1760) width 0: " "
          text run at (0,1776) width 924: "e\x{301}e\x{301}e\x{301}e\x{301}e\x{301}e\x{301}e\x{301}e\x{301}e\x{301}e\x{301}e\x{301}e\x{301}e\x{301}e\x{301}e\x{301}e\x{301}e\x{301}e\x{301}e\x{301}e\x{301}e\x{301}e\x{301}e\x{301}e\x{301}e\x{301}e\x{301}e\x{301}e\x{301}e\x{301}e\x{301}e\x{301}e\x{301} e\x{301} e\x{301}e\x{301}e\x{301}e\x{301}e\x{301}e\x{301}e\x{301}e\x{301}e\x{301}e\x{301}e\x{301}e\x{301}e\x{301}e\x{301}e\x{301}e\x{301}e\x{301}e\x{301}e\x{301}e\x{301}e\x{301}e\x{301}e\x{301}e\x{301}e\x{301}e\x{301}e\x{301}e\x{301}e\x{301}e\x{301}e\x{301}e\x{301}e\x{301}e\x{301}e\x{301}e\x{301}e\x{301}e\x{301}e\x{301}e\x{301}e\x{301}e\x{301}e\x{301} e\x{301}e\x{301}e\x{301}e\x{301}e\x{301}e\x{301}e\x{301}e\x{301}e\x{301}e\x{301}e\x{301}e\x{301}e\x{301}e\x{301}e\x{301}e\x{301}e\x{301}e\x{301}e\x{301}e\x{301}e\x{301}e\x{301}e\x{301}e\x{301}e\x{301}e\x{301}e\x{301}e\x{301}e\x{301}e\x{301} e\x{301}e\x{301}e\x{301}e\x{301}e\x{301}e\x{301}e\x{301}e\x{301}e\x{301}e\x{301}e\x{301}e\x{301}e\x{301}e\x{301}e\x{301}e\x{301}e\x{301}e\x{301}e\x{301}e\x{301}e\x{301}e\x{301}"
          text run at (924,1776) width 0: " "
          text run at (0,1792) width 924: "e\x{301}e\x{301}e\x{301}e\x{301}e\x{301}e\x{301}e\x{301}e\x{301}e\x{301}e\x{301}e\x{301}e\x{301}e\x{301}e\x{301}e\x{301}e\x{301}e\x{301}e\x{301}e\x{301}e\x{301}e\x{301}e\x{301}e\x{301}e\x{301}e\x{301}e\x{301}e\x{301}e\x{301}e\x{301}e\x{301}e\x{301}e\x{301} e\x{301} e\x{301}e\x{301}e\x{301}e\x{301}e\x{301}e\x{301}e\x{301}e\x{301}e\x{301}e\x{301}e\x{301}e\x{301}e\x{301}e\x{301}e\x{301}e\x{301}e\x{301}e\x{301}e\x{301}e\x{301}e\x{301}e\x{301}e\x{301}e\x{301}e\x{301}e\x{301}e\x{301}e\x{301}e\x{301}e\x{301}e\x{301}e\x{301}e\x{301}e\x{301}e\x{301}e\x{301}e\x{301}e\x{301}e\x{301}e\x{301}e\x{301}e\x{301}e\x{301} e\x{301}e\x{301}e\x{301}e\x{301}e\x{301}e\x{301}e\x{301}e\x{301}e\x{301}e\x{301}e\x{301}e\x{301}e\x{301}e\x{301}e\x{301}e\x{301}e\x{301}e\x{301}e\x{301}e\x{301}e\x{301}e\x{301}e\x{301}e\x{301}e\x{301}e\x{301}e\x{301}e\x{301}e\x{301}e\x{301} e\x{301}e\x{301}e\x{301}e\x{301}e\x{301}e\x{301}e\x{301}e\x{301}e\x{301}e\x{301}e\x{301}e\x{301}e\x{301}e\x{301}e\x{301}e\x{301}e\x{301}e\x{301}e\x{301}e\x{301}e\x{301}e\x{301}"
          text run at (924,1792) width 0: " "
          text run at (0,1808) width 924: "e\x{301}e\x{301}e\x{301}e\x{301}e\x{301}e\x{301}e\x{301}e\x{301}e\x{301}e\x{301}e\x{301}e\x{301}e\x{301}e\x{301}e\x{301}e\x{301}e\x{301}e\x{301}e\x{301}e\x{301}e\x{301}e\x{301}e\x{301}e\x{301}e\x{301}e\x{301}e\x{301}e\x{301}e\x{301}e\x{301}e\x{301}e\x{301} e\x{301} e\x{301}e\x{301}e\x{301}e\x{301}e\x{301}e\x{301}e\x{301}e\x{301}e\x{301}e\x{301}e\x{301}e\x{301}e\x{301}e\x{301}e\x{301}e\x{301}e\x{301}e\x{301}e\x{301}e\x{301}e\x{301}e\x{301}e\x{301}e\x{301}e\x{301}e\x{301}e\x{301}e\x{301}e\x{301}e\x{301}e\x{301}e\x{301}e\x{301}e\x{301}e\x{301}e\x{301}e\x{301}e\x{301}e\x{301}e\x{301}e\x{301}e\x{301}e\x{301} e\x{301}e\x{301}e\x{301}e\x{301}e\x{301}e\x{301}e\x{301}e\x{301}e\x{301}e\x{301}e\x{301}e\x{301}e\x{301}e\x{301}e\x{301}e\x{301}e\x{301}e\x{301}e\x{301}e\x{301}e\x{301}e\x{301}e\x{301}e\x{301}e\x{301}e\x{301}e\x{301}e\x{301}e\x{301}e\x{301} e\x{301}e\x{301}e\x{301}e\x{301}e\x{301}e\x{301}e\x{301}e\x{301}e\x{301}e\x{301}e\x{301}e\x{301}e\x{301}e\x{301}e\x{301}e\x{301}e\x{301}e\x{301}e\x{301}e\x{301}e\x{301}e\x{301}"
          text run at (924,1808) width 0: " "
          text run at (0,1824) width 924: "e\x{301}e\x{301}e\x{301}e\x{301}e\x{301}e\x{301}e\x{301}e\x{301}e\x{301}e\x{301}e\x{301}e\x{301}e\x{301}e\x{301}e\x{301}e\x{301}e\x{301}e\x{301}e\x{301}e\x{301}e\x{301}e\x{301}e\x{301}e\x{301}e\x{301}e\x{301}e\x{301}e\x{301}e\x{301}e\x{301}e\x{301}e\x{301} e\x{301} e\x{301}e\x{301}e\x{301}e\x{301}e\x{301}e\x{301}e\x{301}e\x{301}e\x{301}e\x{301}e\x{301}e\x{301}e\x{301}e\x{301}e\x{301}e\x{301}e\x{301}e\x{301}e\x{301}e\x{301}e\x{301}e\x{301}e\x{301}e\x{301}e\x{301}e\x{301}e\x{301}e\x{301}e\x{301}e\x{301}e\x{301}e\x{301}e\x{301}e\x{301}e\x{301}e\x{301}e\x{301}e\x{301}e\x{301}e\x{301}e\x{301}e\x{301}e\x{301} e\x{301}e\x{301}e\x{301}e\x{301}e\x{301}e\x{301}e\x{301}e\x{301}e\x{301}e\x{301}e\x{301}e\x{301}e\x{301}e\x{301}e\x{301}e\x{301}e\x{301}e\x{301}e\x{301}e\x{301}e\x{301}e\x{301}e\x{301}e\x{301}e\x{301}e\x{301}e\x{301}e\x{301}e\x{301}e\x{301} e\x{301}e\x{301}e\x{301}e\x{301}e\x{301}e\x{301}e\x{301}e\x{301}e\x{301}e\x{301}e\x{301}e\x{301}e\x{301}e\x{301}e\x{301}e\x{301}e\x{301}e\x{301}e\x{301}e\x{301}e\x{301}e\x{301}"
          text run at (924,1824) width 0: " "
          text run at (0,1840) width 924: "e\x{301}e\x{301}e\x{301}e\x{301}e\x{301}e\x{301}e\x{301}e\x{301}e\x{301}e\x{301}e\x{301}e\x{301}e\x{301}e\x{301}e\x{301}e\x{301}e\x{301}e\x{301}e\x{301}e\x{301}e\x{301}e\x{301}e\x{301}e\x{301}e\x{301}e\x{301}e\x{301}e\x{301}e\x{301}e\x{301}e\x{301}e\x{301} e\x{301} e\x{301}e\x{301}e\x{301}e\x{301}e\x{301}e\x{301}e\x{301}e\x{301}e\x{301}e\x{301}e\x{301}e\x{301}e\x{301}e\x{301}e\x{301}e\x{301}e\x{301}e\x{301}e\x{301}e\x{301}e\x{301}e\x{301}e\x{301}e\x{301}e\x{301}e\x{301}e\x{301}e\x{301}e\x{301}e\x{301}e\x{301}e\x{301}e\x{301}e\x{301}e\x{301}e\x{301}e\x{301}e\x{301}e\x{301}e\x{301}e\x{301}e\x{301}e\x{301} e\x{301}e\x{301}e\x{301}e\x{301}e\x{301}e\x{301}e\x{301}e\x{301}e\x{301}e\x{301}e\x{301}e\x{301}e\x{301}e\x{301}e\x{301}e\x{301}e\x{301}e\x{301}e\x{301}e\x{301}e\x{301}e\x{301}e\x{301}e\x{301}e\x{301}e\x{301}e\x{301}e\x{301}e\x{301}e\x{301} e\x{301}e\x{301}e\x{301}e\x{301}e\x{301}e\x{301}e\x{301}e\x{301}e\x{301}e\x{301}e\x{301}e\x{301}e\x{301}e\x{301}e\x{301}e\x{301}e\x{301}e\x{301}e\x{301}e\x{301}e\x{301}e\x{301}"
          text run at (924,1840) width 0: " "
          text run at (0,1856) width 924: "e\x{301}e\x{301}e\x{301}e\x{301}e\x{301}e\x{301}e\x{301}e\x{301}e\x{301}e\x{301}e\x{301}e\x{301}e\x{301}e\x{301}e\x{301}e\x{301}e\x{301}e\x{301}e\x{301}e\x{301}e\x{301}e\x{301}e\x{301}e\x{301}e\x{301}e\x{301}e\x{301}e\x{301}e\x{301}e\x{301}e\x{301}e\x{301} e\x{301} e\x{301}e\x{301}e\x{301}e\x{301}e\x{301}e\x{301}e\x{301}e\x{301}e\x{301}e\x{301}e\x{301}e\x{301}e\x{301}e\x{301}e\x{301}e\x{301}e\x{301}e\x{301}e\x{301}e\x{301}e\x{301}e\x{301}e\x{301}e\x{301}e\x{301}e\x{301}e\x{301}e\x{301}e\x{301}e\x{301}e\x{301}e\x{301}e\x{301}e\x{301}e\x{301}e\x{301}e\x{301}e\x{301}e\x{301}e\x{301}e\x{301}e\x{301}e\x{301} e\x{301}e\x{301}e\x{301}e\x{301}e\x{301}e\x{301}e\x{301}e\x{301}e\x{301}e\x{301}e\x{301}e\x{301}e\x{301}e\x{301}e\x{301}e\x{301}e\x{301}e\x{301}e\x{301}e\x{301}e\x{301}e\x{301}e\x{301}e\x{301}e\x{301}e\x{301}e\x{301}e\x{301}e\x{301}e\x{301} e\x{301}e\x{301}e\x{301}e\x{301}e\x{301}e\x{301}e\x{301}e\x{301}e\x{301}e\x{301}e\x{301}e\x{301}e\x{301}e\x{301}e\x{301}e\x{301}e\x{301}e\x{301}e\x{301}e\x{301}e\x{301}e\x{301}"
          text run at (924,1856) width 0: " "
          text run at (0,1872) width 924: "e\x{301}e\x{301}e\x{301}e\x{301}e\x{301}e\x{301}e\x{301}e\x{301}e\x{301}e\x{301}e\x{301}e\x{301}e\x{301}e\x{301}e\x{301}e\x{301}e\x{301}e\x{301}e\x{301}e\x{301}e\x{301}e\x{301}e\x{301}e\x{301}e\x{301}e\x{301}e\x{301}e\x{301}e\x{301}e\x{301}e\x{301}e\x{301} e\x{301} e\x{301}e\x{301}e\x{301}e\x{301}e\x{301}e\x{301}e\x{301}e\x{301}e\x{301}e\x{301}e\x{301}e\x{301}e\x{301}e\x{301}e\x{301}e\x{301}e\x{301}e\x{301}e\x{301}e\x{301}e\x{301}e\x{301}e\x{301}e\x{301}e\x{301}e\x{301}e\x{301}e\x{301}e\x{301}e\x{301}e\x{301}e\x{301}e\x{301}e\x{301}e\x{301}e\x{301}e\x{301}e\x{301}e\x{301}e\x{301}e\x{301}e\x{301}e\x{301} e\x{301}e\x{301}e\x{301}e\x{301}e\x{301}e\x{301}e\x{301}e\x{301}e\x{301}e\x{301}e\x{301}e\x{301}e\x{301}e\x{301}e\x{301}e\x{301}e\x{301}e\x{301}e\x{301}e\x{301}e\x{301}e\x{301}e\x{301}e\x{301}e\x{301}e\x{301}e\x{301}e\x{301}e\x{301}e\x{301} e\x{301}e\x{301}e\x{301}e\x{301}e\x{301}e\x{301}e\x{301}e\x{301}e\x{301}e\x{301}e\x{301}e\x{301}e\x{301}e\x{301}e\x{301}e\x{301}e\x{301}e\x{301}e\x{301}e\x{301}e\x{301}e\x{301}"
          text run at (924,1872) width 0: " "
          text run at (0,1888) width 924: "e\x{301}e\x{301}e\x{301}e\x{301}e\x{301}e\x{301}e\x{301}e\x{301}e\x{301}e\x{301}e\x{301}e\x{301}e\x{301}e\x{301}e\x{301}e\x{301}e\x{301}e\x{301}e\x{301}e\x{301}e\x{301}e\x{301}e\x{301}e\x{301}e\x{301}e\x{301}e\x{301}e\x{301}e\x{301}e\x{301}e\x{301}e\x{301} e\x{301} e\x{301}e\x{301}e\x{301}e\x{301}e\x{301}e\x{301}e\x{301}e\x{301}e\x{301}e\x{301}e\x{301}e\x{301}e\x{301}e\x{301}e\x{301}e\x{301}e\x{301}e\x{301}e\x{301}e\x{301}e\x{301}e\x{301}e\x{301}e\x{301}e\x{301}e\x{301}e\x{301}e\x{301}e\x{301}e\x{301}e\x{301}e\x{301}e\x{301}e\x{301}e\x{301}e\x{301}e\x{301}e\x{301}e\x{301}e\x{301}e\x{301}e\x{301}e\x{301} e\x{301}e\x{301}e\x{301}e\x{301}e\x{301}e\x{301}e\x{301}e\x{301}e\x{301}e\x{301}e\x{301}e\x{301}e\x{301}e\x{301}e\x{301}e\x{301}e\x{301}e\x{301}e\x{301}e\x{301}e\x{301}e\x{301}e\x{301}e\x{301}e\x{301}e\x{301}e\x{301}e\x{301}e\x{301}e\x{301} e\x{301}e\x{301}e\x{301}e\x{301}e\x{301}e\x{301}e\x{301}e\x{301}e\x{301}e\x{301}e\x{301}e\x{301}e\x{301}e\x{301}e\x{301}e\x{301}e\x{301}e\x{301}e\x{301}e\x{301}e\x{301}e\x{301}"
          text run at (924,1888) width 0: " "
          text run at (0,1904) width 924: "e\x{301}e\x{301}e\x{301}e\x{301}e\x{301}e\x{301}e\x{301}e\x{301}e\x{301}e\x{301}e\x{301}e\x{301}e\x{301}e\x{301}e\x{301}e\x{301}e\x{301}e\x{301}e\x{301}e\x{301}e\x{301}e\x{301}e\x{301}e\x{301}e\x{301}e\x{301}e\x{301}e\x{301}e\x{301}e\x{301}e\x{301}e\x{301} e\x{301} e\x{301}e\x{301}e\x{301}e\x{301}e\x{301}e\x{301}e\x{301}e\x{301}e\x{301}e\x{301}e\x{301}e\x{301}e\x{301}e\x{301}e\x{301}e\x{301}e\x{301}e\x{301}e\x{301}e\x{301}e\x{301}e\x{301}e\x{301}e\x{301}e\x{301}e\x{301}e\x{301}e\x{301}e\x{301}e\x{301}e\x{301}e\x{301}e\x{301}e\x{301}e\x{301}e\x{301}e\x{301}e\x{301}e\x{301}e\x{301}e\x{301}e\x{301}e\x{301} e\x{301}e\x{301}e\x{301}e\x{301}e\x{301}e\x{301}e\x{301}e\x{301}e\x{301}e\x{301}e\x{301}e\x{301}e\x{301}e\x{301}e\x{301}e\x{301}e\x{301}e\x{301}e\x{301}e\x{301}e\x{301}e\x{301}e\x{301}e\x{301}e\x{301}e\x{301}e\x{301}e\x{301}e\x{301}e\x{301} e\x{301}e\x{301}e\x{301}e\x{301}e\x{301}e\x{301}e\x{301}e\x{301}e\x{301}e\x{301}e\x{301}e\x{301}e\x{301}e\x{301}e\x{301}e\x{301}e\x{301}e\x{301}e\x{301}e\x{301}e\x{301}e\x{301}"
          text run at (924,1904) width 0: " "
          text run at (0,1920) width 924: "e\x{301}e\x{301}e\x{301}e\x{301}e\x{301}e\x{301}e\x{301}e\x{301}e\x{301}e\x{301}e\x{301}e\x{301}e\x{301}e\x{301}e\x{301}e\x{301}e\x{301}e\x{301}e\x{301}e\x{301}e\x{301}e\x{301}e\x{301}e\x{301}e\x{301}e\x{301}e\x{301}e\x{301}e\x{301}e\x{301}e\x{301}e\x{301} e\x{301} e\x{301}e\x{301}e\x{301}e\x{301}e\x{301}e\x{301}e\x{301}e\x{301}e\x{301}e\x{301}e\x{301}e\x{301}e\x{301}e\x{301}e\x{301}e\x{301}e\x{301}e\x{301}e\x{301}e\x{301}e\x{301}e\x{301}e\x{301}e\x{301}e\x{301}e\x{301}e\x{301}e\x{301}e\x{301}e\x{301}e\x{301}e\x{301}e\x{301}e\x{301}e\x{301}e\x{301}e\x{301}e\x{301}e\x{301}e\x{301}e\x{301}e\x{301}e\x{301} e\x{301}e\x{301}e\x{301}e\x{301}e\x{301}e\x{301}e\x{301}e\x{301}e\x{301}e\x{301}e\x{301}e\x{301}e\x{301}e\x{301}e\x{301}e\x{301}e\x{301}e\x{301}e\x{301}e\x{301}e\x{301}e\x{301}e\x{301}e\x{301}e\x{301}e\x{301}e\x{301}e\x{301}e\x{301}e\x{301} e\x{301}e\x{301}e\x{301}e\x{301}e\x{301}e\x{301}e\x{301}e\x{301}e\x{301}e\x{301}e\x{301}e\x{301}e\x{301}e\x{301}e\x{301}e\x{301}e\x{301}e\x{301}e\x{301}e\x{301}e\x{301}e\x{301}"
          text run at (924,1920) width 0: " "
          text run at (0,1936) width 924: "e\x{301}e\x{301}e\x{301}e\x{301}e\x{301}e\x{301}e\x{301}e\x{301}e\x{301}e\x{301}e\x{301}e\x{301}e\x{301}e\x{301}e\x{301}e\x{301}e\x{301}e\x{301}e\x{301}e\x{301}e\x{301}e\x{301}e\x{301}e\x{301}e\x{301}e\x{301}e\x{301}e\x{301}e\x{301}e\x{301}e\x{301}e\x{301} e\x{301} e\x{301}e\x{301}e\x{301}e\x{301}e\x{301}e\x{301}e\x{301}e\x{301}e\x{301}e\x{301}e\x{301}e\x{301}e\x{301}e\x{301}e\x{301}e\x{301}e\x{301}e\x{301}e\x{301}e\x{301}e\x{301}e\x{301}e\x{301}e\x{301}e\x{301}e\x{301}e\x{301}e\x{301}e\x{301}e\x{301}e\x{301}e\x{301}e\x{301}e\x{301}e\x{301}e\x{301}e\x{301}e\x{301}e\x{301}e\x{301}e\x{301}e\x{301}e\x{301} e\x{301}e\x{301}e\x{301}e\x{301}e\x{301}e\x{301}e\x{301}e\x{301}e\x{301}e\x{301}e\x{301}e\x{301}e\x{301}e\x{301}e\x{301}e\x{301}e\x{301}e\x{301}e\x{301}e\x{301}e\x{301}e\x{301}e\x{301}e\x{301}e\x{301}e\x{301}e\x{301}e\x{301}e\x{301}e\x{301} e\x{301}e\x{301}e\x{301}e\x{301}e\x{301}e\x{301}e\x{301}e\x{301}e\x{301}e\x{301}e\x{301}e\x{301}e\x{301}e\x{301}e\x{301}e\x{301}e\x{301}e\x{301}e\x{301}e\x{301}e\x{301}e\x{301}"
          text run at (924,1936) width 0: " "
          text run at (0,1952) width 924: "e\x{301}e\x{301}e\x{301}e\x{301}e\x{301}e\x{301}e\x{301}e\x{301}e\x{301}e\x{301}e\x{301}e\x{301}e\x{301}e\x{301}e\x{301}e\x{301}e\x{301}e\x{301}e\x{301}e\x{301}e\x{301}e\x{301}e\x{301}e\x{301}e\x{301}e\x{301}e\x{301}e\x{301}e\x{301}e\x{301}e\x{301}e\x{301} e\x{301} e\x{301}e\x{301}e\x{301}e\x{301}e\x{301}e\x{301}e\x{301}e\x{301}e\x{301}e\x{301}e\x{301}e\x{301}e\x{301}e\x{301}e\x{301}e\x{301}e\x{301}e\x{301}e\x{301}e\x{301}e\x{301}e\x{301}e\x{301}e\x{301}e\x{301}e\x{301}e\x{301}e\x{301}e\x{301}e\x{301}e\x{301}e\x{301}e\x{301}e\x{301}e\x{301}e\x{301}e\x{301}e\x{301}e\x{301}e\x{301}e\x{301}e\x{301}e\x{301} e\x{301}e\x{301}e\x{301}e\x{301}e\x{301}e\x{301}e\x{301}e\x{301}e\x{301}e\x{301}e\x{301}e\x{301}e\x{301}e\x{301}e\x{301}e\x{301}e\x{301}e\x{301}e\x{301}e\x{301}e\x{301}e\x{301}e\x{301}e\x{301}e\x{301}e\x{301}e\x{301}e\x{301}e\x{301}e\x{301} e\x{301}e\x{301}e\x{301}e\x{301}e\x{301}e\x{301}e\x{301}e\x{301}e\x{301}e\x{301}e\x{301}e\x{301}e\x{301}e\x{301}e\x{301}e\x{301}e\x{301}e\x{301}e\x{301}e\x{301}e\x{301}e\x{301}"
          text run at (924,1952) width 0: " "
          text run at (0,1968) width 924: "e\x{301}e\x{301}e\x{301}e\x{301}e\x{301}e\x{301}e\x{301}e\x{301}e\x{301}e\x{301}e\x{301}e\x{301}e\x{301}e\x{301}e\x{301}e\x{301}e\x{301}e\x{301}e\x{301}e\x{301}e\x{301}e\x{301}e\x{301}e\x{301}e\x{301}e\x{301}e\x{301}e\x{301}e\x{301}e\x{301}e\x{301}e\x{301} e\x{301} e\x{301}e\x{301}e\x{301}e\x{301}e\x{301}e\x{301}e\x{301}e\x{301}e\x{301}e\x{301}e\x{301}e\x{301}e\x{301}e\x{301}e\x{301}e\x{301}e\x{301}e\x{301}e\x{301}e\x{301}e\x{301}e\x{301}e\x{301}e\x{301}e\x{301}e\x{301}e\x{301}e\x{301}e\x{301}e\x{301}e\x{301}e\x{301}e\x{301}e\x{301}e\x{301}e\x{301}e\x{301}e\x{301}e\x{301}e\x{301}e\x{301}e\x{301}e\x{301} e\x{301}e\x{301}e\x{301}e\x{301}e\x{301}e\x{301}e\x{301}e\x{301}e\x{301}e\x{301}e\x{301}e\x{301}e\x{301}e\x{301}e\x{301}e\x{301}e\x{301}e\x{301}e\x{301}e\x{301}e\x{301}e\x{301}e\x{301}e\x{301}e\x{301}e\x{301}e\x{301}e\x{301}e\x{301}e\x{301} e\x{301}e\x{301}e\x{301}e\x{301}e\x{301}e\x{301}e\x{301}e\x{301}e\x{301}e\x{301}e\x{301}e\x{301}e\x{301}e\x{301}e\x{301}e\x{301}e\x{301}e\x{301}e\x{301}e\x{301}e\x{301}e\x{301}"
          text run at (924,1968) width 0: " "
          text run at (0,1984) width 924: "e\x{301}e\x{301}e\x{301}e\x{301}e\x{301}e\x{301}e\x{301}e\x{301}e\x{301}e\x{301}e\x{301}e\x{301}e\x{301}e\x{301}e\x{301}e\x{301}e\x{301}e\x{301}e\x{301}e\x{301}e\x{301}e\x{301}e\x{301}e\x{301}e\x{301}e\x{301}e\x{301}e\x{301}e\x{301}e\x{301}e\x{301}e\x{301} e\x{301} e\x{301}e\x{301}e\x{301}e\x{301}e\x{301}e\x{301}e\x{301}e\x{301}e\x{301}e\x{301}e\x{301}e\x{301}e\x{301}e\x{301}e\x{301}e\x{301}e\x{301}e\x{301}e\x{301}e\x{301}e\x{301}e\x{301}e\x{301}e\x{301}e\x{301}e\x{301}e\x{301}e\x{301}e\x{301}e\x{301}e\x{301}e\x{301}e\x{301}e\x{301}e\x{301}e\x{301}e\x{301}e\x{301}e\x{301}e\x{301}e\x{301}e\x{301}e\x{301} e\x{301}e\x{301}e\x{301}e\x{301}e\x{301}e\x{301}e\x{301}e\x{301}e\x{301}e\x{301}e\x{301}e\x{301}e\x{301}e\x{301}e\x{301}e\x{301}e\x{301}e\x{301}e\x{301}e\x{301}e\x{301}e\x{301}e\x{301}e\x{301}e\x{301}e\x{301}e\x{301}e\x{301}e\x{301}e\x{301} e\x{301}e\x{301}e\x{301}e\x{301}e\x{301}e\x{301}e\x{301}e\x{301}e\x{301}e\x{301}e\x{301}e\x{301}e\x{301}e\x{301}e\x{301}e\x{301}e\x{301}e\x{301}e\x{301}e\x{301}e\x{301}e\x{301}"
          text run at (924,1984) width 0: " "
          text run at (0,2000) width 924: "e\x{301}e\x{301}e\x{301}e\x{301}e\x{301}e\x{301}e\x{301}e\x{301}e\x{301}e\x{301}e\x{301}e\x{301}e\x{301}e\x{301}e\x{301}e\x{301}e\x{301}e\x{301}e\x{301}e\x{301}e\x{301}e\x{301}e\x{301}e\x{301}e\x{301}e\x{301}e\x{301}e\x{301}e\x{301}e\x{301}e\x{301}e\x{301} e\x{301} e\x{301}e\x{301}e\x{301}e\x{301}e\x{301}e\x{301}e\x{301}e\x{301}e\x{301}e\x{301}e\x{301}e\x{301}e\x{301}e\x{301}e\x{301}e\x{301}e\x{301}e\x{301}e\x{301}e\x{301}e\x{301}e\x{301}e\x{301}e\x{301}e\x{301}e\x{301}e\x{301}e\x{301}e\x{301}e\x{301}e\x{301}e\x{301}e\x{301}e\x{301}e\x{301}e\x{301}e\x{301}e\x{301}e\x{301}e\x{301}e\x{301}e\x{301}e\x{301} e\x{301}e\x{301}e\x{301}e\x{301}e\x{301}e\x{301}e\x{301}e\x{301}e\x{301}e\x{301}e\x{301}e\x{301}e\x{301}e\x{301}e\x{301}e\x{301}e\x{301}e\x{301}e\x{301}e\x{301}e\x{301}e\x{301}e\x{301}e\x{301}e\x{301}e\x{301}e\x{301}e\x{301}e\x{301}e\x{301} e\x{301}e\x{301}e\x{301}e\x{301}e\x{301}e\x{301}e\x{301}e\x{301}e\x{301}e\x{301}e\x{301}e\x{301}e\x{301}e\x{301}e\x{301}e\x{301}e\x{301}e\x{301}e\x{301}e\x{301}e\x{301}e\x{301}"
          text run at (924,2000) width 0: " "
          text run at (0,2016) width 924: "e\x{301}e\x{301}e\x{301}e\x{301}e\x{301}e\x{301}e\x{301}e\x{301}e\x{301}e\x{301}e\x{301}e\x{301}e\x{301}e\x{301}e\x{301}e\x{301}e\x{301}e\x{301}e\x{301}e\x{301}e\x{301}e\x{301}e\x{301}e\x{301}e\x{301}e\x{301}e\x{301}e\x{301}e\x{301}e\x{301}e\x{301}e\x{301} e\x{301} e\x{301}e\x{301}e\x{301}e\x{301}e\x{301}e\x{301}e\x{301}e\x{301}e\x{301}e\x{301}e\x{301}e\x{301}e\x{301}e\x{301}e\x{301}e\x{301}e\x{301}e\x{301}e\x{301}e\x{301}e\x{301}e\x{301}e\x{301}e\x{301}e\x{301}e\x{301}e\x{301}e\x{301}e\x{301}e\x{301}e\x{301}e\x{301}e\x{301}e\x{301}e\x{301}e\x{301}e\x{301}e\x{301}e\x{301}e\x{301}e\x{301}e\x{301}e\x{301} e\x{301}e\x{301}e\x{301}e\x{301}e\x{301}e\x{301}e\x{301}e\x{301}e\x{301}e\x{301}e\x{301}e\x{301}e\x{301}e\x{301}e\x{301}e\x{301}e\x{301}e\x{301}e\x{301}e\x{301}e\x{301}e\x{301}e\x{301}e\x{301}e\x{301}e\x{301}e\x{301}e\x{301}e\x{301}e\x{301} e\x{301}e\x{301}e\x{301}e\x{301}e\x{301}e\x{301}e\x{301}e\x{301}e\x{301}e\x{301}e\x{301}e\x{301}e\x{301}e\x{301}e\x{301}e\x{301}e\x{301}e\x{301}e\x{301}e\x{301}e\x{301}e\x{301}"
          text run at (924,2016) width 0: " "
          text run at (0,2032) width 924: "e\x{301}e\x{301}e\x{301}e\x{301}e\x{301}e\x{301}e\x{301}e\x{301}e\x{301}e\x{301}e\x{301}e\x{301}e\x{301}e\x{301}e\x{301}e\x{301}e\x{301}e\x{301}e\x{301}e\x{301}e\x{301}e\x{301}e\x{301}e\x{301}e\x{301}e\x{301}e\x{301}e\x{301}e\x{301}e\x{301}e\x{301}e\x{301} e\x{301} e\x{301}e\x{301}e\x{301}e\x{301}e\x{301}e\x{301}e\x{301}e\x{301}e\x{301}e\x{301}e\x{301}e\x{301}e\x{301}e\x{301}e\x{301}e\x{301}e\x{301}e\x{301}e\x{301}e\x{301}e\x{301}e\x{301}e\x{301}e\x{301}e\x{301}e\x{301}e\x{301}e\x{301}e\x{301}e\x{301}e\x{301}e\x{301}e\x{301}e\x{301}e\x{301}e\x{301}e\x{301}e\x{301}e\x{301}e\x{301}e\x{301}e\x{301}e\x{301} e\x{301}e\x{301}e\x{301}e\x{301}e\x{301}e\x{301}e\x{301}e\x{301}e\x{301}e\x{301}e\x{301}e\x{301}e\x{301}e\x{301}e\x{301}e\x{301}e\x{301}e\x{301}e\x{301}e\x{301}e\x{301}e\x{301}e\x{301}e\x{301}e\x{301}e\x{301}e\x{301}e\x{301}e\x{301}e\x{301} e\x{301}e\x{301}e\x{301}e\x{301}e\x{301}e\x{301}e\x{301}e\x{301}e\x{301}e\x{301}e\x{301}e\x{301}e\x{301}e\x{301}e\x{301}e\x{301}e\x{301}e\x{301}e\x{301}e\x{301}e\x{301}e\x{301}"
          text run at (924,2032) width 0: " "
          text run at (0,2048) width 924: "e\x{301}e\x{301}e\x{301}e\x{301}e\x{301}e\x{301}e\x{301}e\x{301}e\x{301}e\x{301}e\x{301}e\x{301}e\x{301}e\x{301}e\x{301}e\x{301}e\x{301}e\x{301}e\x{301}e\x{301}e\x{301}e\x{301}e\x{301}e\x{301}e\x{301}e\x{301}e\x{301}e\x{301}e\x{301}e\x{301}e\x{301}e\x{301} e\x{301} e\x{301}e\x{301}e\x{301}e\x{301}e\x{301}e\x{301}e\x{301}e\x{301}e\x{301}e\x{301}e\x{301}e\x{301}e\x{301}e\x{301}e\x{301}e\x{301}e\x{301}e\x{301}e\x{301}e\x{301}e\x{301}e\x{301}e\x{301}e\x{301}e\x{301}e\x{301}e\x{301}e\x{301}e\x{301}e\x{301}e\x{301}e\x{301}e\x{301}e\x{301}e\x{301}e\x{301}e\x{301}e\x{301}e\x{301}e\x{301}e\x{301}e\x{301}e\x{301} e\x{301}e\x{301}e\x{301}e\x{301}e\x{301}e\x{301}e\x{301}e\x{301}e\x{301}e\x{301}e\x{301}e\x{301}e\x{301}e\x{301}e\x{301}e\x{301}e\x{301}e\x{301}e\x{301}e\x{301}e\x{301}e\x{301}e\x{301}e\x{301}e\x{301}e\x{301}e\x{301}e\x{301}e\x{301}e\x{301} e\x{301}e\x{301}e\x{301}e\x{301}e\x{301}e\x{301}e\x{301}e\x{301}e\x{301}e\x{301}e\x{301}e\x{301}e\x{301}e\x{301}e\x{301}e\x{301}e\x{301}e\x{301}e\x{301}e\x{301}e\x{301}e\x{301}"
          text run at (924,2048) width 0: " "
          text run at (0,2064) width 924: "e\x{301}e\x{301}e\x{301}e\x{301}e\x{301}e\x{301}e\x{301}e\x{301}e\x{301}e\x{301}e\x{301}e\x{301}e\x{301}e\x{301}e\x{301}e\x{301}e\x{301}e\x{301}e\x{301}e\x{301}e\x{301}e\x{301}e\x{301}e\x{301}e\x{301}e\x{301}e\x{301}e\x{301}e\x{301}e\x{301}e\x{301}e\x{301} e\x{301} e\x{301}e\x{301}e\x{301}e\x{301}e\x{301}e\x{301}e\x{301}e\x{301}e\x{301}e\x{301}e\x{301}e\x{301}e\x{301}e\x{301}e\x{301}e\x{301}e\x{301}e\x{301}e\x{301}e\x{301}e\x{301}e\x{301}e\x{301}e\x{301}e\x{301}e\x{301}e\x{301}e\x{301}e\x{301}e\x{301}e\x{301}e\x{301}e\x{301}e\x{301}e\x{301}e\x{301}e\x{301}e\x{301}e\x{301}e\x{301}e\x{301}e\x{301}e\x{301} e\x{301}e\x{301}e\x{301}e\x{301}e\x{301}e\x{301}e\x{301}e\x{301}e\x{301}e\x{301}e\x{301}e\x{301}e\x{301}e\x{301}e\x{301}e\x{301}e\x{301}e\x{301}e\x{301}e\x{301}e\x{301}e\x{301}e\x{301}e\x{301}e\x{301}e\x{301}e\x{301}e\x{301}e\x{301}e\x{301} e\x{301}e\x{301}e\x{301}e\x{301}e\x{301}e\x{301}e\x{301}e\x{301}e\x{301}e\x{301}e\x{301}e\x{301}e\x{301}e\x{301}e\x{301}e\x{301}e\x{301}e\x{301}e\x{301}e\x{301}e\x{301}e\x{301}"
          text run at (924,2064) width 0: " "
          text run at (0,2080) width 924: "e\x{301}e\x{301}e\x{301}e\x{301}e\x{301}e\x{301}e\x{301}e\x{301}e\x{301}e\x{301}e\x{301}e\x{301}e\x{301}e\x{301}e\x{301}e\x{301}e\x{301}e\x{301}e\x{301}e\x{301}e\x{301}e\x{301}e\x{301}e\x{301}e\x{301}e\x{301}e\x{301}e\x{301}e\x{301}e\x{301}e\x{301}e\x{301} e\x{301} e\x{301}e\x{301}e\x{301}e\x{301}e\x{301}e\x{301}e\x{301}e\x{301}e\x{301}e\x{301}e\x{301}e\x{301}e\x{301}e\x{301}e\x{301}e\x{301}e\x{301}e\x{301}e\x{301}e\x{301}e\x{301}e\x{301}e\x{301}e\x{301}e\x{301}e\x{301}e\x{301}e\x{301}e\x{301}e\x{301}e\x{301}e\x{301}e\x{301}e\x{301}e\x{301}e\x{301}e\x{301}e\x{301}e\x{301}e\x{301}e\x{301}e\x{301}e\x{301} e\x{301}e\x{301}e\x{301}e\x{301}e\x{301}e\x{301}e\x{301}e\x{301}e\x{301}e\x{301}e\x{301}e\x{301}e\x{301}e\x{301}e\x{301}e\x{301}e\x{301}e\x{301}e\x{301}e\x{301}e\x{301}e\x{301}e\x{301}e\x{301}e\x{301}e\x{301}e\x{301}e\x{301}e\x{301}e\x{301} e\x{301}e\x{301}e\x{301}e\x{301}e\x{301}e\x{301}e\x{301}e\x{301}e\x{301}e\x{301}e\x{301}e\x{301}e\x{301}e\x{301}e\x{301}e\x{301}e\x{301}e\x{301}e\x{301}e\x{301}e\x{301}e\x{301}"
          text run at (924,2080) width 0: " "
          text run at (0,2096) width 924: "e\x{301}e\x{301}e\x{301}e\x{301}e\x{301}e\x{301}e\x{301}e\x{301}e\x{301}e\x{301}e\x{301}e\x{301}e\x{301}e\x{301}e\x{301}e\x{301}e\x{301}e\x{301}e\x{301}e\x{301}e\x{301}e\x{301}e\x{301}e\x{301}e\x{301}e\x{301}e\x{301}e\x{301}e\x{301}e\x{301}e\x{301}e\x{301} e\x{301} e\x{301}e\x{301}e\x{301}e\x{301}e\x{301}e\x{301}e\x{301}e\x{301}e\x{301}e\x{301}e\x{301}e\x{301}e\x{301}e\x{301}e\x{301}e\x{301}e\x{301}e\x{301}e\x{301}e\x{301}e\x{301}e\x{301}e\x{301}e\x{301}e\x{301}e\x{301}e\x{301}e\x{301}e\x{301}e\x{301}e\x{301}e\x{301}e\x{301}e\x{301}e\x{301}e\x{301}e\x{301}e\x{301}e\x{301}e\x{301}e\x{301}e\x{301}e\x{301} e\x{301}e\x{301}e\x{301}e\x{301}e\x{301}e\x{301}e\x{301}e\x{301}e\x{301}e\x{301}e\x{301}e\x{301}e\x{301}e\x{301}e\x{301}e\x{301}e\x{301}e\x{301}e\x{301}e\x{301}e\x{301}e\x{301}e\x{301}e\x{301}e\x{301}e\x{301}e\x{301}e\x{301}e\x{301}e\x{301} e\x{301}e\x{301}e\x{301}e\x{301}e\x{301}e\x{301}e\x{301}e\x{301}e\x{301}e\x{301}e\x{301}e\x{301}e\x{301}e\x{301}e\x{301}e\x{301}e\x{301}e\x{301}e\x{301}e\x{301}e\x{301}e\x{301}"
          text run at (924,2096) width 0: " "
          text run at (0,2112) width 924: "e\x{301}e\x{301}e\x{301}e\x{301}e\x{301}e\x{301}e\x{301}e\x{301}e\x{301}e\x{301}e\x{301}e\x{301}e\x{301}e\x{301}e\x{301}e\x{301}e\x{301}e\x{301}e\x{301}e\x{301}e\x{301}e\x{301}e\x{301}e\x{301}e\x{301}e\x{301}e\x{301}e\x{301}e\x{301}e\x{301}e\x{301}e\x{301} e\x{301} e\x{301}e\x{301}e\x{301}e\x{301}e\x{301}e\x{301}e\x{301}e\x{301}e\x{301}e\x{301}e\x{301}e\x{301}e\x{301}e\x{301}e\x{301}e\x{301}e\x{301}e\x{301}e\x{301}e\x{301}e\x{301}e\x{301}e\x{301}e\x{301}e\x{301}e\x{301}e\x{301}e\x{301}e\x{301}e\x{301}e\x{301}e\x{301}e\x{301}e\x{301}e\x{301}e\x{301}e\x{301}e\x{301}e\x{301}e\x{301}e\x{301}e\x{301}e\x{301} e\x{301}e\x{301}e\x{301}e\x{301}e\x{301}e\x{301}e\x{301}e\x{301}e\x{301}e\x{301}e\x{301}e\x{301}e\x{301}e\x{301}e\x{301}e\x{301}e\x{301}e\x{301}e\x{301}e\x{301}e\x{301}e\x{301}e\x{301}e\x{301}e\x{301}e\x{301}e\x{301}e\x{301}e\x{301}e\x{301} e\x{301}e\x{301}e\x{301}e\x{301}e\x{301}e\x{301}e\x{301}e\x{301}e\x{301}e\x{301}e\x{301}e\x{301}e\x{301}e\x{301}e\x{301}e\x{301}e\x{301}e\x{301}e\x{301}e\x{301}e\x{301}e\x{301}"
          text run at (924,2112) width 0: " "
          text run at (0,2128) width 924: "e\x{301}e\x{301}e\x{301}e\x{301}e\x{301}e\x{301}e\x{301}e\x{301}e\x{301}e\x{301}e\x{301}e\x{301}e\x{301}e\x{301}e\x{301}e\x{301}e\x{301}e\x{301}e\x{301}e\x{301}e\x{301}e\x{301}e\x{301}e\x{301}e\x{301}e\x{301}e\x{301}e\x{301}e\x{301}e\x{301}e\x{301}e\x{301} e\x{301} e\x{301}e\x{301}e\x{301}e\x{301}e\x{301}e\x{301}e\x{301}e\x{301}e\x{301}e\x{301}e\x{301}e\x{301}e\x{301}e\x{301}e\x{301}e\x{301}e\x{301}e\x{301}e\x{301}e\x{301}e\x{301}e\x{301}e\x{301}e\x{301}e\x{301}e\x{301}e\x{301}e\x{301}e\x{301}e\x{301}e\x{301}e\x{301}e\x{301}e\x{301}e\x{301}e\x{301}e\x{301}e\x{301}e\x{301}e\x{301}e\x{301}e\x{301}e\x{301} e\x{301}e\x{301}e\x{301}e\x{301}e\x{301}e\x{301}e\x{301}e\x{301}e\x{301}e\x{301}e\x{301}e\x{301}e\x{301}e\x{301}e\x{301}e\x{301}e\x{301}e\x{301}e\x{301}e\x{301}e\x{301}e\x{301}e\x{301}e\x{301}e\x{301}e\x{301}e\x{301}e\x{301}e\x{301}e\x{301} e\x{301}e\x{301}e\x{301}e\x{301}e\x{301}e\x{301}e\x{301}e\x{301}e\x{301}e\x{301}e\x{301}e\x{301}e\x{301}e\x{301}e\x{301}e\x{301}e\x{301}e\x{301}e\x{301}e\x{301}e\x{301}e\x{301}"
          text run at (924,2128) width 0: " "
          text run at (0,2144) width 924: "e\x{301}e\x{301}e\x{301}e\x{301}e\x{301}e\x{301}e\x{301}e\x{301}e\x{301}e\x{301}e\x{301}e\x{301}e\x{301}e\x{301}e\x{301}e\x{301}e\x{301}e\x{301}e\x{301}e\x{301}e\x{301}e\x{301}e\x{301}e\x{301}e\x{301}e\x{301}e\x{301}e\x{301}e\x{301}e\x{301}e\x{301}e\x{301} e\x{301} e\x{301}e\x{301}e\x{301}e\x{301}e\x{301}e\x{301}e\x{301}e\x{301}e\x{301}e\x{301}e\x{301}e\x{301}e\x{301}e\x{301}e\x{301}e\x{301}e\x{301}e\x{301}e\x{301}e\x{301}e\x{301}e\x{301}e\x{301}e\x{301}e\x{301}e\x{301}e\x{301}e\x{301}e\x{301}e\x{301}e\x{301}e\x{301}e\x{301}e\x{301}e\x{301}e\x{301}e\x{301}e\x{301}e\x{301}e\x{301}e\x{301}e\x{301}e\x{301} e\x{301}e\x{301}e\x{301}e\x{301}e\x{301}e\x{301}e\x{301}e\x{301}e\x{301}e\x{301}e\x{301}e\x{301}e\x{301}e\x{301}e\x{301}e\x{301}e\x{301}e\x{301}e\x{301}e\x{301}e\x{301}e\x{301}e\x{301}e\x{301}e\x{301}e\x{301}e\x{301}e\x{301}e\x{301}e\x{301} e\x{301}e\x{301}e\x{301}e\x{301}e\x{301}e\x{301}e\x{301}e\x{301}e\x{301}e\x{301}e\x{301}e\x{301}e\x{301}e\x{301}e\x{301}e\x{301}e\x{301}e\x{301}e\x{301}e\x{301}e\x{301}e\x{301}"
          text run at (924,2144) width 0: " "
          text run at (0,2160) width 924: "e\x{301}e\x{301}e\x{301}e\x{301}e\x{301}e\x{301}e\x{301}e\x{301}e\x{301}e\x{301}e\x{301}e\x{301}e\x{301}e\x{301}e\x{301}e\x{301}e\x{301}e\x{301}e\x{301}e\x{301}e\x{301}e\x{301}e\x{301}e\x{301}e\x{301}e\x{301}e\x{301}e\x{301}e\x{301}e\x{301}e\x{301}e\x{301} e\x{301} e\x{301}e\x{301}e\x{301}e\x{301}e\x{301}e\x{301}e\x{301}e\x{301}e\x{301}e\x{301}e\x{301}e\x{301}e\x{301}e\x{301}e\x{301}e\x{301}e\x{301}e\x{301}e\x{301}e\x{301}e\x{301}e\x{301}e\x{301}e\x{301}e\x{301}e\x{301}e\x{301}e\x{301}e\x{301}e\x{301}e\x{301}e\x{301}e\x{301}e\x{301}e\x{301}e\x{301}e\x{301}e\x{301}e\x{301}e\x{301}e\x{301}e\x{301}e\x{301} e\x{301}e\x{301}e\x{301}e\x{301}e\x{301}e\x{301}e\x{301}e\x{301}e\x{301}e\x{301}e\x{301}e\x{301}e\x{301}e\x{301}e\x{301}e\x{301}e\x{301}e\x{301}e\x{301}e\x{301}e\x{301}e\x{301}e\x{301}e\x{301}e\x{301}e\x{301}e\x{301}e\x{301}e\x{301}e\x{301} e\x{301}e\x{301}e\x{301}e\x{301}e\x{301}e\x{301}e\x{301}e\x{301}e\x{301}e\x{301}e\x{301}e\x{301}e\x{301}e\x{301}e\x{301}e\x{301}e\x{301}e\x{301}e\x{301}e\x{301}e\x{301}e\x{301}"
          text run at (924,2160) width 0: " "
          text run at (0,2176) width 924: "e\x{301}e\x{301}e\x{301}e\x{301}e\x{301}e\x{301}e\x{301}e\x{301}e\x{301}e\x{301}e\x{301}e\x{301}e\x{301}e\x{301}e\x{301}e\x{301}e\x{301}e\x{301}e\x{301}e\x{301}e\x{301}e\x{301}e\x{301}e\x{301}e\x{301}e\x{301}e\x{301}e\x{301}e\x{301}e\x{301}e\x{301}e\x{301} e\x{301} e\x{301}e\x{301}e\x{301}e\x{301}e\x{301}e\x{301}e\x{301}e\x{301}e\x{301}e\x{301}e\x{301}e\x{301}e\x{301}e\x{301}e\x{301}e\x{301}e\x{301}e\x{301}e\x{301}e\x{301}e\x{301}e\x{301}e\x{301}e\x{301}e\x{301}e\x{301}e\x{301}e\x{301}e\x{301}e\x{301}e\x{301}e\x{301}e\x{301}e\x{301}e\x{301}e\x{301}e\x{301}e\x{301}e\x{301}e\x{301}e\x{301}e\x{301}e\x{301} e\x{301}e\x{301}e\x{301}e\x{301}e\x{301}e\x{301}e\x{301}e\x{301}e\x{301}e\x{301}e\x{301}e\x{301}e\x{301}e\x{301}e\x{301}e\x{301}e\x{301}e\x{301}e\x{301}e\x{301}e\x{301}e\x{301}e\x{301}e\x{301}e\x{301}e\x{301}e\x{301}e\x{301}e\x{301}e\x{301} e\x{301}e\x{301}e\x{301}e\x{301}e\x{301}e\x{301}e\x{301}e\x{301}e\x{301}e\x{301}e\x{301}e\x{301}e\x{301}e\x{301}e\x{301}e\x{301}e\x{301}e\x{301}e\x{301}e\x{301}e\x{301}e\x{301}"
          text run at (924,2176) width 0: " "
          text run at (0,2192) width 924: "e\x{301}e\x{301}e\x{301}e\x{301}e\x{301}e\x{301}e\x{301}e\x{301}e\x{301}e\x{301}e\x{301}e\x{301}e\x{301}e\x{301}e\x{301}e\x{301}e\x{301}e\x{301}e\x{301}e\x{301}e\x{301}e\x{301}e\x{301}e\x{301}e\x{301}e\x{301}e\x{301}e\x{301}e\x{301}e\x{301}e\x{301}e\x{301} e\x{301} e\x{301}e\x{301}e\x{301}e\x{301}e\x{301}e\x{301}e\x{301}e\x{301}e\x{301}e\x{301}e\x{301}e\x{301}e\x{301}e\x{301}e\x{301}e\x{301}e\x{301}e\x{301}e\x{301}e\x{301}e\x{301}e\x{301}e\x{301}e\x{301}e\x{301}e\x{301}e\x{301}e\x{301}e\x{301}e\x{301}e\x{301}e\x{301}e\x{301}e\x{301}e\x{301}e\x{301}e\x{301}e\x{301}e\x{301}e\x{301}e\x{301}e\x{301}e\x{301} e\x{301}e\x{301}e\x{301}e\x{301}e\x{301}e\x{301}e\x{301}e\x{301}e\x{301}e\x{301}e\x{301}e\x{301}e\x{301}e\x{301}e\x{301}e\x{301}e\x{301}e\x{301}e\x{301}e\x{301}e\x{301}e\x{301}e\x{301}e\x{301}e\x{301}e\x{301}e\x{301}e\x{301}e\x{301}e\x{301} e\x{301}e\x{301}e\x{301}e\x{301}e\x{301}e\x{301}e\x{301}e\x{301}e\x{301}e\x{301}e\x{301}e\x{301}e\x{301}e\x{301}e\x{301}e\x{301}e\x{301}e\x{301}e\x{301}e\x{301}e\x{301}e\x{301}"
          text run at (924,2192) width 0: " "
          text run at (0,2208) width 924: "e\x{301}e\x{301}e\x{301}e\x{301}e\x{301}e\x{301}e\x{301}e\x{301}e\x{301}e\x{301}e\x{301}e\x{301}e\x{301}e\x{301}e\x{301}e\x{301}e\x{301}e\x{301}e\x{301}e\x{301}e\x{301}e\x{301}e\x{301}e\x{301}e\x{301}e\x{301}e\x{301}e\x{301}e\x{301}e\x{301}e\x{301}e\x{301} e\x{301} e\x{301}e\x{301}e\x{301}e\x{301}e\x{301}e\x{301}e\x{301}e\x{301}e\x{301}e\x{301}e\x{301}e\x{301}e\x{301}e\x{301}e\x{301}e\x{301}e\x{301}e\x{301}e\x{301}e\x{301}e\x{301}e\x{301}e\x{301}e\x{301}e\x{301}e\x{301}e\x{301}e\x{301}e\x{301}e\x{301}e\x{301}e\x{301}e\x{301}e\x{301}e\x{301}e\x{301}e\x{301}e\x{301}e\x{301}e\x{301}e\x{301}e\x{301}e\x{301} e\x{301}e\x{301}e\x{301}e\x{301}e\x{301}e\x{301}e\x{301}e\x{301}e\x{301}e\x{301}e\x{301}e\x{301}e\x{301}e\x{301}e\x{301}e\x{301}e\x{301}e\x{301}e\x{301}e\x{301}e\x{301}e\x{301}e\x{301}e\x{301}e\x{301}e\x{301}e\x{301}e\x{301}e\x{301}e\x{301} e\x{301}e\x{301}e\x{301}e\x{301}e\x{301}e\x{301}e\x{301}e\x{301}e\x{301}e\x{301}e\x{301}e\x{301}e\x{301}e\x{301}e\x{301}e\x{301}e\x{301}e\x{301}e\x{301}e\x{301}e\x{301}e\x{301}"
          text run at (924,2208) width 0: " "
          text run at (0,2224) width 924: "e\x{301}e\x{301}e\x{301}e\x{301}e\x{301}e\x{301}e\x{301}e\x{301}e\x{301}e\x{301}e\x{301}e\x{301}e\x{301}e\x{301}e\x{301}e\x{301}e\x{301}e\x{301}e\x{301}e\x{301}e\x{301}e\x{301}e\x{301}e\x{301}e\x{301}e\x{301}e\x{301}e\x{301}e\x{301}e\x{301}e\x{301}e\x{301} e\x{301} e\x{301}e\x{301}e\x{301}e\x{301}e\x{301}e\x{301}e\x{301}e\x{301}e\x{301}e\x{301}e\x{301}e\x{301}e\x{301}e\x{301}e\x{301}e\x{301}e\x{301}e\x{301}e\x{301}e\x{301}e\x{301}e\x{301}e\x{301}e\x{301}e\x{301}e\x{301}e\x{301}e\x{301}e\x{301}e\x{301}e\x{301}e\x{301}e\x{301}e\x{301}e\x{301}e\x{301}e\x{301}e\x{301}e\x{301}e\x{301}e\x{301}e\x{301}e\x{301} e\x{301}e\x{301}e\x{301}e\x{301}e\x{301}e\x{301}e\x{301}e\x{301}e\x{301}e\x{301}e\x{301}e\x{301}e\x{301}e\x{301}e\x{301}e\x{301}e\x{301}e\x{301}e\x{301}e\x{301}e\x{301}e\x{301}e\x{301}e\x{301}e\x{301}e\x{301}e\x{301}e\x{301}e\x{301}e\x{301} e\x{301}e\x{301}e\x{301}e\x{301}e\x{301}e\x{301}e\x{301}e\x{301}e\x{301}e\x{301}e\x{301}e\x{301}e\x{301}e\x{301}e\x{301}e\x{301}e\x{301}e\x{301}e\x{301}e\x{301}e\x{301}e\x{301}"
          text run at (924,2224) width 0: " "
          text run at (0,2240) width 924: "e\x{301}e\x{301}e\x{301}e\x{301}e\x{301}e\x{301}e\x{301}e\x{301}e\x{301}e\x{301}e\x{301}e\x{301}e\x{301}e\x{301}e\x{301}e\x{301}e\x{301}e\x{301}e\x{301}e\x{301}e\x{301}e\x{301}e\x{301}e\x{301}e\x{301}e\x{301}e\x{301}e\x{301}e\x{301}e\x{301}e\x{301}e\x{301} e\x{301} e\x{301}e\x{301}e\x{301}e\x{301}e\x{301}e\x{301}e\x{301}e\x{301}e\x{301}e\x{301}e\x{301}e\x{301}e\x{301}e\x{301}e\x{301}e\x{301}e\x{301}e\x{301}e\x{301}e\x{301}e\x{301}e\x{301}e\x{301}e\x{301}e\x{301}e\x{301}e\x{301}e\x{301}e\x{301}e\x{301}e\x{301}e\x{301}e\x{301}e\x{301}e\x{301}e\x{301}e\x{301}e\x{301}e\x{301}e\x{301}e\x{301}e\x{301}e\x{301} e\x{301}e\x{301}e\x{301}e\x{301}e\x{301}e\x{301}e\x{301}e\x{301}e\x{301}e\x{301}e\x{301}e\x{301}e\x{301}e\x{301}e\x{301}e\x{301}e\x{301}e\x{301}e\x{301}e\x{301}e\x{301}e\x{301}e\x{301}e\x{301}e\x{301}e\x{301}e\x{301}e\x{301}e\x{301}e\x{301} e\x{301}e\x{301}e\x{301}e\x{301}e\x{301}e\x{301}e\x{301}e\x{301}e\x{301}e\x{301}e\x{301}e\x{301}e\x{301}e\x{301}e\x{301}e\x{301}e\x{301}e\x{301}e\x{301}e\x{301}e\x{301}e\x{301}"
          text run at (924,2240) width 0: " "
          text run at (0,2256) width 924: "e\x{301}e\x{301}e\x{301}e\x{301}e\x{301}e\x{301}e\x{301}e\x{301}e\x{301}e\x{301}e\x{301}e\x{301}e\x{301}e\x{301}e\x{301}e\x{301}e\x{301}e\x{301}e\x{301}e\x{301}e\x{301}e\x{301}e\x{301}e\x{301}e\x{301}e\x{301}e\x{301}e\x{301}e\x{301}e\x{301}e\x{301}e\x{301} e\x{301} e\x{301}e\x{301}e\x{301}e\x{301}e\x{301}e\x{301}e\x{301}e\x{301}e\x{301}e\x{301}e\x{301}e\x{301}e\x{301}e\x{301}e\x{301}e\x{301}e\x{301}e\x{301}e\x{301}e\x{301}e\x{301}e\x{301}e\x{301}e\x{301}e\x{301}e\x{301}e\x{301}e\x{301}e\x{301}e\x{301}e\x{301}e\x{301}e\x{301}e\x{301}e\x{301}e\x{301}e\x{301}e\x{301}e\x{301}e\x{301}e\x{301}e\x{301}e\x{301} e\x{301}e\x{301}e\x{301}e\x{301}e\x{301}e\x{301}e\x{301}e\x{301}e\x{301}e\x{301}e\x{301}e\x{301}e\x{301}e\x{301}e\x{301}e\x{301}e\x{301}e\x{301}e\x{301}e\x{301}e\x{301}e\x{301}e\x{301}e\x{301}e\x{301}e\x{301}e\x{301}e\x{301}e\x{301}e\x{301} e\x{301}e\x{301}e\x{301}e\x{301}e\x{301}e\x{301}e\x{301}e\x{301}e\x{301}e\x{301}e\x{301}e\x{301}e\x{301}e\x{301}e\x{301}e\x{301}e\x{301}e\x{301}e\x{301}e\x{301}e\x{301}e\x{301}"
          text run at (924,2256) width 0: " "
          text run at (0,2272) width 924: "e\x{301}e\x{301}e\x{301}e\x{301}e\x{301}e\x{301}e\x{301}e\x{301}e\x{301}e\x{301}e\x{301}e\x{301}e\x{301}e\x{301}e\x{301}e\x{301}e\x{301}e\x{301}e\x{301}e\x{301}e\x{301}e\x{301}e\x{301}e\x{301}e\x{301}e\x{301}e\x{301}e\x{301}e\x{301}e\x{301}e\x{301}e\x{301} e\x{301} e\x{301}e\x{301}e\x{301}e\x{301}e\x{301}e\x{301}e\x{301}e\x{301}e\x{301}e\x{301}e\x{301}e\x{301}e\x{301}e\x{301}e\x{301}e\x{301}e\x{301}e\x{301}e\x{301}e\x{301}e\x{301}e\x{301}e\x{301}e\x{301}e\x{301}e\x{301}e\x{301}e\x{301}e\x{301}e\x{301}e\x{301}e\x{301}e\x{301}e\x{301}e\x{301}e\x{301}e\x{301}e\x{301}e\x{301}e\x{301}e\x{301}e\x{301}e\x{301} e\x{301}e\x{301}e\x{301}e\x{301}e\x{301}e\x{301}e\x{301}e\x{301}e\x{301}e\x{301}e\x{301}e\x{301}e\x{301}e\x{301}e\x{301}e\x{301}e\x{301}e\x{301}e\x{301}e\x{301}e\x{301}e\x{301}e\x{301}e\x{301}e\x{301}e\x{301}e\x{301}e\x{301}e\x{301}e\x{301} e\x{301}e\x{301}e\x{301}e\x{301}e\x{301}e\x{301}e\x{301}e\x{301}e\x{301}e\x{301}e\x{301}e\x{301}e\x{301}e\x{301}e\x{301}e\x{301}e\x{301}e\x{301}e\x{301}e\x{301}e\x{301}e\x{301}"
          text run at (924,2272) width 0: " "
          text run at (0,2288) width 924: "e\x{301}e\x{301}e\x{301}e\x{301}e\x{301}e\x{301}e\x{301}e\x{301}e\x{301}e\x{301}e\x{301}e\x{301}e\x{301}e\x{301}e\x{301}e\x{301}e\x{301}e\x{301}e\x{301}e\x{301}e\x{301}e\x{301}e\x{301}e\x{301}e\x{301}e\x{301}e\x{301}e\x{301}e\x{301}e\x{301}e\x{301}e\x{301} e\x{301} e\x{301}e\x{301}e\x{301}e\x{301}e\x{301}e\x{301}e\x{301}e\x{301}e\x{301}e\x{301}e\x{301}e\x{301}e\x{301}e\x{301}e\x{301}e\x{301}e\x{301}e\x{301}e\x{301}e\x{301}e\x{301}e\x{301}e\x{301}e\x{301}e\x{301}e\x{301}e\x{301}e\x{301}e\x{301}e\x{301}e\x{301}e\x{301}e\x{301}e\x{301}e\x{301}e\x{301}e\x{301}e\x{301}e\x{301}e\x{301}e\x{301}e\x{301}e\x{301} e\x{301}e\x{301}e\x{301}e\x{301}e\x{301}e\x{301}e\x{301}e\x{301}e\x{301}e\x{301}e\x{301}e\x{301}e\x{301}e\x{301}e\x{301}e\x{301}e\x{301}e\x{301}e\x{301}e\x{301}e\x{301}e\x{301}e\x{301}e\x{301}e\x{301}e\x{301}e\x{301}e\x{301}e\x{301}e\x{301} e\x{301}e\x{301}e\x{301}e\x{301}e\x{301}e\x{301}e\x{301}e\x{301}e\x{301}e\x{301}e\x{301}e\x{301}e\x{301}e\x{301}e\x{301}e\x{301}e\x{301}e\x{301}e\x{301}e\x{301}e\x{301}e\x{301}"
          text run at (924,2288) width 0: " "
          text run at (0,2304) width 924: "e\x{301}e\x{301}e\x{301}e\x{301}e\x{301}e\x{301}e\x{301}e\x{301}e\x{301}e\x{301}e\x{301}e\x{301}e\x{301}e\x{301}e\x{301}e\x{301}e\x{301}e\x{301}e\x{301}e\x{301}e\x{301}e\x{301}e\x{301}e\x{301}e\x{301}e\x{301}e\x{301}e\x{301}e\x{301}e\x{301}e\x{301}e\x{301} e\x{301} e\x{301}e\x{301}e\x{301}e\x{301}e\x{301}e\x{301}e\x{301}e\x{301}e\x{301}e\x{301}e\x{301}e\x{301}e\x{301}e\x{301}e\x{301}e\x{301}e\x{301}e\x{301}e\x{301}e\x{301}e\x{301}e\x{301}e\x{301}e\x{301}e\x{301}e\x{301}e\x{301}e\x{301}e\x{301}e\x{301}e\x{301}e\x{301}e\x{301}e\x{301}e\x{301}e\x{301}e\x{301}e\x{301}e\x{301}e\x{301}e\x{301}e\x{301}e\x{301} e\x{301}e\x{301}e\x{301}e\x{301}e\x{301}e\x{301}e\x{301}e\x{301}e\x{301}e\x{301}e\x{301}e\x{301}e\x{301}e\x{301}e\x{301}e\x{301}e\x{301}e\x{301}e\x{301}e\x{301}e\x{301}e\x{301}e\x{301}e\x{301}e\x{301}e\x{301}e\x{301}e\x{301}e\x{301}e\x{301} e\x{301}e\x{301}e\x{301}e\x{301}e\x{301}e\x{301}e\x{301}e\x{301}e\x{301}e\x{301}e\x{301}e\x{301}e\x{301}e\x{301}e\x{301}e\x{301}e\x{301}e\x{301}e\x{301}e\x{301}e\x{301}e\x{301}"
          text run at (924,2304) width 0: " "
          text run at (0,2320) width 924: "e\x{301}e\x{301}e\x{301}e\x{301}e\x{301}e\x{301}e\x{301}e\x{301}e\x{301}e\x{301}e\x{301}e\x{301}e\x{301}e\x{301}e\x{301}e\x{301}e\x{301}e\x{301}e\x{301}e\x{301}e\x{301}e\x{301}e\x{301}e\x{301}e\x{301}e\x{301}e\x{301}e\x{301}e\x{301}e\x{301}e\x{301}e\x{301} e\x{301} e\x{301}e\x{301}e\x{301}e\x{301}e\x{301}e\x{301}e\x{301}e\x{301}e\x{301}e\x{301}e\x{301}e\x{301}e\x{301}e\x{301}e\x{301}e\x{301}e\x{301}e\x{301}e\x{301}e\x{301}e\x{301}e\x{301}e\x{301}e\x{301}e\x{301}e\x{301}e\x{301}e\x{301}e\x{301}e\x{301}e\x{301}e\x{301}e\x{301}e\x{301}e\x{301}e\x{301}e\x{301}e\x{301}e\x{301}e\x{301}e\x{301}e\x{301}e\x{301} e\x{301}e\x{301}e\x{301}e\x{301}e\x{301}e\x{301}e\x{301}e\x{301}e\x{301}e\x{301}e\x{301}e\x{301}e\x{301}e\x{301}e\x{301}e\x{301}e\x{301}e\x{301}e\x{301}e\x{301}e\x{301}e\x{301}e\x{301}e\x{301}e\x{301}e\x{301}e\x{301}e\x{301}e\x{301}e\x{301} e\x{301}e\x{301}e\x{301}e\x{301}e\x{301}e\x{301}e\x{301}e\x{301}e\x{301}e\x{301}e\x{301}e\x{301}e\x{301}e\x{301}e\x{301}e\x{301}e\x{301}e\x{301}e\x{301}e\x{301}e\x{301}e\x{301}"
          text run at (924,2320) width 0: " "
          text run at (0,2336) width 924: "e\x{301}e\x{301}e\x{301}e\x{301}e\x{301}e\x{301}e\x{301}e\x{301}e\x{301}e\x{301}e\x{301}e\x{301}e\x{301}e\x{301}e\x{301}e\x{301}e\x{301}e\x{301}e\x{301}e\x{301}e\x{301}e\x{301}e\x{301}e\x{301}e\x{301}e\x{301}e\x{301}e\x{301}e\x{301}e\x{301}e\x{301}e\x{301} e\x{301} e\x{301}e\x{301}e\x{301}e\x{301}e\x{301}e\x{301}e\x{301}e\x{301}e\x{301}e\x{301}e\x{301}e\x{301}e\x{301}e\x{301}e\x{301}e\x{301}e\x{301}e\x{301}e\x{301}e\x{301}e\x{301}e\x{301}e\x{301}e\x{301}e\x{301}e\x{301}e\x{301}e\x{301}e\x{301}e\x{301}e\x{301}e\x{301}e\x{301}e\x{301}e\x{301}e\x{301}e\x{301}e\x{301}e\x{301}e\x{301}e\x{301}e\x{301}e\x{301} e\x{301}e\x{301}e\x{301}e\x{301}e\x{301}e\x{301}e\x{301}e\x{301}e\x{301}e\x{301}e\x{301}e\x{301}e\x{301}e\x{301}e\x{301}e\x{301}e\x{301}e\x{301}e\x{301}e\x{301}e\x{301}e\x{301}e\x{301}e\x{301}e\x{301}e\x{301}e\x{301}e\x{301}e\x{301}e\x{301} e\x{301}e\x{301}e\x{301}e\x{301}e\x{301}e\x{301}e\x{301}e\x{301}e\x{301}e\x{301}e\x{301}e\x{301}e\x{301}e\x{301}e\x{301}e\x{301}e\x{301}e\x{301}e\x{301}e\x{301}e\x{301}e\x{301}"
          text run at (924,2336) width 0: " "
          text run at (0,2352) width 924: "e\x{301}e\x{301}e\x{301}e\x{301}e\x{301}e\x{301}e\x{301}e\x{301}e\x{301}e\x{301}e\x{301}e\x{301}e\x{301}e\x{301}e\x{301}e\x{301}e\x{301}e\x{301}e\x{301}e\x{301}e\x{301}e\x{301}e\x{301}e\x{301}e\x{301}e\x{301}e\x{301}e\x{301}e\x{301}e\x{301}e\x{301}e\x{301} e\x{301} e\x{301}e\x{301}e\x{301}e\x{301}e\x{301}e\x{301}e\x{301}e\x{301}e\x{301}e\x{301}e\x{301}e\x{301}e\x{301}e\x{301}e\x{301}e\x{301}e\x{301}e\x{301}e\x{301}e\x{301}e\x{301}e\x{301}e\x{301}e\x{301}e\x{301}e\x{301}e\x{301}e\x{301}e\x{301}e\x{301}e\x{301}e\x{301}e\x{301}e\x{301}e\x{301}e\x{301}e\x{301}e\x{301}e\x{301}e\x{301}e\x{301}e\x{301}e\x{301} e\x{301}e\x{301}e\x{301}e\x{301}e\x{301}e\x{301}e\x{301}e\x{301}e\x{301}e\x{301}e\x{301}e\x{301}e\x{301}e\x{301}e\x{301}e\x{301}e\x{301}e\x{301}e\x{301}e\x{301}e\x{301}e\x{301}e\x{301}e\x{301}e\x{301}e\x{301}e\x{301}e\x{301}e\x{301}e\x{301} e\x{301}e\x{301}e\x{301}e\x{301}e\x{301}e\x{301}e\x{301}e\x{301}e\x{301}e\x{301}e\x{301}e\x{301}e\x{301}e\x{301}e\x{301}e\x{301}e\x{301}e\x{301}e\x{301}e\x{301}e\x{301}e\x{301}"
          text run at (924,2352) width 0: " "
          text run at (0,2368) width 924: "e\x{301}e\x{301}e\x{301}e\x{301}e\x{301}e\x{301}e\x{301}e\x{301}e\x{301}e\x{301}e\x{301}e\x{301}e\x{301}e\x{301}e\x{301}e\x{301}e\x{301}e\x{301}e\x{301}e\x{301}e\x{301}e\x{301}e\x{301}e\x{301}e\x{301}e\x{301}e\x{301}e\x{301}e\x{301}e\x{301}e\x{301}e\x{301} e\x{301} e\x{301}e\x{301}e\x{301}e\x{301}e\x{301}e\x{301}e\x{301}e\x{301}e\x{301}e\x{301}e\x{301}e\x{301}e\x{301}e\x{301}e\x{301}e\x{301}e\x{301}e\x{301}e\x{301}e\x{301}e\x{301}e\x{301}e\x{301}e\x{301}e\x{301}e\x{301}e\x{301}e\x{301}e\x{301}e\x{301}e\x{301}e\x{301}e\x{301}e\x{301}e\x{301}e\x{301}e\x{301}e\x{301}e\x{301}e\x{301}e\x{301}e\x{301}e\x{301} e\x{301}e\x{301}e\x{301}e\x{301}e\x{301}e\x{301}e\x{301}e\x{301}e\x{301}e\x{301}e\x{301}e\x{301}e\x{301}e\x{301}e\x{301}e\x{301}e\x{301}e\x{301}e\x{301}e\x{301}e\x{301}e\x{301}e\x{301}e\x{301}e\x{301}e\x{301}e\x{301}e\x{301}e\x{301}e\x{301} e\x{301}e\x{301}e\x{301}e\x{301}e\x{301}e\x{301}e\x{301}e\x{301}e\x{301}e\x{301}e\x{301}e\x{301}e\x{301}e\x{301}e\x{301}e\x{301}e\x{301}e\x{301}e\x{301}e\x{301}e\x{301}e\x{301}"
          text run at (924,2368) width 0: " "
          text run at (0,2384) width 924: "e\x{301}e\x{301}e\x{301}e\x{301}e\x{301}e\x{301}e\x{301}e\x{301}e\x{301}e\x{301}e\x{301}e\x{301}e\x{301}e\x{301}e\x{301}e\x{301}e\x{301}e\x{301}e\x{301}e\x{301}e\x{301}e\x{301}e\x{301}e\x{301}e\x{301}e\x{301}e\x{301}e\x{301}e\x{301}e\x{301}e\x{301}e\x{301} e\x{301} e\x{301}e\x{301}e\x{301}e\x{301}e\x{301}e\x{301}e\x{301}e\x{301}e\x{301}e\x{301}e\x{301}e\x{301}e\x{301}e\x{301}e\x{301}e\x{301}e\x{301}e\x{301}e\x{301}e\x{301}e\x{301}e\x{301}e\x{301}e\x{301}e\x{301}e\x{301}e\x{301}e\x{301}e\x{301}e\x{301}e\x{301}e\x{301}e\x{301}e\x{301}e\x{301}e\x{301}e\x{301}e\x{301}e\x{301}e\x{301}e\x{301}e\x{301}e\x{301} e\x{301}e\x{301}e\x{301}e\x{301}e\x{301}e\x{301}e\x{301}e\x{301}e\x{301}e\x{301}e\x{301}e\x{301}e\x{301}e\x{301}e\x{301}e\x{301}e\x{301}e\x{301}e\x{301}e\x{301}e\x{301}e\x{301}e\x{301}e\x{301}e\x{301}e\x{301}e\x{301}e\x{301}e\x{301}e\x{301} e\x{301}e\x{301}e\x{301}e\x{301}e\x{301}e\x{301}e\x{301}e\x{301}e\x{301}e\x{301}e\x{301}e\x{301}e\x{301}e\x{301}e\x{301}e\x{301}e\x{301}e\x{301}e\x{301}e\x{301}e\x{301}e\x{301}"
          text run at (924,2384) width 0: " "
          text run at (0,2400) width 924: "e\x{301}e\x{301}e\x{301}e\x{301}e\x{301}e\x{301}e\x{301}e\x{301}e\x{301}e\x{301}e\x{301}e\x{301}e\x{301}e\x{301}e\x{301}e\x{301}e\x{301}e\x{301}e\x{301}e\x{301}e\x{301}e\x{301}e\x{301}e\x{301}e\x{301}e\x{301}e\x{301}e\x{301}e\x{301}e\x{301}e\x{301}e\x{301} e\x{301} e\x{301}e\x{301}e\x{301}e\x{301}e\x{301}e\x{301}e\x{301}e\x{301}e\x{301}e\x{301}e\x{301}e\x{301}e\x{301}e\x{301}e\x{301}e\x{301}e\x{301}e\x{301}e\x{301}e\x{301}e\x{301}e\x{301}e\x{301}e\x{301}e\x{301}e\x{301}e\x{301}e\x{301}e\x{301}e\x{301}e\x{301}e\x{301}e\x{301}e\x{301}e\x{301}e\x{301}e\x{301}e\x{301}e\x{301}e\x{301}e\x{301}e\x{301}e\x{301} e\x{301}e\x{301}e\x{301}e\x{301}e\x{301}e\x{301}e\x{301}e\x{301}e\x{301}e\x{301}e\x{301}e\x{301}e\x{301}e\x{301}e\x{301}e\x{301}e\x{301}e\x{301}e\x{301}e\x{301}e\x{301}e\x{301}e\x{301}e\x{301}e\x{301}e\x{301}e\x{301}e\x{301}e\x{301}e\x{301} e\x{301}e\x{301}e\x{301}e\x{301}e\x{301}e\x{301}e\x{301}e\x{301}e\x{301}e\x{301}e\x{301}e\x{301}e\x{301}e\x{301}e\x{301}e\x{301}e\x{301}e\x{301}e\x{301}e\x{301}e\x{301}e\x{301}"
          text run at (924,2400) width 0: " "
          text run at (0,2416) width 924: "e\x{301}e\x{301}e\x{301}e\x{301}e\x{301}e\x{301}e\x{301}e\x{301}e\x{301}e\x{301}e\x{301}e\x{301}e\x{301}e\x{301}e\x{301}e\x{301}e\x{301}e\x{301}e\x{301}e\x{301}e\x{301}e\x{301}e\x{301}e\x{301}e\x{301}e\x{301}e\x{301}e\x{301}e\x{301}e\x{301}e\x{301}e\x{301} e\x{301} e\x{301}e\x{301}e\x{301}e\x{301}e\x{301}e\x{301}e\x{301}e\x{301}e\x{301}e\x{301}e\x{301}e\x{301}e\x{301}e\x{301}e\x{301}e\x{301}e\x{301}e\x{301}e\x{301}e\x{301}e\x{301}e\x{301}e\x{301}e\x{301}e\x{301}e\x{301}e\x{301}e\x{301}e\x{301}e\x{301}e\x{301}e\x{301}e\x{301}e\x{301}e\x{301}e\x{301}e\x{301}e\x{301}e\x{301}e\x{301}e\x{301}e\x{301}e\x{301} e\x{301}e\x{301}e\x{301}e\x{301}e\x{301}e\x{301}e\x{301}e\x{301}e\x{301}e\x{301}e\x{301}e\x{301}e\x{301}e\x{301}e\x{301}e\x{301}e\x{301}e\x{301}e\x{301}e\x{301}e\x{301}e\x{301}e\x{301}e\x{301}e\x{301}e\x{301}e\x{301}e\x{301}e\x{301}e\x{301} e\x{301}e\x{301}e\x{301}e\x{301}e\x{301}e\x{301}e\x{301}e\x{301}e\x{301}e\x{301}e\x{301}e\x{301}e\x{301}e\x{301}e\x{301}e\x{301}e\x{301}e\x{301}e\x{301}e\x{301}e\x{301}e\x{301}"
          text run at (924,2416) width 0: " "
          text run at (0,2432) width 924: "e\x{301}e\x{301}e\x{301}e\x{301}e\x{301}e\x{301}e\x{301}e\x{301}e\x{301}e\x{301}e\x{301}e\x{301}e\x{301}e\x{301}e\x{301}e\x{301}e\x{301}e\x{301}e\x{301}e\x{301}e\x{301}e\x{301}e\x{301}e\x{301}e\x{301}e\x{301}e\x{301}e\x{301}e\x{301}e\x{301}e\x{301}e\x{301} e\x{301} e\x{301}e\x{301}e\x{301}e\x{301}e\x{301}e\x{301}e\x{301}e\x{301}e\x{301}e\x{301}e\x{301}e\x{301}e\x{301}e\x{301}e\x{301}e\x{301}e\x{301}e\x{301}e\x{301}e\x{301}e\x{301}e\x{301}e\x{301}e\x{301}e\x{301}e\x{301}e\x{301}e\x{301}e\x{301}e\x{301}e\x{301}e\x{301}e\x{301}e\x{301}e\x{301}e\x{301}e\x{301}e\x{301}e\x{301}e\x{301}e\x{301}e\x{301}e\x{301} e\x{301}e\x{301}e\x{301}e\x{301}e\x{301}e\x{301}e\x{301}e\x{301}e\x{301}e\x{301}e\x{301}e\x{301}e\x{301}e\x{301}e\x{301}e\x{301}e\x{301}e\x{301}e\x{301}e\x{301}e\x{301}e\x{301}e\x{301}e\x{301}e\x{301}e\x{301}e\x{301}e\x{301}e\x{301}e\x{301} e\x{301}e\x{301}e\x{301}e\x{301}e\x{301}e\x{301}e\x{301}e\x{301}e\x{301}e\x{301}e\x{301}e\x{301}e\x{301}e\x{301}e\x{301}e\x{301}e\x{301}e\x{301}e\x{301}e\x{301}e\x{301}e\x{301}"
          text run at (924,2432) width 0: " "
          text run at (0,2448) width 924: "e\x{301}e\x{301}e\x{301}e\x{301}e\x{301}e\x{301}e\x{301}e\x{301}e\x{301}e\x{301}e\x{301}e\x{301}e\x{301}e\x{301}e\x{301}e\x{301}e\x{301}e\x{301}e\x{301}e\x{301}e\x{301}e\x{301}e\x{301}e\x{301}e\x{301}e\x{301}e\x{301}e\x{301}e\x{301}e\x{301}e\x{301}e\x{301} e\x{301} e\x{301}e\x{301}e\x{301}e\x{301}e\x{301}e\x{301}e\x{301}e\x{301}e\x{301}e\x{301}e\x{301}e\x{301}e\x{301}e\x{301}e\x{301}e\x{301}e\x{301}e\x{301}e\x{301}e\x{301}e\x{301}e\x{301}e\x{301}e\x{301}e\x{301}e\x{301}e\x{301}e\x{301}e\x{301}e\x{301}e\x{301}e\x{301}e\x{301}e\x{301}e\x{301}e\x{301}e\x{301}e\x{301}e\x{301}e\x{301}e\x{301}e\x{301}e\x{301} e\x{301}e\x{301}e\x{301}e\x{301}e\x{301}e\x{301}e\x{301}e\x{301}e\x{301}e\x{301}e\x{301}e\x{301}e\x{301}e\x{301}e\x{301}e\x{301}e\x{301}e\x{301}e\x{301}e\x{301}e\x{301}e\x{301}e\x{301}e\x{301}e\x{301}e\x{301}e\x{301}e\x{301}e\x{301}e\x{301} e\x{301}e\x{301}e\x{301}e\x{301}e\x{301}e\x{301}e\x{301}e\x{301}e\x{301}e\x{301}e\x{301}e\x{301}e\x{301}e\x{301}e\x{301}e\x{301}e\x{301}e\x{301}e\x{301}e\x{301}e\x{301}e\x{301}"
          text run at (924,2448) width 0: " "
          text run at (0,2464) width 924: "e\x{301}e\x{301}e\x{301}e\x{301}e\x{301}e\x{301}e\x{301}e\x{301}e\x{301}e\x{301}e\x{301}e\x{301}e\x{301}e\x{301}e\x{301}e\x{301}e\x{301}e\x{301}e\x{301}e\x{301}e\x{301}e\x{301}e\x{301}e\x{301}e\x{301}e\x{301}e\x{301}e\x{301}e\x{301}e\x{301}e\x{301}e\x{301} e\x{301} e\x{301}e\x{301}e\x{301}e\x{301}e\x{301}e\x{301}e\x{301}e\x{301}e\x{301}e\x{301}e\x{301}e\x{301}e\x{301}e\x{301}e\x{301}e\x{301}e\x{301}e\x{301}e\x{301}e\x{301}e\x{301}e\x{301}e\x{301}e\x{301}e\x{301}e\x{301}e\x{301}e\x{301}e\x{301}e\x{301}e\x{301}e\x{301}e\x{301}e\x{301}e\x{301}e\x{301}e\x{301}e\x{301}e\x{301}e\x{301}e\x{301}e\x{301}e\x{301} e\x{301}e\x{301}e\x{301}e\x{301}e\x{301}e\x{301}e\x{301}e\x{301}e\x{301}e\x{301}e\x{301}e\x{301}e\x{301}e\x{301}e\x{301}e\x{301}e\x{301}e\x{301}e\x{301}e\x{301}e\x{301}e\x{301}e\x{301}e\x{301}e\x{301}e\x{301}e\x{301}e\x{301}e\x{301}e\x{301} e\x{301}e\x{301}e\x{301}e\x{301}e\x{301}e\x{301}e\x{301}e\x{301}e\x{301}e\x{301}e\x{301}e\x{301}e\x{301}e\x{301}e\x{301}e\x{301}e\x{301}e\x{301}e\x{301}e\x{301}e\x{301}e\x{301}"
          text run at (924,2464) width 0: " "
          text run at (0,2480) width 924: "e\x{301}e\x{301}e\x{301}e\x{301}e\x{301}e\x{301}e\x{301}e\x{301}e\x{301}e\x{301}e\x{301}e\x{301}e\x{301}e\x{301}e\x{301}e\x{301}e\x{301}e\x{301}e\x{301}e\x{301}e\x{301}e\x{301}e\x{301}e\x{301}e\x{301}e\x{301}e\x{301}e\x{301}e\x{301}e\x{301}e\x{301}e\x{301} e\x{301} e\x{301}e\x{301}e\x{301}e\x{301}e\x{301}e\x{301}e\x{301}e\x{301}e\x{301}e\x{301}e\x{301}e\x{301}e\x{301}e\x{301}e\x{301}e\x{301}e\x{301}e\x{301}e\x{301}e\x{301}e\x{301}e\x{301}e\x{301}e\x{301}e\x{301}e\x{301}e\x{301}e\x{301}e\x{301}e\x{301}e\x{301}e\x{301}e\x{301}e\x{301}e\x{301}e\x{301}e\x{301}e\x{301}e\x{301}e\x{301}e\x{301}e\x{301}e\x{301} e\x{301}e\x{301}e\x{301}e\x{301}e\x{301}e\x{301}e\x{301}e\x{301}e\x{301}e\x{301}e\x{301}e\x{301}e\x{301}e\x{301}e\x{301}e\x{301}e\x{301}e\x{301}e\x{301}e\x{301}e\x{301}e\x{301}e\x{301}e\x{301}e\x{301}e\x{301}e\x{301}e\x{301}e\x{301}e\x{301} e\x{301}e\x{301}e\x{301}e\x{301}e\x{301}e\x{301}e\x{301}e\x{301}e\x{301}e\x{301}e\x{301}e\x{301}e\x{301}e\x{301}e\x{301}e\x{301}e\x{301}e\x{301}e\x{301}e\x{301}e\x{301}e\x{301}"
          text run at (924,2480) width 0: " "
          text run at (0,2496) width 924: "e\x{301}e\x{301}e\x{301}e\x{301}e\x{301}e\x{301}e\x{301}e\x{301}e\x{301}e\x{301}e\x{301}e\x{301}e\x{301}e\x{301}e\x{301}e\x{301}e\x{301}e\x{301}e\x{301}e\x{301}e\x{301}e\x{301}e\x{301}e\x{301}e\x{301}e\x{301}e\x{301}e\x{301}e\x{301}e\x{301}e\x{301}e\x{301} e\x{301} e\x{301}e\x{301}e\x{301}e\x{301}e\x{301}e\x{301}e\x{301}e\x{301}e\x{301}e\x{301}e\x{301}e\x{301}e\x{301}e\x{301}e\x{301}e\x{301}e\x{301}e\x{301}e\x{301}e\x{301}e\x{301}e\x{301}e\x{301}e\x{301}e\x{301}e\x{301}e\x{301}e\x{301}e\x{301}e\x{301}e\x{301}e\x{301}e\x{301}e\x{301}e\x{301}e\x{301}e\x{301}e\x{301}e\x{301}e\x{301}e\x{301}e\x{301}e\x{301} e\x{301}e\x{301}e\x{301}e\x{301}e\x{301}e\x{301}e\x{301}e\x{301}e\x{301}e\x{301}e\x{301}e\x{301}e\x{301}e\x{301}e\x{301}e\x{301}e\x{301}e\x{301}e\x{301}e\x{301}e\x{301}e\x{301}e\x{301}e\x{301}e\x{301}e\x{301}e\x{301}e\x{301}e\x{301}e\x{301} e\x{301}e\x{301}e\x{301}e\x{301}e\x{301}e\x{301}e\x{301}e\x{301}e\x{301}e\x{301}e\x{301}e\x{301}e\x{301}e\x{301}e\x{301}e\x{301}e\x{301}e\x{301}e\x{301}e\x{301}e\x{301}e\x{301}"
          text run at (924,2496) width 0: " "
          text run at (0,2512) width 924: "e\x{301}e\x{301}e\x{301}e\x{301}e\x{301}e\x{301}e\x{301}e\x{301}e\x{301}e\x{301}e\x{301}e\x{301}e\x{301}e\x{301}e\x{301}e\x{301}e\x{301}e\x{301}e\x{301}e\x{301}e\x{301}e\x{301}e\x{301}e\x{301}e\x{301}e\x{301}e\x{301}e\x{301}e\x{301}e\x{301}e\x{301}e\x{301} e\x{301} e\x{301}e\x{301}e\x{301}e\x{301}e\x{301}e\x{301}e\x{301}e\x{301}e\x{301}e\x{301}e\x{301}e\x{301}e\x{301}e\x{301}e\x{301}e\x{301}e\x{301}e\x{301}e\x{301}e\x{301}e\x{301}e\x{301}e\x{301}e\x{301}e\x{301}e\x{301}e\x{301}e\x{301}e\x{301}e\x{301}e\x{301}e\x{301}e\x{301}e\x{301}e\x{301}e\x{301}e\x{301}e\x{301}e\x{301}e\x{301}e\x{301}e\x{301}e\x{301} e\x{301}e\x{301}e\x{301}e\x{301}e\x{301}e\x{301}e\x{301}e\x{301}e\x{301}e\x{301}e\x{301}e\x{301}e\x{301}e\x{301}e\x{301}e\x{301}e\x{301}e\x{301}e\x{301}e\x{301}e\x{301}e\x{301}e\x{301}e\x{301}e\x{301}e\x{301}e\x{301}e\x{301}e\x{301}e\x{301} e\x{301}e\x{301}e\x{301}e\x{301}e\x{301}e\x{301}e\x{301}e\x{301}e\x{301}e\x{301}e\x{301}e\x{301}e\x{301}e\x{301}e\x{301}e\x{301}e\x{301}e\x{301}e\x{301}e\x{301}e\x{301}e\x{301}"
          text run at (924,2512) width 0: " "
          text run at (0,2528) width 924: "e\x{301}e\x{301}e\x{301}e\x{301}e\x{301}e\x{301}e\x{301}e\x{301}e\x{301}e\x{301}e\x{301}e\x{301}e\x{301}e\x{301}e\x{301}e\x{301}e\x{301}e\x{301}e\x{301}e\x{301}e\x{301}e\x{301}e\x{301}e\x{301}e\x{301}e\x{301}e\x{301}e\x{301}e\x{301}e\x{301}e\x{301}e\x{301} e\x{301} e\x{301}e\x{301}e\x{301}e\x{301}e\x{301}e\x{301}e\x{301}e\x{301}e\x{301}e\x{301}e\x{301}e\x{301}e\x{301}e\x{301}e\x{301}e\x{301}e\x{301}e\x{301}e\x{301}e\x{301}e\x{301}e\x{301}e\x{301}e\x{301}e\x{301}e\x{301}e\x{301}e\x{301}e\x{301}e\x{301}e\x{301}e\x{301}e\x{301}e\x{301}e\x{301}e\x{301}e\x{301}e\x{301}e\x{301}e\x{301}e\x{301}e\x{301}e\x{301} e\x{301}e\x{301}e\x{301}e\x{301}e\x{301}e\x{301}e\x{301}e\x{301}e\x{301}e\x{301}e\x{301}e\x{301}e\x{301}e\x{301}e\x{301}e\x{301}e\x{301}e\x{301}e\x{301}e\x{301}e\x{301}e\x{301}e\x{301}e\x{301}e\x{301}e\x{301}e\x{301}e\x{301}e\x{301}e\x{301} e\x{301}e\x{301}e\x{301}e\x{301}e\x{301}e\x{301}e\x{301}e\x{301}e\x{301}e\x{301}e\x{301}e\x{301}e\x{301}e\x{301}e\x{301}e\x{301}e\x{301}e\x{301}e\x{301}e\x{301}e\x{301}e\x{301}"
          text run at (924,2528) width 0: " "
          text run at (0,2544) width 924: "e\x{301}e\x{301}e\x{301}e\x{301}e\x{301}e\x{301}e\x{301}e\x{301}e\x{301}e\x{301}e\x{301}e\x{301}e\x{301}e\x{301}e\x{301}e\x{301}e\x{301}e\x{301}e\x{301}e\x{301}e\x{301}e\x{301}e\x{301}e\x{301}e\x{301}e\x{301}e\x{301}e\x{301}e\x{301}e\x{301}e\x{301}e\x{301} e\x{301} e\x{301}e\x{301}e\x{301}e\x{301}e\x{301}e\x{301}e\x{301}e\x{301}e\x{301}e\x{301}e\x{301}e\x{301}e\x{301}e\x{301}e\x{301}e\x{301}e\x{301}e\x{301}e\x{301}e\x{301}e\x{301}e\x{301}e\x{301}e\x{301}e\x{301}e\x{301}e\x{301}e\x{301}e\x{301}e\x{301}e\x{301}e\x{301}e\x{301}e\x{301}e\x{301}e\x{301}e\x{301}e\x{301}e\x{301}e\x{301}e\x{301}e\x{301}e\x{301} e\x{301}e\x{301}e\x{301}e\x{301}e\x{301}e\x{301}e\x{301}e\x{301}e\x{301}e\x{301}e\x{301}e\x{301}e\x{301}e\x{301}e\x{301}e\x{301}e\x{301}e\x{301}e\x{301}e\x{301}e\x{301}e\x{301}e\x{301}e\x{301}e\x{301}e\x{301}e\x{301}e\x{301}e\x{301}e\x{301} e\x{301}e\x{301}e\x{301}e\x{301}e\x{301}e\x{301}e\x{301}e\x{301}e\x{301}e\x{301}e\x{301}e\x{301}e\x{301}e\x{301}e\x{301}e\x{301}e\x{301}e\x{301}e\x{301}e\x{301}e\x{301}e\x{301}"
          text run at (924,2544) width 0: " "
          text run at (0,2560) width 924: "e\x{301}e\x{301}e\x{301}e\x{301}e\x{301}e\x{301}e\x{301}e\x{301}e\x{301}e\x{301}e\x{301}e\x{301}e\x{301}e\x{301}e\x{301}e\x{301}e\x{301}e\x{301}e\x{301}e\x{301}e\x{301}e\x{301}e\x{301}e\x{301}e\x{301}e\x{301}e\x{301}e\x{301}e\x{301}e\x{301}e\x{301}e\x{301} e\x{301} e\x{301}e\x{301}e\x{301}e\x{301}e\x{301}e\x{301}e\x{301}e\x{301}e\x{301}e\x{301}e\x{301}e\x{301}e\x{301}e\x{301}e\x{301}e\x{301}e\x{301}e\x{301}e\x{301}e\x{301}e\x{301}e\x{301}e\x{301}e\x{301}e\x{301}e\x{301}e\x{301}e\x{301}e\x{301}e\x{301}e\x{301}e\x{301}e\x{301}e\x{301}e\x{301}e\x{301}e\x{301}e\x{301}e\x{301}e\x{301}e\x{301}e\x{301}e\x{301} e\x{301}e\x{301}e\x{301}e\x{301}e\x{301}e\x{301}e\x{301}e\x{301}e\x{301}e\x{301}e\x{301}e\x{301}e\x{301}e\x{301}e\x{301}e\x{301}e\x{301}e\x{301}e\x{301}e\x{301}e\x{301}e\x{301}e\x{301}e\x{301}e\x{301}e\x{301}e\x{301}e\x{301}e\x{301}e\x{301} e\x{301}e\x{301}e\x{301}e\x{301}e\x{301}e\x{301}e\x{301}e\x{301}e\x{301}e\x{301}e\x{301}e\x{301}e\x{301}e\x{301}e\x{301}e\x{301}e\x{301}e\x{301}e\x{301}e\x{301}e\x{301}e\x{301}"
          text run at (924,2560) width 0: " "
          text run at (0,2576) width 924: "e\x{301}e\x{301}e\x{301}e\x{301}e\x{301}e\x{301}e\x{301}e\x{301}e\x{301}e\x{301}e\x{301}e\x{301}e\x{301}e\x{301}e\x{301}e\x{301}e\x{301}e\x{301}e\x{301}e\x{301}e\x{301}e\x{301}e\x{301}e\x{301}e\x{301}e\x{301}e\x{301}e\x{301}e\x{301}e\x{301}e\x{301}e\x{301} e\x{301} e\x{301}e\x{301}e\x{301}e\x{301}e\x{301}e\x{301}e\x{301}e\x{301}e\x{301}e\x{301}e\x{301}e\x{301}e\x{301}e\x{301}e\x{301}e\x{301}e\x{301}e\x{301}e\x{301}e\x{301}e\x{301}e\x{301}e\x{301}e\x{301}e\x{301}e\x{301}e\x{301}e\x{301}e\x{301}e\x{301}e\x{301}e\x{301}e\x{301}e\x{301}e\x{301}e\x{301}e\x{301}e\x{301}e\x{301}e\x{301}e\x{301}e\x{301}e\x{301} e\x{301}e\x{301}e\x{301}e\x{301}e\x{301}e\x{301}e\x{301}e\x{301}e\x{301}e\x{301}e\x{301}e\x{301}e\x{301}e\x{301}e\x{301}e\x{301}e\x{301}e\x{301}e\x{301}e\x{301}e\x{301}e\x{301}e\x{301}e\x{301}e\x{301}e\x{301}e\x{301}e\x{301}e\x{301}e\x{301} e\x{301}e\x{301}e\x{301}e\x{301}e\x{301}e\x{301}e\x{301}e\x{301}e\x{301}e\x{301}e\x{301}e\x{301}e\x{301}e\x{301}e\x{301}e\x{301}e\x{301}e\x{301}e\x{301}e\x{301}e\x{301}e\x{301}"
          text run at (924,2576) width 0: " "
          text run at (0,2592) width 924: "e\x{301}e\x{301}e\x{301}e\x{301}e\x{301}e\x{301}e\x{301}e\x{301}e\x{301}e\x{301}e\x{301}e\x{301}e\x{301}e\x{301}e\x{301}e\x{301}e\x{301}e\x{301}e\x{301}e\x{301}e\x{301}e\x{301}e\x{301}e\x{301}e\x{301}e\x{301}e\x{301}e\x{301}e\x{301}e\x{301}e\x{301}e\x{301} e\x{301} e\x{301}e\x{301}e\x{301}e\x{301}e\x{301}e\x{301}e\x{301}e\x{301}e\x{301}e\x{301}e\x{301}e\x{301}e\x{301}e\x{301}e\x{301}e\x{301}e\x{301}e\x{301}e\x{301}e\x{301}e\x{301}e\x{301}e\x{301}e\x{301}e\x{301}e\x{301}e\x{301}e\x{301}e\x{301}e\x{301}e\x{301}e\x{301}e\x{301}e\x{301}e\x{301}e\x{301}e\x{301}e\x{301}e\x{301}e\x{301}e\x{301}e\x{301}e\x{301} e\x{301}e\x{301}e\x{301}e\x{301}e\x{301}e\x{301}e\x{301}e\x{301}e\x{301}e\x{301}e\x{301}e\x{301}e\x{301}e\x{301}e\x{301}e\x{301}e\x{301}e\x{301}e\x{301}e\x{301}e\x{301}e\x{301}e\x{301}e\x{301}e\x{301}e\x{301}e\x{301}e\x{301}e\x{301}e\x{301} e\x{301}e\x{301}e\x{301}e\x{301}e\x{301}e\x{301}e\x{301}e\x{301}e\x{301}e\x{301}e\x{301}e\x{301}e\x{301}e\x{301}e\x{301}e\x{301}e\x{301}e\x{301}e\x{301}e\x{301}e\x{301}e\x{301}"
          text run at (924,2592) width 0: " "
          text run at (0,2608) width 924: "e\x{301}e\x{301}e\x{301}e\x{301}e\x{301}e\x{301}e\x{301}e\x{301}e\x{301}e\x{301}e\x{301}e\x{301}e\x{301}e\x{301}e\x{301}e\x{301}e\x{301}e\x{301}e\x{301}e\x{301}e\x{301}e\x{301}e\x{301}e\x{301}e\x{301}e\x{301}e\x{301}e\x{301}e\x{301}e\x{301}e\x{301}e\x{301} e\x{301} e\x{301}e\x{301}e\x{301}e\x{301}e\x{301}e\x{301}e\x{301}e\x{301}e\x{301}e\x{301}e\x{301}e\x{301}e\x{301}e\x{301}e\x{301}e\x{301}e\x{301}e\x{301}e\x{301}e\x{301}e\x{301}e\x{301}e\x{301}e\x{301}e\x{301}e\x{301}e\x{301}e\x{301}e\x{301}e\x{301}e\x{301}e\x{301}e\x{301}e\x{301}e\x{301}e\x{301}e\x{301}e\x{301}e\x{301}e\x{301}e\x{301}e\x{301}e\x{301} e\x{301}e\x{301}e\x{301}e\x{301}e\x{301}e\x{301}e\x{301}e\x{301}e\x{301}e\x{301}e\x{301}e\x{301}e\x{301}e\x{301}e\x{301}e\x{301}e\x{301}e\x{301}e\x{301}e\x{301}e\x{301}e\x{301}e\x{301}e\x{301}e\x{301}e\x{301}e\x{301}e\x{301}e\x{301}e\x{301} e\x{301}e\x{301}e\x{301}e\x{301}e\x{301}e\x{301}e\x{301}e\x{301}e\x{301}e\x{301}e\x{301}e\x{301}e\x{301}e\x{301}e\x{301}e\x{301}e\x{301}e\x{301}e\x{301}e\x{301}e\x{301}e\x{301}"
          text run at (924,2608) width 0: " "
          text run at (0,2624) width 924: "e\x{301}e\x{301}e\x{301}e\x{301}e\x{301}e\x{301}e\x{301}e\x{301}e\x{301}e\x{301}e\x{301}e\x{301}e\x{301}e\x{301}e\x{301}e\x{301}e\x{301}e\x{301}e\x{301}e\x{301}e\x{301}e\x{301}e\x{301}e\x{301}e\x{301}e\x{301}e\x{301}e\x{301}e\x{301}e\x{301}e\x{301}e\x{301} e\x{301} e\x{301}e\x{301}e\x{301}e\x{301}e\x{301}e\x{301}e\x{301}e\x{301}e\x{301}e\x{301}e\x{301}e\x{301}e\x{301}e\x{301}e\x{301}e\x{301}e\x{301}e\x{301}e\x{301}e\x{301}e\x{301}e\x{301}e\x{301}e\x{301}e\x{301}e\x{301}e\x{301}e\x{301}e\x{301}e\x{301}e\x{301}e\x{301}e\x{301}e\x{301}e\x{301}e\x{301}e\x{301}e\x{301}e\x{301}e\x{301}e\x{301}e\x{301}e\x{301} e\x{301}e\x{301}e\x{301}e\x{301}e\x{301}e\x{301}e\x{301}e\x{301}e\x{301}e\x{301}e\x{301}e\x{301}e\x{301}e\x{301}e\x{301}e\x{301}e\x{301}e\x{301}e\x{301}e\x{301}e\x{301}e\x{301}e\x{301}e\x{301}e\x{301}e\x{301}e\x{301}e\x{301}e\x{301}e\x{301} e\x{301}e\x{301}e\x{301}e\x{301}e\x{301}e\x{301}e\x{301}e\x{301}e\x{301}e\x{301}e\x{301}e\x{301}e\x{301}e\x{301}e\x{301}e\x{301}e\x{301}e\x{301}e\x{301}e\x{301}e\x{301}e\x{301}"
          text run at (924,2624) width 0: " "
          text run at (0,2640) width 924: "e\x{301}e\x{301}e\x{301}e\x{301}e\x{301}e\x{301}e\x{301}e\x{301}e\x{301}e\x{301}e\x{301}e\x{301}e\x{301}e\x{301}e\x{301}e\x{301}e\x{301}e\x{301}e\x{301}e\x{301}e\x{301}e\x{301}e\x{301}e\x{301}e\x{301}e\x{301}e\x{301}e\x{301}e\x{301}e\x{301}e\x{301}e\x{301} e\x{301} e\x{301}e\x{301}e\x{301}e\x{301}e\x{301}e\x{301}e\x{301}e\x{301}e\x{301}e\x{301}e\x{301}e\x{301}e\x{301}e\x{301}e\x{301}e\x{301}e\x{301}e\x{301}e\x{301}e\x{301}e\x{301}e\x{301}e\x{301}e\x{301}e\x{301}e\x{301}e\x{301}e\x{301}e\x{301}e\x{301}e\x{301}e\x{301}e\x{301}e\x{301}e\x{301}e\x{301}e\x{301}e\x{301}e\x{301}e\x{301}e\x{301}e\x{301}e\x{301} e\x{301}e\x{301}e\x{301}e\x{301}e\x{301}e\x{301}e\x{301}e\x{301}e\x{301}e\x{301}e\x{301}e\x{301}e\x{301}e\x{301}e\x{301}e\x{301}e\x{301}e\x{301}e\x{301}e\x{301}e\x{301}e\x{301}e\x{301}e\x{301}e\x{301}e\x{301}e\x{301}e\x{301}e\x{301}e\x{301} e\x{301}e\x{301}e\x{301}e\x{301}e\x{301}e\x{301}e\x{301}e\x{301}e\x{301}e\x{301}e\x{301}e\x{301}e\x{301}e\x{301}e\x{301}e\x{301}e\x{301}e\x{301}e\x{301}e\x{301}e\x{301}e\x{301}"
          text run at (924,2640) width 0: " "
          text run at (0,2656) width 924: "e\x{301}e\x{301}e\x{301}e\x{301}e\x{301}e\x{301}e\x{301}e\x{301}e\x{301}e\x{301}e\x{301}e\x{301}e\x{301}e\x{301}e\x{301}e\x{301}e\x{301}e\x{301}e\x{301}e\x{301}e\x{301}e\x{301}e\x{301}e\x{301}e\x{301}e\x{301}e\x{301}e\x{301}e\x{301}e\x{301}e\x{301}e\x{301} e\x{301} e\x{301}e\x{301}e\x{301}e\x{301}e\x{301}e\x{301}e\x{301}e\x{301}e\x{301}e\x{301}e\x{301}e\x{301}e\x{301}e\x{301}e\x{301}e\x{301}e\x{301}e\x{301}e\x{301}e\x{301}e\x{301}e\x{301}e\x{301}e\x{301}e\x{301}e\x{301}e\x{301}e\x{301}e\x{301}e\x{301}e\x{301}e\x{301}e\x{301}e\x{301}e\x{301}e\x{301}e\x{301}e\x{301}e\x{301}e\x{301}e\x{301}e\x{301}e\x{301} e\x{301}e\x{301}e\x{301}e\x{301}e\x{301}e\x{301}e\x{301}e\x{301}e\x{301}e\x{301}e\x{301}e\x{301}e\x{301}e\x{301}e\x{301}e\x{301}e\x{301}e\x{301}e\x{301}e\x{301}e\x{301}e\x{301}e\x{301}e\x{301}e\x{301}e\x{301}e\x{301}e\x{301}e\x{301}e\x{301} e\x{301}e\x{301}e\x{301}e\x{301}e\x{301}e\x{301}e\x{301}e\x{301}e\x{301}e\x{301}e\x{301}e\x{301}e\x{301}e\x{301}e\x{301}e\x{301}e\x{301}e\x{301}e\x{301}e\x{301}e\x{301}e\x{301}"
          text run at (924,2656) width 0: " "
          text run at (0,2672) width 924: "e\x{301}e\x{301}e\x{301}e\x{301}e\x{301}e\x{301}e\x{301}e\x{301}e\x{301}e\x{301}e\x{301}e\x{301}e\x{301}e\x{301}e\x{301}e\x{301}e\x{301}e\x{301}e\x{301}e\x{301}e\x{301}e\x{301}e\x{301}e\x{301}e\x{301}e\x{301}e\x{301}e\x{301}e\x{301}e\x{301}e\x{301}e\x{301} e\x{301} e\x{301}e\x{301}e\x{301}e\x{301}e\x{301}e\x{301}e\x{301}e\x{301}e\x{301}e\x{301}e\x{301}e\x{301}e\x{301}e\x{301}e\x{301}e\x{301}e\x{301}e\x{301}e\x{301}e\x{301}e\x{301}e\x{301}e\x{301}e\x{301}e\x{301}e\x{301}e\x{301}e\x{301}e\x{301}e\x{301}e\x{301}e\x{301}e\x{301}e\x{301}e\x{301}e\x{301}e\x{301}e\x{301}e\x{301}e\x{301}e\x{301}e\x{301}e\x{301} e\x{301}e\x{301}e\x{301}e\x{301}e\x{301}e\x{301}e\x{301}e\x{301}e\x{301}e\x{301}e\x{301}e\x{301}e\x{301}e\x{301}e\x{301}e\x{301}e\x{301}e\x{301}e\x{301}e\x{301}e\x{301}e\x{301}e\x{301}e\x{301}e\x{301}e\x{301}e\x{301}e\x{301}e\x{301}e\x{301} e\x{301}e\x{301}e\x{301}e\x{301}e\x{301}e\x{301}e\x{301}e\x{301}e\x{301}e\x{301}e\x{301}e\x{301}e\x{301}e\x{301}e\x{301}e\x{301}e\x{301}e\x{301}e\x{301}e\x{301}e\x{301}e\x{301}"
          text run at (924,2672) width 0: " "
          text run at (0,2688) width 924: "e\x{301}e\x{301}e\x{301}e\x{301}e\x{301}e\x{301}e\x{301}e\x{301}e\x{301}e\x{301}e\x{301}e\x{301}e\x{301}e\x{301}e\x{301}e\x{301}e\x{301}e\x{301}e\x{301}e\x{301}e\x{301}e\x{301}e\x{301}e\x{301}e\x{301}e\x{301}e\x{301}e\x{301}e\x{301}e\x{301}e\x{301}e\x{301} e\x{301} e\x{301}e\x{301}e\x{301}e\x{301}e\x{301}e\x{301}e\x{301}e\x{301}e\x{301}e\x{301}e\x{301}e\x{301}e\x{301}e\x{301}e\x{301}e\x{301}e\x{301}e\x{301}e\x{301}e\x{301}e\x{301}e\x{301}e\x{301}e\x{301}e\x{301}e\x{301}e\x{301}e\x{301}e\x{301}e\x{301}e\x{301}e\x{301}e\x{301}e\x{301}e\x{301}e\x{301}e\x{301}e\x{301}e\x{301}e\x{301}e\x{301}e\x{301}e\x{301} e\x{301}e\x{301}e\x{301}e\x{301}e\x{301}e\x{301}e\x{301}e\x{301}e\x{301}e\x{301}e\x{301}e\x{301}e\x{301}e\x{301}e\x{301}e\x{301}e\x{301}e\x{301}e\x{301}e\x{301}e\x{301}e\x{301}e\x{301}e\x{301}e\x{301}e\x{301}e\x{301}e\x{301}e\x{301}e\x{301} e\x{301}e\x{301}e\x{301}e\x{301}e\x{301}e\x{301}e\x{301}e\x{301}e\x{301}e\x{301}e\x{301}e\x{301}e\x{301}e\x{301}e\x{301}e\x{301}e\x{301}e\x{301}e\x{301}e\x{301}e\x{301}e\x{301}"
          text run at (924,2688) width 0: " "
          text run at (0,2704) width 924: "e\x{301}e\x{301}e\x{301}e\x{301}e\x{301}e\x{301}e\x{301}e\x{301}e\x{301}e\x{301}e\x{301}e\x{301}e\x{301}e\x{301}e\x{301}e\x{301}e\x{301}e\x{301}e\x{301}e\x{301}e\x{301}e\x{301}e\x{301}e\x{301}e\x{301}e\x{301}e\x{301}e\x{301}e\x{301}e\x{301}e\x{301}e\x{301} e\x{301} e\x{301}e\x{301}e\x{301}e\x{301}e\x{301}e\x{301}e\x{301}e\x{301}e\x{301}e\x{301}e\x{301}e\x{301}e\x{301}e\x{301}e\x{301}e\x{301}e\x{301}e\x{301}e\x{301}e\x{301}e\x{301}e\x{301}e\x{301}e\x{301}e\x{301}e\x{301}e\x{301}e\x{301}e\x{301}e\x{301}e\x{301}e\x{301}e\x{301}e\x{301}e\x{301}e\x{301}e\x{301}e\x{301}e\x{301}e\x{301}e\x{301}e\x{301}e\x{301} e\x{301}e\x{301}e\x{301}e\x{301}e\x{301}e\x{301}e\x{301}e\x{301}e\x{301}e\x{301}e\x{301}e\x{301}e\x{301}e\x{301}e\x{301}e\x{301}e\x{301}e\x{301}e\x{301}e\x{301}e\x{301}e\x{301}e\x{301}e\x{301}e\x{301}e\x{301}e\x{301}e\x{301}e\x{301}e\x{301} e\x{301}e\x{301}e\x{301}e\x{301}e\x{301}e\x{301}e\x{301}e\x{301}e\x{301}e\x{301}e\x{301}e\x{301}e\x{301}e\x{301}e\x{301}e\x{301}e\x{301}e\x{301}e\x{301}e\x{301}e\x{301}e\x{301}"
          text run at (924,2704) width 0: " "
          text run at (0,2720) width 924: "e\x{301}e\x{301}e\x{301}e\x{301}e\x{301}e\x{301}e\x{301}e\x{301}e\x{301}e\x{301}e\x{301}e\x{301}e\x{301}e\x{301}e\x{301}e\x{301}e\x{301}e\x{301}e\x{301}e\x{301}e\x{301}e\x{301}e\x{301}e\x{301}e\x{301}e\x{301}e\x{301}e\x{301}e\x{301}e\x{301}e\x{301}e\x{301} e\x{301} e\x{301}e\x{301}e\x{301}e\x{301}e\x{301}e\x{301}e\x{301}e\x{301}e\x{301}e\x{301}e\x{301}e\x{301}e\x{301}e\x{301}e\x{301}e\x{301}e\x{301}e\x{301}e\x{301}e\x{301}e\x{301}e\x{301}e\x{301}e\x{301}e\x{301}e\x{301}e\x{301}e\x{301}e\x{301}e\x{301}e\x{301}e\x{301}e\x{301}e\x{301}e\x{301}e\x{301}e\x{301}e\x{301}e\x{301}e\x{301}e\x{301}e\x{301}e\x{301} e\x{301}e\x{301}e\x{301}e\x{301}e\x{301}e\x{301}e\x{301}e\x{301}e\x{301}e\x{301}e\x{301}e\x{301}e\x{301}e\x{301}e\x{301}e\x{301}e\x{301}e\x{301}e\x{301}e\x{301}e\x{301}e\x{301}e\x{301}e\x{301}e\x{301}e\x{301}e\x{301}e\x{301}e\x{301}e\x{301} e\x{301}e\x{301}e\x{301}e\x{301}e\x{301}e\x{301}e\x{301}e\x{301}e\x{301}e\x{301}e\x{301}e\x{301}e\x{301}e\x{301}e\x{301}e\x{301}e\x{301}e\x{301}e\x{301}e\x{301}e\x{301}e\x{301}"
          text run at (924,2720) width 0: " "
          text run at (0,2736) width 924: "e\x{301}e\x{301}e\x{301}e\x{301}e\x{301}e\x{301}e\x{301}e\x{301}e\x{301}e\x{301}e\x{301}e\x{301}e\x{301}e\x{301}e\x{301}e\x{301}e\x{301}e\x{301}e\x{301}e\x{301}e\x{301}e\x{301}e\x{301}e\x{301}e\x{301}e\x{301}e\x{301}e\x{301}e\x{301}e\x{301}e\x{301}e\x{301} e\x{301} e\x{301}e\x{301}e\x{301}e\x{301}e\x{301}e\x{301}e\x{301}e\x{301}e\x{301}e\x{301}e\x{301}e\x{301}e\x{301}e\x{301}e\x{301}e\x{301}e\x{301}e\x{301}e\x{301}e\x{301}e\x{301}e\x{301}e\x{301}e\x{301}e\x{301}e\x{301}e\x{301}e\x{301}e\x{301}e\x{301}e\x{301}e\x{301}e\x{301}e\x{301}e\x{301}e\x{301}e\x{301}e\x{301}e\x{301}e\x{301}e\x{301}e\x{301}e\x{301} e\x{301}e\x{301}e\x{301}e\x{301}e\x{301}e\x{301}e\x{301}e\x{301}e\x{301}e\x{301}e\x{301}e\x{301}e\x{301}e\x{301}e\x{301}e\x{301}e\x{301}e\x{301}e\x{301}e\x{301}e\x{301}e\x{301}e\x{301}e\x{301}e\x{301}e\x{301}e\x{301}e\x{301}e\x{301}e\x{301} e\x{301}e\x{301}e\x{301}e\x{301}e\x{301}e\x{301}e\x{301}e\x{301}e\x{301}e\x{301}e\x{301}e\x{301}e\x{301}e\x{301}e\x{301}e\x{301}e\x{301}e\x{301}e\x{301}e\x{301}e\x{301}e\x{301}"
          text run at (924,2736) width 0: " "
          text run at (0,2752) width 924: "e\x{301}e\x{301}e\x{301}e\x{301}e\x{301}e\x{301}e\x{301}e\x{301}e\x{301}e\x{301}e\x{301}e\x{301}e\x{301}e\x{301}e\x{301}e\x{301}e\x{301}e\x{301}e\x{301}e\x{301}e\x{301}e\x{301}e\x{301}e\x{301}e\x{301}e\x{301}e\x{301}e\x{301}e\x{301}e\x{301}e\x{301}e\x{301} e\x{301} e\x{301}e\x{301}e\x{301}e\x{301}e\x{301}e\x{301}e\x{301}e\x{301}e\x{301}e\x{301}e\x{301}e\x{301}e\x{301}e\x{301}e\x{301}e\x{301}e\x{301}e\x{301}e\x{301}e\x{301}e\x{301}e\x{301}e\x{301}e\x{301}e\x{301}e\x{301}e\x{301}e\x{301}e\x{301}e\x{301}e\x{301}e\x{301}e\x{301}e\x{301}e\x{301}e\x{301}e\x{301}e\x{301}e\x{301}e\x{301}e\x{301}e\x{301}e\x{301} e\x{301}e\x{301}e\x{301}e\x{301}e\x{301}e\x{301}e\x{301}e\x{301}e\x{301}e\x{301}e\x{301}e\x{301}e\x{301}e\x{301}e\x{301}e\x{301}e\x{301}e\x{301}e\x{301}e\x{301}e\x{301}e\x{301}e\x{301}e\x{301}e\x{301}e\x{301}e\x{301}e\x{301}e\x{301}e\x{301} e\x{301}e\x{301}e\x{301}e\x{301}e\x{301}e\x{301}e\x{301}e\x{301}e\x{301}e\x{301}e\x{301}e\x{301}e\x{301}e\x{301}e\x{301}e\x{301}e\x{301}e\x{301}e\x{301}e\x{301}e\x{301}e\x{301}"
          text run at (924,2752) width 0: " "
          text run at (0,2768) width 924: "e\x{301}e\x{301}e\x{301}e\x{301}e\x{301}e\x{301}e\x{301}e\x{301}e\x{301}e\x{301}e\x{301}e\x{301}e\x{301}e\x{301}e\x{301}e\x{301}e\x{301}e\x{301}e\x{301}e\x{301}e\x{301}e\x{301}e\x{301}e\x{301}e\x{301}e\x{301}e\x{301}e\x{301}e\x{301}e\x{301}e\x{301}e\x{301} e\x{301} e\x{301}e\x{301}e\x{301}e\x{301}e\x{301}e\x{301}e\x{301}e\x{301}e\x{301}e\x{301}e\x{301}e\x{301}e\x{301}e\x{301}e\x{301}e\x{301}e\x{301}e\x{301}e\x{301}e\x{301}e\x{301}e\x{301}e\x{301}e\x{301}e\x{301}e\x{301}e\x{301}e\x{301}e\x{301}e\x{301}e\x{301}e\x{301}e\x{301}e\x{301}e\x{301}e\x{301}e\x{301}e\x{301}e\x{301}e\x{301}e\x{301}e\x{301}e\x{301} e\x{301}e\x{301}e\x{301}e\x{301}e\x{301}e\x{301}e\x{301}e\x{301}e\x{301}e\x{301}e\x{301}e\x{301}e\x{301}e\x{301}e\x{301}e\x{301}e\x{301}e\x{301}e\x{301}e\x{301}e\x{301}e\x{301}e\x{301}e\x{301}e\x{301}e\x{301}e\x{301}e\x{301}e\x{301}e\x{301} e\x{301}e\x{301}e\x{301}e\x{301}e\x{301}e\x{301}e\x{301}e\x{301}e\x{301}e\x{301}e\x{301}e\x{301}e\x{301}e\x{301}e\x{301}e\x{301}e\x{301}e\x{301}e\x{301}e\x{301}e\x{301}e\x{301}"
          text run at (924,2768) width 0: " "
          text run at (0,2784) width 924: "e\x{301}e\x{301}e\x{301}e\x{301}e\x{301}e\x{301}e\x{301}e\x{301}e\x{301}e\x{301}e\x{301}e\x{301}e\x{301}e\x{301}e\x{301}e\x{301}e\x{301}e\x{301}e\x{301}e\x{301}e\x{301}e\x{301}e\x{301}e\x{301}e\x{301}e\x{301}e\x{301}e\x{301}e\x{301}e\x{301}e\x{301}e\x{301} e\x{301} e\x{301}e\x{301}e\x{301}e\x{301}e\x{301}e\x{301}e\x{301}e\x{301}e\x{301}e\x{301}e\x{301}e\x{301}e\x{301}e\x{301}e\x{301}e\x{301}e\x{301}e\x{301}e\x{301}e\x{301}e\x{301}e\x{301}e\x{301}e\x{301}e\x{301}e\x{301}e\x{301}e\x{301}e\x{301}e\x{301}e\x{301}e\x{301}e\x{301}e\x{301}e\x{301}e\x{301}e\x{301}e\x{301}e\x{301}e\x{301}e\x{301}e\x{301}e\x{301} e\x{301}e\x{301}e\x{301}e\x{301}e\x{301}e\x{301}e\x{301}e\x{301}e\x{301}e\x{301}e\x{301}e\x{301}e\x{301}e\x{301}e\x{301}e\x{301}e\x{301}e\x{301}e\x{301}e\x{301}e\x{301}e\x{301}e\x{301}e\x{301}e\x{301}e\x{301}e\x{301}e\x{301}e\x{301}e\x{301} e\x{301}e\x{301}e\x{301}e\x{301}e\x{301}e\x{301}e\x{301}e\x{301}e\x{301}e\x{301}e\x{301}e\x{301}e\x{301}e\x{301}e\x{301}e\x{301}e\x{301}e\x{301}e\x{301}e\x{301}e\x{301}e\x{301}"
          text run at (924,2784) width 0: " "
          text run at (0,2800) width 924: "e\x{301}e\x{301}e\x{301}e\x{301}e\x{301}e\x{301}e\x{301}e\x{301}e\x{301}e\x{301}e\x{301}e\x{301}e\x{301}e\x{301}e\x{301}e\x{301}e\x{301}e\x{301}e\x{301}e\x{301}e\x{301}e\x{301}e\x{301}e\x{301}e\x{301}e\x{301}e\x{301}e\x{301}e\x{301}e\x{301}e\x{301}e\x{301} e\x{301} e\x{301}e\x{301}e\x{301}e\x{301}e\x{301}e\x{301}e\x{301}e\x{301}e\x{301}e\x{301}e\x{301}e\x{301}e\x{301}e\x{301}e\x{301}e\x{301}e\x{301}e\x{301}e\x{301}e\x{301}e\x{301}e\x{301}e\x{301}e\x{301}e\x{301}e\x{301}e\x{301}e\x{301}e\x{301}e\x{301}e\x{301}e\x{301}e\x{301}e\x{301}e\x{301}e\x{301}e\x{301}e\x{301}e\x{301}e\x{301}e\x{301}e\x{301}e\x{301} e\x{301}e\x{301}e\x{301}e\x{301}e\x{301}e\x{301}e\x{301}e\x{301}e\x{301}e\x{301}e\x{301}e\x{301}e\x{301}e\x{301}e\x{301}e\x{301}e\x{301}e\x{301}e\x{301}e\x{301}e\x{301}e\x{301}e\x{301}e\x{301}e\x{301}e\x{301}e\x{301}e\x{301}e\x{301}e\x{301} e\x{301}e\x{301}e\x{301}e\x{301}e\x{301}e\x{301}e\x{301}e\x{301}e\x{301}e\x{301}e\x{301}e\x{301}e\x{301}e\x{301}e\x{301}e\x{301}e\x{301}e\x{301}e\x{301}e\x{301}e\x{301}e\x{301}"
          text run at (924,2800) width 0: " "
          text run at (0,2816) width 924: "e\x{301}e\x{301}e\x{301}e\x{301}e\x{301}e\x{301}e\x{301}e\x{301}e\x{301}e\x{301}e\x{301}e\x{301}e\x{301}e\x{301}e\x{301}e\x{301}e\x{301}e\x{301}e\x{301}e\x{301}e\x{301}e\x{301}e\x{301}e\x{301}e\x{301}e\x{301}e\x{301}e\x{301}e\x{301}e\x{301}e\x{301}e\x{301} e\x{301} e\x{301}e\x{301}e\x{301}e\x{301}e\x{301}e\x{301}e\x{301}e\x{301}e\x{301}e\x{301}e\x{301}e\x{301}e\x{301}e\x{301}e\x{301}e\x{301}e\x{301}e\x{301}e\x{301}e\x{301}e\x{301}e\x{301}e\x{301}e\x{301}e\x{301}e\x{301}e\x{301}e\x{301}e\x{301}e\x{301}e\x{301}e\x{301}e\x{301}e\x{301}e\x{301}e\x{301}e\x{301}e\x{301}e\x{301}e\x{301}e\x{301}e\x{301}e\x{301} e\x{301}e\x{301}e\x{301}e\x{301}e\x{301}e\x{301}e\x{301}e\x{301}e\x{301}e\x{301}e\x{301}e\x{301}e\x{301}e\x{301}e\x{301}e\x{301}e\x{301}e\x{301}e\x{301}e\x{301}e\x{301}e\x{301}e\x{301}e\x{301}e\x{301}e\x{301}e\x{301}e\x{301}e\x{301}e\x{301} e\x{301}e\x{301}e\x{301}e\x{301}e\x{301}e\x{301}e\x{301}e\x{301}e\x{301}e\x{301}e\x{301}e\x{301}e\x{301}e\x{301}e\x{301}e\x{301}e\x{301}e\x{301}e\x{301}e\x{301}e\x{301}e\x{301}"
          text run at (924,2816) width 0: " "
          text run at (0,2832) width 924: "e\x{301}e\x{301}e\x{301}e\x{301}e\x{301}e\x{301}e\x{301}e\x{301}e\x{301}e\x{301}e\x{301}e\x{301}e\x{301}e\x{301}e\x{301}e\x{301}e\x{301}e\x{301}e\x{301}e\x{301}e\x{301}e\x{301}e\x{301}e\x{301}e\x{301}e\x{301}e\x{301}e\x{301}e\x{301}e\x{301}e\x{301}e\x{301} e\x{301} e\x{301}e\x{301}e\x{301}e\x{301}e\x{301}e\x{301}e\x{301}e\x{301}e\x{301}e\x{301}e\x{301}e\x{301}e\x{301}e\x{301}e\x{301}e\x{301}e\x{301}e\x{301}e\x{301}e\x{301}e\x{301}e\x{301}e\x{301}e\x{301}e\x{301}e\x{301}e\x{301}e\x{301}e\x{301}e\x{301}e\x{301}e\x{301}e\x{301}e\x{301}e\x{301}e\x{301}e\x{301}e\x{301}e\x{301}e\x{301}e\x{301}e\x{301}e\x{301} e\x{301}e\x{301}e\x{301}e\x{301}e\x{301}e\x{301}e\x{301}e\x{301}e\x{301}e\x{301}e\x{301}e\x{301}e\x{301}e\x{301}e\x{301}e\x{301}e\x{301}e\x{301}e\x{301}e\x{301}e\x{301}e\x{301}e\x{301}e\x{301}e\x{301}e\x{301}e\x{301}e\x{301}e\x{301}e\x{301} e\x{301}e\x{301}e\x{301}e\x{301}e\x{301}e\x{301}e\x{301}e\x{301}e\x{301}e\x{301}e\x{301}e\x{301}e\x{301}e\x{301}e\x{301}e\x{301}e\x{301}e\x{301}e\x{301}e\x{301}e\x{301}e\x{301}"
          text run at (924,2832) width 0: " "
          text run at (0,2848) width 924: "e\x{301}e\x{301}e\x{301}e\x{301}e\x{301}e\x{301}e\x{301}e\x{301}e\x{301}e\x{301}e\x{301}e\x{301}e\x{301}e\x{301}e\x{301}e\x{301}e\x{301}e\x{301}e\x{301}e\x{301}e\x{301}e\x{301}e\x{301}e\x{301}e\x{301}e\x{301}e\x{301}e\x{301}e\x{301}e\x{301}e\x{301}e\x{301} e\x{301} e\x{301}e\x{301}e\x{301}e\x{301}e\x{301}e\x{301}e\x{301}e\x{301}e\x{301}e\x{301}e\x{301}e\x{301}e\x{301}e\x{301}e\x{301}e\x{301}e\x{301}e\x{301}e\x{301}e\x{301}e\x{301}e\x{301}e\x{301}e\x{301}e\x{301}e\x{301}e\x{301}e\x{301}e\x{301}e\x{301}e\x{301}e\x{301}e\x{301}e\x{301}e\x{301}e\x{301}e\x{301}e\x{301}e\x{301}e\x{301}e\x{301}e\x{301}e\x{301} e\x{301}e\x{301}e\x{301}e\x{301}e\x{301}e\x{301}e\x{301}e\x{301}e\x{301}e\x{301}e\x{301}e\x{301}e\x{301}e\x{301}e\x{301}e\x{301}e\x{301}e\x{301}e\x{301}e\x{301}e\x{301}e\x{301}e\x{301}e\x{301}e\x{301}e\x{301}e\x{301}e\x{301}e\x{301}e\x{301} e\x{301}e\x{301}e\x{301}e\x{301}e\x{301}e\x{301}e\x{301}e\x{301}e\x{301}e\x{301}e\x{301}e\x{301}e\x{301}e\x{301}e\x{301}e\x{301}e\x{301}e\x{301}e\x{301}e\x{301}e\x{301}e\x{301}"
          text run at (924,2848) width 0: " "
          text run at (0,2864) width 924: "e\x{301}e\x{301}e\x{301}e\x{301}e\x{301}e\x{301}e\x{301}e\x{301}e\x{301}e\x{301}e\x{301}e\x{301}e\x{301}e\x{301}e\x{301}e\x{301}e\x{301}e\x{301}e\x{301}e\x{301}e\x{301}e\x{301}e\x{301}e\x{301}e\x{301}e\x{301}e\x{301}e\x{301}e\x{301}e\x{301}e\x{301}e\x{301} e\x{301} e\x{301}e\x{301}e\x{301}e\x{301}e\x{301}e\x{301}e\x{301}e\x{301}e\x{301}e\x{301}e\x{301}e\x{301}e\x{301}e\x{301}e\x{301}e\x{301}e\x{301}e\x{301}e\x{301}e\x{301}e\x{301}e\x{301}e\x{301}e\x{301}e\x{301}e\x{301}e\x{301}e\x{301}e\x{301}e\x{301}e\x{301}e\x{301}e\x{301}e\x{301}e\x{301}e\x{301}e\x{301}e\x{301}e\x{301}e\x{301}e\x{301}e\x{301}e\x{301} e\x{301}e\x{301}e\x{301}e\x{301}e\x{301}e\x{301}e\x{301}e\x{301}e\x{301}e\x{301}e\x{301}e\x{301}e\x{301}e\x{301}e\x{301}e\x{301}e\x{301}e\x{301}e\x{301}e\x{301}e\x{301}e\x{301}e\x{301}e\x{301}e\x{301}e\x{301}e\x{301}e\x{301}e\x{301}e\x{301} e\x{301}e\x{301}e\x{301}e\x{301}e\x{301}e\x{301}e\x{301}e\x{301}e\x{301}e\x{301}e\x{301}e\x{301}e\x{301}e\x{301}e\x{301}e\x{301}e\x{301}e\x{301}e\x{301}e\x{301}e\x{301}e\x{301}"
          text run at (924,2864) width 0: " "
          text run at (0,2880) width 924: "e\x{301}e\x{301}e\x{301}e\x{301}e\x{301}e\x{301}e\x{301}e\x{301}e\x{301}e\x{301}e\x{301}e\x{301}e\x{301}e\x{301}e\x{301}e\x{301}e\x{301}e\x{301}e\x{301}e\x{301}e\x{301}e\x{301}e\x{301}e\x{301}e\x{301}e\x{301}e\x{301}e\x{301}e\x{301}e\x{301}e\x{301}e\x{301} e\x{301} e\x{301}e\x{301}e\x{301}e\x{301}e\x{301}e\x{301}e\x{301}e\x{301}e\x{301}e\x{301}e\x{301}e\x{301}e\x{301}e\x{301}e\x{301}e\x{301}e\x{301}e\x{301}e\x{301}e\x{301}e\x{301}e\x{301}e\x{301}e\x{301}e\x{301}e\x{301}e\x{301}e\x{301}e\x{301}e\x{301}e\x{301}e\x{301}e\x{301}e\x{301}e\x{301}e\x{301}e\x{301}e\x{301}e\x{301}e\x{301}e\x{301}e\x{301}e\x{301} e\x{301}e\x{301}e\x{301}e\x{301}e\x{301}e\x{301}e\x{301}e\x{301}e\x{301}e\x{301}e\x{301}e\x{301}e\x{301}e\x{301}e\x{301}e\x{301}e\x{301}e\x{301}e\x{301}e\x{301}e\x{301}e\x{301}e\x{301}e\x{301}e\x{301}e\x{301}e\x{301}e\x{301}e\x{301}e\x{301} e\x{301}e\x{301}e\x{301}e\x{301}e\x{301}e\x{301}e\x{301}e\x{301}e\x{301}e\x{301}e\x{301}e\x{301}e\x{301}e\x{301}e\x{301}e\x{301}e\x{301}e\x{301}e\x{301}e\x{301}e\x{301}e\x{301}"
          text run at (924,2880) width 0: " "
          text run at (0,2896) width 924: "e\x{301}e\x{301}e\x{301}e\x{301}e\x{301}e\x{301}e\x{301}e\x{301}e\x{301}e\x{301}e\x{301}e\x{301}e\x{301}e\x{301}e\x{301}e\x{301}e\x{301}e\x{301}e\x{301}e\x{301}e\x{301}e\x{301}e\x{301}e\x{301}e\x{301}e\x{301}e\x{301}e\x{301}e\x{301}e\x{301}e\x{301}e\x{301} e\x{301} e\x{301}e\x{301}e\x{301}e\x{301}e\x{301}e\x{301}e\x{301}e\x{301}e\x{301}e\x{301}e\x{301}e\x{301}e\x{301}e\x{301}e\x{301}e\x{301}e\x{301}e\x{301}e\x{301}e\x{301}e\x{301}e\x{301}e\x{301}e\x{301}e\x{301}e\x{301}e\x{301}e\x{301}e\x{301}e\x{301}e\x{301}e\x{301}e\x{301}e\x{301}e\x{301}e\x{301}e\x{301}e\x{301}e\x{301}e\x{301}e\x{301}e\x{301}e\x{301} e\x{301}e\x{301}e\x{301}e\x{301}e\x{301}e\x{301}e\x{301}e\x{301}e\x{301}e\x{301}e\x{301}e\x{301}e\x{301}e\x{301}e\x{301}e\x{301}e\x{301}e\x{301}e\x{301}e\x{301}e\x{301}e\x{301}e\x{301}e\x{301}e\x{301}e\x{301}e\x{301}e\x{301}e\x{301}e\x{301} e\x{301}e\x{301}e\x{301}e\x{301}e\x{301}e\x{301}e\x{301}e\x{301}e\x{301}e\x{301}e\x{301}e\x{301}e\x{301}e\x{301}e\x{301}e\x{301}e\x{301}e\x{301}e\x{301}e\x{301}e\x{301}e\x{301}"
          text run at (924,2896) width 0: " "
          text run at (0,2912) width 924: "e\x{301}e\x{301}e\x{301}e\x{301}e\x{301}e\x{301}e\x{301}e\x{301}e\x{301}e\x{301}e\x{301}e\x{301}e\x{301}e\x{301}e\x{301}e\x{301}e\x{301}e\x{301}e\x{301}e\x{301}e\x{301}e\x{301}e\x{301}e\x{301}e\x{301}e\x{301}e\x{301}e\x{301}e\x{301}e\x{301}e\x{301}e\x{301} e\x{301} e\x{301}e\x{301}e\x{301}e\x{301}e\x{301}e\x{301}e\x{301}e\x{301}e\x{301}e\x{301}e\x{301}e\x{301}e\x{301}e\x{301}e\x{301}e\x{301}e\x{301}e\x{301}e\x{301}e\x{301}e\x{301}e\x{301}e\x{301}e\x{301}e\x{301}e\x{301}e\x{301}e\x{301}e\x{301}e\x{301}e\x{301}e\x{301}e\x{301}e\x{301}e\x{301}e\x{301}e\x{301}e\x{301}e\x{301}e\x{301}e\x{301}e\x{301}e\x{301} e\x{301}e\x{301}e\x{301}e\x{301}e\x{301}e\x{301}e\x{301}e\x{301}e\x{301}e\x{301}e\x{301}e\x{301}e\x{301}e\x{301}e\x{301}e\x{301}e\x{301}e\x{301}e\x{301}e\x{301}e\x{301}e\x{301}e\x{301}e\x{301}e\x{301}e\x{301}e\x{301}e\x{301}e\x{301}e\x{301} e\x{301}e\x{301}e\x{301}e\x{301}e\x{301}e\x{301}e\x{301}e\x{301}e\x{301}e\x{301}e\x{301}e\x{301}e\x{301}e\x{301}e\x{301}e\x{301}e\x{301}e\x{301}e\x{301}e\x{301}e\x{301}e\x{301}"
          text run at (924,2912) width 0: " "
          text run at (0,2928) width 924: "e\x{301}e\x{301}e\x{301}e\x{301}e\x{301}e\x{301}e\x{301}e\x{301}e\x{301}e\x{301}e\x{301}e\x{301}e\x{301}e\x{301}e\x{301}e\x{301}e\x{301}e\x{301}e\x{301}e\x{301}e\x{301}e\x{301}e\x{301}e\x{301}e\x{301}e\x{301}e\x{301}e\x{301}e\x{301}e\x{301}e\x{301}e\x{301} e\x{301} e\x{301}e\x{301}e\x{301}e\x{301}e\x{301}e\x{301}e\x{301}e\x{301}e\x{301}e\x{301}e\x{301}e\x{301}e\x{301}e\x{301}e\x{301}e\x{301}e\x{301}e\x{301}e\x{301}e\x{301}e\x{301}e\x{301}e\x{301}e\x{301}e\x{301}e\x{301}e\x{301}e\x{301}e\x{301}e\x{301}e\x{301}e\x{301}e\x{301}e\x{301}e\x{301}e\x{301}e\x{301}e\x{301}e\x{301}e\x{301}e\x{301}e\x{301}e\x{301} e\x{301}e\x{301}e\x{301}e\x{301}e\x{301}e\x{301}e\x{301}e\x{301}e\x{301}e\x{301}e\x{301}e\x{301}e\x{301}e\x{301}e\x{301}e\x{301}e\x{301}e\x{301}e\x{301}e\x{301}e\x{301}e\x{301}e\x{301}e\x{301}e\x{301}e\x{301}e\x{301}e\x{301}e\x{301}e\x{301} e\x{301}e\x{301}e\x{301}e\x{301}e\x{301}e\x{301}e\x{301}e\x{301}e\x{301}e\x{301}e\x{301}e\x{301}e\x{301}e\x{301}e\x{301}e\x{301}e\x{301}e\x{301}e\x{301}e\x{301}e\x{301}e\x{301}"
          text run at (924,2928) width 0: " "
          text run at (0,2944) width 924: "e\x{301}e\x{301}e\x{301}e\x{301}e\x{301}e\x{301}e\x{301}e\x{301}e\x{301}e\x{301}e\x{301}e\x{301}e\x{301}e\x{301}e\x{301}e\x{301}e\x{301}e\x{301}e\x{301}e\x{301}e\x{301}e\x{301}e\x{301}e\x{301}e\x{301}e\x{301}e\x{301}e\x{301}e\x{301}e\x{301}e\x{301}e\x{301} e\x{301} e\x{301}e\x{301}e\x{301}e\x{301}e\x{301}e\x{301}e\x{301}e\x{301}e\x{301}e\x{301}e\x{301}e\x{301}e\x{301}e\x{301}e\x{301}e\x{301}e\x{301}e\x{301}e\x{301}e\x{301}e\x{301}e\x{301}e\x{301}e\x{301}e\x{301}e\x{301}e\x{301}e\x{301}e\x{301}e\x{301}e\x{301}e\x{301}e\x{301}e\x{301}e\x{301}e\x{301}e\x{301}e\x{301}e\x{301}e\x{301}e\x{301}e\x{301}e\x{301} e\x{301}e\x{301}e\x{301}e\x{301}e\x{301}e\x{301}e\x{301}e\x{301}e\x{301}e\x{301}e\x{301}e\x{301}e\x{301}e\x{301}e\x{301}e\x{301}e\x{301}e\x{301}e\x{301}e\x{301}e\x{301}e\x{301}e\x{301}e\x{301}e\x{301}e\x{301}e\x{301}e\x{301}e\x{301}e\x{301} e\x{301}e\x{301}e\x{301}e\x{301}e\x{301}e\x{301}e\x{301}e\x{301}e\x{301}e\x{301}e\x{301}e\x{301}e\x{301}e\x{301}e\x{301}e\x{301}e\x{301}e\x{301}e\x{301}e\x{301}e\x{301}e\x{301}"
          text run at (924,2944) width 0: " "
          text run at (0,2960) width 924: "e\x{301}e\x{301}e\x{301}e\x{301}e\x{301}e\x{301}e\x{301}e\x{301}e\x{301}e\x{301}e\x{301}e\x{301}e\x{301}e\x{301}e\x{301}e\x{301}e\x{301}e\x{301}e\x{301}e\x{301}e\x{301}e\x{301}e\x{301}e\x{301}e\x{301}e\x{301}e\x{301}e\x{301}e\x{301}e\x{301}e\x{301}e\x{301} e\x{301} e\x{301}e\x{301}e\x{301}e\x{301}e\x{301}e\x{301}e\x{301}e\x{301}e\x{301}e\x{301}e\x{301}e\x{301}e\x{301}e\x{301}e\x{301}e\x{301}e\x{301}e\x{301}e\x{301}e\x{301}e\x{301}e\x{301}e\x{301}e\x{301}e\x{301}e\x{301}e\x{301}e\x{301}e\x{301}e\x{301}e\x{301}e\x{301}e\x{301}e\x{301}e\x{301}e\x{301}e\x{301}e\x{301}e\x{301}e\x{301}e\x{301}e\x{301}e\x{301} e\x{301}e\x{301}e\x{301}e\x{301}e\x{301}e\x{301}e\x{301}e\x{301}e\x{301}e\x{301}e\x{301}e\x{301}e\x{301}e\x{301}e\x{301}e\x{301}e\x{301}e\x{301}e\x{301}e\x{301}e\x{301}e\x{301}e\x{301}e\x{301}e\x{301}e\x{301}e\x{301}e\x{301}e\x{301}e\x{301} e\x{301}e\x{301}e\x{301}e\x{301}e\x{301}e\x{301}e\x{301}e\x{301}e\x{301}e\x{301}e\x{301}e\x{301}e\x{301}e\x{301}e\x{301}e\x{301}e\x{301}e\x{301}e\x{301}e\x{301}e\x{301}e\x{301}"
          text run at (924,2960) width 0: " "
          text run at (0,2976) width 924: "e\x{301}e\x{301}e\x{301}e\x{301}e\x{301}e\x{301}e\x{301}e\x{301}e\x{301}e\x{301}e\x{301}e\x{301}e\x{301}e\x{301}e\x{301}e\x{301}e\x{301}e\x{301}e\x{301}e\x{301}e\x{301}e\x{301}e\x{301}e\x{301}e\x{301}e\x{301}e\x{301}e\x{301}e\x{301}e\x{301}e\x{301}e\x{301} e\x{301} e\x{301}e\x{301}e\x{301}e\x{301}e\x{301}e\x{301}e\x{301}e\x{301}e\x{301}e\x{301}e\x{301}e\x{301}e\x{301}e\x{301}e\x{301}e\x{301}e\x{301}e\x{301}e\x{301}e\x{301}e\x{301}e\x{301}e\x{301}e\x{301}e\x{301}e\x{301}e\x{301}e\x{301}e\x{301}e\x{301}e\x{301}e\x{301}e\x{301}e\x{301}e\x{301}e\x{301}e\x{301}e\x{301}e\x{301}e\x{301}e\x{301}e\x{301}e\x{301} e\x{301}e\x{301}e\x{301}e\x{301}e\x{301}e\x{301}e\x{301}e\x{301}e\x{301}e\x{301}e\x{301}e\x{301}e\x{301}e\x{301}e\x{301}e\x{301}e\x{301}e\x{301}e\x{301}e\x{301}e\x{301}e\x{301}e\x{301}e\x{301}e\x{301}e\x{301}e\x{301}e\x{301}e\x{301}e\x{301} e\x{301}e\x{301}e\x{301}e\x{301}e\x{301}e\x{301}e\x{301}e\x{301}e\x{301}e\x{301}e\x{301}e\x{301}e\x{301}e\x{301}e\x{301}e\x{301}e\x{301}e\x{301}e\x{301}e\x{301}e\x{301}e\x{301}"
          text run at (924,2976) width 0: " "
          text run at (0,2992) width 924: "e\x{301}e\x{301}e\x{301}e\x{301}e\x{301}e\x{301}e\x{301}e\x{301}e\x{301}e\x{301}e\x{301}e\x{301}e\x{301}e\x{301}e\x{301}e\x{301}e\x{301}e\x{301}e\x{301}e\x{301}e\x{301}e\x{301}e\x{301}e\x{301}e\x{301}e\x{301}e\x{301}e\x{301}e\x{301}e\x{301}e\x{301}e\x{301} e\x{301} e\x{301}e\x{301}e\x{301}e\x{301}e\x{301}e\x{301}e\x{301}e\x{301}e\x{301}e\x{301}e\x{301}e\x{301}e\x{301}e\x{301}e\x{301}e\x{301}e\x{301}e\x{301}e\x{301}e\x{301}e\x{301}e\x{301}e\x{301}e\x{301}e\x{301}e\x{301}e\x{301}e\x{301}e\x{301}e\x{301}e\x{301}e\x{301}e\x{301}e\x{301}e\x{301}e\x{301}e\x{301}e\x{301}e\x{301}e\x{301}e\x{301}e\x{301}e\x{301} e\x{301}e\x{301}e\x{301}e\x{301}e\x{301}e\x{301}e\x{301}e\x{301}e\x{301}e\x{301}e\x{301}e\x{301}e\x{301}e\x{301}e\x{301}e\x{301}e\x{301}e\x{301}e\x{301}e\x{301}e\x{301}e\x{301}e\x{301}e\x{301}e\x{301}e\x{301}e\x{301}e\x{301}e\x{301}e\x{301} e\x{301}e\x{301}e\x{301}e\x{301}e\x{301}e\x{301}e\x{301}e\x{301}e\x{301}e\x{301}e\x{301}e\x{301}e\x{301}e\x{301}e\x{301}e\x{301}e\x{301}e\x{301}e\x{301}e\x{301}e\x{301}e\x{301}"
          text run at (924,2992) width 0: " "
          text run at (0,3008) width 924: "e\x{301}e\x{301}e\x{301}e\x{301}e\x{301}e\x{301}e\x{301}e\x{301}e\x{301}e\x{301}e\x{301}e\x{301}e\x{301}e\x{301}e\x{301}e\x{301}e\x{301}e\x{301}e\x{301}e\x{301}e\x{301}e\x{301}e\x{301}e\x{301}e\x{301}e\x{301}e\x{301}e\x{301}e\x{301}e\x{301}e\x{301}e\x{301} e\x{301} e\x{301}e\x{301}e\x{301}e\x{301}e\x{301}e\x{301}e\x{301}e\x{301}e\x{301}e\x{301}e\x{301}e\x{301}e\x{301}e\x{301}e\x{301}e\x{301}e\x{301}e\x{301}e\x{301}e\x{301}e\x{301}e\x{301}e\x{301}e\x{301}e\x{301}e\x{301}e\x{301}e\x{301}e\x{301}e\x{301}e\x{301}e\x{301}e\x{301}e\x{301}e\x{301}e\x{301}e\x{301}e\x{301}e\x{301}e\x{301}e\x{301}e\x{301}e\x{301} e\x{301}e\x{301}e\x{301}e\x{301}e\x{301}e\x{301}e\x{301}e\x{301}e\x{301}e\x{301}e\x{301}e\x{301}e\x{301}e\x{301}e\x{301}e\x{301}e\x{301}e\x{301}e\x{301}e\x{301}e\x{301}e\x{301}e\x{301}e\x{301}e\x{301}e\x{301}e\x{301}e\x{301}e\x{301}e\x{301} e\x{301}e\x{301}e\x{301}e\x{301}e\x{301}e\x{301}e\x{301}e\x{301}e\x{301}e\x{301}e\x{301}e\x{301}e\x{301}e\x{301}e\x{301}e\x{301}e\x{301}e\x{301}e\x{301}e\x{301}e\x{301}e\x{301}"
          text run at (924,3008) width 0: " "
          text run at (0,3024) width 924: "e\x{301}e\x{301}e\x{301}e\x{301}e\x{301}e\x{301}e\x{301}e\x{301}e\x{301}e\x{301}e\x{301}e\x{301}e\x{301}e\x{301}e\x{301}e\x{301}e\x{301}e\x{301}e\x{301}e\x{301}e\x{301}e\x{301}e\x{301}e\x{301}e\x{301}e\x{301}e\x{301}e\x{301}e\x{301}e\x{301}e\x{301}e\x{301} e\x{301} e\x{301}e\x{301}e\x{301}e\x{301}e\x{301}e\x{301}e\x{301}e\x{301}e\x{301}e\x{301}e\x{301}e\x{301}e\x{301}e\x{301}e\x{301}e\x{301}e\x{301}e\x{301}e\x{301}e\x{301}e\x{301}e\x{301}e\x{301}e\x{301}e\x{301}e\x{301}e\x{301}e\x{301}e\x{301}e\x{301}e\x{301}e\x{301}e\x{301}e\x{301}e\x{301}e\x{301}e\x{301}e\x{301}e\x{301}e\x{301}e\x{301}e\x{301}e\x{301} e\x{301}e\x{301}e\x{301}e\x{301}e\x{301}e\x{301}e\x{301}e\x{301}e\x{301}e\x{301}e\x{301}e\x{301}e\x{301}e\x{301}e\x{301}e\x{301}e\x{301}e\x{301}e\x{301}e\x{301}e\x{301}e\x{301}e\x{301}e\x{301}e\x{301}e\x{301}e\x{301}e\x{301}e\x{301}e\x{301} e\x{301}e\x{301}e\x{301}e\x{301}e\x{301}e\x{301}e\x{301}e\x{301}e\x{301}e\x{301}e\x{301}e\x{301}e\x{301}e\x{301}e\x{301}e\x{301}e\x{301}e\x{301}e\x{301}e\x{301}e\x{301}e\x{301}"
          text run at (924,3024) width 0: " "
          text run at (0,3040) width 924: "e\x{301}e\x{301}e\x{301}e\x{301}e\x{301}e\x{301}e\x{301}e\x{301}e\x{301}e\x{301}e\x{301}e\x{301}e\x{301}e\x{301}e\x{301}e\x{301}e\x{301}e\x{301}e\x{301}e\x{301}e\x{301}e\x{301}e\x{301}e\x{301}e\x{301}e\x{301}e\x{301}e\x{301}e\x{301}e\x{301}e\x{301}e\x{301} e\x{301} e\x{301}e\x{301}e\x{301}e\x{301}e\x{301}e\x{301}e\x{301}e\x{301}e\x{301}e\x{301}e\x{301}e\x{301}e\x{301}e\x{301}e\x{301}e\x{301}e\x{301}e\x{301}e\x{301}e\x{301}e\x{301}e\x{301}e\x{301}e\x{301}e\x{301}e\x{301}e\x{301}e\x{301}e\x{301}e\x{301}e\x{301}e\x{301}e\x{301}e\x{301}e\x{301}e\x{301}e\x{301}e\x{301}e\x{301}e\x{301}e\x{301}e\x{301}e\x{301} e\x{301}e\x{301}e\x{301}e\x{301}e\x{301}e\x{301}e\x{301}e\x{301}e\x{301}e\x{301}e\x{301}e\x{301}e\x{301}e\x{301}e\x{301}e\x{301}e\x{301}e\x{301}e\x{301}e\x{301}e\x{301}e\x{301}e\x{301}e\x{301}e\x{301}e\x{301}e\x{301}e\x{301}e\x{301}e\x{301} e\x{301}e\x{301}e\x{301}e\x{301}e\x{301}e\x{301}e\x{301}e\x{301}e\x{301}e\x{301}e\x{301}e\x{301}e\x{301}e\x{301}e\x{301}e\x{301}e\x{301}e\x{301}e\x{301}e\x{301}e\x{301}e\x{301}"
          text run at (924,3040) width 0: " "
          text run at (0,3056) width 924: "e\x{301}e\x{301}e\x{301}e\x{301}e\x{301}e\x{301}e\x{301}e\x{301}e\x{301}e\x{301}e\x{301}e\x{301}e\x{301}e\x{301}e\x{301}e\x{301}e\x{301}e\x{301}e\x{301}e\x{301}e\x{301}e\x{301}e\x{301}e\x{301}e\x{301}e\x{301}e\x{301}e\x{301}e\x{301}e\x{301}e\x{301}e\x{301} e\x{301} e\x{301}e\x{301}e\x{301}e\x{301}e\x{301}e\x{301}e\x{301}e\x{301}e\x{301}e\x{301}e\x{301}e\x{301}e\x{301}e\x{301}e\x{301}e\x{301}e\x{301}e\x{301}e\x{301}e\x{301}e\x{301}e\x{301}e\x{301}e\x{301}e\x{301}e\x{301}e\x{301}e\x{301}e\x{301}e\x{301}e\x{301}e\x{301}e\x{301}e\x{301}e\x{301}e\x{301}e\x{301}e\x{301}e\x{301}e\x{301}e\x{301}e\x{301}e\x{301} e\x{301}e\x{301}e\x{301}e\x{301}e\x{301}e\x{301}e\x{301}e\x{301}e\x{301}e\x{301}e\x{301}e\x{301}e\x{301}e\x{301}e\x{301}e\x{301}e\x{301}e\x{301}e\x{301}e\x{301}e\x{301}e\x{301}e\x{301}e\x{301}e\x{301}e\x{301}e\x{301}e\x{301}e\x{301}e\x{301} e\x{301}e\x{301}e\x{301}e\x{301}e\x{301}e\x{301}e\x{301}e\x{301}e\x{301}e\x{301}e\x{301}e\x{301}e\x{301}e\x{301}e\x{301}e\x{301}e\x{301}e\x{301}e\x{301}e\x{301}e\x{301}e\x{301}"
          text run at (924,3056) width 0: " "
          text run at (0,3072) width 924: "e\x{301}e\x{301}e\x{301}e\x{301}e\x{301}e\x{301}e\x{301}e\x{301}e\x{301}e\x{301}e\x{301}e\x{301}e\x{301}e\x{301}e\x{301}e\x{301}e\x{301}e\x{301}e\x{301}e\x{301}e\x{301}e\x{301}e\x{301}e\x{301}e\x{301}e\x{301}e\x{301}e\x{301}e\x{301}e\x{301}e\x{301}e\x{301} e\x{301} e\x{301}e\x{301}e\x{301}e\x{301}e\x{301}e\x{301}e\x{301}e\x{301}e\x{301}e\x{301}e\x{301}e\x{301}e\x{301}e\x{301}e\x{301}e\x{301}e\x{301}e\x{301}e\x{301}e\x{301}e\x{301}e\x{301}e\x{301}e\x{301}e\x{301}e\x{301}e\x{301}e\x{301}e\x{301}e\x{301}e\x{301}e\x{301}e\x{301}e\x{301}e\x{301}e\x{301}e\x{301}e\x{301}e\x{301}e\x{301}e\x{301}e\x{301}e\x{301} e\x{301}e\x{301}e\x{301}e\x{301}e\x{301}e\x{301}e\x{301}e\x{301}e\x{301}e\x{301}e\x{301}e\x{301}e\x{301}e\x{301}e\x{301}e\x{301}e\x{301}e\x{301}e\x{301}e\x{301}e\x{301}e\x{301}e\x{301}e\x{301}e\x{301}e\x{301}e\x{301}e\x{301}e\x{301}e\x{301} e\x{301}e\x{301}e\x{301}e\x{301}e\x{301}e\x{301}e\x{301}e\x{301}e\x{301}e\x{301}e\x{301}e\x{301}e\x{301}e\x{301}e\x{301}e\x{301}e\x{301}e\x{301}e\x{301}e\x{301}e\x{301}e\x{301}"
          text run at (924,3072) width 0: " "
          text run at (0,3088) width 924: "e\x{301}e\x{301}e\x{301}e\x{301}e\x{301}e\x{301}e\x{301}e\x{301}e\x{301}e\x{301}e\x{301}e\x{301}e\x{301}e\x{301}e\x{301}e\x{301}e\x{301}e\x{301}e\x{301}e\x{301}e\x{301}e\x{301}e\x{301}e\x{301}e\x{301}e\x{301}e\x{301}e\x{301}e\x{301}e\x{301}e\x{301}e\x{301} e\x{301} e\x{301}e\x{301}e\x{301}e\x{301}e\x{301}e\x{301}e\x{301}e\x{301}e\x{301}e\x{301}e\x{301}e\x{301}e\x{301}e\x{301}e\x{301}e\x{301}e\x{301}e\x{301}e\x{301}e\x{301}e\x{301}e\x{301}e\x{301}e\x{301}e\x{301}e\x{301}e\x{301}e\x{301}e\x{301}e\x{301}e\x{301}e\x{301}e\x{301}e\x{301}e\x{301}e\x{301}e\x{301}e\x{301}e\x{301}e\x{301}e\x{301}e\x{301}e\x{301} e\x{301}e\x{301}e\x{301}e\x{301}e\x{301}e\x{301}e\x{301}e\x{301}e\x{301}e\x{301}e\x{301}e\x{301}e\x{301}e\x{301}e\x{301}e\x{301}e\x{301}e\x{301}e\x{301}e\x{301}e\x{301}e\x{301}e\x{301}e\x{301}e\x{301}e\x{301}e\x{301}e\x{301}e\x{301}e\x{301} e\x{301}e\x{301}e\x{301}e\x{301}e\x{301}e\x{301}e\x{301}e\x{301}e\x{301}e\x{301}e\x{301}e\x{301}e\x{301}e\x{301}e\x{301}e\x{301}e\x{301}e\x{301}e\x{301}e\x{301}e\x{301}e\x{301}"
          text run at (924,3088) width 0: " "
          text run at (0,3104) width 924: "e\x{301}e\x{301}e\x{301}e\x{301}e\x{301}e\x{301}e\x{301}e\x{301}e\x{301}e\x{301}e\x{301}e\x{301}e\x{301}e\x{301}e\x{301}e\x{301}e\x{301}e\x{301}e\x{301}e\x{301}e\x{301}e\x{301}e\x{301}e\x{301}e\x{301}e\x{301}e\x{301}e\x{301}e\x{301}e\x{301}e\x{301}e\x{301} e\x{301} e\x{301}e\x{301}e\x{301}e\x{301}e\x{301}e\x{301}e\x{301}e\x{301}e\x{301}e\x{301}e\x{301}e\x{301}e\x{301}e\x{301}e\x{301}e\x{301}e\x{301}e\x{301}e\x{301}e\x{301}e\x{301}e\x{301}e\x{301}e\x{301}e\x{301}e\x{301}e\x{301}e\x{301}e\x{301}e\x{301}e\x{301}e\x{301}e\x{301}e\x{301}e\x{301}e\x{301}e\x{301}e\x{301}e\x{301}e\x{301}e\x{301}e\x{301}e\x{301} e\x{301}e\x{301}e\x{301}e\x{301}e\x{301}e\x{301}e\x{301}e\x{301}e\x{301}e\x{301}e\x{301}e\x{301}e\x{301}e\x{301}e\x{301}e\x{301}e\x{301}e\x{301}e\x{301}e\x{301}e\x{301}e\x{301}e\x{301}e\x{301}e\x{301}e\x{301}e\x{301}e\x{301}e\x{301}e\x{301} e\x{301}e\x{301}e\x{301}e\x{301}e\x{301}e\x{301}e\x{301}e\x{301}e\x{301}e\x{301}e\x{301}e\x{301}e\x{301}e\x{301}e\x{301}e\x{301}e\x{301}e\x{301}e\x{301}e\x{301}e\x{301}e\x{301}"
          text run at (924,3104) width 0: " "
          text run at (0,3120) width 924: "e\x{301}e\x{301}e\x{301}e\x{301}e\x{301}e\x{301}e\x{301}e\x{301}e\x{301}e\x{301}e\x{301}e\x{301}e\x{301}e\x{301}e\x{301}e\x{301}e\x{301}e\x{301}e\x{301}e\x{301}e\x{301}e\x{301}e\x{301}e\x{301}e\x{301}e\x{301}e\x{301}e\x{301}e\x{301}e\x{301}e\x{301}e\x{301} e\x{301} e\x{301}e\x{301}e\x{301}e\x{301}e\x{301}e\x{301}e\x{301}e\x{301}e\x{301}e\x{301}e\x{301}e\x{301}e\x{301}e\x{301}e\x{301}e\x{301}e\x{301}e\x{301}e\x{301}e\x{301}e\x{301}e\x{301}e\x{301}e\x{301}e\x{301}e\x{301}e\x{301}e\x{301}e\x{301}e\x{301}e\x{301}e\x{301}e\x{301}e\x{301}e\x{301}e\x{301}e\x{301}e\x{301}e\x{301}e\x{301}e\x{301}e\x{301}e\x{301} e\x{301}e\x{301}e\x{301}e\x{301}e\x{301}e\x{301}e\x{301}e\x{301}e\x{301}e\x{301}e\x{301}e\x{301}e\x{301}e\x{301}e\x{301}e\x{301}e\x{301}e\x{301}e\x{301}e\x{301}e\x{301}e\x{301}e\x{301}e\x{301}e\x{301}e\x{301}e\x{301}e\x{301}e\x{301}e\x{301} e\x{301}e\x{301}e\x{301}e\x{301}e\x{301}e\x{301}e\x{301}e\x{301}e\x{301}e\x{301}e\x{301}e\x{301}e\x{301}e\x{301}e\x{301}e\x{301}e\x{301}e\x{301}e\x{301}e\x{301}e\x{301}e\x{301}"
          text run at (924,3120) width 0: " "
          text run at (0,3136) width 924: "e\x{301}e\x{301}e\x{301}e\x{301}e\x{301}e\x{301}e\x{301}e\x{301}e\x{301}e\x{301}e\x{301}e\x{301}e\x{301}e\x{301}e\x{301}e\x{301}e\x{301}e\x{301}e\x{301}e\x{301}e\x{301}e\x{301}e\x{301}e\x{301}e\x{301}e\x{301}e\x{301}e\x{301}e\x{301}e\x{301}e\x{301}e\x{301} e\x{301} e\x{301}e\x{301}e\x{301}e\x{301}e\x{301}e\x{301}e\x{301}e\x{301}e\x{301}e\x{301}e\x{301}e\x{301}e\x{301}e\x{301}e\x{301}e\x{301}e\x{301}e\x{301}e\x{301}e\x{301}e\x{301}e\x{301}e\x{301}e\x{301}e\x{301}e\x{301}e\x{301}e\x{301}e\x{301}e\x{301}e\x{301}e\x{301}e\x{301}e\x{301}e\x{301}e\x{301}e\x{301}e\x{301}e\x{301}e\x{301}e\x{301}e\x{301}e\x{301} e\x{301}e\x{301}e\x{301}e\x{301}e\x{301}e\x{301}e\x{301}e\x{301}e\x{301}e\x{301}e\x{301}e\x{301}e\x{301}e\x{301}e\x{301}e\x{301}e\x{301}e\x{301}e\x{301}e\x{301}e\x{301}e\x{301}e\x{301}e\x{301}e\x{301}e\x{301}e\x{301}e\x{301}e\x{301}e\x{301} e\x{301}e\x{301}e\x{301}e\x{301}e\x{301}e\x{301}e\x{301}e\x{301}e\x{301}e\x{301}e\x{301}e\x{301}e\x{301}e\x{301}e\x{301}e\x{301}e\x{301}e\x{301}e\x{301}e\x{301}e\x{301}e\x{301}"
          text run at (924,3136) width 0: " "
          text run at (0,3152) width 924: "e\x{301}e\x{301}e\x{301}e\x{301}e\x{301}e\x{301}e\x{301}e\x{301}e\x{301}e\x{301}e\x{301}e\x{301}e\x{301}e\x{301}e\x{301}e\x{301}e\x{301}e\x{301}e\x{301}e\x{301}e\x{301}e\x{301}e\x{301}e\x{301}e\x{301}e\x{301}e\x{301}e\x{301}e\x{301}e\x{301}e\x{301}e\x{301} e\x{301} e\x{301}e\x{301}e\x{301}e\x{301}e\x{301}e\x{301}e\x{301}e\x{301}e\x{301}e\x{301}e\x{301}e\x{301}e\x{301}e\x{301}e\x{301}e\x{301}e\x{301}e\x{301}e\x{301}e\x{301}e\x{301}e\x{301}e\x{301}e\x{301}e\x{301}e\x{301}e\x{301}e\x{301}e\x{301}e\x{301}e\x{301}e\x{301}e\x{301}e\x{301}e\x{301}e\x{301}e\x{301}e\x{301}e\x{301}e\x{301}e\x{301}e\x{301}e\x{301} e\x{301}e\x{301}e\x{301}e\x{301}e\x{301}e\x{301}e\x{301}e\x{301}e\x{301}e\x{301}e\x{301}e\x{301}e\x{301}e\x{301}e\x{301}e\x{301}e\x{301}e\x{301}e\x{301}e\x{301}e\x{301}e\x{301}e\x{301}e\x{301}e\x{301}e\x{301}e\x{301}e\x{301}e\x{301}e\x{301} e\x{301}e\x{301}e\x{301}e\x{301}e\x{301}e\x{301}e\x{301}e\x{301}e\x{301}e\x{301}e\x{301}e\x{301}e\x{301}e\x{301}e\x{301}e\x{301}e\x{301}e\x{301}e\x{301}e\x{301}e\x{301}e\x{301}"
          text run at (924,3152) width 0: " "
          text run at (0,3168) width 924: "e\x{301}e\x{301}e\x{301}e\x{301}e\x{301}e\x{301}e\x{301}e\x{301}e\x{301}e\x{301}e\x{301}e\x{301}e\x{301}e\x{301}e\x{301}e\x{301}e\x{301}e\x{301}e\x{301}e\x{301}e\x{301}e\x{301}e\x{301}e\x{301}e\x{301}e\x{301}e\x{301}e\x{301}e\x{301}e\x{301}e\x{301}e\x{301} e\x{301} e\x{301}e\x{301}e\x{301}e\x{301}e\x{301}e\x{301}e\x{301}e\x{301}e\x{301}e\x{301}e\x{301}e\x{301}e\x{301}e\x{301}e\x{301}e\x{301}e\x{301}e\x{301}e\x{301}e\x{301}e\x{301}e\x{301}e\x{301}e\x{301}e\x{301}e\x{301}e\x{301}e\x{301}e\x{301}e\x{301}e\x{301}e\x{301}e\x{301}e\x{301}e\x{301}e\x{301}e\x{301}e\x{301}e\x{301}e\x{301}e\x{301}e\x{301}e\x{301} e\x{301}e\x{301}e\x{301}e\x{301}e\x{301}e\x{301}e\x{301}e\x{301}e\x{301}e\x{301}e\x{301}e\x{301}e\x{301}e\x{301}e\x{301}e\x{301}e\x{301}e\x{301}e\x{301}e\x{301}e\x{301}e\x{301}e\x{301}e\x{301}e\x{301}e\x{301}e\x{301}e\x{301}e\x{301}e\x{301} e\x{301}e\x{301}e\x{301}e\x{301}e\x{301}e\x{301}e\x{301}e\x{301}e\x{301}e\x{301}e\x{301}e\x{301}e\x{301}e\x{301}e\x{301}e\x{301}e\x{301}e\x{301}e\x{301}e\x{301}e\x{301}e\x{301}"
          text run at (924,3168) width 0: " "
          text run at (0,3184) width 924: "e\x{301}e\x{301}e\x{301}e\x{301}e\x{301}e\x{301}e\x{301}e\x{301}e\x{301}e\x{301}e\x{301}e\x{301}e\x{301}e\x{301}e\x{301}e\x{301}e\x{301}e\x{301}e\x{301}e\x{301}e\x{301}e\x{301}e\x{301}e\x{301}e\x{301}e\x{301}e\x{301}e\x{301}e\x{301}e\x{301}e\x{301}e\x{301} e\x{301} e\x{301}e\x{301}e\x{301}e\x{301}e\x{301}e\x{301}e\x{301}e\x{301}e\x{301}e\x{301}e\x{301}e\x{301}e\x{301}e\x{301}e\x{301}e\x{301}e\x{301}e\x{301}e\x{301}e\x{301}e\x{301}e\x{301}e\x{301}e\x{301}e\x{301}e\x{301}e\x{301}e\x{301}e\x{301}e\x{301}e\x{301}e\x{301}e\x{301}e\x{301}e\x{301}e\x{301}e\x{301}e\x{301}e\x{301}e\x{301}e\x{301}e\x{301}e\x{301} e\x{301}e\x{301}e\x{301}e\x{301}e\x{301}e\x{301}e\x{301}e\x{301}e\x{301}e\x{301}e\x{301}e\x{301}e\x{301}e\x{301}e\x{301}e\x{301}e\x{301}e\x{301}e\x{301}e\x{301}e\x{301}e\x{301}e\x{301}e\x{301}e\x{301}e\x{301}e\x{301}e\x{301}e\x{301}e\x{301} e\x{301}e\x{301}e\x{301}e\x{301}e\x{301}e\x{301}e\x{301}e\x{301}e\x{301}e\x{301}e\x{301}e\x{301}e\x{301}e\x{301}e\x{301}e\x{301}e\x{301}e\x{301}e\x{301}e\x{301}e\x{301}e\x{301}"
          text run at (924,3184) width 0: " "
          text run at (0,3200) width 924: "e\x{301}e\x{301}e\x{301}e\x{301}e\x{301}e\x{301}e\x{301}e\x{301}e\x{301}e\x{301}e\x{301}e\x{301}e\x{301}e\x{301}e\x{301}e\x{301}e\x{301}e\x{301}e\x{301}e\x{301}e\x{301}e\x{301}e\x{301}e\x{301}e\x{301}e\x{301}e\x{301}e\x{301}e\x{301}e\x{301}e\x{301}e\x{301} e\x{301} e\x{301}e\x{301}e\x{301}e\x{301}e\x{301}e\x{301}e\x{301}e\x{301}e\x{301}e\x{301}e\x{301}e\x{301}e\x{301}e\x{301}e\x{301}e\x{301}e\x{301}e\x{301}e\x{301}e\x{301}e\x{301}e\x{301}e\x{301}e\x{301}e\x{301}e\x{301}e\x{301}e\x{301}e\x{301}e\x{301}e\x{301}e\x{301}e\x{301}e\x{301}e\x{301}e\x{301}e\x{301}e\x{301}e\x{301}e\x{301}e\x{301}e\x{301}e\x{301} e\x{301}e\x{301}e\x{301}e\x{301}e\x{301}e\x{301}e\x{301}e\x{301}e\x{301}e\x{301}e\x{301}e\x{301}e\x{301}e\x{301}e\x{301}e\x{301}e\x{301}e\x{301}e\x{301}e\x{301}e\x{301}e\x{301}e\x{301}e\x{301}e\x{301}e\x{301}e\x{301}e\x{301}e\x{301}e\x{301} e\x{301}e\x{301}e\x{301}e\x{301}e\x{301}e\x{301}e\x{301}e\x{301}e\x{301}e\x{301}e\x{301}e\x{301}e\x{301}e\x{301}e\x{301}e\x{301}e\x{301}e\x{301}e\x{301}e\x{301}e\x{301}e\x{301}"
          text run at (924,3200) width 0: " "
          text run at (0,3216) width 924: "e\x{301}e\x{301}e\x{301}e\x{301}e\x{301}e\x{301}e\x{301}e\x{301}e\x{301}e\x{301}e\x{301}e\x{301}e\x{301}e\x{301}e\x{301}e\x{301}e\x{301}e\x{301}e\x{301}e\x{301}e\x{301}e\x{301}e\x{301}e\x{301}e\x{301}e\x{301}e\x{301}e\x{301}e\x{301}e\x{301}e\x{301}e\x{301} e\x{301} e\x{301}e\x{301}e\x{301}e\x{301}e\x{301}e\x{301}e\x{301}e\x{301}e\x{301}e\x{301}e\x{301}e\x{301}e\x{301}e\x{301}e\x{301}e\x{301}e\x{301}e\x{301}e\x{301}e\x{301}e\x{301}e\x{301}e\x{301}e\x{301}e\x{301}e\x{301}e\x{301}e\x{301}e\x{301}e\x{301}e\x{301}e\x{301}e\x{301}e\x{301}e\x{301}e\x{301}e\x{301}e\x{301}e\x{301}e\x{301}e\x{301}e\x{301}e\x{301} e\x{301}e\x{301}e\x{301}e\x{301}e\x{301}e\x{301}e\x{301}e\x{301}e\x{301}e\x{301}e\x{301}e\x{301}e\x{301}e\x{301}e\x{301}e\x{301}e\x{301}e\x{301}e\x{301}e\x{301}e\x{301}e\x{301}e\x{301}e\x{301}e\x{301}e\x{301}e\x{301}e\x{301}e\x{301}e\x{301} e\x{301}e\x{301}e\x{301}e\x{301}e\x{301}e\x{301}e\x{301}e\x{301}e\x{301}e\x{301}e\x{301}e\x{301}e\x{301}e\x{301}e\x{301}e\x{301}e\x{301}e\x{301}e\x{301}e\x{301}e\x{301}e\x{301}"
          text run at (924,3216) width 0: " "
          text run at (0,3232) width 924: "e\x{301}e\x{301}e\x{301}e\x{301}e\x{301}e\x{301}e\x{301}e\x{301}e\x{301}e\x{301}e\x{301}e\x{301}e\x{301}e\x{301}e\x{301}e\x{301}e\x{301}e\x{301}e\x{301}e\x{301}e\x{301}e\x{301}e\x{301}e\x{301}e\x{301}e\x{301}e\x{301}e\x{301}e\x{301}e\x{301}e\x{301}e\x{301} e\x{301} e\x{301}e\x{301}e\x{301}e\x{301}e\x{301}e\x{301}e\x{301}e\x{301}e\x{301}e\x{301}e\x{301}e\x{301}e\x{301}e\x{301}e\x{301}e\x{301}e\x{301}e\x{301}e\x{301}e\x{301}e\x{301}e\x{301}e\x{301}e\x{301}e\x{301}e\x{301}e\x{301}e\x{301}e\x{301}e\x{301}e\x{301}e\x{301}e\x{301}e\x{301}e\x{301}e\x{301}e\x{301}e\x{301}e\x{301}e\x{301}e\x{301}e\x{301}e\x{301} e\x{301}e\x{301}e\x{301}e\x{301}e\x{301}e\x{301}e\x{301}e\x{301}e\x{301}e\x{301}e\x{301}e\x{301}e\x{301}e\x{301}e\x{301}e\x{301}e\x{301}e\x{301}e\x{301}e\x{301}e\x{301}e\x{301}e\x{301}e\x{301}e\x{301}e\x{301}e\x{301}e\x{301}e\x{301}e\x{301} e\x{301}e\x{301}e\x{301}e\x{301}e\x{301}e\x{301}e\x{301}e\x{301}e\x{301}e\x{301}e\x{301}e\x{301}e\x{301}e\x{301}e\x{301}e\x{301}e\x{301}e\x{301}e\x{301}e\x{301}e\x{301}e\x{301}"
          text run at (924,3232) width 0: " "
          text run at (0,3248) width 924: "e\x{301}e\x{301}e\x{301}e\x{301}e\x{301}e\x{301}e\x{301}e\x{301}e\x{301}e\x{301}e\x{301}e\x{301}e\x{301}e\x{301}e\x{301}e\x{301}e\x{301}e\x{301}e\x{301}e\x{301}e\x{301}e\x{301}e\x{301}e\x{301}e\x{301}e\x{301}e\x{301}e\x{301}e\x{301}e\x{301}e\x{301}e\x{301} e\x{301} e\x{301}e\x{301}e\x{301}e\x{301}e\x{301}e\x{301}e\x{301}e\x{301}e\x{301}e\x{301}e\x{301}e\x{301}e\x{301}e\x{301}e\x{301}e\x{301}e\x{301}e\x{301}e\x{301}e\x{301}e\x{301}e\x{301}e\x{301}e\x{301}e\x{301}e\x{301}e\x{301}e\x{301}e\x{301}e\x{301}e\x{301}e\x{301}e\x{301}e\x{301}e\x{301}e\x{301}e\x{301}e\x{301}e\x{301}e\x{301}e\x{301}e\x{301}e\x{301} e\x{301}e\x{301}e\x{301}e\x{301}e\x{301}e\x{301}e\x{301}e\x{301}e\x{301}e\x{301}e\x{301}e\x{301}e\x{301}e\x{301}e\x{301}e\x{301}e\x{301}e\x{301}e\x{301}e\x{301}e\x{301}e\x{301}e\x{301}e\x{301}e\x{301}e\x{301}e\x{301}e\x{301}e\x{301}e\x{301} e\x{301}e\x{301}e\x{301}e\x{301}e\x{301}e\x{301}e\x{301}e\x{301}e\x{301}e\x{301}e\x{301}e\x{301}e\x{301}e\x{301}e\x{301}e\x{301}e\x{301}e\x{301}e\x{301}e\x{301}e\x{301}e\x{301}"
          text run at (924,3248) width 0: " "
          text run at (0,3264) width 924: "e\x{301}e\x{301}e\x{301}e\x{301}e\x{301}e\x{301}e\x{301}e\x{301}e\x{301}e\x{301}e\x{301}e\x{301}e\x{301}e\x{301}e\x{301}e\x{301}e\x{301}e\x{301}e\x{301}e\x{301}e\x{301}e\x{301}e\x{301}e\x{301}e\x{301}e\x{301}e\x{301}e\x{301}e\x{301}e\x{301}e\x{301}e\x{301} e\x{301} e\x{301}e\x{301}e\x{301}e\x{301}e\x{301}e\x{301}e\x{301}e\x{301}e\x{301}e\x{301}e\x{301}e\x{301}e\x{301}e\x{301}e\x{301}e\x{301}e\x{301}e\x{301}e\x{301}e\x{301}e\x{301}e\x{301}e\x{301}e\x{301}e\x{301}e\x{301}e\x{301}e\x{301}e\x{301}e\x{301}e\x{301}e\x{301}e\x{301}e\x{301}e\x{301}e\x{301}e\x{301}e\x{301}e\x{301}e\x{301}e\x{301}e\x{301}e\x{301} e\x{301}e\x{301}e\x{301}e\x{301}e\x{301}e\x{301}e\x{301}e\x{301}e\x{301}e\x{301}e\x{301}e\x{301}e\x{301}e\x{301}e\x{301}e\x{301}e\x{301}e\x{301}e\x{301}e\x{301}e\x{301}e\x{301}e\x{301}e\x{301}e\x{301}e\x{301}e\x{301}e\x{301}e\x{301}e\x{301} e\x{301}e\x{301}e\x{301}e\x{301}e\x{301}e\x{301}e\x{301}e\x{301}e\x{301}e\x{301}e\x{301}e\x{301}e\x{301}e\x{301}e\x{301}e\x{301}e\x{301}e\x{301}e\x{301}e\x{301}e\x{301}e\x{301}"
          text run at (924,3264) width 0: " "
          text run at (0,3280) width 924: "e\x{301}e\x{301}e\x{301}e\x{301}e\x{301}e\x{301}e\x{301}e\x{301}e\x{301}e\x{301}e\x{301}e\x{301}e\x{301}e\x{301}e\x{301}e\x{301}e\x{301}e\x{301}e\x{301}e\x{301}e\x{301}e\x{301}e\x{301}e\x{301}e\x{301}e\x{301}e\x{301}e\x{301}e\x{301}e\x{301}e\x{301}e\x{301} e\x{301} e\x{301}e\x{301}e\x{301}e\x{301}e\x{301}e\x{301}e\x{301}e\x{301}e\x{301}e\x{301}e\x{301}e\x{301}e\x{301}e\x{301}e\x{301}e\x{301}e\x{301}e\x{301}e\x{301}e\x{301}e\x{301}e\x{301}e\x{301}e\x{301}e\x{301}e\x{301}e\x{301}e\x{301}e\x{301}e\x{301}e\x{301}e\x{301}e\x{301}e\x{301}e\x{301}e\x{301}e\x{301}e\x{301}e\x{301}e\x{301}e\x{301}e\x{301}e\x{301} e\x{301}e\x{301}e\x{301}e\x{301}e\x{301}e\x{301}e\x{301}e\x{301}e\x{301}e\x{301}e\x{301}e\x{301}e\x{301}e\x{301}e\x{301}e\x{301}e\x{301}e\x{301}e\x{301}e\x{301}e\x{301}e\x{301}e\x{301}e\x{301}e\x{301}e\x{301}e\x{301}e\x{301}e\x{301}e\x{301} e\x{301}e\x{301}e\x{301}e\x{301}e\x{301}e\x{301}e\x{301}e\x{301}e\x{301}e\x{301}e\x{301}e\x{301}e\x{301}e\x{301}e\x{301}e\x{301}e\x{301}e\x{301}e\x{301}e\x{301}e\x{301}e\x{301}"
          text run at (924,3280) width 0: " "
          text run at (0,3296) width 924: "e\x{301}e\x{301}e\x{301}e\x{301}e\x{301}e\x{301}e\x{301}e\x{301}e\x{301}e\x{301}e\x{301}e\x{301}e\x{301}e\x{301}e\x{301}e\x{301}e\x{301}e\x{301}e\x{301}e\x{301}e\x{301}e\x{301}e\x{301}e\x{301}e\x{301}e\x{301}e\x{301}e\x{301}e\x{301}e\x{301}e\x{301}e\x{301} e\x{301} e\x{301}e\x{301}e\x{301}e\x{301}e\x{301}e\x{301}e\x{301}e\x{301}e\x{301}e\x{301}e\x{301}e\x{301}e\x{301}e\x{301}e\x{301}e\x{301}e\x{301}e\x{301}e\x{301}e\x{301}e\x{301}e\x{301}e\x{301}e\x{301}e\x{301}e\x{301}e\x{301}e\x{301}e\x{301}e\x{301}e\x{301}e\x{301}e\x{301}e\x{301}e\x{301}e\x{301}e\x{301}e\x{301}e\x{301}e\x{301}e\x{301}e\x{301}e\x{301} e\x{301}e\x{301}e\x{301}e\x{301}e\x{301}e\x{301}e\x{301}e\x{301}e\x{301}e\x{301}e\x{301}e\x{301}e\x{301}e\x{301}e\x{301}e\x{301}e\x{301}e\x{301}e\x{301}e\x{301}e\x{301}e\x{301}e\x{301}e\x{301}e\x{301}e\x{301}e\x{301}e\x{301}e\x{301}e\x{301} e\x{301}e\x{301}e\x{301}e\x{301}e\x{301}e\x{301}e\x{301}e\x{301}e\x{301}e\x{301}e\x{301}e\x{301}e\x{301}e\x{301}e\x{301}e\x{301}e\x{301}e\x{301}e\x{301}e\x{301}e\x{301}e\x{301}"
          text run at (924,3296) width 0: " "
          text run at (0,3312) width 924: "e\x{301}e\x{301}e\x{301}e\x{301}e\x{301}e\x{301}e\x{301}e\x{301}e\x{301}e\x{301}e\x{301}e\x{301}e\x{301}e\x{301}e\x{301}e\x{301}e\x{301}e\x{301}e\x{301}e\x{301}e\x{301}e\x{301}e\x{301}e\x{301}e\x{301}e\x{301}e\x{301}e\x{301}e\x{301}e\x{301}e\x{301}e\x{301} e\x{301} e\x{301}e\x{301}e\x{301}e\x{301}e\x{301}e\x{301}e\x{301}e\x{301}e\x{301}e\x{301}e\x{301}e\x{301}e\x{301}e\x{301}e\x{301}e\x{301}e\x{301}e\x{301}e\x{301}e\x{301}e\x{301}e\x{301}e\x{301}e\x{301}e\x{301}e\x{301}e\x{301}e\x{301}e\x{301}e\x{301}e\x{301}e\x{301}e\x{301}e\x{301}e\x{301}e\x{301}e\x{301}e\x{301}e\x{301}e\x{301}e\x{301}e\x{301}e\x{301} e\x{301}e\x{301}e\x{301}e\x{301}e\x{301}e\x{301}e\x{301}e\x{301}e\x{301}e\x{301}e\x{301}e\x{301}e\x{301}e\x{301}e\x{301}e\x{301}e\x{301}e\x{301}e\x{301}e\x{301}e\x{301}e\x{301}e\x{301}e\x{301}e\x{301}e\x{301}e\x{301}e\x{301}e\x{301}e\x{301} e\x{301}e\x{301}e\x{301}e\x{301}e\x{301}e\x{301}e\x{301}e\x{301}e\x{301}e\x{301}e\x{301}e\x{301}e\x{301}e\x{301}e\x{301}e\x{301}e\x{301}e\x{301}e\x{301}e\x{301}e\x{301}e\x{301}"
          text run at (924,3312) width 0: " "
          text run at (0,3328) width 924: "e\x{301}e\x{301}e\x{301}e\x{301}e\x{301}e\x{301}e\x{301}e\x{301}e\x{301}e\x{301}e\x{301}e\x{301}e\x{301}e\x{301}e\x{301}e\x{301}e\x{301}e\x{301}e\x{301}e\x{301}e\x{301}e\x{301}e\x{301}e\x{301}e\x{301}e\x{301}e\x{301}e\x{301}e\x{301}e\x{301}e\x{301}e\x{301} e\x{301} e\x{301}e\x{301}e\x{301}e\x{301}e\x{301}e\x{301}e\x{301}e\x{301}e\x{301}e\x{301}e\x{301}e\x{301}e\x{301}e\x{301}e\x{301}e\x{301}e\x{301}e\x{301}e\x{301}e\x{301}e\x{301}e\x{301}e\x{301}e\x{301}e\x{301}e\x{301}e\x{301}e\x{301}e\x{301}e\x{301}e\x{301}e\x{301}e\x{301}e\x{301}e\x{301}e\x{301}e\x{301}e\x{301}e\x{301}e\x{301}e\x{301}e\x{301}e\x{301} e\x{301}e\x{301}e\x{301}e\x{301}e\x{301}e\x{301}e\x{301}e\x{301}e\x{301}e\x{301}e\x{301}e\x{301}e\x{301}e\x{301}e\x{301}e\x{301}e\x{301}e\x{301}e\x{301}e\x{301}e\x{301}e\x{301}e\x{301}e\x{301}e\x{301}e\x{301}e\x{301}e\x{301}e\x{301}e\x{301} e\x{301}e\x{301}e\x{301}e\x{301}e\x{301}e\x{301}e\x{301}e\x{301}e\x{301}e\x{301}e\x{301}e\x{301}e\x{301}e\x{301}e\x{301}e\x{301}e\x{301}e\x{301}e\x{301}e\x{301}e\x{301}e\x{301}"
          text run at (924,3328) width 0: " "
          text run at (0,3344) width 924: "e\x{301}e\x{301}e\x{301}e\x{301}e\x{301}e\x{301}e\x{301}e\x{301}e\x{301}e\x{301}e\x{301}e\x{301}e\x{301}e\x{301}e\x{301}e\x{301}e\x{301}e\x{301}e\x{301}e\x{301}e\x{301}e\x{301}e\x{301}e\x{301}e\x{301}e\x{301}e\x{301}e\x{301}e\x{301}e\x{301}e\x{301}e\x{301} e\x{301} e\x{301}e\x{301}e\x{301}e\x{301}e\x{301}e\x{301}e\x{301}e\x{301}e\x{301}e\x{301}e\x{301}e\x{301}e\x{301}e\x{301}e\x{301}e\x{301}e\x{301}e\x{301}e\x{301}e\x{301}e\x{301}e\x{301}e\x{301}e\x{301}e\x{301}e\x{301}e\x{301}e\x{301}e\x{301}e\x{301}e\x{301}e\x{301}e\x{301}e\x{301}e\x{301}e\x{301}e\x{301}e\x{301}e\x{301}e\x{301}e\x{301}e\x{301}e\x{301} e\x{301}e\x{301}e\x{301}e\x{301}e\x{301}e\x{301}e\x{301}e\x{301}e\x{301}e\x{301}e\x{301}e\x{301}e\x{301}e\x{301}e\x{301}e\x{301}e\x{301}e\x{301}e\x{301}e\x{301}e\x{301}e\x{301}e\x{301}e\x{301}e\x{301}e\x{301}e\x{301}e\x{301}e\x{301}e\x{301} e\x{301}e\x{301}e\x{301}e\x{301}e\x{301}e\x{301}e\x{301}e\x{301}e\x{301}e\x{301}e\x{301}e\x{301}e\x{301}e\x{301}e\x{301}e\x{301}e\x{301}e\x{301}e\x{301}e\x{301}e\x{301}e\x{301}"
          text run at (924,3344) width 0: " "
          text run at (0,3360) width 924: "e\x{301}e\x{301}e\x{301}e\x{301}e\x{301}e\x{301}e\x{301}e\x{301}e\x{301}e\x{301}e\x{301}e\x{301}e\x{301}e\x{301}e\x{301}e\x{301}e\x{301}e\x{301}e\x{301}e\x{301}e\x{301}e\x{301}e\x{301}e\x{301}e\x{301}e\x{301}e\x{301}e\x{301}e\x{301}e\x{301}e\x{301}e\x{301} e\x{301} e\x{301}e\x{301}e\x{301}e\x{301}e\x{301}e\x{301}e\x{301}e\x{301}e\x{301}e\x{301}e\x{301}e\x{301}e\x{301}e\x{301}e\x{301}e\x{301}e\x{301}e\x{301}e\x{301}e\x{301}e\x{301}e\x{301}e\x{301}e\x{301}e\x{301}e\x{301}e\x{301}e\x{301}e\x{301}e\x{301}e\x{301}e\x{301}e\x{301}e\x{301}e\x{301}e\x{301}e\x{301}e\x{301}e\x{301}e\x{301}e\x{301}e\x{301}e\x{301} e\x{301}e\x{301}e\x{301}e\x{301}e\x{301}e\x{301}e\x{301}e\x{301}e\x{301}e\x{301}e\x{301}e\x{301}e\x{301}e\x{301}e\x{301}e\x{301}e\x{301}e\x{301}e\x{301}e\x{301}e\x{301}e\x{301}e\x{301}e\x{301}e\x{301}e\x{301}e\x{301}e\x{301}e\x{301}e\x{301} e\x{301}e\x{301}e\x{301}e\x{301}e\x{301}e\x{301}e\x{301}e\x{301}e\x{301}e\x{301}e\x{301}e\x{301}e\x{301}e\x{301}e\x{301}e\x{301}e\x{301}e\x{301}e\x{301}e\x{301}e\x{301}e\x{301}"
          text run at (924,3360) width 0: " "
          text run at (0,3376) width 924: "e\x{301}e\x{301}e\x{301}e\x{301}e\x{301}e\x{301}e\x{301}e\x{301}e\x{301}e\x{301}e\x{301}e\x{301}e\x{301}e\x{301}e\x{301}e\x{301}e\x{301}e\x{301}e\x{301}e\x{301}e\x{301}e\x{301}e\x{301}e\x{301}e\x{301}e\x{301}e\x{301}e\x{301}e\x{301}e\x{301}e\x{301}e\x{301} e\x{301} e\x{301}e\x{301}e\x{301}e\x{301}e\x{301}e\x{301}e\x{301}e\x{301}e\x{301}e\x{301}e\x{301}e\x{301}e\x{301}e\x{301}e\x{301}e\x{301}e\x{301}e\x{301}e\x{301}e\x{301}e\x{301}e\x{301}e\x{301}e\x{301}e\x{301}e\x{301}e\x{301}e\x{301}e\x{301}e\x{301}e\x{301}e\x{301}e\x{301}e\x{301}e\x{301}e\x{301}e\x{301}e\x{301}e\x{301}e\x{301}e\x{301}e\x{301}e\x{301} e\x{301}e\x{301}e\x{301}e\x{301}e\x{301}e\x{301}e\x{301}e\x{301}e\x{301}e\x{301}e\x{301}e\x{301}e\x{301}e\x{301}e\x{301}e\x{301}e\x{301}e\x{301}e\x{301}e\x{301}e\x{301}e\x{301}e\x{301}e\x{301}e\x{301}e\x{301}e\x{301}e\x{301}e\x{301}e\x{301} e\x{301}e\x{301}e\x{301}e\x{301}e\x{301}e\x{301}e\x{301}e\x{301}e\x{301}e\x{301}e\x{301}e\x{301}e\x{301}e\x{301}e\x{301}e\x{301}e\x{301}e\x{301}e\x{301}e\x{301}e\x{301}e\x{301}"
          text run at (924,3376) width 0: " "
          text run at (0,3392) width 924: "e\x{301}e\x{301}e\x{301}e\x{301}e\x{301}e\x{301}e\x{301}e\x{301}e\x{301}e\x{301}e\x{301}e\x{301}e\x{301}e\x{301}e\x{301}e\x{301}e\x{301}e\x{301}e\x{301}e\x{301}e\x{301}e\x{301}e\x{301}e\x{301}e\x{301}e\x{301}e\x{301}e\x{301}e\x{301}e\x{301}e\x{301}e\x{301} e\x{301} e\x{301}e\x{301}e\x{301}e\x{301}e\x{301}e\x{301}e\x{301}e\x{301}e\x{301}e\x{301}e\x{301}e\x{301}e\x{301}e\x{301}e\x{301}e\x{301}e\x{301}e\x{301}e\x{301}e\x{301}e\x{301}e\x{301}e\x{301}e\x{301}e\x{301}e\x{301}e\x{301}e\x{301}e\x{301}e\x{301}e\x{301}e\x{301}e\x{301}e\x{301}e\x{301}e\x{301}e\x{301}e\x{301}e\x{301}e\x{301}e\x{301}e\x{301}e\x{301} e\x{301}e\x{301}e\x{301}e\x{301}e\x{301}e\x{301}e\x{301}e\x{301}e\x{301}e\x{301}e\x{301}e\x{301}e\x{301}e\x{301}e\x{301}e\x{301}e\x{301}e\x{301}e\x{301}e\x{301}e\x{301}e\x{301}e\x{301}e\x{301}e\x{301}e\x{301}e\x{301}e\x{301}e\x{301}e\x{301} e\x{301}e\x{301}e\x{301}e\x{301}e\x{301}e\x{301}e\x{301}e\x{301}e\x{301}e\x{301}e\x{301}e\x{301}e\x{301}e\x{301}e\x{301}e\x{301}e\x{301}e\x{301}e\x{301}e\x{301}e\x{301}e\x{301}"
          text run at (924,3392) width 0: " "
          text run at (0,3408) width 924: "e\x{301}e\x{301}e\x{301}e\x{301}e\x{301}e\x{301}e\x{301}e\x{301}e\x{301}e\x{301}e\x{301}e\x{301}e\x{301}e\x{301}e\x{301}e\x{301}e\x{301}e\x{301}e\x{301}e\x{301}e\x{301}e\x{301}e\x{301}e\x{301}e\x{301}e\x{301}e\x{301}e\x{301}e\x{301}e\x{301}e\x{301}e\x{301} e\x{301} e\x{301}e\x{301}e\x{301}e\x{301}e\x{301}e\x{301}e\x{301}e\x{301}e\x{301}e\x{301}e\x{301}e\x{301}e\x{301}e\x{301}e\x{301}e\x{301}e\x{301}e\x{301}e\x{301}e\x{301}e\x{301}e\x{301}e\x{301}e\x{301}e\x{301}e\x{301}e\x{301}e\x{301}e\x{301}e\x{301}e\x{301}e\x{301}e\x{301}e\x{301}e\x{301}e\x{301}e\x{301}e\x{301}e\x{301}e\x{301}e\x{301}e\x{301}e\x{301} e\x{301}e\x{301}e\x{301}e\x{301}e\x{301}e\x{301}e\x{301}e\x{301}e\x{301}e\x{301}e\x{301}e\x{301}e\x{301}e\x{301}e\x{301}e\x{301}e\x{301}e\x{301}e\x{301}e\x{301}e\x{301}e\x{301}e\x{301}e\x{301}e\x{301}e\x{301}e\x{301}e\x{301}e\x{301}e\x{301} e\x{301}e\x{301}e\x{301}e\x{301}e\x{301}e\x{301}e\x{301}e\x{301}e\x{301}e\x{301}e\x{301}e\x{301}e\x{301}e\x{301}e\x{301}e\x{301}e\x{301}e\x{301}e\x{301}e\x{301}e\x{301}e\x{301}"
          text run at (924,3408) width 0: " "
          text run at (0,3424) width 924: "e\x{301}e\x{301}e\x{301}e\x{301}e\x{301}e\x{301}e\x{301}e\x{301}e\x{301}e\x{301}e\x{301}e\x{301}e\x{301}e\x{301}e\x{301}e\x{301}e\x{301}e\x{301}e\x{301}e\x{301}e\x{301}e\x{301}e\x{301}e\x{301}e\x{301}e\x{301}e\x{301}e\x{301}e\x{301}e\x{301}e\x{301}e\x{301} e\x{301} e\x{301}e\x{301}e\x{301}e\x{301}e\x{301}e\x{301}e\x{301}e\x{301}e\x{301}e\x{301}e\x{301}e\x{301}e\x{301}e\x{301}e\x{301}e\x{301}e\x{301}e\x{301}e\x{301}e\x{301}e\x{301}e\x{301}e\x{301}e\x{301}e\x{301}e\x{301}e\x{301}e\x{301}e\x{301}e\x{301}e\x{301}e\x{301}e\x{301}e\x{301}e\x{301}e\x{301}e\x{301}e\x{301}e\x{301}e\x{301}e\x{301}e\x{301}e\x{301} e\x{301}e\x{301}e\x{301}e\x{301}e\x{301}e\x{301}e\x{301}e\x{301}e\x{301}e\x{301}e\x{301}e\x{301}e\x{301}e\x{301}e\x{301}e\x{301}e\x{301}e\x{301}e\x{301}e\x{301}e\x{301}e\x{301}e\x{301}e\x{301}e\x{301}e\x{301}e\x{301}e\x{301}e\x{301}e\x{301} e\x{301}e\x{301}e\x{301}e\x{301}e\x{301}e\x{301}e\x{301}e\x{301}e\x{301}e\x{301}e\x{301}e\x{301}e\x{301}e\x{301}e\x{301}e\x{301}e\x{301}e\x{301}e\x{301}e\x{301}e\x{301}e\x{301}"
          text run at (924,3424) width 0: " "
          text run at (0,3440) width 924: "e\x{301}e\x{301}e\x{301}e\x{301}e\x{301}e\x{301}e\x{301}e\x{301}e\x{301}e\x{301}e\x{301}e\x{301}e\x{301}e\x{301}e\x{301}e\x{301}e\x{301}e\x{301}e\x{301}e\x{301}e\x{301}e\x{301}e\x{301}e\x{301}e\x{301}e\x{301}e\x{301}e\x{301}e\x{301}e\x{301}e\x{301}e\x{301} e\x{301} e\x{301}e\x{301}e\x{301}e\x{301}e\x{301}e\x{301}e\x{301}e\x{301}e\x{301}e\x{301}e\x{301}e\x{301}e\x{301}e\x{301}e\x{301}e\x{301}e\x{301}e\x{301}e\x{301}e\x{301}e\x{301}e\x{301}e\x{301}e\x{301}e\x{301}e\x{301}e\x{301}e\x{301}e\x{301}e\x{301}e\x{301}e\x{301}e\x{301}e\x{301}e\x{301}e\x{301}e\x{301}e\x{301}e\x{301}e\x{301}e\x{301}e\x{301}e\x{301} e\x{301}e\x{301}e\x{301}e\x{301}e\x{301}e\x{301}e\x{301}e\x{301}e\x{301}e\x{301}e\x{301}e\x{301}e\x{301}e\x{301}e\x{301}e\x{301}e\x{301}e\x{301}e\x{301}e\x{301}e\x{301}e\x{301}e\x{301}e\x{301}e\x{301}e\x{301}e\x{301}e\x{301}e\x{301}e\x{301} e\x{301}e\x{301}e\x{301}e\x{301}e\x{301}e\x{301}e\x{301}e\x{301}e\x{301}e\x{301}e\x{301}e\x{301}e\x{301}e\x{301}e\x{301}e\x{301}e\x{301}e\x{301}e\x{301}e\x{301}e\x{301}e\x{301}"
          text run at (924,3440) width 0: " "
          text run at (0,3456) width 924: "e\x{301}e\x{301}e\x{301}e\x{301}e\x{301}e\x{301}e\x{301}e\x{301}e\x{301}e\x{301}e\x{301}e\x{301}e\x{301}e\x{301}e\x{301}e\x{301}e\x{301}e\x{301}e\x{301}e\x{301}e\x{301}e\x{301}e\x{301}e\x{301}e\x{301}e\x{301}e\x{301}e\x{301}e\x{301}e\x{301}e\x{301}e\x{301} e\x{301} e\x{301}e\x{301}e\x{301}e\x{301}e\x{301}e\x{301}e\x{301}e\x{301}e\x{301}e\x{301}e\x{301}e\x{301}e\x{301}e\x{301}e\x{301}e\x{301}e\x{301}e\x{301}e\x{301}e\x{301}e\x{301}e\x{301}e\x{301}e\x{301}e\x{301}e\x{301}e\x{301}e\x{301}e\x{301}e\x{301}e\x{301}e\x{301}e\x{301}e\x{301}e\x{301}e\x{301}e\x{301}e\x{301}e\x{301}e\x{301}e\x{301}e\x{301}e\x{301} e\x{301}e\x{301}e\x{301}e\x{301}e\x{301}e\x{301}e\x{301}e\x{301}e\x{301}e\x{301}e\x{301}e\x{301}e\x{301}e\x{301}e\x{301}e\x{301}e\x{301}e\x{301}e\x{301}e\x{301}e\x{301}e\x{301}e\x{301}e\x{301}e\x{301}e\x{301}e\x{301}e\x{301}e\x{301}e\x{301} e\x{301}e\x{301}e\x{301}e\x{301}e\x{301}e\x{301}e\x{301}e\x{301}e\x{301}e\x{301}e\x{301}e\x{301}e\x{301}e\x{301}e\x{301}e\x{301}e\x{301}e\x{301}e\x{301}e\x{301}e\x{301}e\x{301}"
          text run at (924,3456) width 0: " "
          text run at (0,3472) width 924: "e\x{301}e\x{301}e\x{301}e\x{301}e\x{301}e\x{301}e\x{301}e\x{301}e\x{301}e\x{301}e\x{301}e\x{301}e\x{301}e\x{301}e\x{301}e\x{301}e\x{301}e\x{301}e\x{301}e\x{301}e\x{301}e\x{301}e\x{301}e\x{301}e\x{301}e\x{301}e\x{301}e\x{301}e\x{301}e\x{301}e\x{301}e\x{301} e\x{301} e\x{301}e\x{301}e\x{301}e\x{301}e\x{301}e\x{301}e\x{301}e\x{301}e\x{301}e\x{301}e\x{301}e\x{301}e\x{301}e\x{301}e\x{301}e\x{301}e\x{301}e\x{301}e\x{301}e\x{301}e\x{301}e\x{301}e\x{301}e\x{301}e\x{301}e\x{301}e\x{301}e\x{301}e\x{301}e\x{301}e\x{301}e\x{301}e\x{301}e\x{301}e\x{301}e\x{301}e\x{301}e\x{301}e\x{301}e\x{301}e\x{301}e\x{301}e\x{301} e\x{301}e\x{301}e\x{301}e\x{301}e\x{301}e\x{301}e\x{301}e\x{301}e\x{301}e\x{301}e\x{301}e\x{301}e\x{301}e\x{301}e\x{301}e\x{301}e\x{301}e\x{301}e\x{301}e\x{301}e\x{301}e\x{301}e\x{301}e\x{301}e\x{301}e\x{301}e\x{301}e\x{301}e\x{301}e\x{301} e\x{301}e\x{301}e\x{301}e\x{301}e\x{301}e\x{301}e\x{301}e\x{301}e\x{301}e\x{301}e\x{301}e\x{301}e\x{301}e\x{301}e\x{301}e\x{301}e\x{301}e\x{301}e\x{301}e\x{301}e\x{301}e\x{301}"
          text run at (924,3472) width 0: " "
          text run at (0,3488) width 924: "e\x{301}e\x{301}e\x{301}e\x{301}e\x{301}e\x{301}e\x{301}e\x{301}e\x{301}e\x{301}e\x{301}e\x{301}e\x{301}e\x{301}e\x{301}e\x{301}e\x{301}e\x{301}e\x{301}e\x{301}e\x{301}e\x{301}e\x{301}e\x{301}e\x{301}e\x{301}e\x{301}e\x{301}e\x{301}e\x{301}e\x{301}e\x{301} e\x{301} e\x{301}e\x{301}e\x{301}e\x{301}e\x{301}e\x{301}e\x{301}e\x{301}e\x{301}e\x{301}e\x{301}e\x{301}e\x{301}e\x{301}e\x{301}e\x{301}e\x{301}e\x{301}e\x{301}e\x{301}e\x{301}e\x{301}e\x{301}e\x{301}e\x{301}e\x{301}e\x{301}e\x{301}e\x{301}e\x{301}e\x{301}e\x{301}e\x{301}e\x{301}e\x{301}e\x{301}e\x{301}e\x{301}e\x{301}e\x{301}e\x{301}e\x{301}e\x{301} e\x{301}e\x{301}e\x{301}e\x{301}e\x{301}e\x{301}e\x{301}e\x{301}e\x{301}e\x{301}e\x{301}e\x{301}e\x{301}e\x{301}e\x{301}e\x{301}e\x{301}e\x{301}e\x{301}e\x{301}e\x{301}e\x{301}e\x{301}e\x{301}e\x{301}e\x{301}e\x{301}e\x{301}e\x{301}e\x{301} e\x{301}e\x{301}e\x{301}e\x{301}e\x{301}e\x{301}e\x{301}e\x{301}e\x{301}e\x{301}e\x{301}e\x{301}e\x{301}e\x{301}e\x{301}e\x{301}e\x{301}e\x{301}e\x{301}e\x{301}e\x{301}e\x{301}"
          text run at (924,3488) width 0: " "
          text run at (0,3504) width 924: "e\x{301}e\x{301}e\x{301}e\x{301}e\x{301}e\x{301}e\x{301}e\x{301}e\x{301}e\x{301}e\x{301}e\x{301}e\x{301}e\x{301}e\x{301}e\x{301}e\x{301}e\x{301}e\x{301}e\x{301}e\x{301}e\x{301}e\x{301}e\x{301}e\x{301}e\x{301}e\x{301}e\x{301}e\x{301}e\x{301}e\x{301}e\x{301} e\x{301} e\x{301}e\x{301}e\x{301}e\x{301}e\x{301}e\x{301}e\x{301}e\x{301}e\x{301}e\x{301}e\x{301}e\x{301}e\x{301}e\x{301}e\x{301}e\x{301}e\x{301}e\x{301}e\x{301}e\x{301}e\x{301}e\x{301}e\x{301}e\x{301}e\x{301}e\x{301}e\x{301}e\x{301}e\x{301}e\x{301}e\x{301}e\x{301}e\x{301}e\x{301}e\x{301}e\x{301}e\x{301}e\x{301}e\x{301}e\x{301}e\x{301}e\x{301}e\x{301} e\x{301}e\x{301}e\x{301}e\x{301}e\x{301}e\x{301}e\x{301}e\x{301}e\x{301}e\x{301}e\x{301}e\x{301}e\x{301}e\x{301}e\x{301}e\x{301}e\x{301}e\x{301}e\x{301}e\x{301}e\x{301}e\x{301}e\x{301}e\x{301}e\x{301}e\x{301}e\x{301}e\x{301}e\x{301}e\x{301} e\x{301}e\x{301}e\x{301}e\x{301}e\x{301}e\x{301}e\x{301}e\x{301}e\x{301}e\x{301}e\x{301}e\x{301}e\x{301}e\x{301}e\x{301}e\x{301}e\x{301}e\x{301}e\x{301}e\x{301}e\x{301}e\x{301}"
          text run at (924,3504) width 0: " "
          text run at (0,3520) width 924: "e\x{301}e\x{301}e\x{301}e\x{301}e\x{301}e\x{301}e\x{301}e\x{301}e\x{301}e\x{301}e\x{301}e\x{301}e\x{301}e\x{301}e\x{301}e\x{301}e\x{301}e\x{301}e\x{301}e\x{301}e\x{301}e\x{301}e\x{301}e\x{301}e\x{301}e\x{301}e\x{301}e\x{301}e\x{301}e\x{301}e\x{301}e\x{301} e\x{301} e\x{301}e\x{301}e\x{301}e\x{301}e\x{301}e\x{301}e\x{301}e\x{301}e\x{301}e\x{301}e\x{301}e\x{301}e\x{301}e\x{301}e\x{301}e\x{301}e\x{301}e\x{301}e\x{301}e\x{301}e\x{301}e\x{301}e\x{301}e\x{301}e\x{301}e\x{301}e\x{301}e\x{301}e\x{301}e\x{301}e\x{301}e\x{301}e\x{301}e\x{301}e\x{301}e\x{301}e\x{301}e\x{301}e\x{301}e\x{301}e\x{301}e\x{301}e\x{301} e\x{301}e\x{301}e\x{301}e\x{301}e\x{301}e\x{301}e\x{301}e\x{301}e\x{301}e\x{301}e\x{301}e\x{301}e\x{301}e\x{301}e\x{301}e\x{301}e\x{301}e\x{301}e\x{301}e\x{301}e\x{301}e\x{301}e\x{301}e\x{301}e\x{301}e\x{301}e\x{301}e\x{301}e\x{301}e\x{301} e\x{301}e\x{301}e\x{301}e\x{301}e\x{301}e\x{301}e\x{301}e\x{301}e\x{301}e\x{301}e\x{301}e\x{301}e\x{301}e\x{301}e\x{301}e\x{301}e\x{301}e\x{301}e\x{301}e\x{301}e\x{301}e\x{301}"
          text run at (924,3520) width 0: " "
          text run at (0,3536) width 924: "e\x{301}e\x{301}e\x{301}e\x{301}e\x{301}e\x{301}e\x{301}e\x{301}e\x{301}e\x{301}e\x{301}e\x{301}e\x{301}e\x{301}e\x{301}e\x{301}e\x{301}e\x{301}e\x{301}e\x{301}e\x{301}e\x{301}e\x{301}e\x{301}e\x{301}e\x{301}e\x{301}e\x{301}e\x{301}e\x{301}e\x{301}e\x{301} e\x{301} e\x{301}e\x{301}e\x{301}e\x{301}e\x{301}e\x{301}e\x{301}e\x{301}e\x{301}e\x{301}e\x{301}e\x{301}e\x{301}e\x{301}e\x{301}e\x{301}e\x{301}e\x{301}e\x{301}e\x{301}e\x{301}e\x{301}e\x{301}e\x{301}e\x{301}e\x{301}e\x{301}e\x{301}e\x{301}e\x{301}e\x{301}e\x{301}e\x{301}e\x{301}e\x{301}e\x{301}e\x{301}e\x{301}e\x{301}e\x{301}e\x{301}e\x{301}e\x{301} e\x{301}e\x{301}e\x{301}e\x{301}e\x{301}e\x{301}e\x{301}e\x{301}e\x{301}e\x{301}e\x{301}e\x{301}e\x{301}e\x{301}e\x{301}e\x{301}e\x{301}e\x{301}e\x{301}e\x{301}e\x{301}e\x{301}e\x{301}e\x{301}e\x{301}e\x{301}e\x{301}e\x{301}e\x{301}e\x{301} e\x{301}e\x{301}e\x{301}e\x{301}e\x{301}e\x{301}e\x{301}e\x{301}e\x{301}e\x{301}e\x{301}e\x{301}e\x{301}e\x{301}e\x{301}e\x{301}e\x{301}e\x{301}e\x{301}e\x{301}e\x{301}e\x{301}"
          text run at (924,3536) width 0: " "
          text run at (0,3552) width 924: "e\x{301}e\x{301}e\x{301}e\x{301}e\x{301}e\x{301}e\x{301}e\x{301}e\x{301}e\x{301}e\x{301}e\x{301}e\x{301}e\x{301}e\x{301}e\x{301}e\x{301}e\x{301}e\x{301}e\x{301}e\x{301}e\x{301}e\x{301}e\x{301}e\x{301}e\x{301}e\x{301}e\x{301}e\x{301}e\x{301}e\x{301}e\x{301} e\x{301} e\x{301}e\x{301}e\x{301}e\x{301}e\x{301}e\x{301}e\x{301}e\x{301}e\x{301}e\x{301}e\x{301}e\x{301}e\x{301}e\x{301}e\x{301}e\x{301}e\x{301}e\x{301}e\x{301}e\x{301}e\x{301}e\x{301}e\x{301}e\x{301}e\x{301}e\x{301}e\x{301}e\x{301}e\x{301}e\x{301}e\x{301}e\x{301}e\x{301}e\x{301}e\x{301}e\x{301}e\x{301}e\x{301}e\x{301}e\x{301}e\x{301}e\x{301}e\x{301} e\x{301}e\x{301}e\x{301}e\x{301}e\x{301}e\x{301}e\x{301}e\x{301}e\x{301}e\x{301}e\x{301}e\x{301}e\x{301}e\x{301}e\x{301}e\x{301}e\x{301}e\x{301}e\x{301}e\x{301}e\x{301}e\x{301}e\x{301}e\x{301}e\x{301}e\x{301}e\x{301}e\x{301}e\x{301}e\x{301} e\x{301}e\x{301}e\x{301}e\x{301}e\x{301}e\x{301}e\x{301}e\x{301}e\x{301}e\x{301}e\x{301}e\x{301}e\x{301}e\x{301}e\x{301}e\x{301}e\x{301}e\x{301}e\x{301}e\x{301}e\x{301}e\x{301}"
          text run at (924,3552) width 0: " "
          text run at (0,3568) width 924: "e\x{301}e\x{301}e\x{301}e\x{301}e\x{301}e\x{301}e\x{301}e\x{301}e\x{301}e\x{301}e\x{301}e\x{301}e\x{301}e\x{301}e\x{301}e\x{301}e\x{301}e\x{301}e\x{301}e\x{301}e\x{301}e\x{301}e\x{301}e\x{301}e\x{301}e\x{301}e\x{301}e\x{301}e\x{301}e\x{301}e\x{301}e\x{301} e\x{301} e\x{301}e\x{301}e\x{301}e\x{301}e\x{301}e\x{301}e\x{301}e\x{301}e\x{301}e\x{301}e\x{301}e\x{301}e\x{301}e\x{301}e\x{301}e\x{301}e\x{301}e\x{301}e\x{301}e\x{301}e\x{301}e\x{301}e\x{301}e\x{301}e\x{301}e\x{301}e\x{301}e\x{301}e\x{301}e\x{301}e\x{301}e\x{301}e\x{301}e\x{301}e\x{301}e\x{301}e\x{301}e\x{301}e\x{301}e\x{301}e\x{301}e\x{301}e\x{301} e\x{301}e\x{301}e\x{301}e\x{301}e\x{301}e\x{301}e\x{301}e\x{301}e\x{301}e\x{301}e\x{301}e\x{301}e\x{301}e\x{301}e\x{301}e\x{301}e\x{301}e\x{301}e\x{301}e\x{301}e\x{301}e\x{301}e\x{301}e\x{301}e\x{301}e\x{301}e\x{301}e\x{301}e\x{301}e\x{301} e\x{301}e\x{301}e\x{301}e\x{301}e\x{301}e\x{301}e\x{301}e\x{301}e\x{301}e\x{301}e\x{301}e\x{301}e\x{301}e\x{301}e\x{301}e\x{301}e\x{301}e\x{301}e\x{301}e\x{301}e\x{301}e\x{301}"
          text run at (924,3568) width 0: " "
          text run at (0,3584) width 924: "e\x{301}e\x{301}e\x{301}e\x{301}e\x{301}e\x{301}e\x{301}e\x{301}e\x{301}e\x{301}e\x{301}e\x{301}e\x{301}e\x{301}e\x{301}e\x{301}e\x{301}e\x{301}e\x{301}e\x{301}e\x{301}e\x{301}e\x{301}e\x{301}e\x{301}e\x{301}e\x{301}e\x{301}e\x{301}e\x{301}e\x{301}e\x{301} e\x{301} e\x{301}e\x{301}e\x{301}e\x{301}e\x{301}e\x{301}e\x{301}e\x{301}e\x{301}e\x{301}e\x{301}e\x{301}e\x{301}e\x{301}e\x{301}e\x{301}e\x{301}e\x{301}e\x{301}e\x{301}e\x{301}e\x{301}e\x{301}e\x{301}e\x{301}e\x{301}e\x{301}e\x{301}e\x{301}e\x{301}e\x{301}e\x{301}e\x{301}e\x{301}e\x{301}e\x{301}e\x{301}e\x{301}e\x{301}e\x{301}e\x{301}e\x{301}e\x{301} e\x{301}e\x{301}e\x{301}e\x{301}e\x{301}e\x{301}e\x{301}e\x{301}e\x{301}e\x{301}e\x{301}e\x{301}e\x{301}e\x{301}e\x{301}e\x{301}e\x{301}e\x{301}e\x{301}e\x{301}e\x{301}e\x{301}e\x{301}e\x{301}e\x{301}e\x{301}e\x{301}e\x{301}e\x{301}e\x{301} e\x{301}e\x{301}e\x{301}e\x{301}e\x{301}e\x{301}e\x{301}e\x{301}e\x{301}e\x{301}e\x{301}e\x{301}e\x{301}e\x{301}e\x{301}e\x{301}e\x{301}e\x{301}e\x{301}e\x{301}e\x{301}e\x{301}"
          text run at (924,3584) width 0: " "
          text run at (0,3600) width 924: "e\x{301}e\x{301}e\x{301}e\x{301}e\x{301}e\x{301}e\x{301}e\x{301}e\x{301}e\x{301}e\x{301}e\x{301}e\x{301}e\x{301}e\x{301}e\x{301}e\x{301}e\x{301}e\x{301}e\x{301}e\x{301}e\x{301}e\x{301}e\x{301}e\x{301}e\x{301}e\x{301}e\x{301}e\x{301}e\x{301}e\x{301}e\x{301} e\x{301} e\x{301}e\x{301}e\x{301}e\x{301}e\x{301}e\x{301}e\x{301}e\x{301}e\x{301}e\x{301}e\x{301}e\x{301}e\x{301}e\x{301}e\x{301}e\x{301}e\x{301}e\x{301}e\x{301}e\x{301}e\x{301}e\x{301}e\x{301}e\x{301}e\x{301}e\x{301}e\x{301}e\x{301}e\x{301}e\x{301}e\x{301}e\x{301}e\x{301}e\x{301}e\x{301}e\x{301}e\x{301}e\x{301}e\x{301}e\x{301}e\x{301}e\x{301}e\x{301} e\x{301}e\x{301}e\x{301}e\x{301}e\x{301}e\x{301}e\x{301}e\x{301}e\x{301}e\x{301}e\x{301}e\x{301}e\x{301}e\x{301}e\x{301}e\x{301}e\x{301}e\x{301}e\x{301}e\x{301}e\x{301}e\x{301}e\x{301}e\x{301}e\x{301}e\x{301}e\x{301}e\x{301}e\x{301}e\x{301} e\x{301}e\x{301}e\x{301}e\x{301}e\x{301}e\x{301}e\x{301}e\x{301}e\x{301}e\x{301}e\x{301}e\x{301}e\x{301}e\x{301}e\x{301}e\x{301}e\x{301}e\x{301}e\x{301}e\x{301}e\x{301}e\x{301}"
          text run at (924,3600) width 0: " "
          text run at (0,3616) width 924: "e\x{301}e\x{301}e\x{301}e\x{301}e\x{301}e\x{301}e\x{301}e\x{301}e\x{301}e\x{301}e\x{301}e\x{301}e\x{301}e\x{301}e\x{301}e\x{301}e\x{301}e\x{301}e\x{301}e\x{301}e\x{301}e\x{301}e\x{301}e\x{301}e\x{301}e\x{301}e\x{301}e\x{301}e\x{301}e\x{301}e\x{301}e\x{301} e\x{301} e\x{301}e\x{301}e\x{301}e\x{301}e\x{301}e\x{301}e\x{301}e\x{301}e\x{301}e\x{301}e\x{301}e\x{301}e\x{301}e\x{301}e\x{301}e\x{301}e\x{301}e\x{301}e\x{301}e\x{301}e\x{301}e\x{301}e\x{301}e\x{301}e\x{301}e\x{301}e\x{301}e\x{301}e\x{301}e\x{301}e\x{301}e\x{301}e\x{301}e\x{301}e\x{301}e\x{301}e\x{301}e\x{301}e\x{301}e\x{301}e\x{301}e\x{301}e\x{301} e\x{301}e\x{301}e\x{301}e\x{301}e\x{301}e\x{301}e\x{301}e\x{301}e\x{301}e\x{301}e\x{301}e\x{301}e\x{301}e\x{301}e\x{301}e\x{301}e\x{301}e\x{301}e\x{301}e\x{301}e\x{301}e\x{301}e\x{301}e\x{301}e\x{301}e\x{301}e\x{301}e\x{301}e\x{301}e\x{301} e\x{301}e\x{301}e\x{301}e\x{301}e\x{301}e\x{301}e\x{301}e\x{301}e\x{301}e\x{301}e\x{301}e\x{301}e\x{301}e\x{301}e\x{301}e\x{301}e\x{301}e\x{301}e\x{301}e\x{301}e\x{301}e\x{301}"
          text run at (924,3616) width 0: " "
          text run at (0,3632) width 924: "e\x{301}e\x{301}e\x{301}e\x{301}e\x{301}e\x{301}e\x{301}e\x{301}e\x{301}e\x{301}e\x{301}e\x{301}e\x{301}e\x{301}e\x{301}e\x{301}e\x{301}e\x{301}e\x{301}e\x{301}e\x{301}e\x{301}e\x{301}e\x{301}e\x{301}e\x{301}e\x{301}e\x{301}e\x{301}e\x{301}e\x{301}e\x{301} e\x{301} e\x{301}e\x{301}e\x{301}e\x{301}e\x{301}e\x{301}e\x{301}e\x{301}e\x{301}e\x{301}e\x{301}e\x{301}e\x{301}e\x{301}e\x{301}e\x{301}e\x{301}e\x{301}e\x{301}e\x{301}e\x{301}e\x{301}e\x{301}e\x{301}e\x{301}e\x{301}e\x{301}e\x{301}e\x{301}e\x{301}e\x{301}e\x{301}e\x{301}e\x{301}e\x{301}e\x{301}e\x{301}e\x{301}e\x{301}e\x{301}e\x{301}e\x{301}e\x{301} e\x{301}e\x{301}e\x{301}e\x{301}e\x{301}e\x{301}e\x{301}e\x{301}e\x{301}e\x{301}e\x{301}e\x{301}e\x{301}e\x{301}e\x{301}e\x{301}e\x{301}e\x{301}e\x{301}e\x{301}e\x{301}e\x{301}e\x{301}e\x{301}e\x{301}e\x{301}e\x{301}e\x{301}e\x{301}e\x{301} e\x{301}e\x{301}e\x{301}e\x{301}e\x{301}e\x{301}e\x{301}e\x{301}e\x{301}e\x{301}e\x{301}e\x{301}e\x{301}e\x{301}e\x{301}e\x{301}e\x{301}e\x{301}e\x{301}e\x{301}e\x{301}e\x{301}"
          text run at (924,3632) width 0: " "
          text run at (0,3648) width 924: "e\x{301}e\x{301}e\x{301}e\x{301}e\x{301}e\x{301}e\x{301}e\x{301}e\x{301}e\x{301}e\x{301}e\x{301}e\x{301}e\x{301}e\x{301}e\x{301}e\x{301}e\x{301}e\x{301}e\x{301}e\x{301}e\x{301}e\x{301}e\x{301}e\x{301}e\x{301}e\x{301}e\x{301}e\x{301}e\x{301}e\x{301}e\x{301} e\x{301} e\x{301}e\x{301}e\x{301}e\x{301}e\x{301}e\x{301}e\x{301}e\x{301}e\x{301}e\x{301}e\x{301}e\x{301}e\x{301}e\x{301}e\x{301}e\x{301}e\x{301}e\x{301}e\x{301}e\x{301}e\x{301}e\x{301}e\x{301}e\x{301}e\x{301}e\x{301}e\x{301}e\x{301}e\x{301}e\x{301}e\x{301}e\x{301}e\x{301}e\x{301}e\x{301}e\x{301}e\x{301}e\x{301}e\x{301}e\x{301}e\x{301}e\x{301}e\x{301} e\x{301}e\x{301}e\x{301}e\x{301}e\x{301}e\x{301}e\x{301}e\x{301}e\x{301}e\x{301}e\x{301}e\x{301}e\x{301}e\x{301}e\x{301}e\x{301}e\x{301}e\x{301}e\x{301}e\x{301}e\x{301}e\x{301}e\x{301}e\x{301}e\x{301}e\x{301}e\x{301}e\x{301}e\x{301}e\x{301} e\x{301}e\x{301}e\x{301}e\x{301}e\x{301}e\x{301}e\x{301}e\x{301}e\x{301}e\x{301}e\x{301}e\x{301}e\x{301}e\x{301}e\x{301}e\x{301}e\x{301}e\x{301}e\x{301}e\x{301}e\x{301}e\x{301}"
          text run at (924,3648) width 0: " "
          text run at (0,3664) width 924: "e\x{301}e\x{301}e\x{301}e\x{301}e\x{301}e\x{301}e\x{301}e\x{301}e\x{301}e\x{301}e\x{301}e\x{301}e\x{301}e\x{301}e\x{301}e\x{301}e\x{301}e\x{301}e\x{301}e\x{301}e\x{301}e\x{301}e\x{301}e\x{301}e\x{301}e\x{301}e\x{301}e\x{301}e\x{301}e\x{301}e\x{301}e\x{301} e\x{301} e\x{301}e\x{301}e\x{301}e\x{301}e\x{301}e\x{301}e\x{301}e\x{301}e\x{301}e\x{301}e\x{301}e\x{301}e\x{301}e\x{301}e\x{301}e\x{301}e\x{301}e\x{301}e\x{301}e\x{301}e\x{301}e\x{301}e\x{301}e\x{301}e\x{301}e\x{301}e\x{301}e\x{301}e\x{301}e\x{301}e\x{301}e\x{301}e\x{301}e\x{301}e\x{301}e\x{301}e\x{301}e\x{301}e\x{301}e\x{301}e\x{301}e\x{301}e\x{301} e\x{301}e\x{301}e\x{301}e\x{301}e\x{301}e\x{301}e\x{301}e\x{301}e\x{301}e\x{301}e\x{301}e\x{301}e\x{301}e\x{301}e\x{301}e\x{301}e\x{301}e\x{301}e\x{301}e\x{301}e\x{301}e\x{301}e\x{301}e\x{301}e\x{301}e\x{301}e\x{301}e\x{301}e\x{301}e\x{301} e\x{301}e\x{301}e\x{301}e\x{301}e\x{301}e\x{301}e\x{301}e\x{301}e\x{301}e\x{301}e\x{301}e\x{301}e\x{301}e\x{301}e\x{301}e\x{301}e\x{301}e\x{301}e\x{301}e\x{301}e\x{301}e\x{301}"
          text run at (924,3664) width 0: " "
          text run at (0,3680) width 924: "e\x{301}e\x{301}e\x{301}e\x{301}e\x{301}e\x{301}e\x{301}e\x{301}e\x{301}e\x{301}e\x{301}e\x{301}e\x{301}e\x{301}e\x{301}e\x{301}e\x{301}e\x{301}e\x{301}e\x{301}e\x{301}e\x{301}e\x{301}e\x{301}e\x{301}e\x{301}e\x{301}e\x{301}e\x{301}e\x{301}e\x{301}e\x{301} e\x{301} e\x{301}e\x{301}e\x{301}e\x{301}e\x{301}e\x{301}e\x{301}e\x{301}e\x{301}e\x{301}e\x{301}e\x{301}e\x{301}e\x{301}e\x{301}e\x{301}e\x{301}e\x{301}e\x{301}e\x{301}e\x{301}e\x{301}e\x{301}e\x{301}e\x{301}e\x{301}e\x{301}e\x{301}e\x{301}e\x{301}e\x{301}e\x{301}e\x{301}e\x{301}e\x{301}e\x{301}e\x{301}e\x{301}e\x{301}e\x{301}e\x{301}e\x{301}e\x{301} e\x{301}e\x{301}e\x{301}e\x{301}e\x{301}e\x{301}e\x{301}e\x{301}e\x{301}e\x{301}e\x{301}e\x{301}e\x{301}e\x{301}e\x{301}e\x{301}e\x{301}e\x{301}e\x{301}e\x{301}e\x{301}e\x{301}e\x{301}e\x{301}e\x{301}e\x{301}e\x{301}e\x{301}e\x{301}e\x{301} e\x{301}e\x{301}e\x{301}e\x{301}e\x{301}e\x{301}e\x{301}e\x{301}e\x{301}e\x{301}e\x{301}e\x{301}e\x{301}e\x{301}e\x{301}e\x{301}e\x{301}e\x{301}e\x{301}e\x{301}e\x{301}e\x{301}"
          text run at (924,3680) width 0: " "
          text run at (0,3696) width 924: "e\x{301}e\x{301}e\x{301}e\x{301}e\x{301}e\x{301}e\x{301}e\x{301}e\x{301}e\x{301}e\x{301}e\x{301}e\x{301}e\x{301}e\x{301}e\x{301}e\x{301}e\x{301}e\x{301}e\x{301}e\x{301}e\x{301}e\x{301}e\x{301}e\x{301}e\x{301}e\x{301}e\x{301}e\x{301}e\x{301}e\x{301}e\x{301} e\x{301} e\x{301}e\x{301}e\x{301}e\x{301}e\x{301}e\x{301}e\x{301}e\x{301}e\x{301}e\x{301}e\x{301}e\x{301}e\x{301}e\x{301}e\x{301}e\x{301}e\x{301}e\x{301}e\x{301}e\x{301}e\x{301}e\x{301}e\x{301}e\x{301}e\x{301}e\x{301}e\x{301}e\x{301}e\x{301}e\x{301}e\x{301}e\x{301}e\x{301}e\x{301}e\x{301}e\x{301}e\x{301}e\x{301}e\x{301}e\x{301}e\x{301}e\x{301}e\x{301} e\x{301}e\x{301}e\x{301}e\x{301}e\x{301}e\x{301}e\x{301}e\x{301}e\x{301}e\x{301}e\x{301}e\x{301}e\x{301}e\x{301}e\x{301}e\x{301}e\x{301}e\x{301}e\x{301}e\x{301}e\x{301}e\x{301}e\x{301}e\x{301}e\x{301}e\x{301}e\x{301}e\x{301}e\x{301}e\x{301} e\x{301}e\x{301}e\x{301}e\x{301}e\x{301}e\x{301}e\x{301}e\x{301}e\x{301}e\x{301}e\x{301}e\x{301}e\x{301}e\x{301}e\x{301}e\x{301}e\x{301}e\x{301}e\x{301}e\x{301}e\x{301}e\x{301}"
          text run at (924,3696) width 0: " "
          text run at (0,3712) width 924: "e\x{301}e\x{301}e\x{301}e\x{301}e\x{301}e\x{301}e\x{301}e\x{301}e\x{301}e\x{301}e\x{301}e\x{301}e\x{301}e\x{301}e\x{301}e\x{301}e\x{301}e\x{301}e\x{301}e\x{301}e\x{301}e\x{301}e\x{301}e\x{301}e\x{301}e\x{301}e\x{301}e\x{301}e\x{301}e\x{301}e\x{301}e\x{301} e\x{301} e\x{301}e\x{301}e\x{301}e\x{301}e\x{301}e\x{301}e\x{301}e\x{301}e\x{301}e\x{301}e\x{301}e\x{301}e\x{301}e\x{301}e\x{301}e\x{301}e\x{301}e\x{301}e\x{301}e\x{301}e\x{301}e\x{301}e\x{301}e\x{301}e\x{301}e\x{301}e\x{301}e\x{301}e\x{301}e\x{301}e\x{301}e\x{301}e\x{301}e\x{301}e\x{301}e\x{301}e\x{301}e\x{301}e\x{301}e\x{301}e\x{301}e\x{301}e\x{301} e\x{301}e\x{301}e\x{301}e\x{301}e\x{301}e\x{301}e\x{301}e\x{301}e\x{301}e\x{301}e\x{301}e\x{301}e\x{301}e\x{301}e\x{301}e\x{301}e\x{301}e\x{301}e\x{301}e\x{301}e\x{301}e\x{301}e\x{301}e\x{301}e\x{301}e\x{301}e\x{301}e\x{301}e\x{301}e\x{301} e\x{301}e\x{301}e\x{301}e\x{301}e\x{301}e\x{301}e\x{301}e\x{301}e\x{301}e\x{301}e\x{301}e\x{301}e\x{301}e\x{301}e\x{301}e\x{301}e\x{301}e\x{301}e\x{301}e\x{301}e\x{301}e\x{301}"
          text run at (924,3712) width 0: " "
          text run at (0,3728) width 924: "e\x{301}e\x{301}e\x{301}e\x{301}e\x{301}e\x{301}e\x{301}e\x{301}e\x{301}e\x{301}e\x{301}e\x{301}e\x{301}e\x{301}e\x{301}e\x{301}e\x{301}e\x{301}e\x{301}e\x{301}e\x{301}e\x{301}e\x{301}e\x{301}e\x{301}e\x{301}e\x{301}e\x{301}e\x{301}e\x{301}e\x{301}e\x{301} e\x{301} e\x{301}e\x{301}e\x{301}e\x{301}e\x{301}e\x{301}e\x{301}e\x{301}e\x{301}e\x{301}e\x{301}e\x{301}e\x{301}e\x{301}e\x{301}e\x{301}e\x{301}e\x{301}e\x{301}e\x{301}e\x{301}e\x{301}e\x{301}e\x{301}e\x{301}e\x{301}e\x{301}e\x{301}e\x{301}e\x{301}e\x{301}e\x{301}e\x{301}e\x{301}e\x{301}e\x{301}e\x{301}e\x{301}e\x{301}e\x{301}e\x{301}e\x{301}e\x{301} e\x{301}e\x{301}e\x{301}e\x{301}e\x{301}e\x{301}e\x{301}e\x{301}e\x{301}e\x{301}e\x{301}e\x{301}e\x{301}e\x{301}e\x{301}e\x{301}e\x{301}e\x{301}e\x{301}e\x{301}e\x{301}e\x{301}e\x{301}e\x{301}e\x{301}e\x{301}e\x{301}e\x{301}e\x{301}e\x{301} e\x{301}e\x{301}e\x{301}e\x{301}e\x{301}e\x{301}e\x{301}e\x{301}e\x{301}e\x{301}e\x{301}e\x{301}e\x{301}e\x{301}e\x{301}e\x{301}e\x{301}e\x{301}e\x{301}e\x{301}e\x{301}e\x{301}"
          text run at (924,3728) width 0: " "
          text run at (0,3744) width 924: "e\x{301}e\x{301}e\x{301}e\x{301}e\x{301}e\x{301}e\x{301}e\x{301}e\x{301}e\x{301}e\x{301}e\x{301}e\x{301}e\x{301}e\x{301}e\x{301}e\x{301}e\x{301}e\x{301}e\x{301}e\x{301}e\x{301}e\x{301}e\x{301}e\x{301}e\x{301}e\x{301}e\x{301}e\x{301}e\x{301}e\x{301}e\x{301} e\x{301} e\x{301}e\x{301}e\x{301}e\x{301}e\x{301}e\x{301}e\x{301}e\x{301}e\x{301}e\x{301}e\x{301}e\x{301}e\x{301}e\x{301}e\x{301}e\x{301}e\x{301}e\x{301}e\x{301}e\x{301}e\x{301}e\x{301}e\x{301}e\x{301}e\x{301}e\x{301}e\x{301}e\x{301}e\x{301}e\x{301}e\x{301}e\x{301}e\x{301}e\x{301}e\x{301}e\x{301}e\x{301}e\x{301}e\x{301}e\x{301}e\x{301}e\x{301}e\x{301} e\x{301}e\x{301}e\x{301}e\x{301}e\x{301}e\x{301}e\x{301}e\x{301}e\x{301}e\x{301}e\x{301}e\x{301}e\x{301}e\x{301}e\x{301}e\x{301}e\x{301}e\x{301}e\x{301}e\x{301}e\x{301}e\x{301}e\x{301}e\x{301}e\x{301}e\x{301}e\x{301}e\x{301}e\x{301}e\x{301} e\x{301}e\x{301}e\x{301}e\x{301}e\x{301}e\x{301}e\x{301}e\x{301}e\x{301}e\x{301}e\x{301}e\x{301}e\x{301}e\x{301}e\x{301}e\x{301}e\x{301}e\x{301}e\x{301}e\x{301}e\x{301}e\x{301}"
          text run at (924,3744) width 0: " "
          text run at (0,3760) width 924: "e\x{301}e\x{301}e\x{301}e\x{301}e\x{301}e\x{301}e\x{301}e\x{301}e\x{301}e\x{301}e\x{301}e\x{301}e\x{301}e\x{301}e\x{301}e\x{301}e\x{301}e\x{301}e\x{301}e\x{301}e\x{301}e\x{301}e\x{301}e\x{301}e\x{301}e\x{301}e\x{301}e\x{301}e\x{301}e\x{301}e\x{301}e\x{301} e\x{301} e\x{301}e\x{301}e\x{301}e\x{301}e\x{301}e\x{301}e\x{301}e\x{301}e\x{301}e\x{301}e\x{301}e\x{301}e\x{301}e\x{301}e\x{301}e\x{301}e\x{301}e\x{301}e\x{301}e\x{301}e\x{301}e\x{301}e\x{301}e\x{301}e\x{301}e\x{301}e\x{301}e\x{301}e\x{301}e\x{301}e\x{301}e\x{301}e\x{301}e\x{301}e\x{301}e\x{301}e\x{301}e\x{301}e\x{301}e\x{301}e\x{301}e\x{301}e\x{301} e\x{301}e\x{301}e\x{301}e\x{301}e\x{301}e\x{301}e\x{301}e\x{301}e\x{301}e\x{301}e\x{301}e\x{301}e\x{301}e\x{301}e\x{301}e\x{301}e\x{301}e\x{301}e\x{301}e\x{301}e\x{301}e\x{301}e\x{301}e\x{301}e\x{301}e\x{301}e\x{301}e\x{301}e\x{301}e\x{301} e\x{301}e\x{301}e\x{301}e\x{301}e\x{301}e\x{301}e\x{301}e\x{301}e\x{301}e\x{301}e\x{301}e\x{301}e\x{301}e\x{301}e\x{301}e\x{301}e\x{301}e\x{301}e\x{301}e\x{301}e\x{301}e\x{301}"
          text run at (924,3760) width 0: " "
          text run at (0,3776) width 924: "e\x{301}e\x{301}e\x{301}e\x{301}e\x{301}e\x{301}e\x{301}e\x{301}e\x{301}e\x{301}e\x{301}e\x{301}e\x{301}e\x{301}e\x{301}e\x{301}e\x{301}e\x{301}e\x{301}e\x{301}e\x{301}e\x{301}e\x{301}e\x{301}e\x{301}e\x{301}e\x{301}e\x{301}e\x{301}e\x{301}e\x{301}e\x{301} e\x{301} e\x{301}e\x{301}e\x{301}e\x{301}e\x{301}e\x{301}e\x{301}e\x{301}e\x{301}e\x{301}e\x{301}e\x{301}e\x{301}e\x{301}e\x{301}e\x{301}e\x{301}e\x{301}e\x{301}e\x{301}e\x{301}e\x{301}e\x{301}e\x{301}e\x{301}e\x{301}e\x{301}e\x{301}e\x{301}e\x{301}e\x{301}e\x{301}e\x{301}e\x{301}e\x{301}e\x{301}e\x{301}e\x{301}e\x{301}e\x{301}e\x{301}e\x{301}e\x{301} e\x{301}e\x{301}e\x{301}e\x{301}e\x{301}e\x{301}e\x{301}e\x{301}e\x{301}e\x{301}e\x{301}e\x{301}e\x{301}e\x{301}e\x{301}e\x{301}e\x{301}e\x{301}e\x{301}e\x{301}e\x{301}e\x{301}e\x{301}e\x{301}e\x{301}e\x{301}e\x{301}e\x{301}e\x{301}e\x{301} e\x{301}e\x{301}e\x{301}e\x{301}e\x{301}e\x{301}e\x{301}e\x{301}e\x{301}e\x{301}e\x{301}e\x{301}e\x{301}e\x{301}e\x{301}e\x{301}e\x{301}e\x{301}e\x{301}e\x{301}e\x{301}e\x{301}"
          text run at (924,3776) width 0: " "
          text run at (0,3792) width 924: "e\x{301}e\x{301}e\x{301}e\x{301}e\x{301}e\x{301}e\x{301}e\x{301}e\x{301}e\x{301}e\x{301}e\x{301}e\x{301}e\x{301}e\x{301}e\x{301}e\x{301}e\x{301}e\x{301}e\x{301}e\x{301}e\x{301}e\x{301}e\x{301}e\x{301}e\x{301}e\x{301}e\x{301}e\x{301}e\x{301}e\x{301}e\x{301} e\x{301} e\x{301}e\x{301}e\x{301}e\x{301}e\x{301}e\x{301}e\x{301}e\x{301}e\x{301}e\x{301}e\x{301}e\x{301}e\x{301}e\x{301}e\x{301}e\x{301}e\x{301}e\x{301}e\x{301}e\x{301}e\x{301}e\x{301}e\x{301}e\x{301}e\x{301}e\x{301}e\x{301}e\x{301}e\x{301}e\x{301}e\x{301}e\x{301}e\x{301}e\x{301}e\x{301}e\x{301}e\x{301}e\x{301}e\x{301}e\x{301}e\x{301}e\x{301}e\x{301} e\x{301}e\x{301}e\x{301}e\x{301}e\x{301}e\x{301}e\x{301}e\x{301}e\x{301}e\x{301}e\x{301}e\x{301}e\x{301}e\x{301}e\x{301}e\x{301}e\x{301}e\x{301}e\x{301}e\x{301}e\x{301}e\x{301}e\x{301}e\x{301}e\x{301}e\x{301}e\x{301}e\x{301}e\x{301}e\x{301} e\x{301}e\x{301}e\x{301}e\x{301}e\x{301}e\x{301}e\x{301}e\x{301}e\x{301}e\x{301}e\x{301}e\x{301}e\x{301}e\x{301}e\x{301}e\x{301}e\x{301}e\x{301}e\x{301}e\x{301}e\x{301}e\x{301}"
          text run at (924,3792) width 0: " "
          text run at (0,3808) width 924: "e\x{301}e\x{301}e\x{301}e\x{301}e\x{301}e\x{301}e\x{301}e\x{301}e\x{301}e\x{301}e\x{301}e\x{301}e\x{301}e\x{301}e\x{301}e\x{301}e\x{301}e\x{301}e\x{301}e\x{301}e\x{301}e\x{301}e\x{301}e\x{301}e\x{301}e\x{301}e\x{301}e\x{301}e\x{301}e\x{301}e\x{301}e\x{301} e\x{301} e\x{301}e\x{301}e\x{301}e\x{301}e\x{301}e\x{301}e\x{301}e\x{301}e\x{301}e\x{301}e\x{301}e\x{301}e\x{301}e\x{301}e\x{301}e\x{301}e\x{301}e\x{301}e\x{301}e\x{301}e\x{301}e\x{301}e\x{301}e\x{301}e\x{301}e\x{301}e\x{301}e\x{301}e\x{301}e\x{301}e\x{301}e\x{301}e\x{301}e\x{301}e\x{301}e\x{301}e\x{301}e\x{301}e\x{301}e\x{301}e\x{301}e\x{301}e\x{301} e\x{301}e\x{301}e\x{301}e\x{301}e\x{301}e\x{301}e\x{301}e\x{301}e\x{301}e\x{301}e\x{301}e\x{301}e\x{301}e\x{301}e\x{301}e\x{301}e\x{301}e\x{301}e\x{301}e\x{301}e\x{301}e\x{301}e\x{301}e\x{301}e\x{301}e\x{301}e\x{301}e\x{301}e\x{301}e\x{301} e\x{301}e\x{301}e\x{301}e\x{301}e\x{301}e\x{301}e\x{301}e\x{301}e\x{301}e\x{301}e\x{301}e\x{301}e\x{301}e\x{301}e\x{301}e\x{301}e\x{301}e\x{301}e\x{301}e\x{301}e\x{301}e\x{301}"
          text run at (924,3808) width 0: " "
          text run at (0,3824) width 924: "e\x{301}e\x{301}e\x{301}e\x{301}e\x{301}e\x{301}e\x{301}e\x{301}e\x{301}e\x{301}e\x{301}e\x{301}e\x{301}e\x{301}e\x{301}e\x{301}e\x{301}e\x{301}e\x{301}e\x{301}e\x{301}e\x{301}e\x{301}e\x{301}e\x{301}e\x{301}e\x{301}e\x{301}e\x{301}e\x{301}e\x{301}e\x{301} e\x{301} e\x{301}e\x{301}e\x{301}e\x{301}e\x{301}e\x{301}e\x{301}e\x{301}e\x{301}e\x{301}e\x{301}e\x{301}e\x{301}e\x{301}e\x{301}e\x{301}e\x{301}e\x{301}e\x{301}e\x{301}e\x{301}e\x{301}e\x{301}e\x{301}e\x{301}e\x{301}e\x{301}e\x{301}e\x{301}e\x{301}e\x{301}e\x{301}e\x{301}e\x{301}e\x{301}e\x{301}e\x{301}e\x{301}e\x{301}e\x{301}e\x{301}e\x{301}e\x{301} e\x{301}e\x{301}e\x{301}e\x{301}e\x{301}e\x{301}e\x{301}e\x{301}e\x{301}e\x{301}e\x{301}e\x{301}e\x{301}e\x{301}e\x{301}e\x{301}e\x{301}e\x{301}e\x{301}e\x{301}e\x{301}e\x{301}e\x{301}e\x{301}e\x{301}e\x{301}e\x{301}e\x{301}e\x{301}e\x{301} e\x{301}e\x{301}e\x{301}e\x{301}e\x{301}e\x{301}e\x{301}e\x{301}e\x{301}e\x{301}e\x{301}e\x{301}e\x{301}e\x{301}e\x{301}e\x{301}e\x{301}e\x{301}e\x{301}e\x{301}e\x{301}e\x{301}"
          text run at (924,3824) width 0: " "
          text run at (0,3840) width 924: "e\x{301}e\x{301}e\x{301}e\x{301}e\x{301}e\x{301}e\x{301}e\x{301}e\x{301}e\x{301}e\x{301}e\x{301}e\x{301}e\x{301}e\x{301}e\x{301}e\x{301}e\x{301}e\x{301}e\x{301}e\x{301}e\x{301}e\x{301}e\x{301}e\x{301}e\x{301}e\x{301}e\x{301}e\x{301}e\x{301}e\x{301}e\x{301} e\x{301} e\x{301}e\x{301}e\x{301}e\x{301}e\x{301}e\x{301}e\x{301}e\x{301}e\x{301}e\x{301}e\x{301}e\x{301}e\x{301}e\x{301}e\x{301}e\x{301}e\x{301}e\x{301}e\x{301}e\x{301}e\x{301}e\x{301}e\x{301}e\x{301}e\x{301}e\x{301}e\x{301}e\x{301}e\x{301}e\x{301}e\x{301}e\x{301}e\x{301}e\x{301}e\x{301}e\x{301}e\x{301}e\x{301}e\x{301}e\x{301}e\x{301}e\x{301}e\x{301} e\x{301}e\x{301}e\x{301}e\x{301}e\x{301}e\x{301}e\x{301}e\x{301}e\x{301}e\x{301}e\x{301}e\x{301}e\x{301}e\x{301}e\x{301}e\x{301}e\x{301}e\x{301}e\x{301}e\x{301}e\x{301}e\x{301}e\x{301}e\x{301}e\x{301}e\x{301}e\x{301}e\x{301}e\x{301}e\x{301} e\x{301}e\x{301}e\x{301}e\x{301}e\x{301}e\x{301}e\x{301}e\x{301}e\x{301}e\x{301}e\x{301}e\x{301}e\x{301}e\x{301}e\x{301}e\x{301}e\x{301}e\x{301}e\x{301}e\x{301}e\x{301}e\x{301}"
          text run at (924,3840) width 0: " "
          text run at (0,3856) width 924: "e\x{301}e\x{301}e\x{301}e\x{301}e\x{301}e\x{301}e\x{301}e\x{301}e\x{301}e\x{301}e\x{301}e\x{301}e\x{301}e\x{301}e\x{301}e\x{301}e\x{301}e\x{301}e\x{301}e\x{301}e\x{301}e\x{301}e\x{301}e\x{301}e\x{301}e\x{301}e\x{301}e\x{301}e\x{301}e\x{301}e\x{301}e\x{301} e\x{301} e\x{301}e\x{301}e\x{301}e\x{301}e\x{301}e\x{301}e\x{301}e\x{301}e\x{301}e\x{301}e\x{301}e\x{301}e\x{301}e\x{301}e\x{301}e\x{301}e\x{301}e\x{301}e\x{301}e\x{301}e\x{301}e\x{301}e\x{301}e\x{301}e\x{301}e\x{301}e\x{301}e\x{301}e\x{301}e\x{301}e\x{301}e\x{301}e\x{301}e\x{301}e\x{301}e\x{301}e\x{301}e\x{301}e\x{301}e\x{301}e\x{301}e\x{301}e\x{301} e\x{301}e\x{301}e\x{301}e\x{301}e\x{301}e\x{301}e\x{301}e\x{301}e\x{301}e\x{301}e\x{301}e\x{301}e\x{301}e\x{301}e\x{301}e\x{301}e\x{301}e\x{301}e\x{301}e\x{301}e\x{301}e\x{301}e\x{301}e\x{301}e\x{301}e\x{301}e\x{301}e\x{301}e\x{301}e\x{301} e\x{301}e\x{301}e\x{301}e\x{301}e\x{301}e\x{301}e\x{301}e\x{301}e\x{301}e\x{301}e\x{301}e\x{301}e\x{301}e\x{301}e\x{301}e\x{301}e\x{301}e\x{301}e\x{301}e\x{301}e\x{301}e\x{301}"
          text run at (924,3856) width 0: " "
          text run at (0,3872) width 924: "e\x{301}e\x{301}e\x{301}e\x{301}e\x{301}e\x{301}e\x{301}e\x{301}e\x{301}e\x{301}e\x{301}e\x{301}e\x{301}e\x{301}e\x{301}e\x{301}e\x{301}e\x{301}e\x{301}e\x{301}e\x{301}e\x{301}e\x{301}e\x{301}e\x{301}e\x{301}e\x{301}e\x{301}e\x{301}e\x{301}e\x{301}e\x{301} e\x{301} e\x{301}e\x{301}e\x{301}e\x{301}e\x{301}e\x{301}e\x{301}e\x{301}e\x{301}e\x{301}e\x{301}e\x{301}e\x{301}e\x{301}e\x{301}e\x{301}e\x{301}e\x{301}e\x{301}e\x{301}e\x{301}e\x{301}e\x{301}e\x{301}e\x{301}e\x{301}e\x{301}e\x{301}e\x{301}e\x{301}e\x{301}e\x{301}e\x{301}e\x{301}e\x{301}e\x{301}e\x{301}e\x{301}e\x{301}e\x{301}e\x{301}e\x{301}e\x{301} e\x{301}e\x{301}e\x{301}e\x{301}e\x{301}e\x{301}e\x{301}e\x{301}e\x{301}e\x{301}e\x{301}e\x{301}e\x{301}e\x{301}e\x{301}e\x{301}e\x{301}e\x{301}e\x{301}e\x{301}e\x{301}e\x{301}e\x{301}e\x{301}e\x{301}e\x{301}e\x{301}e\x{301}e\x{301}e\x{301} e\x{301}e\x{301}e\x{301}e\x{301}e\x{301}e\x{301}e\x{301}e\x{301}e\x{301}e\x{301}e\x{301}e\x{301}e\x{301}e\x{301}e\x{301}e\x{301}e\x{301}e\x{301}e\x{301}e\x{301}e\x{301}e\x{301}"
          text run at (924,3872) width 0: " "
          text run at (0,3888) width 924: "e\x{301}e\x{301}e\x{301}e\x{301}e\x{301}e\x{301}e\x{301}e\x{301}e\x{301}e\x{301}e\x{301}e\x{301}e\x{301}e\x{301}e\x{301}e\x{301}e\x{301}e\x{301}e\x{301}e\x{301}e\x{301}e\x{301}e\x{301}e\x{301}e\x{301}e\x{301}e\x{301}e\x{301}e\x{301}e\x{301}e\x{301}e\x{301} e\x{301} e\x{301}e\x{301}e\x{301}e\x{301}e\x{301}e\x{301}e\x{301}e\x{301}e\x{301}e\x{301}e\x{301}e\x{301}e\x{301}e\x{301}e\x{301}e\x{301}e\x{301}e\x{301}e\x{301}e\x{301}e\x{301}e\x{301}e\x{301}e\x{301}e\x{301}e\x{301}e\x{301}e\x{301}e\x{301}e\x{301}e\x{301}e\x{301}e\x{301}e\x{301}e\x{301}e\x{301}e\x{301}e\x{301}e\x{301}e\x{301}e\x{301}e\x{301}e\x{301} e\x{301}e\x{301}e\x{301}e\x{301}e\x{301}e\x{301}e\x{301}e\x{301}e\x{301}e\x{301}e\x{301}e\x{301}e\x{301}e\x{301}e\x{301}e\x{301}e\x{301}e\x{301}e\x{301}e\x{301}e\x{301}e\x{301}e\x{301}e\x{301}e\x{301}e\x{301}e\x{301}e\x{301}e\x{301}e\x{301} e\x{301}e\x{301}e\x{301}e\x{301}e\x{301}e\x{301}e\x{301}e\x{301}e\x{301}e\x{301}e\x{301}e\x{301}e\x{301}e\x{301}e\x{301}e\x{301}e\x{301}e\x{301}e\x{301}e\x{301}e\x{301}e\x{301}"
          text run at (924,3888) width 0: " "
          text run at (0,3904) width 924: "e\x{301}e\x{301}e\x{301}e\x{301}e\x{301}e\x{301}e\x{301}e\x{301}e\x{301}e\x{301}e\x{301}e\x{301}e\x{301}e\x{301}e\x{301}e\x{301}e\x{301}e\x{301}e\x{301}e\x{301}e\x{301}e\x{301}e\x{301}e\x{301}e\x{301}e\x{301}e\x{301}e\x{301}e\x{301}e\x{301}e\x{301}e\x{301} e\x{301} e\x{301}e\x{301}e\x{301}e\x{301}e\x{301}e\x{301}e\x{301}e\x{301}e\x{301}e\x{301}e\x{301}e\x{301}e\x{301}e\x{301}e\x{301}e\x{301}e\x{301}e\x{301}e\x{301}e\x{301}e\x{301}e\x{301}e\x{301}e\x{301}e\x{301}e\x{301}e\x{301}e\x{301}e\x{301}e\x{301}e\x{301}e\x{301}e\x{301}e\x{301}e\x{301}e\x{301}e\x{301}e\x{301}e\x{301}e\x{301}e\x{301}e\x{301}e\x{301} e\x{301}e\x{301}e\x{301}e\x{301}e\x{301}e\x{301}e\x{301}e\x{301}e\x{301}e\x{301}e\x{301}e\x{301}e\x{301}e\x{301}e\x{301}e\x{301}e\x{301}e\x{301}e\x{301}e\x{301}e\x{301}e\x{301}e\x{301}e\x{301}e\x{301}e\x{301}e\x{301}e\x{301}e\x{301}e\x{301} e\x{301}e\x{301}e\x{301}e\x{301}e\x{301}e\x{301}e\x{301}e\x{301}e\x{301}e\x{301}e\x{301}e\x{301}e\x{301}e\x{301}e\x{301}e\x{301}e\x{301}e\x{301}e\x{301}e\x{301}e\x{301}e\x{301}"
          text run at (924,3904) width 0: " "
          text run at (0,3920) width 924: "e\x{301}e\x{301}e\x{301}e\x{301}e\x{301}e\x{301}e\x{301}e\x{301}e\x{301}e\x{301}e\x{301}e\x{301}e\x{301}e\x{301}e\x{301}e\x{301}e\x{301}e\x{301}e\x{301}e\x{301}e\x{301}e\x{301}e\x{301}e\x{301}e\x{301}e\x{301}e\x{301}e\x{301}e\x{301}e\x{301}e\x{301}e\x{301} e\x{301} e\x{301}e\x{301}e\x{301}e\x{301}e\x{301}e\x{301}e\x{301}e\x{301}e\x{301}e\x{301}e\x{301}e\x{301}e\x{301}e\x{301}e\x{301}e\x{301}e\x{301}e\x{301}e\x{301}e\x{301}e\x{301}e\x{301}e\x{301}e\x{301}e\x{301}e\x{301}e\x{301}e\x{301}e\x{301}e\x{301}e\x{301}e\x{301}e\x{301}e\x{301}e\x{301}e\x{301}e\x{301}e\x{301}e\x{301}e\x{301}e\x{301}e\x{301}e\x{301} e\x{301}e\x{301}e\x{301}e\x{301}e\x{301}e\x{301}e\x{301}e\x{301}e\x{301}e\x{301}e\x{301}e\x{301}e\x{301}e\x{301}e\x{301}e\x{301}e\x{301}e\x{301}e\x{301}e\x{301}e\x{301}e\x{301}e\x{301}e\x{301}e\x{301}e\x{301}e\x{301}e\x{301}e\x{301}e\x{301} e\x{301}e\x{301}e\x{301}e\x{301}e\x{301}e\x{301}e\x{301}e\x{301}e\x{301}e\x{301}e\x{301}e\x{301}e\x{301}e\x{301}e\x{301}e\x{301}e\x{301}e\x{301}e\x{301}e\x{301}e\x{301}e\x{301}"
          text run at (924,3920) width 0: " "
          text run at (0,3936) width 924: "e\x{301}e\x{301}e\x{301}e\x{301}e\x{301}e\x{301}e\x{301}e\x{301}e\x{301}e\x{301}e\x{301}e\x{301}e\x{301}e\x{301}e\x{301}e\x{301}e\x{301}e\x{301}e\x{301}e\x{301}e\x{301}e\x{301}e\x{301}e\x{301}e\x{301}e\x{301}e\x{301}e\x{301}e\x{301}e\x{301}e\x{301}e\x{301} e\x{301} e\x{301}e\x{301}e\x{301}e\x{301}e\x{301}e\x{301}e\x{301}e\x{301}e\x{301}e\x{301}e\x{301}e\x{301}e\x{301}e\x{301}e\x{301}e\x{301}e\x{301}e\x{301}e\x{301}e\x{301}e\x{301}e\x{301}e\x{301}e\x{301}e\x{301}e\x{301}e\x{301}e\x{301}e\x{301}e\x{301}e\x{301}e\x{301}e\x{301}e\x{301}e\x{301}e\x{301}e\x{301}e\x{301}e\x{301}e\x{301}e\x{301}e\x{301}e\x{301} e\x{301}e\x{301}e\x{301}e\x{301}e\x{301}e\x{301}e\x{301}e\x{301}e\x{301}e\x{301}e\x{301}e\x{301}e\x{301}e\x{301}e\x{301}e\x{301}e\x{301}e\x{301}e\x{301}e\x{301}e\x{301}e\x{301}e\x{301}e\x{301}e\x{301}e\x{301}e\x{301}e\x{301}e\x{301}e\x{301} e\x{301}e\x{301}e\x{301}e\x{301}e\x{301}e\x{301}e\x{301}e\x{301}e\x{301}e\x{301}e\x{301}e\x{301}e\x{301}e\x{301}e\x{301}e\x{301}e\x{301}e\x{301}e\x{301}e\x{301}e\x{301}e\x{301}"
          text run at (924,3936) width 0: " "
          text run at (0,3952) width 924: "e\x{301}e\x{301}e\x{301}e\x{301}e\x{301}e\x{301}e\x{301}e\x{301}e\x{301}e\x{301}e\x{301}e\x{301}e\x{301}e\x{301}e\x{301}e\x{301}e\x{301}e\x{301}e\x{301}e\x{301}e\x{301}e\x{301}e\x{301}e\x{301}e\x{301}e\x{301}e\x{301}e\x{301}e\x{301}e\x{301}e\x{301}e\x{301} e\x{301} e\x{301}e\x{301}e\x{301}e\x{301}e\x{301}e\x{301}e\x{301}e\x{301}e\x{301}e\x{301}e\x{301}e\x{301}e\x{301}e\x{301}e\x{301}e\x{301}e\x{301}e\x{301}e\x{301}e\x{301}e\x{301}e\x{301}e\x{301}e\x{301}e\x{301}e\x{301}e\x{301}e\x{301}e\x{301}e\x{301}e\x{301}e\x{301}e\x{301}e\x{301}e\x{301}e\x{301}e\x{301}e\x{301}e\x{301}e\x{301}e\x{301}e\x{301}e\x{301} e\x{301}e\x{301}e\x{301}e\x{301}e\x{301}e\x{301}e\x{301}e\x{301}e\x{301}e\x{301}e\x{301}e\x{301}e\x{301}e\x{301}e\x{301}e\x{301}e\x{301}e\x{301}e\x{301}e\x{301}e\x{301}e\x{301}e\x{301}e\x{301}e\x{301}e\x{301}e\x{301}e\x{301}e\x{301}e\x{301} e\x{301}e\x{301}e\x{301}e\x{301}e\x{301}e\x{301}e\x{301}e\x{301}e\x{301}e\x{301}e\x{301}e\x{301}e\x{301}e\x{301}e\x{301}e\x{301}e\x{301}e\x{301}e\x{301}e\x{301}e\x{301}e\x{301}"
          text run at (924,3952) width 0: " "
          text run at (0,3968) width 924: "e\x{301}e\x{301}e\x{301}e\x{301}e\x{301}e\x{301}e\x{301}e\x{301}e\x{301}e\x{301}e\x{301}e\x{301}e\x{301}e\x{301}e\x{301}e\x{301}e\x{301}e\x{301}e\x{301}e\x{301}e\x{301}e\x{301}e\x{301}e\x{301}e\x{301}e\x{301}e\x{301}e\x{301}e\x{301}e\x{301}e\x{301}e\x{301} e\x{301} e\x{301}e\x{301}e\x{301}e\x{301}e\x{301}e\x{301}e\x{301}e\x{301}e\x{301}e\x{301}e\x{301}e\x{301}e\x{301}e\x{301}e\x{301}e\x{301}e\x{301}e\x{301}e\x{301}e\x{301}e\x{301}e\x{301}e\x{301}e\x{301}e\x{301}e\x{301}e\x{301}e\x{301}e\x{301}e\x{301}e\x{301}e\x{301}e\x{301}e\x{301}e\x{301}e\x{301}e\x{301}e\x{301}e\x{301}e\x{301}e\x{301}e\x{301}e\x{301} e\x{301}e\x{301}e\x{301}e\x{301}e\x{301}e\x{301}e\x{301}e\x{301}e\x{301}e\x{301}e\x{301}e\x{301}e\x{301}e\x{301}e\x{301}e\x{301}e\x{301}e\x{301}e\x{301}e\x{301}e\x{301}e\x{301}e\x{301}e\x{301}e\x{301}e\x{301}e\x{301}e\x{301}e\x{301}e\x{301} e\x{301}e\x{301}e\x{301}e\x{301}e\x{301}e\x{301}e\x{301}e\x{301}e\x{301}e\x{301}e\x{301}e\x{301}e\x{301}e\x{301}e\x{301}e\x{301}e\x{301}e\x{301}e\x{301}e\x{301}e\x{301}e\x{301}"
          text run at (924,3968) width 0: " "
          text run at (0,3984) width 924: "e\x{301}e\x{301}e\x{301}e\x{301}e\x{301}e\x{301}e\x{301}e\x{301}e\x{301}e\x{301}e\x{301}e\x{301}e\x{301}e\x{301}e\x{301}e\x{301}e\x{301}e\x{301}e\x{301}e\x{301}e\x{301}e\x{301}e\x{301}e\x{301}e\x{301}e\x{301}e\x{301}e\x{301}e\x{301}e\x{301}e\x{301}e\x{301} e\x{301} e\x{301}e\x{301}e\x{301}e\x{301}e\x{301}e\x{301}e\x{301}e\x{301}e\x{301}e\x{301}e\x{301}e\x{301}e\x{301}e\x{301}e\x{301}e\x{301}e\x{301}e\x{301}e\x{301}e\x{301}e\x{301}e\x{301}e\x{301}e\x{301}e\x{301}e\x{301}e\x{301}e\x{301}e\x{301}e\x{301}e\x{301}e\x{301}e\x{301}e\x{301}e\x{301}e\x{301}e\x{301}e\x{301}e\x{301}e\x{301}e\x{301}e\x{301}e\x{301} e\x{301}e\x{301}e\x{301}e\x{301}e\x{301}e\x{301}e\x{301}e\x{301}e\x{301}e\x{301}e\x{301}e\x{301}e\x{301}e\x{301}e\x{301}e\x{301}e\x{301}e\x{301}e\x{301}e\x{301}e\x{301}e\x{301}e\x{301}e\x{301}e\x{301}e\x{301}e\x{301}e\x{301}e\x{301}e\x{301} e\x{301}e\x{301}e\x{301}e\x{301}e\x{301}e\x{301}e\x{301}e\x{301}e\x{301}e\x{301}e\x{301}e\x{301}e\x{301}e\x{301}e\x{301}e\x{301}e\x{301}e\x{301}e\x{301}e\x{301}e\x{301}e\x{301}"
          text run at (924,3984) width 0: " "
          text run at (0,4000) width 924: "e\x{301}e\x{301}e\x{301}e\x{301}e\x{301}e\x{301}e\x{301}e\x{301}e\x{301}e\x{301}e\x{301}e\x{301}e\x{301}e\x{301}e\x{301}e\x{301}e\x{301}e\x{301}e\x{301}e\x{301}e\x{301}e\x{301}e\x{301}e\x{301}e\x{301}e\x{301}e\x{301}e\x{301}e\x{301}e\x{301}e\x{301}e\x{301} e\x{301} e\x{301}e\x{301}e\x{301}e\x{301}e\x{301}e\x{301}e\x{301}e\x{301}e\x{301}e\x{301}e\x{301}e\x{301}e\x{301}e\x{301}e\x{301}e\x{301}e\x{301}e\x{301}e\x{301}e\x{301}e\x{301}e\x{301}e\x{301}e\x{301}e\x{301}e\x{301}e\x{301}e\x{301}e\x{301}e\x{301}e\x{301}e\x{301}e\x{301}e\x{301}e\x{301}e\x{301}e\x{301}e\x{301}e\x{301}e\x{301}e\x{301}e\x{301}e\x{301} e\x{301}e\x{301}e\x{301}e\x{301}e\x{301}e\x{301}e\x{301}e\x{301}e\x{301}e\x{301}e\x{301}e\x{301}e\x{301}e\x{301}e\x{301}e\x{301}e\x{301}e\x{301}e\x{301}e\x{301}e\x{301}e\x{301}e\x{301}e\x{301}e\x{301}e\x{301}e\x{301}e\x{301}e\x{301}e\x{301} e\x{301}e\x{301}e\x{301}e\x{301}e\x{301}e\x{301}e\x{301}e\x{301}e\x{301}e\x{301}e\x{301}e\x{301}e\x{301}e\x{301}e\x{301}e\x{301}e\x{301}e\x{301}e\x{301}e\x{301}e\x{301}e\x{301}"
          text run at (924,4000) width 0: " "
          text run at (0,4016) width 84: "e\x{301}e\x{301}e\x{301}e\x{301}e\x{301}e\x{301}e\x{301}e\x{301}e\x{301}e\x{301}e\x{301}e\x{301}"
        RenderText {#text} at (84,4016) size 924x4032
          text run at (84,4016) width 840: "e\x{301}e\x{301}e\x{301}e\x{301}e\x{301}e\x{301}e\x{301}e\x{301}e\x{301}e\x{301}e\x{301}e\x{301}e\x{301}e\x{301}e\x{301}e\x{301}e\x{301}e\x{301}e\x{301}e\x{301} e\x{301} e\x{301}e\x{301}e\x{301}e\x{301}e\x{301}e\x{301}e\x{301}e\x{301}e\x{301}e\x{301}e\x{301}e\x{301}e\x{301}e\x{301}e\x{301}e\x{301}e\x{301}e\x{301}e\x{301}e\x{301}e\x{301}e\x{301}e\x{301}e\x{301}e\x{301}e\x{301}e\x{301}e\x{301}e\x{301}e\x{301}e\x{301}e\x{301}e\x{301}e\x{301}e\x{301}e\x{301}e\x{301}e\x{301}e\x{301}e\x{301}e\x{301}e\x{301}e\x{301} e\x{301}e\x{301}e\x{301}e\x{301}e\x{301}e\x{301}e\x{301}e\x{301}e\x{301}e\x{301}e\x{301}e\x{301}e\x{301}e\x{301}e\x{301}e\x{301}e\x{301}e\x{301}e\x{301}e\x{301}e\x{301}e\x{301}e\x{301}e\x{301}e\x{301}e\x{301}e\x{301}e\x{301}e\x{301}e\x{301} e\x{301}e\x{301}e\x{301}e\x{301}e\x{301}e\x{301}e\x{301}e\x{301}e\x{301}e\x{301}e\x{301}e\x{301}e\x{301}e\x{301}e\x{301}e\x{301}e\x{301}e\x{301}e\x{301}e\x{301}e\x{301}e\x{301}"
          text run at (924,4016) width 0: " "
          text run at (0,4032) width 924: "e\x{301}e\x{301}e\x{301}e\x{301}e\x{301}e\x{301}e\x{301}e\x{301}e\x{301}e\x{301}e\x{301}e\x{301}e\x{301}e\x{301}e\x{301}e\x{301}e\x{301}e\x{301}e\x{301}e\x{301}e\x{301}e\x{301}e\x{301}e\x{301}e\x{301}e\x{301}e\x{301}e\x{301}e\x{301}e\x{301}e\x{301}e\x{301} e\x{301} e\x{301}e\x{301}e\x{301}e\x{301}e\x{301}e\x{301}e\x{301}e\x{301}e\x{301}e\x{301}e\x{301}e\x{301}e\x{301}e\x{301}e\x{301}e\x{301}e\x{301}e\x{301}e\x{301}e\x{301}e\x{301}e\x{301}e\x{301}e\x{301}e\x{301}e\x{301}e\x{301}e\x{301}e\x{301}e\x{301}e\x{301}e\x{301}e\x{301}e\x{301}e\x{301}e\x{301}e\x{301}e\x{301}e\x{301}e\x{301}e\x{301}e\x{301}e\x{301} e\x{301}e\x{301}e\x{301}e\x{301}e\x{301}e\x{301}e\x{301}e\x{301}e\x{301}e\x{301}e\x{301}e\x{301}e\x{301}e\x{301}e\x{301}e\x{301}e\x{301}e\x{301}e\x{301}e\x{301}e\x{301}e\x{301}e\x{301}e\x{301}e\x{301}e\x{301}e\x{301}e\x{301}e\x{301}e\x{301} e\x{301}e\x{301}e\x{301}e\x{301}e\x{301}e\x{301}e\x{301}e\x{301}e\x{301}e\x{301}e\x{301}e\x{301}e\x{301}e\x{301}e\x{301}e\x{301}e\x{301}e\x{301}e\x{301}e\x{301}e\x{301}e\x{301}"
          text run at (924,4032) width 0: " "
          text run at (0,4048) width 924: "e\x{301}e\x{301}e\x{301}e\x{301}e\x{301}e\x{301}e\x{301}e\x{301}e\x{301}e\x{301}e\x{301}e\x{301}e\x{301}e\x{301}e\x{301}e\x{301}e\x{301}e\x{301}e\x{301}e\x{301}e\x{301}e\x{301}e\x{301}e\x{301}e\x{301}e\x{301}e\x{301}e\x{301}e\x{301}e\x{301}e\x{301}e\x{301} e\x{301} e\x{301}e\x{301}e\x{301}e\x{301}e\x{301}e\x{301}e\x{301}e\x{301}e\x{301}e\x{301}e\x{301}e\x{301}e\x{301}e\x{301}e\x{301}e\x{301}e\x{301}e\x{301}e\x{301}e\x{301}e\x{301}e\x{301}e\x{301}e\x{301}e\x{301}e\x{301}e\x{301}e\x{301}e\x{301}e\x{301}e\x{301}e\x{301}e\x{301}e\x{301}e\x{301}e\x{301}e\x{301}e\x{301}e\x{301}e\x{301}e\x{301}e\x{301}e\x{301} e\x{301}e\x{301}e\x{301}e\x{301}e\x{301}e\x{301}e\x{301}e\x{301}e\x{301}e\x{301}e\x{301}e\x{301}e\x{301}e\x{301}e\x{301}e\x{301}e\x{301}e\x{301}e\x{301}e\x{301}e\x{301}e\x{301}e\x{301}e\x{301}e\x{301}e\x{301}e\x{301}e\x{301}e\x{301}e\x{301} e\x{301}e\x{301}e\x{301}e\x{301}e\x{301}e\x{301}e\x{301}e\x{301}e\x{301}e\x{301}e\x{301}e\x{301}e\x{301}e\x{301}e\x{301}e\x{301}e\x{301}e\x{301}e\x{301}e\x{301}e\x{301}e\x{301}"
          text run at (924,4048) width 0: " "
          text run at (0,4064) width 924: "e\x{301}e\x{301}e\x{301}e\x{301}e\x{301}e\x{301}e\x{301}e\x{301}e\x{301}e\x{301}e\x{301}e\x{301}e\x{301}e\x{301}e\x{301}e\x{301}e\x{301}e\x{301}e\x{301}e\x{301}e\x{301}e\x{301}e\x{301}e\x{301}e\x{301}e\x{301}e\x{301}e\x{301}e\x{301}e\x{301}e\x{301}e\x{301} e\x{301} e\x{301}e\x{301}e\x{301}e\x{301}e\x{301}e\x{301}e\x{301}e\x{301}e\x{301}e\x{301}e\x{301}e\x{301}e\x{301}e\x{301}e\x{301}e\x{301}e\x{301}e\x{301}e\x{301}e\x{301}e\x{301}e\x{301}e\x{301}e\x{301}e\x{301}e\x{301}e\x{301}e\x{301}e\x{301}e\x{301}e\x{301}e\x{301}e\x{301}e\x{301}e\x{301}e\x{301}e\x{301}e\x{301}e\x{301}e\x{301}e\x{301}e\x{301}e\x{301} e\x{301}e\x{301}e\x{301}e\x{301}e\x{301}e\x{301}e\x{301}e\x{301}e\x{301}e\x{301}e\x{301}e\x{301}e\x{301}e\x{301}e\x{301}e\x{301}e\x{301}e\x{301}e\x{301}e\x{301}e\x{301}e\x{301}e\x{301}e\x{301}e\x{301}e\x{301}e\x{301}e\x{301}e\x{301}e\x{301} e\x{301}e\x{301}e\x{301}e\x{301}e\x{301}e\x{301}e\x{301}e\x{301}e\x{301}e\x{301}e\x{301}e\x{301}e\x{301}e\x{301}e\x{301}e\x{301}e\x{301}e\x{301}e\x{301}e\x{301}e\x{301}e\x{301}"
          text run at (924,4064) width 0: " "
          text run at (0,4080) width 924: "e\x{301}e\x{301}e\x{301}e\x{301}e\x{301}e\x{301}e\x{301}e\x{301}e\x{301}e\x{301}e\x{301}e\x{301}e\x{301}e\x{301}e\x{301}e\x{301}e\x{301}e\x{301}e\x{301}e\x{301}e\x{301}e\x{301}e\x{301}e\x{301}e\x{301}e\x{301}e\x{301}e\x{301}e\x{301}e\x{301}e\x{301}e\x{301} e\x{301} e\x{301}e\x{301}e\x{301}e\x{301}e\x{301}e\x{301}e\x{301}e\x{301}e\x{301}e\x{301}e\x{301}e\x{301}e\x{301}e\x{301}e\x{301}e\x{301}e\x{301}e\x{301}e\x{301}e\x{301}e\x{301}e\x{301}e\x{301}e\x{301}e\x{301}e\x{301}e\x{301}e\x{301}e\x{301}e\x{301}e\x{301}e\x{301}e\x{301}e\x{301}e\x{301}e\x{301}e\x{301}e\x{301}e\x{301}e\x{301}e\x{301}e\x{301}e\x{301} e\x{301}e\x{301}e\x{301}e\x{301}e\x{301}e\x{301}e\x{301}e\x{301}e\x{301}e\x{301}e\x{301}e\x{301}e\x{301}e\x{301}e\x{301}e\x{301}e\x{301}e\x{301}e\x{301}e\x{301}e\x{301}e\x{301}e\x{301}e\x{301}e\x{301}e\x{301}e\x{301}e\x{301}e\x{301}e\x{301} e\x{301}e\x{301}e\x{301}e\x{301}e\x{301}e\x{301}e\x{301}e\x{301}e\x{301}e\x{301}e\x{301}e\x{301}e\x{301}e\x{301}e\x{301}e\x{301}e\x{301}e\x{301}e\x{301}e\x{301}e\x{301}e\x{301}"
          text run at (924,4080) width 0: " "
          text run at (0,4096) width 924: "e\x{301}e\x{301}e\x{301}e\x{301}e\x{301}e\x{301}e\x{301}e\x{301}e\x{301}e\x{301}e\x{301}e\x{301}e\x{301}e\x{301}e\x{301}e\x{301}e\x{301}e\x{301}e\x{301}e\x{301}e\x{301}e\x{301}e\x{301}e\x{301}e\x{301}e\x{301}e\x{301}e\x{301}e\x{301}e\x{301}e\x{301}e\x{301} e\x{301} e\x{301}e\x{301}e\x{301}e\x{301}e\x{301}e\x{301}e\x{301}e\x{301}e\x{301}e\x{301}e\x{301}e\x{301}e\x{301}e\x{301}e\x{301}e\x{301}e\x{301}e\x{301}e\x{301}e\x{301}e\x{301}e\x{301}e\x{301}e\x{301}e\x{301}e\x{301}e\x{301}e\x{301}e\x{301}e\x{301}e\x{301}e\x{301}e\x{301}e\x{301}e\x{301}e\x{301}e\x{301}e\x{301}e\x{301}e\x{301}e\x{301}e\x{301}e\x{301} e\x{301}e\x{301}e\x{301}e\x{301}e\x{301}e\x{301}e\x{301}e\x{301}e\x{301}e\x{301}e\x{301}e\x{301}e\x{301}e\x{301}e\x{301}e\x{301}e\x{301}e\x{301}e\x{301}e\x{301}e\x{301}e\x{301}e\x{301}e\x{301}e\x{301}e\x{301}e\x{301}e\x{301}e\x{301}e\x{301} e\x{301}e\x{301}e\x{301}e\x{301}e\x{301}e\x{301}e\x{301}e\x{301}e\x{301}e\x{301}e\x{301}e\x{301}e\x{301}e\x{301}e\x{301}e\x{301}e\x{301}e\x{301}e\x{301}e\x{301}e\x{301}e\x{301}"
          text run at (924,4096) width 0: " "
          text run at (0,4112) width 924: "e\x{301}e\x{301}e\x{301}e\x{301}e\x{301}e\x{301}e\x{301}e\x{301}e\x{301}e\x{301}e\x{301}e\x{301}e\x{301}e\x{301}e\x{301}e\x{301}e\x{301}e\x{301}e\x{301}e\x{301}e\x{301}e\x{301}e\x{301}e\x{301}e\x{301}e\x{301}e\x{301}e\x{301}e\x{301}e\x{301}e\x{301}e\x{301} e\x{301} e\x{301}e\x{301}e\x{301}e\x{301}e\x{301}e\x{301}e\x{301}e\x{301}e\x{301}e\x{301}e\x{301}e\x{301}e\x{301}e\x{301}e\x{301}e\x{301}e\x{301}e\x{301}e\x{301}e\x{301}e\x{301}e\x{301}e\x{301}e\x{301}e\x{301}e\x{301}e\x{301}e\x{301}e\x{301}e\x{301}e\x{301}e\x{301}e\x{301}e\x{301}e\x{301}e\x{301}e\x{301}e\x{301}e\x{301}e\x{301}e\x{301}e\x{301}e\x{301} e\x{301}e\x{301}e\x{301}e\x{301}e\x{301}e\x{301}e\x{301}e\x{301}e\x{301}e\x{301}e\x{301}e\x{301}e\x{301}e\x{301}e\x{301}e\x{301}e\x{301}e\x{301}e\x{301}e\x{301}e\x{301}e\x{301}e\x{301}e\x{301}e\x{301}e\x{301}e\x{301}e\x{301}e\x{301}e\x{301} e\x{301}e\x{301}e\x{301}e\x{301}e\x{301}e\x{301}e\x{301}e\x{301}e\x{301}e\x{301}e\x{301}e\x{301}e\x{301}e\x{301}e\x{301}e\x{301}e\x{301}e\x{301}e\x{301}e\x{301}e\x{301}e\x{301}"
          text run at (924,4112) width 0: " "
          text run at (0,4128) width 924: "e\x{301}e\x{301}e\x{301}e\x{301}e\x{301}e\x{301}e\x{301}e\x{301}e\x{301}e\x{301}e\x{301}e\x{301}e\x{301}e\x{301}e\x{301}e\x{301}e\x{301}e\x{301}e\x{301}e\x{301}e\x{301}e\x{301}e\x{301}e\x{301}e\x{301}e\x{301}e\x{301}e\x{301}e\x{301}e\x{301}e\x{301}e\x{301} e\x{301} e\x{301}e\x{301}e\x{301}e\x{301}e\x{301}e\x{301}e\x{301}e\x{301}e\x{301}e\x{301}e\x{301}e\x{301}e\x{301}e\x{301}e\x{301}e\x{301}e\x{301}e\x{301}e\x{301}e\x{301}e\x{301}e\x{301}e\x{301}e\x{301}e\x{301}e\x{301}e\x{301}e\x{301}e\x{301}e\x{301}e\x{301}e\x{301}e\x{301}e\x{301}e\x{301}e\x{301}e\x{301}e\x{301}e\x{301}e\x{301}e\x{301}e\x{301}e\x{301} e\x{301}e\x{301}e\x{301}e\x{301}e\x{301}e\x{301}e\x{301}e\x{301}e\x{301}e\x{301}e\x{301}e\x{301}e\x{301}e\x{301}e\x{301}e\x{301}e\x{301}e\x{301}e\x{301}e\x{301}e\x{301}e\x{301}e\x{301}e\x{301}e\x{301}e\x{301}e\x{301}e\x{301}e\x{301}e\x{301} e\x{301}e\x{301}e\x{301}e\x{301}e\x{301}e\x{301}e\x{301}e\x{301}e\x{301}e\x{301}e\x{301}e\x{301}e\x{301}e\x{301}e\x{301}e\x{301}e\x{301}e\x{301}e\x{301}e\x{301}e\x{301}e\x{301}"
          text run at (924,4128) width 0: " "
          text run at (0,4144) width 924: "e\x{301}e\x{301}e\x{301}e\x{301}e\x{301}e\x{301}e\x{301}e\x{301}e\x{301}e\x{301}e\x{301}e\x{301}e\x{301}e\x{301}e\x{301}e\x{301}e\x{301}e\x{301}e\x{301}e\x{301}e\x{301}e\x{301}e\x{301}e\x{301}e\x{301}e\x{301}e\x{301}e\x{301}e\x{301}e\x{301}e\x{301}e\x{301} e\x{301} e\x{301}e\x{301}e\x{301}e\x{301}e\x{301}e\x{301}e\x{301}e\x{301}e\x{301}e\x{301}e\x{301}e\x{301}e\x{301}e\x{301}e\x{301}e\x{301}e\x{301}e\x{301}e\x{301}e\x{301}e\x{301}e\x{301}e\x{301}e\x{301}e\x{301}e\x{301}e\x{301}e\x{301}e\x{301}e\x{301}e\x{301}e\x{301}e\x{301}e\x{301}e\x{301}e\x{301}e\x{301}e\x{301}e\x{301}e\x{301}e\x{301}e\x{301}e\x{301} e\x{301}e\x{301}e\x{301}e\x{301}e\x{301}e\x{301}e\x{301}e\x{301}e\x{301}e\x{301}e\x{301}e\x{301}e\x{301}e\x{301}e\x{301}e\x{301}e\x{301}e\x{301}e\x{301}e\x{301}e\x{301}e\x{301}e\x{301}e\x{301}e\x{301}e\x{301}e\x{301}e\x{301}e\x{301}e\x{301} e\x{301}e\x{301}e\x{301}e\x{301}e\x{301}e\x{301}e\x{301}e\x{301}e\x{301}e\x{301}e\x{301}e\x{301}e\x{301}e\x{301}e\x{301}e\x{301}e\x{301}e\x{301}e\x{301}e\x{301}e\x{301}e\x{301}"
          text run at (924,4144) width 0: " "
          text run at (0,4160) width 924: "e\x{301}e\x{301}e\x{301}e\x{301}e\x{301}e\x{301}e\x{301}e\x{301}e\x{301}e\x{301}e\x{301}e\x{301}e\x{301}e\x{301}e\x{301}e\x{301}e\x{301}e\x{301}e\x{301}e\x{301}e\x{301}e\x{301}e\x{301}e\x{301}e\x{301}e\x{301}e\x{301}e\x{301}e\x{301}e\x{301}e\x{301}e\x{301} e\x{301} e\x{301}e\x{301}e\x{301}e\x{301}e\x{301}e\x{301}e\x{301}e\x{301}e\x{301}e\x{301}e\x{301}e\x{301}e\x{301}e\x{301}e\x{301}e\x{301}e\x{301}e\x{301}e\x{301}e\x{301}e\x{301}e\x{301}e\x{301}e\x{301}e\x{301}e\x{301}e\x{301}e\x{301}e\x{301}e\x{301}e\x{301}e\x{301}e\x{301}e\x{301}e\x{301}e\x{301}e\x{301}e\x{301}e\x{301}e\x{301}e\x{301}e\x{301}e\x{301} e\x{301}e\x{301}e\x{301}e\x{301}e\x{301}e\x{301}e\x{301}e\x{301}e\x{301}e\x{301}e\x{301}e\x{301}e\x{301}e\x{301}e\x{301}e\x{301}e\x{301}e\x{301}e\x{301}e\x{301}e\x{301}e\x{301}e\x{301}e\x{301}e\x{301}e\x{301}e\x{301}e\x{301}e\x{301}e\x{301} e\x{301}e\x{301}e\x{301}e\x{301}e\x{301}e\x{301}e\x{301}e\x{301}e\x{301}e\x{301}e\x{301}e\x{301}e\x{301}e\x{301}e\x{301}e\x{301}e\x{301}e\x{301}e\x{301}e\x{301}e\x{301}e\x{301}"
          text run at (924,4160) width 0: " "
          text run at (0,4176) width 924: "e\x{301}e\x{301}e\x{301}e\x{301}e\x{301}e\x{301}e\x{301}e\x{301}e\x{301}e\x{301}e\x{301}e\x{301}e\x{301}e\x{301}e\x{301}e\x{301}e\x{301}e\x{301}e\x{301}e\x{301}e\x{301}e\x{301}e\x{301}e\x{301}e\x{301}e\x{301}e\x{301}e\x{301}e\x{301}e\x{301}e\x{301}e\x{301} e\x{301} e\x{301}e\x{301}e\x{301}e\x{301}e\x{301}e\x{301}e\x{301}e\x{301}e\x{301}e\x{301}e\x{301}e\x{301}e\x{301}e\x{301}e\x{301}e\x{301}e\x{301}e\x{301}e\x{301}e\x{301}e\x{301}e\x{301}e\x{301}e\x{301}e\x{301}e\x{301}e\x{301}e\x{301}e\x{301}e\x{301}e\x{301}e\x{301}e\x{301}e\x{301}e\x{301}e\x{301}e\x{301}e\x{301}e\x{301}e\x{301}e\x{301}e\x{301}e\x{301} e\x{301}e\x{301}e\x{301}e\x{301}e\x{301}e\x{301}e\x{301}e\x{301}e\x{301}e\x{301}e\x{301}e\x{301}e\x{301}e\x{301}e\x{301}e\x{301}e\x{301}e\x{301}e\x{301}e\x{301}e\x{301}e\x{301}e\x{301}e\x{301}e\x{301}e\x{301}e\x{301}e\x{301}e\x{301}e\x{301} e\x{301}e\x{301}e\x{301}e\x{301}e\x{301}e\x{301}e\x{301}e\x{301}e\x{301}e\x{301}e\x{301}e\x{301}e\x{301}e\x{301}e\x{301}e\x{301}e\x{301}e\x{301}e\x{301}e\x{301}e\x{301}e\x{301}"
          text run at (924,4176) width 0: " "
          text run at (0,4192) width 924: "e\x{301}e\x{301}e\x{301}e\x{301}e\x{301}e\x{301}e\x{301}e\x{301}e\x{301}e\x{301}e\x{301}e\x{301}e\x{301}e\x{301}e\x{301}e\x{301}e\x{301}e\x{301}e\x{301}e\x{301}e\x{301}e\x{301}e\x{301}e\x{301}e\x{301}e\x{301}e\x{301}e\x{301}e\x{301}e\x{301}e\x{301}e\x{301} e\x{301} e\x{301}e\x{301}e\x{301}e\x{301}e\x{301}e\x{301}e\x{301}e\x{301}e\x{301}e\x{301}e\x{301}e\x{301}e\x{301}e\x{301}e\x{301}e\x{301}e\x{301}e\x{301}e\x{301}e\x{301}e\x{301}e\x{301}e\x{301}e\x{301}e\x{301}e\x{301}e\x{301}e\x{301}e\x{301}e\x{301}e\x{301}e\x{301}e\x{301}e\x{301}e\x{301}e\x{301}e\x{301}e\x{301}e\x{301}e\x{301}e\x{301}e\x{301}e\x{301} e\x{301}e\x{301}e\x{301}e\x{301}e\x{301}e\x{301}e\x{301}e\x{301}e\x{301}e\x{301}e\x{301}e\x{301}e\x{301}e\x{301}e\x{301}e\x{301}e\x{301}e\x{301}e\x{301}e\x{301}e\x{301}e\x{301}e\x{301}e\x{301}e\x{301}e\x{301}e\x{301}e\x{301}e\x{301}e\x{301} e\x{301}e\x{301}e\x{301}e\x{301}e\x{301}e\x{301}e\x{301}e\x{301}e\x{301}e\x{301}e\x{301}e\x{301}e\x{301}e\x{301}e\x{301}e\x{301}e\x{301}e\x{301}e\x{301}e\x{301}e\x{301}e\x{301}"
          text run at (924,4192) width 0: " "
          text run at (0,4208) width 924: "e\x{301}e\x{301}e\x{301}e\x{301}e\x{301}e\x{301}e\x{301}e\x{301}e\x{301}e\x{301}e\x{301}e\x{301}e\x{301}e\x{301}e\x{301}e\x{301}e\x{301}e\x{301}e\x{301}e\x{301}e\x{301}e\x{301}e\x{301}e\x{301}e\x{301}e\x{301}e\x{301}e\x{301}e\x{301}e\x{301}e\x{301}e\x{301} e\x{301} e\x{301}e\x{301}e\x{301}e\x{301}e\x{301}e\x{301}e\x{301}e\x{301}e\x{301}e\x{301}e\x{301}e\x{301}e\x{301}e\x{301}e\x{301}e\x{301}e\x{301}e\x{301}e\x{301}e\x{301}e\x{301}e\x{301}e\x{301}e\x{301}e\x{301}e\x{301}e\x{301}e\x{301}e\x{301}e\x{301}e\x{301}e\x{301}e\x{301}e\x{301}e\x{301}e\x{301}e\x{301}e\x{301}e\x{301}e\x{301}e\x{301}e\x{301}e\x{301} e\x{301}e\x{301}e\x{301}e\x{301}e\x{301}e\x{301}e\x{301}e\x{301}e\x{301}e\x{301}e\x{301}e\x{301}e\x{301}e\x{301}e\x{301}e\x{301}e\x{301}e\x{301}e\x{301}e\x{301}e\x{301}e\x{301}e\x{301}e\x{301}e\x{301}e\x{301}e\x{301}e\x{301}e\x{301}e\x{301} e\x{301}e\x{301}e\x{301}e\x{301}e\x{301}e\x{301}e\x{301}e\x{301}e\x{301}e\x{301}e\x{301}e\x{301}e\x{301}e\x{301}e\x{301}e\x{301}e\x{301}e\x{301}e\x{301}e\x{301}e\x{301}e\x{301}"
          text run at (924,4208) width 0: " "
          text run at (0,4224) width 924: "e\x{301}e\x{301}e\x{301}e\x{301}e\x{301}e\x{301}e\x{301}e\x{301}e\x{301}e\x{301}e\x{301}e\x{301}e\x{301}e\x{301}e\x{301}e\x{301}e\x{301}e\x{301}e\x{301}e\x{301}e\x{301}e\x{301}e\x{301}e\x{301}e\x{301}e\x{301}e\x{301}e\x{301}e\x{301}e\x{301}e\x{301}e\x{301} e\x{301} e\x{301}e\x{301}e\x{301}e\x{301}e\x{301}e\x{301}e\x{301}e\x{301}e\x{301}e\x{301}e\x{301}e\x{301}e\x{301}e\x{301}e\x{301}e\x{301}e\x{301}e\x{301}e\x{301}e\x{301}e\x{301}e\x{301}e\x{301}e\x{301}e\x{301}e\x{301}e\x{301}e\x{301}e\x{301}e\x{301}e\x{301}e\x{301}e\x{301}e\x{301}e\x{301}e\x{301}e\x{301}e\x{301}e\x{301}e\x{301}e\x{301}e\x{301}e\x{301} e\x{301}e\x{301}e\x{301}e\x{301}e\x{301}e\x{301}e\x{301}e\x{301}e\x{301}e\x{301}e\x{301}e\x{301}e\x{301}e\x{301}e\x{301}e\x{301}e\x{301}e\x{301}e\x{301}e\x{301}e\x{301}e\x{301}e\x{301}e\x{301}e\x{301}e\x{301}e\x{301}e\x{301}e\x{301}e\x{301} e\x{301}e\x{301}e\x{301}e\x{301}e\x{301}e\x{301}e\x{301}e\x{301}e\x{301}e\x{301}e\x{301}e\x{301}e\x{301}e\x{301}e\x{301}e\x{301}e\x{301}e\x{301}e\x{301}e\x{301}e\x{301}e\x{301}"
          text run at (924,4224) width 0: " "
          text run at (0,4240) width 924: "e\x{301}e\x{301}e\x{301}e\x{301}e\x{301}e\x{301}e\x{301}e\x{301}e\x{301}e\x{301}e\x{301}e\x{301}e\x{301}e\x{301}e\x{301}e\x{301}e\x{301}e\x{301}e\x{301}e\x{301}e\x{301}e\x{301}e\x{301}e\x{301}e\x{301}e\x{301}e\x{301}e\x{301}e\x{301}e\x{301}e\x{301}e\x{301} e\x{301} e\x{301}e\x{301}e\x{301}e\x{301}e\x{301}e\x{301}e\x{301}e\x{301}e\x{301}e\x{301}e\x{301}e\x{301}e\x{301}e\x{301}e\x{301}e\x{301}e\x{301}e\x{301}e\x{301}e\x{301}e\x{301}e\x{301}e\x{301}e\x{301}e\x{301}e\x{301}e\x{301}e\x{301}e\x{301}e\x{301}e\x{301}e\x{301}e\x{301}e\x{301}e\x{301}e\x{301}e\x{301}e\x{301}e\x{301}e\x{301}e\x{301}e\x{301}e\x{301} e\x{301}e\x{301}e\x{301}e\x{301}e\x{301}e\x{301}e\x{301}e\x{301}e\x{301}e\x{301}e\x{301}e\x{301}e\x{301}e\x{301}e\x{301}e\x{301}e\x{301}e\x{301}e\x{301}e\x{301}e\x{301}e\x{301}e\x{301}e\x{301}e\x{301}e\x{301}e\x{301}e\x{301}e\x{301}e\x{301} e\x{301}e\x{301}e\x{301}e\x{301}e\x{301}e\x{301}e\x{301}e\x{301}e\x{301}e\x{301}e\x{301}e\x{301}e\x{301}e\x{301}e\x{301}e\x{301}e\x{301}e\x{301}e\x{301}e\x{301}e\x{301}e\x{301}"
          text run at (924,4240) width 0: " "
          text run at (0,4256) width 924: "e\x{301}e\x{301}e\x{301}e\x{301}e\x{301}e\x{301}e\x{301}e\x{301}e\x{301}e\x{301}e\x{301}e\x{301}e\x{301}e\x{301}e\x{301}e\x{301}e\x{301}e\x{301}e\x{301}e\x{301}e\x{301}e\x{301}e\x{301}e\x{301}e\x{301}e\x{301}e\x{301}e\x{301}e\x{301}e\x{301}e\x{301}e\x{301} e\x{301} e\x{301}e\x{301}e\x{301}e\x{301}e\x{301}e\x{301}e\x{301}e\x{301}e\x{301}e\x{301}e\x{301}e\x{301}e\x{301}e\x{301}e\x{301}e\x{301}e\x{301}e\x{301}e\x{301}e\x{301}e\x{301}e\x{301}e\x{301}e\x{301}e\x{301}e\x{301}e\x{301}e\x{301}e\x{301}e\x{301}e\x{301}e\x{301}e\x{301}e\x{301}e\x{301}e\x{301}e\x{301}e\x{301}e\x{301}e\x{301}e\x{301}e\x{301}e\x{301} e\x{301}e\x{301}e\x{301}e\x{301}e\x{301}e\x{301}e\x{301}e\x{301}e\x{301}e\x{301}e\x{301}e\x{301}e\x{301}e\x{301}e\x{301}e\x{301}e\x{301}e\x{301}e\x{301}e\x{301}e\x{301}e\x{301}e\x{301}e\x{301}e\x{301}e\x{301}e\x{301}e\x{301}e\x{301}e\x{301} e\x{301}e\x{301}e\x{301}e\x{301}e\x{301}e\x{301}e\x{301}e\x{301}e\x{301}e\x{301}e\x{301}e\x{301}e\x{301}e\x{301}e\x{301}e\x{301}e\x{301}e\x{301}e\x{301}e\x{301}e\x{301}e\x{301}"
          text run at (924,4256) width 0: " "
          text run at (0,4272) width 924: "e\x{301}e\x{301}e\x{301}e\x{301}e\x{301}e\x{301}e\x{301}e\x{301}e\x{301}e\x{301}e\x{301}e\x{301}e\x{301}e\x{301}e\x{301}e\x{301}e\x{301}e\x{301}e\x{301}e\x{301}e\x{301}e\x{301}e\x{301}e\x{301}e\x{301}e\x{301}e\x{301}e\x{301}e\x{301}e\x{301}e\x{301}e\x{301} e\x{301} e\x{301}e\x{301}e\x{301}e\x{301}e\x{301}e\x{301}e\x{301}e\x{301}e\x{301}e\x{301}e\x{301}e\x{301}e\x{301}e\x{301}e\x{301}e\x{301}e\x{301}e\x{301}e\x{301}e\x{301}e\x{301}e\x{301}e\x{301}e\x{301}e\x{301}e\x{301}e\x{301}e\x{301}e\x{301}e\x{301}e\x{301}e\x{301}e\x{301}e\x{301}e\x{301}e\x{301}e\x{301}e\x{301}e\x{301}e\x{301}e\x{301}e\x{301}e\x{301} e\x{301}e\x{301}e\x{301}e\x{301}e\x{301}e\x{301}e\x{301}e\x{301}e\x{301}e\x{301}e\x{301}e\x{301}e\x{301}e\x{301}e\x{301}e\x{301}e\x{301}e\x{301}e\x{301}e\x{301}e\x{301}e\x{301}e\x{301}e\x{301}e\x{301}e\x{301}e\x{301}e\x{301}e\x{301}e\x{301} e\x{301}e\x{301}e\x{301}e\x{301}e\x{301}e\x{301}e\x{301}e\x{301}e\x{301}e\x{301}e\x{301}e\x{301}e\x{301}e\x{301}e\x{301}e\x{301}e\x{301}e\x{301}e\x{301}e\x{301}e\x{301}e\x{301}"
          text run at (924,4272) width 0: " "
          text run at (0,4288) width 924: "e\x{301}e\x{301}e\x{301}e\x{301}e\x{301}e\x{301}e\x{301}e\x{301}e\x{301}e\x{301}e\x{301}e\x{301}e\x{301}e\x{301}e\x{301}e\x{301}e\x{301}e\x{301}e\x{301}e\x{301}e\x{301}e\x{301}e\x{301}e\x{301}e\x{301}e\x{301}e\x{301}e\x{301}e\x{301}e\x{301}e\x{301}e\x{301} e\x{301} e\x{301}e\x{301}e\x{301}e\x{301}e\x{301}e\x{301}e\x{301}e\x{301}e\x{301}e\x{301}e\x{301}e\x{301}e\x{301}e\x{301}e\x{301}e\x{301}e\x{301}e\x{301}e\x{301}e\x{301}e\x{301}e\x{301}e\x{301}e\x{301}e\x{301}e\x{301}e\x{301}e\x{301}e\x{301}e\x{301}e\x{301}e\x{301}e\x{301}e\x{301}e\x{301}e\x{301}e\x{301}e\x{301}e\x{301}e\x{301}e\x{301}e\x{301}e\x{301} e\x{301}e\x{301}e\x{301}e\x{301}e\x{301}e\x{301}e\x{301}e\x{301}e\x{301}e\x{301}e\x{301}e\x{301}e\x{301}e\x{301}e\x{301}e\x{301}e\x{301}e\x{301}e\x{301}e\x{301}e\x{301}e\x{301}e\x{301}e\x{301}e\x{301}e\x{301}e\x{301}e\x{301}e\x{301}e\x{301} e\x{301}e\x{301}e\x{301}e\x{301}e\x{301}e\x{301}e\x{301}e\x{301}e\x{301}e\x{301}e\x{301}e\x{301}e\x{301}e\x{301}e\x{301}e\x{301}e\x{301}e\x{301}e\x{301}e\x{301}e\x{301}e\x{301}"
          text run at (924,4288) width 0: " "
          text run at (0,4304) width 924: "e\x{301}e\x{301}e\x{301}e\x{301}e\x{301}e\x{301}e\x{301}e\x{301}e\x{301}e\x{301}e\x{301}e\x{301}e\x{301}e\x{301}e\x{301}e\x{301}e\x{301}e\x{301}e\x{301}e\x{301}e\x{301}e\x{301}e\x{301}e\x{301}e\x{301}e\x{301}e\x{301}e\x{301}e\x{301}e\x{301}e\x{301}e\x{301} e\x{301} e\x{301}e\x{301}e\x{301}e\x{301}e\x{301}e\x{301}e\x{301}e\x{301}e\x{301}e\x{301}e\x{301}e\x{301}e\x{301}e\x{301}e\x{301}e\x{301}e\x{301}e\x{301}e\x{301}e\x{301}e\x{301}e\x{301}e\x{301}e\x{301}e\x{301}e\x{301}e\x{301}e\x{301}e\x{301}e\x{301}e\x{301}e\x{301}e\x{301}e\x{301}e\x{301}e\x{301}e\x{301}e\x{301}e\x{301}e\x{301}e\x{301}e\x{301}e\x{301} e\x{301}e\x{301}e\x{301}e\x{301}e\x{301}e\x{301}e\x{301}e\x{301}e\x{301}e\x{301}e\x{301}e\x{301}e\x{301}e\x{301}e\x{301}e\x{301}e\x{301}e\x{301}e\x{301}e\x{301}e\x{301}e\x{301}e\x{301}e\x{301}e\x{301}e\x{301}e\x{301}e\x{301}e\x{301}e\x{301} e\x{301}e\x{301}e\x{301}e\x{301}e\x{301}e\x{301}e\x{301}e\x{301}e\x{301}e\x{301}e\x{301}e\x{301}e\x{301}e\x{301}e\x{301}e\x{301}e\x{301}e\x{301}e\x{301}e\x{301}e\x{301}e\x{301}"
          text run at (924,4304) width 0: " "
          text run at (0,4320) width 924: "e\x{301}e\x{301}e\x{301}e\x{301}e\x{301}e\x{301}e\x{301}e\x{301}e\x{301}e\x{301}e\x{301}e\x{301}e\x{301}e\x{301}e\x{301}e\x{301}e\x{301}e\x{301}e\x{301}e\x{301}e\x{301}e\x{301}e\x{301}e\x{301}e\x{301}e\x{301}e\x{301}e\x{301}e\x{301}e\x{301}e\x{301}e\x{301} e\x{301} e\x{301}e\x{301}e\x{301}e\x{301}e\x{301}e\x{301}e\x{301}e\x{301}e\x{301}e\x{301}e\x{301}e\x{301}e\x{301}e\x{301}e\x{301}e\x{301}e\x{301}e\x{301}e\x{301}e\x{301}e\x{301}e\x{301}e\x{301}e\x{301}e\x{301}e\x{301}e\x{301}e\x{301}e\x{301}e\x{301}e\x{301}e\x{301}e\x{301}e\x{301}e\x{301}e\x{301}e\x{301}e\x{301}e\x{301}e\x{301}e\x{301}e\x{301}e\x{301} e\x{301}e\x{301}e\x{301}e\x{301}e\x{301}e\x{301}e\x{301}e\x{301}e\x{301}e\x{301}e\x{301}e\x{301}e\x{301}e\x{301}e\x{301}e\x{301}e\x{301}e\x{301}e\x{301}e\x{301}e\x{301}e\x{301}e\x{301}e\x{301}e\x{301}e\x{301}e\x{301}e\x{301}e\x{301}e\x{301} e\x{301}e\x{301}e\x{301}e\x{301}e\x{301}e\x{301}e\x{301}e\x{301}e\x{301}e\x{301}e\x{301}e\x{301}e\x{301}e\x{301}e\x{301}e\x{301}e\x{301}e\x{301}e\x{301}e\x{301}e\x{301}e\x{301}"
          text run at (924,4320) width 0: " "
          text run at (0,4336) width 924: "e\x{301}e\x{301}e\x{301}e\x{301}e\x{301}e\x{301}e\x{301}e\x{301}e\x{301}e\x{301}e\x{301}e\x{301}e\x{301}e\x{301}e\x{301}e\x{301}e\x{301}e\x{301}e\x{301}e\x{301}e\x{301}e\x{301}e\x{301}e\x{301}e\x{301}e\x{301}e\x{301}e\x{301}e\x{301}e\x{301}e\x{301}e\x{301} e\x{301} e\x{301}e\x{301}e\x{301}e\x{301}e\x{301}e\x{301}e\x{301}e\x{301}e\x{301}e\x{301}e\x{301}e\x{301}e\x{301}e\x{301}e\x{301}e\x{301}e\x{301}e\x{301}e\x{301}e\x{301}e\x{301}e\x{301}e\x{301}e\x{301}e\x{301}e\x{301}e\x{301}e\x{301}e\x{301}e\x{301}e\x{301}e\x{301}e\x{301}e\x{301}e\x{301}e\x{301}e\x{301}e\x{301}e\x{301}e\x{301}e\x{301}e\x{301}e\x{301} e\x{301}e\x{301}e\x{301}e\x{301}e\x{301}e\x{301}e\x{301}e\x{301}e\x{301}e\x{301}e\x{301}e\x{301}e\x{301}e\x{301}e\x{301}e\x{301}e\x{301}e\x{301}e\x{301}e\x{301}e\x{301}e\x{301}e\x{301}e\x{301}e\x{301}e\x{301}e\x{301}e\x{301}e\x{301}e\x{301} e\x{301}e\x{301}e\x{301}e\x{301}e\x{301}e\x{301}e\x{301}e\x{301}e\x{301}e\x{301}e\x{301}e\x{301}e\x{301}e\x{301}e\x{301}e\x{301}e\x{301}e\x{301}e\x{301}e\x{301}e\x{301}e\x{301}"
          text run at (924,4336) width 0: " "
          text run at (0,4352) width 924: "e\x{301}e\x{301}e\x{301}e\x{301}e\x{301}e\x{301}e\x{301}e\x{301}e\x{301}e\x{301}e\x{301}e\x{301}e\x{301}e\x{301}e\x{301}e\x{301}e\x{301}e\x{301}e\x{301}e\x{301}e\x{301}e\x{301}e\x{301}e\x{301}e\x{301}e\x{301}e\x{301}e\x{301}e\x{301}e\x{301}e\x{301}e\x{301} e\x{301} e\x{301}e\x{301}e\x{301}e\x{301}e\x{301}e\x{301}e\x{301}e\x{301}e\x{301}e\x{301}e\x{301}e\x{301}e\x{301}e\x{301}e\x{301}e\x{301}e\x{301}e\x{301}e\x{301}e\x{301}e\x{301}e\x{301}e\x{301}e\x{301}e\x{301}e\x{301}e\x{301}e\x{301}e\x{301}e\x{301}e\x{301}e\x{301}e\x{301}e\x{301}e\x{301}e\x{301}e\x{301}e\x{301}e\x{301}e\x{301}e\x{301}e\x{301}e\x{301} e\x{301}e\x{301}e\x{301}e\x{301}e\x{301}e\x{301}e\x{301}e\x{301}e\x{301}e\x{301}e\x{301}e\x{301}e\x{301}e\x{301}e\x{301}e\x{301}e\x{301}e\x{301}e\x{301}e\x{301}e\x{301}e\x{301}e\x{301}e\x{301}e\x{301}e\x{301}e\x{301}e\x{301}e\x{301}e\x{301} e\x{301}e\x{301}e\x{301}e\x{301}e\x{301}e\x{301}e\x{301}e\x{301}e\x{301}e\x{301}e\x{301}e\x{301}e\x{301}e\x{301}e\x{301}e\x{301}e\x{301}e\x{301}e\x{301}e\x{301}e\x{301}e\x{301}"
          text run at (924,4352) width 0: " "
          text run at (0,4368) width 924: "e\x{301}e\x{301}e\x{301}e\x{301}e\x{301}e\x{301}e\x{301}e\x{301}e\x{301}e\x{301}e\x{301}e\x{301}e\x{301}e\x{301}e\x{301}e\x{301}e\x{301}e\x{301}e\x{301}e\x{301}e\x{301}e\x{301}e\x{301}e\x{301}e\x{301}e\x{301}e\x{301}e\x{301}e\x{301}e\x{301}e\x{301}e\x{301} e\x{301} e\x{301}e\x{301}e\x{301}e\x{301}e\x{301}e\x{301}e\x{301}e\x{301}e\x{301}e\x{301}e\x{301}e\x{301}e\x{301}e\x{301}e\x{301}e\x{301}e\x{301}e\x{301}e\x{301}e\x{301}e\x{301}e\x{301}e\x{301}e\x{301}e\x{301}e\x{301}e\x{301}e\x{301}e\x{301}e\x{301}e\x{301}e\x{301}e\x{301}e\x{301}e\x{301}e\x{301}e\x{301}e\x{301}e\x{301}e\x{301}e\x{301}e\x{301}e\x{301} e\x{301}e\x{301}e\x{301}e\x{301}e\x{301}e\x{301}e\x{301}e\x{301}e\x{301}e\x{301}e\x{301}e\x{301}e\x{301}e\x{301}e\x{301}e\x{301}e\x{301}e\x{301}e\x{301}e\x{301}e\x{301}e\x{301}e\x{301}e\x{301}e\x{301}e\x{301}e\x{301}e\x{301}e\x{301}e\x{301} e\x{301}e\x{301}e\x{301}e\x{301}e\x{301}e\x{301}e\x{301}e\x{301}e\x{301}e\x{301}e\x{301}e\x{301}e\x{301}e\x{301}e\x{301}e\x{301}e\x{301}e\x{301}e\x{301}e\x{301}e\x{301}e\x{301}"
          text run at (924,4368) width 0: " "
          text run at (0,4384) width 924: "e\x{301}e\x{301}e\x{301}e\x{301}e\x{301}e\x{301}e\x{301}e\x{301}e\x{301}e\x{301}e\x{301}e\x{301}e\x{301}e\x{301}e\x{301}e\x{301}e\x{301}e\x{301}e\x{301}e\x{301}e\x{301}e\x{301}e\x{301}e\x{301}e\x{301}e\x{301}e\x{301}e\x{301}e\x{301}e\x{301}e\x{301}e\x{301} e\x{301} e\x{301}e\x{301}e\x{301}e\x{301}e\x{301}e\x{301}e\x{301}e\x{301}e\x{301}e\x{301}e\x{301}e\x{301}e\x{301}e\x{301}e\x{301}e\x{301}e\x{301}e\x{301}e\x{301}e\x{301}e\x{301}e\x{301}e\x{301}e\x{301}e\x{301}e\x{301}e\x{301}e\x{301}e\x{301}e\x{301}e\x{301}e\x{301}e\x{301}e\x{301}e\x{301}e\x{301}e\x{301}e\x{301}e\x{301}e\x{301}e\x{301}e\x{301}e\x{301} e\x{301}e\x{301}e\x{301}e\x{301}e\x{301}e\x{301}e\x{301}e\x{301}e\x{301}e\x{301}e\x{301}e\x{301}e\x{301}e\x{301}e\x{301}e\x{301}e\x{301}e\x{301}e\x{301}e\x{301}e\x{301}e\x{301}e\x{301}e\x{301}e\x{301}e\x{301}e\x{301}e\x{301}e\x{301}e\x{301} e\x{301}e\x{301}e\x{301}e\x{301}e\x{301}e\x{301}e\x{301}e\x{301}e\x{301}e\x{301}e\x{301}e\x{301}e\x{301}e\x{301}e\x{301}e\x{301}e\x{301}e\x{301}e\x{301}e\x{301}e\x{301}e\x{301}"
          text run at (924,4384) width 0: " "
          text run at (0,4400) width 924: "e\x{301}e\x{301}e\x{301}e\x{301}e\x{301}e\x{301}e\x{301}e\x{301}e\x{301}e\x{301}e\x{301}e\x{301}e\x{301}e\x{301}e\x{301}e\x{301}e\x{301}e\x{301}e\x{301}e\x{301}e\x{301}e\x{301}e\x{301}e\x{301}e\x{301}e\x{301}e\x{301}e\x{301}e\x{301}e\x{301}e\x{301}e\x{301} e\x{301} e\x{301}e\x{301}e\x{301}e\x{301}e\x{301}e\x{301}e\x{301}e\x{301}e\x{301}e\x{301}e\x{301}e\x{301}e\x{301}e\x{301}e\x{301}e\x{301}e\x{301}e\x{301}e\x{301}e\x{301}e\x{301}e\x{301}e\x{301}e\x{301}e\x{301}e\x{301}e\x{301}e\x{301}e\x{301}e\x{301}e\x{301}e\x{301}e\x{301}e\x{301}e\x{301}e\x{301}e\x{301}e\x{301}e\x{301}e\x{301}e\x{301}e\x{301}e\x{301} e\x{301}e\x{301}e\x{301}e\x{301}e\x{301}e\x{301}e\x{301}e\x{301}e\x{301}e\x{301}e\x{301}e\x{301}e\x{301}e\x{301}e\x{301}e\x{301}e\x{301}e\x{301}e\x{301}e\x{301}e\x{301}e\x{301}e\x{301}e\x{301}e\x{301}e\x{301}e\x{301}e\x{301}e\x{301}e\x{301} e\x{301}e\x{301}e\x{301}e\x{301}e\x{301}e\x{301}e\x{301}e\x{301}e\x{301}e\x{301}e\x{301}e\x{301}e\x{301}e\x{301}e\x{301}e\x{301}e\x{301}e\x{301}e\x{301}e\x{301}e\x{301}e\x{301}"
          text run at (924,4400) width 0: " "
          text run at (0,4416) width 924: "e\x{301}e\x{301}e\x{301}e\x{301}e\x{301}e\x{301}e\x{301}e\x{301}e\x{301}e\x{301}e\x{301}e\x{301}e\x{301}e\x{301}e\x{301}e\x{301}e\x{301}e\x{301}e\x{301}e\x{301}e\x{301}e\x{301}e\x{301}e\x{301}e\x{301}e\x{301}e\x{301}e\x{301}e\x{301}e\x{301}e\x{301}e\x{301} e\x{301} e\x{301}e\x{301}e\x{301}e\x{301}e\x{301}e\x{301}e\x{301}e\x{301}e\x{301}e\x{301}e\x{301}e\x{301}e\x{301}e\x{301}e\x{301}e\x{301}e\x{301}e\x{301}e\x{301}e\x{301}e\x{301}e\x{301}e\x{301}e\x{301}e\x{301}e\x{301}e\x{301}e\x{301}e\x{301}e\x{301}e\x{301}e\x{301}e\x{301}e\x{301}e\x{301}e\x{301}e\x{301}e\x{301}e\x{301}e\x{301}e\x{301}e\x{301}e\x{301} e\x{301}e\x{301}e\x{301}e\x{301}e\x{301}e\x{301}e\x{301}e\x{301}e\x{301}e\x{301}e\x{301}e\x{301}e\x{301}e\x{301}e\x{301}e\x{301}e\x{301}e\x{301}e\x{301}e\x{301}e\x{301}e\x{301}e\x{301}e\x{301}e\x{301}e\x{301}e\x{301}e\x{301}e\x{301}e\x{301} e\x{301}e\x{301}e\x{301}e\x{301}e\x{301}e\x{301}e\x{301}e\x{301}e\x{301}e\x{301}e\x{301}e\x{301}e\x{301}e\x{301}e\x{301}e\x{301}e\x{301}e\x{301}e\x{301}e\x{301}e\x{301}e\x{301}"
          text run at (924,4416) width 0: " "
          text run at (0,4432) width 924: "e\x{301}e\x{301}e\x{301}e\x{301}e\x{301}e\x{301}e\x{301}e\x{301}e\x{301}e\x{301}e\x{301}e\x{301}e\x{301}e\x{301}e\x{301}e\x{301}e\x{301}e\x{301}e\x{301}e\x{301}e\x{301}e\x{301}e\x{301}e\x{301}e\x{301}e\x{301}e\x{301}e\x{301}e\x{301}e\x{301}e\x{301}e\x{301} e\x{301} e\x{301}e\x{301}e\x{301}e\x{301}e\x{301}e\x{301}e\x{301}e\x{301}e\x{301}e\x{301}e\x{301}e\x{301}e\x{301}e\x{301}e\x{301}e\x{301}e\x{301}e\x{301}e\x{301}e\x{301}e\x{301}e\x{301}e\x{301}e\x{301}e\x{301}e\x{301}e\x{301}e\x{301}e\x{301}e\x{301}e\x{301}e\x{301}e\x{301}e\x{301}e\x{301}e\x{301}e\x{301}e\x{301}e\x{301}e\x{301}e\x{301}e\x{301}e\x{301} e\x{301}e\x{301}e\x{301}e\x{301}e\x{301}e\x{301}e\x{301}e\x{301}e\x{301}e\x{301}e\x{301}e\x{301}e\x{301}e\x{301}e\x{301}e\x{301}e\x{301}e\x{301}e\x{301}e\x{301}e\x{301}e\x{301}e\x{301}e\x{301}e\x{301}e\x{301}e\x{301}e\x{301}e\x{301}e\x{301} e\x{301}e\x{301}e\x{301}e\x{301}e\x{301}e\x{301}e\x{301}e\x{301}e\x{301}e\x{301}e\x{301}e\x{301}e\x{301}e\x{301}e\x{301}e\x{301}e\x{301}e\x{301}e\x{301}e\x{301}e\x{301}e\x{301}"
          text run at (924,4432) width 0: " "
          text run at (0,4448) width 924: "e\x{301}e\x{301}e\x{301}e\x{301}e\x{301}e\x{301}e\x{301}e\x{301}e\x{301}e\x{301}e\x{301}e\x{301}e\x{301}e\x{301}e\x{301}e\x{301}e\x{301}e\x{301}e\x{301}e\x{301}e\x{301}e\x{301}e\x{301}e\x{301}e\x{301}e\x{301}e\x{301}e\x{301}e\x{301}e\x{301}e\x{301}e\x{301} e\x{301} e\x{301}e\x{301}e\x{301}e\x{301}e\x{301}e\x{301}e\x{301}e\x{301}e\x{301}e\x{301}e\x{301}e\x{301}e\x{301}e\x{301}e\x{301}e\x{301}e\x{301}e\x{301}e\x{301}e\x{301}e\x{301}e\x{301}e\x{301}e\x{301}e\x{301}e\x{301}e\x{301}e\x{301}e\x{301}e\x{301}e\x{301}e\x{301}e\x{301}e\x{301}e\x{301}e\x{301}e\x{301}e\x{301}e\x{301}e\x{301}e\x{301}e\x{301}e\x{301} e\x{301}e\x{301}e\x{301}e\x{301}e\x{301}e\x{301}e\x{301}e\x{301}e\x{301}e\x{301}e\x{301}e\x{301}e\x{301}e\x{301}e\x{301}e\x{301}e\x{301}e\x{301}e\x{301}e\x{301}e\x{301}e\x{301}e\x{301}e\x{301}e\x{301}e\x{301}e\x{301}e\x{301}e\x{301}e\x{301} e\x{301}e\x{301}e\x{301}e\x{301}e\x{301}e\x{301}e\x{301}e\x{301}e\x{301}e\x{301}e\x{301}e\x{301}e\x{301}e\x{301}e\x{301}e\x{301}e\x{301}e\x{301}e\x{301}e\x{301}e\x{301}e\x{301}"
          text run at (924,4448) width 0: " "
          text run at (0,4464) width 924: "e\x{301}e\x{301}e\x{301}e\x{301}e\x{301}e\x{301}e\x{301}e\x{301}e\x{301}e\x{301}e\x{301}e\x{301}e\x{301}e\x{301}e\x{301}e\x{301}e\x{301}e\x{301}e\x{301}e\x{301}e\x{301}e\x{301}e\x{301}e\x{301}e\x{301}e\x{301}e\x{301}e\x{301}e\x{301}e\x{301}e\x{301}e\x{301} e\x{301} e\x{301}e\x{301}e\x{301}e\x{301}e\x{301}e\x{301}e\x{301}e\x{301}e\x{301}e\x{301}e\x{301}e\x{301}e\x{301}e\x{301}e\x{301}e\x{301}e\x{301}e\x{301}e\x{301}e\x{301}e\x{301}e\x{301}e\x{301}e\x{301}e\x{301}e\x{301}e\x{301}e\x{301}e\x{301}e\x{301}e\x{301}e\x{301}e\x{301}e\x{301}e\x{301}e\x{301}e\x{301}e\x{301}e\x{301}e\x{301}e\x{301}e\x{301}e\x{301} e\x{301}e\x{301}e\x{301}e\x{301}e\x{301}e\x{301}e\x{301}e\x{301}e\x{301}e\x{301}e\x{301}e\x{301}e\x{301}e\x{301}e\x{301}e\x{301}e\x{301}e\x{301}e\x{301}e\x{301}e\x{301}e\x{301}e\x{301}e\x{301}e\x{301}e\x{301}e\x{301}e\x{301}e\x{301}e\x{301} e\x{301}e\x{301}e\x{301}e\x{301}e\x{301}e\x{301}e\x{301}e\x{301}e\x{301}e\x{301}e\x{301}e\x{301}e\x{301}e\x{301}e\x{301}e\x{301}e\x{301}e\x{301}e\x{301}e\x{301}e\x{301}e\x{301}"
          text run at (924,4464) width 0: " "
          text run at (0,4480) width 924: "e\x{301}e\x{301}e\x{301}e\x{301}e\x{301}e\x{301}e\x{301}e\x{301}e\x{301}e\x{301}e\x{301}e\x{301}e\x{301}e\x{301}e\x{301}e\x{301}e\x{301}e\x{301}e\x{301}e\x{301}e\x{301}e\x{301}e\x{301}e\x{301}e\x{301}e\x{301}e\x{301}e\x{301}e\x{301}e\x{301}e\x{301}e\x{301} e\x{301} e\x{301}e\x{301}e\x{301}e\x{301}e\x{301}e\x{301}e\x{301}e\x{301}e\x{301}e\x{301}e\x{301}e\x{301}e\x{301}e\x{301}e\x{301}e\x{301}e\x{301}e\x{301}e\x{301}e\x{301}e\x{301}e\x{301}e\x{301}e\x{301}e\x{301}e\x{301}e\x{301}e\x{301}e\x{301}e\x{301}e\x{301}e\x{301}e\x{301}e\x{301}e\x{301}e\x{301}e\x{301}e\x{301}e\x{301}e\x{301}e\x{301}e\x{301}e\x{301} e\x{301}e\x{301}e\x{301}e\x{301}e\x{301}e\x{301}e\x{301}e\x{301}e\x{301}e\x{301}e\x{301}e\x{301}e\x{301}e\x{301}e\x{301}e\x{301}e\x{301}e\x{301}e\x{301}e\x{301}e\x{301}e\x{301}e\x{301}e\x{301}e\x{301}e\x{301}e\x{301}e\x{301}e\x{301}e\x{301} e\x{301}e\x{301}e\x{301}e\x{301}e\x{301}e\x{301}e\x{301}e\x{301}e\x{301}e\x{301}e\x{301}e\x{301}e\x{301}e\x{301}e\x{301}e\x{301}e\x{301}e\x{301}e\x{301}e\x{301}e\x{301}e\x{301}"
          text run at (924,4480) width 0: " "
          text run at (0,4496) width 924: "e\x{301}e\x{301}e\x{301}e\x{301}e\x{301}e\x{301}e\x{301}e\x{301}e\x{301}e\x{301}e\x{301}e\x{301}e\x{301}e\x{301}e\x{301}e\x{301}e\x{301}e\x{301}e\x{301}e\x{301}e\x{301}e\x{301}e\x{301}e\x{301}e\x{301}e\x{301}e\x{301}e\x{301}e\x{301}e\x{301}e\x{301}e\x{301} e\x{301} e\x{301}e\x{301}e\x{301}e\x{301}e\x{301}e\x{301}e\x{301}e\x{301}e\x{301}e\x{301}e\x{301}e\x{301}e\x{301}e\x{301}e\x{301}e\x{301}e\x{301}e\x{301}e\x{301}e\x{301}e\x{301}e\x{301}e\x{301}e\x{301}e\x{301}e\x{301}e\x{301}e\x{301}e\x{301}e\x{301}e\x{301}e\x{301}e\x{301}e\x{301}e\x{301}e\x{301}e\x{301}e\x{301}e\x{301}e\x{301}e\x{301}e\x{301}e\x{301} e\x{301}e\x{301}e\x{301}e\x{301}e\x{301}e\x{301}e\x{301}e\x{301}e\x{301}e\x{301}e\x{301}e\x{301}e\x{301}e\x{301}e\x{301}e\x{301}e\x{301}e\x{301}e\x{301}e\x{301}e\x{301}e\x{301}e\x{301}e\x{301}e\x{301}e\x{301}e\x{301}e\x{301}e\x{301}e\x{301} e\x{301}e\x{301}e\x{301}e\x{301}e\x{301}e\x{301}e\x{301}e\x{301}e\x{301}e\x{301}e\x{301}e\x{301}e\x{301}e\x{301}e\x{301}e\x{301}e\x{301}e\x{301}e\x{301}e\x{301}e\x{301}e\x{301}"
          text run at (924,4496) width 0: " "
          text run at (0,4512) width 924: "e\x{301}e\x{301}e\x{301}e\x{301}e\x{301}e\x{301}e\x{301}e\x{301}e\x{301}e\x{301}e\x{301}e\x{301}e\x{301}e\x{301}e\x{301}e\x{301}e\x{301}e\x{301}e\x{301}e\x{301}e\x{301}e\x{301}e\x{301}e\x{301}e\x{301}e\x{301}e\x{301}e\x{301}e\x{301}e\x{301}e\x{301}e\x{301} e\x{301} e\x{301}e\x{301}e\x{301}e\x{301}e\x{301}e\x{301}e\x{301}e\x{301}e\x{301}e\x{301}e\x{301}e\x{301}e\x{301}e\x{301}e\x{301}e\x{301}e\x{301}e\x{301}e\x{301}e\x{301}e\x{301}e\x{301}e\x{301}e\x{301}e\x{301}e\x{301}e\x{301}e\x{301}e\x{301}e\x{301}e\x{301}e\x{301}e\x{301}e\x{301}e\x{301}e\x{301}e\x{301}e\x{301}e\x{301}e\x{301}e\x{301}e\x{301}e\x{301} e\x{301}e\x{301}e\x{301}e\x{301}e\x{301}e\x{301}e\x{301}e\x{301}e\x{301}e\x{301}e\x{301}e\x{301}e\x{301}e\x{301}e\x{301}e\x{301}e\x{301}e\x{301}e\x{301}e\x{301}e\x{301}e\x{301}e\x{301}e\x{301}e\x{301}e\x{301}e\x{301}e\x{301}e\x{301}e\x{301} e\x{301}e\x{301}e\x{301}e\x{301}e\x{301}e\x{301}e\x{301}e\x{301}e\x{301}e\x{301}e\x{301}e\x{301}e\x{301}e\x{301}e\x{301}e\x{301}e\x{301}e\x{301}e\x{301}e\x{301}e\x{301}e\x{301}"
          text run at (924,4512) width 0: " "
          text run at (0,4528) width 924: "e\x{301}e\x{301}e\x{301}e\x{301}e\x{301}e\x{301}e\x{301}e\x{301}e\x{301}e\x{301}e\x{301}e\x{301}e\x{301}e\x{301}e\x{301}e\x{301}e\x{301}e\x{301}e\x{301}e\x{301}e\x{301}e\x{301}e\x{301}e\x{301}e\x{301}e\x{301}e\x{301}e\x{301}e\x{301}e\x{301}e\x{301}e\x{301} e\x{301} e\x{301}e\x{301}e\x{301}e\x{301}e\x{301}e\x{301}e\x{301}e\x{301}e\x{301}e\x{301}e\x{301}e\x{301}e\x{301}e\x{301}e\x{301}e\x{301}e\x{301}e\x{301}e\x{301}e\x{301}e\x{301}e\x{301}e\x{301}e\x{301}e\x{301}e\x{301}e\x{301}e\x{301}e\x{301}e\x{301}e\x{301}e\x{301}e\x{301}e\x{301}e\x{301}e\x{301}e\x{301}e\x{301}e\x{301}e\x{301}e\x{301}e\x{301}e\x{301} e\x{301}e\x{301}e\x{301}e\x{301}e\x{301}e\x{301}e\x{301}e\x{301}e\x{301}e\x{301}e\x{301}e\x{301}e\x{301}e\x{301}e\x{301}e\x{301}e\x{301}e\x{301}e\x{301}e\x{301}e\x{301}e\x{301}e\x{301}e\x{301}e\x{301}e\x{301}e\x{301}e\x{301}e\x{301}e\x{301} e\x{301}e\x{301}e\x{301}e\x{301}e\x{301}e\x{301}e\x{301}e\x{301}e\x{301}e\x{301}e\x{301}e\x{301}e\x{301}e\x{301}e\x{301}e\x{301}e\x{301}e\x{301}e\x{301}e\x{301}e\x{301}e\x{301}"
          text run at (924,4528) width 0: " "
          text run at (0,4544) width 924: "e\x{301}e\x{301}e\x{301}e\x{301}e\x{301}e\x{301}e\x{301}e\x{301}e\x{301}e\x{301}e\x{301}e\x{301}e\x{301}e\x{301}e\x{301}e\x{301}e\x{301}e\x{301}e\x{301}e\x{301}e\x{301}e\x{301}e\x{301}e\x{301}e\x{301}e\x{301}e\x{301}e\x{301}e\x{301}e\x{301}e\x{301}e\x{301} e\x{301} e\x{301}e\x{301}e\x{301}e\x{301}e\x{301}e\x{301}e\x{301}e\x{301}e\x{301}e\x{301}e\x{301}e\x{301}e\x{301}e\x{301}e\x{301}e\x{301}e\x{301}e\x{301}e\x{301}e\x{301}e\x{301}e\x{301}e\x{301}e\x{301}e\x{301}e\x{301}e\x{301}e\x{301}e\x{301}e\x{301}e\x{301}e\x{301}e\x{301}e\x{301}e\x{301}e\x{301}e\x{301}e\x{301}e\x{301}e\x{301}e\x{301}e\x{301}e\x{301} e\x{301}e\x{301}e\x{301}e\x{301}e\x{301}e\x{301}e\x{301}e\x{301}e\x{301}e\x{301}e\x{301}e\x{301}e\x{301}e\x{301}e\x{301}e\x{301}e\x{301}e\x{301}e\x{301}e\x{301}e\x{301}e\x{301}e\x{301}e\x{301}e\x{301}e\x{301}e\x{301}e\x{301}e\x{301}e\x{301} e\x{301}e\x{301}e\x{301}e\x{301}e\x{301}e\x{301}e\x{301}e\x{301}e\x{301}e\x{301}e\x{301}e\x{301}e\x{301}e\x{301}e\x{301}e\x{301}e\x{301}e\x{301}e\x{301}e\x{301}e\x{301}e\x{301}"
          text run at (924,4544) width 0: " "
          text run at (0,4560) width 924: "e\x{301}e\x{301}e\x{301}e\x{301}e\x{301}e\x{301}e\x{301}e\x{301}e\x{301}e\x{301}e\x{301}e\x{301}e\x{301}e\x{301}e\x{301}e\x{301}e\x{301}e\x{301}e\x{301}e\x{301}e\x{301}e\x{301}e\x{301}e\x{301}e\x{301}e\x{301}e\x{301}e\x{301}e\x{301}e\x{301}e\x{301}e\x{301} e\x{301} e\x{301}e\x{301}e\x{301}e\x{301}e\x{301}e\x{301}e\x{301}e\x{301}e\x{301}e\x{301}e\x{301}e\x{301}e\x{301}e\x{301}e\x{301}e\x{301}e\x{301}e\x{301}e\x{301}e\x{301}e\x{301}e\x{301}e\x{301}e\x{301}e\x{301}e\x{301}e\x{301}e\x{301}e\x{301}e\x{301}e\x{301}e\x{301}e\x{301}e\x{301}e\x{301}e\x{301}e\x{301}e\x{301}e\x{301}e\x{301}e\x{301}e\x{301}e\x{301} e\x{301}e\x{301}e\x{301}e\x{301}e\x{301}e\x{301}e\x{301}e\x{301}e\x{301}e\x{301}e\x{301}e\x{301}e\x{301}e\x{301}e\x{301}e\x{301}e\x{301}e\x{301}e\x{301}e\x{301}e\x{301}e\x{301}e\x{301}e\x{301}e\x{301}e\x{301}e\x{301}e\x{301}e\x{301}e\x{301} e\x{301}e\x{301}e\x{301}e\x{301}e\x{301}e\x{301}e\x{301}e\x{301}e\x{301}e\x{301}e\x{301}e\x{301}e\x{301}e\x{301}e\x{301}e\x{301}e\x{301}e\x{301}e\x{301}e\x{301}e\x{301}e\x{301}"
          text run at (924,4560) width 0: " "
          text run at (0,4576) width 924: "e\x{301}e\x{301}e\x{301}e\x{301}e\x{301}e\x{301}e\x{301}e\x{301}e\x{301}e\x{301}e\x{301}e\x{301}e\x{301}e\x{301}e\x{301}e\x{301}e\x{301}e\x{301}e\x{301}e\x{301}e\x{301}e\x{301}e\x{301}e\x{301}e\x{301}e\x{301}e\x{301}e\x{301}e\x{301}e\x{301}e\x{301}e\x{301} e\x{301} e\x{301}e\x{301}e\x{301}e\x{301}e\x{301}e\x{301}e\x{301}e\x{301}e\x{301}e\x{301}e\x{301}e\x{301}e\x{301}e\x{301}e\x{301}e\x{301}e\x{301}e\x{301}e\x{301}e\x{301}e\x{301}e\x{301}e\x{301}e\x{301}e\x{301}e\x{301}e\x{301}e\x{301}e\x{301}e\x{301}e\x{301}e\x{301}e\x{301}e\x{301}e\x{301}e\x{301}e\x{301}e\x{301}e\x{301}e\x{301}e\x{301}e\x{301}e\x{301} e\x{301}e\x{301}e\x{301}e\x{301}e\x{301}e\x{301}e\x{301}e\x{301}e\x{301}e\x{301}e\x{301}e\x{301}e\x{301}e\x{301}e\x{301}e\x{301}e\x{301}e\x{301}e\x{301}e\x{301}e\x{301}e\x{301}e\x{301}e\x{301}e\x{301}e\x{301}e\x{301}e\x{301}e\x{301}e\x{301} e\x{301}e\x{301}e\x{301}e\x{301}e\x{301}e\x{301}e\x{301}e\x{301}e\x{301}e\x{301}e\x{301}e\x{301}e\x{301}e\x{301}e\x{301}e\x{301}e\x{301}e\x{301}e\x{301}e\x{301}e\x{301}e\x{301}"
          text run at (924,4576) width 0: " "
          text run at (0,4592) width 924: "e\x{301}e\x{301}e\x{301}e\x{301}e\x{301}e\x{301}e\x{301}e\x{301}e\x{301}e\x{301}e\x{301}e\x{301}e\x{301}e\x{301}e\x{301}e\x{301}e\x{301}e\x{301}e\x{301}e\x{301}e\x{301}e\x{301}e\x{301}e\x{301}e\x{301}e\x{301}e\x{301}e\x{301}e\x{301}e\x{301}e\x{301}e\x{301} e\x{301} e\x{301}e\x{301}e\x{301}e\x{301}e\x{301}e\x{301}e\x{301}e\x{301}e\x{301}e\x{301}e\x{301}e\x{301}e\x{301}e\x{301}e\x{301}e\x{301}e\x{301}e\x{301}e\x{301}e\x{301}e\x{301}e\x{301}e\x{301}e\x{301}e\x{301}e\x{301}e\x{301}e\x{301}e\x{301}e\x{301}e\x{301}e\x{301}e\x{301}e\x{301}e\x{301}e\x{301}e\x{301}e\x{301}e\x{301}e\x{301}e\x{301}e\x{301}e\x{301} e\x{301}e\x{301}e\x{301}e\x{301}e\x{301}e\x{301}e\x{301}e\x{301}e\x{301}e\x{301}e\x{301}e\x{301}e\x{301}e\x{301}e\x{301}e\x{301}e\x{301}e\x{301}e\x{301}e\x{301}e\x{301}e\x{301}e\x{301}e\x{301}e\x{301}e\x{301}e\x{301}e\x{301}e\x{301}e\x{301} e\x{301}e\x{301}e\x{301}e\x{301}e\x{301}e\x{301}e\x{301}e\x{301}e\x{301}e\x{301}e\x{301}e\x{301}e\x{301}e\x{301}e\x{301}e\x{301}e\x{301}e\x{301}e\x{301}e\x{301}e\x{301}e\x{301}"
          text run at (924,4592) width 0: " "
          text run at (0,4608) width 924: "e\x{301}e\x{301}e\x{301}e\x{301}e\x{301}e\x{301}e\x{301}e\x{301}e\x{301}e\x{301}e\x{301}e\x{301}e\x{301}e\x{301}e\x{301}e\x{301}e\x{301}e\x{301}e\x{301}e\x{301}e\x{301}e\x{301}e\x{301}e\x{301}e\x{301}e\x{301}e\x{301}e\x{301}e\x{301}e\x{301}e\x{301}e\x{301} e\x{301} e\x{301}e\x{301}e\x{301}e\x{301}e\x{301}e\x{301}e\x{301}e\x{301}e\x{301}e\x{301}e\x{301}e\x{301}e\x{301}e\x{301}e\x{301}e\x{301}e\x{301}e\x{301}e\x{301}e\x{301}e\x{301}e\x{301}e\x{301}e\x{301}e\x{301}e\x{301}e\x{301}e\x{301}e\x{301}e\x{301}e\x{301}e\x{301}e\x{301}e\x{301}e\x{301}e\x{301}e\x{301}e\x{301}e\x{301}e\x{301}e\x{301}e\x{301}e\x{301} e\x{301}e\x{301}e\x{301}e\x{301}e\x{301}e\x{301}e\x{301}e\x{301}e\x{301}e\x{301}e\x{301}e\x{301}e\x{301}e\x{301}e\x{301}e\x{301}e\x{301}e\x{301}e\x{301}e\x{301}e\x{301}e\x{301}e\x{301}e\x{301}e\x{301}e\x{301}e\x{301}e\x{301}e\x{301}e\x{301} e\x{301}e\x{301}e\x{301}e\x{301}e\x{301}e\x{301}e\x{301}e\x{301}e\x{301}e\x{301}e\x{301}e\x{301}e\x{301}e\x{301}e\x{301}e\x{301}e\x{301}e\x{301}e\x{301}e\x{301}e\x{301}e\x{301}"
          text run at (924,4608) width 0: " "
          text run at (0,4624) width 924: "e\x{301}e\x{301}e\x{301}e\x{301}e\x{301}e\x{301}e\x{301}e\x{301}e\x{301}e\x{301}e\x{301}e\x{301}e\x{301}e\x{301}e\x{301}e\x{301}e\x{301}e\x{301}e\x{301}e\x{301}e\x{301}e\x{301}e\x{301}e\x{301}e\x{301}e\x{301}e\x{301}e\x{301}e\x{301}e\x{301}e\x{301}e\x{301} e\x{301} e\x{301}e\x{301}e\x{301}e\x{301}e\x{301}e\x{301}e\x{301}e\x{301}e\x{301}e\x{301}e\x{301}e\x{301}e\x{301}e\x{301}e\x{301}e\x{301}e\x{301}e\x{301}e\x{301}e\x{301}e\x{301}e\x{301}e\x{301}e\x{301}e\x{301}e\x{301}e\x{301}e\x{301}e\x{301}e\x{301}e\x{301}e\x{301}e\x{301}e\x{301}e\x{301}e\x{301}e\x{301}e\x{301}e\x{301}e\x{301}e\x{301}e\x{301}e\x{301} e\x{301}e\x{301}e\x{301}e\x{301}e\x{301}e\x{301}e\x{301}e\x{301}e\x{301}e\x{301}e\x{301}e\x{301}e\x{301}e\x{301}e\x{301}e\x{301}e\x{301}e\x{301}e\x{301}e\x{301}e\x{301}e\x{301}e\x{301}e\x{301}e\x{301}e\x{301}e\x{301}e\x{301}e\x{301}e\x{301} e\x{301}e\x{301}e\x{301}e\x{301}e\x{301}e\x{301}e\x{301}e\x{301}e\x{301}e\x{301}e\x{301}e\x{301}e\x{301}e\x{301}e\x{301}e\x{301}e\x{301}e\x{301}e\x{301}e\x{301}e\x{301}e\x{301}"
          text run at (924,4624) width 0: " "
          text run at (0,4640) width 924: "e\x{301}e\x{301}e\x{301}e\x{301}e\x{301}e\x{301}e\x{301}e\x{301}e\x{301}e\x{301}e\x{301}e\x{301}e\x{301}e\x{301}e\x{301}e\x{301}e\x{301}e\x{301}e\x{301}e\x{301}e\x{301}e\x{301}e\x{301}e\x{301}e\x{301}e\x{301}e\x{301}e\x{301}e\x{301}e\x{301}e\x{301}e\x{301} e\x{301} e\x{301}e\x{301}e\x{301}e\x{301}e\x{301}e\x{301}e\x{301}e\x{301}e\x{301}e\x{301}e\x{301}e\x{301}e\x{301}e\x{301}e\x{301}e\x{301}e\x{301}e\x{301}e\x{301}e\x{301}e\x{301}e\x{301}e\x{301}e\x{301}e\x{301}e\x{301}e\x{301}e\x{301}e\x{301}e\x{301}e\x{301}e\x{301}e\x{301}e\x{301}e\x{301}e\x{301}e\x{301}e\x{301}e\x{301}e\x{301}e\x{301}e\x{301}e\x{301} e\x{301}e\x{301}e\x{301}e\x{301}e\x{301}e\x{301}e\x{301}e\x{301}e\x{301}e\x{301}e\x{301}e\x{301}e\x{301}e\x{301}e\x{301}e\x{301}e\x{301}e\x{301}e\x{301}e\x{301}e\x{301}e\x{301}e\x{301}e\x{301}e\x{301}e\x{301}e\x{301}e\x{301}e\x{301}e\x{301} e\x{301}e\x{301}e\x{301}e\x{301}e\x{301}e\x{301}e\x{301}e\x{301}e\x{301}e\x{301}e\x{301}e\x{301}e\x{301}e\x{301}e\x{301}e\x{301}e\x{301}e\x{301}e\x{301}e\x{301}e\x{301}e\x{301}"
          text run at (924,4640) width 0: " "
          text run at (0,4656) width 924: "e\x{301}e\x{301}e\x{301}e\x{301}e\x{301}e\x{301}e\x{301}e\x{301}e\x{301}e\x{301}e\x{301}e\x{301}e\x{301}e\x{301}e\x{301}e\x{301}e\x{301}e\x{301}e\x{301}e\x{301}e\x{301}e\x{301}e\x{301}e\x{301}e\x{301}e\x{301}e\x{301}e\x{301}e\x{301}e\x{301}e\x{301}e\x{301} e\x{301} e\x{301}e\x{301}e\x{301}e\x{301}e\x{301}e\x{301}e\x{301}e\x{301}e\x{301}e\x{301}e\x{301}e\x{301}e\x{301}e\x{301}e\x{301}e\x{301}e\x{301}e\x{301}e\x{301}e\x{301}e\x{301}e\x{301}e\x{301}e\x{301}e\x{301}e\x{301}e\x{301}e\x{301}e\x{301}e\x{301}e\x{301}e\x{301}e\x{301}e\x{301}e\x{301}e\x{301}e\x{301}e\x{301}e\x{301}e\x{301}e\x{301}e\x{301}e\x{301} e\x{301}e\x{301}e\x{301}e\x{301}e\x{301}e\x{301}e\x{301}e\x{301}e\x{301}e\x{301}e\x{301}e\x{301}e\x{301}e\x{301}e\x{301}e\x{301}e\x{301}e\x{301}e\x{301}e\x{301}e\x{301}e\x{301}e\x{301}e\x{301}e\x{301}e\x{301}e\x{301}e\x{301}e\x{301}e\x{301} e\x{301}e\x{301}e\x{301}e\x{301}e\x{301}e\x{301}e\x{301}e\x{301}e\x{301}e\x{301}e\x{301}e\x{301}e\x{301}e\x{301}e\x{301}e\x{301}e\x{301}e\x{301}e\x{301}e\x{301}e\x{301}e\x{301}"
          text run at (924,4656) width 0: " "
          text run at (0,4672) width 924: "e\x{301}e\x{301}e\x{301}e\x{301}e\x{301}e\x{301}e\x{301}e\x{301}e\x{301}e\x{301}e\x{301}e\x{301}e\x{301}e\x{301}e\x{301}e\x{301}e\x{301}e\x{301}e\x{301}e\x{301}e\x{301}e\x{301}e\x{301}e\x{301}e\x{301}e\x{301}e\x{301}e\x{301}e\x{301}e\x{301}e\x{301}e\x{301} e\x{301} e\x{301}e\x{301}e\x{301}e\x{301}e\x{301}e\x{301}e\x{301}e\x{301}e\x{301}e\x{301}e\x{301}e\x{301}e\x{301}e\x{301}e\x{301}e\x{301}e\x{301}e\x{301}e\x{301}e\x{301}e\x{301}e\x{301}e\x{301}e\x{301}e\x{301}e\x{301}e\x{301}e\x{301}e\x{301}e\x{301}e\x{301}e\x{301}e\x{301}e\x{301}e\x{301}e\x{301}e\x{301}e\x{301}e\x{301}e\x{301}e\x{301}e\x{301}e\x{301} e\x{301}e\x{301}e\x{301}e\x{301}e\x{301}e\x{301}e\x{301}e\x{301}e\x{301}e\x{301}e\x{301}e\x{301}e\x{301}e\x{301}e\x{301}e\x{301}e\x{301}e\x{301}e\x{301}e\x{301}e\x{301}e\x{301}e\x{301}e\x{301}e\x{301}e\x{301}e\x{301}e\x{301}e\x{301}e\x{301} e\x{301}e\x{301}e\x{301}e\x{301}e\x{301}e\x{301}e\x{301}e\x{301}e\x{301}e\x{301}e\x{301}e\x{301}e\x{301}e\x{301}e\x{301}e\x{301}e\x{301}e\x{301}e\x{301}e\x{301}e\x{301}e\x{301}"
          text run at (924,4672) width 0: " "
          text run at (0,4688) width 924: "e\x{301}e\x{301}e\x{301}e\x{301}e\x{301}e\x{301}e\x{301}e\x{301}e\x{301}e\x{301}e\x{301}e\x{301}e\x{301}e\x{301}e\x{301}e\x{301}e\x{301}e\x{301}e\x{301}e\x{301}e\x{301}e\x{301}e\x{301}e\x{301}e\x{301}e\x{301}e\x{301}e\x{301}e\x{301}e\x{301}e\x{301}e\x{301} e\x{301} e\x{301}e\x{301}e\x{301}e\x{301}e\x{301}e\x{301}e\x{301}e\x{301}e\x{301}e\x{301}e\x{301}e\x{301}e\x{301}e\x{301}e\x{301}e\x{301}e\x{301}e\x{301}e\x{301}e\x{301}e\x{301}e\x{301}e\x{301}e\x{301}e\x{301}e\x{301}e\x{301}e\x{301}e\x{301}e\x{301}e\x{301}e\x{301}e\x{301}e\x{301}e\x{301}e\x{301}e\x{301}e\x{301}e\x{301}e\x{301}e\x{301}e\x{301}e\x{301} e\x{301}e\x{301}e\x{301}e\x{301}e\x{301}e\x{301}e\x{301}e\x{301}e\x{301}e\x{301}e\x{301}e\x{301}e\x{301}e\x{301}e\x{301}e\x{301}e\x{301}e\x{301}e\x{301}e\x{301}e\x{301}e\x{301}e\x{301}e\x{301}e\x{301}e\x{301}e\x{301}e\x{301}e\x{301}e\x{301} e\x{301}e\x{301}e\x{301}e\x{301}e\x{301}e\x{301}e\x{301}e\x{301}e\x{301}e\x{301}e\x{301}e\x{301}e\x{301}e\x{301}e\x{301}e\x{301}e\x{301}e\x{301}e\x{301}e\x{301}e\x{301}e\x{301}"
          text run at (924,4688) width 0: " "
          text run at (0,4704) width 924: "e\x{301}e\x{301}e\x{301}e\x{301}e\x{301}e\x{301}e\x{301}e\x{301}e\x{301}e\x{301}e\x{301}e\x{301}e\x{301}e\x{301}e\x{301}e\x{301}e\x{301}e\x{301}e\x{301}e\x{301}e\x{301}e\x{301}e\x{301}e\x{301}e\x{301}e\x{301}e\x{301}e\x{301}e\x{301}e\x{301}e\x{301}e\x{301} e\x{301} e\x{301}e\x{301}e\x{301}e\x{301}e\x{301}e\x{301}e\x{301}e\x{301}e\x{301}e\x{301}e\x{301}e\x{301}e\x{301}e\x{301}e\x{301}e\x{301}e\x{301}e\x{301}e\x{301}e\x{301}e\x{301}e\x{301}e\x{301}e\x{301}e\x{301}e\x{301}e\x{301}e\x{301}e\x{301}e\x{301}e\x{301}e\x{301}e\x{301}e\x{301}e\x{301}e\x{301}e\x{301}e\x{301}e\x{301}e\x{301}e\x{301}e\x{301}e\x{301} e\x{301}e\x{301}e\x{301}e\x{301}e\x{301}e\x{301}e\x{301}e\x{301}e\x{301}e\x{301}e\x{301}e\x{301}e\x{301}e\x{301}e\x{301}e\x{301}e\x{301}e\x{301}e\x{301}e\x{301}e\x{301}e\x{301}e\x{301}e\x{301}e\x{301}e\x{301}e\x{301}e\x{301}e\x{301}e\x{301} e\x{301}e\x{301}e\x{301}e\x{301}e\x{301}e\x{301}e\x{301}e\x{301}e\x{301}e\x{301}e\x{301}e\x{301}e\x{301}e\x{301}e\x{301}e\x{301}e\x{301}e\x{301}e\x{301}e\x{301}e\x{301}e\x{301}"
          text run at (924,4704) width 0: " "
          text run at (0,4720) width 924: "e\x{301}e\x{301}e\x{301}e\x{301}e\x{301}e\x{301}e\x{301}e\x{301}e\x{301}e\x{301}e\x{301}e\x{301}e\x{301}e\x{301}e\x{301}e\x{301}e\x{301}e\x{301}e\x{301}e\x{301}e\x{301}e\x{301}e\x{301}e\x{301}e\x{301}e\x{301}e\x{301}e\x{301}e\x{301}e\x{301}e\x{301}e\x{301} e\x{301} e\x{301}e\x{301}e\x{301}e\x{301}e\x{301}e\x{301}e\x{301}e\x{301}e\x{301}e\x{301}e\x{301}e\x{301}e\x{301}e\x{301}e\x{301}e\x{301}e\x{301}e\x{301}e\x{301}e\x{301}e\x{301}e\x{301}e\x{301}e\x{301}e\x{301}e\x{301}e\x{301}e\x{301}e\x{301}e\x{301}e\x{301}e\x{301}e\x{301}e\x{301}e\x{301}e\x{301}e\x{301}e\x{301}e\x{301}e\x{301}e\x{301}e\x{301}e\x{301} e\x{301}e\x{301}e\x{301}e\x{301}e\x{301}e\x{301}e\x{301}e\x{301}e\x{301}e\x{301}e\x{301}e\x{301}e\x{301}e\x{301}e\x{301}e\x{301}e\x{301}e\x{301}e\x{301}e\x{301}e\x{301}e\x{301}e\x{301}e\x{301}e\x{301}e\x{301}e\x{301}e\x{301}e\x{301}e\x{301} e\x{301}e\x{301}e\x{301}e\x{301}e\x{301}e\x{301}e\x{301}e\x{301}e\x{301}e\x{301}e\x{301}e\x{301}e\x{301}e\x{301}e\x{301}e\x{301}e\x{301}e\x{301}e\x{301}e\x{301}e\x{301}e\x{301}"
          text run at (924,4720) width 0: " "
          text run at (0,4736) width 924: "e\x{301}e\x{301}e\x{301}e\x{301}e\x{301}e\x{301}e\x{301}e\x{301}e\x{301}e\x{301}e\x{301}e\x{301}e\x{301}e\x{301}e\x{301}e\x{301}e\x{301}e\x{301}e\x{301}e\x{301}e\x{301}e\x{301}e\x{301}e\x{301}e\x{301}e\x{301}e\x{301}e\x{301}e\x{301}e\x{301}e\x{301}e\x{301} e\x{301} e\x{301}e\x{301}e\x{301}e\x{301}e\x{301}e\x{301}e\x{301}e\x{301}e\x{301}e\x{301}e\x{301}e\x{301}e\x{301}e\x{301}e\x{301}e\x{301}e\x{301}e\x{301}e\x{301}e\x{301}e\x{301}e\x{301}e\x{301}e\x{301}e\x{301}e\x{301}e\x{301}e\x{301}e\x{301}e\x{301}e\x{301}e\x{301}e\x{301}e\x{301}e\x{301}e\x{301}e\x{301}e\x{301}e\x{301}e\x{301}e\x{301}e\x{301}e\x{301} e\x{301}e\x{301}e\x{301}e\x{301}e\x{301}e\x{301}e\x{301}e\x{301}e\x{301}e\x{301}e\x{301}e\x{301}e\x{301}e\x{301}e\x{301}e\x{301}e\x{301}e\x{301}e\x{301}e\x{301}e\x{301}e\x{301}e\x{301}e\x{301}e\x{301}e\x{301}e\x{301}e\x{301}e\x{301}e\x{301} e\x{301}e\x{301}e\x{301}e\x{301}e\x{301}e\x{301}e\x{301}e\x{301}e\x{301}e\x{301}e\x{301}e\x{301}e\x{301}e\x{301}e\x{301}e\x{301}e\x{301}e\x{301}e\x{301}e\x{301}e\x{301}e\x{301}"
          text run at (924,4736) width 0: " "
          text run at (0,4752) width 924: "e\x{301}e\x{301}e\x{301}e\x{301}e\x{301}e\x{301}e\x{301}e\x{301}e\x{301}e\x{301}e\x{301}e\x{301}e\x{301}e\x{301}e\x{301}e\x{301}e\x{301}e\x{301}e\x{301}e\x{301}e\x{301}e\x{301}e\x{301}e\x{301}e\x{301}e\x{301}e\x{301}e\x{301}e\x{301}e\x{301}e\x{301}e\x{301} e\x{301} e\x{301}e\x{301}e\x{301}e\x{301}e\x{301}e\x{301}e\x{301}e\x{301}e\x{301}e\x{301}e\x{301}e\x{301}e\x{301}e\x{301}e\x{301}e\x{301}e\x{301}e\x{301}e\x{301}e\x{301}e\x{301}e\x{301}e\x{301}e\x{301}e\x{301}e\x{301}e\x{301}e\x{301}e\x{301}e\x{301}e\x{301}e\x{301}e\x{301}e\x{301}e\x{301}e\x{301}e\x{301}e\x{301}e\x{301}e\x{301}e\x{301}e\x{301}e\x{301} e\x{301}e\x{301}e\x{301}e\x{301}e\x{301}e\x{301}e\x{301}e\x{301}e\x{301}e\x{301}e\x{301}e\x{301}e\x{301}e\x{301}e\x{301}e\x{301}e\x{301}e\x{301}e\x{301}e\x{301}e\x{301}e\x{301}e\x{301}e\x{301}e\x{301}e\x{301}e\x{301}e\x{301}e\x{301}e\x{301} e\x{301}e\x{301}e\x{301}e\x{301}e\x{301}e\x{301}e\x{301}e\x{301}e\x{301}e\x{301}e\x{301}e\x{301}e\x{301}e\x{301}e\x{301}e\x{301}e\x{301}e\x{301}e\x{301}e\x{301}e\x{301}e\x{301}"
          text run at (924,4752) width 0: " "
          text run at (0,4768) width 924: "e\x{301}e\x{301}e\x{301}e\x{301}e\x{301}e\x{301}e\x{301}e\x{301}e\x{301}e\x{301}e\x{301}e\x{301}e\x{301}e\x{301}e\x{301}e\x{301}e\x{301}e\x{301}e\x{301}e\x{301}e\x{301}e\x{301}e\x{301}e\x{301}e\x{301}e\x{301}e\x{301}e\x{301}e\x{301}e\x{301}e\x{301}e\x{301} e\x{301} e\x{301}e\x{301}e\x{301}e\x{301}e\x{301}e\x{301}e\x{301}e\x{301}e\x{301}e\x{301}e\x{301}e\x{301}e\x{301}e\x{301}e\x{301}e\x{301}e\x{301}e\x{301}e\x{301}e\x{301}e\x{301}e\x{301}e\x{301}e\x{301}e\x{301}e\x{301}e\x{301}e\x{301}e\x{301}e\x{301}e\x{301}e\x{301}e\x{301}e\x{301}e\x{301}e\x{301}e\x{301}e\x{301}e\x{301}e\x{301}e\x{301}e\x{301}e\x{301} e\x{301}e\x{301}e\x{301}e\x{301}e\x{301}e\x{301}e\x{301}e\x{301}e\x{301}e\x{301}e\x{301}e\x{301}e\x{301}e\x{301}e\x{301}e\x{301}e\x{301}e\x{301}e\x{301}e\x{301}e\x{301}e\x{301}e\x{301}e\x{301}e\x{301}e\x{301}e\x{301}e\x{301}e\x{301}e\x{301} e\x{301}e\x{301}e\x{301}e\x{301}e\x{301}e\x{301}e\x{301}e\x{301}e\x{301}e\x{301}e\x{301}e\x{301}e\x{301}e\x{301}e\x{301}e\x{301}e\x{301}e\x{301}e\x{301}e\x{301}e\x{301}e\x{301}"
          text run at (924,4768) width 0: " "
          text run at (0,4784) width 924: "e\x{301}e\x{301}e\x{301}e\x{301}e\x{301}e\x{301}e\x{301}e\x{301}e\x{301}e\x{301}e\x{301}e\x{301}e\x{301}e\x{301}e\x{301}e\x{301}e\x{301}e\x{301}e\x{301}e\x{301}e\x{301}e\x{301}e\x{301}e\x{301}e\x{301}e\x{301}e\x{301}e\x{301}e\x{301}e\x{301}e\x{301}e\x{301} e\x{301} e\x{301}e\x{301}e\x{301}e\x{301}e\x{301}e\x{301}e\x{301}e\x{301}e\x{301}e\x{301}e\x{301}e\x{301}e\x{301}e\x{301}e\x{301}e\x{301}e\x{301}e\x{301}e\x{301}e\x{301}e\x{301}e\x{301}e\x{301}e\x{301}e\x{301}e\x{301}e\x{301}e\x{301}e\x{301}e\x{301}e\x{301}e\x{301}e\x{301}e\x{301}e\x{301}e\x{301}e\x{301}e\x{301}e\x{301}e\x{301}e\x{301}e\x{301}e\x{301} e\x{301}e\x{301}e\x{301}e\x{301}e\x{301}e\x{301}e\x{301}e\x{301}e\x{301}e\x{301}e\x{301}e\x{301}e\x{301}e\x{301}e\x{301}e\x{301}e\x{301}e\x{301}e\x{301}e\x{301}e\x{301}e\x{301}e\x{301}e\x{301}e\x{301}e\x{301}e\x{301}e\x{301}e\x{301}e\x{301} e\x{301}e\x{301}e\x{301}e\x{301}e\x{301}e\x{301}e\x{301}e\x{301}e\x{301}e\x{301}e\x{301}e\x{301}e\x{301}e\x{301}e\x{301}e\x{301}e\x{301}e\x{301}e\x{301}e\x{301}e\x{301}e\x{301}"
          text run at (924,4784) width 0: " "
          text run at (0,4800) width 924: "e\x{301}e\x{301}e\x{301}e\x{301}e\x{301}e\x{301}e\x{301}e\x{301}e\x{301}e\x{301}e\x{301}e\x{301}e\x{301}e\x{301}e\x{301}e\x{301}e\x{301}e\x{301}e\x{301}e\x{301}e\x{301}e\x{301}e\x{301}e\x{301}e\x{301}e\x{301}e\x{301}e\x{301}e\x{301}e\x{301}e\x{301}e\x{301} e\x{301} e\x{301}e\x{301}e\x{301}e\x{301}e\x{301}e\x{301}e\x{301}e\x{301}e\x{301}e\x{301}e\x{301}e\x{301}e\x{301}e\x{301}e\x{301}e\x{301}e\x{301}e\x{301}e\x{301}e\x{301}e\x{301}e\x{301}e\x{301}e\x{301}e\x{301}e\x{301}e\x{301}e\x{301}e\x{301}e\x{301}e\x{301}e\x{301}e\x{301}e\x{301}e\x{301}e\x{301}e\x{301}e\x{301}e\x{301}e\x{301}e\x{301}e\x{301}e\x{301} e\x{301}e\x{301}e\x{301}e\x{301}e\x{301}e\x{301}e\x{301}e\x{301}e\x{301}e\x{301}e\x{301}e\x{301}e\x{301}e\x{301}e\x{301}e\x{301}e\x{301}e\x{301}e\x{301}e\x{301}e\x{301}e\x{301}e\x{301}e\x{301}e\x{301}e\x{301}e\x{301}e\x{301}e\x{301}e\x{301} e\x{301}e\x{301}e\x{301}e\x{301}e\x{301}e\x{301}e\x{301}e\x{301}e\x{301}e\x{301}e\x{301}e\x{301}e\x{301}e\x{301}e\x{301}e\x{301}e\x{301}e\x{301}e\x{301}e\x{301}e\x{301}e\x{301}"
          text run at (924,4800) width 0: " "
          text run at (0,4816) width 924: "e\x{301}e\x{301}e\x{301}e\x{301}e\x{301}e\x{301}e\x{301}e\x{301}e\x{301}e\x{301}e\x{301}e\x{301}e\x{301}e\x{301}e\x{301}e\x{301}e\x{301}e\x{301}e\x{301}e\x{301}e\x{301}e\x{301}e\x{301}e\x{301}e\x{301}e\x{301}e\x{301}e\x{301}e\x{301}e\x{301}e\x{301}e\x{301} e\x{301} e\x{301}e\x{301}e\x{301}e\x{301}e\x{301}e\x{301}e\x{301}e\x{301}e\x{301}e\x{301}e\x{301}e\x{301}e\x{301}e\x{301}e\x{301}e\x{301}e\x{301}e\x{301}e\x{301}e\x{301}e\x{301}e\x{301}e\x{301}e\x{301}e\x{301}e\x{301}e\x{301}e\x{301}e\x{301}e\x{301}e\x{301}e\x{301}e\x{301}e\x{301}e\x{301}e\x{301}e\x{301}e\x{301}e\x{301}e\x{301}e\x{301}e\x{301}e\x{301} e\x{301}e\x{301}e\x{301}e\x{301}e\x{301}e\x{301}e\x{301}e\x{301}e\x{301}e\x{301}e\x{301}e\x{301}e\x{301}e\x{301}e\x{301}e\x{301}e\x{301}e\x{301}e\x{301}e\x{301}e\x{301}e\x{301}e\x{301}e\x{301}e\x{301}e\x{301}e\x{301}e\x{301}e\x{301}e\x{301} e\x{301}e\x{301}e\x{301}e\x{301}e\x{301}e\x{301}e\x{301}e\x{301}e\x{301}e\x{301}e\x{301}e\x{301}e\x{301}e\x{301}e\x{301}e\x{301}e\x{301}e\x{301}e\x{301}e\x{301}e\x{301}e\x{301}"
          text run at (924,4816) width 0: " "
          text run at (0,4832) width 924: "e\x{301}e\x{301}e\x{301}e\x{301}e\x{301}e\x{301}e\x{301}e\x{301}e\x{301}e\x{301}e\x{301}e\x{301}e\x{301}e\x{301}e\x{301}e\x{301}e\x{301}e\x{301}e\x{301}e\x{301}e\x{301}e\x{301}e\x{301}e\x{301}e\x{301}e\x{301}e\x{301}e\x{301}e\x{301}e\x{301}e\x{301}e\x{301} e\x{301} e\x{301}e\x{301}e\x{301}e\x{301}e\x{301}e\x{301}e\x{301}e\x{301}e\x{301}e\x{301}e\x{301}e\x{301}e\x{301}e\x{301}e\x{301}e\x{301}e\x{301}e\x{301}e\x{301}e\x{301}e\x{301}e\x{301}e\x{301}e\x{301}e\x{301}e\x{301}e\x{301}e\x{301}e\x{301}e\x{301}e\x{301}e\x{301}e\x{301}e\x{301}e\x{301}e\x{301}e\x{301}e\x{301}e\x{301}e\x{301}e\x{301}e\x{301}e\x{301} e\x{301}e\x{301}e\x{301}e\x{301}e\x{301}e\x{301}e\x{301}e\x{301}e\x{301}e\x{301}e\x{301}e\x{301}e\x{301}e\x{301}e\x{301}e\x{301}e\x{301}e\x{301}e\x{301}e\x{301}e\x{301}e\x{301}e\x{301}e\x{301}e\x{301}e\x{301}e\x{301}e\x{301}e\x{301}e\x{301} e\x{301}e\x{301}e\x{301}e\x{301}e\x{301}e\x{301}e\x{301}e\x{301}e\x{301}e\x{301}e\x{301}e\x{301}e\x{301}e\x{301}e\x{301}e\x{301}e\x{301}e\x{301}e\x{301}e\x{301}e\x{301}e\x{301}"
          text run at (924,4832) width 0: " "
          text run at (0,4848) width 924: "e\x{301}e\x{301}e\x{301}e\x{301}e\x{301}e\x{301}e\x{301}e\x{301}e\x{301}e\x{301}e\x{301}e\x{301}e\x{301}e\x{301}e\x{301}e\x{301}e\x{301}e\x{301}e\x{301}e\x{301}e\x{301}e\x{301}e\x{301}e\x{301}e\x{301}e\x{301}e\x{301}e\x{301}e\x{301}e\x{301}e\x{301}e\x{301} e\x{301} e\x{301}e\x{301}e\x{301}e\x{301}e\x{301}e\x{301}e\x{301}e\x{301}e\x{301}e\x{301}e\x{301}e\x{301}e\x{301}e\x{301}e\x{301}e\x{301}e\x{301}e\x{301}e\x{301}e\x{301}e\x{301}e\x{301}e\x{301}e\x{301}e\x{301}e\x{301}e\x{301}e\x{301}e\x{301}e\x{301}e\x{301}e\x{301}e\x{301}e\x{301}e\x{301}e\x{301}e\x{301}e\x{301}e\x{301}e\x{301}e\x{301}e\x{301}e\x{301} e\x{301}e\x{301}e\x{301}e\x{301}e\x{301}e\x{301}e\x{301}e\x{301}e\x{301}e\x{301}e\x{301}e\x{301}e\x{301}e\x{301}e\x{301}e\x{301}e\x{301}e\x{301}e\x{301}e\x{301}e\x{301}e\x{301}e\x{301}e\x{301}e\x{301}e\x{301}e\x{301}e\x{301}e\x{301}e\x{301} e\x{301}e\x{301}e\x{301}e\x{301}e\x{301}e\x{301}e\x{301}e\x{301}e\x{301}e\x{301}e\x{301}e\x{301}e\x{301}e\x{301}e\x{301}e\x{301}e\x{301}e\x{301}e\x{301}e\x{301}e\x{301}e\x{301}"
          text run at (924,4848) width 0: " "
          text run at (0,4864) width 924: "e\x{301}e\x{301}e\x{301}e\x{301}e\x{301}e\x{301}e\x{301}e\x{301}e\x{301}e\x{301}e\x{301}e\x{301}e\x{301}e\x{301}e\x{301}e\x{301}e\x{301}e\x{301}e\x{301}e\x{301}e\x{301}e\x{301}e\x{301}e\x{301}e\x{301}e\x{301}e\x{301}e\x{301}e\x{301}e\x{301}e\x{301}e\x{301} e\x{301} e\x{301}e\x{301}e\x{301}e\x{301}e\x{301}e\x{301}e\x{301}e\x{301}e\x{301}e\x{301}e\x{301}e\x{301}e\x{301}e\x{301}e\x{301}e\x{301}e\x{301}e\x{301}e\x{301}e\x{301}e\x{301}e\x{301}e\x{301}e\x{301}e\x{301}e\x{301}e\x{301}e\x{301}e\x{301}e\x{301}e\x{301}e\x{301}e\x{301}e\x{301}e\x{301}e\x{301}e\x{301}e\x{301}e\x{301}e\x{301}e\x{301}e\x{301}e\x{301} e\x{301}e\x{301}e\x{301}e\x{301}e\x{301}e\x{301}e\x{301}e\x{301}e\x{301}e\x{301}e\x{301}e\x{301}e\x{301}e\x{301}e\x{301}e\x{301}e\x{301}e\x{301}e\x{301}e\x{301}e\x{301}e\x{301}e\x{301}e\x{301}e\x{301}e\x{301}e\x{301}e\x{301}e\x{301}e\x{301} e\x{301}e\x{301}e\x{301}e\x{301}e\x{301}e\x{301}e\x{301}e\x{301}e\x{301}e\x{301}e\x{301}e\x{301}e\x{301}e\x{301}e\x{301}e\x{301}e\x{301}e\x{301}e\x{301}e\x{301}e\x{301}e\x{301}"
          text run at (924,4864) width 0: " "
          text run at (0,4880) width 924: "e\x{301}e\x{301}e\x{301}e\x{301}e\x{301}e\x{301}e\x{301}e\x{301}e\x{301}e\x{301}e\x{301}e\x{301}e\x{301}e\x{301}e\x{301}e\x{301}e\x{301}e\x{301}e\x{301}e\x{301}e\x{301}e\x{301}e\x{301}e\x{301}e\x{301}e\x{301}e\x{301}e\x{301}e\x{301}e\x{301}e\x{301}e\x{301} e\x{301} e\x{301}e\x{301}e\x{301}e\x{301}e\x{301}e\x{301}e\x{301}e\x{301}e\x{301}e\x{301}e\x{301}e\x{301}e\x{301}e\x{301}e\x{301}e\x{301}e\x{301}e\x{301}e\x{301}e\x{301}e\x{301}e\x{301}e\x{301}e\x{301}e\x{301}e\x{301}e\x{301}e\x{301}e\x{301}e\x{301}e\x{301}e\x{301}e\x{301}e\x{301}e\x{301}e\x{301}e\x{301}e\x{301}e\x{301}e\x{301}e\x{301}e\x{301}e\x{301} e\x{301}e\x{301}e\x{301}e\x{301}e\x{301}e\x{301}e\x{301}e\x{301}e\x{301}e\x{301}e\x{301}e\x{301}e\x{301}e\x{301}e\x{301}e\x{301}e\x{301}e\x{301}e\x{301}e\x{301}e\x{301}e\x{301}e\x{301}e\x{301}e\x{301}e\x{301}e\x{301}e\x{301}e\x{301}e\x{301} e\x{301}e\x{301}e\x{301}e\x{301}e\x{301}e\x{301}e\x{301}e\x{301}e\x{301}e\x{301}e\x{301}e\x{301}e\x{301}e\x{301}e\x{301}e\x{301}e\x{301}e\x{301}e\x{301}e\x{301}e\x{301}e\x{301}"
          text run at (924,4880) width 0: " "
          text run at (0,4896) width 924: "e\x{301}e\x{301}e\x{301}e\x{301}e\x{301}e\x{301}e\x{301}e\x{301}e\x{301}e\x{301}e\x{301}e\x{301}e\x{301}e\x{301}e\x{301}e\x{301}e\x{301}e\x{301}e\x{301}e\x{301}e\x{301}e\x{301}e\x{301}e\x{301}e\x{301}e\x{301}e\x{301}e\x{301}e\x{301}e\x{301}e\x{301}e\x{301} e\x{301} e\x{301}e\x{301}e\x{301}e\x{301}e\x{301}e\x{301}e\x{301}e\x{301}e\x{301}e\x{301}e\x{301}e\x{301}e\x{301}e\x{301}e\x{301}e\x{301}e\x{301}e\x{301}e\x{301}e\x{301}e\x{301}e\x{301}e\x{301}e\x{301}e\x{301}e\x{301}e\x{301}e\x{301}e\x{301}e\x{301}e\x{301}e\x{301}e\x{301}e\x{301}e\x{301}e\x{301}e\x{301}e\x{301}e\x{301}e\x{301}e\x{301}e\x{301}e\x{301} e\x{301}e\x{301}e\x{301}e\x{301}e\x{301}e\x{301}e\x{301}e\x{301}e\x{301}e\x{301}e\x{301}e\x{301}e\x{301}e\x{301}e\x{301}e\x{301}e\x{301}e\x{301}e\x{301}e\x{301}e\x{301}e\x{301}e\x{301}e\x{301}e\x{301}e\x{301}e\x{301}e\x{301}e\x{301}e\x{301} e\x{301}e\x{301}e\x{301}e\x{301}e\x{301}e\x{301}e\x{301}e\x{301}e\x{301}e\x{301}e\x{301}e\x{301}e\x{301}e\x{301}e\x{301}e\x{301}e\x{301}e\x{301}e\x{301}e\x{301}e\x{301}e\x{301}"
          text run at (924,4896) width 0: " "
          text run at (0,4912) width 924: "e\x{301}e\x{301}e\x{301}e\x{301}e\x{301}e\x{301}e\x{301}e\x{301}e\x{301}e\x{301}e\x{301}e\x{301}e\x{301}e\x{301}e\x{301}e\x{301}e\x{301}e\x{301}e\x{301}e\x{301}e\x{301}e\x{301}e\x{301}e\x{301}e\x{301}e\x{301}e\x{301}e\x{301}e\x{301}e\x{301}e\x{301}e\x{301} e\x{301} e\x{301}e\x{301}e\x{301}e\x{301}e\x{301}e\x{301}e\x{301}e\x{301}e\x{301}e\x{301}e\x{301}e\x{301}e\x{301}e\x{301}e\x{301}e\x{301}e\x{301}e\x{301}e\x{301}e\x{301}e\x{301}e\x{301}e\x{301}e\x{301}e\x{301}e\x{301}e\x{301}e\x{301}e\x{301}e\x{301}e\x{301}e\x{301}e\x{301}e\x{301}e\x{301}e\x{301}e\x{301}e\x{301}e\x{301}e\x{301}e\x{301}e\x{301}e\x{301} e\x{301}e\x{301}e\x{301}e\x{301}e\x{301}e\x{301}e\x{301}e\x{301}e\x{301}e\x{301}e\x{301}e\x{301}e\x{301}e\x{301}e\x{301}e\x{301}e\x{301}e\x{301}e\x{301}e\x{301}e\x{301}e\x{301}e\x{301}e\x{301}e\x{301}e\x{301}e\x{301}e\x{301}e\x{301}e\x{301} e\x{301}e\x{301}e\x{301}e\x{301}e\x{301}e\x{301}e\x{301}e\x{301}e\x{301}e\x{301}e\x{301}e\x{301}e\x{301}e\x{301}e\x{301}e\x{301}e\x{301}e\x{301}e\x{301}e\x{301}e\x{301}e\x{301}"
          text run at (924,4912) width 0: " "
          text run at (0,4928) width 924: "e\x{301}e\x{301}e\x{301}e\x{301}e\x{301}e\x{301}e\x{301}e\x{301}e\x{301}e\x{301}e\x{301}e\x{301}e\x{301}e\x{301}e\x{301}e\x{301}e\x{301}e\x{301}e\x{301}e\x{301}e\x{301}e\x{301}e\x{301}e\x{301}e\x{301}e\x{301}e\x{301}e\x{301}e\x{301}e\x{301}e\x{301}e\x{301} e\x{301} e\x{301}e\x{301}e\x{301}e\x{301}e\x{301}e\x{301}e\x{301}e\x{301}e\x{301}e\x{301}e\x{301}e\x{301}e\x{301}e\x{301}e\x{301}e\x{301}e\x{301}e\x{301}e\x{301}e\x{301}e\x{301}e\x{301}e\x{301}e\x{301}e\x{301}e\x{301}e\x{301}e\x{301}e\x{301}e\x{301}e\x{301}e\x{301}e\x{301}e\x{301}e\x{301}e\x{301}e\x{301}e\x{301}e\x{301}e\x{301}e\x{301}e\x{301}e\x{301} e\x{301}e\x{301}e\x{301}e\x{301}e\x{301}e\x{301}e\x{301}e\x{301}e\x{301}e\x{301}e\x{301}e\x{301}e\x{301}e\x{301}e\x{301}e\x{301}e\x{301}e\x{301}e\x{301}e\x{301}e\x{301}e\x{301}e\x{301}e\x{301}e\x{301}e\x{301}e\x{301}e\x{301}e\x{301}e\x{301} e\x{301}e\x{301}e\x{301}e\x{301}e\x{301}e\x{301}e\x{301}e\x{301}e\x{301}e\x{301}e\x{301}e\x{301}e\x{301}e\x{301}e\x{301}e\x{301}e\x{301}e\x{301}e\x{301}e\x{301}e\x{301}e\x{301}"
          text run at (924,4928) width 0: " "
          text run at (0,4944) width 924: "e\x{301}e\x{301}e\x{301}e\x{301}e\x{301}e\x{301}e\x{301}e\x{301}e\x{301}e\x{301}e\x{301}e\x{301}e\x{301}e\x{301}e\x{301}e\x{301}e\x{301}e\x{301}e\x{301}e\x{301}e\x{301}e\x{301}e\x{301}e\x{301}e\x{301}e\x{301}e\x{301}e\x{301}e\x{301}e\x{301}e\x{301}e\x{301} e\x{301} e\x{301}e\x{301}e\x{301}e\x{301}e\x{301}e\x{301}e\x{301}e\x{301}e\x{301}e\x{301}e\x{301}e\x{301}e\x{301}e\x{301}e\x{301}e\x{301}e\x{301}e\x{301}e\x{301}e\x{301}e\x{301}e\x{301}e\x{301}e\x{301}e\x{301}e\x{301}e\x{301}e\x{301}e\x{301}e\x{301}e\x{301}e\x{301}e\x{301}e\x{301}e\x{301}e\x{301}e\x{301}e\x{301}e\x{301}e\x{301}e\x{301}e\x{301}e\x{301} e\x{301}e\x{301}e\x{301}e\x{301}e\x{301}e\x{301}e\x{301}e\x{301}e\x{301}e\x{301}e\x{301}e\x{301}e\x{301}e\x{301}e\x{301}e\x{301}e\x{301}e\x{301}e\x{301}e\x{301}e\x{301}e\x{301}e\x{301}e\x{301}e\x{301}e\x{301}e\x{301}e\x{301}e\x{301}e\x{301} e\x{301}e\x{301}e\x{301}e\x{301}e\x{301}e\x{301}e\x{301}e\x{301}e\x{301}e\x{301}e\x{301}e\x{301}e\x{301}e\x{301}e\x{301}e\x{301}e\x{301}e\x{301}e\x{301}e\x{301}e\x{301}e\x{301}"
          text run at (924,4944) width 0: " "
          text run at (0,4960) width 924: "e\x{301}e\x{301}e\x{301}e\x{301}e\x{301}e\x{301}e\x{301}e\x{301}e\x{301}e\x{301}e\x{301}e\x{301}e\x{301}e\x{301}e\x{301}e\x{301}e\x{301}e\x{301}e\x{301}e\x{301}e\x{301}e\x{301}e\x{301}e\x{301}e\x{301}e\x{301}e\x{301}e\x{301}e\x{301}e\x{301}e\x{301}e\x{301} e\x{301} e\x{301}e\x{301}e\x{301}e\x{301}e\x{301}e\x{301}e\x{301}e\x{301}e\x{301}e\x{301}e\x{301}e\x{301}e\x{301}e\x{301}e\x{301}e\x{301}e\x{301}e\x{301}e\x{301}e\x{301}e\x{301}e\x{301}e\x{301}e\x{301}e\x{301}e\x{301}e\x{301}e\x{301}e\x{301}e\x{301}e\x{301}e\x{301}e\x{301}e\x{301}e\x{301}e\x{301}e\x{301}e\x{301}e\x{301}e\x{301}e\x{301}e\x{301}e\x{301} e\x{301}e\x{301}e\x{301}e\x{301}e\x{301}e\x{301}e\x{301}e\x{301}e\x{301}e\x{301}e\x{301}e\x{301}e\x{301}e\x{301}e\x{301}e\x{301}e\x{301}e\x{301}e\x{301}e\x{301}e\x{301}e\x{301}e\x{301}e\x{301}e\x{301}e\x{301}e\x{301}e\x{301}e\x{301}e\x{301} e\x{301}e\x{301}e\x{301}e\x{301}e\x{301}e\x{301}e\x{301}e\x{301}e\x{301}e\x{301}e\x{301}e\x{301}e\x{301}e\x{301}e\x{301}e\x{301}e\x{301}e\x{301}e\x{301}e\x{301}e\x{301}e\x{301}"
          text run at (924,4960) width 0: " "
          text run at (0,4976) width 924: "e\x{301}e\x{301}e\x{301}e\x{301}e\x{301}e\x{301}e\x{301}e\x{301}e\x{301}e\x{301}e\x{301}e\x{301}e\x{301}e\x{301}e\x{301}e\x{301}e\x{301}e\x{301}e\x{301}e\x{301}e\x{301}e\x{301}e\x{301}e\x{301}e\x{301}e\x{301}e\x{301}e\x{301}e\x{301}e\x{301}e\x{301}e\x{301} e\x{301} e\x{301}e\x{301}e\x{301}e\x{301}e\x{301}e\x{301}e\x{301}e\x{301}e\x{301}e\x{301}e\x{301}e\x{301}e\x{301}e\x{301}e\x{301}e\x{301}e\x{301}e\x{301}e\x{301}e\x{301}e\x{301}e\x{301}e\x{301}e\x{301}e\x{301}e\x{301}e\x{301}e\x{301}e\x{301}e\x{301}e\x{301}e\x{301}e\x{301}e\x{301}e\x{301}e\x{301}e\x{301}e\x{301}e\x{301}e\x{301}e\x{301}e\x{301}e\x{301} e\x{301}e\x{301}e\x{301}e\x{301}e\x{301}e\x{301}e\x{301}e\x{301}e\x{301}e\x{301}e\x{301}e\x{301}e\x{301}e\x{301}e\x{301}e\x{301}e\x{301}e\x{301}e\x{301}e\x{301}e\x{301}e\x{301}e\x{301}e\x{301}e\x{301}e\x{301}e\x{301}e\x{301}e\x{301}e\x{301} e\x{301}e\x{301}e\x{301}e\x{301}e\x{301}e\x{301}e\x{301}e\x{301}e\x{301}e\x{301}e\x{301}e\x{301}e\x{301}e\x{301}e\x{301}e\x{301}e\x{301}e\x{301}e\x{301}e\x{301}e\x{301}e\x{301}"
          text run at (924,4976) width 0: " "
          text run at (0,4992) width 924: "e\x{301}e\x{301}e\x{301}e\x{301}e\x{301}e\x{301}e\x{301}e\x{301}e\x{301}e\x{301}e\x{301}e\x{301}e\x{301}e\x{301}e\x{301}e\x{301}e\x{301}e\x{301}e\x{301}e\x{301}e\x{301}e\x{301}e\x{301}e\x{301}e\x{301}e\x{301}e\x{301}e\x{301}e\x{301}e\x{301}e\x{301}e\x{301} e\x{301} e\x{301}e\x{301}e\x{301}e\x{301}e\x{301}e\x{301}e\x{301}e\x{301}e\x{301}e\x{301}e\x{301}e\x{301}e\x{301}e\x{301}e\x{301}e\x{301}e\x{301}e\x{301}e\x{301}e\x{301}e\x{301}e\x{301}e\x{301}e\x{301}e\x{301}e\x{301}e\x{301}e\x{301}e\x{301}e\x{301}e\x{301}e\x{301}e\x{301}e\x{301}e\x{301}e\x{301}e\x{301}e\x{301}e\x{301}e\x{301}e\x{301}e\x{301}e\x{301} e\x{301}e\x{301}e\x{301}e\x{301}e\x{301}e\x{301}e\x{301}e\x{301}e\x{301}e\x{301}e\x{301}e\x{301}e\x{301}e\x{301}e\x{301}e\x{301}e\x{301}e\x{301}e\x{301}e\x{301}e\x{301}e\x{301}e\x{301}e\x{301}e\x{301}e\x{301}e\x{301}e\x{301}e\x{301}e\x{301} e\x{301}e\x{301}e\x{301}e\x{301}e\x{301}e\x{301}e\x{301}e\x{301}e\x{301}e\x{301}e\x{301}e\x{301}e\x{301}e\x{301}e\x{301}e\x{301}e\x{301}e\x{301}e\x{301}e\x{301}e\x{301}e\x{301}"
          text run at (924,4992) width 0: " "
          text run at (0,5008) width 924: "e\x{301}e\x{301}e\x{301}e\x{301}e\x{301}e\x{301}e\x{301}e\x{301}e\x{301}e\x{301}e\x{301}e\x{301}e\x{301}e\x{301}e\x{301}e\x{301}e\x{301}e\x{301}e\x{301}e\x{301}e\x{301}e\x{301}e\x{301}e\x{301}e\x{301}e\x{301}e\x{301}e\x{301}e\x{301}e\x{301}e\x{301}e\x{301} e\x{301} e\x{301}e\x{301}e\x{301}e\x{301}e\x{301}e\x{301}e\x{301}e\x{301}e\x{301}e\x{301}e\x{301}e\x{301}e\x{301}e\x{301}e\x{301}e\x{301}e\x{301}e\x{301}e\x{301}e\x{301}e\x{301}e\x{301}e\x{301}e\x{301}e\x{301}e\x{301}e\x{301}e\x{301}e\x{301}e\x{301}e\x{301}e\x{301}e\x{301}e\x{301}e\x{301}e\x{301}e\x{301}e\x{301}e\x{301}e\x{301}e\x{301}e\x{301}e\x{301} e\x{301}e\x{301}e\x{301}e\x{301}e\x{301}e\x{301}e\x{301}e\x{301}e\x{301}e\x{301}e\x{301}e\x{301}e\x{301}e\x{301}e\x{301}e\x{301}e\x{301}e\x{301}e\x{301}e\x{301}e\x{301}e\x{301}e\x{301}e\x{301}e\x{301}e\x{301}e\x{301}e\x{301}e\x{301}e\x{301} e\x{301}e\x{301}e\x{301}e\x{301}e\x{301}e\x{301}e\x{301}e\x{301}e\x{301}e\x{301}e\x{301}e\x{301}e\x{301}e\x{301}e\x{301}e\x{301}e\x{301}e\x{301}e\x{301}e\x{301}e\x{301}e\x{301}"
          text run at (924,5008) width 0: " "
          text run at (0,5024) width 924: "e\x{301}e\x{301}e\x{301}e\x{301}e\x{301}e\x{301}e\x{301}e\x{301}e\x{301}e\x{301}e\x{301}e\x{301}e\x{301}e\x{301}e\x{301}e\x{301}e\x{301}e\x{301}e\x{301}e\x{301}e\x{301}e\x{301}e\x{301}e\x{301}e\x{301}e\x{301}e\x{301}e\x{301}e\x{301}e\x{301}e\x{301}e\x{301} e\x{301} e\x{301}e\x{301}e\x{301}e\x{301}e\x{301}e\x{301}e\x{301}e\x{301}e\x{301}e\x{301}e\x{301}e\x{301}e\x{301}e\x{301}e\x{301}e\x{301}e\x{301}e\x{301}e\x{301}e\x{301}e\x{301}e\x{301}e\x{301}e\x{301}e\x{301}e\x{301}e\x{301}e\x{301}e\x{301}e\x{301}e\x{301}e\x{301}e\x{301}e\x{301}e\x{301}e\x{301}e\x{301}e\x{301}e\x{301}e\x{301}e\x{301}e\x{301}e\x{301} e\x{301}e\x{301}e\x{301}e\x{301}e\x{301}e\x{301}e\x{301}e\x{301}e\x{301}e\x{301}e\x{301}e\x{301}e\x{301}e\x{301}e\x{301}e\x{301}e\x{301}e\x{301}e\x{301}e\x{301}e\x{301}e\x{301}e\x{301}e\x{301}e\x{301}e\x{301}e\x{301}e\x{301}e\x{301}e\x{301} e\x{301}e\x{301}e\x{301}e\x{301}e\x{301}e\x{301}e\x{301}e\x{301}e\x{301}e\x{301}e\x{301}e\x{301}e\x{301}e\x{301}e\x{301}e\x{301}e\x{301}e\x{301}e\x{301}e\x{301}e\x{301}e\x{301}"
          text run at (924,5024) width 0: " "
          text run at (0,5040) width 924: "e\x{301}e\x{301}e\x{301}e\x{301}e\x{301}e\x{301}e\x{301}e\x{301}e\x{301}e\x{301}e\x{301}e\x{301}e\x{301}e\x{301}e\x{301}e\x{301}e\x{301}e\x{301}e\x{301}e\x{301}e\x{301}e\x{301}e\x{301}e\x{301}e\x{301}e\x{301}e\x{301}e\x{301}e\x{301}e\x{301}e\x{301}e\x{301} e\x{301} e\x{301}e\x{301}e\x{301}e\x{301}e\x{301}e\x{301}e\x{301}e\x{301}e\x{301}e\x{301}e\x{301}e\x{301}e\x{301}e\x{301}e\x{301}e\x{301}e\x{301}e\x{301}e\x{301}e\x{301}e\x{301}e\x{301}e\x{301}e\x{301}e\x{301}e\x{301}e\x{301}e\x{301}e\x{301}e\x{301}e\x{301}e\x{301}e\x{301}e\x{301}e\x{301}e\x{301}e\x{301}e\x{301}e\x{301}e\x{301}e\x{301}e\x{301}e\x{301} e\x{301}e\x{301}e\x{301}e\x{301}e\x{301}e\x{301}e\x{301}e\x{301}e\x{301}e\x{301}e\x{301}e\x{301}e\x{301}e\x{301}e\x{301}e\x{301}e\x{301}e\x{301}e\x{301}e\x{301}e\x{301}e\x{301}e\x{301}e\x{301}e\x{301}e\x{301}e\x{301}e\x{301}e\x{301}e\x{301} e\x{301}e\x{301}e\x{301}e\x{301}e\x{301}e\x{301}e\x{301}e\x{301}e\x{301}e\x{301}e\x{301}e\x{301}e\x{301}e\x{301}e\x{301}e\x{301}e\x{301}e\x{301}e\x{301}e\x{301}e\x{301}e\x{301}"
          text run at (924,5040) width 0: " "
          text run at (0,5056) width 924: "e\x{301}e\x{301}e\x{301}e\x{301}e\x{301}e\x{301}e\x{301}e\x{301}e\x{301}e\x{301}e\x{301}e\x{301}e\x{301}e\x{301}e\x{301}e\x{301}e\x{301}e\x{301}e\x{301}e\x{301}e\x{301}e\x{301}e\x{301}e\x{301}e\x{301}e\x{301}e\x{301}e\x{301}e\x{301}e\x{301}e\x{301}e\x{301} e\x{301} e\x{301}e\x{301}e\x{301}e\x{301}e\x{301}e\x{301}e\x{301}e\x{301}e\x{301}e\x{301}e\x{301}e\x{301}e\x{301}e\x{301}e\x{301}e\x{301}e\x{301}e\x{301}e\x{301}e\x{301}e\x{301}e\x{301}e\x{301}e\x{301}e\x{301}e\x{301}e\x{301}e\x{301}e\x{301}e\x{301}e\x{301}e\x{301}e\x{301}e\x{301}e\x{301}e\x{301}e\x{301}e\x{301}e\x{301}e\x{301}e\x{301}e\x{301}e\x{301} e\x{301}e\x{301}e\x{301}e\x{301}e\x{301}e\x{301}e\x{301}e\x{301}e\x{301}e\x{301}e\x{301}e\x{301}e\x{301}e\x{301}e\x{301}e\x{301}e\x{301}e\x{301}e\x{301}e\x{301}e\x{301}e\x{301}e\x{301}e\x{301}e\x{301}e\x{301}e\x{301}e\x{301}e\x{301}e\x{301} e\x{301}e\x{301}e\x{301}e\x{301}e\x{301}e\x{301}e\x{301}e\x{301}e\x{301}e\x{301}e\x{301}e\x{301}e\x{301}e\x{301}e\x{301}e\x{301}e\x{301}e\x{301}e\x{301}e\x{301}e\x{301}e\x{301}"
          text run at (924,5056) width 0: " "
          text run at (0,5072) width 924: "e\x{301}e\x{301}e\x{301}e\x{301}e\x{301}e\x{301}e\x{301}e\x{301}e\x{301}e\x{301}e\x{301}e\x{301}e\x{301}e\x{301}e\x{301}e\x{301}e\x{301}e\x{301}e\x{301}e\x{301}e\x{301}e\x{301}e\x{301}e\x{301}e\x{301}e\x{301}e\x{301}e\x{301}e\x{301}e\x{301}e\x{301}e\x{301} e\x{301} e\x{301}e\x{301}e\x{301}e\x{301}e\x{301}e\x{301}e\x{301}e\x{301}e\x{301}e\x{301}e\x{301}e\x{301}e\x{301}e\x{301}e\x{301}e\x{301}e\x{301}e\x{301}e\x{301}e\x{301}e\x{301}e\x{301}e\x{301}e\x{301}e\x{301}e\x{301}e\x{301}e\x{301}e\x{301}e\x{301}e\x{301}e\x{301}e\x{301}e\x{301}e\x{301}e\x{301}e\x{301}e\x{301}e\x{301}e\x{301}e\x{301}e\x{301}e\x{301} e\x{301}e\x{301}e\x{301}e\x{301}e\x{301}e\x{301}e\x{301}e\x{301}e\x{301}e\x{301}e\x{301}e\x{301}e\x{301}e\x{301}e\x{301}e\x{301}e\x{301}e\x{301}e\x{301}e\x{301}e\x{301}e\x{301}e\x{301}e\x{301}e\x{301}e\x{301}e\x{301}e\x{301}e\x{301}e\x{301} e\x{301}e\x{301}e\x{301}e\x{301}e\x{301}e\x{301}e\x{301}e\x{301}e\x{301}e\x{301}e\x{301}e\x{301}e\x{301}e\x{301}e\x{301}e\x{301}e\x{301}e\x{301}e\x{301}e\x{301}e\x{301}e\x{301}"
          text run at (924,5072) width 0: " "
          text run at (0,5088) width 924: "e\x{301}e\x{301}e\x{301}e\x{301}e\x{301}e\x{301}e\x{301}e\x{301}e\x{301}e\x{301}e\x{301}e\x{301}e\x{301}e\x{301}e\x{301}e\x{301}e\x{301}e\x{301}e\x{301}e\x{301}e\x{301}e\x{301}e\x{301}e\x{301}e\x{301}e\x{301}e\x{301}e\x{301}e\x{301}e\x{301}e\x{301}e\x{301} e\x{301} e\x{301}e\x{301}e\x{301}e\x{301}e\x{301}e\x{301}e\x{301}e\x{301}e\x{301}e\x{301}e\x{301}e\x{301}e\x{301}e\x{301}e\x{301}e\x{301}e\x{301}e\x{301}e\x{301}e\x{301}e\x{301}e\x{301}e\x{301}e\x{301}e\x{301}e\x{301}e\x{301}e\x{301}e\x{301}e\x{301}e\x{301}e\x{301}e\x{301}e\x{301}e\x{301}e\x{301}e\x{301}e\x{301}e\x{301}e\x{301}e\x{301}e\x{301}e\x{301} e\x{301}e\x{301}e\x{301}e\x{301}e\x{301}e\x{301}e\x{301}e\x{301}e\x{301}e\x{301}e\x{301}e\x{301}e\x{301}e\x{301}e\x{301}e\x{301}e\x{301}e\x{301}e\x{301}e\x{301}e\x{301}e\x{301}e\x{301}e\x{301}e\x{301}e\x{301}e\x{301}e\x{301}e\x{301}e\x{301} e\x{301}e\x{301}e\x{301}e\x{301}e\x{301}e\x{301}e\x{301}e\x{301}e\x{301}e\x{301}e\x{301}e\x{301}e\x{301}e\x{301}e\x{301}e\x{301}e\x{301}e\x{301}e\x{301}e\x{301}e\x{301}e\x{301}"
          text run at (924,5088) width 0: " "
          text run at (0,5104) width 924: "e\x{301}e\x{301}e\x{301}e\x{301}e\x{301}e\x{301}e\x{301}e\x{301}e\x{301}e\x{301}e\x{301}e\x{301}e\x{301}e\x{301}e\x{301}e\x{301}e\x{301}e\x{301}e\x{301}e\x{301}e\x{301}e\x{301}e\x{301}e\x{301}e\x{301}e\x{301}e\x{301}e\x{301}e\x{301}e\x{301}e\x{301}e\x{301} e\x{301} e\x{301}e\x{301}e\x{301}e\x{301}e\x{301}e\x{301}e\x{301}e\x{301}e\x{301}e\x{301}e\x{301}e\x{301}e\x{301}e\x{301}e\x{301}e\x{301}e\x{301}e\x{301}e\x{301}e\x{301}e\x{301}e\x{301}e\x{301}e\x{301}e\x{301}e\x{301}e\x{301}e\x{301}e\x{301}e\x{301}e\x{301}e\x{301}e\x{301}e\x{301}e\x{301}e\x{301}e\x{301}e\x{301}e\x{301}e\x{301}e\x{301}e\x{301}e\x{301} e\x{301}e\x{301}e\x{301}e\x{301}e\x{301}e\x{301}e\x{301}e\x{301}e\x{301}e\x{301}e\x{301}e\x{301}e\x{301}e\x{301}e\x{301}e\x{301}e\x{301}e\x{301}e\x{301}e\x{301}e\x{301}e\x{301}e\x{301}e\x{301}e\x{301}e\x{301}e\x{301}e\x{301}e\x{301}e\x{301} e\x{301}e\x{301}e\x{301}e\x{301}e\x{301}e\x{301}e\x{301}e\x{301}e\x{301}e\x{301}e\x{301}e\x{301}e\x{301}e\x{301}e\x{301}e\x{301}e\x{301}e\x{301}e\x{301}e\x{301}e\x{301}e\x{301}"
          text run at (924,5104) width 0: " "
          text run at (0,5120) width 924: "e\x{301}e\x{301}e\x{301}e\x{301}e\x{301}e\x{301}e\x{301}e\x{301}e\x{301}e\x{301}e\x{301}e\x{301}e\x{301}e\x{301}e\x{301}e\x{301}e\x{301}e\x{301}e\x{301}e\x{301}e\x{301}e\x{301}e\x{301}e\x{301}e\x{301}e\x{301}e\x{301}e\x{301}e\x{301}e\x{301}e\x{301}e\x{301} e\x{301} e\x{301}e\x{301}e\x{301}e\x{301}e\x{301}e\x{301}e\x{301}e\x{301}e\x{301}e\x{301}e\x{301}e\x{301}e\x{301}e\x{301}e\x{301}e\x{301}e\x{301}e\x{301}e\x{301}e\x{301}e\x{301}e\x{301}e\x{301}e\x{301}e\x{301}e\x{301}e\x{301}e\x{301}e\x{301}e\x{301}e\x{301}e\x{301}e\x{301}e\x{301}e\x{301}e\x{301}e\x{301}e\x{301}e\x{301}e\x{301}e\x{301}e\x{301}e\x{301} e\x{301}e\x{301}e\x{301}e\x{301}e\x{301}e\x{301}e\x{301}e\x{301}e\x{301}e\x{301}e\x{301}e\x{301}e\x{301}e\x{301}e\x{301}e\x{301}e\x{301}e\x{301}e\x{301}e\x{301}e\x{301}e\x{301}e\x{301}e\x{301}e\x{301}e\x{301}e\x{301}e\x{301}e\x{301}e\x{301} e\x{301}e\x{301}e\x{301}e\x{301}e\x{301}e\x{301}e\x{301}e\x{301}e\x{301}e\x{301}e\x{301}e\x{301}e\x{301}e\x{301}e\x{301}e\x{301}e\x{301}e\x{301}e\x{301}e\x{301}e\x{301}e\x{301}"
          text run at (924,5120) width 0: " "
          text run at (0,5136) width 924: "e\x{301}e\x{301}e\x{301}e\x{301}e\x{301}e\x{301}e\x{301}e\x{301}e\x{301}e\x{301}e\x{301}e\x{301}e\x{301}e\x{301}e\x{301}e\x{301}e\x{301}e\x{301}e\x{301}e\x{301}e\x{301}e\x{301}e\x{301}e\x{301}e\x{301}e\x{301}e\x{301}e\x{301}e\x{301}e\x{301}e\x{301}e\x{301} e\x{301} e\x{301}e\x{301}e\x{301}e\x{301}e\x{301}e\x{301}e\x{301}e\x{301}e\x{301}e\x{301}e\x{301}e\x{301}e\x{301}e\x{301}e\x{301}e\x{301}e\x{301}e\x{301}e\x{301}e\x{301}e\x{301}e\x{301}e\x{301}e\x{301}e\x{301}e\x{301}e\x{301}e\x{301}e\x{301}e\x{301}e\x{301}e\x{301}e\x{301}e\x{301}e\x{301}e\x{301}e\x{301}e\x{301}e\x{301}e\x{301}e\x{301}e\x{301}e\x{301} e\x{301}e\x{301}e\x{301}e\x{301}e\x{301}e\x{301}e\x{301}e\x{301}e\x{301}e\x{301}e\x{301}e\x{301}e\x{301}e\x{301}e\x{301}e\x{301}e\x{301}e\x{301}e\x{301}e\x{301}e\x{301}e\x{301}e\x{301}e\x{301}e\x{301}e\x{301}e\x{301}e\x{301}e\x{301}e\x{301} e\x{301}e\x{301}e\x{301}e\x{301}e\x{301}e\x{301}e\x{301}e\x{301}e\x{301}e\x{301}e\x{301}e\x{301}e\x{301}e\x{301}e\x{301}e\x{301}e\x{301}e\x{301}e\x{301}e\x{301}e\x{301}e\x{301}"
          text run at (924,5136) width 0: " "
          text run at (0,5152) width 924: "e\x{301}e\x{301}e\x{301}e\x{301}e\x{301}e\x{301}e\x{301}e\x{301}e\x{301}e\x{301}e\x{301}e\x{301}e\x{301}e\x{301}e\x{301}e\x{301}e\x{301}e\x{301}e\x{301}e\x{301}e\x{301}e\x{301}e\x{301}e\x{301}e\x{301}e\x{301}e\x{301}e\x{301}e\x{301}e\x{301}e\x{301}e\x{301} e\x{301} e\x{301}e\x{301}e\x{301}e\x{301}e\x{301}e\x{301}e\x{301}e\x{301}e\x{301}e\x{301}e\x{301}e\x{301}e\x{301}e\x{301}e\x{301}e\x{301}e\x{301}e\x{301}e\x{301}e\x{301}e\x{301}e\x{301}e\x{301}e\x{301}e\x{301}e\x{301}e\x{301}e\x{301}e\x{301}e\x{301}e\x{301}e\x{301}e\x{301}e\x{301}e\x{301}e\x{301}e\x{301}e\x{301}e\x{301}e\x{301}e\x{301}e\x{301}e\x{301} e\x{301}e\x{301}e\x{301}e\x{301}e\x{301}e\x{301}e\x{301}e\x{301}e\x{301}e\x{301}e\x{301}e\x{301}e\x{301}e\x{301}e\x{301}e\x{301}e\x{301}e\x{301}e\x{301}e\x{301}e\x{301}e\x{301}e\x{301}e\x{301}e\x{301}e\x{301}e\x{301}e\x{301}e\x{301}e\x{301} e\x{301}e\x{301}e\x{301}e\x{301}e\x{301}e\x{301}e\x{301}e\x{301}e\x{301}e\x{301}e\x{301}e\x{301}e\x{301}e\x{301}e\x{301}e\x{301}e\x{301}e\x{301}e\x{301}e\x{301}e\x{301}e\x{301}"
          text run at (924,5152) width 0: " "
          text run at (0,5168) width 924: "e\x{301}e\x{301}e\x{301}e\x{301}e\x{301}e\x{301}e\x{301}e\x{301}e\x{301}e\x{301}e\x{301}e\x{301}e\x{301}e\x{301}e\x{301}e\x{301}e\x{301}e\x{301}e\x{301}e\x{301}e\x{301}e\x{301}e\x{301}e\x{301}e\x{301}e\x{301}e\x{301}e\x{301}e\x{301}e\x{301}e\x{301}e\x{301} e\x{301} e\x{301}e\x{301}e\x{301}e\x{301}e\x{301}e\x{301}e\x{301}e\x{301}e\x{301}e\x{301}e\x{301}e\x{301}e\x{301}e\x{301}e\x{301}e\x{301}e\x{301}e\x{301}e\x{301}e\x{301}e\x{301}e\x{301}e\x{301}e\x{301}e\x{301}e\x{301}e\x{301}e\x{301}e\x{301}e\x{301}e\x{301}e\x{301}e\x{301}e\x{301}e\x{301}e\x{301}e\x{301}e\x{301}e\x{301}e\x{301}e\x{301}e\x{301}e\x{301} e\x{301}e\x{301}e\x{301}e\x{301}e\x{301}e\x{301}e\x{301}e\x{301}e\x{301}e\x{301}e\x{301}e\x{301}e\x{301}e\x{301}e\x{301}e\x{301}e\x{301}e\x{301}e\x{301}e\x{301}e\x{301}e\x{301}e\x{301}e\x{301}e\x{301}e\x{301}e\x{301}e\x{301}e\x{301}e\x{301} e\x{301}e\x{301}e\x{301}e\x{301}e\x{301}e\x{301}e\x{301}e\x{301}e\x{301}e\x{301}e\x{301}e\x{301}e\x{301}e\x{301}e\x{301}e\x{301}e\x{301}e\x{301}e\x{301}e\x{301}e\x{301}e\x{301}"
          text run at (924,5168) width 0: " "
          text run at (0,5184) width 924: "e\x{301}e\x{301}e\x{301}e\x{301}e\x{301}e\x{301}e\x{301}e\x{301}e\x{301}e\x{301}e\x{301}e\x{301}e\x{301}e\x{301}e\x{301}e\x{301}e\x{301}e\x{301}e\x{301}e\x{301}e\x{301}e\x{301}e\x{301}e\x{301}e\x{301}e\x{301}e\x{301}e\x{301}e\x{301}e\x{301}e\x{301}e\x{301} e\x{301} e\x{301}e\x{301}e\x{301}e\x{301}e\x{301}e\x{301}e\x{301}e\x{301}e\x{301}e\x{301}e\x{301}e\x{301}e\x{301}e\x{301}e\x{301}e\x{301}e\x{301}e\x{301}e\x{301}e\x{301}e\x{301}e\x{301}e\x{301}e\x{301}e\x{301}e\x{301}e\x{301}e\x{301}e\x{301}e\x{301}e\x{301}e\x{301}e\x{301}e\x{301}e\x{301}e\x{301}e\x{301}e\x{301}e\x{301}e\x{301}e\x{301}e\x{301}e\x{301} e\x{301}e\x{301}e\x{301}e\x{301}e\x{301}e\x{301}e\x{301}e\x{301}e\x{301}e\x{301}e\x{301}e\x{301}e\x{301}e\x{301}e\x{301}e\x{301}e\x{301}e\x{301}e\x{301}e\x{301}e\x{301}e\x{301}e\x{301}e\x{301}e\x{301}e\x{301}e\x{301}e\x{301}e\x{301}e\x{301} e\x{301}e\x{301}e\x{301}e\x{301}e\x{301}e\x{301}e\x{301}e\x{301}e\x{301}e\x{301}e\x{301}e\x{301}e\x{301}e\x{301}e\x{301}e\x{301}e\x{301}e\x{301}e\x{301}e\x{301}e\x{301}e\x{301}"
          text run at (924,5184) width 0: " "
          text run at (0,5200) width 924: "e\x{301}e\x{301}e\x{301}e\x{301}e\x{301}e\x{301}e\x{301}e\x{301}e\x{301}e\x{301}e\x{301}e\x{301}e\x{301}e\x{301}e\x{301}e\x{301}e\x{301}e\x{301}e\x{301}e\x{301}e\x{301}e\x{301}e\x{301}e\x{301}e\x{301}e\x{301}e\x{301}e\x{301}e\x{301}e\x{301}e\x{301}e\x{301} e\x{301} e\x{301}e\x{301}e\x{301}e\x{301}e\x{301}e\x{301}e\x{301}e\x{301}e\x{301}e\x{301}e\x{301}e\x{301}e\x{301}e\x{301}e\x{301}e\x{301}e\x{301}e\x{301}e\x{301}e\x{301}e\x{301}e\x{301}e\x{301}e\x{301}e\x{301}e\x{301}e\x{301}e\x{301}e\x{301}e\x{301}e\x{301}e\x{301}e\x{301}e\x{301}e\x{301}e\x{301}e\x{301}e\x{301}e\x{301}e\x{301}e\x{301}e\x{301}e\x{301} e\x{301}e\x{301}e\x{301}e\x{301}e\x{301}e\x{301}e\x{301}e\x{301}e\x{301}e\x{301}e\x{301}e\x{301}e\x{301}e\x{301}e\x{301}e\x{301}e\x{301}e\x{301}e\x{301}e\x{301}e\x{301}e\x{301}e\x{301}e\x{301}e\x{301}e\x{301}e\x{301}e\x{301}e\x{301}e\x{301} e\x{301}e\x{301}e\x{301}e\x{301}e\x{301}e\x{301}e\x{301}e\x{301}e\x{301}e\x{301}e\x{301}e\x{301}e\x{301}e\x{301}e\x{301}e\x{301}e\x{301}e\x{301}e\x{301}e\x{301}e\x{301}e\x{301}"
          text run at (924,5200) width 0: " "
          text run at (0,5216) width 924: "e\x{301}e\x{301}e\x{301}e\x{301}e\x{301}e\x{301}e\x{301}e\x{301}e\x{301}e\x{301}e\x{301}e\x{301}e\x{301}e\x{301}e\x{301}e\x{301}e\x{301}e\x{301}e\x{301}e\x{301}e\x{301}e\x{301}e\x{301}e\x{301}e\x{301}e\x{301}e\x{301}e\x{301}e\x{301}e\x{301}e\x{301}e\x{301} e\x{301} e\x{301}e\x{301}e\x{301}e\x{301}e\x{301}e\x{301}e\x{301}e\x{301}e\x{301}e\x{301}e\x{301}e\x{301}e\x{301}e\x{301}e\x{301}e\x{301}e\x{301}e\x{301}e\x{301}e\x{301}e\x{301}e\x{301}e\x{301}e\x{301}e\x{301}e\x{301}e\x{301}e\x{301}e\x{301}e\x{301}e\x{301}e\x{301}e\x{301}e\x{301}e\x{301}e\x{301}e\x{301}e\x{301}e\x{301}e\x{301}e\x{301}e\x{301}e\x{301} e\x{301}e\x{301}e\x{301}e\x{301}e\x{301}e\x{301}e\x{301}e\x{301}e\x{301}e\x{301}e\x{301}e\x{301}e\x{301}e\x{301}e\x{301}e\x{301}e\x{301}e\x{301}e\x{301}e\x{301}e\x{301}e\x{301}e\x{301}e\x{301}e\x{301}e\x{301}e\x{301}e\x{301}e\x{301}e\x{301} e\x{301}e\x{301}e\x{301}e\x{301}e\x{301}e\x{301}e\x{301}e\x{301}e\x{301}e\x{301}e\x{301}e\x{301}e\x{301}e\x{301}e\x{301}e\x{301}e\x{301}e\x{301}e\x{301}e\x{301}e\x{301}e\x{301}"
          text run at (924,5216) width 0: " "
          text run at (0,5232) width 924: "e\x{301}e\x{301}e\x{301}e\x{301}e\x{301}e\x{301}e\x{301}e\x{301}e\x{301}e\x{301}e\x{301}e\x{301}e\x{301}e\x{301}e\x{301}e\x{301}e\x{301}e\x{301}e\x{301}e\x{301}e\x{301}e\x{301}e\x{301}e\x{301}e\x{301}e\x{301}e\x{301}e\x{301}e\x{301}e\x{301}e\x{301}e\x{301} e\x{301} e\x{301}e\x{301}e\x{301}e\x{301}e\x{301}e\x{301}e\x{301}e\x{301}e\x{301}e\x{301}e\x{301}e\x{301}e\x{301}e\x{301}e\x{301}e\x{301}e\x{301}e\x{301}e\x{301}e\x{301}e\x{301}e\x{301}e\x{301}e\x{301}e\x{301}e\x{301}e\x{301}e\x{301}e\x{301}e\x{301}e\x{301}e\x{301}e\x{301}e\x{301}e\x{301}e\x{301}e\x{301}e\x{301}e\x{301}e\x{301}e\x{301}e\x{301}e\x{301} e\x{301}e\x{301}e\x{301}e\x{301}e\x{301}e\x{301}e\x{301}e\x{301}e\x{301}e\x{301}e\x{301}e\x{301}e\x{301}e\x{301}e\x{301}e\x{301}e\x{301}e\x{301}e\x{301}e\x{301}e\x{301}e\x{301}e\x{301}e\x{301}e\x{301}e\x{301}e\x{301}e\x{301}e\x{301}e\x{301} e\x{301}e\x{301}e\x{301}e\x{301}e\x{301}e\x{301}e\x{301}e\x{301}e\x{301}e\x{301}e\x{301}e\x{301}e\x{301}e\x{301}e\x{301}e\x{301}e\x{301}e\x{301}e\x{301}e\x{301}e\x{301}e\x{301}"
          text run at (924,5232) width 0: " "
          text run at (0,5248) width 924: "e\x{301}e\x{301}e\x{301}e\x{301}e\x{301}e\x{301}e\x{301}e\x{301}e\x{301}e\x{301}e\x{301}e\x{301}e\x{301}e\x{301}e\x{301}e\x{301}e\x{301}e\x{301}e\x{301}e\x{301}e\x{301}e\x{301}e\x{301}e\x{301}e\x{301}e\x{301}e\x{301}e\x{301}e\x{301}e\x{301}e\x{301}e\x{301} e\x{301} e\x{301}e\x{301}e\x{301}e\x{301}e\x{301}e\x{301}e\x{301}e\x{301}e\x{301}e\x{301}e\x{301}e\x{301}e\x{301}e\x{301}e\x{301}e\x{301}e\x{301}e\x{301}e\x{301}e\x{301}e\x{301}e\x{301}e\x{301}e\x{301}e\x{301}e\x{301}e\x{301}e\x{301}e\x{301}e\x{301}e\x{301}e\x{301}e\x{301}e\x{301}e\x{301}e\x{301}e\x{301}e\x{301}e\x{301}e\x{301}e\x{301}e\x{301}e\x{301} e\x{301}e\x{301}e\x{301}e\x{301}e\x{301}e\x{301}e\x{301}e\x{301}e\x{301}e\x{301}e\x{301}e\x{301}e\x{301}e\x{301}e\x{301}e\x{301}e\x{301}e\x{301}e\x{301}e\x{301}e\x{301}e\x{301}e\x{301}e\x{301}e\x{301}e\x{301}e\x{301}e\x{301}e\x{301}e\x{301} e\x{301}e\x{301}e\x{301}e\x{301}e\x{301}e\x{301}e\x{301}e\x{301}e\x{301}e\x{301}e\x{301}e\x{301}e\x{301}e\x{301}e\x{301}e\x{301}e\x{301}e\x{301}e\x{301}e\x{301}e\x{301}e\x{301}"
          text run at (924,5248) width 0: " "
          text run at (0,5264) width 924: "e\x{301}e\x{301}e\x{301}e\x{301}e\x{301}e\x{301}e\x{301}e\x{301}e\x{301}e\x{301}e\x{301}e\x{301}e\x{301}e\x{301}e\x{301}e\x{301}e\x{301}e\x{301}e\x{301}e\x{301}e\x{301}e\x{301}e\x{301}e\x{301}e\x{301}e\x{301}e\x{301}e\x{301}e\x{301}e\x{301}e\x{301}e\x{301} e\x{301} e\x{301}e\x{301}e\x{301}e\x{301}e\x{301}e\x{301}e\x{301}e\x{301}e\x{301}e\x{301}e\x{301}e\x{301}e\x{301}e\x{301}e\x{301}e\x{301}e\x{301}e\x{301}e\x{301}e\x{301}e\x{301}e\x{301}e\x{301}e\x{301}e\x{301}e\x{301}e\x{301}e\x{301}e\x{301}e\x{301}e\x{301}e\x{301}e\x{301}e\x{301}e\x{301}e\x{301}e\x{301}e\x{301}e\x{301}e\x{301}e\x{301}e\x{301}e\x{301} e\x{301}e\x{301}e\x{301}e\x{301}e\x{301}e\x{301}e\x{301}e\x{301}e\x{301}e\x{301}e\x{301}e\x{301}e\x{301}e\x{301}e\x{301}e\x{301}e\x{301}e\x{301}e\x{301}e\x{301}e\x{301}e\x{301}e\x{301}e\x{301}e\x{301}e\x{301}e\x{301}e\x{301}e\x{301}e\x{301} e\x{301}e\x{301}e\x{301}e\x{301}e\x{301}e\x{301}e\x{301}e\x{301}e\x{301}e\x{301}e\x{301}e\x{301}e\x{301}e\x{301}e\x{301}e\x{301}e\x{301}e\x{301}e\x{301}e\x{301}e\x{301}e\x{301}"
          text run at (924,5264) width 0: " "
          text run at (0,5280) width 924: "e\x{301}e\x{301}e\x{301}e\x{301}e\x{301}e\x{301}e\x{301}e\x{301}e\x{301}e\x{301}e\x{301}e\x{301}e\x{301}e\x{301}e\x{301}e\x{301}e\x{301}e\x{301}e\x{301}e\x{301}e\x{301}e\x{301}e\x{301}e\x{301}e\x{301}e\x{301}e\x{301}e\x{301}e\x{301}e\x{301}e\x{301}e\x{301} e\x{301} e\x{301}e\x{301}e\x{301}e\x{301}e\x{301}e\x{301}e\x{301}e\x{301}e\x{301}e\x{301}e\x{301}e\x{301}e\x{301}e\x{301}e\x{301}e\x{301}e\x{301}e\x{301}e\x{301}e\x{301}e\x{301}e\x{301}e\x{301}e\x{301}e\x{301}e\x{301}e\x{301}e\x{301}e\x{301}e\x{301}e\x{301}e\x{301}e\x{301}e\x{301}e\x{301}e\x{301}e\x{301}e\x{301}e\x{301}e\x{301}e\x{301}e\x{301}e\x{301} e\x{301}e\x{301}e\x{301}e\x{301}e\x{301}e\x{301}e\x{301}e\x{301}e\x{301}e\x{301}e\x{301}e\x{301}e\x{301}e\x{301}e\x{301}e\x{301}e\x{301}e\x{301}e\x{301}e\x{301}e\x{301}e\x{301}e\x{301}e\x{301}e\x{301}e\x{301}e\x{301}e\x{301}e\x{301}e\x{301} e\x{301}e\x{301}e\x{301}e\x{301}e\x{301}e\x{301}e\x{301}e\x{301}e\x{301}e\x{301}e\x{301}e\x{301}e\x{301}e\x{301}e\x{301}e\x{301}e\x{301}e\x{301}e\x{301}e\x{301}e\x{301}e\x{301}"
          text run at (924,5280) width 0: " "
          text run at (0,5296) width 924: "e\x{301}e\x{301}e\x{301}e\x{301}e\x{301}e\x{301}e\x{301}e\x{301}e\x{301}e\x{301}e\x{301}e\x{301}e\x{301}e\x{301}e\x{301}e\x{301}e\x{301}e\x{301}e\x{301}e\x{301}e\x{301}e\x{301}e\x{301}e\x{301}e\x{301}e\x{301}e\x{301}e\x{301}e\x{301}e\x{301}e\x{301}e\x{301} e\x{301} e\x{301}e\x{301}e\x{301}e\x{301}e\x{301}e\x{301}e\x{301}e\x{301}e\x{301}e\x{301}e\x{301}e\x{301}e\x{301}e\x{301}e\x{301}e\x{301}e\x{301}e\x{301}e\x{301}e\x{301}e\x{301}e\x{301}e\x{301}e\x{301}e\x{301}e\x{301}e\x{301}e\x{301}e\x{301}e\x{301}e\x{301}e\x{301}e\x{301}e\x{301}e\x{301}e\x{301}e\x{301}e\x{301}e\x{301}e\x{301}e\x{301}e\x{301}e\x{301} e\x{301}e\x{301}e\x{301}e\x{301}e\x{301}e\x{301}e\x{301}e\x{301}e\x{301}e\x{301}e\x{301}e\x{301}e\x{301}e\x{301}e\x{301}e\x{301}e\x{301}e\x{301}e\x{301}e\x{301}e\x{301}e\x{301}e\x{301}e\x{301}e\x{301}e\x{301}e\x{301}e\x{301}e\x{301}e\x{301} e\x{301}e\x{301}e\x{301}e\x{301}e\x{301}e\x{301}e\x{301}e\x{301}e\x{301}e\x{301}e\x{301}e\x{301}e\x{301}e\x{301}e\x{301}e\x{301}e\x{301}e\x{301}e\x{301}e\x{301}e\x{301}e\x{301}"
          text run at (924,5296) width 0: " "
          text run at (0,5312) width 924: "e\x{301}e\x{301}e\x{301}e\x{301}e\x{301}e\x{301}e\x{301}e\x{301}e\x{301}e\x{301}e\x{301}e\x{301}e\x{301}e\x{301}e\x{301}e\x{301}e\x{301}e\x{301}e\x{301}e\x{301}e\x{301}e\x{301}e\x{301}e\x{301}e\x{301}e\x{301}e\x{301}e\x{301}e\x{301}e\x{301}e\x{301}e\x{301} e\x{301} e\x{301}e\x{301}e\x{301}e\x{301}e\x{301}e\x{301}e\x{301}e\x{301}e\x{301}e\x{301}e\x{301}e\x{301}e\x{301}e\x{301}e\x{301}e\x{301}e\x{301}e\x{301}e\x{301}e\x{301}e\x{301}e\x{301}e\x{301}e\x{301}e\x{301}e\x{301}e\x{301}e\x{301}e\x{301}e\x{301}e\x{301}e\x{301}e\x{301}e\x{301}e\x{301}e\x{301}e\x{301}e\x{301}e\x{301}e\x{301}e\x{301}e\x{301}e\x{301} e\x{301}e\x{301}e\x{301}e\x{301}e\x{301}e\x{301}e\x{301}e\x{301}e\x{301}e\x{301}e\x{301}e\x{301}e\x{301}e\x{301}e\x{301}e\x{301}e\x{301}e\x{301}e\x{301}e\x{301}e\x{301}e\x{301}e\x{301}e\x{301}e\x{301}e\x{301}e\x{301}e\x{301}e\x{301}e\x{301} e\x{301}e\x{301}e\x{301}e\x{301}e\x{301}e\x{301}e\x{301}e\x{301}e\x{301}e\x{301}e\x{301}e\x{301}e\x{301}e\x{301}e\x{301}e\x{301}e\x{301}e\x{301}e\x{301}e\x{301}e\x{301}e\x{301}"
          text run at (924,5312) width 0: " "
          text run at (0,5328) width 924: "e\x{301}e\x{301}e\x{301}e\x{301}e\x{301}e\x{301}e\x{301}e\x{301}e\x{301}e\x{301}e\x{301}e\x{301}e\x{301}e\x{301}e\x{301}e\x{301}e\x{301}e\x{301}e\x{301}e\x{301}e\x{301}e\x{301}e\x{301}e\x{301}e\x{301}e\x{301}e\x{301}e\x{301}e\x{301}e\x{301}e\x{301}e\x{301} e\x{301} e\x{301}e\x{301}e\x{301}e\x{301}e\x{301}e\x{301}e\x{301}e\x{301}e\x{301}e\x{301}e\x{301}e\x{301}e\x{301}e\x{301}e\x{301}e\x{301}e\x{301}e\x{301}e\x{301}e\x{301}e\x{301}e\x{301}e\x{301}e\x{301}e\x{301}e\x{301}e\x{301}e\x{301}e\x{301}e\x{301}e\x{301}e\x{301}e\x{301}e\x{301}e\x{301}e\x{301}e\x{301}e\x{301}e\x{301}e\x{301}e\x{301}e\x{301}e\x{301} e\x{301}e\x{301}e\x{301}e\x{301}e\x{301}e\x{301}e\x{301}e\x{301}e\x{301}e\x{301}e\x{301}e\x{301}e\x{301}e\x{301}e\x{301}e\x{301}e\x{301}e\x{301}e\x{301}e\x{301}e\x{301}e\x{301}e\x{301}e\x{301}e\x{301}e\x{301}e\x{301}e\x{301}e\x{301}e\x{301} e\x{301}e\x{301}e\x{301}e\x{301}e\x{301}e\x{301}e\x{301}e\x{301}e\x{301}e\x{301}e\x{301}e\x{301}e\x{301}e\x{301}e\x{301}e\x{301}e\x{301}e\x{301}e\x{301}e\x{301}e\x{301}e\x{301}"
          text run at (924,5328) width 0: " "
          text run at (0,5344) width 924: "e\x{301}e\x{301}e\x{301}e\x{301}e\x{301}e\x{301}e\x{301}e\x{301}e\x{301}e\x{301}e\x{301}e\x{301}e\x{301}e\x{301}e\x{301}e\x{301}e\x{301}e\x{301}e\x{301}e\x{301}e\x{301}e\x{301}e\x{301}e\x{301}e\x{301}e\x{301}e\x{301}e\x{301}e\x{301}e\x{301}e\x{301}e\x{301} e\x{301} e\x{301}e\x{301}e\x{301}e\x{301}e\x{301}e\x{301}e\x{301}e\x{301}e\x{301}e\x{301}e\x{301}e\x{301}e\x{301}e\x{301}e\x{301}e\x{301}e\x{301}e\x{301}e\x{301}e\x{301}e\x{301}e\x{301}e\x{301}e\x{301}e\x{301}e\x{301}e\x{301}e\x{301}e\x{301}e\x{301}e\x{301}e\x{301}e\x{301}e\x{301}e\x{301}e\x{301}e\x{301}e\x{301}e\x{301}e\x{301}e\x{301}e\x{301}e\x{301} e\x{301}e\x{301}e\x{301}e\x{301}e\x{301}e\x{301}e\x{301}e\x{301}e\x{301}e\x{301}e\x{301}e\x{301}e\x{301}e\x{301}e\x{301}e\x{301}e\x{301}e\x{301}e\x{301}e\x{301}e\x{301}e\x{301}e\x{301}e\x{301}e\x{301}e\x{301}e\x{301}e\x{301}e\x{301}e\x{301} e\x{301}e\x{301}e\x{301}e\x{301}e\x{301}e\x{301}e\x{301}e\x{301}e\x{301}e\x{301}e\x{301}e\x{301}e\x{301}e\x{301}e\x{301}e\x{301}e\x{301}e\x{301}e\x{301}e\x{301}e\x{301}e\x{301}"
          text run at (924,5344) width 0: " "
          text run at (0,5360) width 924: "e\x{301}e\x{301}e\x{301}e\x{301}e\x{301}e\x{301}e\x{301}e\x{301}e\x{301}e\x{301}e\x{301}e\x{301}e\x{301}e\x{301}e\x{301}e\x{301}e\x{301}e\x{301}e\x{301}e\x{301}e\x{301}e\x{301}e\x{301}e\x{301}e\x{301}e\x{301}e\x{301}e\x{301}e\x{301}e\x{301}e\x{301}e\x{301} e\x{301} e\x{301}e\x{301}e\x{301}e\x{301}e\x{301}e\x{301}e\x{301}e\x{301}e\x{301}e\x{301}e\x{301}e\x{301}e\x{301}e\x{301}e\x{301}e\x{301}e\x{301}e\x{301}e\x{301}e\x{301}e\x{301}e\x{301}e\x{301}e\x{301}e\x{301}e\x{301}e\x{301}e\x{301}e\x{301}e\x{301}e\x{301}e\x{301}e\x{301}e\x{301}e\x{301}e\x{301}e\x{301}e\x{301}e\x{301}e\x{301}e\x{301}e\x{301}e\x{301} e\x{301}e\x{301}e\x{301}e\x{301}e\x{301}e\x{301}e\x{301}e\x{301}e\x{301}e\x{301}e\x{301}e\x{301}e\x{301}e\x{301}e\x{301}e\x{301}e\x{301}e\x{301}e\x{301}e\x{301}e\x{301}e\x{301}e\x{301}e\x{301}e\x{301}e\x{301}e\x{301}e\x{301}e\x{301}e\x{301} e\x{301}e\x{301}e\x{301}e\x{301}e\x{301}e\x{301}e\x{301}e\x{301}e\x{301}e\x{301}e\x{301}e\x{301}e\x{301}e\x{301}e\x{301}e\x{301}e\x{301}e\x{301}e\x{301}e\x{301}e\x{301}e\x{301}"
          text run at (924,5360) width 0: " "
          text run at (0,5376) width 924: "e\x{301}e\x{301}e\x{301}e\x{301}e\x{301}e\x{301}e\x{301}e\x{301}e\x{301}e\x{301}e\x{301}e\x{301}e\x{301}e\x{301}e\x{301}e\x{301}e\x{301}e\x{301}e\x{301}e\x{301}e\x{301}e\x{301}e\x{301}e\x{301}e\x{301}e\x{301}e\x{301}e\x{301}e\x{301}e\x{301}e\x{301}e\x{301} e\x{301} e\x{301}e\x{301}e\x{301}e\x{301}e\x{301}e\x{301}e\x{301}e\x{301}e\x{301}e\x{301}e\x{301}e\x{301}e\x{301}e\x{301}e\x{301}e\x{301}e\x{301}e\x{301}e\x{301}e\x{301}e\x{301}e\x{301}e\x{301}e\x{301}e\x{301}e\x{301}e\x{301}e\x{301}e\x{301}e\x{301}e\x{301}e\x{301}e\x{301}e\x{301}e\x{301}e\x{301}e\x{301}e\x{301}e\x{301}e\x{301}e\x{301}e\x{301}e\x{301} e\x{301}e\x{301}e\x{301}e\x{301}e\x{301}e\x{301}e\x{301}e\x{301}e\x{301}e\x{301}e\x{301}e\x{301}e\x{301}e\x{301}e\x{301}e\x{301}e\x{301}e\x{301}e\x{301}e\x{301}e\x{301}e\x{301}e\x{301}e\x{301}e\x{301}e\x{301}e\x{301}e\x{301}e\x{301}e\x{301} e\x{301}e\x{301}e\x{301}e\x{301}e\x{301}e\x{301}e\x{301}e\x{301}e\x{301}e\x{301}e\x{301}e\x{301}e\x{301}e\x{301}e\x{301}e\x{301}e\x{301}e\x{301}e\x{301}e\x{301}e\x{301}e\x{301}"
          text run at (924,5376) width 0: " "
          text run at (0,5392) width 924: "e\x{301}e\x{301}e\x{301}e\x{301}e\x{301}e\x{301}e\x{301}e\x{301}e\x{301}e\x{301}e\x{301}e\x{301}e\x{301}e\x{301}e\x{301}e\x{301}e\x{301}e\x{301}e\x{301}e\x{301}e\x{301}e\x{301}e\x{301}e\x{301}e\x{301}e\x{301}e\x{301}e\x{301}e\x{301}e\x{301}e\x{301}e\x{301} e\x{301} e\x{301}e\x{301}e\x{301}e\x{301}e\x{301}e\x{301}e\x{301}e\x{301}e\x{301}e\x{301}e\x{301}e\x{301}e\x{301}e\x{301}e\x{301}e\x{301}e\x{301}e\x{301}e\x{301}e\x{301}e\x{301}e\x{301}e\x{301}e\x{301}e\x{301}e\x{301}e\x{301}e\x{301}e\x{301}e\x{301}e\x{301}e\x{301}e\x{301}e\x{301}e\x{301}e\x{301}e\x{301}e\x{301}e\x{301}e\x{301}e\x{301}e\x{301}e\x{301} e\x{301}e\x{301}e\x{301}e\x{301}e\x{301}e\x{301}e\x{301}e\x{301}e\x{301}e\x{301}e\x{301}e\x{301}e\x{301}e\x{301}e\x{301}e\x{301}e\x{301}e\x{301}e\x{301}e\x{301}e\x{301}e\x{301}e\x{301}e\x{301}e\x{301}e\x{301}e\x{301}e\x{301}e\x{301}e\x{301} e\x{301}e\x{301}e\x{301}e\x{301}e\x{301}e\x{301}e\x{301}e\x{301}e\x{301}e\x{301}e\x{301}e\x{301}e\x{301}e\x{301}e\x{301}e\x{301}e\x{301}e\x{301}e\x{301}e\x{301}e\x{301}e\x{301}"
          text run at (924,5392) width 0: " "
          text run at (0,5408) width 924: "e\x{301}e\x{301}e\x{301}e\x{301}e\x{301}e\x{301}e\x{301}e\x{301}e\x{301}e\x{301}e\x{301}e\x{301}e\x{301}e\x{301}e\x{301}e\x{301}e\x{301}e\x{301}e\x{301}e\x{301}e\x{301}e\x{301}e\x{301}e\x{301}e\x{301}e\x{301}e\x{301}e\x{301}e\x{301}e\x{301}e\x{301}e\x{301} e\x{301} e\x{301}e\x{301}e\x{301}e\x{301}e\x{301}e\x{301}e\x{301}e\x{301}e\x{301}e\x{301}e\x{301}e\x{301}e\x{301}e\x{301}e\x{301}e\x{301}e\x{301}e\x{301}e\x{301}e\x{301}e\x{301}e\x{301}e\x{301}e\x{301}e\x{301}e\x{301}e\x{301}e\x{301}e\x{301}e\x{301}e\x{301}e\x{301}e\x{301}e\x{301}e\x{301}e\x{301}e\x{301}e\x{301}e\x{301}e\x{301}e\x{301}e\x{301}e\x{301} e\x{301}e\x{301}e\x{301}e\x{301}e\x{301}e\x{301}e\x{301}e\x{301}e\x{301}e\x{301}e\x{301}e\x{301}e\x{301}e\x{301}e\x{301}e\x{301}e\x{301}e\x{301}e\x{301}e\x{301}e\x{301}e\x{301}e\x{301}e\x{301}e\x{301}e\x{301}e\x{301}e\x{301}e\x{301}e\x{301} e\x{301}e\x{301}e\x{301}e\x{301}e\x{301}e\x{301}e\x{301}e\x{301}e\x{301}e\x{301}e\x{301}e\x{301}e\x{301}e\x{301}e\x{301}e\x{301}e\x{301}e\x{301}e\x{301}e\x{301}e\x{301}e\x{301}"
          text run at (924,5408) width 0: " "
          text run at (0,5424) width 924: "e\x{301}e\x{301}e\x{301}e\x{301}e\x{301}e\x{301}e\x{301}e\x{301}e\x{301}e\x{301}e\x{301}e\x{301}e\x{301}e\x{301}e\x{301}e\x{301}e\x{301}e\x{301}e\x{301}e\x{301}e\x{301}e\x{301}e\x{301}e\x{301}e\x{301}e\x{301}e\x{301}e\x{301}e\x{301}e\x{301}e\x{301}e\x{301} e\x{301} e\x{301}e\x{301}e\x{301}e\x{301}e\x{301}e\x{301}e\x{301}e\x{301}e\x{301}e\x{301}e\x{301}e\x{301}e\x{301}e\x{301}e\x{301}e\x{301}e\x{301}e\x{301}e\x{301}e\x{301}e\x{301}e\x{301}e\x{301}e\x{301}e\x{301}e\x{301}e\x{301}e\x{301}e\x{301}e\x{301}e\x{301}e\x{301}e\x{301}e\x{301}e\x{301}e\x{301}e\x{301}e\x{301}e\x{301}e\x{301}e\x{301}e\x{301}e\x{301} e\x{301}e\x{301}e\x{301}e\x{301}e\x{301}e\x{301}e\x{301}e\x{301}e\x{301}e\x{301}e\x{301}e\x{301}e\x{301}e\x{301}e\x{301}e\x{301}e\x{301}e\x{301}e\x{301}e\x{301}e\x{301}e\x{301}e\x{301}e\x{301}e\x{301}e\x{301}e\x{301}e\x{301}e\x{301}e\x{301} e\x{301}e\x{301}e\x{301}e\x{301}e\x{301}e\x{301}e\x{301}e\x{301}e\x{301}e\x{301}e\x{301}e\x{301}e\x{301}e\x{301}e\x{301}e\x{301}e\x{301}e\x{301}e\x{301}e\x{301}e\x{301}e\x{301}"
          text run at (924,5424) width 0: " "
          text run at (0,5440) width 924: "e\x{301}e\x{301}e\x{301}e\x{301}e\x{301}e\x{301}e\x{301}e\x{301}e\x{301}e\x{301}e\x{301}e\x{301}e\x{301}e\x{301}e\x{301}e\x{301}e\x{301}e\x{301}e\x{301}e\x{301}e\x{301}e\x{301}e\x{301}e\x{301}e\x{301}e\x{301}e\x{301}e\x{301}e\x{301}e\x{301}e\x{301}e\x{301} e\x{301} e\x{301}e\x{301}e\x{301}e\x{301}e\x{301}e\x{301}e\x{301}e\x{301}e\x{301}e\x{301}e\x{301}e\x{301}e\x{301}e\x{301}e\x{301}e\x{301}e\x{301}e\x{301}e\x{301}e\x{301}e\x{301}e\x{301}e\x{301}e\x{301}e\x{301}e\x{301}e\x{301}e\x{301}e\x{301}e\x{301}e\x{301}e\x{301}e\x{301}e\x{301}e\x{301}e\x{301}e\x{301}e\x{301}e\x{301}e\x{301}e\x{301}e\x{301}e\x{301} e\x{301}e\x{301}e\x{301}e\x{301}e\x{301}e\x{301}e\x{301}e\x{301}e\x{301}e\x{301}e\x{301}e\x{301}e\x{301}e\x{301}e\x{301}e\x{301}e\x{301}e\x{301}e\x{301}e\x{301}e\x{301}e\x{301}e\x{301}e\x{301}e\x{301}e\x{301}e\x{301}e\x{301}e\x{301}e\x{301} e\x{301}e\x{301}e\x{301}e\x{301}e\x{301}e\x{301}e\x{301}e\x{301}e\x{301}e\x{301}e\x{301}e\x{301}e\x{301}e\x{301}e\x{301}e\x{301}e\x{301}e\x{301}e\x{301}e\x{301}e\x{301}e\x{301}"
          text run at (924,5440) width 0: " "
          text run at (0,5456) width 924: "e\x{301}e\x{301}e\x{301}e\x{301}e\x{301}e\x{301}e\x{301}e\x{301}e\x{301}e\x{301}e\x{301}e\x{301}e\x{301}e\x{301}e\x{301}e\x{301}e\x{301}e\x{301}e\x{301}e\x{301}e\x{301}e\x{301}e\x{301}e\x{301}e\x{301}e\x{301}e\x{301}e\x{301}e\x{301}e\x{301}e\x{301}e\x{301} e\x{301} e\x{301}e\x{301}e\x{301}e\x{301}e\x{301}e\x{301}e\x{301}e\x{301}e\x{301}e\x{301}e\x{301}e\x{301}e\x{301}e\x{301}e\x{301}e\x{301}e\x{301}e\x{301}e\x{301}e\x{301}e\x{301}e\x{301}e\x{301}e\x{301}e\x{301}e\x{301}e\x{301}e\x{301}e\x{301}e\x{301}e\x{301}e\x{301}e\x{301}e\x{301}e\x{301}e\x{301}e\x{301}e\x{301}e\x{301}e\x{301}e\x{301}e\x{301}e\x{301} e\x{301}e\x{301}e\x{301}e\x{301}e\x{301}e\x{301}e\x{301}e\x{301}e\x{301}e\x{301}e\x{301}e\x{301}e\x{301}e\x{301}e\x{301}e\x{301}e\x{301}e\x{301}e\x{301}e\x{301}e\x{301}e\x{301}e\x{301}e\x{301}e\x{301}e\x{301}e\x{301}e\x{301}e\x{301}e\x{301} e\x{301}e\x{301}e\x{301}e\x{301}e\x{301}e\x{301}e\x{301}e\x{301}e\x{301}e\x{301}e\x{301}e\x{301}e\x{301}e\x{301}e\x{301}e\x{301}e\x{301}e\x{301}e\x{301}e\x{301}e\x{301}e\x{301}"
          text run at (924,5456) width 0: " "
          text run at (0,5472) width 924: "e\x{301}e\x{301}e\x{301}e\x{301}e\x{301}e\x{301}e\x{301}e\x{301}e\x{301}e\x{301}e\x{301}e\x{301}e\x{301}e\x{301}e\x{301}e\x{301}e\x{301}e\x{301}e\x{301}e\x{301}e\x{301}e\x{301}e\x{301}e\x{301}e\x{301}e\x{301}e\x{301}e\x{301}e\x{301}e\x{301}e\x{301}e\x{301} e\x{301} e\x{301}e\x{301}e\x{301}e\x{301}e\x{301}e\x{301}e\x{301}e\x{301}e\x{301}e\x{301}e\x{301}e\x{301}e\x{301}e\x{301}e\x{301}e\x{301}e\x{301}e\x{301}e\x{301}e\x{301}e\x{301}e\x{301}e\x{301}e\x{301}e\x{301}e\x{301}e\x{301}e\x{301}e\x{301}e\x{301}e\x{301}e\x{301}e\x{301}e\x{301}e\x{301}e\x{301}e\x{301}e\x{301}e\x{301}e\x{301}e\x{301}e\x{301}e\x{301} e\x{301}e\x{301}e\x{301}e\x{301}e\x{301}e\x{301}e\x{301}e\x{301}e\x{301}e\x{301}e\x{301}e\x{301}e\x{301}e\x{301}e\x{301}e\x{301}e\x{301}e\x{301}e\x{301}e\x{301}e\x{301}e\x{301}e\x{301}e\x{301}e\x{301}e\x{301}e\x{301}e\x{301}e\x{301}e\x{301} e\x{301}e\x{301}e\x{301}e\x{301}e\x{301}e\x{301}e\x{301}e\x{301}e\x{301}e\x{301}e\x{301}e\x{301}e\x{301}e\x{301}e\x{301}e\x{301}e\x{301}e\x{301}e\x{301}e\x{301}e\x{301}e\x{301}"
          text run at (924,5472) width 0: " "
          text run at (0,5488) width 924: "e\x{301}e\x{301}e\x{301}e\x{301}e\x{301}e\x{301}e\x{301}e\x{301}e\x{301}e\x{301}e\x{301}e\x{301}e\x{301}e\x{301}e\x{301}e\x{301}e\x{301}e\x{301}e\x{301}e\x{301}e\x{301}e\x{301}e\x{301}e\x{301}e\x{301}e\x{301}e\x{301}e\x{301}e\x{301}e\x{301}e\x{301}e\x{301} e\x{301} e\x{301}e\x{301}e\x{301}e\x{301}e\x{301}e\x{301}e\x{301}e\x{301}e\x{301}e\x{301}e\x{301}e\x{301}e\x{301}e\x{301}e\x{301}e\x{301}e\x{301}e\x{301}e\x{301}e\x{301}e\x{301}e\x{301}e\x{301}e\x{301}e\x{301}e\x{301}e\x{301}e\x{301}e\x{301}e\x{301}e\x{301}e\x{301}e\x{301}e\x{301}e\x{301}e\x{301}e\x{301}e\x{301}e\x{301}e\x{301}e\x{301}e\x{301}e\x{301} e\x{301}e\x{301}e\x{301}e\x{301}e\x{301}e\x{301}e\x{301}e\x{301}e\x{301}e\x{301}e\x{301}e\x{301}e\x{301}e\x{301}e\x{301}e\x{301}e\x{301}e\x{301}e\x{301}e\x{301}e\x{301}e\x{301}e\x{301}e\x{301}e\x{301}e\x{301}e\x{301}e\x{301}e\x{301}e\x{301} e\x{301}e\x{301}e\x{301}e\x{301}e\x{301}e\x{301}e\x{301}e\x{301}e\x{301}e\x{301}e\x{301}e\x{301}e\x{301}e\x{301}e\x{301}e\x{301}e\x{301}e\x{301}e\x{301}e\x{301}e\x{301}e\x{301}"
          text run at (924,5488) width 0: " "
          text run at (0,5504) width 924: "e\x{301}e\x{301}e\x{301}e\x{301}e\x{301}e\x{301}e\x{301}e\x{301}e\x{301}e\x{301}e\x{301}e\x{301}e\x{301}e\x{301}e\x{301}e\x{301}e\x{301}e\x{301}e\x{301}e\x{301}e\x{301}e\x{301}e\x{301}e\x{301}e\x{301}e\x{301}e\x{301}e\x{301}e\x{301}e\x{301}e\x{301}e\x{301} e\x{301} e\x{301}e\x{301}e\x{301}e\x{301}e\x{301}e\x{301}e\x{301}e\x{301}e\x{301}e\x{301}e\x{301}e\x{301}e\x{301}e\x{301}e\x{301}e\x{301}e\x{301}e\x{301}e\x{301}e\x{301}e\x{301}e\x{301}e\x{301}e\x{301}e\x{301}e\x{301}e\x{301}e\x{301}e\x{301}e\x{301}e\x{301}e\x{301}e\x{301}e\x{301}e\x{301}e\x{301}e\x{301}e\x{301}e\x{301}e\x{301}e\x{301}e\x{301}e\x{301} e\x{301}e\x{301}e\x{301}e\x{301}e\x{301}e\x{301}e\x{301}e\x{301}e\x{301}e\x{301}e\x{301}e\x{301}e\x{301}e\x{301}e\x{301}e\x{301}e\x{301}e\x{301}e\x{301}e\x{301}e\x{301}e\x{301}e\x{301}e\x{301}e\x{301}e\x{301}e\x{301}e\x{301}e\x{301}e\x{301} e\x{301}e\x{301}e\x{301}e\x{301}e\x{301}e\x{301}e\x{301}e\x{301}e\x{301}e\x{301}e\x{301}e\x{301}e\x{301}e\x{301}e\x{301}e\x{301}e\x{301}e\x{301}e\x{301}e\x{301}e\x{301}e\x{301}"
          text run at (924,5504) width 0: " "
          text run at (0,5520) width 924: "e\x{301}e\x{301}e\x{301}e\x{301}e\x{301}e\x{301}e\x{301}e\x{301}e\x{301}e\x{301}e\x{301}e\x{301}e\x{301}e\x{301}e\x{301}e\x{301}e\x{301}e\x{301}e\x{301}e\x{301}e\x{301}e\x{301}e\x{301}e\x{301}e\x{301}e\x{301}e\x{301}e\x{301}e\x{301}e\x{301}e\x{301}e\x{301} e\x{301} e\x{301}e\x{301}e\x{301}e\x{301}e\x{301}e\x{301}e\x{301}e\x{301}e\x{301}e\x{301}e\x{301}e\x{301}e\x{301}e\x{301}e\x{301}e\x{301}e\x{301}e\x{301}e\x{301}e\x{301}e\x{301}e\x{301}e\x{301}e\x{301}e\x{301}e\x{301}e\x{301}e\x{301}e\x{301}e\x{301}e\x{301}e\x{301}e\x{301}e\x{301}e\x{301}e\x{301}e\x{301}e\x{301}e\x{301}e\x{301}e\x{301}e\x{301}e\x{301} e\x{301}e\x{301}e\x{301}e\x{301}e\x{301}e\x{301}e\x{301}e\x{301}e\x{301}e\x{301}e\x{301}e\x{301}e\x{301}e\x{301}e\x{301}e\x{301}e\x{301}e\x{301}e\x{301}e\x{301}e\x{301}e\x{301}e\x{301}e\x{301}e\x{301}e\x{301}e\x{301}e\x{301}e\x{301}e\x{301} e\x{301}e\x{301}e\x{301}e\x{301}e\x{301}e\x{301}e\x{301}e\x{301}e\x{301}e\x{301}e\x{301}e\x{301}e\x{301}e\x{301}e\x{301}e\x{301}e\x{301}e\x{301}e\x{301}e\x{301}e\x{301}e\x{301}"
          text run at (924,5520) width 0: " "
          text run at (0,5536) width 924: "e\x{301}e\x{301}e\x{301}e\x{301}e\x{301}e\x{301}e\x{301}e\x{301}e\x{301}e\x{301}e\x{301}e\x{301}e\x{301}e\x{301}e\x{301}e\x{301}e\x{301}e\x{301}e\x{301}e\x{301}e\x{301}e\x{301}e\x{301}e\x{301}e\x{301}e\x{301}e\x{301}e\x{301}e\x{301}e\x{301}e\x{301}e\x{301} e\x{301} e\x{301}e\x{301}e\x{301}e\x{301}e\x{301}e\x{301}e\x{301}e\x{301}e\x{301}e\x{301}e\x{301}e\x{301}e\x{301}e\x{301}e\x{301}e\x{301}e\x{301}e\x{301}e\x{301}e\x{301}e\x{301}e\x{301}e\x{301}e\x{301}e\x{301}e\x{301}e\x{301}e\x{301}e\x{301}e\x{301}e\x{301}e\x{301}e\x{301}e\x{301}e\x{301}e\x{301}e\x{301}e\x{301}e\x{301}e\x{301}e\x{301}e\x{301}e\x{301} e\x{301}e\x{301}e\x{301}e\x{301}e\x{301}e\x{301}e\x{301}e\x{301}e\x{301}e\x{301}e\x{301}e\x{301}e\x{301}e\x{301}e\x{301}e\x{301}e\x{301}e\x{301}e\x{301}e\x{301}e\x{301}e\x{301}e\x{301}e\x{301}e\x{301}e\x{301}e\x{301}e\x{301}e\x{301}e\x{301} e\x{301}e\x{301}e\x{301}e\x{301}e\x{301}e\x{301}e\x{301}e\x{301}e\x{301}e\x{301}e\x{301}e\x{301}e\x{301}e\x{301}e\x{301}e\x{301}e\x{301}e\x{301}e\x{301}e\x{301}e\x{301}e\x{301}"
          text run at (924,5536) width 0: " "
          text run at (0,5552) width 924: "e\x{301}e\x{301}e\x{301}e\x{301}e\x{301}e\x{301}e\x{301}e\x{301}e\x{301}e\x{301}e\x{301}e\x{301}e\x{301}e\x{301}e\x{301}e\x{301}e\x{301}e\x{301}e\x{301}e\x{301}e\x{301}e\x{301}e\x{301}e\x{301}e\x{301}e\x{301}e\x{301}e\x{301}e\x{301}e\x{301}e\x{301}e\x{301} e\x{301} e\x{301}e\x{301}e\x{301}e\x{301}e\x{301}e\x{301}e\x{301}e\x{301}e\x{301}e\x{301}e\x{301}e\x{301}e\x{301}e\x{301}e\x{301}e\x{301}e\x{301}e\x{301}e\x{301}e\x{301}e\x{301}e\x{301}e\x{301}e\x{301}e\x{301}e\x{301}e\x{301}e\x{301}e\x{301}e\x{301}e\x{301}e\x{301}e\x{301}e\x{301}e\x{301}e\x{301}e\x{301}e\x{301}e\x{301}e\x{301}e\x{301}e\x{301}e\x{301} e\x{301}e\x{301}e\x{301}e\x{301}e\x{301}e\x{301}e\x{301}e\x{301}e\x{301}e\x{301}e\x{301}e\x{301}e\x{301}e\x{301}e\x{301}e\x{301}e\x{301}e\x{301}e\x{301}e\x{301}e\x{301}e\x{301}e\x{301}e\x{301}e\x{301}e\x{301}e\x{301}e\x{301}e\x{301}e\x{301} e\x{301}e\x{301}e\x{301}e\x{301}e\x{301}e\x{301}e\x{301}e\x{301}e\x{301}e\x{301}e\x{301}e\x{301}e\x{301}e\x{301}e\x{301}e\x{301}e\x{301}e\x{301}e\x{301}e\x{301}e\x{301}e\x{301}"
          text run at (924,5552) width 0: " "
          text run at (0,5568) width 924: "e\x{301}e\x{301}e\x{301}e\x{301}e\x{301}e\x{301}e\x{301}e\x{301}e\x{301}e\x{301}e\x{301}e\x{301}e\x{301}e\x{301}e\x{301}e\x{301}e\x{301}e\x{301}e\x{301}e\x{301}e\x{301}e\x{301}e\x{301}e\x{301}e\x{301}e\x{301}e\x{301}e\x{301}e\x{301}e\x{301}e\x{301}e\x{301} e\x{301} e\x{301}e\x{301}e\x{301}e\x{301}e\x{301}e\x{301}e\x{301}e\x{301}e\x{301}e\x{301}e\x{301}e\x{301}e\x{301}e\x{301}e\x{301}e\x{301}e\x{301}e\x{301}e\x{301}e\x{301}e\x{301}e\x{301}e\x{301}e\x{301}e\x{301}e\x{301}e\x{301}e\x{301}e\x{301}e\x{301}e\x{301}e\x{301}e\x{301}e\x{301}e\x{301}e\x{301}e\x{301}e\x{301}e\x{301}e\x{301}e\x{301}e\x{301}e\x{301} e\x{301}e\x{301}e\x{301}e\x{301}e\x{301}e\x{301}e\x{301}e\x{301}e\x{301}e\x{301}e\x{301}e\x{301}e\x{301}e\x{301}e\x{301}e\x{301}e\x{301}e\x{301}e\x{301}e\x{301}e\x{301}e\x{301}e\x{301}e\x{301}e\x{301}e\x{301}e\x{301}e\x{301}e\x{301}e\x{301} e\x{301}e\x{301}e\x{301}e\x{301}e\x{301}e\x{301}e\x{301}e\x{301}e\x{301}e\x{301}e\x{301}e\x{301}e\x{301}e\x{301}e\x{301}e\x{301}e\x{301}e\x{301}e\x{301}e\x{301}e\x{301}e\x{301}"
          text run at (924,5568) width 0: " "
          text run at (0,5584) width 924: "e\x{301}e\x{301}e\x{301}e\x{301}e\x{301}e\x{301}e\x{301}e\x{301}e\x{301}e\x{301}e\x{301}e\x{301}e\x{301}e\x{301}e\x{301}e\x{301}e\x{301}e\x{301}e\x{301}e\x{301}e\x{301}e\x{301}e\x{301}e\x{301}e\x{301}e\x{301}e\x{301}e\x{301}e\x{301}e\x{301}e\x{301}e\x{301} e\x{301} e\x{301}e\x{301}e\x{301}e\x{301}e\x{301}e\x{301}e\x{301}e\x{301}e\x{301}e\x{301}e\x{301}e\x{301}e\x{301}e\x{301}e\x{301}e\x{301}e\x{301}e\x{301}e\x{301}e\x{301}e\x{301}e\x{301}e\x{301}e\x{301}e\x{301}e\x{301}e\x{301}e\x{301}e\x{301}e\x{301}e\x{301}e\x{301}e\x{301}e\x{301}e\x{301}e\x{301}e\x{301}e\x{301}e\x{301}e\x{301}e\x{301}e\x{301}e\x{301} e\x{301}e\x{301}e\x{301}e\x{301}e\x{301}e\x{301}e\x{301}e\x{301}e\x{301}e\x{301}e\x{301}e\x{301}e\x{301}e\x{301}e\x{301}e\x{301}e\x{301}e\x{301}e\x{301}e\x{301}e\x{301}e\x{301}e\x{301}e\x{301}e\x{301}e\x{301}e\x{301}e\x{301}e\x{301}e\x{301} e\x{301}e\x{301}e\x{301}e\x{301}e\x{301}e\x{301}e\x{301}e\x{301}e\x{301}e\x{301}e\x{301}e\x{301}e\x{301}e\x{301}e\x{301}e\x{301}e\x{301}e\x{301}e\x{301}e\x{301}e\x{301}e\x{301}"
          text run at (924,5584) width 0: " "
          text run at (0,5600) width 924: "e\x{301}e\x{301}e\x{301}e\x{301}e\x{301}e\x{301}e\x{301}e\x{301}e\x{301}e\x{301}e\x{301}e\x{301}e\x{301}e\x{301}e\x{301}e\x{301}e\x{301}e\x{301}e\x{301}e\x{301}e\x{301}e\x{301}e\x{301}e\x{301}e\x{301}e\x{301}e\x{301}e\x{301}e\x{301}e\x{301}e\x{301}e\x{301} e\x{301} e\x{301}e\x{301}e\x{301}e\x{301}e\x{301}e\x{301}e\x{301}e\x{301}e\x{301}e\x{301}e\x{301}e\x{301}e\x{301}e\x{301}e\x{301}e\x{301}e\x{301}e\x{301}e\x{301}e\x{301}e\x{301}e\x{301}e\x{301}e\x{301}e\x{301}e\x{301}e\x{301}e\x{301}e\x{301}e\x{301}e\x{301}e\x{301}e\x{301}e\x{301}e\x{301}e\x{301}e\x{301}e\x{301}e\x{301}e\x{301}e\x{301}e\x{301}e\x{301} e\x{301}e\x{301}e\x{301}e\x{301}e\x{301}e\x{301}e\x{301}e\x{301}e\x{301}e\x{301}e\x{301}e\x{301}e\x{301}e\x{301}e\x{301}e\x{301}e\x{301}e\x{301}e\x{301}e\x{301}e\x{301}e\x{301}e\x{301}e\x{301}e\x{301}e\x{301}e\x{301}e\x{301}e\x{301}e\x{301} e\x{301}e\x{301}e\x{301}e\x{301}e\x{301}e\x{301}e\x{301}e\x{301}e\x{301}e\x{301}e\x{301}e\x{301}e\x{301}e\x{301}e\x{301}e\x{301}e\x{301}e\x{301}e\x{301}e\x{301}e\x{301}e\x{301}"
          text run at (924,5600) width 0: " "
          text run at (0,5616) width 924: "e\x{301}e\x{301}e\x{301}e\x{301}e\x{301}e\x{301}e\x{301}e\x{301}e\x{301}e\x{301}e\x{301}e\x{301}e\x{301}e\x{301}e\x{301}e\x{301}e\x{301}e\x{301}e\x{301}e\x{301}e\x{301}e\x{301}e\x{301}e\x{301}e\x{301}e\x{301}e\x{301}e\x{301}e\x{301}e\x{301}e\x{301}e\x{301} e\x{301} e\x{301}e\x{301}e\x{301}e\x{301}e\x{301}e\x{301}e\x{301}e\x{301}e\x{301}e\x{301}e\x{301}e\x{301}e\x{301}e\x{301}e\x{301}e\x{301}e\x{301}e\x{301}e\x{301}e\x{301}e\x{301}e\x{301}e\x{301}e\x{301}e\x{301}e\x{301}e\x{301}e\x{301}e\x{301}e\x{301}e\x{301}e\x{301}e\x{301}e\x{301}e\x{301}e\x{301}e\x{301}e\x{301}e\x{301}e\x{301}e\x{301}e\x{301}e\x{301} e\x{301}e\x{301}e\x{301}e\x{301}e\x{301}e\x{301}e\x{301}e\x{301}e\x{301}e\x{301}e\x{301}e\x{301}e\x{301}e\x{301}e\x{301}e\x{301}e\x{301}e\x{301}e\x{301}e\x{301}e\x{301}e\x{301}e\x{301}e\x{301}e\x{301}e\x{301}e\x{301}e\x{301}e\x{301}e\x{301} e\x{301}e\x{301}e\x{301}e\x{301}e\x{301}e\x{301}e\x{301}e\x{301}e\x{301}e\x{301}e\x{301}e\x{301}e\x{301}e\x{301}e\x{301}e\x{301}e\x{301}e\x{301}e\x{301}e\x{301}e\x{301}e\x{301}"
          text run at (924,5616) width 0: " "
          text run at (0,5632) width 924: "e\x{301}e\x{301}e\x{301}e\x{301}e\x{301}e\x{301}e\x{301}e\x{301}e\x{301}e\x{301}e\x{301}e\x{301}e\x{301}e\x{301}e\x{301}e\x{301}e\x{301}e\x{301}e\x{301}e\x{301}e\x{301}e\x{301}e\x{301}e\x{301}e\x{301}e\x{301}e\x{301}e\x{301}e\x{301}e\x{301}e\x{301}e\x{301} e\x{301} e\x{301}e\x{301}e\x{301}e\x{301}e\x{301}e\x{301}e\x{301}e\x{301}e\x{301}e\x{301}e\x{301}e\x{301}e\x{301}e\x{301}e\x{301}e\x{301}e\x{301}e\x{301}e\x{301}e\x{301}e\x{301}e\x{301}e\x{301}e\x{301}e\x{301}e\x{301}e\x{301}e\x{301}e\x{301}e\x{301}e\x{301}e\x{301}e\x{301}e\x{301}e\x{301}e\x{301}e\x{301}e\x{301}e\x{301}e\x{301}e\x{301}e\x{301}e\x{301} e\x{301}e\x{301}e\x{301}e\x{301}e\x{301}e\x{301}e\x{301}e\x{301}e\x{301}e\x{301}e\x{301}e\x{301}e\x{301}e\x{301}e\x{301}e\x{301}e\x{301}e\x{301}e\x{301}e\x{301}e\x{301}e\x{301}e\x{301}e\x{301}e\x{301}e\x{301}e\x{301}e\x{301}e\x{301}e\x{301} e\x{301}e\x{301}e\x{301}e\x{301}e\x{301}e\x{301}e\x{301}e\x{301}e\x{301}e\x{301}e\x{301}e\x{301}e\x{301}e\x{301}e\x{301}e\x{301}e\x{301}e\x{301}e\x{301}e\x{301}e\x{301}e\x{301}"
          text run at (924,5632) width 0: " "
          text run at (0,5648) width 924: "e\x{301}e\x{301}e\x{301}e\x{301}e\x{301}e\x{301}e\x{301}e\x{301}e\x{301}e\x{301}e\x{301}e\x{301}e\x{301}e\x{301}e\x{301}e\x{301}e\x{301}e\x{301}e\x{301}e\x{301}e\x{301}e\x{301}e\x{301}e\x{301}e\x{301}e\x{301}e\x{301}e\x{301}e\x{301}e\x{301}e\x{301}e\x{301} e\x{301} e\x{301}e\x{301}e\x{301}e\x{301}e\x{301}e\x{301}e\x{301}e\x{301}e\x{301}e\x{301}e\x{301}e\x{301}e\x{301}e\x{301}e\x{301}e\x{301}e\x{301}e\x{301}e\x{301}e\x{301}e\x{301}e\x{301}e\x{301}e\x{301}e\x{301}e\x{301}e\x{301}e\x{301}e\x{301}e\x{301}e\x{301}e\x{301}e\x{301}e\x{301}e\x{301}e\x{301}e\x{301}e\x{301}e\x{301}e\x{301}e\x{301}e\x{301}e\x{301} e\x{301}e\x{301}e\x{301}e\x{301}e\x{301}e\x{301}e\x{301}e\x{301}e\x{301}e\x{301}e\x{301}e\x{301}e\x{301}e\x{301}e\x{301}e\x{301}e\x{301}e\x{301}e\x{301}e\x{301}e\x{301}e\x{301}e\x{301}e\x{301}e\x{301}e\x{301}e\x{301}e\x{301}e\x{301}e\x{301} e\x{301}e\x{301}e\x{301}e\x{301}e\x{301}e\x{301}e\x{301}e\x{301}e\x{301}e\x{301}e\x{301}e\x{301}e\x{301}e\x{301}e\x{301}e\x{301}e\x{301}e\x{301}e\x{301}e\x{301}e\x{301}e\x{301}"
          text run at (924,5648) width 0: " "
          text run at (0,5664) width 924: "e\x{301}e\x{301}e\x{301}e\x{301}e\x{301}e\x{301}e\x{301}e\x{301}e\x{301}e\x{301}e\x{301}e\x{301}e\x{301}e\x{301}e\x{301}e\x{301}e\x{301}e\x{301}e\x{301}e\x{301}e\x{301}e\x{301}e\x{301}e\x{301}e\x{301}e\x{301}e\x{301}e\x{301}e\x{301}e\x{301}e\x{301}e\x{301} e\x{301} e\x{301}e\x{301}e\x{301}e\x{301}e\x{301}e\x{301}e\x{301}e\x{301}e\x{301}e\x{301}e\x{301}e\x{301}e\x{301}e\x{301}e\x{301}e\x{301}e\x{301}e\x{301}e\x{301}e\x{301}e\x{301}e\x{301}e\x{301}e\x{301}e\x{301}e\x{301}e\x{301}e\x{301}e\x{301}e\x{301}e\x{301}e\x{301}e\x{301}e\x{301}e\x{301}e\x{301}e\x{301}e\x{301}e\x{301}e\x{301}e\x{301}e\x{301}e\x{301} e\x{301}e\x{301}e\x{301}e\x{301}e\x{301}e\x{301}e\x{301}e\x{301}e\x{301}e\x{301}e\x{301}e\x{301}e\x{301}e\x{301}e\x{301}e\x{301}e\x{301}e\x{301}e\x{301}e\x{301}e\x{301}e\x{301}e\x{301}e\x{301}e\x{301}e\x{301}e\x{301}e\x{301}e\x{301}e\x{301} e\x{301}e\x{301}e\x{301}e\x{301}e\x{301}e\x{301}e\x{301}e\x{301}e\x{301}e\x{301}e\x{301}e\x{301}e\x{301}e\x{301}e\x{301}e\x{301}e\x{301}e\x{301}e\x{301}e\x{301}e\x{301}e\x{301}"
          text run at (924,5664) width 0: " "
          text run at (0,5680) width 924: "e\x{301}e\x{301}e\x{301}e\x{301}e\x{301}e\x{301}e\x{301}e\x{301}e\x{301}e\x{301}e\x{301}e\x{301}e\x{301}e\x{301}e\x{301}e\x{301}e\x{301}e\x{301}e\x{301}e\x{301}e\x{301}e\x{301}e\x{301}e\x{301}e\x{301}e\x{301}e\x{301}e\x{301}e\x{301}e\x{301}e\x{301}e\x{301} e\x{301} e\x{301}e\x{301}e\x{301}e\x{301}e\x{301}e\x{301}e\x{301}e\x{301}e\x{301}e\x{301}e\x{301}e\x{301}e\x{301}e\x{301}e\x{301}e\x{301}e\x{301}e\x{301}e\x{301}e\x{301}e\x{301}e\x{301}e\x{301}e\x{301}e\x{301}e\x{301}e\x{301}e\x{301}e\x{301}e\x{301}e\x{301}e\x{301}e\x{301}e\x{301}e\x{301}e\x{301}e\x{301}e\x{301}e\x{301}e\x{301}e\x{301}e\x{301}e\x{301} e\x{301}e\x{301}e\x{301}e\x{301}e\x{301}e\x{301}e\x{301}e\x{301}e\x{301}e\x{301}e\x{301}e\x{301}e\x{301}e\x{301}e\x{301}e\x{301}e\x{301}e\x{301}e\x{301}e\x{301}e\x{301}e\x{301}e\x{301}e\x{301}e\x{301}e\x{301}e\x{301}e\x{301}e\x{301}e\x{301} e\x{301}e\x{301}e\x{301}e\x{301}e\x{301}e\x{301}e\x{301}e\x{301}e\x{301}e\x{301}e\x{301}e\x{301}e\x{301}e\x{301}e\x{301}e\x{301}e\x{301}e\x{301}e\x{301}e\x{301}e\x{301}e\x{301}"
          text run at (924,5680) width 0: " "
          text run at (0,5696) width 924: "e\x{301}e\x{301}e\x{301}e\x{301}e\x{301}e\x{301}e\x{301}e\x{301}e\x{301}e\x{301}e\x{301}e\x{301}e\x{301}e\x{301}e\x{301}e\x{301}e\x{301}e\x{301}e\x{301}e\x{301}e\x{301}e\x{301}e\x{301}e\x{301}e\x{301}e\x{301}e\x{301}e\x{301}e\x{301}e\x{301}e\x{301}e\x{301} e\x{301} e\x{301}e\x{301}e\x{301}e\x{301}e\x{301}e\x{301}e\x{301}e\x{301}e\x{301}e\x{301}e\x{301}e\x{301}e\x{301}e\x{301}e\x{301}e\x{301}e\x{301}e\x{301}e\x{301}e\x{301}e\x{301}e\x{301}e\x{301}e\x{301}e\x{301}e\x{301}e\x{301}e\x{301}e\x{301}e\x{301}e\x{301}e\x{301}e\x{301}e\x{301}e\x{301}e\x{301}e\x{301}e\x{301}e\x{301}e\x{301}e\x{301}e\x{301}e\x{301} e\x{301}e\x{301}e\x{301}e\x{301}e\x{301}e\x{301}e\x{301}e\x{301}e\x{301}e\x{301}e\x{301}e\x{301}e\x{301}e\x{301}e\x{301}e\x{301}e\x{301}e\x{301}e\x{301}e\x{301}e\x{301}e\x{301}e\x{301}e\x{301}e\x{301}e\x{301}e\x{301}e\x{301}e\x{301}e\x{301} e\x{301}e\x{301}e\x{301}e\x{301}e\x{301}e\x{301}e\x{301}e\x{301}e\x{301}e\x{301}e\x{301}e\x{301}e\x{301}e\x{301}e\x{301}e\x{301}e\x{301}e\x{301}e\x{301}e\x{301}e\x{301}e\x{301}"
          text run at (924,5696) width 0: " "
          text run at (0,5712) width 924: "e\x{301}e\x{301}e\x{301}e\x{301}e\x{301}e\x{301}e\x{301}e\x{301}e\x{301}e\x{301}e\x{301}e\x{301}e\x{301}e\x{301}e\x{301}e\x{301}e\x{301}e\x{301}e\x{301}e\x{301}e\x{301}e\x{301}e\x{301}e\x{301}e\x{301}e\x{301}e\x{301}e\x{301}e\x{301}e\x{301}e\x{301}e\x{301} e\x{301} e\x{301}e\x{301}e\x{301}e\x{301}e\x{301}e\x{301}e\x{301}e\x{301}e\x{301}e\x{301}e\x{301}e\x{301}e\x{301}e\x{301}e\x{301}e\x{301}e\x{301}e\x{301}e\x{301}e\x{301}e\x{301}e\x{301}e\x{301}e\x{301}e\x{301}e\x{301}e\x{301}e\x{301}e\x{301}e\x{301}e\x{301}e\x{301}e\x{301}e\x{301}e\x{301}e\x{301}e\x{301}e\x{301}e\x{301}e\x{301}e\x{301}e\x{301}e\x{301} e\x{301}e\x{301}e\x{301}e\x{301}e\x{301}e\x{301}e\x{301}e\x{301}e\x{301}e\x{301}e\x{301}e\x{301}e\x{301}e\x{301}e\x{301}e\x{301}e\x{301}e\x{301}e\x{301}e\x{301}e\x{301}e\x{301}e\x{301}e\x{301}e\x{301}e\x{301}e\x{301}e\x{301}e\x{301}e\x{301} e\x{301}e\x{301}e\x{301}e\x{301}e\x{301}e\x{301}e\x{301}e\x{301}e\x{301}e\x{301}e\x{301}e\x{301}e\x{301}e\x{301}e\x{301}e\x{301}e\x{301}e\x{301}e\x{301}e\x{301}e\x{301}e\x{301}"
          text run at (924,5712) width 0: " "
          text run at (0,5728) width 924: "e\x{301}e\x{301}e\x{301}e\x{301}e\x{301}e\x{301}e\x{301}e\x{301}e\x{301}e\x{301}e\x{301}e\x{301}e\x{301}e\x{301}e\x{301}e\x{301}e\x{301}e\x{301}e\x{301}e\x{301}e\x{301}e\x{301}e\x{301}e\x{301}e\x{301}e\x{301}e\x{301}e\x{301}e\x{301}e\x{301}e\x{301}e\x{301} e\x{301} e\x{301}e\x{301}e\x{301}e\x{301}e\x{301}e\x{301}e\x{301}e\x{301}e\x{301}e\x{301}e\x{301}e\x{301}e\x{301}e\x{301}e\x{301}e\x{301}e\x{301}e\x{301}e\x{301}e\x{301}e\x{301}e\x{301}e\x{301}e\x{301}e\x{301}e\x{301}e\x{301}e\x{301}e\x{301}e\x{301}e\x{301}e\x{301}e\x{301}e\x{301}e\x{301}e\x{301}e\x{301}e\x{301}e\x{301}e\x{301}e\x{301}e\x{301}e\x{301} e\x{301}e\x{301}e\x{301}e\x{301}e\x{301}e\x{301}e\x{301}e\x{301}e\x{301}e\x{301}e\x{301}e\x{301}e\x{301}e\x{301}e\x{301}e\x{301}e\x{301}e\x{301}e\x{301}e\x{301}e\x{301}e\x{301}e\x{301}e\x{301}e\x{301}e\x{301}e\x{301}e\x{301}e\x{301}e\x{301} e\x{301}e\x{301}e\x{301}e\x{301}e\x{301}e\x{301}e\x{301}e\x{301}e\x{301}e\x{301}e\x{301}e\x{301}e\x{301}e\x{301}e\x{301}e\x{301}e\x{301}e\x{301}e\x{301}e\x{301}e\x{301}e\x{301}"
          text run at (924,5728) width 0: " "
          text run at (0,5744) width 924: "e\x{301}e\x{301}e\x{301}e\x{301}e\x{301}e\x{301}e\x{301}e\x{301}e\x{301}e\x{301}e\x{301}e\x{301}e\x{301}e\x{301}e\x{301}e\x{301}e\x{301}e\x{301}e\x{301}e\x{301}e\x{301}e\x{301}e\x{301}e\x{301}e\x{301}e\x{301}e\x{301}e\x{301}e\x{301}e\x{301}e\x{301}e\x{301} e\x{301} e\x{301}e\x{301}e\x{301}e\x{301}e\x{301}e\x{301}e\x{301}e\x{301}e\x{301}e\x{301}e\x{301}e\x{301}e\x{301}e\x{301}e\x{301}e\x{301}e\x{301}e\x{301}e\x{301}e\x{301}e\x{301}e\x{301}e\x{301}e\x{301}e\x{301}e\x{301}e\x{301}e\x{301}e\x{301}e\x{301}e\x{301}e\x{301}e\x{301}e\x{301}e\x{301}e\x{301}e\x{301}e\x{301}e\x{301}e\x{301}e\x{301}e\x{301}e\x{301} e\x{301}e\x{301}e\x{301}e\x{301}e\x{301}e\x{301}e\x{301}e\x{301}e\x{301}e\x{301}e\x{301}e\x{301}e\x{301}e\x{301}e\x{301}e\x{301}e\x{301}e\x{301}e\x{301}e\x{301}e\x{301}e\x{301}e\x{301}e\x{301}e\x{301}e\x{301}e\x{301}e\x{301}e\x{301}e\x{301} e\x{301}e\x{301}e\x{301}e\x{301}e\x{301}e\x{301}e\x{301}e\x{301}e\x{301}e\x{301}e\x{301}e\x{301}e\x{301}e\x{301}e\x{301}e\x{301}e\x{301}e\x{301}e\x{301}e\x{301}e\x{301}e\x{301}"
          text run at (924,5744) width 0: " "
          text run at (0,5760) width 924: "e\x{301}e\x{301}e\x{301}e\x{301}e\x{301}e\x{301}e\x{301}e\x{301}e\x{301}e\x{301}e\x{301}e\x{301}e\x{301}e\x{301}e\x{301}e\x{301}e\x{301}e\x{301}e\x{301}e\x{301}e\x{301}e\x{301}e\x{301}e\x{301}e\x{301}e\x{301}e\x{301}e\x{301}e\x{301}e\x{301}e\x{301}e\x{301} e\x{301} e\x{301}e\x{301}e\x{301}e\x{301}e\x{301}e\x{301}e\x{301}e\x{301}e\x{301}e\x{301}e\x{301}e\x{301}e\x{301}e\x{301}e\x{301}e\x{301}e\x{301}e\x{301}e\x{301}e\x{301}e\x{301}e\x{301}e\x{301}e\x{301}e\x{301}e\x{301}e\x{301}e\x{301}e\x{301}e\x{301}e\x{301}e\x{301}e\x{301}e\x{301}e\x{301}e\x{301}e\x{301}e\x{301}e\x{301}e\x{301}e\x{301}e\x{301}e\x{301} e\x{301}e\x{301}e\x{301}e\x{301}e\x{301}e\x{301}e\x{301}e\x{301}e\x{301}e\x{301}e\x{301}e\x{301}e\x{301}e\x{301}e\x{301}e\x{301}e\x{301}e\x{301}e\x{301}e\x{301}e\x{301}e\x{301}e\x{301}e\x{301}e\x{301}e\x{301}e\x{301}e\x{301}e\x{301}e\x{301} e\x{301}e\x{301}e\x{301}e\x{301}e\x{301}e\x{301}e\x{301}e\x{301}e\x{301}e\x{301}e\x{301}e\x{301}e\x{301}e\x{301}e\x{301}e\x{301}e\x{301}e\x{301}e\x{301}e\x{301}e\x{301}e\x{301}"
          text run at (924,5760) width 0: " "
          text run at (0,5776) width 924: "e\x{301}e\x{301}e\x{301}e\x{301}e\x{301}e\x{301}e\x{301}e\x{301}e\x{301}e\x{301}e\x{301}e\x{301}e\x{301}e\x{301}e\x{301}e\x{301}e\x{301}e\x{301}e\x{301}e\x{301}e\x{301}e\x{301}e\x{301}e\x{301}e\x{301}e\x{301}e\x{301}e\x{301}e\x{301}e\x{301}e\x{301}e\x{301} e\x{301} e\x{301}e\x{301}e\x{301}e\x{301}e\x{301}e\x{301}e\x{301}e\x{301}e\x{301}e\x{301}e\x{301}e\x{301}e\x{301}e\x{301}e\x{301}e\x{301}e\x{301}e\x{301}e\x{301}e\x{301}e\x{301}e\x{301}e\x{301}e\x{301}e\x{301}e\x{301}e\x{301}e\x{301}e\x{301}e\x{301}e\x{301}e\x{301}e\x{301}e\x{301}e\x{301}e\x{301}e\x{301}e\x{301}e\x{301}e\x{301}e\x{301}e\x{301}e\x{301} e\x{301}e\x{301}e\x{301}e\x{301}e\x{301}e\x{301}e\x{301}e\x{301}e\x{301}e\x{301}e\x{301}e\x{301}e\x{301}e\x{301}e\x{301}e\x{301}e\x{301}e\x{301}e\x{301}e\x{301}e\x{301}e\x{301}e\x{301}e\x{301}e\x{301}e\x{301}e\x{301}e\x{301}e\x{301}e\x{301} e\x{301}e\x{301}e\x{301}e\x{301}e\x{301}e\x{301}e\x{301}e\x{301}e\x{301}e\x{301}e\x{301}e\x{301}e\x{301}e\x{301}e\x{301}e\x{301}e\x{301}e\x{301}e\x{301}e\x{301}e\x{301}e\x{301}"
          text run at (924,5776) width 0: " "
          text run at (0,5792) width 924: "e\x{301}e\x{301}e\x{301}e\x{301}e\x{301}e\x{301}e\x{301}e\x{301}e\x{301}e\x{301}e\x{301}e\x{301}e\x{301}e\x{301}e\x{301}e\x{301}e\x{301}e\x{301}e\x{301}e\x{301}e\x{301}e\x{301}e\x{301}e\x{301}e\x{301}e\x{301}e\x{301}e\x{301}e\x{301}e\x{301}e\x{301}e\x{301} e\x{301} e\x{301}e\x{301}e\x{301}e\x{301}e\x{301}e\x{301}e\x{301}e\x{301}e\x{301}e\x{301}e\x{301}e\x{301}e\x{301}e\x{301}e\x{301}e\x{301}e\x{301}e\x{301}e\x{301}e\x{301}e\x{301}e\x{301}e\x{301}e\x{301}e\x{301}e\x{301}e\x{301}e\x{301}e\x{301}e\x{301}e\x{301}e\x{301}e\x{301}e\x{301}e\x{301}e\x{301}e\x{301}e\x{301}e\x{301}e\x{301}e\x{301}e\x{301}e\x{301} e\x{301}e\x{301}e\x{301}e\x{301}e\x{301}e\x{301}e\x{301}e\x{301}e\x{301}e\x{301}e\x{301}e\x{301}e\x{301}e\x{301}e\x{301}e\x{301}e\x{301}e\x{301}e\x{301}e\x{301}e\x{301}e\x{301}e\x{301}e\x{301}e\x{301}e\x{301}e\x{301}e\x{301}e\x{301}e\x{301} e\x{301}e\x{301}e\x{301}e\x{301}e\x{301}e\x{301}e\x{301}e\x{301}e\x{301}e\x{301}e\x{301}e\x{301}e\x{301}e\x{301}e\x{301}e\x{301}e\x{301}e\x{301}e\x{301}e\x{301}e\x{301}e\x{301}"
          text run at (924,5792) width 0: " "
          text run at (0,5808) width 924: "e\x{301}e\x{301}e\x{301}e\x{301}e\x{301}e\x{301}e\x{301}e\x{301}e\x{301}e\x{301}e\x{301}e\x{301}e\x{301}e\x{301}e\x{301}e\x{301}e\x{301}e\x{301}e\x{301}e\x{301}e\x{301}e\x{301}e\x{301}e\x{301}e\x{301}e\x{301}e\x{301}e\x{301}e\x{301}e\x{301}e\x{301}e\x{301} e\x{301} e\x{301}e\x{301}e\x{301}e\x{301}e\x{301}e\x{301}e\x{301}e\x{301}e\x{301}e\x{301}e\x{301}e\x{301}e\x{301}e\x{301}e\x{301}e\x{301}e\x{301}e\x{301}e\x{301}e\x{301}e\x{301}e\x{301}e\x{301}e\x{301}e\x{301}e\x{301}e\x{301}e\x{301}e\x{301}e\x{301}e\x{301}e\x{301}e\x{301}e\x{301}e\x{301}e\x{301}e\x{301}e\x{301}e\x{301}e\x{301}e\x{301}e\x{301}e\x{301} e\x{301}e\x{301}e\x{301}e\x{301}e\x{301}e\x{301}e\x{301}e\x{301}e\x{301}e\x{301}e\x{301}e\x{301}e\x{301}e\x{301}e\x{301}e\x{301}e\x{301}e\x{301}e\x{301}e\x{301}e\x{301}e\x{301}e\x{301}e\x{301}e\x{301}e\x{301}e\x{301}e\x{301}e\x{301}e\x{301} e\x{301}e\x{301}e\x{301}e\x{301}e\x{301}e\x{301}e\x{301}e\x{301}e\x{301}e\x{301}e\x{301}e\x{301}e\x{301}e\x{301}e\x{301}e\x{301}e\x{301}e\x{301}e\x{301}e\x{301}e\x{301}e\x{301}"
          text run at (924,5808) width 0: " "
          text run at (0,5824) width 924: "e\x{301}e\x{301}e\x{301}e\x{301}e\x{301}e\x{301}e\x{301}e\x{301}e\x{301}e\x{301}e\x{301}e\x{301}e\x{301}e\x{301}e\x{301}e\x{301}e\x{301}e\x{301}e\x{301}e\x{301}e\x{301}e\x{301}e\x{301}e\x{301}e\x{301}e\x{301}e\x{301}e\x{301}e\x{301}e\x{301}e\x{301}e\x{301} e\x{301} e\x{301}e\x{301}e\x{301}e\x{301}e\x{301}e\x{301}e\x{301}e\x{301}e\x{301}e\x{301}e\x{301}e\x{301}e\x{301}e\x{301}e\x{301}e\x{301}e\x{301}e\x{301}e\x{301}e\x{301}e\x{301}e\x{301}e\x{301}e\x{301}e\x{301}e\x{301}e\x{301}e\x{301}e\x{301}e\x{301}e\x{301}e\x{301}e\x{301}e\x{301}e\x{301}e\x{301}e\x{301}e\x{301}e\x{301}e\x{301}e\x{301}e\x{301}e\x{301} e\x{301}e\x{301}e\x{301}e\x{301}e\x{301}e\x{301}e\x{301}e\x{301}e\x{301}e\x{301}e\x{301}e\x{301}e\x{301}e\x{301}e\x{301}e\x{301}e\x{301}e\x{301}e\x{301}e\x{301}e\x{301}e\x{301}e\x{301}e\x{301}e\x{301}e\x{301}e\x{301}e\x{301}e\x{301}e\x{301} e\x{301}e\x{301}e\x{301}e\x{301}e\x{301}e\x{301}e\x{301}e\x{301}e\x{301}e\x{301}e\x{301}e\x{301}e\x{301}e\x{301}e\x{301}e\x{301}e\x{301}e\x{301}e\x{301}e\x{301}e\x{301}e\x{301}"
          text run at (924,5824) width 0: " "
          text run at (0,5840) width 924: "e\x{301}e\x{301}e\x{301}e\x{301}e\x{301}e\x{301}e\x{301}e\x{301}e\x{301}e\x{301}e\x{301}e\x{301}e\x{301}e\x{301}e\x{301}e\x{301}e\x{301}e\x{301}e\x{301}e\x{301}e\x{301}e\x{301}e\x{301}e\x{301}e\x{301}e\x{301}e\x{301}e\x{301}e\x{301}e\x{301}e\x{301}e\x{301} e\x{301} e\x{301}e\x{301}e\x{301}e\x{301}e\x{301}e\x{301}e\x{301}e\x{301}e\x{301}e\x{301}e\x{301}e\x{301}e\x{301}e\x{301}e\x{301}e\x{301}e\x{301}e\x{301}e\x{301}e\x{301}e\x{301}e\x{301}e\x{301}e\x{301}e\x{301}e\x{301}e\x{301}e\x{301}e\x{301}e\x{301}e\x{301}e\x{301}e\x{301}e\x{301}e\x{301}e\x{301}e\x{301}e\x{301}e\x{301}e\x{301}e\x{301}e\x{301}e\x{301} e\x{301}e\x{301}e\x{301}e\x{301}e\x{301}e\x{301}e\x{301}e\x{301}e\x{301}e\x{301}e\x{301}e\x{301}e\x{301}e\x{301}e\x{301}e\x{301}e\x{301}e\x{301}e\x{301}e\x{301}e\x{301}e\x{301}e\x{301}e\x{301}e\x{301}e\x{301}e\x{301}e\x{301}e\x{301}e\x{301} e\x{301}e\x{301}e\x{301}e\x{301}e\x{301}e\x{301}e\x{301}e\x{301}e\x{301}e\x{301}e\x{301}e\x{301}e\x{301}e\x{301}e\x{301}e\x{301}e\x{301}e\x{301}e\x{301}e\x{301}e\x{301}e\x{301}"
          text run at (924,5840) width 0: " "
          text run at (0,5856) width 924: "e\x{301}e\x{301}e\x{301}e\x{301}e\x{301}e\x{301}e\x{301}e\x{301}e\x{301}e\x{301}e\x{301}e\x{301}e\x{301}e\x{301}e\x{301}e\x{301}e\x{301}e\x{301}e\x{301}e\x{301}e\x{301}e\x{301}e\x{301}e\x{301}e\x{301}e\x{301}e\x{301}e\x{301}e\x{301}e\x{301}e\x{301}e\x{301} e\x{301} e\x{301}e\x{301}e\x{301}e\x{301}e\x{301}e\x{301}e\x{301}e\x{301}e\x{301}e\x{301}e\x{301}e\x{301}e\x{301}e\x{301}e\x{301}e\x{301}e\x{301}e\x{301}e\x{301}e\x{301}e\x{301}e\x{301}e\x{301}e\x{301}e\x{301}e\x{301}e\x{301}e\x{301}e\x{301}e\x{301}e\x{301}e\x{301}e\x{301}e\x{301}e\x{301}e\x{301}e\x{301}e\x{301}e\x{301}e\x{301}e\x{301}e\x{301}e\x{301} e\x{301}e\x{301}e\x{301}e\x{301}e\x{301}e\x{301}e\x{301}e\x{301}e\x{301}e\x{301}e\x{301}e\x{301}e\x{301}e\x{301}e\x{301}e\x{301}e\x{301}e\x{301}e\x{301}e\x{301}e\x{301}e\x{301}e\x{301}e\x{301}e\x{301}e\x{301}e\x{301}e\x{301}e\x{301}e\x{301} e\x{301}e\x{301}e\x{301}e\x{301}e\x{301}e\x{301}e\x{301}e\x{301}e\x{301}e\x{301}e\x{301}e\x{301}e\x{301}e\x{301}e\x{301}e\x{301}e\x{301}e\x{301}e\x{301}e\x{301}e\x{301}e\x{301}"
          text run at (924,5856) width 0: " "
          text run at (0,5872) width 924: "e\x{301}e\x{301}e\x{301}e\x{301}e\x{301}e\x{301}e\x{301}e\x{301}e\x{301}e\x{301}e\x{301}e\x{301}e\x{301}e\x{301}e\x{301}e\x{301}e\x{301}e\x{301}e\x{301}e\x{301}e\x{301}e\x{301}e\x{301}e\x{301}e\x{301}e\x{301}e\x{301}e\x{301}e\x{301}e\x{301}e\x{301}e\x{301} e\x{301} e\x{301}e\x{301}e\x{301}e\x{301}e\x{301}e\x{301}e\x{301}e\x{301}e\x{301}e\x{301}e\x{301}e\x{301}e\x{301}e\x{301}e\x{301}e\x{301}e\x{301}e\x{301}e\x{301}e\x{301}e\x{301}e\x{301}e\x{301}e\x{301}e\x{301}e\x{301}e\x{301}e\x{301}e\x{301}e\x{301}e\x{301}e\x{301}e\x{301}e\x{301}e\x{301}e\x{301}e\x{301}e\x{301}e\x{301}e\x{301}e\x{301}e\x{301}e\x{301} e\x{301}e\x{301}e\x{301}e\x{301}e\x{301}e\x{301}e\x{301}e\x{301}e\x{301}e\x{301}e\x{301}e\x{301}e\x{301}e\x{301}e\x{301}e\x{301}e\x{301}e\x{301}e\x{301}e\x{301}e\x{301}e\x{301}e\x{301}e\x{301}e\x{301}e\x{301}e\x{301}e\x{301}e\x{301}e\x{301} e\x{301}e\x{301}e\x{301}e\x{301}e\x{301}e\x{301}e\x{301}e\x{301}e\x{301}e\x{301}e\x{301}e\x{301}e\x{301}e\x{301}e\x{301}e\x{301}e\x{301}e\x{301}e\x{301}e\x{301}e\x{301}e\x{301}"
          text run at (924,5872) width 0: " "
          text run at (0,5888) width 924: "e\x{301}e\x{301}e\x{301}e\x{301}e\x{301}e\x{301}e\x{301}e\x{301}e\x{301}e\x{301}e\x{301}e\x{301}e\x{301}e\x{301}e\x{301}e\x{301}e\x{301}e\x{301}e\x{301}e\x{301}e\x{301}e\x{301}e\x{301}e\x{301}e\x{301}e\x{301}e\x{301}e\x{301}e\x{301}e\x{301}e\x{301}e\x{301} e\x{301} e\x{301}e\x{301}e\x{301}e\x{301}e\x{301}e\x{301}e\x{301}e\x{301}e\x{301}e\x{301}e\x{301}e\x{301}e\x{301}e\x{301}e\x{301}e\x{301}e\x{301}e\x{301}e\x{301}e\x{301}e\x{301}e\x{301}e\x{301}e\x{301}e\x{301}e\x{301}e\x{301}e\x{301}e\x{301}e\x{301}e\x{301}e\x{301}e\x{301}e\x{301}e\x{301}e\x{301}e\x{301}e\x{301}e\x{301}e\x{301}e\x{301}e\x{301}e\x{301} e\x{301}e\x{301}e\x{301}e\x{301}e\x{301}e\x{301}e\x{301}e\x{301}e\x{301}e\x{301}e\x{301}e\x{301}e\x{301}e\x{301}e\x{301}e\x{301}e\x{301}e\x{301}e\x{301}e\x{301}e\x{301}e\x{301}e\x{301}e\x{301}e\x{301}e\x{301}e\x{301}e\x{301}e\x{301}e\x{301} e\x{301}e\x{301}e\x{301}e\x{301}e\x{301}e\x{301}e\x{301}e\x{301}e\x{301}e\x{301}e\x{301}e\x{301}e\x{301}e\x{301}e\x{301}e\x{301}e\x{301}e\x{301}e\x{301}e\x{301}e\x{301}e\x{301}"
          text run at (924,5888) width 0: " "
          text run at (0,5904) width 924: "e\x{301}e\x{301}e\x{301}e\x{301}e\x{301}e\x{301}e\x{301}e\x{301}e\x{301}e\x{301}e\x{301}e\x{301}e\x{301}e\x{301}e\x{301}e\x{301}e\x{301}e\x{301}e\x{301}e\x{301}e\x{301}e\x{301}e\x{301}e\x{301}e\x{301}e\x{301}e\x{301}e\x{301}e\x{301}e\x{301}e\x{301}e\x{301} e\x{301} e\x{301}e\x{301}e\x{301}e\x{301}e\x{301}e\x{301}e\x{301}e\x{301}e\x{301}e\x{301}e\x{301}e\x{301}e\x{301}e\x{301}e\x{301}e\x{301}e\x{301}e\x{301}e\x{301}e\x{301}e\x{301}e\x{301}e\x{301}e\x{301}e\x{301}e\x{301}e\x{301}e\x{301}e\x{301}e\x{301}e\x{301}e\x{301}e\x{301}e\x{301}e\x{301}e\x{301}e\x{301}e\x{301}e\x{301}e\x{301}e\x{301}e\x{301}e\x{301} e\x{301}e\x{301}e\x{301}e\x{301}e\x{301}e\x{301}e\x{301}e\x{301}e\x{301}e\x{301}e\x{301}e\x{301}e\x{301}e\x{301}e\x{301}e\x{301}e\x{301}e\x{301}e\x{301}e\x{301}e\x{301}e\x{301}e\x{301}e\x{301}e\x{301}e\x{301}e\x{301}e\x{301}e\x{301}e\x{301} e\x{301}e\x{301}e\x{301}e\x{301}e\x{301}e\x{301}e\x{301}e\x{301}e\x{301}e\x{301}e\x{301}e\x{301}e\x{301}e\x{301}e\x{301}e\x{301}e\x{301}e\x{301}e\x{301}e\x{301}e\x{301}e\x{301}"
          text run at (924,5904) width 0: " "
          text run at (0,5920) width 924: "e\x{301}e\x{301}e\x{301}e\x{301}e\x{301}e\x{301}e\x{301}e\x{301}e\x{301}e\x{301}e\x{301}e\x{301}e\x{301}e\x{301}e\x{301}e\x{301}e\x{301}e\x{301}e\x{301}e\x{301}e\x{301}e\x{301}e\x{301}e\x{301}e\x{301}e\x{301}e\x{301}e\x{301}e\x{301}e\x{301}e\x{301}e\x{301} e\x{301} e\x{301}e\x{301}e\x{301}e\x{301}e\x{301}e\x{301}e\x{301}e\x{301}e\x{301}e\x{301}e\x{301}e\x{301}e\x{301}e\x{301}e\x{301}e\x{301}e\x{301}e\x{301}e\x{301}e\x{301}e\x{301}e\x{301}e\x{301}e\x{301}e\x{301}e\x{301}e\x{301}e\x{301}e\x{301}e\x{301}e\x{301}e\x{301}e\x{301}e\x{301}e\x{301}e\x{301}e\x{301}e\x{301}e\x{301}e\x{301}e\x{301}e\x{301}e\x{301} e\x{301}e\x{301}e\x{301}e\x{301}e\x{301}e\x{301}e\x{301}e\x{301}e\x{301}e\x{301}e\x{301}e\x{301}e\x{301}e\x{301}e\x{301}e\x{301}e\x{301}e\x{301}e\x{301}e\x{301}e\x{301}e\x{301}e\x{301}e\x{301}e\x{301}e\x{301}e\x{301}e\x{301}e\x{301}e\x{301} e\x{301}e\x{301}e\x{301}e\x{301}e\x{301}e\x{301}e\x{301}e\x{301}e\x{301}e\x{301}e\x{301}e\x{301}e\x{301}e\x{301}e\x{301}e\x{301}e\x{301}e\x{301}e\x{301}e\x{301}e\x{301}e\x{301}"
          text run at (924,5920) width 0: " "
          text run at (0,5936) width 924: "e\x{301}e\x{301}e\x{301}e\x{301}e\x{301}e\x{301}e\x{301}e\x{301}e\x{301}e\x{301}e\x{301}e\x{301}e\x{301}e\x{301}e\x{301}e\x{301}e\x{301}e\x{301}e\x{301}e\x{301}e\x{301}e\x{301}e\x{301}e\x{301}e\x{301}e\x{301}e\x{301}e\x{301}e\x{301}e\x{301}e\x{301}e\x{301} e\x{301} e\x{301}e\x{301}e\x{301}e\x{301}e\x{301}e\x{301}e\x{301}e\x{301}e\x{301}e\x{301}e\x{301}e\x{301}e\x{301}e\x{301}e\x{301}e\x{301}e\x{301}e\x{301}e\x{301}e\x{301}e\x{301}e\x{301}e\x{301}e\x{301}e\x{301}e\x{301}e\x{301}e\x{301}e\x{301}e\x{301}e\x{301}e\x{301}e\x{301}e\x{301}e\x{301}e\x{301}e\x{301}e\x{301}e\x{301}e\x{301}e\x{301}e\x{301}e\x{301} e\x{301}e\x{301}e\x{301}e\x{301}e\x{301}e\x{301}e\x{301}e\x{301}e\x{301}e\x{301}e\x{301}e\x{301}e\x{301}e\x{301}e\x{301}e\x{301}e\x{301}e\x{301}e\x{301}e\x{301}e\x{301}e\x{301}e\x{301}e\x{301}e\x{301}e\x{301}e\x{301}e\x{301}e\x{301}e\x{301} e\x{301}e\x{301}e\x{301}e\x{301}e\x{301}e\x{301}e\x{301}e\x{301}e\x{301}e\x{301}e\x{301}e\x{301}e\x{301}e\x{301}e\x{301}e\x{301}e\x{301}e\x{301}e\x{301}e\x{301}e\x{301}e\x{301}"
          text run at (924,5936) width 0: " "
          text run at (0,5952) width 924: "e\x{301}e\x{301}e\x{301}e\x{301}e\x{301}e\x{301}e\x{301}e\x{301}e\x{301}e\x{301}e\x{301}e\x{301}e\x{301}e\x{301}e\x{301}e\x{301}e\x{301}e\x{301}e\x{301}e\x{301}e\x{301}e\x{301}e\x{301}e\x{301}e\x{301}e\x{301}e\x{301}e\x{301}e\x{301}e\x{301}e\x{301}e\x{301} e\x{301} e\x{301}e\x{301}e\x{301}e\x{301}e\x{301}e\x{301}e\x{301}e\x{301}e\x{301}e\x{301}e\x{301}e\x{301}e\x{301}e\x{301}e\x{301}e\x{301}e\x{301}e\x{301}e\x{301}e\x{301}e\x{301}e\x{301}e\x{301}e\x{301}e\x{301}e\x{301}e\x{301}e\x{301}e\x{301}e\x{301}e\x{301}e\x{301}e\x{301}e\x{301}e\x{301}e\x{301}e\x{301}e\x{301}e\x{301}e\x{301}e\x{301}e\x{301}e\x{301} e\x{301}e\x{301}e\x{301}e\x{301}e\x{301}e\x{301}e\x{301}e\x{301}e\x{301}e\x{301}e\x{301}e\x{301}e\x{301}e\x{301}e\x{301}e\x{301}e\x{301}e\x{301}e\x{301}e\x{301}e\x{301}e\x{301}e\x{301}e\x{301}e\x{301}e\x{301}e\x{301}e\x{301}e\x{301}e\x{301} e\x{301}e\x{301}e\x{301}e\x{301}e\x{301}e\x{301}e\x{301}e\x{301}e\x{301}e\x{301}e\x{301}e\x{301}e\x{301}e\x{301}e\x{301}e\x{301}e\x{301}e\x{301}e\x{301}e\x{301}e\x{301}e\x{301}"
          text run at (924,5952) width 0: " "
          text run at (0,5968) width 924: "e\x{301}e\x{301}e\x{301}e\x{301}e\x{301}e\x{301}e\x{301}e\x{301}e\x{301}e\x{301}e\x{301}e\x{301}e\x{301}e\x{301}e\x{301}e\x{301}e\x{301}e\x{301}e\x{301}e\x{301}e\x{301}e\x{301}e\x{301}e\x{301}e\x{301}e\x{301}e\x{301}e\x{301}e\x{301}e\x{301}e\x{301}e\x{301} e\x{301} e\x{301}e\x{301}e\x{301}e\x{301}e\x{301}e\x{301}e\x{301}e\x{301}e\x{301}e\x{301}e\x{301}e\x{301}e\x{301}e\x{301}e\x{301}e\x{301}e\x{301}e\x{301}e\x{301}e\x{301}e\x{301}e\x{301}e\x{301}e\x{301}e\x{301}e\x{301}e\x{301}e\x{301}e\x{301}e\x{301}e\x{301}e\x{301}e\x{301}e\x{301}e\x{301}e\x{301}e\x{301}e\x{301}e\x{301}e\x{301}e\x{301}e\x{301}e\x{301} e\x{301}e\x{301}e\x{301}e\x{301}e\x{301}e\x{301}e\x{301}e\x{301}e\x{301}e\x{301}e\x{301}e\x{301}e\x{301}e\x{301}e\x{301}e\x{301}e\x{301}e\x{301}e\x{301}e\x{301}e\x{301}e\x{301}e\x{301}e\x{301}e\x{301}e\x{301}e\x{301}e\x{301}e\x{301}e\x{301} e\x{301}e\x{301}e\x{301}e\x{301}e\x{301}e\x{301}e\x{301}e\x{301}e\x{301}e\x{301}e\x{301}e\x{301}e\x{301}e\x{301}e\x{301}e\x{301}e\x{301}e\x{301}e\x{301}e\x{301}e\x{301}e\x{301}"
          text run at (924,5968) width 0: " "
          text run at (0,5984) width 924: "e\x{301}e\x{301}e\x{301}e\x{301}e\x{301}e\x{301}e\x{301}e\x{301}e\x{301}e\x{301}e\x{301}e\x{301}e\x{301}e\x{301}e\x{301}e\x{301}e\x{301}e\x{301}e\x{301}e\x{301}e\x{301}e\x{301}e\x{301}e\x{301}e\x{301}e\x{301}e\x{301}e\x{301}e\x{301}e\x{301}e\x{301}e\x{301} e\x{301} e\x{301}e\x{301}e\x{301}e\x{301}e\x{301}e\x{301}e\x{301}e\x{301}e\x{301}e\x{301}e\x{301}e\x{301}e\x{301}e\x{301}e\x{301}e\x{301}e\x{301}e\x{301}e\x{301}e\x{301}e\x{301}e\x{301}e\x{301}e\x{301}e\x{301}e\x{301}e\x{301}e\x{301}e\x{301}e\x{301}e\x{301}e\x{301}e\x{301}e\x{301}e\x{301}e\x{301}e\x{301}e\x{301}e\x{301}e\x{301}e\x{301}e\x{301}e\x{301} e\x{301}e\x{301}e\x{301}e\x{301}e\x{301}e\x{301}e\x{301}e\x{301}e\x{301}e\x{301}e\x{301}e\x{301}e\x{301}e\x{301}e\x{301}e\x{301}e\x{301}e\x{301}e\x{301}e\x{301}e\x{301}e\x{301}e\x{301}e\x{301}e\x{301}e\x{301}e\x{301}e\x{301}e\x{301}e\x{301} e\x{301}e\x{301}e\x{301}e\x{301}e\x{301}e\x{301}e\x{301}e\x{301}e\x{301}e\x{301}e\x{301}e\x{301}e\x{301}e\x{301}e\x{301}e\x{301}e\x{301}e\x{301}e\x{301}e\x{301}e\x{301}e\x{301}"
          text run at (924,5984) width 0: " "
          text run at (0,6000) width 924: "e\x{301}e\x{301}e\x{301}e\x{301}e\x{301}e\x{301}e\x{301}e\x{301}e\x{301}e\x{301}e\x{301}e\x{301}e\x{301}e\x{301}e\x{301}e\x{301}e\x{301}e\x{301}e\x{301}e\x{301}e\x{301}e\x{301}e\x{301}e\x{301}e\x{301}e\x{301}e\x{301}e\x{301}e\x{301}e\x{301}e\x{301}e\x{301} e\x{301} e\x{301}e\x{301}e\x{301}e\x{301}e\x{301}e\x{301}e\x{301}e\x{301}e\x{301}e\x{301}e\x{301}e\x{301}e\x{301}e\x{301}e\x{301}e\x{301}e\x{301}e\x{301}e\x{301}e\x{301}e\x{301}e\x{301}e\x{301}e\x{301}e\x{301}e\x{301}e\x{301}e\x{301}e\x{301}e\x{301}e\x{301}e\x{301}e\x{301}e\x{301}e\x{301}e\x{301}e\x{301}e\x{301}e\x{301}e\x{301}e\x{301}e\x{301}e\x{301} e\x{301}e\x{301}e\x{301}e\x{301}e\x{301}e\x{301}e\x{301}e\x{301}e\x{301}e\x{301}e\x{301}e\x{301}e\x{301}e\x{301}e\x{301}e\x{301}e\x{301}e\x{301}e\x{301}e\x{301}e\x{301}e\x{301}e\x{301}e\x{301}e\x{301}e\x{301}e\x{301}e\x{301}e\x{301}e\x{301} e\x{301}e\x{301}e\x{301}e\x{301}e\x{301}e\x{301}e\x{301}e\x{301}e\x{301}e\x{301}e\x{301}e\x{301}e\x{301}e\x{301}e\x{301}e\x{301}e\x{301}e\x{301}e\x{301}e\x{301}e\x{301}e\x{301}"
          text run at (924,6000) width 0: " "
          text run at (0,6016) width 924: "e\x{301}e\x{301}e\x{301}e\x{301}e\x{301}e\x{301}e\x{301}e\x{301}e\x{301}e\x{301}e\x{301}e\x{301}e\x{301}e\x{301}e\x{301}e\x{301}e\x{301}e\x{301}e\x{301}e\x{301}e\x{301}e\x{301}e\x{301}e\x{301}e\x{301}e\x{301}e\x{301}e\x{301}e\x{301}e\x{301}e\x{301}e\x{301} e\x{301} e\x{301}e\x{301}e\x{301}e\x{301}e\x{301}e\x{301}e\x{301}e\x{301}e\x{301}e\x{301}e\x{301}e\x{301}e\x{301}e\x{301}e\x{301}e\x{301}e\x{301}e\x{301}e\x{301}e\x{301}e\x{301}e\x{301}e\x{301}e\x{301}e\x{301}e\x{301}e\x{301}e\x{301}e\x{301}e\x{301}e\x{301}e\x{301}e\x{301}e\x{301}e\x{301}e\x{301}e\x{301}e\x{301}e\x{301}e\x{301}e\x{301}e\x{301}e\x{301} e\x{301}e\x{301}e\x{301}e\x{301}e\x{301}e\x{301}e\x{301}e\x{301}e\x{301}e\x{301}e\x{301}e\x{301}e\x{301}e\x{301}e\x{301}e\x{301}e\x{301}e\x{301}e\x{301}e\x{301}e\x{301}e\x{301}e\x{301}e\x{301}e\x{301}e\x{301}e\x{301}e\x{301}e\x{301}e\x{301} e\x{301}e\x{301}e\x{301}e\x{301}e\x{301}e\x{301}e\x{301}e\x{301}e\x{301}e\x{301}e\x{301}e\x{301}e\x{301}e\x{301}e\x{301}e\x{301}e\x{301}e\x{301}e\x{301}e\x{301}e\x{301}e\x{301}"
          text run at (924,6016) width 0: " "
          text run at (0,6032) width 924: "e\x{301}e\x{301}e\x{301}e\x{301}e\x{301}e\x{301}e\x{301}e\x{301}e\x{301}e\x{301}e\x{301}e\x{301}e\x{301}e\x{301}e\x{301}e\x{301}e\x{301}e\x{301}e\x{301}e\x{301}e\x{301}e\x{301}e\x{301}e\x{301}e\x{301}e\x{301}e\x{301}e\x{301}e\x{301}e\x{301}e\x{301}e\x{301} e\x{301} e\x{301}e\x{301}e\x{301}e\x{301}e\x{301}e\x{301}e\x{301}e\x{301}e\x{301}e\x{301}e\x{301}e\x{301}e\x{301}e\x{301}e\x{301}e\x{301}e\x{301}e\x{301}e\x{301}e\x{301}e\x{301}e\x{301}e\x{301}e\x{301}e\x{301}e\x{301}e\x{301}e\x{301}e\x{301}e\x{301}e\x{301}e\x{301}e\x{301}e\x{301}e\x{301}e\x{301}e\x{301}e\x{301}e\x{301}e\x{301}e\x{301}e\x{301}e\x{301} e\x{301}e\x{301}e\x{301}e\x{301}e\x{301}e\x{301}e\x{301}e\x{301}e\x{301}e\x{301}e\x{301}e\x{301}e\x{301}e\x{301}e\x{301}e\x{301}e\x{301}e\x{301}e\x{301}e\x{301}e\x{301}e\x{301}e\x{301}e\x{301}e\x{301}e\x{301}e\x{301}e\x{301}e\x{301}e\x{301} e\x{301}e\x{301}e\x{301}e\x{301}e\x{301}e\x{301}e\x{301}e\x{301}e\x{301}e\x{301}e\x{301}e\x{301}e\x{301}e\x{301}e\x{301}e\x{301}e\x{301}e\x{301}e\x{301}e\x{301}e\x{301}e\x{301}"
          text run at (924,6032) width 0: " "
          text run at (0,6048) width 924: "e\x{301}e\x{301}e\x{301}e\x{301}e\x{301}e\x{301}e\x{301}e\x{301}e\x{301}e\x{301}e\x{301}e\x{301}e\x{301}e\x{301}e\x{301}e\x{301}e\x{301}e\x{301}e\x{301}e\x{301}e\x{301}e\x{301}e\x{301}e\x{301}e\x{301}e\x{301}e\x{301}e\x{301}e\x{301}e\x{301}e\x{301}e\x{301} e\x{301} e\x{301}e\x{301}e\x{301}e\x{301}e\x{301}e\x{301}e\x{301}e\x{301}e\x{301}e\x{301}e\x{301}e\x{301}e\x{301}e\x{301}e\x{301}e\x{301}e\x{301}e\x{301}e\x{301}e\x{301}e\x{301}e\x{301}e\x{301}e\x{301}e\x{301}e\x{301}e\x{301}e\x{301}e\x{301}e\x{301}e\x{301}e\x{301}e\x{301}e\x{301}e\x{301}e\x{301}e\x{301}e\x{301}e\x{301}e\x{301}e\x{301}e\x{301}e\x{301} e\x{301}e\x{301}e\x{301}e\x{301}e\x{301}e\x{301}e\x{301}e\x{301}e\x{301}e\x{301}e\x{301}e\x{301}e\x{301}e\x{301}e\x{301}e\x{301}e\x{301}e\x{301}e\x{301}e\x{301}e\x{301}e\x{301}e\x{301}e\x{301}e\x{301}e\x{301}e\x{301}e\x{301}e\x{301}e\x{301} e\x{301}e\x{301}e\x{301}e\x{301}e\x{301}e\x{301}e\x{301}e\x{301}e\x{301}e\x{301}e\x{301}e\x{301}e\x{301}e\x{301}e\x{301}e\x{301}e\x{301}e\x{301}e\x{301}e\x{301}e\x{301}e\x{301}"
          text run at (924,6048) width 0: " "
          text run at (0,6064) width 924: "e\x{301}e\x{301}e\x{301}e\x{301}e\x{301}e\x{301}e\x{301}e\x{301}e\x{301}e\x{301}e\x{301}e\x{301}e\x{301}e\x{301}e\x{301}e\x{301}e\x{301}e\x{301}e\x{301}e\x{301}e\x{301}e\x{301}e\x{301}e\x{301}e\x{301}e\x{301}e\x{301}e\x{301}e\x{301}e\x{301}e\x{301}e\x{301} e\x{301} e\x{301}e\x{301}e\x{301}e\x{301}e\x{301}e\x{301}e\x{301}e\x{301}e\x{301}e\x{301}e\x{301}e\x{301}e\x{301}e\x{301}e\x{301}e\x{301}e\x{301}e\x{301}e\x{301}e\x{301}e\x{301}e\x{301}e\x{301}e\x{301}e\x{301}e\x{301}e\x{301}e\x{301}e\x{301}e\x{301}e\x{301}e\x{301}e\x{301}e\x{301}e\x{301}e\x{301}e\x{301}e\x{301}e\x{301}e\x{301}e\x{301}e\x{301}e\x{301} e\x{301}e\x{301}e\x{301}e\x{301}e\x{301}e\x{301}e\x{301}e\x{301}e\x{301}e\x{301}e\x{301}e\x{301}e\x{301}e\x{301}e\x{301}e\x{301}e\x{301}e\x{301}e\x{301}e\x{301}e\x{301}e\x{301}e\x{301}e\x{301}e\x{301}e\x{301}e\x{301}e\x{301}e\x{301}e\x{301} e\x{301}e\x{301}e\x{301}e\x{301}e\x{301}e\x{301}e\x{301}e\x{301}e\x{301}e\x{301}e\x{301}e\x{301}e\x{301}e\x{301}e\x{301}e\x{301}e\x{301}e\x{301}e\x{301}e\x{301}e\x{301}e\x{301}"
          text run at (924,6064) width 0: " "
          text run at (0,6080) width 924: "e\x{301}e\x{301}e\x{301}e\x{301}e\x{301}e\x{301}e\x{301}e\x{301}e\x{301}e\x{301}e\x{301}e\x{301}e\x{301}e\x{301}e\x{301}e\x{301}e\x{301}e\x{301}e\x{301}e\x{301}e\x{301}e\x{301}e\x{301}e\x{301}e\x{301}e\x{301}e\x{301}e\x{301}e\x{301}e\x{301}e\x{301}e\x{301} e\x{301} e\x{301}e\x{301}e\x{301}e\x{301}e\x{301}e\x{301}e\x{301}e\x{301}e\x{301}e\x{301}e\x{301}e\x{301}e\x{301}e\x{301}e\x{301}e\x{301}e\x{301}e\x{301}e\x{301}e\x{301}e\x{301}e\x{301}e\x{301}e\x{301}e\x{301}e\x{301}e\x{301}e\x{301}e\x{301}e\x{301}e\x{301}e\x{301}e\x{301}e\x{301}e\x{301}e\x{301}e\x{301}e\x{301}e\x{301}e\x{301}e\x{301}e\x{301}e\x{301} e\x{301}e\x{301}e\x{301}e\x{301}e\x{301}e\x{301}e\x{301}e\x{301}e\x{301}e\x{301}e\x{301}e\x{301}e\x{301}e\x{301}e\x{301}e\x{301}e\x{301}e\x{301}e\x{301}e\x{301}e\x{301}e\x{301}e\x{301}e\x{301}e\x{301}e\x{301}e\x{301}e\x{301}e\x{301}e\x{301} e\x{301}e\x{301}e\x{301}e\x{301}e\x{301}e\x{301}e\x{301}e\x{301}e\x{301}e\x{301}e\x{301}e\x{301}e\x{301}e\x{301}e\x{301}e\x{301}e\x{301}e\x{301}e\x{301}e\x{301}e\x{301}e\x{301}"
          text run at (924,6080) width 0: " "
          text run at (0,6096) width 924: "e\x{301}e\x{301}e\x{301}e\x{301}e\x{301}e\x{301}e\x{301}e\x{301}e\x{301}e\x{301}e\x{301}e\x{301}e\x{301}e\x{301}e\x{301}e\x{301}e\x{301}e\x{301}e\x{301}e\x{301}e\x{301}e\x{301}e\x{301}e\x{301}e\x{301}e\x{301}e\x{301}e\x{301}e\x{301}e\x{301}e\x{301}e\x{301} e\x{301} e\x{301}e\x{301}e\x{301}e\x{301}e\x{301}e\x{301}e\x{301}e\x{301}e\x{301}e\x{301}e\x{301}e\x{301}e\x{301}e\x{301}e\x{301}e\x{301}e\x{301}e\x{301}e\x{301}e\x{301}e\x{301}e\x{301}e\x{301}e\x{301}e\x{301}e\x{301}e\x{301}e\x{301}e\x{301}e\x{301}e\x{301}e\x{301}e\x{301}e\x{301}e\x{301}e\x{301}e\x{301}e\x{301}e\x{301}e\x{301}e\x{301}e\x{301}e\x{301} e\x{301}e\x{301}e\x{301}e\x{301}e\x{301}e\x{301}e\x{301}e\x{301}e\x{301}e\x{301}e\x{301}e\x{301}e\x{301}e\x{301}e\x{301}e\x{301}e\x{301}e\x{301}e\x{301}e\x{301}e\x{301}e\x{301}e\x{301}e\x{301}e\x{301}e\x{301}e\x{301}e\x{301}e\x{301}e\x{301} e\x{301}e\x{301}e\x{301}e\x{301}e\x{301}e\x{301}e\x{301}e\x{301}e\x{301}e\x{301}e\x{301}e\x{301}e\x{301}e\x{301}e\x{301}e\x{301}e\x{301}e\x{301}e\x{301}e\x{301}e\x{301}e\x{301}"
          text run at (924,6096) width 0: " "
          text run at (0,6112) width 924: "e\x{301}e\x{301}e\x{301}e\x{301}e\x{301}e\x{301}e\x{301}e\x{301}e\x{301}e\x{301}e\x{301}e\x{301}e\x{301}e\x{301}e\x{301}e\x{301}e\x{301}e\x{301}e\x{301}e\x{301}e\x{301}e\x{301}e\x{301}e\x{301}e\x{301}e\x{301}e\x{301}e\x{301}e\x{301}e\x{301}e\x{301}e\x{301} e\x{301} e\x{301}e\x{301}e\x{301}e\x{301}e\x{301}e\x{301}e\x{301}e\x{301}e\x{301}e\x{301}e\x{301}e\x{301}e\x{301}e\x{301}e\x{301}e\x{301}e\x{301}e\x{301}e\x{301}e\x{301}e\x{301}e\x{301}e\x{301}e\x{301}e\x{301}e\x{301}e\x{301}e\x{301}e\x{301}e\x{301}e\x{301}e\x{301}e\x{301}e\x{301}e\x{301}e\x{301}e\x{301}e\x{301}e\x{301}e\x{301}e\x{301}e\x{301}e\x{301} e\x{301}e\x{301}e\x{301}e\x{301}e\x{301}e\x{301}e\x{301}e\x{301}e\x{301}e\x{301}e\x{301}e\x{301}e\x{301}e\x{301}e\x{301}e\x{301}e\x{301}e\x{301}e\x{301}e\x{301}e\x{301}e\x{301}e\x{301}e\x{301}e\x{301}e\x{301}e\x{301}e\x{301}e\x{301}e\x{301} e\x{301}e\x{301}e\x{301}e\x{301}e\x{301}e\x{301}e\x{301}e\x{301}e\x{301}e\x{301}e\x{301}e\x{301}e\x{301}e\x{301}e\x{301}e\x{301}e\x{301}e\x{301}e\x{301}e\x{301}e\x{301}e\x{301}"
          text run at (924,6112) width 0: " "
          text run at (0,6128) width 924: "e\x{301}e\x{301}e\x{301}e\x{301}e\x{301}e\x{301}e\x{301}e\x{301}e\x{301}e\x{301}e\x{301}e\x{301}e\x{301}e\x{301}e\x{301}e\x{301}e\x{301}e\x{301}e\x{301}e\x{301}e\x{301}e\x{301}e\x{301}e\x{301}e\x{301}e\x{301}e\x{301}e\x{301}e\x{301}e\x{301}e\x{301}e\x{301} e\x{301} e\x{301}e\x{301}e\x{301}e\x{301}e\x{301}e\x{301}e\x{301}e\x{301}e\x{301}e\x{301}e\x{301}e\x{301}e\x{301}e\x{301}e\x{301}e\x{301}e\x{301}e\x{301}e\x{301}e\x{301}e\x{301}e\x{301}e\x{301}e\x{301}e\x{301}e\x{301}e\x{301}e\x{301}e\x{301}e\x{301}e\x{301}e\x{301}e\x{301}e\x{301}e\x{301}e\x{301}e\x{301}e\x{301}e\x{301}e\x{301}e\x{301}e\x{301}e\x{301} e\x{301}e\x{301}e\x{301}e\x{301}e\x{301}e\x{301}e\x{301}e\x{301}e\x{301}e\x{301}e\x{301}e\x{301}e\x{301}e\x{301}e\x{301}e\x{301}e\x{301}e\x{301}e\x{301}e\x{301}e\x{301}e\x{301}e\x{301}e\x{301}e\x{301}e\x{301}e\x{301}e\x{301}e\x{301}e\x{301} e\x{301}e\x{301}e\x{301}e\x{301}e\x{301}e\x{301}e\x{301}e\x{301}e\x{301}e\x{301}e\x{301}e\x{301}e\x{301}e\x{301}e\x{301}e\x{301}e\x{301}e\x{301}e\x{301}e\x{301}e\x{301}e\x{301}"
          text run at (924,6128) width 0: " "
          text run at (0,6144) width 924: "e\x{301}e\x{301}e\x{301}e\x{301}e\x{301}e\x{301}e\x{301}e\x{301}e\x{301}e\x{301}e\x{301}e\x{301}e\x{301}e\x{301}e\x{301}e\x{301}e\x{301}e\x{301}e\x{301}e\x{301}e\x{301}e\x{301}e\x{301}e\x{301}e\x{301}e\x{301}e\x{301}e\x{301}e\x{301}e\x{301}e\x{301}e\x{301} e\x{301} e\x{301}e\x{301}e\x{301}e\x{301}e\x{301}e\x{301}e\x{301}e\x{301}e\x{301}e\x{301}e\x{301}e\x{301}e\x{301}e\x{301}e\x{301}e\x{301}e\x{301}e\x{301}e\x{301}e\x{301}e\x{301}e\x{301}e\x{301}e\x{301}e\x{301}e\x{301}e\x{301}e\x{301}e\x{301}e\x{301}e\x{301}e\x{301}e\x{301}e\x{301}e\x{301}e\x{301}e\x{301}e\x{301}e\x{301}e\x{301}e\x{301}e\x{301}e\x{301} e\x{301}e\x{301}e\x{301}e\x{301}e\x{301}e\x{301}e\x{301}e\x{301}e\x{301}e\x{301}e\x{301}e\x{301}e\x{301}e\x{301}e\x{301}e\x{301}e\x{301}e\x{301}e\x{301}e\x{301}e\x{301}e\x{301}e\x{301}e\x{301}e\x{301}e\x{301}e\x{301}e\x{301}e\x{301}e\x{301} e\x{301}e\x{301}e\x{301}e\x{301}e\x{301}e\x{301}e\x{301}e\x{301}e\x{301}e\x{301}e\x{301}e\x{301}e\x{301}e\x{301}e\x{301}e\x{301}e\x{301}e\x{301}e\x{301}e\x{301}e\x{301}e\x{301}"
          text run at (924,6144) width 0: " "
          text run at (0,6160) width 924: "e\x{301}e\x{301}e\x{301}e\x{301}e\x{301}e\x{301}e\x{301}e\x{301}e\x{301}e\x{301}e\x{301}e\x{301}e\x{301}e\x{301}e\x{301}e\x{301}e\x{301}e\x{301}e\x{301}e\x{301}e\x{301}e\x{301}e\x{301}e\x{301}e\x{301}e\x{301}e\x{301}e\x{301}e\x{301}e\x{301}e\x{301}e\x{301} e\x{301} e\x{301}e\x{301}e\x{301}e\x{301}e\x{301}e\x{301}e\x{301}e\x{301}e\x{301}e\x{301}e\x{301}e\x{301}e\x{301}e\x{301}e\x{301}e\x{301}e\x{301}e\x{301}e\x{301}e\x{301}e\x{301}e\x{301}e\x{301}e\x{301}e\x{301}e\x{301}e\x{301}e\x{301}e\x{301}e\x{301}e\x{301}e\x{301}e\x{301}e\x{301}e\x{301}e\x{301}e\x{301}e\x{301}e\x{301}e\x{301}e\x{301}e\x{301}e\x{301} e\x{301}e\x{301}e\x{301}e\x{301}e\x{301}e\x{301}e\x{301}e\x{301}e\x{301}e\x{301}e\x{301}e\x{301}e\x{301}e\x{301}e\x{301}e\x{301}e\x{301}e\x{301}e\x{301}e\x{301}e\x{301}e\x{301}e\x{301}e\x{301}e\x{301}e\x{301}e\x{301}e\x{301}e\x{301}e\x{301} e\x{301}e\x{301}e\x{301}e\x{301}e\x{301}e\x{301}e\x{301}e\x{301}e\x{301}e\x{301}e\x{301}e\x{301}e\x{301}e\x{301}e\x{301}e\x{301}e\x{301}e\x{301}e\x{301}e\x{301}e\x{301}e\x{301}"
          text run at (924,6160) width 0: " "
          text run at (0,6176) width 924: "e\x{301}e\x{301}e\x{301}e\x{301}e\x{301}e\x{301}e\x{301}e\x{301}e\x{301}e\x{301}e\x{301}e\x{301}e\x{301}e\x{301}e\x{301}e\x{301}e\x{301}e\x{301}e\x{301}e\x{301}e\x{301}e\x{301}e\x{301}e\x{301}e\x{301}e\x{301}e\x{301}e\x{301}e\x{301}e\x{301}e\x{301}e\x{301} e\x{301} e\x{301}e\x{301}e\x{301}e\x{301}e\x{301}e\x{301}e\x{301}e\x{301}e\x{301}e\x{301}e\x{301}e\x{301}e\x{301}e\x{301}e\x{301}e\x{301}e\x{301}e\x{301}e\x{301}e\x{301}e\x{301}e\x{301}e\x{301}e\x{301}e\x{301}e\x{301}e\x{301}e\x{301}e\x{301}e\x{301}e\x{301}e\x{301}e\x{301}e\x{301}e\x{301}e\x{301}e\x{301}e\x{301}e\x{301}e\x{301}e\x{301}e\x{301}e\x{301} e\x{301}e\x{301}e\x{301}e\x{301}e\x{301}e\x{301}e\x{301}e\x{301}e\x{301}e\x{301}e\x{301}e\x{301}e\x{301}e\x{301}e\x{301}e\x{301}e\x{301}e\x{301}e\x{301}e\x{301}e\x{301}e\x{301}e\x{301}e\x{301}e\x{301}e\x{301}e\x{301}e\x{301}e\x{301}e\x{301} e\x{301}e\x{301}e\x{301}e\x{301}e\x{301}e\x{301}e\x{301}e\x{301}e\x{301}e\x{301}e\x{301}e\x{301}e\x{301}e\x{301}e\x{301}e\x{301}e\x{301}e\x{301}e\x{301}e\x{301}e\x{301}e\x{301}"
          text run at (924,6176) width 0: " "
          text run at (0,6192) width 924: "e\x{301}e\x{301}e\x{301}e\x{301}e\x{301}e\x{301}e\x{301}e\x{301}e\x{301}e\x{301}e\x{301}e\x{301}e\x{301}e\x{301}e\x{301}e\x{301}e\x{301}e\x{301}e\x{301}e\x{301}e\x{301}e\x{301}e\x{301}e\x{301}e\x{301}e\x{301}e\x{301}e\x{301}e\x{301}e\x{301}e\x{301}e\x{301} e\x{301} e\x{301}e\x{301}e\x{301}e\x{301}e\x{301}e\x{301}e\x{301}e\x{301}e\x{301}e\x{301}e\x{301}e\x{301}e\x{301}e\x{301}e\x{301}e\x{301}e\x{301}e\x{301}e\x{301}e\x{301}e\x{301}e\x{301}e\x{301}e\x{301}e\x{301}e\x{301}e\x{301}e\x{301}e\x{301}e\x{301}e\x{301}e\x{301}e\x{301}e\x{301}e\x{301}e\x{301}e\x{301}e\x{301}e\x{301}e\x{301}e\x{301}e\x{301}e\x{301} e\x{301}e\x{301}e\x{301}e\x{301}e\x{301}e\x{301}e\x{301}e\x{301}e\x{301}e\x{301}e\x{301}e\x{301}e\x{301}e\x{301}e\x{301}e\x{301}e\x{301}e\x{301}e\x{301}e\x{301}e\x{301}e\x{301}e\x{301}e\x{301}e\x{301}e\x{301}e\x{301}e\x{301}e\x{301}e\x{301} e\x{301}e\x{301}e\x{301}e\x{301}e\x{301}e\x{301}e\x{301}e\x{301}e\x{301}e\x{301}e\x{301}e\x{301}e\x{301}e\x{301}e\x{301}e\x{301}e\x{301}e\x{301}e\x{301}e\x{301}e\x{301}e\x{301}"
          text run at (924,6192) width 0: " "
          text run at (0,6208) width 924: "e\x{301}e\x{301}e\x{301}e\x{301}e\x{301}e\x{301}e\x{301}e\x{301}e\x{301}e\x{301}e\x{301}e\x{301}e\x{301}e\x{301}e\x{301}e\x{301}e\x{301}e\x{301}e\x{301}e\x{301}e\x{301}e\x{301}e\x{301}e\x{301}e\x{301}e\x{301}e\x{301}e\x{301}e\x{301}e\x{301}e\x{301}e\x{301} e\x{301} e\x{301}e\x{301}e\x{301}e\x{301}e\x{301}e\x{301}e\x{301}e\x{301}e\x{301}e\x{301}e\x{301}e\x{301}e\x{301}e\x{301}e\x{301}e\x{301}e\x{301}e\x{301}e\x{301}e\x{301}e\x{301}e\x{301}e\x{301}e\x{301}e\x{301}e\x{301}e\x{301}e\x{301}e\x{301}e\x{301}e\x{301}e\x{301}e\x{301}e\x{301}e\x{301}e\x{301}e\x{301}e\x{301}e\x{301}e\x{301}e\x{301}e\x{301}e\x{301} e\x{301}e\x{301}e\x{301}e\x{301}e\x{301}e\x{301}e\x{301}e\x{301}e\x{301}e\x{301}e\x{301}e\x{301}e\x{301}e\x{301}e\x{301}e\x{301}e\x{301}e\x{301}e\x{301}e\x{301}e\x{301}e\x{301}e\x{301}e\x{301}e\x{301}e\x{301}e\x{301}e\x{301}e\x{301}e\x{301} e\x{301}e\x{301}e\x{301}e\x{301}e\x{301}e\x{301}e\x{301}e\x{301}e\x{301}e\x{301}e\x{301}e\x{301}e\x{301}e\x{301}e\x{301}e\x{301}e\x{301}e\x{301}e\x{301}e\x{301}e\x{301}e\x{301}"
          text run at (924,6208) width 0: " "
          text run at (0,6224) width 924: "e\x{301}e\x{301}e\x{301}e\x{301}e\x{301}e\x{301}e\x{301}e\x{301}e\x{301}e\x{301}e\x{301}e\x{301}e\x{301}e\x{301}e\x{301}e\x{301}e\x{301}e\x{301}e\x{301}e\x{301}e\x{301}e\x{301}e\x{301}e\x{301}e\x{301}e\x{301}e\x{301}e\x{301}e\x{301}e\x{301}e\x{301}e\x{301} e\x{301} e\x{301}e\x{301}e\x{301}e\x{301}e\x{301}e\x{301}e\x{301}e\x{301}e\x{301}e\x{301}e\x{301}e\x{301}e\x{301}e\x{301}e\x{301}e\x{301}e\x{301}e\x{301}e\x{301}e\x{301}e\x{301}e\x{301}e\x{301}e\x{301}e\x{301}e\x{301}e\x{301}e\x{301}e\x{301}e\x{301}e\x{301}e\x{301}e\x{301}e\x{301}e\x{301}e\x{301}e\x{301}e\x{301}e\x{301}e\x{301}e\x{301}e\x{301}e\x{301} e\x{301}e\x{301}e\x{301}e\x{301}e\x{301}e\x{301}e\x{301}e\x{301}e\x{301}e\x{301}e\x{301}e\x{301}e\x{301}e\x{301}e\x{301}e\x{301}e\x{301}e\x{301}e\x{301}e\x{301}e\x{301}e\x{301}e\x{301}e\x{301}e\x{301}e\x{301}e\x{301}e\x{301}e\x{301}e\x{301} e\x{301}e\x{301}e\x{301}e\x{301}e\x{301}e\x{301}e\x{301}e\x{301}e\x{301}e\x{301}e\x{301}e\x{301}e\x{301}e\x{301}e\x{301}e\x{301}e\x{301}e\x{301}e\x{301}e\x{301}e\x{301}e\x{301}"
          text run at (924,6224) width 0: " "
          text run at (0,6240) width 924: "e\x{301}e\x{301}e\x{301}e\x{301}e\x{301}e\x{301}e\x{301}e\x{301}e\x{301}e\x{301}e\x{301}e\x{301}e\x{301}e\x{301}e\x{301}e\x{301}e\x{301}e\x{301}e\x{301}e\x{301}e\x{301}e\x{301}e\x{301}e\x{301}e\x{301}e\x{301}e\x{301}e\x{301}e\x{301}e\x{301}e\x{301}e\x{301} e\x{301} e\x{301}e\x{301}e\x{301}e\x{301}e\x{301}e\x{301}e\x{301}e\x{301}e\x{301}e\x{301}e\x{301}e\x{301}e\x{301}e\x{301}e\x{301}e\x{301}e\x{301}e\x{301}e\x{301}e\x{301}e\x{301}e\x{301}e\x{301}e\x{301}e\x{301}e\x{301}e\x{301}e\x{301}e\x{301}e\x{301}e\x{301}e\x{301}e\x{301}e\x{301}e\x{301}e\x{301}e\x{301}e\x{301}e\x{301}e\x{301}e\x{301}e\x{301}e\x{301} e\x{301}e\x{301}e\x{301}e\x{301}e\x{301}e\x{301}e\x{301}e\x{301}e\x{301}e\x{301}e\x{301}e\x{301}e\x{301}e\x{301}e\x{301}e\x{301}e\x{301}e\x{301}e\x{301}e\x{301}e\x{301}e\x{301}e\x{301}e\x{301}e\x{301}e\x{301}e\x{301}e\x{301}e\x{301}e\x{301} e\x{301}e\x{301}e\x{301}e\x{301}e\x{301}e\x{301}e\x{301}e\x{301}e\x{301}e\x{301}e\x{301}e\x{301}e\x{301}e\x{301}e\x{301}e\x{301}e\x{301}e\x{301}e\x{301}e\x{301}e\x{301}e\x{301}"
          text run at (924,6240) width 0: " "
          text run at (0,6256) width 924: "e\x{301}e\x{301}e\x{301}e\x{301}e\x{301}e\x{301}e\x{301}e\x{301}e\x{301}e\x{301}e\x{301}e\x{301}e\x{301}e\x{301}e\x{301}e\x{301}e\x{301}e\x{301}e\x{301}e\x{301}e\x{301}e\x{301}e\x{301}e\x{301}e\x{301}e\x{301}e\x{301}e\x{301}e\x{301}e\x{301}e\x{301}e\x{301} e\x{301} e\x{301}e\x{301}e\x{301}e\x{301}e\x{301}e\x{301}e\x{301}e\x{301}e\x{301}e\x{301}e\x{301}e\x{301}e\x{301}e\x{301}e\x{301}e\x{301}e\x{301}e\x{301}e\x{301}e\x{301}e\x{301}e\x{301}e\x{301}e\x{301}e\x{301}e\x{301}e\x{301}e\x{301}e\x{301}e\x{301}e\x{301}e\x{301}e\x{301}e\x{301}e\x{301}e\x{301}e\x{301}e\x{301}e\x{301}e\x{301}e\x{301}e\x{301}e\x{301} e\x{301}e\x{301}e\x{301}e\x{301}e\x{301}e\x{301}e\x{301}e\x{301}e\x{301}e\x{301}e\x{301}e\x{301}e\x{301}e\x{301}e\x{301}e\x{301}e\x{301}e\x{301}e\x{301}e\x{301}e\x{301}e\x{301}e\x{301}e\x{301}e\x{301}e\x{301}e\x{301}e\x{301}e\x{301}e\x{301} e\x{301}e\x{301}e\x{301}e\x{301}e\x{301}e\x{301}e\x{301}e\x{301}e\x{301}e\x{301}e\x{301}e\x{301}e\x{301}e\x{301}e\x{301}e\x{301}e\x{301}e\x{301}e\x{301}e\x{301}e\x{301}e\x{301}"
          text run at (924,6256) width 0: " "
          text run at (0,6272) width 924: "e\x{301}e\x{301}e\x{301}e\x{301}e\x{301}e\x{301}e\x{301}e\x{301}e\x{301}e\x{301}e\x{301}e\x{301}e\x{301}e\x{301}e\x{301}e\x{301}e\x{301}e\x{301}e\x{301}e\x{301}e\x{301}e\x{301}e\x{301}e\x{301}e\x{301}e\x{301}e\x{301}e\x{301}e\x{301}e\x{301}e\x{301}e\x{301} e\x{301} e\x{301}e\x{301}e\x{301}e\x{301}e\x{301}e\x{301}e\x{301}e\x{301}e\x{301}e\x{301}e\x{301}e\x{301}e\x{301}e\x{301}e\x{301}e\x{301}e\x{301}e\x{301}e\x{301}e\x{301}e\x{301}e\x{301}e\x{301}e\x{301}e\x{301}e\x{301}e\x{301}e\x{301}e\x{301}e\x{301}e\x{301}e\x{301}e\x{301}e\x{301}e\x{301}e\x{301}e\x{301}e\x{301}e\x{301}e\x{301}e\x{301}e\x{301}e\x{301} e\x{301}e\x{301}e\x{301}e\x{301}e\x{301}e\x{301}e\x{301}e\x{301}e\x{301}e\x{301}e\x{301}e\x{301}e\x{301}e\x{301}e\x{301}e\x{301}e\x{301}e\x{301}e\x{301}e\x{301}e\x{301}e\x{301}e\x{301}e\x{301}e\x{301}e\x{301}e\x{301}e\x{301}e\x{301}e\x{301} e\x{301}e\x{301}e\x{301}e\x{301}e\x{301}e\x{301}e\x{301}e\x{301}e\x{301}e\x{301}e\x{301}e\x{301}e\x{301}e\x{301}e\x{301}e\x{301}e\x{301}e\x{301}e\x{301}e\x{301}e\x{301}e\x{301}"
          text run at (924,6272) width 0: " "
          text run at (0,6288) width 924: "e\x{301}e\x{301}e\x{301}e\x{301}e\x{301}e\x{301}e\x{301}e\x{301}e\x{301}e\x{301}e\x{301}e\x{301}e\x{301}e\x{301}e\x{301}e\x{301}e\x{301}e\x{301}e\x{301}e\x{301}e\x{301}e\x{301}e\x{301}e\x{301}e\x{301}e\x{301}e\x{301}e\x{301}e\x{301}e\x{301}e\x{301}e\x{301} e\x{301} e\x{301}e\x{301}e\x{301}e\x{301}e\x{301}e\x{301}e\x{301}e\x{301}e\x{301}e\x{301}e\x{301}e\x{301}e\x{301}e\x{301}e\x{301}e\x{301}e\x{301}e\x{301}e\x{301}e\x{301}e\x{301}e\x{301}e\x{301}e\x{301}e\x{301}e\x{301}e\x{301}e\x{301}e\x{301}e\x{301}e\x{301}e\x{301}e\x{301}e\x{301}e\x{301}e\x{301}e\x{301}e\x{301}e\x{301}e\x{301}e\x{301}e\x{301}e\x{301} e\x{301}e\x{301}e\x{301}e\x{301}e\x{301}e\x{301}e\x{301}e\x{301}e\x{301}e\x{301}e\x{301}e\x{301}e\x{301}e\x{301}e\x{301}e\x{301}e\x{301}e\x{301}e\x{301}e\x{301}e\x{301}e\x{301}e\x{301}e\x{301}e\x{301}e\x{301}e\x{301}e\x{301}e\x{301}e\x{301} e\x{301}e\x{301}e\x{301}e\x{301}e\x{301}e\x{301}e\x{301}e\x{301}e\x{301}e\x{301}e\x{301}e\x{301}e\x{301}e\x{301}e\x{301}e\x{301}e\x{301}e\x{301}e\x{301}e\x{301}e\x{301}e\x{301}"
          text run at (924,6288) width 0: " "
          text run at (0,6304) width 924: "e\x{301}e\x{301}e\x{301}e\x{301}e\x{301}e\x{301}e\x{301}e\x{301}e\x{301}e\x{301}e\x{301}e\x{301}e\x{301}e\x{301}e\x{301}e\x{301}e\x{301}e\x{301}e\x{301}e\x{301}e\x{301}e\x{301}e\x{301}e\x{301}e\x{301}e\x{301}e\x{301}e\x{301}e\x{301}e\x{301}e\x{301}e\x{301} e\x{301} e\x{301}e\x{301}e\x{301}e\x{301}e\x{301}e\x{301}e\x{301}e\x{301}e\x{301}e\x{301}e\x{301}e\x{301}e\x{301}e\x{301}e\x{301}e\x{301}e\x{301}e\x{301}e\x{301}e\x{301}e\x{301}e\x{301}e\x{301}e\x{301}e\x{301}e\x{301}e\x{301}e\x{301}e\x{301}e\x{301}e\x{301}e\x{301}e\x{301}e\x{301}e\x{301}e\x{301}e\x{301}e\x{301}e\x{301}e\x{301}e\x{301}e\x{301}e\x{301} e\x{301}e\x{301}e\x{301}e\x{301}e\x{301}e\x{301}e\x{301}e\x{301}e\x{301}e\x{301}e\x{301}e\x{301}e\x{301}e\x{301}e\x{301}e\x{301}e\x{301}e\x{301}e\x{301}e\x{301}e\x{301}e\x{301}e\x{301}e\x{301}e\x{301}e\x{301}e\x{301}e\x{301}e\x{301}e\x{301} e\x{301}e\x{301}e\x{301}e\x{301}e\x{301}e\x{301}e\x{301}e\x{301}e\x{301}e\x{301}e\x{301}e\x{301}e\x{301}e\x{301}e\x{301}e\x{301}e\x{301}e\x{301}e\x{301}e\x{301}e\x{301}e\x{301}"
          text run at (924,6304) width 0: " "
          text run at (0,6320) width 924: "e\x{301}e\x{301}e\x{301}e\x{301}e\x{301}e\x{301}e\x{301}e\x{301}e\x{301}e\x{301}e\x{301}e\x{301}e\x{301}e\x{301}e\x{301}e\x{301}e\x{301}e\x{301}e\x{301}e\x{301}e\x{301}e\x{301}e\x{301}e\x{301}e\x{301}e\x{301}e\x{301}e\x{301}e\x{301}e\x{301}e\x{301}e\x{301} e\x{301} e\x{301}e\x{301}e\x{301}e\x{301}e\x{301}e\x{301}e\x{301}e\x{301}e\x{301}e\x{301}e\x{301}e\x{301}e\x{301}e\x{301}e\x{301}e\x{301}e\x{301}e\x{301}e\x{301}e\x{301}e\x{301}e\x{301}e\x{301}e\x{301}e\x{301}e\x{301}e\x{301}e\x{301}e\x{301}e\x{301}e\x{301}e\x{301}e\x{301}e\x{301}e\x{301}e\x{301}e\x{301}e\x{301}e\x{301}e\x{301}e\x{301}e\x{301}e\x{301} e\x{301}e\x{301}e\x{301}e\x{301}e\x{301}e\x{301}e\x{301}e\x{301}e\x{301}e\x{301}e\x{301}e\x{301}e\x{301}e\x{301}e\x{301}e\x{301}e\x{301}e\x{301}e\x{301}e\x{301}e\x{301}e\x{301}e\x{301}e\x{301}e\x{301}e\x{301}e\x{301}e\x{301}e\x{301}e\x{301} e\x{301}e\x{301}e\x{301}e\x{301}e\x{301}e\x{301}e\x{301}e\x{301}e\x{301}e\x{301}e\x{301}e\x{301}e\x{301}e\x{301}e\x{301}e\x{301}e\x{301}e\x{301}e\x{301}e\x{301}e\x{301}e\x{301}"
          text run at (924,6320) width 0: " "
          text run at (0,6336) width 924: "e\x{301}e\x{301}e\x{301}e\x{301}e\x{301}e\x{301}e\x{301}e\x{301}e\x{301}e\x{301}e\x{301}e\x{301}e\x{301}e\x{301}e\x{301}e\x{301}e\x{301}e\x{301}e\x{301}e\x{301}e\x{301}e\x{301}e\x{301}e\x{301}e\x{301}e\x{301}e\x{301}e\x{301}e\x{301}e\x{301}e\x{301}e\x{301} e\x{301} e\x{301}e\x{301}e\x{301}e\x{301}e\x{301}e\x{301}e\x{301}e\x{301}e\x{301}e\x{301}e\x{301}e\x{301}e\x{301}e\x{301}e\x{301}e\x{301}e\x{301}e\x{301}e\x{301}e\x{301}e\x{301}e\x{301}e\x{301}e\x{301}e\x{301}e\x{301}e\x{301}e\x{301}e\x{301}e\x{301}e\x{301}e\x{301}e\x{301}e\x{301}e\x{301}e\x{301}e\x{301}e\x{301}e\x{301}e\x{301}e\x{301}e\x{301}e\x{301} e\x{301}e\x{301}e\x{301}e\x{301}e\x{301}e\x{301}e\x{301}e\x{301}e\x{301}e\x{301}e\x{301}e\x{301}e\x{301}e\x{301}e\x{301}e\x{301}e\x{301}e\x{301}e\x{301}e\x{301}e\x{301}e\x{301}e\x{301}e\x{301}e\x{301}e\x{301}e\x{301}e\x{301}e\x{301}e\x{301} e\x{301}e\x{301}e\x{301}e\x{301}e\x{301}e\x{301}e\x{301}e\x{301}e\x{301}e\x{301}e\x{301}e\x{301}e\x{301}e\x{301}e\x{301}e\x{301}e\x{301}e\x{301}e\x{301}e\x{301}e\x{301}e\x{301}"
          text run at (924,6336) width 0: " "
          text run at (0,6352) width 924: "e\x{301}e\x{301}e\x{301}e\x{301}e\x{301}e\x{301}e\x{301}e\x{301}e\x{301}e\x{301}e\x{301}e\x{301}e\x{301}e\x{301}e\x{301}e\x{301}e\x{301}e\x{301}e\x{301}e\x{301}e\x{301}e\x{301}e\x{301}e\x{301}e\x{301}e\x{301}e\x{301}e\x{301}e\x{301}e\x{301}e\x{301}e\x{301} e\x{301} e\x{301}e\x{301}e\x{301}e\x{301}e\x{301}e\x{301}e\x{301}e\x{301}e\x{301}e\x{301}e\x{301}e\x{301}e\x{301}e\x{301}e\x{301}e\x{301}e\x{301}e\x{301}e\x{301}e\x{301}e\x{301}e\x{301}e\x{301}e\x{301}e\x{301}e\x{301}e\x{301}e\x{301}e\x{301}e\x{301}e\x{301}e\x{301}e\x{301}e\x{301}e\x{301}e\x{301}e\x{301}e\x{301}e\x{301}e\x{301}e\x{301}e\x{301}e\x{301} e\x{301}e\x{301}e\x{301}e\x{301}e\x{301}e\x{301}e\x{301}e\x{301}e\x{301}e\x{301}e\x{301}e\x{301}e\x{301}e\x{301}e\x{301}e\x{301}e\x{301}e\x{301}e\x{301}e\x{301}e\x{301}e\x{301}e\x{301}e\x{301}e\x{301}e\x{301}e\x{301}e\x{301}e\x{301}e\x{301} e\x{301}e\x{301}e\x{301}e\x{301}e\x{301}e\x{301}e\x{301}e\x{301}e\x{301}e\x{301}e\x{301}e\x{301}e\x{301}e\x{301}e\x{301}e\x{301}e\x{301}e\x{301}e\x{301}e\x{301}e\x{301}e\x{301}"
          text run at (924,6352) width 0: " "
          text run at (0,6368) width 924: "e\x{301}e\x{301}e\x{301}e\x{301}e\x{301}e\x{301}e\x{301}e\x{301}e\x{301}e\x{301}e\x{301}e\x{301}e\x{301}e\x{301}e\x{301}e\x{301}e\x{301}e\x{301}e\x{301}e\x{301}e\x{301}e\x{301}e\x{301}e\x{301}e\x{301}e\x{301}e\x{301}e\x{301}e\x{301}e\x{301}e\x{301}e\x{301} e\x{301} e\x{301}e\x{301}e\x{301}e\x{301}e\x{301}e\x{301}e\x{301}e\x{301}e\x{301}e\x{301}e\x{301}e\x{301}e\x{301}e\x{301}e\x{301}e\x{301}e\x{301}e\x{301}e\x{301}e\x{301}e\x{301}e\x{301}e\x{301}e\x{301}e\x{301}e\x{301}e\x{301}e\x{301}e\x{301}e\x{301}e\x{301}e\x{301}e\x{301}e\x{301}e\x{301}e\x{301}e\x{301}e\x{301}e\x{301}e\x{301}e\x{301}e\x{301}e\x{301} e\x{301}e\x{301}e\x{301}e\x{301}e\x{301}e\x{301}e\x{301}e\x{301}e\x{301}e\x{301}e\x{301}e\x{301}e\x{301}e\x{301}e\x{301}e\x{301}e\x{301}e\x{301}e\x{301}e\x{301}e\x{301}e\x{301}e\x{301}e\x{301}e\x{301}e\x{301}e\x{301}e\x{301}e\x{301}e\x{301} e\x{301}e\x{301}e\x{301}e\x{301}e\x{301}e\x{301}e\x{301}e\x{301}e\x{301}e\x{301}e\x{301}e\x{301}e\x{301}e\x{301}e\x{301}e\x{301}e\x{301}e\x{301}e\x{301}e\x{301}e\x{301}e\x{301}"
          text run at (924,6368) width 0: " "
          text run at (0,6384) width 924: "e\x{301}e\x{301}e\x{301}e\x{301}e\x{301}e\x{301}e\x{301}e\x{301}e\x{301}e\x{301}e\x{301}e\x{301}e\x{301}e\x{301}e\x{301}e\x{301}e\x{301}e\x{301}e\x{301}e\x{301}e\x{301}e\x{301}e\x{301}e\x{301}e\x{301}e\x{301}e\x{301}e\x{301}e\x{301}e\x{301}e\x{301}e\x{301} e\x{301} e\x{301}e\x{301}e\x{301}e\x{301}e\x{301}e\x{301}e\x{301}e\x{301}e\x{301}e\x{301}e\x{301}e\x{301}e\x{301}e\x{301}e\x{301}e\x{301}e\x{301}e\x{301}e\x{301}e\x{301}e\x{301}e\x{301}e\x{301}e\x{301}e\x{301}e\x{301}e\x{301}e\x{301}e\x{301}e\x{301}e\x{301}e\x{301}e\x{301}e\x{301}e\x{301}e\x{301}e\x{301}e\x{301}e\x{301}e\x{301}e\x{301}e\x{301}e\x{301} e\x{301}e\x{301}e\x{301}e\x{301}e\x{301}e\x{301}e\x{301}e\x{301}e\x{301}e\x{301}e\x{301}e\x{301}e\x{301}e\x{301}e\x{301}e\x{301}e\x{301}e\x{301}e\x{301}e\x{301}e\x{301}e\x{301}e\x{301}e\x{301}e\x{301}e\x{301}e\x{301}e\x{301}e\x{301}e\x{301} e\x{301}e\x{301}e\x{301}e\x{301}e\x{301}e\x{301}e\x{301}e\x{301}e\x{301}e\x{301}e\x{301}e\x{301}e\x{301}e\x{301}e\x{301}e\x{301}e\x{301}e\x{301}e\x{301}e\x{301}e\x{301}e\x{301}"
          text run at (924,6384) width 0: " "
          text run at (0,6400) width 924: "e\x{301}e\x{301}e\x{301}e\x{301}e\x{301}e\x{301}e\x{301}e\x{301}e\x{301}e\x{301}e\x{301}e\x{301}e\x{301}e\x{301}e\x{301}e\x{301}e\x{301}e\x{301}e\x{301}e\x{301}e\x{301}e\x{301}e\x{301}e\x{301}e\x{301}e\x{301}e\x{301}e\x{301}e\x{301}e\x{301}e\x{301}e\x{301} e\x{301} e\x{301}e\x{301}e\x{301}e\x{301}e\x{301}e\x{301}e\x{301}e\x{301}e\x{301}e\x{301}e\x{301}e\x{301}e\x{301}e\x{301}e\x{301}e\x{301}e\x{301}e\x{301}e\x{301}e\x{301}e\x{301}e\x{301}e\x{301}e\x{301}e\x{301}e\x{301}e\x{301}e\x{301}e\x{301}e\x{301}e\x{301}e\x{301}e\x{301}e\x{301}e\x{301}e\x{301}e\x{301}e\x{301}e\x{301}e\x{301}e\x{301}e\x{301}e\x{301} e\x{301}e\x{301}e\x{301}e\x{301}e\x{301}e\x{301}e\x{301}e\x{301}e\x{301}e\x{301}e\x{301}e\x{301}e\x{301}e\x{301}e\x{301}e\x{301}e\x{301}e\x{301}e\x{301}e\x{301}e\x{301}e\x{301}e\x{301}e\x{301}e\x{301}e\x{301}e\x{301}e\x{301}e\x{301}e\x{301} e\x{301}e\x{301}e\x{301}e\x{301}e\x{301}e\x{301}e\x{301}e\x{301}e\x{301}e\x{301}e\x{301}e\x{301}e\x{301}e\x{301}e\x{301}e\x{301}e\x{301}e\x{301}e\x{301}e\x{301}e\x{301}e\x{301}"
          text run at (924,6400) width 0: " "
          text run at (0,6416) width 924: "e\x{301}e\x{301}e\x{301}e\x{301}e\x{301}e\x{301}e\x{301}e\x{301}e\x{301}e\x{301}e\x{301}e\x{301}e\x{301}e\x{301}e\x{301}e\x{301}e\x{301}e\x{301}e\x{301}e\x{301}e\x{301}e\x{301}e\x{301}e\x{301}e\x{301}e\x{301}e\x{301}e\x{301}e\x{301}e\x{301}e\x{301}e\x{301} e\x{301} e\x{301}e\x{301}e\x{301}e\x{301}e\x{301}e\x{301}e\x{301}e\x{301}e\x{301}e\x{301}e\x{301}e\x{301}e\x{301}e\x{301}e\x{301}e\x{301}e\x{301}e\x{301}e\x{301}e\x{301}e\x{301}e\x{301}e\x{301}e\x{301}e\x{301}e\x{301}e\x{301}e\x{301}e\x{301}e\x{301}e\x{301}e\x{301}e\x{301}e\x{301}e\x{301}e\x{301}e\x{301}e\x{301}e\x{301}e\x{301}e\x{301}e\x{301}e\x{301} e\x{301}e\x{301}e\x{301}e\x{301}e\x{301}e\x{301}e\x{301}e\x{301}e\x{301}e\x{301}e\x{301}e\x{301}e\x{301}e\x{301}e\x{301}e\x{301}e\x{301}e\x{301}e\x{301}e\x{301}e\x{301}e\x{301}e\x{301}e\x{301}e\x{301}e\x{301}e\x{301}e\x{301}e\x{301}e\x{301} e\x{301}e\x{301}e\x{301}e\x{301}e\x{301}e\x{301}e\x{301}e\x{301}e\x{301}e\x{301}e\x{301}e\x{301}e\x{301}e\x{301}e\x{301}e\x{301}e\x{301}e\x{301}e\x{301}e\x{301}e\x{301}e\x{301}"
          text run at (924,6416) width 0: " "
          text run at (0,6432) width 924: "e\x{301}e\x{301}e\x{301}e\x{301}e\x{301}e\x{301}e\x{301}e\x{301}e\x{301}e\x{301}e\x{301}e\x{301}e\x{301}e\x{301}e\x{301}e\x{301}e\x{301}e\x{301}e\x{301}e\x{301}e\x{301}e\x{301}e\x{301}e\x{301}e\x{301}e\x{301}e\x{301}e\x{301}e\x{301}e\x{301}e\x{301}e\x{301} e\x{301} e\x{301}e\x{301}e\x{301}e\x{301}e\x{301}e\x{301}e\x{301}e\x{301}e\x{301}e\x{301}e\x{301}e\x{301}e\x{301}e\x{301}e\x{301}e\x{301}e\x{301}e\x{301}e\x{301}e\x{301}e\x{301}e\x{301}e\x{301}e\x{301}e\x{301}e\x{301}e\x{301}e\x{301}e\x{301}e\x{301}e\x{301}e\x{301}e\x{301}e\x{301}e\x{301}e\x{301}e\x{301}e\x{301}e\x{301}e\x{301}e\x{301}e\x{301}e\x{301} e\x{301}e\x{301}e\x{301}e\x{301}e\x{301}e\x{301}e\x{301}e\x{301}e\x{301}e\x{301}e\x{301}e\x{301}e\x{301}e\x{301}e\x{301}e\x{301}e\x{301}e\x{301}e\x{301}e\x{301}e\x{301}e\x{301}e\x{301}e\x{301}e\x{301}e\x{301}e\x{301}e\x{301}e\x{301}e\x{301} e\x{301}e\x{301}e\x{301}e\x{301}e\x{301}e\x{301}e\x{301}e\x{301}e\x{301}e\x{301}e\x{301}e\x{301}e\x{301}e\x{301}e\x{301}e\x{301}e\x{301}e\x{301}e\x{301}e\x{301}e\x{301}e\x{301}"
          text run at (924,6432) width 0: " "
          text run at (0,6448) width 924: "e\x{301}e\x{301}e\x{301}e\x{301}e\x{301}e\x{301}e\x{301}e\x{301}e\x{301}e\x{301}e\x{301}e\x{301}e\x{301}e\x{301}e\x{301}e\x{301}e\x{301}e\x{301}e\x{301}e\x{301}e\x{301}e\x{301}e\x{301}e\x{301}e\x{301}e\x{301}e\x{301}e\x{301}e\x{301}e\x{301}e\x{301}e\x{301} e\x{301} e\x{301}e\x{301}e\x{301}e\x{301}e\x{301}e\x{301}e\x{301}e\x{301}e\x{301}e\x{301}e\x{301}e\x{301}e\x{301}e\x{301}e\x{301}e\x{301}e\x{301}e\x{301}e\x{301}e\x{301}e\x{301}e\x{301}e\x{301}e\x{301}e\x{301}e\x{301}e\x{301}e\x{301}e\x{301}e\x{301}e\x{301}e\x{301}e\x{301}e\x{301}e\x{301}e\x{301}e\x{301}e\x{301}e\x{301}e\x{301}e\x{301}e\x{301}e\x{301} e\x{301}e\x{301}e\x{301}e\x{301}e\x{301}e\x{301}e\x{301}e\x{301}e\x{301}e\x{301}e\x{301}e\x{301}e\x{301}e\x{301}e\x{301}e\x{301}e\x{301}e\x{301}e\x{301}e\x{301}e\x{301}e\x{301}e\x{301}e\x{301}e\x{301}e\x{301}e\x{301}e\x{301}e\x{301}e\x{301} e\x{301}e\x{301}e\x{301}e\x{301}e\x{301}e\x{301}e\x{301}e\x{301}e\x{301}e\x{301}e\x{301}e\x{301}e\x{301}e\x{301}e\x{301}e\x{301}e\x{301}e\x{301}e\x{301}e\x{301}e\x{301}e\x{301}"
          text run at (924,6448) width 0: " "
          text run at (0,6464) width 924: "e\x{301}e\x{301}e\x{301}e\x{301}e\x{301}e\x{301}e\x{301}e\x{301}e\x{301}e\x{301}e\x{301}e\x{301}e\x{301}e\x{301}e\x{301}e\x{301}e\x{301}e\x{301}e\x{301}e\x{301}e\x{301}e\x{301}e\x{301}e\x{301}e\x{301}e\x{301}e\x{301}e\x{301}e\x{301}e\x{301}e\x{301}e\x{301} e\x{301} e\x{301}e\x{301}e\x{301}e\x{301}e\x{301}e\x{301}e\x{301}e\x{301}e\x{301}e\x{301}e\x{301}e\x{301}e\x{301}e\x{301}e\x{301}e\x{301}e\x{301}e\x{301}e\x{301}e\x{301}e\x{301}e\x{301}e\x{301}e\x{301}e\x{301}e\x{301}e\x{301}e\x{301}e\x{301}e\x{301}e\x{301}e\x{301}e\x{301}e\x{301}e\x{301}e\x{301}e\x{301}e\x{301}e\x{301}e\x{301}e\x{301}e\x{301}e\x{301} e\x{301}e\x{301}e\x{301}e\x{301}e\x{301}e\x{301}e\x{301}e\x{301}e\x{301}e\x{301}e\x{301}e\x{301}e\x{301}e\x{301}e\x{301}e\x{301}e\x{301}e\x{301}e\x{301}e\x{301}e\x{301}e\x{301}e\x{301}e\x{301}e\x{301}e\x{301}e\x{301}e\x{301}e\x{301}e\x{301} e\x{301}e\x{301}e\x{301}e\x{301}e\x{301}e\x{301}e\x{301}e\x{301}e\x{301}e\x{301}e\x{301}e\x{301}e\x{301}e\x{301}e\x{301}e\x{301}e\x{301}e\x{301}e\x{301}e\x{301}e\x{301}e\x{301}"
          text run at (924,6464) width 0: " "
          text run at (0,6480) width 924: "e\x{301}e\x{301}e\x{301}e\x{301}e\x{301}e\x{301}e\x{301}e\x{301}e\x{301}e\x{301}e\x{301}e\x{301}e\x{301}e\x{301}e\x{301}e\x{301}e\x{301}e\x{301}e\x{301}e\x{301}e\x{301}e\x{301}e\x{301}e\x{301}e\x{301}e\x{301}e\x{301}e\x{301}e\x{301}e\x{301}e\x{301}e\x{301} e\x{301} e\x{301}e\x{301}e\x{301}e\x{301}e\x{301}e\x{301}e\x{301}e\x{301}e\x{301}e\x{301}e\x{301}e\x{301}e\x{301}e\x{301}e\x{301}e\x{301}e\x{301}e\x{301}e\x{301}e\x{301}e\x{301}e\x{301}e\x{301}e\x{301}e\x{301}e\x{301}e\x{301}e\x{301}e\x{301}e\x{301}e\x{301}e\x{301}e\x{301}e\x{301}e\x{301}e\x{301}e\x{301}e\x{301}e\x{301}e\x{301}e\x{301}e\x{301}e\x{301} e\x{301}e\x{301}e\x{301}e\x{301}e\x{301}e\x{301}e\x{301}e\x{301}e\x{301}e\x{301}e\x{301}e\x{301}e\x{301}e\x{301}e\x{301}e\x{301}e\x{301}e\x{301}e\x{301}e\x{301}e\x{301}e\x{301}e\x{301}e\x{301}e\x{301}e\x{301}e\x{301}e\x{301}e\x{301}e\x{301} e\x{301}e\x{301}e\x{301}e\x{301}e\x{301}e\x{301}e\x{301}e\x{301}e\x{301}e\x{301}e\x{301}e\x{301}e\x{301}e\x{301}e\x{301}e\x{301}e\x{301}e\x{301}e\x{301}e\x{301}e\x{301}e\x{301}"
          text run at (924,6480) width 0: " "
          text run at (0,6496) width 924: "e\x{301}e\x{301}e\x{301}e\x{301}e\x{301}e\x{301}e\x{301}e\x{301}e\x{301}e\x{301}e\x{301}e\x{301}e\x{301}e\x{301}e\x{301}e\x{301}e\x{301}e\x{301}e\x{301}e\x{301}e\x{301}e\x{301}e\x{301}e\x{301}e\x{301}e\x{301}e\x{301}e\x{301}e\x{301}e\x{301}e\x{301}e\x{301} e\x{301} e\x{301}e\x{301}e\x{301}e\x{301}e\x{301}e\x{301}e\x{301}e\x{301}e\x{301}e\x{301}e\x{301}e\x{301}e\x{301}e\x{301}e\x{301}e\x{301}e\x{301}e\x{301}e\x{301}e\x{301}e\x{301}e\x{301}e\x{301}e\x{301}e\x{301}e\x{301}e\x{301}e\x{301}e\x{301}e\x{301}e\x{301}e\x{301}e\x{301}e\x{301}e\x{301}e\x{301}e\x{301}e\x{301}e\x{301}e\x{301}e\x{301}e\x{301}e\x{301} e\x{301}e\x{301}e\x{301}e\x{301}e\x{301}e\x{301}e\x{301}e\x{301}e\x{301}e\x{301}e\x{301}e\x{301}e\x{301}e\x{301}e\x{301}e\x{301}e\x{301}e\x{301}e\x{301}e\x{301}e\x{301}e\x{301}e\x{301}e\x{301}e\x{301}e\x{301}e\x{301}e\x{301}e\x{301}e\x{301} e\x{301}e\x{301}e\x{301}e\x{301}e\x{301}e\x{301}e\x{301}e\x{301}e\x{301}e\x{301}e\x{301}e\x{301}e\x{301}e\x{301}e\x{301}e\x{301}e\x{301}e\x{301}e\x{301}e\x{301}e\x{301}e\x{301}"
          text run at (924,6496) width 0: " "
          text run at (0,6512) width 924: "e\x{301}e\x{301}e\x{301}e\x{301}e\x{301}e\x{301}e\x{301}e\x{301}e\x{301}e\x{301}e\x{301}e\x{301}e\x{301}e\x{301}e\x{301}e\x{301}e\x{301}e\x{301}e\x{301}e\x{301}e\x{301}e\x{301}e\x{301}e\x{301}e\x{301}e\x{301}e\x{301}e\x{301}e\x{301}e\x{301}e\x{301}e\x{301} e\x{301} e\x{301}e\x{301}e\x{301}e\x{301}e\x{301}e\x{301}e\x{301}e\x{301}e\x{301}e\x{301}e\x{301}e\x{301}e\x{301}e\x{301}e\x{301}e\x{301}e\x{301}e\x{301}e\x{301}e\x{301}e\x{301}e\x{301}e\x{301}e\x{301}e\x{301}e\x{301}e\x{301}e\x{301}e\x{301}e\x{301}e\x{301}e\x{301}e\x{301}e\x{301}e\x{301}e\x{301}e\x{301}e\x{301}e\x{301}e\x{301}e\x{301}e\x{301}e\x{301} e\x{301}e\x{301}e\x{301}e\x{301}e\x{301}e\x{301}e\x{301}e\x{301}e\x{301}e\x{301}e\x{301}e\x{301}e\x{301}e\x{301}e\x{301}e\x{301}e\x{301}e\x{301}e\x{301}e\x{301}e\x{301}e\x{301}e\x{301}e\x{301}e\x{301}e\x{301}e\x{301}e\x{301}e\x{301}e\x{301} e\x{301}e\x{301}e\x{301}e\x{301}e\x{301}e\x{301}e\x{301}e\x{301}e\x{301}e\x{301}e\x{301}e\x{301}e\x{301}e\x{301}e\x{301}e\x{301}e\x{301}e\x{301}e\x{301}e\x{301}e\x{301}e\x{301}"
          text run at (924,6512) width 0: " "
          text run at (0,6528) width 924: "e\x{301}e\x{301}e\x{301}e\x{301}e\x{301}e\x{301}e\x{301}e\x{301}e\x{301}e\x{301}e\x{301}e\x{301}e\x{301}e\x{301}e\x{301}e\x{301}e\x{301}e\x{301}e\x{301}e\x{301}e\x{301}e\x{301}e\x{301}e\x{301}e\x{301}e\x{301}e\x{301}e\x{301}e\x{301}e\x{301}e\x{301}e\x{301} e\x{301} e\x{301}e\x{301}e\x{301}e\x{301}e\x{301}e\x{301}e\x{301}e\x{301}e\x{301}e\x{301}e\x{301}e\x{301}e\x{301}e\x{301}e\x{301}e\x{301}e\x{301}e\x{301}e\x{301}e\x{301}e\x{301}e\x{301}e\x{301}e\x{301}e\x{301}e\x{301}e\x{301}e\x{301}e\x{301}e\x{301}e\x{301}e\x{301}e\x{301}e\x{301}e\x{301}e\x{301}e\x{301}e\x{301}e\x{301}e\x{301}e\x{301}e\x{301}e\x{301} e\x{301}e\x{301}e\x{301}e\x{301}e\x{301}e\x{301}e\x{301}e\x{301}e\x{301}e\x{301}e\x{301}e\x{301}e\x{301}e\x{301}e\x{301}e\x{301}e\x{301}e\x{301}e\x{301}e\x{301}e\x{301}e\x{301}e\x{301}e\x{301}e\x{301}e\x{301}e\x{301}e\x{301}e\x{301}e\x{301} e\x{301}e\x{301}e\x{301}e\x{301}e\x{301}e\x{301}e\x{301}e\x{301}e\x{301}e\x{301}e\x{301}e\x{301}e\x{301}e\x{301}e\x{301}e\x{301}e\x{301}e\x{301}e\x{301}e\x{301}e\x{301}e\x{301}"
          text run at (924,6528) width 0: " "
          text run at (0,6544) width 924: "e\x{301}e\x{301}e\x{301}e\x{301}e\x{301}e\x{301}e\x{301}e\x{301}e\x{301}e\x{301}e\x{301}e\x{301}e\x{301}e\x{301}e\x{301}e\x{301}e\x{301}e\x{301}e\x{301}e\x{301}e\x{301}e\x{301}e\x{301}e\x{301}e\x{301}e\x{301}e\x{301}e\x{301}e\x{301}e\x{301}e\x{301}e\x{301} e\x{301} e\x{301}e\x{301}e\x{301}e\x{301}e\x{301}e\x{301}e\x{301}e\x{301}e\x{301}e\x{301}e\x{301}e\x{301}e\x{301}e\x{301}e\x{301}e\x{301}e\x{301}e\x{301}e\x{301}e\x{301}e\x{301}e\x{301}e\x{301}e\x{301}e\x{301}e\x{301}e\x{301}e\x{301}e\x{301}e\x{301}e\x{301}e\x{301}e\x{301}e\x{301}e\x{301}e\x{301}e\x{301}e\x{301}e\x{301}e\x{301}e\x{301}e\x{301}e\x{301} e\x{301}e\x{301}e\x{301}e\x{301}e\x{301}e\x{301}e\x{301}e\x{301}e\x{301}e\x{301}e\x{301}e\x{301}e\x{301}e\x{301}e\x{301}e\x{301}e\x{301}e\x{301}e\x{301}e\x{301}e\x{301}e\x{301}e\x{301}e\x{301}e\x{301}e\x{301}e\x{301}e\x{301}e\x{301}e\x{301} e\x{301}e\x{301}e\x{301}e\x{301}e\x{301}e\x{301}e\x{301}e\x{301}e\x{301}e\x{301}e\x{301}e\x{301}e\x{301}e\x{301}e\x{301}e\x{301}e\x{301}e\x{301}e\x{301}e\x{301}e\x{301}e\x{301}"
          text run at (924,6544) width 0: " "
          text run at (0,6560) width 924: "e\x{301}e\x{301}e\x{301}e\x{301}e\x{301}e\x{301}e\x{301}e\x{301}e\x{301}e\x{301}e\x{301}e\x{301}e\x{301}e\x{301}e\x{301}e\x{301}e\x{301}e\x{301}e\x{301}e\x{301}e\x{301}e\x{301}e\x{301}e\x{301}e\x{301}e\x{301}e\x{301}e\x{301}e\x{301}e\x{301}e\x{301}e\x{301} e\x{301} e\x{301}e\x{301}e\x{301}e\x{301}e\x{301}e\x{301}e\x{301}e\x{301}e\x{301}e\x{301}e\x{301}e\x{301}e\x{301}e\x{301}e\x{301}e\x{301}e\x{301}e\x{301}e\x{301}e\x{301}e\x{301}e\x{301}e\x{301}e\x{301}e\x{301}e\x{301}e\x{301}e\x{301}e\x{301}e\x{301}e\x{301}e\x{301}e\x{301}e\x{301}e\x{301}e\x{301}e\x{301}e\x{301}e\x{301}e\x{301}e\x{301}e\x{301}e\x{301} e\x{301}e\x{301}e\x{301}e\x{301}e\x{301}e\x{301}e\x{301}e\x{301}e\x{301}e\x{301}e\x{301}e\x{301}e\x{301}e\x{301}e\x{301}e\x{301}e\x{301}e\x{301}e\x{301}e\x{301}e\x{301}e\x{301}e\x{301}e\x{301}e\x{301}e\x{301}e\x{301}e\x{301}e\x{301}e\x{301} e\x{301}e\x{301}e\x{301}e\x{301}e\x{301}e\x{301}e\x{301}e\x{301}e\x{301}e\x{301}e\x{301}e\x{301}e\x{301}e\x{301}e\x{301}e\x{301}e\x{301}e\x{301}e\x{301}e\x{301}e\x{301}e\x{301}"
          text run at (924,6560) width 0: " "
          text run at (0,6576) width 924: "e\x{301}e\x{301}e\x{301}e\x{301}e\x{301}e\x{301}e\x{301}e\x{301}e\x{301}e\x{301}e\x{301}e\x{301}e\x{301}e\x{301}e\x{301}e\x{301}e\x{301}e\x{301}e\x{301}e\x{301}e\x{301}e\x{301}e\x{301}e\x{301}e\x{301}e\x{301}e\x{301}e\x{301}e\x{301}e\x{301}e\x{301}e\x{301} e\x{301} e\x{301}e\x{301}e\x{301}e\x{301}e\x{301}e\x{301}e\x{301}e\x{301}e\x{301}e\x{301}e\x{301}e\x{301}e\x{301}e\x{301}e\x{301}e\x{301}e\x{301}e\x{301}e\x{301}e\x{301}e\x{301}e\x{301}e\x{301}e\x{301}e\x{301}e\x{301}e\x{301}e\x{301}e\x{301}e\x{301}e\x{301}e\x{301}e\x{301}e\x{301}e\x{301}e\x{301}e\x{301}e\x{301}e\x{301}e\x{301}e\x{301}e\x{301}e\x{301} e\x{301}e\x{301}e\x{301}e\x{301}e\x{301}e\x{301}e\x{301}e\x{301}e\x{301}e\x{301}e\x{301}e\x{301}e\x{301}e\x{301}e\x{301}e\x{301}e\x{301}e\x{301}e\x{301}e\x{301}e\x{301}e\x{301}e\x{301}e\x{301}e\x{301}e\x{301}e\x{301}e\x{301}e\x{301}e\x{301} e\x{301}e\x{301}e\x{301}e\x{301}e\x{301}e\x{301}e\x{301}e\x{301}e\x{301}e\x{301}e\x{301}e\x{301}e\x{301}e\x{301}e\x{301}e\x{301}e\x{301}e\x{301}e\x{301}e\x{301}e\x{301}e\x{301}"
          text run at (924,6576) width 0: " "
          text run at (0,6592) width 924: "e\x{301}e\x{301}e\x{301}e\x{301}e\x{301}e\x{301}e\x{301}e\x{301}e\x{301}e\x{301}e\x{301}e\x{301}e\x{301}e\x{301}e\x{301}e\x{301}e\x{301}e\x{301}e\x{301}e\x{301}e\x{301}e\x{301}e\x{301}e\x{301}e\x{301}e\x{301}e\x{301}e\x{301}e\x{301}e\x{301}e\x{301}e\x{301} e\x{301} e\x{301}e\x{301}e\x{301}e\x{301}e\x{301}e\x{301}e\x{301}e\x{301}e\x{301}e\x{301}e\x{301}e\x{301}e\x{301}e\x{301}e\x{301}e\x{301}e\x{301}e\x{301}e\x{301}e\x{301}e\x{301}e\x{301}e\x{301}e\x{301}e\x{301}e\x{301}e\x{301}e\x{301}e\x{301}e\x{301}e\x{301}e\x{301}e\x{301}e\x{301}e\x{301}e\x{301}e\x{301}e\x{301}e\x{301}e\x{301}e\x{301}e\x{301}e\x{301} e\x{301}e\x{301}e\x{301}e\x{301}e\x{301}e\x{301}e\x{301}e\x{301}e\x{301}e\x{301}e\x{301}e\x{301}e\x{301}e\x{301}e\x{301}e\x{301}e\x{301}e\x{301}e\x{301}e\x{301}e\x{301}e\x{301}e\x{301}e\x{301}e\x{301}e\x{301}e\x{301}e\x{301}e\x{301}e\x{301} e\x{301}e\x{301}e\x{301}e\x{301}e\x{301}e\x{301}e\x{301}e\x{301}e\x{301}e\x{301}e\x{301}e\x{301}e\x{301}e\x{301}e\x{301}e\x{301}e\x{301}e\x{301}e\x{301}e\x{301}e\x{301}e\x{301}"
          text run at (924,6592) width 0: " "
          text run at (0,6608) width 924: "e\x{301}e\x{301}e\x{301}e\x{301}e\x{301}e\x{301}e\x{301}e\x{301}e\x{301}e\x{301}e\x{301}e\x{301}e\x{301}e\x{301}e\x{301}e\x{301}e\x{301}e\x{301}e\x{301}e\x{301}e\x{301}e\x{301}e\x{301}e\x{301}e\x{301}e\x{301}e\x{301}e\x{301}e\x{301}e\x{301}e\x{301}e\x{301} e\x{301} e\x{301}e\x{301}e\x{301}e\x{301}e\x{301}e\x{301}e\x{301}e\x{301}e\x{301}e\x{301}e\x{301}e\x{301}e\x{301}e\x{301}e\x{301}e\x{301}e\x{301}e\x{301}e\x{301}e\x{301}e\x{301}e\x{301}e\x{301}e\x{301}e\x{301}e\x{301}e\x{301}e\x{301}e\x{301}e\x{301}e\x{301}e\x{301}e\x{301}e\x{301}e\x{301}e\x{301}e\x{301}e\x{301}e\x{301}e\x{301}e\x{301}e\x{301}e\x{301} e\x{301}e\x{301}e\x{301}e\x{301}e\x{301}e\x{301}e\x{301}e\x{301}e\x{301}e\x{301}e\x{301}e\x{301}e\x{301}e\x{301}e\x{301}e\x{301}e\x{301}e\x{301}e\x{301}e\x{301}e\x{301}e\x{301}e\x{301}e\x{301}e\x{301}e\x{301}e\x{301}e\x{301}e\x{301}e\x{301} e\x{301}e\x{301}e\x{301}e\x{301}e\x{301}e\x{301}e\x{301}e\x{301}e\x{301}e\x{301}e\x{301}e\x{301}e\x{301}e\x{301}e\x{301}e\x{301}e\x{301}e\x{301}e\x{301}e\x{301}e\x{301}e\x{301}"
          text run at (924,6608) width 0: " "
          text run at (0,6624) width 924: "e\x{301}e\x{301}e\x{301}e\x{301}e\x{301}e\x{301}e\x{301}e\x{301}e\x{301}e\x{301}e\x{301}e\x{301}e\x{301}e\x{301}e\x{301}e\x{301}e\x{301}e\x{301}e\x{301}e\x{301}e\x{301}e\x{301}e\x{301}e\x{301}e\x{301}e\x{301}e\x{301}e\x{301}e\x{301}e\x{301}e\x{301}e\x{301} e\x{301} e\x{301}e\x{301}e\x{301}e\x{301}e\x{301}e\x{301}e\x{301}e\x{301}e\x{301}e\x{301}e\x{301}e\x{301}e\x{301}e\x{301}e\x{301}e\x{301}e\x{301}e\x{301}e\x{301}e\x{301}e\x{301}e\x{301}e\x{301}e\x{301}e\x{301}e\x{301}e\x{301}e\x{301}e\x{301}e\x{301}e\x{301}e\x{301}e\x{301}e\x{301}e\x{301}e\x{301}e\x{301}e\x{301}e\x{301}e\x{301}e\x{301}e\x{301}e\x{301} e\x{301}e\x{301}e\x{301}e\x{301}e\x{301}e\x{301}e\x{301}e\x{301}e\x{301}e\x{301}e\x{301}e\x{301}e\x{301}e\x{301}e\x{301}e\x{301}e\x{301}e\x{301}e\x{301}e\x{301}e\x{301}e\x{301}e\x{301}e\x{301}e\x{301}e\x{301}e\x{301}e\x{301}e\x{301}e\x{301} e\x{301}e\x{301}e\x{301}e\x{301}e\x{301}e\x{301}e\x{301}e\x{301}e\x{301}e\x{301}e\x{301}e\x{301}e\x{301}e\x{301}e\x{301}e\x{301}e\x{301}e\x{301}e\x{301}e\x{301}e\x{301}e\x{301}"
          text run at (924,6624) width 0: " "
          text run at (0,6640) width 924: "e\x{301}e\x{301}e\x{301}e\x{301}e\x{301}e\x{301}e\x{301}e\x{301}e\x{301}e\x{301}e\x{301}e\x{301}e\x{301}e\x{301}e\x{301}e\x{301}e\x{301}e\x{301}e\x{301}e\x{301}e\x{301}e\x{301}e\x{301}e\x{301}e\x{301}e\x{301}e\x{301}e\x{301}e\x{301}e\x{301}e\x{301}e\x{301} e\x{301} e\x{301}e\x{301}e\x{301}e\x{301}e\x{301}e\x{301}e\x{301}e\x{301}e\x{301}e\x{301}e\x{301}e\x{301}e\x{301}e\x{301}e\x{301}e\x{301}e\x{301}e\x{301}e\x{301}e\x{301}e\x{301}e\x{301}e\x{301}e\x{301}e\x{301}e\x{301}e\x{301}e\x{301}e\x{301}e\x{301}e\x{301}e\x{301}e\x{301}e\x{301}e\x{301}e\x{301}e\x{301}e\x{301}e\x{301}e\x{301}e\x{301}e\x{301}e\x{301} e\x{301}e\x{301}e\x{301}e\x{301}e\x{301}e\x{301}e\x{301}e\x{301}e\x{301}e\x{301}e\x{301}e\x{301}e\x{301}e\x{301}e\x{301}e\x{301}e\x{301}e\x{301}e\x{301}e\x{301}e\x{301}e\x{301}e\x{301}e\x{301}e\x{301}e\x{301}e\x{301}e\x{301}e\x{301}e\x{301} e\x{301}e\x{301}e\x{301}e\x{301}e\x{301}e\x{301}e\x{301}e\x{301}e\x{301}e\x{301}e\x{301}e\x{301}e\x{301}e\x{301}e\x{301}e\x{301}e\x{301}e\x{301}e\x{301}e\x{301}e\x{301}e\x{301}"
          text run at (924,6640) width 0: " "
          text run at (0,6656) width 924: "e\x{301}e\x{301}e\x{301}e\x{301}e\x{301}e\x{301}e\x{301}e\x{301}e\x{301}e\x{301}e\x{301}e\x{301}e\x{301}e\x{301}e\x{301}e\x{301}e\x{301}e\x{301}e\x{301}e\x{301}e\x{301}e\x{301}e\x{301}e\x{301}e\x{301}e\x{301}e\x{301}e\x{301}e\x{301}e\x{301}e\x{301}e\x{301} e\x{301} e\x{301}e\x{301}e\x{301}e\x{301}e\x{301}e\x{301}e\x{301}e\x{301}e\x{301}e\x{301}e\x{301}e\x{301}e\x{301}e\x{301}e\x{301}e\x{301}e\x{301}e\x{301}e\x{301}e\x{301}e\x{301}e\x{301}e\x{301}e\x{301}e\x{301}e\x{301}e\x{301}e\x{301}e\x{301}e\x{301}e\x{301}e\x{301}e\x{301}e\x{301}e\x{301}e\x{301}e\x{301}e\x{301}e\x{301}e\x{301}e\x{301}e\x{301}e\x{301} e\x{301}e\x{301}e\x{301}e\x{301}e\x{301}e\x{301}e\x{301}e\x{301}e\x{301}e\x{301}e\x{301}e\x{301}e\x{301}e\x{301}e\x{301}e\x{301}e\x{301}e\x{301}e\x{301}e\x{301}e\x{301}e\x{301}e\x{301}e\x{301}e\x{301}e\x{301}e\x{301}e\x{301}e\x{301}e\x{301} e\x{301}e\x{301}e\x{301}e\x{301}e\x{301}e\x{301}e\x{301}e\x{301}e\x{301}e\x{301}e\x{301}e\x{301}e\x{301}e\x{301}e\x{301}e\x{301}e\x{301}e\x{301}e\x{301}e\x{301}e\x{301}e\x{301}"
          text run at (924,6656) width 0: " "
          text run at (0,6672) width 924: "e\x{301}e\x{301}e\x{301}e\x{301}e\x{301}e\x{301}e\x{301}e\x{301}e\x{301}e\x{301}e\x{301}e\x{301}e\x{301}e\x{301}e\x{301}e\x{301}e\x{301}e\x{301}e\x{301}e\x{301}e\x{301}e\x{301}e\x{301}e\x{301}e\x{301}e\x{301}e\x{301}e\x{301}e\x{301}e\x{301}e\x{301}e\x{301} e\x{301} e\x{301}e\x{301}e\x{301}e\x{301}e\x{301}e\x{301}e\x{301}e\x{301}e\x{301}e\x{301}e\x{301}e\x{301}e\x{301}e\x{301}e\x{301}e\x{301}e\x{301}e\x{301}e\x{301}e\x{301}e\x{301}e\x{301}e\x{301}e\x{301}e\x{301}e\x{301}e\x{301}e\x{301}e\x{301}e\x{301}e\x{301}e\x{301}e\x{301}e\x{301}e\x{301}e\x{301}e\x{301}e\x{301}e\x{301}e\x{301}e\x{301}e\x{301}e\x{301} e\x{301}e\x{301}e\x{301}e\x{301}e\x{301}e\x{301}e\x{301}e\x{301}e\x{301}e\x{301}e\x{301}e\x{301}e\x{301}e\x{301}e\x{301}e\x{301}e\x{301}e\x{301}e\x{301}e\x{301}e\x{301}e\x{301}e\x{301}e\x{301}e\x{301}e\x{301}e\x{301}e\x{301}e\x{301}e\x{301} e\x{301}e\x{301}e\x{301}e\x{301}e\x{301}e\x{301}e\x{301}e\x{301}e\x{301}e\x{301}e\x{301}e\x{301}e\x{301}e\x{301}e\x{301}e\x{301}e\x{301}e\x{301}e\x{301}e\x{301}e\x{301}e\x{301}"
          text run at (924,6672) width 0: " "
          text run at (0,6688) width 924: "e\x{301}e\x{301}e\x{301}e\x{301}e\x{301}e\x{301}e\x{301}e\x{301}e\x{301}e\x{301}e\x{301}e\x{301}e\x{301}e\x{301}e\x{301}e\x{301}e\x{301}e\x{301}e\x{301}e\x{301}e\x{301}e\x{301}e\x{301}e\x{301}e\x{301}e\x{301}e\x{301}e\x{301}e\x{301}e\x{301}e\x{301}e\x{301} e\x{301} e\x{301}e\x{301}e\x{301}e\x{301}e\x{301}e\x{301}e\x{301}e\x{301}e\x{301}e\x{301}e\x{301}e\x{301}e\x{301}e\x{301}e\x{301}e\x{301}e\x{301}e\x{301}e\x{301}e\x{301}e\x{301}e\x{301}e\x{301}e\x{301}e\x{301}e\x{301}e\x{301}e\x{301}e\x{301}e\x{301}e\x{301}e\x{301}e\x{301}e\x{301}e\x{301}e\x{301}e\x{301}e\x{301}e\x{301}e\x{301}e\x{301}e\x{301}e\x{301} e\x{301}e\x{301}e\x{301}e\x{301}e\x{301}e\x{301}e\x{301}e\x{301}e\x{301}e\x{301}e\x{301}e\x{301}e\x{301}e\x{301}e\x{301}e\x{301}e\x{301}e\x{301}e\x{301}e\x{301}e\x{301}e\x{301}e\x{301}e\x{301}e\x{301}e\x{301}e\x{301}e\x{301}e\x{301}e\x{301} e\x{301}e\x{301}e\x{301}e\x{301}e\x{301}e\x{301}e\x{301}e\x{301}e\x{301}e\x{301}e\x{301}e\x{301}e\x{301}e\x{301}e\x{301}e\x{301}e\x{301}e\x{301}e\x{301}e\x{301}e\x{301}e\x{301}"
          text run at (924,6688) width 0: " "
          text run at (0,6704) width 924: "e\x{301}e\x{301}e\x{301}e\x{301}e\x{301}e\x{301}e\x{301}e\x{301}e\x{301}e\x{301}e\x{301}e\x{301}e\x{301}e\x{301}e\x{301}e\x{301}e\x{301}e\x{301}e\x{301}e\x{301}e\x{301}e\x{301}e\x{301}e\x{301}e\x{301}e\x{301}e\x{301}e\x{301}e\x{301}e\x{301}e\x{301}e\x{301} e\x{301} e\x{301}e\x{301}e\x{301}e\x{301}e\x{301}e\x{301}e\x{301}e\x{301}e\x{301}e\x{301}e\x{301}e\x{301}e\x{301}e\x{301}e\x{301}e\x{301}e\x{301}e\x{301}e\x{301}e\x{301}e\x{301}e\x{301}e\x{301}e\x{301}e\x{301}e\x{301}e\x{301}e\x{301}e\x{301}e\x{301}e\x{301}e\x{301}e\x{301}e\x{301}e\x{301}e\x{301}e\x{301}e\x{301}e\x{301}e\x{301}e\x{301}e\x{301}e\x{301} e\x{301}e\x{301}e\x{301}e\x{301}e\x{301}e\x{301}e\x{301}e\x{301}e\x{301}e\x{301}e\x{301}e\x{301}e\x{301}e\x{301}e\x{301}e\x{301}e\x{301}e\x{301}e\x{301}e\x{301}e\x{301}e\x{301}e\x{301}e\x{301}e\x{301}e\x{301}e\x{301}e\x{301}e\x{301}e\x{301} e\x{301}e\x{301}e\x{301}e\x{301}e\x{301}e\x{301}e\x{301}e\x{301}e\x{301}e\x{301}e\x{301}e\x{301}e\x{301}e\x{301}e\x{301}e\x{301}e\x{301}e\x{301}e\x{301}e\x{301}e\x{301}e\x{301}"
          text run at (924,6704) width 0: " "
          text run at (0,6720) width 924: "e\x{301}e\x{301}e\x{301}e\x{301}e\x{301}e\x{301}e\x{301}e\x{301}e\x{301}e\x{301}e\x{301}e\x{301}e\x{301}e\x{301}e\x{301}e\x{301}e\x{301}e\x{301}e\x{301}e\x{301}e\x{301}e\x{301}e\x{301}e\x{301}e\x{301}e\x{301}e\x{301}e\x{301}e\x{301}e\x{301}e\x{301}e\x{301} e\x{301} e\x{301}e\x{301}e\x{301}e\x{301}e\x{301}e\x{301}e\x{301}e\x{301}e\x{301}e\x{301}e\x{301}e\x{301}e\x{301}e\x{301}e\x{301}e\x{301}e\x{301}e\x{301}e\x{301}e\x{301}e\x{301}e\x{301}e\x{301}e\x{301}e\x{301}e\x{301}e\x{301}e\x{301}e\x{301}e\x{301}e\x{301}e\x{301}e\x{301}e\x{301}e\x{301}e\x{301}e\x{301}e\x{301}e\x{301}e\x{301}e\x{301}e\x{301}e\x{301} e\x{301}e\x{301}e\x{301}e\x{301}e\x{301}e\x{301}e\x{301}e\x{301}e\x{301}e\x{301}e\x{301}e\x{301}e\x{301}e\x{301}e\x{301}e\x{301}e\x{301}e\x{301}e\x{301}e\x{301}e\x{301}e\x{301}e\x{301}e\x{301}e\x{301}e\x{301}e\x{301}e\x{301}e\x{301}e\x{301} e\x{301}e\x{301}e\x{301}e\x{301}e\x{301}e\x{301}e\x{301}e\x{301}e\x{301}e\x{301}e\x{301}e\x{301}e\x{301}e\x{301}e\x{301}e\x{301}e\x{301}e\x{301}e\x{301}e\x{301}e\x{301}e\x{301}"
          text run at (924,6720) width 0: " "
          text run at (0,6736) width 924: "e\x{301}e\x{301}e\x{301}e\x{301}e\x{301}e\x{301}e\x{301}e\x{301}e\x{301}e\x{301}e\x{301}e\x{301}e\x{301}e\x{301}e\x{301}e\x{301}e\x{301}e\x{301}e\x{301}e\x{301}e\x{301}e\x{301}e\x{301}e\x{301}e\x{301}e\x{301}e\x{301}e\x{301}e\x{301}e\x{301}e\x{301}e\x{301} e\x{301} e\x{301}e\x{301}e\x{301}e\x{301}e\x{301}e\x{301}e\x{301}e\x{301}e\x{301}e\x{301}e\x{301}e\x{301}e\x{301}e\x{301}e\x{301}e\x{301}e\x{301}e\x{301}e\x{301}e\x{301}e\x{301}e\x{301}e\x{301}e\x{301}e\x{301}e\x{301}e\x{301}e\x{301}e\x{301}e\x{301}e\x{301}e\x{301}e\x{301}e\x{301}e\x{301}e\x{301}e\x{301}e\x{301}e\x{301}e\x{301}e\x{301}e\x{301}e\x{301} e\x{301}e\x{301}e\x{301}e\x{301}e\x{301}e\x{301}e\x{301}e\x{301}e\x{301}e\x{301}e\x{301}e\x{301}e\x{301}e\x{301}e\x{301}e\x{301}e\x{301}e\x{301}e\x{301}e\x{301}e\x{301}e\x{301}e\x{301}e\x{301}e\x{301}e\x{301}e\x{301}e\x{301}e\x{301}e\x{301} e\x{301}e\x{301}e\x{301}e\x{301}e\x{301}e\x{301}e\x{301}e\x{301}e\x{301}e\x{301}e\x{301}e\x{301}e\x{301}e\x{301}e\x{301}e\x{301}e\x{301}e\x{301}e\x{301}e\x{301}e\x{301}e\x{301}"
          text run at (924,6736) width 0: " "
          text run at (0,6752) width 924: "e\x{301}e\x{301}e\x{301}e\x{301}e\x{301}e\x{301}e\x{301}e\x{301}e\x{301}e\x{301}e\x{301}e\x{301}e\x{301}e\x{301}e\x{301}e\x{301}e\x{301}e\x{301}e\x{301}e\x{301}e\x{301}e\x{301}e\x{301}e\x{301}e\x{301}e\x{301}e\x{301}e\x{301}e\x{301}e\x{301}e\x{301}e\x{301} e\x{301} e\x{301}e\x{301}e\x{301}e\x{301}e\x{301}e\x{301}e\x{301}e\x{301}e\x{301}e\x{301}e\x{301}e\x{301}e\x{301}e\x{301}e\x{301}e\x{301}e\x{301}e\x{301}e\x{301}e\x{301}e\x{301}e\x{301}e\x{301}e\x{301}e\x{301}e\x{301}e\x{301}e\x{301}e\x{301}e\x{301}e\x{301}e\x{301}e\x{301}e\x{301}e\x{301}e\x{301}e\x{301}e\x{301}e\x{301}e\x{301}e\x{301}e\x{301}e\x{301} e\x{301}e\x{301}e\x{301}e\x{301}e\x{301}e\x{301}e\x{301}e\x{301}e\x{301}e\x{301}e\x{301}e\x{301}e\x{301}e\x{301}e\x{301}e\x{301}e\x{301}e\x{301}e\x{301}e\x{301}e\x{301}e\x{301}e\x{301}e\x{301}e\x{301}e\x{301}e\x{301}e\x{301}e\x{301}e\x{301} e\x{301}e\x{301}e\x{301}e\x{301}e\x{301}e\x{301}e\x{301}e\x{301}e\x{301}e\x{301}e\x{301}e\x{301}e\x{301}e\x{301}e\x{301}e\x{301}e\x{301}e\x{301}e\x{301}e\x{301}e\x{301}e\x{301}"
          text run at (924,6752) width 0: " "
          text run at (0,6768) width 924: "e\x{301}e\x{301}e\x{301}e\x{301}e\x{301}e\x{301}e\x{301}e\x{301}e\x{301}e\x{301}e\x{301}e\x{301}e\x{301}e\x{301}e\x{301}e\x{301}e\x{301}e\x{301}e\x{301}e\x{301}e\x{301}e\x{301}e\x{301}e\x{301}e\x{301}e\x{301}e\x{301}e\x{301}e\x{301}e\x{301}e\x{301}e\x{301} e\x{301} e\x{301}e\x{301}e\x{301}e\x{301}e\x{301}e\x{301}e\x{301}e\x{301}e\x{301}e\x{301}e\x{301}e\x{301}e\x{301}e\x{301}e\x{301}e\x{301}e\x{301}e\x{301}e\x{301}e\x{301}e\x{301}e\x{301}e\x{301}e\x{301}e\x{301}e\x{301}e\x{301}e\x{301}e\x{301}e\x{301}e\x{301}e\x{301}e\x{301}e\x{301}e\x{301}e\x{301}e\x{301}e\x{301}e\x{301}e\x{301}e\x{301}e\x{301}e\x{301} e\x{301}e\x{301}e\x{301}e\x{301}e\x{301}e\x{301}e\x{301}e\x{301}e\x{301}e\x{301}e\x{301}e\x{301}e\x{301}e\x{301}e\x{301}e\x{301}e\x{301}e\x{301}e\x{301}e\x{301}e\x{301}e\x{301}e\x{301}e\x{301}e\x{301}e\x{301}e\x{301}e\x{301}e\x{301}e\x{301} e\x{301}e\x{301}e\x{301}e\x{301}e\x{301}e\x{301}e\x{301}e\x{301}e\x{301}e\x{301}e\x{301}e\x{301}e\x{301}e\x{301}e\x{301}e\x{301}e\x{301}e\x{301}e\x{301}e\x{301}e\x{301}e\x{301}"
          text run at (924,6768) width 0: " "
          text run at (0,6784) width 924: "e\x{301}e\x{301}e\x{301}e\x{301}e\x{301}e\x{301}e\x{301}e\x{301}e\x{301}e\x{301}e\x{301}e\x{301}e\x{301}e\x{301}e\x{301}e\x{301}e\x{301}e\x{301}e\x{301}e\x{301}e\x{301}e\x{301}e\x{301}e\x{301}e\x{301}e\x{301}e\x{301}e\x{301}e\x{301}e\x{301}e\x{301}e\x{301} e\x{301} e\x{301}e\x{301}e\x{301}e\x{301}e\x{301}e\x{301}e\x{301}e\x{301}e\x{301}e\x{301}e\x{301}e\x{301}e\x{301}e\x{301}e\x{301}e\x{301}e\x{301}e\x{301}e\x{301}e\x{301}e\x{301}e\x{301}e\x{301}e\x{301}e\x{301}e\x{301}e\x{301}e\x{301}e\x{301}e\x{301}e\x{301}e\x{301}e\x{301}e\x{301}e\x{301}e\x{301}e\x{301}e\x{301}e\x{301}e\x{301}e\x{301}e\x{301}e\x{301} e\x{301}e\x{301}e\x{301}e\x{301}e\x{301}e\x{301}e\x{301}e\x{301}e\x{301}e\x{301}e\x{301}e\x{301}e\x{301}e\x{301}e\x{301}e\x{301}e\x{301}e\x{301}e\x{301}e\x{301}e\x{301}e\x{301}e\x{301}e\x{301}e\x{301}e\x{301}e\x{301}e\x{301}e\x{301}e\x{301} e\x{301}e\x{301}e\x{301}e\x{301}e\x{301}e\x{301}e\x{301}e\x{301}e\x{301}e\x{301}e\x{301}e\x{301}e\x{301}e\x{301}e\x{301}e\x{301}e\x{301}e\x{301}e\x{301}e\x{301}e\x{301}e\x{301}"
          text run at (924,6784) width 0: " "
          text run at (0,6800) width 924: "e\x{301}e\x{301}e\x{301}e\x{301}e\x{301}e\x{301}e\x{301}e\x{301}e\x{301}e\x{301}e\x{301}e\x{301}e\x{301}e\x{301}e\x{301}e\x{301}e\x{301}e\x{301}e\x{301}e\x{301}e\x{301}e\x{301}e\x{301}e\x{301}e\x{301}e\x{301}e\x{301}e\x{301}e\x{301}e\x{301}e\x{301}e\x{301} e\x{301} e\x{301}e\x{301}e\x{301}e\x{301}e\x{301}e\x{301}e\x{301}e\x{301}e\x{301}e\x{301}e\x{301}e\x{301}e\x{301}e\x{301}e\x{301}e\x{301}e\x{301}e\x{301}e\x{301}e\x{301}e\x{301}e\x{301}e\x{301}e\x{301}e\x{301}e\x{301}e\x{301}e\x{301}e\x{301}e\x{301}e\x{301}e\x{301}e\x{301}e\x{301}e\x{301}e\x{301}e\x{301}e\x{301}e\x{301}e\x{301}e\x{301}e\x{301}e\x{301} e\x{301}e\x{301}e\x{301}e\x{301}e\x{301}e\x{301}e\x{301}e\x{301}e\x{301}e\x{301}e\x{301}e\x{301}e\x{301}e\x{301}e\x{301}e\x{301}e\x{301}e\x{301}e\x{301}e\x{301}e\x{301}e\x{301}e\x{301}e\x{301}e\x{301}e\x{301}e\x{301}e\x{301}e\x{301}e\x{301} e\x{301}e\x{301}e\x{301}e\x{301}e\x{301}e\x{301}e\x{301}e\x{301}e\x{301}e\x{301}e\x{301}e\x{301}e\x{301}e\x{301}e\x{301}e\x{301}e\x{301}e\x{301}e\x{301}e\x{301}e\x{301}e\x{301}"
          text run at (924,6800) width 0: " "
          text run at (0,6816) width 924: "e\x{301}e\x{301}e\x{301}e\x{301}e\x{301}e\x{301}e\x{301}e\x{301}e\x{301}e\x{301}e\x{301}e\x{301}e\x{301}e\x{301}e\x{301}e\x{301}e\x{301}e\x{301}e\x{301}e\x{301}e\x{301}e\x{301}e\x{301}e\x{301}e\x{301}e\x{301}e\x{301}e\x{301}e\x{301}e\x{301}e\x{301}e\x{301} e\x{301} e\x{301}e\x{301}e\x{301}e\x{301}e\x{301}e\x{301}e\x{301}e\x{301}e\x{301}e\x{301}e\x{301}e\x{301}e\x{301}e\x{301}e\x{301}e\x{301}e\x{301}e\x{301}e\x{301}e\x{301}e\x{301}e\x{301}e\x{301}e\x{301}e\x{301}e\x{301}e\x{301}e\x{301}e\x{301}e\x{301}e\x{301}e\x{301}e\x{301}e\x{301}e\x{301}e\x{301}e\x{301}e\x{301}e\x{301}e\x{301}e\x{301}e\x{301}e\x{301} e\x{301}e\x{301}e\x{301}e\x{301}e\x{301}e\x{301}e\x{301}e\x{301}e\x{301}e\x{301}e\x{301}e\x{301}e\x{301}e\x{301}e\x{301}e\x{301}e\x{301}e\x{301}e\x{301}e\x{301}e\x{301}e\x{301}e\x{301}e\x{301}e\x{301}e\x{301}e\x{301}e\x{301}e\x{301}e\x{301} e\x{301}e\x{301}e\x{301}e\x{301}e\x{301}e\x{301}e\x{301}e\x{301}e\x{301}e\x{301}e\x{301}e\x{301}e\x{301}e\x{301}e\x{301}e\x{301}e\x{301}e\x{301}e\x{301}e\x{301}e\x{301}e\x{301}"
          text run at (924,6816) width 0: " "
          text run at (0,6832) width 924: "e\x{301}e\x{301}e\x{301}e\x{301}e\x{301}e\x{301}e\x{301}e\x{301}e\x{301}e\x{301}e\x{301}e\x{301}e\x{301}e\x{301}e\x{301}e\x{301}e\x{301}e\x{301}e\x{301}e\x{301}e\x{301}e\x{301}e\x{301}e\x{301}e\x{301}e\x{301}e\x{301}e\x{301}e\x{301}e\x{301}e\x{301}e\x{301} e\x{301} e\x{301}e\x{301}e\x{301}e\x{301}e\x{301}e\x{301}e\x{301}e\x{301}e\x{301}e\x{301}e\x{301}e\x{301}e\x{301}e\x{301}e\x{301}e\x{301}e\x{301}e\x{301}e\x{301}e\x{301}e\x{301}e\x{301}e\x{301}e\x{301}e\x{301}e\x{301}e\x{301}e\x{301}e\x{301}e\x{301}e\x{301}e\x{301}e\x{301}e\x{301}e\x{301}e\x{301}e\x{301}e\x{301}e\x{301}e\x{301}e\x{301}e\x{301}e\x{301} e\x{301}e\x{301}e\x{301}e\x{301}e\x{301}e\x{301}e\x{301}e\x{301}e\x{301}e\x{301}e\x{301}e\x{301}e\x{301}e\x{301}e\x{301}e\x{301}e\x{301}e\x{301}e\x{301}e\x{301}e\x{301}e\x{301}e\x{301}e\x{301}e\x{301}e\x{301}e\x{301}e\x{301}e\x{301}e\x{301} e\x{301}e\x{301}e\x{301}e\x{301}e\x{301}e\x{301}e\x{301}e\x{301}e\x{301}e\x{301}e\x{301}e\x{301}e\x{301}e\x{301}e\x{301}e\x{301}e\x{301}e\x{301}e\x{301}e\x{301}e\x{301}e\x{301}"
          text run at (924,6832) width 0: " "
          text run at (0,6848) width 924: "e\x{301}e\x{301}e\x{301}e\x{301}e\x{301}e\x{301}e\x{301}e\x{301}e\x{301}e\x{301}e\x{301}e\x{301}e\x{301}e\x{301}e\x{301}e\x{301}e\x{301}e\x{301}e\x{301}e\x{301}e\x{301}e\x{301}e\x{301}e\x{301}e\x{301}e\x{301}e\x{301}e\x{301}e\x{301}e\x{301}e\x{301}e\x{301} e\x{301} e\x{301}e\x{301}e\x{301}e\x{301}e\x{301}e\x{301}e\x{301}e\x{301}e\x{301}e\x{301}e\x{301}e\x{301}e\x{301}e\x{301}e\x{301}e\x{301}e\x{301}e\x{301}e\x{301}e\x{301}e\x{301}e\x{301}e\x{301}e\x{301}e\x{301}e\x{301}e\x{301}e\x{301}e\x{301}e\x{301}e\x{301}e\x{301}e\x{301}e\x{301}e\x{301}e\x{301}e\x{301}e\x{301}e\x{301}e\x{301}e\x{301}e\x{301}e\x{301} e\x{301}e\x{301}e\x{301}e\x{301}e\x{301}e\x{301}e\x{301}e\x{301}e\x{301}e\x{301}e\x{301}e\x{301}e\x{301}e\x{301}e\x{301}e\x{301}e\x{301}e\x{301}e\x{301}e\x{301}e\x{301}e\x{301}e\x{301}e\x{301}e\x{301}e\x{301}e\x{301}e\x{301}e\x{301}e\x{301} e\x{301}e\x{301}e\x{301}e\x{301}e\x{301}e\x{301}e\x{301}e\x{301}e\x{301}e\x{301}e\x{301}e\x{301}e\x{301}e\x{301}e\x{301}e\x{301}e\x{301}e\x{301}e\x{301}e\x{301}e\x{301}e\x{301}"
          text run at (924,6848) width 0: " "
          text run at (0,6864) width 924: "e\x{301}e\x{301}e\x{301}e\x{301}e\x{301}e\x{301}e\x{301}e\x{301}e\x{301}e\x{301}e\x{301}e\x{301}e\x{301}e\x{301}e\x{301}e\x{301}e\x{301}e\x{301}e\x{301}e\x{301}e\x{301}e\x{301}e\x{301}e\x{301}e\x{301}e\x{301}e\x{301}e\x{301}e\x{301}e\x{301}e\x{301}e\x{301} e\x{301} e\x{301}e\x{301}e\x{301}e\x{301}e\x{301}e\x{301}e\x{301}e\x{301}e\x{301}e\x{301}e\x{301}e\x{301}e\x{301}e\x{301}e\x{301}e\x{301}e\x{301}e\x{301}e\x{301}e\x{301}e\x{301}e\x{301}e\x{301}e\x{301}e\x{301}e\x{301}e\x{301}e\x{301}e\x{301}e\x{301}e\x{301}e\x{301}e\x{301}e\x{301}e\x{301}e\x{301}e\x{301}e\x{301}e\x{301}e\x{301}e\x{301}e\x{301}e\x{301} e\x{301}e\x{301}e\x{301}e\x{301}e\x{301}e\x{301}e\x{301}e\x{301}e\x{301}e\x{301}e\x{301}e\x{301}e\x{301}e\x{301}e\x{301}e\x{301}e\x{301}e\x{301}e\x{301}e\x{301}e\x{301}e\x{301}e\x{301}e\x{301}e\x{301}e\x{301}e\x{301}e\x{301}e\x{301}e\x{301} e\x{301}e\x{301}e\x{301}e\x{301}e\x{301}e\x{301}e\x{301}e\x{301}e\x{301}e\x{301}e\x{301}e\x{301}e\x{301}e\x{301}e\x{301}e\x{301}e\x{301}e\x{301}e\x{301}e\x{301}e\x{301}e\x{301}"
          text run at (924,6864) width 0: " "
          text run at (0,6880) width 924: "e\x{301}e\x{301}e\x{301}e\x{301}e\x{301}e\x{301}e\x{301}e\x{301}e\x{301}e\x{301}e\x{301}e\x{301}e\x{301}e\x{301}e\x{301}e\x{301}e\x{301}e\x{301}e\x{301}e\x{301}e\x{301}e\x{301}e\x{301}e\x{301}e\x{301}e\x{301}e\x{301}e\x{301}e\x{301}e\x{301}e\x{301}e\x{301} e\x{301} e\x{301}e\x{301}e\x{301}e\x{301}e\x{301}e\x{301}e\x{301}e\x{301}e\x{301}e\x{301}e\x{301}e\x{301}e\x{301}e\x{301}e\x{301}e\x{301}e\x{301}e\x{301}e\x{301}e\x{301}e\x{301}e\x{301}e\x{301}e\x{301}e\x{301}e\x{301}e\x{301}e\x{301}e\x{301}e\x{301}e\x{301}e\x{301}e\x{301}e\x{301}e\x{301}e\x{301}e\x{301}e\x{301}e\x{301}e\x{301}e\x{301}e\x{301}e\x{301} e\x{301}e\x{301}e\x{301}e\x{301}e\x{301}e\x{301}e\x{301}e\x{301}e\x{301}e\x{301}e\x{301}e\x{301}e\x{301}e\x{301}e\x{301}e\x{301}e\x{301}e\x{301}e\x{301}e\x{301}e\x{301}e\x{301}e\x{301}e\x{301}e\x{301}e\x{301}e\x{301}e\x{301}e\x{301}e\x{301} e\x{301}e\x{301}e\x{301}e\x{301}e\x{301}e\x{301}e\x{301}e\x{301}e\x{301}e\x{301}e\x{301}e\x{301}e\x{301}e\x{301}e\x{301}e\x{301}e\x{301}e\x{301}e\x{301}e\x{301}e\x{301}e\x{301}"
          text run at (924,6880) width 0: " "
          text run at (0,6896) width 924: "e\x{301}e\x{301}e\x{301}e\x{301}e\x{301}e\x{301}e\x{301}e\x{301}e\x{301}e\x{301}e\x{301}e\x{301}e\x{301}e\x{301}e\x{301}e\x{301}e\x{301}e\x{301}e\x{301}e\x{301}e\x{301}e\x{301}e\x{301}e\x{301}e\x{301}e\x{301}e\x{301}e\x{301}e\x{301}e\x{301}e\x{301}e\x{301} e\x{301} e\x{301}e\x{301}e\x{301}e\x{301}e\x{301}e\x{301}e\x{301}e\x{301}e\x{301}e\x{301}e\x{301}e\x{301}e\x{301}e\x{301}e\x{301}e\x{301}e\x{301}e\x{301}e\x{301}e\x{301}e\x{301}e\x{301}e\x{301}e\x{301}e\x{301}e\x{301}e\x{301}e\x{301}e\x{301}e\x{301}e\x{301}e\x{301}e\x{301}e\x{301}e\x{301}e\x{301}e\x{301}e\x{301}e\x{301}e\x{301}e\x{301}e\x{301}e\x{301} e\x{301}e\x{301}e\x{301}e\x{301}e\x{301}e\x{301}e\x{301}e\x{301}e\x{301}e\x{301}e\x{301}e\x{301}e\x{301}e\x{301}e\x{301}e\x{301}e\x{301}e\x{301}e\x{301}e\x{301}e\x{301}e\x{301}e\x{301}e\x{301}e\x{301}e\x{301}e\x{301}e\x{301}e\x{301}e\x{301} e\x{301}e\x{301}e\x{301}e\x{301}e\x{301}e\x{301}e\x{301}e\x{301}e\x{301}e\x{301}e\x{301}e\x{301}e\x{301}e\x{301}e\x{301}e\x{301}e\x{301}e\x{301}e\x{301}e\x{301}e\x{301}e\x{301}"
          text run at (924,6896) width 0: " "
          text run at (0,6912) width 924: "e\x{301}e\x{301}e\x{301}e\x{301}e\x{301}e\x{301}e\x{301}e\x{301}e\x{301}e\x{301}e\x{301}e\x{301}e\x{301}e\x{301}e\x{301}e\x{301}e\x{301}e\x{301}e\x{301}e\x{301}e\x{301}e\x{301}e\x{301}e\x{301}e\x{301}e\x{301}e\x{301}e\x{301}e\x{301}e\x{301}e\x{301}e\x{301} e\x{301} e\x{301}e\x{301}e\x{301}e\x{301}e\x{301}e\x{301}e\x{301}e\x{301}e\x{301}e\x{301}e\x{301}e\x{301}e\x{301}e\x{301}e\x{301}e\x{301}e\x{301}e\x{301}e\x{301}e\x{301}e\x{301}e\x{301}e\x{301}e\x{301}e\x{301}e\x{301}e\x{301}e\x{301}e\x{301}e\x{301}e\x{301}e\x{301}e\x{301}e\x{301}e\x{301}e\x{301}e\x{301}e\x{301}e\x{301}e\x{301}e\x{301}e\x{301}e\x{301} e\x{301}e\x{301}e\x{301}e\x{301}e\x{301}e\x{301}e\x{301}e\x{301}e\x{301}e\x{301}e\x{301}e\x{301}e\x{301}e\x{301}e\x{301}e\x{301}e\x{301}e\x{301}e\x{301}e\x{301}e\x{301}e\x{301}e\x{301}e\x{301}e\x{301}e\x{301}e\x{301}e\x{301}e\x{301}e\x{301} e\x{301}e\x{301}e\x{301}e\x{301}e\x{301}e\x{301}e\x{301}e\x{301}e\x{301}e\x{301}e\x{301}e\x{301}e\x{301}e\x{301}e\x{301}e\x{301}e\x{301}e\x{301}e\x{301}e\x{301}e\x{301}e\x{301}"
          text run at (924,6912) width 0: " "
          text run at (0,6928) width 924: "e\x{301}e\x{301}e\x{301}e\x{301}e\x{301}e\x{301}e\x{301}e\x{301}e\x{301}e\x{301}e\x{301}e\x{301}e\x{301}e\x{301}e\x{301}e\x{301}e\x{301}e\x{301}e\x{301}e\x{301}e\x{301}e\x{301}e\x{301}e\x{301}e\x{301}e\x{301}e\x{301}e\x{301}e\x{301}e\x{301}e\x{301}e\x{301} e\x{301} e\x{301}e\x{301}e\x{301}e\x{301}e\x{301}e\x{301}e\x{301}e\x{301}e\x{301}e\x{301}e\x{301}e\x{301}e\x{301}e\x{301}e\x{301}e\x{301}e\x{301}e\x{301}e\x{301}e\x{301}e\x{301}e\x{301}e\x{301}e\x{301}e\x{301}e\x{301}e\x{301}e\x{301}e\x{301}e\x{301}e\x{301}e\x{301}e\x{301}e\x{301}e\x{301}e\x{301}e\x{301}e\x{301}e\x{301}e\x{301}e\x{301}e\x{301}e\x{301} e\x{301}e\x{301}e\x{301}e\x{301}e\x{301}e\x{301}e\x{301}e\x{301}e\x{301}e\x{301}e\x{301}e\x{301}e\x{301}e\x{301}e\x{301}e\x{301}e\x{301}e\x{301}e\x{301}e\x{301}e\x{301}e\x{301}e\x{301}e\x{301}e\x{301}e\x{301}e\x{301}e\x{301}e\x{301}e\x{301} e\x{301}e\x{301}e\x{301}e\x{301}e\x{301}e\x{301}e\x{301}e\x{301}e\x{301}e\x{301}e\x{301}e\x{301}e\x{301}e\x{301}e\x{301}e\x{301}e\x{301}e\x{301}e\x{301}e\x{301}e\x{301}e\x{301}"
          text run at (924,6928) width 0: " "
          text run at (0,6944) width 924: "e\x{301}e\x{301}e\x{301}e\x{301}e\x{301}e\x{301}e\x{301}e\x{301}e\x{301}e\x{301}e\x{301}e\x{301}e\x{301}e\x{301}e\x{301}e\x{301}e\x{301}e\x{301}e\x{301}e\x{301}e\x{301}e\x{301}e\x{301}e\x{301}e\x{301}e\x{301}e\x{301}e\x{301}e\x{301}e\x{301}e\x{301}e\x{301} e\x{301} e\x{301}e\x{301}e\x{301}e\x{301}e\x{301}e\x{301}e\x{301}e\x{301}e\x{301}e\x{301}e\x{301}e\x{301}e\x{301}e\x{301}e\x{301}e\x{301}e\x{301}e\x{301}e\x{301}e\x{301}e\x{301}e\x{301}e\x{301}e\x{301}e\x{301}e\x{301}e\x{301}e\x{301}e\x{301}e\x{301}e\x{301}e\x{301}e\x{301}e\x{301}e\x{301}e\x{301}e\x{301}e\x{301}e\x{301}e\x{301}e\x{301}e\x{301}e\x{301} e\x{301}e\x{301}e\x{301}e\x{301}e\x{301}e\x{301}e\x{301}e\x{301}e\x{301}e\x{301}e\x{301}e\x{301}e\x{301}e\x{301}e\x{301}e\x{301}e\x{301}e\x{301}e\x{301}e\x{301}e\x{301}e\x{301}e\x{301}e\x{301}e\x{301}e\x{301}e\x{301}e\x{301}e\x{301}e\x{301} e\x{301}e\x{301}e\x{301}e\x{301}e\x{301}e\x{301}e\x{301}e\x{301}e\x{301}e\x{301}e\x{301}e\x{301}e\x{301}e\x{301}e\x{301}e\x{301}e\x{301}e\x{301}e\x{301}e\x{301}e\x{301}e\x{301}"
          text run at (924,6944) width 0: " "
          text run at (0,6960) width 924: "e\x{301}e\x{301}e\x{301}e\x{301}e\x{301}e\x{301}e\x{301}e\x{301}e\x{301}e\x{301}e\x{301}e\x{301}e\x{301}e\x{301}e\x{301}e\x{301}e\x{301}e\x{301}e\x{301}e\x{301}e\x{301}e\x{301}e\x{301}e\x{301}e\x{301}e\x{301}e\x{301}e\x{301}e\x{301}e\x{301}e\x{301}e\x{301} e\x{301} e\x{301}e\x{301}e\x{301}e\x{301}e\x{301}e\x{301}e\x{301}e\x{301}e\x{301}e\x{301}e\x{301}e\x{301}e\x{301}e\x{301}e\x{301}e\x{301}e\x{301}e\x{301}e\x{301}e\x{301}e\x{301}e\x{301}e\x{301}e\x{301}e\x{301}e\x{301}e\x{301}e\x{301}e\x{301}e\x{301}e\x{301}e\x{301}e\x{301}e\x{301}e\x{301}e\x{301}e\x{301}e\x{301}e\x{301}e\x{301}e\x{301}e\x{301}e\x{301} e\x{301}e\x{301}e\x{301}e\x{301}e\x{301}e\x{301}e\x{301}e\x{301}e\x{301}e\x{301}e\x{301}e\x{301}e\x{301}e\x{301}e\x{301}e\x{301}e\x{301}e\x{301}e\x{301}e\x{301}e\x{301}e\x{301}e\x{301}e\x{301}e\x{301}e\x{301}e\x{301}e\x{301}e\x{301}e\x{301} e\x{301}e\x{301}e\x{301}e\x{301}e\x{301}e\x{301}e\x{301}e\x{301}e\x{301}e\x{301}e\x{301}e\x{301}e\x{301}e\x{301}e\x{301}e\x{301}e\x{301}e\x{301}e\x{301}e\x{301}e\x{301}e\x{301}"
          text run at (924,6960) width 0: " "
          text run at (0,6976) width 924: "e\x{301}e\x{301}e\x{301}e\x{301}e\x{301}e\x{301}e\x{301}e\x{301}e\x{301}e\x{301}e\x{301}e\x{301}e\x{301}e\x{301}e\x{301}e\x{301}e\x{301}e\x{301}e\x{301}e\x{301}e\x{301}e\x{301}e\x{301}e\x{301}e\x{301}e\x{301}e\x{301}e\x{301}e\x{301}e\x{301}e\x{301}e\x{301} e\x{301} e\x{301}e\x{301}e\x{301}e\x{301}e\x{301}e\x{301}e\x{301}e\x{301}e\x{301}e\x{301}e\x{301}e\x{301}e\x{301}e\x{301}e\x{301}e\x{301}e\x{301}e\x{301}e\x{301}e\x{301}e\x{301}e\x{301}e\x{301}e\x{301}e\x{301}e\x{301}e\x{301}e\x{301}e\x{301}e\x{301}e\x{301}e\x{301}e\x{301}e\x{301}e\x{301}e\x{301}e\x{301}e\x{301}e\x{301}e\x{301}e\x{301}e\x{301}e\x{301} e\x{301}e\x{301}e\x{301}e\x{301}e\x{301}e\x{301}e\x{301}e\x{301}e\x{301}e\x{301}e\x{301}e\x{301}e\x{301}e\x{301}e\x{301}e\x{301}e\x{301}e\x{301}e\x{301}e\x{301}e\x{301}e\x{301}e\x{301}e\x{301}e\x{301}e\x{301}e\x{301}e\x{301}e\x{301}e\x{301} e\x{301}e\x{301}e\x{301}e\x{301}e\x{301}e\x{301}e\x{301}e\x{301}e\x{301}e\x{301}e\x{301}e\x{301}e\x{301}e\x{301}e\x{301}e\x{301}e\x{301}e\x{301}e\x{301}e\x{301}e\x{301}e\x{301}"
          text run at (924,6976) width 0: " "
          text run at (0,6992) width 924: "e\x{301}e\x{301}e\x{301}e\x{301}e\x{301}e\x{301}e\x{301}e\x{301}e\x{301}e\x{301}e\x{301}e\x{301}e\x{301}e\x{301}e\x{301}e\x{301}e\x{301}e\x{301}e\x{301}e\x{301}e\x{301}e\x{301}e\x{301}e\x{301}e\x{301}e\x{301}e\x{301}e\x{301}e\x{301}e\x{301}e\x{301}e\x{301} e\x{301} e\x{301}e\x{301}e\x{301}e\x{301}e\x{301}e\x{301}e\x{301}e\x{301}e\x{301}e\x{301}e\x{301}e\x{301}e\x{301}e\x{301}e\x{301}e\x{301}e\x{301}e\x{301}e\x{301}e\x{301}e\x{301}e\x{301}e\x{301}e\x{301}e\x{301}e\x{301}e\x{301}e\x{301}e\x{301}e\x{301}e\x{301}e\x{301}e\x{301}e\x{301}e\x{301}e\x{301}e\x{301}e\x{301}e\x{301}e\x{301}e\x{301}e\x{301}e\x{301} e\x{301}e\x{301}e\x{301}e\x{301}e\x{301}e\x{301}e\x{301}e\x{301}e\x{301}e\x{301}e\x{301}e\x{301}e\x{301}e\x{301}e\x{301}e\x{301}e\x{301}e\x{301}e\x{301}e\x{301}e\x{301}e\x{301}e\x{301}e\x{301}e\x{301}e\x{301}e\x{301}e\x{301}e\x{301}e\x{301} e\x{301}e\x{301}e\x{301}e\x{301}e\x{301}e\x{301}e\x{301}e\x{301}e\x{301}e\x{301}e\x{301}e\x{301}e\x{301}e\x{301}e\x{301}e\x{301}e\x{301}e\x{301}e\x{301}e\x{301}e\x{301}e\x{301}"
          text run at (924,6992) width 0: " "
          text run at (0,7008) width 924: "e\x{301}e\x{301}e\x{301}e\x{301}e\x{301}e\x{301}e\x{301}e\x{301}e\x{301}e\x{301}e\x{301}e\x{301}e\x{301}e\x{301}e\x{301}e\x{301}e\x{301}e\x{301}e\x{301}e\x{301}e\x{301}e\x{301}e\x{301}e\x{301}e\x{301}e\x{301}e\x{301}e\x{301}e\x{301}e\x{301}e\x{301}e\x{301} e\x{301} e\x{301}e\x{301}e\x{301}e\x{301}e\x{301}e\x{301}e\x{301}e\x{301}e\x{301}e\x{301}e\x{301}e\x{301}e\x{301}e\x{301}e\x{301}e\x{301}e\x{301}e\x{301}e\x{301}e\x{301}e\x{301}e\x{301}e\x{301}e\x{301}e\x{301}e\x{301}e\x{301}e\x{301}e\x{301}e\x{301}e\x{301}e\x{301}e\x{301}e\x{301}e\x{301}e\x{301}e\x{301}e\x{301}e\x{301}e\x{301}e\x{301}e\x{301}e\x{301} e\x{301}e\x{301}e\x{301}e\x{301}e\x{301}e\x{301}e\x{301}e\x{301}e\x{301}e\x{301}e\x{301}e\x{301}e\x{301}e\x{301}e\x{301}e\x{301}e\x{301}e\x{301}e\x{301}e\x{301}e\x{301}e\x{301}e\x{301}e\x{301}e\x{301}e\x{301}e\x{301}e\x{301}e\x{301}e\x{301} e\x{301}e\x{301}e\x{301}e\x{301}e\x{301}e\x{301}e\x{301}e\x{301}e\x{301}e\x{301}e\x{301}e\x{301}e\x{301}e\x{301}e\x{301}e\x{301}e\x{301}e\x{301}e\x{301}e\x{301}e\x{301}e\x{301}"
          text run at (924,7008) width 0: " "
          text run at (0,7024) width 924: "e\x{301}e\x{301}e\x{301}e\x{301}e\x{301}e\x{301}e\x{301}e\x{301}e\x{301}e\x{301}e\x{301}e\x{301}e\x{301}e\x{301}e\x{301}e\x{301}e\x{301}e\x{301}e\x{301}e\x{301}e\x{301}e\x{301}e\x{301}e\x{301}e\x{301}e\x{301}e\x{301}e\x{301}e\x{301}e\x{301}e\x{301}e\x{301} e\x{301} e\x{301}e\x{301}e\x{301}e\x{301}e\x{301}e\x{301}e\x{301}e\x{301}e\x{301}e\x{301}e\x{301}e\x{301}e\x{301}e\x{301}e\x{301}e\x{301}e\x{301}e\x{301}e\x{301}e\x{301}e\x{301}e\x{301}e\x{301}e\x{301}e\x{301}e\x{301}e\x{301}e\x{301}e\x{301}e\x{301}e\x{301}e\x{301}e\x{301}e\x{301}e\x{301}e\x{301}e\x{301}e\x{301}e\x{301}e\x{301}e\x{301}e\x{301}e\x{301} e\x{301}e\x{301}e\x{301}e\x{301}e\x{301}e\x{301}e\x{301}e\x{301}e\x{301}e\x{301}e\x{301}e\x{301}e\x{301}e\x{301}e\x{301}e\x{301}e\x{301}e\x{301}e\x{301}e\x{301}e\x{301}e\x{301}e\x{301}e\x{301}e\x{301}e\x{301}e\x{301}e\x{301}e\x{301}e\x{301} e\x{301}e\x{301}e\x{301}e\x{301}e\x{301}e\x{301}e\x{301}e\x{301}e\x{301}e\x{301}e\x{301}e\x{301}e\x{301}e\x{301}e\x{301}e\x{301}e\x{301}e\x{301}e\x{301}e\x{301}e\x{301}e\x{301}"
          text run at (924,7024) width 0: " "
          text run at (0,7040) width 924: "e\x{301}e\x{301}e\x{301}e\x{301}e\x{301}e\x{301}e\x{301}e\x{301}e\x{301}e\x{301}e\x{301}e\x{301}e\x{301}e\x{301}e\x{301}e\x{301}e\x{301}e\x{301}e\x{301}e\x{301}e\x{301}e\x{301}e\x{301}e\x{301}e\x{301}e\x{301}e\x{301}e\x{301}e\x{301}e\x{301}e\x{301}e\x{301} e\x{301} e\x{301}e\x{301}e\x{301}e\x{301}e\x{301}e\x{301}e\x{301}e\x{301}e\x{301}e\x{301}e\x{301}e\x{301}e\x{301}e\x{301}e\x{301}e\x{301}e\x{301}e\x{301}e\x{301}e\x{301}e\x{301}e\x{301}e\x{301}e\x{301}e\x{301}e\x{301}e\x{301}e\x{301}e\x{301}e\x{301}e\x{301}e\x{301}e\x{301}e\x{301}e\x{301}e\x{301}e\x{301}e\x{301}e\x{301}e\x{301}e\x{301}e\x{301}e\x{301} e\x{301}e\x{301}e\x{301}e\x{301}e\x{301}e\x{301}e\x{301}e\x{301}e\x{301}e\x{301}e\x{301}e\x{301}e\x{301}e\x{301}e\x{301}e\x{301}e\x{301}e\x{301}e\x{301}e\x{301}e\x{301}e\x{301}e\x{301}e\x{301}e\x{301}e\x{301}e\x{301}e\x{301}e\x{301}e\x{301} e\x{301}e\x{301}e\x{301}e\x{301}e\x{301}e\x{301}e\x{301}e\x{301}e\x{301}e\x{301}e\x{301}e\x{301}e\x{301}e\x{301}e\x{301}e\x{301}e\x{301}e\x{301}e\x{301}e\x{301}e\x{301}e\x{301}"
          text run at (924,7040) width 0: " "
          text run at (0,7056) width 924: "e\x{301}e\x{301}e\x{301}e\x{301}e\x{301}e\x{301}e\x{301}e\x{301}e\x{301}e\x{301}e\x{301}e\x{301}e\x{301}e\x{301}e\x{301}e\x{301}e\x{301}e\x{301}e\x{301}e\x{301}e\x{301}e\x{301}e\x{301}e\x{301}e\x{301}e\x{301}e\x{301}e\x{301}e\x{301}e\x{301}e\x{301}e\x{301} e\x{301} e\x{301}e\x{301}e\x{301}e\x{301}e\x{301}e\x{301}e\x{301}e\x{301}e\x{301}e\x{301}e\x{301}e\x{301}e\x{301}e\x{301}e\x{301}e\x{301}e\x{301}e\x{301}e\x{301}e\x{301}e\x{301}e\x{301}e\x{301}e\x{301}e\x{301}e\x{301}e\x{301}e\x{301}e\x{301}e\x{301}e\x{301}e\x{301}e\x{301}e\x{301}e\x{301}e\x{301}e\x{301}e\x{301}e\x{301}e\x{301}e\x{301}e\x{301}e\x{301} e\x{301}e\x{301}e\x{301}e\x{301}e\x{301}e\x{301}e\x{301}e\x{301}e\x{301}e\x{301}e\x{301}e\x{301}e\x{301}e\x{301}e\x{301}e\x{301}e\x{301}e\x{301}e\x{301}e\x{301}e\x{301}e\x{301}e\x{301}e\x{301}e\x{301}e\x{301}e\x{301}e\x{301}e\x{301}e\x{301} e\x{301}e\x{301}e\x{301}e\x{301}e\x{301}e\x{301}e\x{301}e\x{301}e\x{301}e\x{301}e\x{301}e\x{301}e\x{301}e\x{301}e\x{301}e\x{301}e\x{301}e\x{301}e\x{301}e\x{301}e\x{301}e\x{301}"
          text run at (924,7056) width 0: " "
          text run at (0,7072) width 924: "e\x{301}e\x{301}e\x{301}e\x{301}e\x{301}e\x{301}e\x{301}e\x{301}e\x{301}e\x{301}e\x{301}e\x{301}e\x{301}e\x{301}e\x{301}e\x{301}e\x{301}e\x{301}e\x{301}e\x{301}e\x{301}e\x{301}e\x{301}e\x{301}e\x{301}e\x{301}e\x{301}e\x{301}e\x{301}e\x{301}e\x{301}e\x{301} e\x{301} e\x{301}e\x{301}e\x{301}e\x{301}e\x{301}e\x{301}e\x{301}e\x{301}e\x{301}e\x{301}e\x{301}e\x{301}e\x{301}e\x{301}e\x{301}e\x{301}e\x{301}e\x{301}e\x{301}e\x{301}e\x{301}e\x{301}e\x{301}e\x{301}e\x{301}e\x{301}e\x{301}e\x{301}e\x{301}e\x{301}e\x{301}e\x{301}e\x{301}e\x{301}e\x{301}e\x{301}e\x{301}e\x{301}e\x{301}e\x{301}e\x{301}e\x{301}e\x{301} e\x{301}e\x{301}e\x{301}e\x{301}e\x{301}e\x{301}e\x{301}e\x{301}e\x{301}e\x{301}e\x{301}e\x{301}e\x{301}e\x{301}e\x{301}e\x{301}e\x{301}e\x{301}e\x{301}e\x{301}e\x{301}e\x{301}e\x{301}e\x{301}e\x{301}e\x{301}e\x{301}e\x{301}e\x{301}e\x{301} e\x{301}e\x{301}e\x{301}e\x{301}e\x{301}e\x{301}e\x{301}e\x{301}e\x{301}e\x{301}e\x{301}e\x{301}e\x{301}e\x{301}e\x{301}e\x{301}e\x{301}e\x{301}e\x{301}e\x{301}e\x{301}e\x{301}"
          text run at (924,7072) width 0: " "
          text run at (0,7088) width 924: "e\x{301}e\x{301}e\x{301}e\x{301}e\x{301}e\x{301}e\x{301}e\x{301}e\x{301}e\x{301}e\x{301}e\x{301}e\x{301}e\x{301}e\x{301}e\x{301}e\x{301}e\x{301}e\x{301}e\x{301}e\x{301}e\x{301}e\x{301}e\x{301}e\x{301}e\x{301}e\x{301}e\x{301}e\x{301}e\x{301}e\x{301}e\x{301} e\x{301} e\x{301}e\x{301}e\x{301}e\x{301}e\x{301}e\x{301}e\x{301}e\x{301}e\x{301}e\x{301}e\x{301}e\x{301}e\x{301}e\x{301}e\x{301}e\x{301}e\x{301}e\x{301}e\x{301}e\x{301}e\x{301}e\x{301}e\x{301}e\x{301}e\x{301}e\x{301}e\x{301}e\x{301}e\x{301}e\x{301}e\x{301}e\x{301}e\x{301}e\x{301}e\x{301}e\x{301}e\x{301}e\x{301}e\x{301}e\x{301}e\x{301}e\x{301}e\x{301} e\x{301}e\x{301}e\x{301}e\x{301}e\x{301}e\x{301}e\x{301}e\x{301}e\x{301}e\x{301}e\x{301}e\x{301}e\x{301}e\x{301}e\x{301}e\x{301}e\x{301}e\x{301}e\x{301}e\x{301}e\x{301}e\x{301}e\x{301}e\x{301}e\x{301}e\x{301}e\x{301}e\x{301}e\x{301}e\x{301} e\x{301}e\x{301}e\x{301}e\x{301}e\x{301}e\x{301}e\x{301}e\x{301}e\x{301}e\x{301}e\x{301}e\x{301}e\x{301}e\x{301}e\x{301}e\x{301}e\x{301}e\x{301}e\x{301}e\x{301}e\x{301}e\x{301}"
          text run at (924,7088) width 0: " "
          text run at (0,7104) width 924: "e\x{301}e\x{301}e\x{301}e\x{301}e\x{301}e\x{301}e\x{301}e\x{301}e\x{301}e\x{301}e\x{301}e\x{301}e\x{301}e\x{301}e\x{301}e\x{301}e\x{301}e\x{301}e\x{301}e\x{301}e\x{301}e\x{301}e\x{301}e\x{301}e\x{301}e\x{301}e\x{301}e\x{301}e\x{301}e\x{301}e\x{301}e\x{301} e\x{301} e\x{301}e\x{301}e\x{301}e\x{301}e\x{301}e\x{301}e\x{301}e\x{301}e\x{301}e\x{301}e\x{301}e\x{301}e\x{301}e\x{301}e\x{301}e\x{301}e\x{301}e\x{301}e\x{301}e\x{301}e\x{301}e\x{301}e\x{301}e\x{301}e\x{301}e\x{301}e\x{301}e\x{301}e\x{301}e\x{301}e\x{301}e\x{301}e\x{301}e\x{301}e\x{301}e\x{301}e\x{301}e\x{301}e\x{301}e\x{301}e\x{301}e\x{301}e\x{301} e\x{301}e\x{301}e\x{301}e\x{301}e\x{301}e\x{301}e\x{301}e\x{301}e\x{301}e\x{301}e\x{301}e\x{301}e\x{301}e\x{301}e\x{301}e\x{301}e\x{301}e\x{301}e\x{301}e\x{301}e\x{301}e\x{301}e\x{301}e\x{301}e\x{301}e\x{301}e\x{301}e\x{301}e\x{301}e\x{301} e\x{301}e\x{301}e\x{301}e\x{301}e\x{301}e\x{301}e\x{301}e\x{301}e\x{301}e\x{301}e\x{301}e\x{301}e\x{301}e\x{301}e\x{301}e\x{301}e\x{301}e\x{301}e\x{301}e\x{301}e\x{301}e\x{301}"
          text run at (924,7104) width 0: " "
          text run at (0,7120) width 924: "e\x{301}e\x{301}e\x{301}e\x{301}e\x{301}e\x{301}e\x{301}e\x{301}e\x{301}e\x{301}e\x{301}e\x{301}e\x{301}e\x{301}e\x{301}e\x{301}e\x{301}e\x{301}e\x{301}e\x{301}e\x{301}e\x{301}e\x{301}e\x{301}e\x{301}e\x{301}e\x{301}e\x{301}e\x{301}e\x{301}e\x{301}e\x{301} e\x{301} e\x{301}e\x{301}e\x{301}e\x{301}e\x{301}e\x{301}e\x{301}e\x{301}e\x{301}e\x{301}e\x{301}e\x{301}e\x{301}e\x{301}e\x{301}e\x{301}e\x{301}e\x{301}e\x{301}e\x{301}e\x{301}e\x{301}e\x{301}e\x{301}e\x{301}e\x{301}e\x{301}e\x{301}e\x{301}e\x{301}e\x{301}e\x{301}e\x{301}e\x{301}e\x{301}e\x{301}e\x{301}e\x{301}e\x{301}e\x{301}e\x{301}e\x{301}e\x{301} e\x{301}e\x{301}e\x{301}e\x{301}e\x{301}e\x{301}e\x{301}e\x{301}e\x{301}e\x{301}e\x{301}e\x{301}e\x{301}e\x{301}e\x{301}e\x{301}e\x{301}e\x{301}e\x{301}e\x{301}e\x{301}e\x{301}e\x{301}e\x{301}e\x{301}e\x{301}e\x{301}e\x{301}e\x{301}e\x{301} e\x{301}e\x{301}e\x{301}e\x{301}e\x{301}e\x{301}e\x{301}e\x{301}e\x{301}e\x{301}e\x{301}e\x{301}e\x{301}e\x{301}e\x{301}e\x{301}e\x{301}e\x{301}e\x{301}e\x{301}e\x{301}e\x{301}"
          text run at (924,7120) width 0: " "
          text run at (0,7136) width 924: "e\x{301}e\x{301}e\x{301}e\x{301}e\x{301}e\x{301}e\x{301}e\x{301}e\x{301}e\x{301}e\x{301}e\x{301}e\x{301}e\x{301}e\x{301}e\x{301}e\x{301}e\x{301}e\x{301}e\x{301}e\x{301}e\x{301}e\x{301}e\x{301}e\x{301}e\x{301}e\x{301}e\x{301}e\x{301}e\x{301}e\x{301}e\x{301} e\x{301} e\x{301}e\x{301}e\x{301}e\x{301}e\x{301}e\x{301}e\x{301}e\x{301}e\x{301}e\x{301}e\x{301}e\x{301}e\x{301}e\x{301}e\x{301}e\x{301}e\x{301}e\x{301}e\x{301}e\x{301}e\x{301}e\x{301}e\x{301}e\x{301}e\x{301}e\x{301}e\x{301}e\x{301}e\x{301}e\x{301}e\x{301}e\x{301}e\x{301}e\x{301}e\x{301}e\x{301}e\x{301}e\x{301}e\x{301}e\x{301}e\x{301}e\x{301}e\x{301} e\x{301}e\x{301}e\x{301}e\x{301}e\x{301}e\x{301}e\x{301}e\x{301}e\x{301}e\x{301}e\x{301}e\x{301}e\x{301}e\x{301}e\x{301}e\x{301}e\x{301}e\x{301}e\x{301}e\x{301}e\x{301}e\x{301}e\x{301}e\x{301}e\x{301}e\x{301}e\x{301}e\x{301}e\x{301}e\x{301} e\x{301}e\x{301}e\x{301}e\x{301}e\x{301}e\x{301}e\x{301}e\x{301}e\x{301}e\x{301}e\x{301}e\x{301}e\x{301}e\x{301}e\x{301}e\x{301}e\x{301}e\x{301}e\x{301}e\x{301}e\x{301}e\x{301}"
          text run at (924,7136) width 0: " "
          text run at (0,7152) width 924: "e\x{301}e\x{301}e\x{301}e\x{301}e\x{301}e\x{301}e\x{301}e\x{301}e\x{301}e\x{301}e\x{301}e\x{301}e\x{301}e\x{301}e\x{301}e\x{301}e\x{301}e\x{301}e\x{301}e\x{301}e\x{301}e\x{301}e\x{301}e\x{301}e\x{301}e\x{301}e\x{301}e\x{301}e\x{301}e\x{301}e\x{301}e\x{301} e\x{301} e\x{301}e\x{301}e\x{301}e\x{301}e\x{301}e\x{301}e\x{301}e\x{301}e\x{301}e\x{301}e\x{301}e\x{301}e\x{301}e\x{301}e\x{301}e\x{301}e\x{301}e\x{301}e\x{301}e\x{301}e\x{301}e\x{301}e\x{301}e\x{301}e\x{301}e\x{301}e\x{301}e\x{301}e\x{301}e\x{301}e\x{301}e\x{301}e\x{301}e\x{301}e\x{301}e\x{301}e\x{301}e\x{301}e\x{301}e\x{301}e\x{301}e\x{301}e\x{301} e\x{301}e\x{301}e\x{301}e\x{301}e\x{301}e\x{301}e\x{301}e\x{301}e\x{301}e\x{301}e\x{301}e\x{301}e\x{301}e\x{301}e\x{301}e\x{301}e\x{301}e\x{301}e\x{301}e\x{301}e\x{301}e\x{301}e\x{301}e\x{301}e\x{301}e\x{301}e\x{301}e\x{301}e\x{301}e\x{301} e\x{301}e\x{301}e\x{301}e\x{301}e\x{301}e\x{301}e\x{301}e\x{301}e\x{301}e\x{301}e\x{301}e\x{301}e\x{301}e\x{301}e\x{301}e\x{301}e\x{301}e\x{301}e\x{301}e\x{301}e\x{301}e\x{301}"
          text run at (924,7152) width 0: " "
          text run at (0,7168) width 924: "e\x{301}e\x{301}e\x{301}e\x{301}e\x{301}e\x{301}e\x{301}e\x{301}e\x{301}e\x{301}e\x{301}e\x{301}e\x{301}e\x{301}e\x{301}e\x{301}e\x{301}e\x{301}e\x{301}e\x{301}e\x{301}e\x{301}e\x{301}e\x{301}e\x{301}e\x{301}e\x{301}e\x{301}e\x{301}e\x{301}e\x{301}e\x{301} e\x{301} e\x{301}e\x{301}e\x{301}e\x{301}e\x{301}e\x{301}e\x{301}e\x{301}e\x{301}e\x{301}e\x{301}e\x{301}e\x{301}e\x{301}e\x{301}e\x{301}e\x{301}e\x{301}e\x{301}e\x{301}e\x{301}e\x{301}e\x{301}e\x{301}e\x{301}e\x{301}e\x{301}e\x{301}e\x{301}e\x{301}e\x{301}e\x{301}e\x{301}e\x{301}e\x{301}e\x{301}e\x{301}e\x{301}e\x{301}e\x{301}e\x{301}e\x{301}e\x{301} e\x{301}e\x{301}e\x{301}e\x{301}e\x{301}e\x{301}e\x{301}e\x{301}e\x{301}e\x{301}e\x{301}e\x{301}e\x{301}e\x{301}e\x{301}e\x{301}e\x{301}e\x{301}e\x{301}e\x{301}e\x{301}e\x{301}e\x{301}e\x{301}e\x{301}e\x{301}e\x{301}e\x{301}e\x{301}e\x{301} e\x{301}e\x{301}e\x{301}e\x{301}e\x{301}e\x{301}e\x{301}e\x{301}e\x{301}e\x{301}e\x{301}e\x{301}e\x{301}e\x{301}e\x{301}e\x{301}e\x{301}e\x{301}e\x{301}e\x{301}e\x{301}e\x{301}"
          text run at (924,7168) width 0: " "
          text run at (0,7184) width 924: "e\x{301}e\x{301}e\x{301}e\x{301}e\x{301}e\x{301}e\x{301}e\x{301}e\x{301}e\x{301}e\x{301}e\x{301}e\x{301}e\x{301}e\x{301}e\x{301}e\x{301}e\x{301}e\x{301}e\x{301}e\x{301}e\x{301}e\x{301}e\x{301}e\x{301}e\x{301}e\x{301}e\x{301}e\x{301}e\x{301}e\x{301}e\x{301} e\x{301} e\x{301}e\x{301}e\x{301}e\x{301}e\x{301}e\x{301}e\x{301}e\x{301}e\x{301}e\x{301}e\x{301}e\x{301}e\x{301}e\x{301}e\x{301}e\x{301}e\x{301}e\x{301}e\x{301}e\x{301}e\x{301}e\x{301}e\x{301}e\x{301}e\x{301}e\x{301}e\x{301}e\x{301}e\x{301}e\x{301}e\x{301}e\x{301}e\x{301}e\x{301}e\x{301}e\x{301}e\x{301}e\x{301}e\x{301}e\x{301}e\x{301}e\x{301}e\x{301} e\x{301}e\x{301}e\x{301}e\x{301}e\x{301}e\x{301}e\x{301}e\x{301}e\x{301}e\x{301}e\x{301}e\x{301}e\x{301}e\x{301}e\x{301}e\x{301}e\x{301}e\x{301}e\x{301}e\x{301}e\x{301}e\x{301}e\x{301}e\x{301}e\x{301}e\x{301}e\x{301}e\x{301}e\x{301}e\x{301} e\x{301}e\x{301}e\x{301}e\x{301}e\x{301}e\x{301}e\x{301}e\x{301}e\x{301}e\x{301}e\x{301}e\x{301}e\x{301}e\x{301}e\x{301}e\x{301}e\x{301}e\x{301}e\x{301}e\x{301}e\x{301}e\x{301}"
          text run at (924,7184) width 0: " "
          text run at (0,7200) width 924: "e\x{301}e\x{301}e\x{301}e\x{301}e\x{301}e\x{301}e\x{301}e\x{301}e\x{301}e\x{301}e\x{301}e\x{301}e\x{301}e\x{301}e\x{301}e\x{301}e\x{301}e\x{301}e\x{301}e\x{301}e\x{301}e\x{301}e\x{301}e\x{301}e\x{301}e\x{301}e\x{301}e\x{301}e\x{301}e\x{301}e\x{301}e\x{301} e\x{301} e\x{301}e\x{301}e\x{301}e\x{301}e\x{301}e\x{301}e\x{301}e\x{301}e\x{301}e\x{301}e\x{301}e\x{301}e\x{301}e\x{301}e\x{301}e\x{301}e\x{301}e\x{301}e\x{301}e\x{301}e\x{301}e\x{301}e\x{301}e\x{301}e\x{301}e\x{301}e\x{301}e\x{301}e\x{301}e\x{301}e\x{301}e\x{301}e\x{301}e\x{301}e\x{301}e\x{301}e\x{301}e\x{301}e\x{301}e\x{301}e\x{301}e\x{301}e\x{301} e\x{301}e\x{301}e\x{301}e\x{301}e\x{301}e\x{301}e\x{301}e\x{301}e\x{301}e\x{301}e\x{301}e\x{301}e\x{301}e\x{301}e\x{301}e\x{301}e\x{301}e\x{301}e\x{301}e\x{301}e\x{301}e\x{301}e\x{301}e\x{301}e\x{301}e\x{301}e\x{301}e\x{301}e\x{301}e\x{301} e\x{301}e\x{301}e\x{301}e\x{301}e\x{301}e\x{301}e\x{301}e\x{301}e\x{301}e\x{301}e\x{301}e\x{301}e\x{301}e\x{301}e\x{301}e\x{301}e\x{301}e\x{301}e\x{301}e\x{301}e\x{301}e\x{301}"
          text run at (924,7200) width 0: " "
          text run at (0,7216) width 924: "e\x{301}e\x{301}e\x{301}e\x{301}e\x{301}e\x{301}e\x{301}e\x{301}e\x{301}e\x{301}e\x{301}e\x{301}e\x{301}e\x{301}e\x{301}e\x{301}e\x{301}e\x{301}e\x{301}e\x{301}e\x{301}e\x{301}e\x{301}e\x{301}e\x{301}e\x{301}e\x{301}e\x{301}e\x{301}e\x{301}e\x{301}e\x{301} e\x{301} e\x{301}e\x{301}e\x{301}e\x{301}e\x{301}e\x{301}e\x{301}e\x{301}e\x{301}e\x{301}e\x{301}e\x{301}e\x{301}e\x{301}e\x{301}e\x{301}e\x{301}e\x{301}e\x{301}e\x{301}e\x{301}e\x{301}e\x{301}e\x{301}e\x{301}e\x{301}e\x{301}e\x{301}e\x{301}e\x{301}e\x{301}e\x{301}e\x{301}e\x{301}e\x{301}e\x{301}e\x{301}e\x{301}e\x{301}e\x{301}e\x{301}e\x{301}e\x{301} e\x{301}e\x{301}e\x{301}e\x{301}e\x{301}e\x{301}e\x{301}e\x{301}e\x{301}e\x{301}e\x{301}e\x{301}e\x{301}e\x{301}e\x{301}e\x{301}e\x{301}e\x{301}e\x{301}e\x{301}e\x{301}e\x{301}e\x{301}e\x{301}e\x{301}e\x{301}e\x{301}e\x{301}e\x{301}e\x{301} e\x{301}e\x{301}e\x{301}e\x{301}e\x{301}e\x{301}e\x{301}e\x{301}e\x{301}e\x{301}e\x{301}e\x{301}e\x{301}e\x{301}e\x{301}e\x{301}e\x{301}e\x{301}e\x{301}e\x{301}e\x{301}e\x{301}"
          text run at (924,7216) width 0: " "
          text run at (0,7232) width 924: "e\x{301}e\x{301}e\x{301}e\x{301}e\x{301}e\x{301}e\x{301}e\x{301}e\x{301}e\x{301}e\x{301}e\x{301}e\x{301}e\x{301}e\x{301}e\x{301}e\x{301}e\x{301}e\x{301}e\x{301}e\x{301}e\x{301}e\x{301}e\x{301}e\x{301}e\x{301}e\x{301}e\x{301}e\x{301}e\x{301}e\x{301}e\x{301} e\x{301} e\x{301}e\x{301}e\x{301}e\x{301}e\x{301}e\x{301}e\x{301}e\x{301}e\x{301}e\x{301}e\x{301}e\x{301}e\x{301}e\x{301}e\x{301}e\x{301}e\x{301}e\x{301}e\x{301}e\x{301}e\x{301}e\x{301}e\x{301}e\x{301}e\x{301}e\x{301}e\x{301}e\x{301}e\x{301}e\x{301}e\x{301}e\x{301}e\x{301}e\x{301}e\x{301}e\x{301}e\x{301}e\x{301}e\x{301}e\x{301}e\x{301}e\x{301}e\x{301} e\x{301}e\x{301}e\x{301}e\x{301}e\x{301}e\x{301}e\x{301}e\x{301}e\x{301}e\x{301}e\x{301}e\x{301}e\x{301}e\x{301}e\x{301}e\x{301}e\x{301}e\x{301}e\x{301}e\x{301}e\x{301}e\x{301}e\x{301}e\x{301}e\x{301}e\x{301}e\x{301}e\x{301}e\x{301}e\x{301} e\x{301}e\x{301}e\x{301}e\x{301}e\x{301}e\x{301}e\x{301}e\x{301}e\x{301}e\x{301}e\x{301}e\x{301}e\x{301}e\x{301}e\x{301}e\x{301}e\x{301}e\x{301}e\x{301}e\x{301}e\x{301}e\x{301}"
          text run at (924,7232) width 0: " "
          text run at (0,7248) width 924: "e\x{301}e\x{301}e\x{301}e\x{301}e\x{301}e\x{301}e\x{301}e\x{301}e\x{301}e\x{301}e\x{301}e\x{301}e\x{301}e\x{301}e\x{301}e\x{301}e\x{301}e\x{301}e\x{301}e\x{301}e\x{301}e\x{301}e\x{301}e\x{301}e\x{301}e\x{301}e\x{301}e\x{301}e\x{301}e\x{301}e\x{301}e\x{301} e\x{301} e\x{301}e\x{301}e\x{301}e\x{301}e\x{301}e\x{301}e\x{301}e\x{301}e\x{301}e\x{301}e\x{301}e\x{301}e\x{301}e\x{301}e\x{301}e\x{301}e\x{301}e\x{301}e\x{301}e\x{301}e\x{301}e\x{301}e\x{301}e\x{301}e\x{301}e\x{301}e\x{301}e\x{301}e\x{301}e\x{301}e\x{301}e\x{301}e\x{301}e\x{301}e\x{301}e\x{301}e\x{301}e\x{301}e\x{301}e\x{301}e\x{301}e\x{301}e\x{301} e\x{301}e\x{301}e\x{301}e\x{301}e\x{301}e\x{301}e\x{301}e\x{301}e\x{301}e\x{301}e\x{301}e\x{301}e\x{301}e\x{301}e\x{301}e\x{301}e\x{301}e\x{301}e\x{301}e\x{301}e\x{301}e\x{301}e\x{301}e\x{301}e\x{301}e\x{301}e\x{301}e\x{301}e\x{301}e\x{301} e\x{301}e\x{301}e\x{301}e\x{301}e\x{301}e\x{301}e\x{301}e\x{301}e\x{301}e\x{301}e\x{301}e\x{301}e\x{301}e\x{301}e\x{301}e\x{301}e\x{301}e\x{301}e\x{301}e\x{301}e\x{301}e\x{301}"
          text run at (924,7248) width 0: " "
          text run at (0,7264) width 924: "e\x{301}e\x{301}e\x{301}e\x{301}e\x{301}e\x{301}e\x{301}e\x{301}e\x{301}e\x{301}e\x{301}e\x{301}e\x{301}e\x{301}e\x{301}e\x{301}e\x{301}e\x{301}e\x{301}e\x{301}e\x{301}e\x{301}e\x{301}e\x{301}e\x{301}e\x{301}e\x{301}e\x{301}e\x{301}e\x{301}e\x{301}e\x{301} e\x{301} e\x{301}e\x{301}e\x{301}e\x{301}e\x{301}e\x{301}e\x{301}e\x{301}e\x{301}e\x{301}e\x{301}e\x{301}e\x{301}e\x{301}e\x{301}e\x{301}e\x{301}e\x{301}e\x{301}e\x{301}e\x{301}e\x{301}e\x{301}e\x{301}e\x{301}e\x{301}e\x{301}e\x{301}e\x{301}e\x{301}e\x{301}e\x{301}e\x{301}e\x{301}e\x{301}e\x{301}e\x{301}e\x{301}e\x{301}e\x{301}e\x{301}e\x{301}e\x{301} e\x{301}e\x{301}e\x{301}e\x{301}e\x{301}e\x{301}e\x{301}e\x{301}e\x{301}e\x{301}e\x{301}e\x{301}e\x{301}e\x{301}e\x{301}e\x{301}e\x{301}e\x{301}e\x{301}e\x{301}e\x{301}e\x{301}e\x{301}e\x{301}e\x{301}e\x{301}e\x{301}e\x{301}e\x{301}e\x{301} e\x{301}e\x{301}e\x{301}e\x{301}e\x{301}e\x{301}e\x{301}e\x{301}e\x{301}e\x{301}e\x{301}e\x{301}e\x{301}e\x{301}e\x{301}e\x{301}e\x{301}e\x{301}e\x{301}e\x{301}e\x{301}e\x{301}"
          text run at (924,7264) width 0: " "
          text run at (0,7280) width 924: "e\x{301}e\x{301}e\x{301}e\x{301}e\x{301}e\x{301}e\x{301}e\x{301}e\x{301}e\x{301}e\x{301}e\x{301}e\x{301}e\x{301}e\x{301}e\x{301}e\x{301}e\x{301}e\x{301}e\x{301}e\x{301}e\x{301}e\x{301}e\x{301}e\x{301}e\x{301}e\x{301}e\x{301}e\x{301}e\x{301}e\x{301}e\x{301} e\x{301} e\x{301}e\x{301}e\x{301}e\x{301}e\x{301}e\x{301}e\x{301}e\x{301}e\x{301}e\x{301}e\x{301}e\x{301}e\x{301}e\x{301}e\x{301}e\x{301}e\x{301}e\x{301}e\x{301}e\x{301}e\x{301}e\x{301}e\x{301}e\x{301}e\x{301}e\x{301}e\x{301}e\x{301}e\x{301}e\x{301}e\x{301}e\x{301}e\x{301}e\x{301}e\x{301}e\x{301}e\x{301}e\x{301}e\x{301}e\x{301}e\x{301}e\x{301}e\x{301} e\x{301}e\x{301}e\x{301}e\x{301}e\x{301}e\x{301}e\x{301}e\x{301}e\x{301}e\x{301}e\x{301}e\x{301}e\x{301}e\x{301}e\x{301}e\x{301}e\x{301}e\x{301}e\x{301}e\x{301}e\x{301}e\x{301}e\x{301}e\x{301}e\x{301}e\x{301}e\x{301}e\x{301}e\x{301}e\x{301} e\x{301}e\x{301}e\x{301}e\x{301}e\x{301}e\x{301}e\x{301}e\x{301}e\x{301}e\x{301}e\x{301}e\x{301}e\x{301}e\x{301}e\x{301}e\x{301}e\x{301}e\x{301}e\x{301}e\x{301}e\x{301}e\x{301}"
          text run at (924,7280) width 0: " "
          text run at (0,7296) width 924: "e\x{301}e\x{301}e\x{301}e\x{301}e\x{301}e\x{301}e\x{301}e\x{301}e\x{301}e\x{301}e\x{301}e\x{301}e\x{301}e\x{301}e\x{301}e\x{301}e\x{301}e\x{301}e\x{301}e\x{301}e\x{301}e\x{301}e\x{301}e\x{301}e\x{301}e\x{301}e\x{301}e\x{301}e\x{301}e\x{301}e\x{301}e\x{301} e\x{301} e\x{301}e\x{301}e\x{301}e\x{301}e\x{301}e\x{301}e\x{301}e\x{301}e\x{301}e\x{301}e\x{301}e\x{301}e\x{301}e\x{301}e\x{301}e\x{301}e\x{301}e\x{301}e\x{301}e\x{301}e\x{301}e\x{301}e\x{301}e\x{301}e\x{301}e\x{301}e\x{301}e\x{301}e\x{301}e\x{301}e\x{301}e\x{301}e\x{301}e\x{301}e\x{301}e\x{301}e\x{301}e\x{301}e\x{301}e\x{301}e\x{301}e\x{301}e\x{301} e\x{301}e\x{301}e\x{301}e\x{301}e\x{301}e\x{301}e\x{301}e\x{301}e\x{301}e\x{301}e\x{301}e\x{301}e\x{301}e\x{301}e\x{301}e\x{301}e\x{301}e\x{301}e\x{301}e\x{301}e\x{301}e\x{301}e\x{301}e\x{301}e\x{301}e\x{301}e\x{301}e\x{301}e\x{301}e\x{301} e\x{301}e\x{301}e\x{301}e\x{301}e\x{301}e\x{301}e\x{301}e\x{301}e\x{301}e\x{301}e\x{301}e\x{301}e\x{301}e\x{301}e\x{301}e\x{301}e\x{301}e\x{301}e\x{301}e\x{301}e\x{301}e\x{301}"
          text run at (924,7296) width 0: " "
          text run at (0,7312) width 924: "e\x{301}e\x{301}e\x{301}e\x{301}e\x{301}e\x{301}e\x{301}e\x{301}e\x{301}e\x{301}e\x{301}e\x{301}e\x{301}e\x{301}e\x{301}e\x{301}e\x{301}e\x{301}e\x{301}e\x{301}e\x{301}e\x{301}e\x{301}e\x{301}e\x{301}e\x{301}e\x{301}e\x{301}e\x{301}e\x{301}e\x{301}e\x{301} e\x{301} e\x{301}e\x{301}e\x{301}e\x{301}e\x{301}e\x{301}e\x{301}e\x{301}e\x{301}e\x{301}e\x{301}e\x{301}e\x{301}e\x{301}e\x{301}e\x{301}e\x{301}e\x{301}e\x{301}e\x{301}e\x{301}e\x{301}e\x{301}e\x{301}e\x{301}e\x{301}e\x{301}e\x{301}e\x{301}e\x{301}e\x{301}e\x{301}e\x{301}e\x{301}e\x{301}e\x{301}e\x{301}e\x{301}e\x{301}e\x{301}e\x{301}e\x{301}e\x{301} e\x{301}e\x{301}e\x{301}e\x{301}e\x{301}e\x{301}e\x{301}e\x{301}e\x{301}e\x{301}e\x{301}e\x{301}e\x{301}e\x{301}e\x{301}e\x{301}e\x{301}e\x{301}e\x{301}e\x{301}e\x{301}e\x{301}e\x{301}e\x{301}e\x{301}e\x{301}e\x{301}e\x{301}e\x{301}e\x{301} e\x{301}e\x{301}e\x{301}e\x{301}e\x{301}e\x{301}e\x{301}e\x{301}e\x{301}e\x{301}e\x{301}e\x{301}e\x{301}e\x{301}e\x{301}e\x{301}e\x{301}e\x{301}e\x{301}e\x{301}e\x{301}e\x{301}"
          text run at (924,7312) width 0: " "
          text run at (0,7328) width 924: "e\x{301}e\x{301}e\x{301}e\x{301}e\x{301}e\x{301}e\x{301}e\x{301}e\x{301}e\x{301}e\x{301}e\x{301}e\x{301}e\x{301}e\x{301}e\x{301}e\x{301}e\x{301}e\x{301}e\x{301}e\x{301}e\x{301}e\x{301}e\x{301}e\x{301}e\x{301}e\x{301}e\x{301}e\x{301}e\x{301}e\x{301}e\x{301} e\x{301} e\x{301}e\x{301}e\x{301}e\x{301}e\x{301}e\x{301}e\x{301}e\x{301}e\x{301}e\x{301}e\x{301}e\x{301}e\x{301}e\x{301}e\x{301}e\x{301}e\x{301}e\x{301}e\x{301}e\x{301}e\x{301}e\x{301}e\x{301}e\x{301}e\x{301}e\x{301}e\x{301}e\x{301}e\x{301}e\x{301}e\x{301}e\x{301}e\x{301}e\x{301}e\x{301}e\x{301}e\x{301}e\x{301}e\x{301}e\x{301}e\x{301}e\x{301}e\x{301} e\x{301}e\x{301}e\x{301}e\x{301}e\x{301}e\x{301}e\x{301}e\x{301}e\x{301}e\x{301}e\x{301}e\x{301}e\x{301}e\x{301}e\x{301}e\x{301}e\x{301}e\x{301}e\x{301}e\x{301}e\x{301}e\x{301}e\x{301}e\x{301}e\x{301}e\x{301}e\x{301}e\x{301}e\x{301}e\x{301} e\x{301}e\x{301}e\x{301}e\x{301}e\x{301}e\x{301}e\x{301}e\x{301}e\x{301}e\x{301}e\x{301}e\x{301}e\x{301}e\x{301}e\x{301}e\x{301}e\x{301}e\x{301}e\x{301}e\x{301}e\x{301}e\x{301}"
          text run at (924,7328) width 0: " "
          text run at (0,7344) width 924: "e\x{301}e\x{301}e\x{301}e\x{301}e\x{301}e\x{301}e\x{301}e\x{301}e\x{301}e\x{301}e\x{301}e\x{301}e\x{301}e\x{301}e\x{301}e\x{301}e\x{301}e\x{301}e\x{301}e\x{301}e\x{301}e\x{301}e\x{301}e\x{301}e\x{301}e\x{301}e\x{301}e\x{301}e\x{301}e\x{301}e\x{301}e\x{301} e\x{301} e\x{301}e\x{301}e\x{301}e\x{301}e\x{301}e\x{301}e\x{301}e\x{301}e\x{301}e\x{301}e\x{301}e\x{301}e\x{301}e\x{301}e\x{301}e\x{301}e\x{301}e\x{301}e\x{301}e\x{301}e\x{301}e\x{301}e\x{301}e\x{301}e\x{301}e\x{301}e\x{301}e\x{301}e\x{301}e\x{301}e\x{301}e\x{301}e\x{301}e\x{301}e\x{301}e\x{301}e\x{301}e\x{301}e\x{301}e\x{301}e\x{301}e\x{301}e\x{301} e\x{301}e\x{301}e\x{301}e\x{301}e\x{301}e\x{301}e\x{301}e\x{301}e\x{301}e\x{301}e\x{301}e\x{301}e\x{301}e\x{301}e\x{301}e\x{301}e\x{301}e\x{301}e\x{301}e\x{301}e\x{301}e\x{301}e\x{301}e\x{301}e\x{301}e\x{301}e\x{301}e\x{301}e\x{301}e\x{301} e\x{301}e\x{301}e\x{301}e\x{301}e\x{301}e\x{301}e\x{301}e\x{301}e\x{301}e\x{301}e\x{301}e\x{301}e\x{301}e\x{301}e\x{301}e\x{301}e\x{301}e\x{301}e\x{301}e\x{301}e\x{301}e\x{301}"
          text run at (924,7344) width 0: " "
          text run at (0,7360) width 924: "e\x{301}e\x{301}e\x{301}e\x{301}e\x{301}e\x{301}e\x{301}e\x{301}e\x{301}e\x{301}e\x{301}e\x{301}e\x{301}e\x{301}e\x{301}e\x{301}e\x{301}e\x{301}e\x{301}e\x{301}e\x{301}e\x{301}e\x{301}e\x{301}e\x{301}e\x{301}e\x{301}e\x{301}e\x{301}e\x{301}e\x{301}e\x{301} e\x{301} e\x{301}e\x{301}e\x{301}e\x{301}e\x{301}e\x{301}e\x{301}e\x{301}e\x{301}e\x{301}e\x{301}e\x{301}e\x{301}e\x{301}e\x{301}e\x{301}e\x{301}e\x{301}e\x{301}e\x{301}e\x{301}e\x{301}e\x{301}e\x{301}e\x{301}e\x{301}e\x{301}e\x{301}e\x{301}e\x{301}e\x{301}e\x{301}e\x{301}e\x{301}e\x{301}e\x{301}e\x{301}e\x{301}e\x{301}e\x{301}e\x{301}e\x{301}e\x{301} e\x{301}e\x{301}e\x{301}e\x{301}e\x{301}e\x{301}e\x{301}e\x{301}e\x{301}e\x{301}e\x{301}e\x{301}e\x{301}e\x{301}e\x{301}e\x{301}e\x{301}e\x{301}e\x{301}e\x{301}e\x{301}e\x{301}e\x{301}e\x{301}e\x{301}e\x{301}e\x{301}e\x{301}e\x{301}e\x{301} e\x{301}e\x{301}e\x{301}e\x{301}e\x{301}e\x{301}e\x{301}e\x{301}e\x{301}e\x{301}e\x{301}e\x{301}e\x{301}e\x{301}e\x{301}e\x{301}e\x{301}e\x{301}e\x{301}e\x{301}e\x{301}e\x{301}"
          text run at (924,7360) width 0: " "
          text run at (0,7376) width 924: "e\x{301}e\x{301}e\x{301}e\x{301}e\x{301}e\x{301}e\x{301}e\x{301}e\x{301}e\x{301}e\x{301}e\x{301}e\x{301}e\x{301}e\x{301}e\x{301}e\x{301}e\x{301}e\x{301}e\x{301}e\x{301}e\x{301}e\x{301}e\x{301}e\x{301}e\x{301}e\x{301}e\x{301}e\x{301}e\x{301}e\x{301}e\x{301} e\x{301} e\x{301}e\x{301}e\x{301}e\x{301}e\x{301}e\x{301}e\x{301}e\x{301}e\x{301}e\x{301}e\x{301}e\x{301}e\x{301}e\x{301}e\x{301}e\x{301}e\x{301}e\x{301}e\x{301}e\x{301}e\x{301}e\x{301}e\x{301}e\x{301}e\x{301}e\x{301}e\x{301}e\x{301}e\x{301}e\x{301}e\x{301}e\x{301}e\x{301}e\x{301}e\x{301}e\x{301}e\x{301}e\x{301}e\x{301}e\x{301}e\x{301}e\x{301}e\x{301} e\x{301}e\x{301}e\x{301}e\x{301}e\x{301}e\x{301}e\x{301}e\x{301}e\x{301}e\x{301}e\x{301}e\x{301}e\x{301}e\x{301}e\x{301}e\x{301}e\x{301}e\x{301}e\x{301}e\x{301}e\x{301}e\x{301}e\x{301}e\x{301}e\x{301}e\x{301}e\x{301}e\x{301}e\x{301}e\x{301} e\x{301}e\x{301}e\x{301}e\x{301}e\x{301}e\x{301}e\x{301}e\x{301}e\x{301}e\x{301}e\x{301}e\x{301}e\x{301}e\x{301}e\x{301}e\x{301}e\x{301}e\x{301}e\x{301}e\x{301}e\x{301}e\x{301}"
          text run at (924,7376) width 0: " "
          text run at (0,7392) width 924: "e\x{301}e\x{301}e\x{301}e\x{301}e\x{301}e\x{301}e\x{301}e\x{301}e\x{301}e\x{301}e\x{301}e\x{301}e\x{301}e\x{301}e\x{301}e\x{301}e\x{301}e\x{301}e\x{301}e\x{301}e\x{301}e\x{301}e\x{301}e\x{301}e\x{301}e\x{301}e\x{301}e\x{301}e\x{301}e\x{301}e\x{301}e\x{301} e\x{301} e\x{301}e\x{301}e\x{301}e\x{301}e\x{301}e\x{301}e\x{301}e\x{301}e\x{301}e\x{301}e\x{301}e\x{301}e\x{301}e\x{301}e\x{301}e\x{301}e\x{301}e\x{301}e\x{301}e\x{301}e\x{301}e\x{301}e\x{301}e\x{301}e\x{301}e\x{301}e\x{301}e\x{301}e\x{301}e\x{301}e\x{301}e\x{301}e\x{301}e\x{301}e\x{301}e\x{301}e\x{301}e\x{301}e\x{301}e\x{301}e\x{301}e\x{301}e\x{301} e\x{301}e\x{301}e\x{301}e\x{301}e\x{301}e\x{301}e\x{301}e\x{301}e\x{301}e\x{301}e\x{301}e\x{301}e\x{301}e\x{301}e\x{301}e\x{301}e\x{301}e\x{301}e\x{301}e\x{301}e\x{301}e\x{301}e\x{301}e\x{301}e\x{301}e\x{301}e\x{301}e\x{301}e\x{301}e\x{301} e\x{301}e\x{301}e\x{301}e\x{301}e\x{301}e\x{301}e\x{301}e\x{301}e\x{301}e\x{301}e\x{301}e\x{301}e\x{301}e\x{301}e\x{301}e\x{301}e\x{301}e\x{301}e\x{301}e\x{301}e\x{301}e\x{301}"
          text run at (924,7392) width 0: " "
          text run at (0,7408) width 924: "e\x{301}e\x{301}e\x{301}e\x{301}e\x{301}e\x{301}e\x{301}e\x{301}e\x{301}e\x{301}e\x{301}e\x{301}e\x{301}e\x{301}e\x{301}e\x{301}e\x{301}e\x{301}e\x{301}e\x{301}e\x{301}e\x{301}e\x{301}e\x{301}e\x{301}e\x{301}e\x{301}e\x{301}e\x{301}e\x{301}e\x{301}e\x{301} e\x{301} e\x{301}e\x{301}e\x{301}e\x{301}e\x{301}e\x{301}e\x{301}e\x{301}e\x{301}e\x{301}e\x{301}e\x{301}e\x{301}e\x{301}e\x{301}e\x{301}e\x{301}e\x{301}e\x{301}e\x{301}e\x{301}e\x{301}e\x{301}e\x{301}e\x{301}e\x{301}e\x{301}e\x{301}e\x{301}e\x{301}e\x{301}e\x{301}e\x{301}e\x{301}e\x{301}e\x{301}e\x{301}e\x{301}e\x{301}e\x{301}e\x{301}e\x{301}e\x{301} e\x{301}e\x{301}e\x{301}e\x{301}e\x{301}e\x{301}e\x{301}e\x{301}e\x{301}e\x{301}e\x{301}e\x{301}e\x{301}e\x{301}e\x{301}e\x{301}e\x{301}e\x{301}e\x{301}e\x{301}e\x{301}e\x{301}e\x{301}e\x{301}e\x{301}e\x{301}e\x{301}e\x{301}e\x{301}e\x{301} e\x{301}e\x{301}e\x{301}e\x{301}e\x{301}e\x{301}e\x{301}e\x{301}e\x{301}e\x{301}e\x{301}e\x{301}e\x{301}e\x{301}e\x{301}e\x{301}e\x{301}e\x{301}e\x{301}e\x{301}e\x{301}e\x{301}"
          text run at (924,7408) width 0: " "
          text run at (0,7424) width 924: "e\x{301}e\x{301}e\x{301}e\x{301}e\x{301}e\x{301}e\x{301}e\x{301}e\x{301}e\x{301}e\x{301}e\x{301}e\x{301}e\x{301}e\x{301}e\x{301}e\x{301}e\x{301}e\x{301}e\x{301}e\x{301}e\x{301}e\x{301}e\x{301}e\x{301}e\x{301}e\x{301}e\x{301}e\x{301}e\x{301}e\x{301}e\x{301} e\x{301} e\x{301}e\x{301}e\x{301}e\x{301}e\x{301}e\x{301}e\x{301}e\x{301}e\x{301}e\x{301}e\x{301}e\x{301}e\x{301}e\x{301}e\x{301}e\x{301}e\x{301}e\x{301}e\x{301}e\x{301}e\x{301}e\x{301}e\x{301}e\x{301}e\x{301}e\x{301}e\x{301}e\x{301}e\x{301}e\x{301}e\x{301}e\x{301}e\x{301}e\x{301}e\x{301}e\x{301}e\x{301}e\x{301}e\x{301}e\x{301}e\x{301}e\x{301}e\x{301} e\x{301}e\x{301}e\x{301}e\x{301}e\x{301}e\x{301}e\x{301}e\x{301}e\x{301}e\x{301}e\x{301}e\x{301}e\x{301}e\x{301}e\x{301}e\x{301}e\x{301}e\x{301}e\x{301}e\x{301}e\x{301}e\x{301}e\x{301}e\x{301}e\x{301}e\x{301}e\x{301}e\x{301}e\x{301}e\x{301} e\x{301}e\x{301}e\x{301}e\x{301}e\x{301}e\x{301}e\x{301}e\x{301}e\x{301}e\x{301}e\x{301}e\x{301}e\x{301}e\x{301}e\x{301}e\x{301}e\x{301}e\x{301}e\x{301}e\x{301}e\x{301}e\x{301}"
          text run at (924,7424) width 0: " "
          text run at (0,7440) width 924: "e\x{301}e\x{301}e\x{301}e\x{301}e\x{301}e\x{301}e\x{301}e\x{301}e\x{301}e\x{301}e\x{301}e\x{301}e\x{301}e\x{301}e\x{301}e\x{301}e\x{301}e\x{301}e\x{301}e\x{301}e\x{301}e\x{301}e\x{301}e\x{301}e\x{301}e\x{301}e\x{301}e\x{301}e\x{301}e\x{301}e\x{301}e\x{301} e\x{301} e\x{301}e\x{301}e\x{301}e\x{301}e\x{301}e\x{301}e\x{301}e\x{301}e\x{301}e\x{301}e\x{301}e\x{301}e\x{301}e\x{301}e\x{301}e\x{301}e\x{301}e\x{301}e\x{301}e\x{301}e\x{301}e\x{301}e\x{301}e\x{301}e\x{301}e\x{301}e\x{301}e\x{301}e\x{301}e\x{301}e\x{301}e\x{301}e\x{301}e\x{301}e\x{301}e\x{301}e\x{301}e\x{301}e\x{301}e\x{301}e\x{301}e\x{301}e\x{301} e\x{301}e\x{301}e\x{301}e\x{301}e\x{301}e\x{301}e\x{301}e\x{301}e\x{301}e\x{301}e\x{301}e\x{301}e\x{301}e\x{301}e\x{301}e\x{301}e\x{301}e\x{301}e\x{301}e\x{301}e\x{301}e\x{301}e\x{301}e\x{301}e\x{301}e\x{301}e\x{301}e\x{301}e\x{301}e\x{301} e\x{301}e\x{301}e\x{301}e\x{301}e\x{301}e\x{301}e\x{301}e\x{301}e\x{301}e\x{301}e\x{301}e\x{301}e\x{301}e\x{301}e\x{301}e\x{301}e\x{301}e\x{301}e\x{301}e\x{301}e\x{301}e\x{301}"
          text run at (924,7440) width 0: " "
          text run at (0,7456) width 924: "e\x{301}e\x{301}e\x{301}e\x{301}e\x{301}e\x{301}e\x{301}e\x{301}e\x{301}e\x{301}e\x{301}e\x{301}e\x{301}e\x{301}e\x{301}e\x{301}e\x{301}e\x{301}e\x{301}e\x{301}e\x{301}e\x{301}e\x{301}e\x{301}e\x{301}e\x{301}e\x{301}e\x{301}e\x{301}e\x{301}e\x{301}e\x{301} e\x{301} e\x{301}e\x{301}e\x{301}e\x{301}e\x{301}e\x{301}e\x{301}e\x{301}e\x{301}e\x{301}e\x{301}e\x{301}e\x{301}e\x{301}e\x{301}e\x{301}e\x{301}e\x{301}e\x{301}e\x{301}e\x{301}e\x{301}e\x{301}e\x{301}e\x{301}e\x{301}e\x{301}e\x{301}e\x{301}e\x{301}e\x{301}e\x{301}e\x{301}e\x{301}e\x{301}e\x{301}e\x{301}e\x{301}e\x{301}e\x{301}e\x{301}e\x{301}e\x{301} e\x{301}e\x{301}e\x{301}e\x{301}e\x{301}e\x{301}e\x{301}e\x{301}e\x{301}e\x{301}e\x{301}e\x{301}e\x{301}e\x{301}e\x{301}e\x{301}e\x{301}e\x{301}e\x{301}e\x{301}e\x{301}e\x{301}e\x{301}e\x{301}e\x{301}e\x{301}e\x{301}e\x{301}e\x{301}e\x{301} e\x{301}e\x{301}e\x{301}e\x{301}e\x{301}e\x{301}e\x{301}e\x{301}e\x{301}e\x{301}e\x{301}e\x{301}e\x{301}e\x{301}e\x{301}e\x{301}e\x{301}e\x{301}e\x{301}e\x{301}e\x{301}e\x{301}"
          text run at (924,7456) width 0: " "
          text run at (0,7472) width 924: "e\x{301}e\x{301}e\x{301}e\x{301}e\x{301}e\x{301}e\x{301}e\x{301}e\x{301}e\x{301}e\x{301}e\x{301}e\x{301}e\x{301}e\x{301}e\x{301}e\x{301}e\x{301}e\x{301}e\x{301}e\x{301}e\x{301}e\x{301}e\x{301}e\x{301}e\x{301}e\x{301}e\x{301}e\x{301}e\x{301}e\x{301}e\x{301} e\x{301} e\x{301}e\x{301}e\x{301}e\x{301}e\x{301}e\x{301}e\x{301}e\x{301}e\x{301}e\x{301}e\x{301}e\x{301}e\x{301}e\x{301}e\x{301}e\x{301}e\x{301}e\x{301}e\x{301}e\x{301}e\x{301}e\x{301}e\x{301}e\x{301}e\x{301}e\x{301}e\x{301}e\x{301}e\x{301}e\x{301}e\x{301}e\x{301}e\x{301}e\x{301}e\x{301}e\x{301}e\x{301}e\x{301}e\x{301}e\x{301}e\x{301}e\x{301}e\x{301} e\x{301}e\x{301}e\x{301}e\x{301}e\x{301}e\x{301}e\x{301}e\x{301}e\x{301}e\x{301}e\x{301}e\x{301}e\x{301}e\x{301}e\x{301}e\x{301}e\x{301}e\x{301}e\x{301}e\x{301}e\x{301}e\x{301}e\x{301}e\x{301}e\x{301}e\x{301}e\x{301}e\x{301}e\x{301}e\x{301} e\x{301}e\x{301}e\x{301}e\x{301}e\x{301}e\x{301}e\x{301}e\x{301}e\x{301}e\x{301}e\x{301}e\x{301}e\x{301}e\x{301}e\x{301}e\x{301}e\x{301}e\x{301}e\x{301}e\x{301}e\x{301}e\x{301}"
          text run at (924,7472) width 0: " "
          text run at (0,7488) width 924: "e\x{301}e\x{301}e\x{301}e\x{301}e\x{301}e\x{301}e\x{301}e\x{301}e\x{301}e\x{301}e\x{301}e\x{301}e\x{301}e\x{301}e\x{301}e\x{301}e\x{301}e\x{301}e\x{301}e\x{301}e\x{301}e\x{301}e\x{301}e\x{301}e\x{301}e\x{301}e\x{301}e\x{301}e\x{301}e\x{301}e\x{301}e\x{301} e\x{301} e\x{301}e\x{301}e\x{301}e\x{301}e\x{301}e\x{301}e\x{301}e\x{301}e\x{301}e\x{301}e\x{301}e\x{301}e\x{301}e\x{301}e\x{301}e\x{301}e\x{301}e\x{301}e\x{301}e\x{301}e\x{301}e\x{301}e\x{301}e\x{301}e\x{301}e\x{301}e\x{301}e\x{301}e\x{301}e\x{301}e\x{301}e\x{301}e\x{301}e\x{301}e\x{301}e\x{301}e\x{301}e\x{301}e\x{301}e\x{301}e\x{301}e\x{301}e\x{301} e\x{301}e\x{301}e\x{301}e\x{301}e\x{301}e\x{301}e\x{301}e\x{301}e\x{301}e\x{301}e\x{301}e\x{301}e\x{301}e\x{301}e\x{301}e\x{301}e\x{301}e\x{301}e\x{301}e\x{301}e\x{301}e\x{301}e\x{301}e\x{301}e\x{301}e\x{301}e\x{301}e\x{301}e\x{301}e\x{301} e\x{301}e\x{301}e\x{301}e\x{301}e\x{301}e\x{301}e\x{301}e\x{301}e\x{301}e\x{301}e\x{301}e\x{301}e\x{301}e\x{301}e\x{301}e\x{301}e\x{301}e\x{301}e\x{301}e\x{301}e\x{301}e\x{301}"
          text run at (924,7488) width 0: " "
          text run at (0,7504) width 924: "e\x{301}e\x{301}e\x{301}e\x{301}e\x{301}e\x{301}e\x{301}e\x{301}e\x{301}e\x{301}e\x{301}e\x{301}e\x{301}e\x{301}e\x{301}e\x{301}e\x{301}e\x{301}e\x{301}e\x{301}e\x{301}e\x{301}e\x{301}e\x{301}e\x{301}e\x{301}e\x{301}e\x{301}e\x{301}e\x{301}e\x{301}e\x{301} e\x{301} e\x{301}e\x{301}e\x{301}e\x{301}e\x{301}e\x{301}e\x{301}e\x{301}e\x{301}e\x{301}e\x{301}e\x{301}e\x{301}e\x{301}e\x{301}e\x{301}e\x{301}e\x{301}e\x{301}e\x{301}e\x{301}e\x{301}e\x{301}e\x{301}e\x{301}e\x{301}e\x{301}e\x{301}e\x{301}e\x{301}e\x{301}e\x{301}e\x{301}e\x{301}e\x{301}e\x{301}e\x{301}e\x{301}e\x{301}e\x{301}e\x{301}e\x{301}e\x{301} e\x{301}e\x{301}e\x{301}e\x{301}e\x{301}e\x{301}e\x{301}e\x{301}e\x{301}e\x{301}e\x{301}e\x{301}e\x{301}e\x{301}e\x{301}e\x{301}e\x{301}e\x{301}e\x{301}e\x{301}e\x{301}e\x{301}e\x{301}e\x{301}e\x{301}e\x{301}e\x{301}e\x{301}e\x{301}e\x{301} e\x{301}e\x{301}e\x{301}e\x{301}e\x{301}e\x{301}e\x{301}e\x{301}e\x{301}e\x{301}e\x{301}e\x{301}e\x{301}e\x{301}e\x{301}e\x{301}e\x{301}e\x{301}e\x{301}e\x{301}e\x{301}e\x{301}"
          text run at (924,7504) width 0: " "
          text run at (0,7520) width 924: "e\x{301}e\x{301}e\x{301}e\x{301}e\x{301}e\x{301}e\x{301}e\x{301}e\x{301}e\x{301}e\x{301}e\x{301}e\x{301}e\x{301}e\x{301}e\x{301}e\x{301}e\x{301}e\x{301}e\x{301}e\x{301}e\x{301}e\x{301}e\x{301}e\x{301}e\x{301}e\x{301}e\x{301}e\x{301}e\x{301}e\x{301}e\x{301} e\x{301} e\x{301}e\x{301}e\x{301}e\x{301}e\x{301}e\x{301}e\x{301}e\x{301}e\x{301}e\x{301}e\x{301}e\x{301}e\x{301}e\x{301}e\x{301}e\x{301}e\x{301}e\x{301}e\x{301}e\x{301}e\x{301}e\x{301}e\x{301}e\x{301}e\x{301}e\x{301}e\x{301}e\x{301}e\x{301}e\x{301}e\x{301}e\x{301}e\x{301}e\x{301}e\x{301}e\x{301}e\x{301}e\x{301}e\x{301}e\x{301}e\x{301}e\x{301}e\x{301} e\x{301}e\x{301}e\x{301}e\x{301}e\x{301}e\x{301}e\x{301}e\x{301}e\x{301}e\x{301}e\x{301}e\x{301}e\x{301}e\x{301}e\x{301}e\x{301}e\x{301}e\x{301}e\x{301}e\x{301}e\x{301}e\x{301}e\x{301}e\x{301}e\x{301}e\x{301}e\x{301}e\x{301}e\x{301}e\x{301} e\x{301}e\x{301}e\x{301}e\x{301}e\x{301}e\x{301}e\x{301}e\x{301}e\x{301}e\x{301}e\x{301}e\x{301}e\x{301}e\x{301}e\x{301}e\x{301}e\x{301}e\x{301}e\x{301}e\x{301}e\x{301}e\x{301}"
          text run at (924,7520) width 0: " "
          text run at (0,7536) width 924: "e\x{301}e\x{301}e\x{301}e\x{301}e\x{301}e\x{301}e\x{301}e\x{301}e\x{301}e\x{301}e\x{301}e\x{301}e\x{301}e\x{301}e\x{301}e\x{301}e\x{301}e\x{301}e\x{301}e\x{301}e\x{301}e\x{301}e\x{301}e\x{301}e\x{301}e\x{301}e\x{301}e\x{301}e\x{301}e\x{301}e\x{301}e\x{301} e\x{301} e\x{301}e\x{301}e\x{301}e\x{301}e\x{301}e\x{301}e\x{301}e\x{301}e\x{301}e\x{301}e\x{301}e\x{301}e\x{301}e\x{301}e\x{301}e\x{301}e\x{301}e\x{301}e\x{301}e\x{301}e\x{301}e\x{301}e\x{301}e\x{301}e\x{301}e\x{301}e\x{301}e\x{301}e\x{301}e\x{301}e\x{301}e\x{301}e\x{301}e\x{301}e\x{301}e\x{301}e\x{301}e\x{301}e\x{301}e\x{301}e\x{301}e\x{301}e\x{301} e\x{301}e\x{301}e\x{301}e\x{301}e\x{301}e\x{301}e\x{301}e\x{301}e\x{301}e\x{301}e\x{301}e\x{301}e\x{301}e\x{301}e\x{301}e\x{301}e\x{301}e\x{301}e\x{301}e\x{301}e\x{301}e\x{301}e\x{301}e\x{301}e\x{301}e\x{301}e\x{301}e\x{301}e\x{301}e\x{301} e\x{301}e\x{301}e\x{301}e\x{301}e\x{301}e\x{301}e\x{301}e\x{301}e\x{301}e\x{301}e\x{301}e\x{301}e\x{301}e\x{301}e\x{301}e\x{301}e\x{301}e\x{301}e\x{301}e\x{301}e\x{301}e\x{301}"
          text run at (924,7536) width 0: " "
          text run at (0,7552) width 924: "e\x{301}e\x{301}e\x{301}e\x{301}e\x{301}e\x{301}e\x{301}e\x{301}e\x{301}e\x{301}e\x{301}e\x{301}e\x{301}e\x{301}e\x{301}e\x{301}e\x{301}e\x{301}e\x{301}e\x{301}e\x{301}e\x{301}e\x{301}e\x{301}e\x{301}e\x{301}e\x{301}e\x{301}e\x{301}e\x{301}e\x{301}e\x{301} e\x{301} e\x{301}e\x{301}e\x{301}e\x{301}e\x{301}e\x{301}e\x{301}e\x{301}e\x{301}e\x{301}e\x{301}e\x{301}e\x{301}e\x{301}e\x{301}e\x{301}e\x{301}e\x{301}e\x{301}e\x{301}e\x{301}e\x{301}e\x{301}e\x{301}e\x{301}e\x{301}e\x{301}e\x{301}e\x{301}e\x{301}e\x{301}e\x{301}e\x{301}e\x{301}e\x{301}e\x{301}e\x{301}e\x{301}e\x{301}e\x{301}e\x{301}e\x{301}e\x{301} e\x{301}e\x{301}e\x{301}e\x{301}e\x{301}e\x{301}e\x{301}e\x{301}e\x{301}e\x{301}e\x{301}e\x{301}e\x{301}e\x{301}e\x{301}e\x{301}e\x{301}e\x{301}e\x{301}e\x{301}e\x{301}e\x{301}e\x{301}e\x{301}e\x{301}e\x{301}e\x{301}e\x{301}e\x{301}e\x{301} e\x{301}e\x{301}e\x{301}e\x{301}e\x{301}e\x{301}e\x{301}e\x{301}e\x{301}e\x{301}e\x{301}e\x{301}e\x{301}e\x{301}e\x{301}e\x{301}e\x{301}e\x{301}e\x{301}e\x{301}e\x{301}e\x{301}"
          text run at (924,7552) width 0: " "
          text run at (0,7568) width 924: "e\x{301}e\x{301}e\x{301}e\x{301}e\x{301}e\x{301}e\x{301}e\x{301}e\x{301}e\x{301}e\x{301}e\x{301}e\x{301}e\x{301}e\x{301}e\x{301}e\x{301}e\x{301}e\x{301}e\x{301}e\x{301}e\x{301}e\x{301}e\x{301}e\x{301}e\x{301}e\x{301}e\x{301}e\x{301}e\x{301}e\x{301}e\x{301} e\x{301} e\x{301}e\x{301}e\x{301}e\x{301}e\x{301}e\x{301}e\x{301}e\x{301}e\x{301}e\x{301}e\x{301}e\x{301}e\x{301}e\x{301}e\x{301}e\x{301}e\x{301}e\x{301}e\x{301}e\x{301}e\x{301}e\x{301}e\x{301}e\x{301}e\x{301}e\x{301}e\x{301}e\x{301}e\x{301}e\x{301}e\x{301}e\x{301}e\x{301}e\x{301}e\x{301}e\x{301}e\x{301}e\x{301}e\x{301}e\x{301}e\x{301}e\x{301}e\x{301} e\x{301}e\x{301}e\x{301}e\x{301}e\x{301}e\x{301}e\x{301}e\x{301}e\x{301}e\x{301}e\x{301}e\x{301}e\x{301}e\x{301}e\x{301}e\x{301}e\x{301}e\x{301}e\x{301}e\x{301}e\x{301}e\x{301}e\x{301}e\x{301}e\x{301}e\x{301}e\x{301}e\x{301}e\x{301}e\x{301} e\x{301}e\x{301}e\x{301}e\x{301}e\x{301}e\x{301}e\x{301}e\x{301}e\x{301}e\x{301}e\x{301}e\x{301}e\x{301}e\x{301}e\x{301}e\x{301}e\x{301}e\x{301}e\x{301}e\x{301}e\x{301}e\x{301}"
          text run at (924,7568) width 0: " "
          text run at (0,7584) width 924: "e\x{301}e\x{301}e\x{301}e\x{301}e\x{301}e\x{301}e\x{301}e\x{301}e\x{301}e\x{301}e\x{301}e\x{301}e\x{301}e\x{301}e\x{301}e\x{301}e\x{301}e\x{301}e\x{301}e\x{301}e\x{301}e\x{301}e\x{301}e\x{301}e\x{301}e\x{301}e\x{301}e\x{301}e\x{301}e\x{301}e\x{301}e\x{301} e\x{301} e\x{301}e\x{301}e\x{301}e\x{301}e\x{301}e\x{301}e\x{301}e\x{301}e\x{301}e\x{301}e\x{301}e\x{301}e\x{301}e\x{301}e\x{301}e\x{301}e\x{301}e\x{301}e\x{301}e\x{301}e\x{301}e\x{301}e\x{301}e\x{301}e\x{301}e\x{301}e\x{301}e\x{301}e\x{301}e\x{301}e\x{301}e\x{301}e\x{301}e\x{301}e\x{301}e\x{301}e\x{301}e\x{301}e\x{301}e\x{301}e\x{301}e\x{301}e\x{301} e\x{301}e\x{301}e\x{301}e\x{301}e\x{301}e\x{301}e\x{301}e\x{301}e\x{301}e\x{301}e\x{301}e\x{301}e\x{301}e\x{301}e\x{301}e\x{301}e\x{301}e\x{301}e\x{301}e\x{301}e\x{301}e\x{301}e\x{301}e\x{301}e\x{301}e\x{301}e\x{301}e\x{301}e\x{301}e\x{301} e\x{301}e\x{301}e\x{301}e\x{301}e\x{301}e\x{301}e\x{301}e\x{301}e\x{301}e\x{301}e\x{301}e\x{301}e\x{301}e\x{301}e\x{301}e\x{301}e\x{301}e\x{301}e\x{301}e\x{301}e\x{301}e\x{301}"
          text run at (924,7584) width 0: " "
          text run at (0,7600) width 924: "e\x{301}e\x{301}e\x{301}e\x{301}e\x{301}e\x{301}e\x{301}e\x{301}e\x{301}e\x{301}e\x{301}e\x{301}e\x{301}e\x{301}e\x{301}e\x{301}e\x{301}e\x{301}e\x{301}e\x{301}e\x{301}e\x{301}e\x{301}e\x{301}e\x{301}e\x{301}e\x{301}e\x{301}e\x{301}e\x{301}e\x{301}e\x{301} e\x{301} e\x{301}e\x{301}e\x{301}e\x{301}e\x{301}e\x{301}e\x{301}e\x{301}e\x{301}e\x{301}e\x{301}e\x{301}e\x{301}e\x{301}e\x{301}e\x{301}e\x{301}e\x{301}e\x{301}e\x{301}e\x{301}e\x{301}e\x{301}e\x{301}e\x{301}e\x{301}e\x{301}e\x{301}e\x{301}e\x{301}e\x{301}e\x{301}e\x{301}e\x{301}e\x{301}e\x{301}e\x{301}e\x{301}e\x{301}e\x{301}e\x{301}e\x{301}e\x{301} e\x{301}e\x{301}e\x{301}e\x{301}e\x{301}e\x{301}e\x{301}e\x{301}e\x{301}e\x{301}e\x{301}e\x{301}e\x{301}e\x{301}e\x{301}e\x{301}e\x{301}e\x{301}e\x{301}e\x{301}e\x{301}e\x{301}e\x{301}e\x{301}e\x{301}e\x{301}e\x{301}e\x{301}e\x{301}e\x{301} e\x{301}e\x{301}e\x{301}e\x{301}e\x{301}e\x{301}e\x{301}e\x{301}e\x{301}e\x{301}e\x{301}e\x{301}e\x{301}e\x{301}e\x{301}e\x{301}e\x{301}e\x{301}e\x{301}e\x{301}e\x{301}e\x{301}"
          text run at (924,7600) width 0: " "
          text run at (0,7616) width 924: "e\x{301}e\x{301}e\x{301}e\x{301}e\x{301}e\x{301}e\x{301}e\x{301}e\x{301}e\x{301}e\x{301}e\x{301}e\x{301}e\x{301}e\x{301}e\x{301}e\x{301}e\x{301}e\x{301}e\x{301}e\x{301}e\x{301}e\x{301}e\x{301}e\x{301}e\x{301}e\x{301}e\x{301}e\x{301}e\x{301}e\x{301}e\x{301} e\x{301} e\x{301}e\x{301}e\x{301}e\x{301}e\x{301}e\x{301}e\x{301}e\x{301}e\x{301}e\x{301}e\x{301}e\x{301}e\x{301}e\x{301}e\x{301}e\x{301}e\x{301}e\x{301}e\x{301}e\x{301}e\x{301}e\x{301}e\x{301}e\x{301}e\x{301}e\x{301}e\x{301}e\x{301}e\x{301}e\x{301}e\x{301}e\x{301}e\x{301}e\x{301}e\x{301}e\x{301}e\x{301}e\x{301}e\x{301}e\x{301}e\x{301}e\x{301}e\x{301} e\x{301}e\x{301}e\x{301}e\x{301}e\x{301}e\x{301}e\x{301}e\x{301}e\x{301}e\x{301}e\x{301}e\x{301}e\x{301}e\x{301}e\x{301}e\x{301}e\x{301}e\x{301}e\x{301}e\x{301}e\x{301}e\x{301}e\x{301}e\x{301}e\x{301}e\x{301}e\x{301}e\x{301}e\x{301}e\x{301} e\x{301}e\x{301}e\x{301}e\x{301}e\x{301}e\x{301}e\x{301}e\x{301}e\x{301}e\x{301}e\x{301}e\x{301}e\x{301}e\x{301}e\x{301}e\x{301}e\x{301}e\x{301}e\x{301}e\x{301}e\x{301}e\x{301}"
          text run at (924,7616) width 0: " "
          text run at (0,7632) width 924: "e\x{301}e\x{301}e\x{301}e\x{301}e\x{301}e\x{301}e\x{301}e\x{301}e\x{301}e\x{301}e\x{301}e\x{301}e\x{301}e\x{301}e\x{301}e\x{301}e\x{301}e\x{301}e\x{301}e\x{301}e\x{301}e\x{301}e\x{301}e\x{301}e\x{301}e\x{301}e\x{301}e\x{301}e\x{301}e\x{301}e\x{301}e\x{301} e\x{301} e\x{301}e\x{301}e\x{301}e\x{301}e\x{301}e\x{301}e\x{301}e\x{301}e\x{301}e\x{301}e\x{301}e\x{301}e\x{301}e\x{301}e\x{301}e\x{301}e\x{301}e\x{301}e\x{301}e\x{301}e\x{301}e\x{301}e\x{301}e\x{301}e\x{301}e\x{301}e\x{301}e\x{301}e\x{301}e\x{301}e\x{301}e\x{301}e\x{301}e\x{301}e\x{301}e\x{301}e\x{301}e\x{301}e\x{301}e\x{301}e\x{301}e\x{301}e\x{301} e\x{301}e\x{301}e\x{301}e\x{301}e\x{301}e\x{301}e\x{301}e\x{301}e\x{301}e\x{301}e\x{301}e\x{301}e\x{301}e\x{301}e\x{301}e\x{301}e\x{301}e\x{301}e\x{301}e\x{301}e\x{301}e\x{301}e\x{301}e\x{301}e\x{301}e\x{301}e\x{301}e\x{301}e\x{301}e\x{301} e\x{301}e\x{301}e\x{301}e\x{301}e\x{301}e\x{301}e\x{301}e\x{301}e\x{301}e\x{301}e\x{301}e\x{301}e\x{301}e\x{301}e\x{301}e\x{301}e\x{301}e\x{301}e\x{301}e\x{301}e\x{301}e\x{301}"
          text run at (924,7632) width 0: " "
          text run at (0,7648) width 924: "e\x{301}e\x{301}e\x{301}e\x{301}e\x{301}e\x{301}e\x{301}e\x{301}e\x{301}e\x{301}e\x{301}e\x{301}e\x{301}e\x{301}e\x{301}e\x{301}e\x{301}e\x{301}e\x{301}e\x{301}e\x{301}e\x{301}e\x{301}e\x{301}e\x{301}e\x{301}e\x{301}e\x{301}e\x{301}e\x{301}e\x{301}e\x{301} e\x{301} e\x{301}e\x{301}e\x{301}e\x{301}e\x{301}e\x{301}e\x{301}e\x{301}e\x{301}e\x{301}e\x{301}e\x{301}e\x{301}e\x{301}e\x{301}e\x{301}e\x{301}e\x{301}e\x{301}e\x{301}e\x{301}e\x{301}e\x{301}e\x{301}e\x{301}e\x{301}e\x{301}e\x{301}e\x{301}e\x{301}e\x{301}e\x{301}e\x{301}e\x{301}e\x{301}e\x{301}e\x{301}e\x{301}e\x{301}e\x{301}e\x{301}e\x{301}e\x{301} e\x{301}e\x{301}e\x{301}e\x{301}e\x{301}e\x{301}e\x{301}e\x{301}e\x{301}e\x{301}e\x{301}e\x{301}e\x{301}e\x{301}e\x{301}e\x{301}e\x{301}e\x{301}e\x{301}e\x{301}e\x{301}e\x{301}e\x{301}e\x{301}e\x{301}e\x{301}e\x{301}e\x{301}e\x{301}e\x{301} e\x{301}e\x{301}e\x{301}e\x{301}e\x{301}e\x{301}e\x{301}e\x{301}e\x{301}e\x{301}e\x{301}e\x{301}e\x{301}e\x{301}e\x{301}e\x{301}e\x{301}e\x{301}e\x{301}e\x{301}e\x{301}e\x{301}"
          text run at (924,7648) width 0: " "
          text run at (0,7664) width 924: "e\x{301}e\x{301}e\x{301}e\x{301}e\x{301}e\x{301}e\x{301}e\x{301}e\x{301}e\x{301}e\x{301}e\x{301}e\x{301}e\x{301}e\x{301}e\x{301}e\x{301}e\x{301}e\x{301}e\x{301}e\x{301}e\x{301}e\x{301}e\x{301}e\x{301}e\x{301}e\x{301}e\x{301}e\x{301}e\x{301}e\x{301}e\x{301} e\x{301} e\x{301}e\x{301}e\x{301}e\x{301}e\x{301}e\x{301}e\x{301}e\x{301}e\x{301}e\x{301}e\x{301}e\x{301}e\x{301}e\x{301}e\x{301}e\x{301}e\x{301}e\x{301}e\x{301}e\x{301}e\x{301}e\x{301}e\x{301}e\x{301}e\x{301}e\x{301}e\x{301}e\x{301}e\x{301}e\x{301}e\x{301}e\x{301}e\x{301}e\x{301}e\x{301}e\x{301}e\x{301}e\x{301}e\x{301}e\x{301}e\x{301}e\x{301}e\x{301} e\x{301}e\x{301}e\x{301}e\x{301}e\x{301}e\x{301}e\x{301}e\x{301}e\x{301}e\x{301}e\x{301}e\x{301}e\x{301}e\x{301}e\x{301}e\x{301}e\x{301}e\x{301}e\x{301}e\x{301}e\x{301}e\x{301}e\x{301}e\x{301}e\x{301}e\x{301}e\x{301}e\x{301}e\x{301}e\x{301} e\x{301}e\x{301}e\x{301}e\x{301}e\x{301}e\x{301}e\x{301}e\x{301}e\x{301}e\x{301}e\x{301}e\x{301}e\x{301}e\x{301}e\x{301}e\x{301}e\x{301}e\x{301}e\x{301}e\x{301}e\x{301}e\x{301}"
          text run at (924,7664) width 0: " "
          text run at (0,7680) width 924: "e\x{301}e\x{301}e\x{301}e\x{301}e\x{301}e\x{301}e\x{301}e\x{301}e\x{301}e\x{301}e\x{301}e\x{301}e\x{301}e\x{301}e\x{301}e\x{301}e\x{301}e\x{301}e\x{301}e\x{301}e\x{301}e\x{301}e\x{301}e\x{301}e\x{301}e\x{301}e\x{301}e\x{301}e\x{301}e\x{301}e\x{301}e\x{301} e\x{301} e\x{301}e\x{301}e\x{301}e\x{301}e\x{301}e\x{301}e\x{301}e\x{301}e\x{301}e\x{301}e\x{301}e\x{301}e\x{301}e\x{301}e\x{301}e\x{301}e\x{301}e\x{301}e\x{301}e\x{301}e\x{301}e\x{301}e\x{301}e\x{301}e\x{301}e\x{301}e\x{301}e\x{301}e\x{301}e\x{301}e\x{301}e\x{301}e\x{301}e\x{301}e\x{301}e\x{301}e\x{301}e\x{301}e\x{301}e\x{301}e\x{301}e\x{301}e\x{301} e\x{301}e\x{301}e\x{301}e\x{301}e\x{301}e\x{301}e\x{301}e\x{301}e\x{301}e\x{301}e\x{301}e\x{301}e\x{301}e\x{301}e\x{301}e\x{301}e\x{301}e\x{301}e\x{301}e\x{301}e\x{301}e\x{301}e\x{301}e\x{301}e\x{301}e\x{301}e\x{301}e\x{301}e\x{301}e\x{301} e\x{301}e\x{301}e\x{301}e\x{301}e\x{301}e\x{301}e\x{301}e\x{301}e\x{301}e\x{301}e\x{301}e\x{301}e\x{301}e\x{301}e\x{301}e\x{301}e\x{301}e\x{301}e\x{301}e\x{301}e\x{301}e\x{301}"
          text run at (924,7680) width 0: " "
          text run at (0,7696) width 924: "e\x{301}e\x{301}e\x{301}e\x{301}e\x{301}e\x{301}e\x{301}e\x{301}e\x{301}e\x{301}e\x{301}e\x{301}e\x{301}e\x{301}e\x{301}e\x{301}e\x{301}e\x{301}e\x{301}e\x{301}e\x{301}e\x{301}e\x{301}e\x{301}e\x{301}e\x{301}e\x{301}e\x{301}e\x{301}e\x{301}e\x{301}e\x{301} e\x{301} e\x{301}e\x{301}e\x{301}e\x{301}e\x{301}e\x{301}e\x{301}e\x{301}e\x{301}e\x{301}e\x{301}e\x{301}e\x{301}e\x{301}e\x{301}e\x{301}e\x{301}e\x{301}e\x{301}e\x{301}e\x{301}e\x{301}e\x{301}e\x{301}e\x{301}e\x{301}e\x{301}e\x{301}e\x{301}e\x{301}e\x{301}e\x{301}e\x{301}e\x{301}e\x{301}e\x{301}e\x{301}e\x{301}e\x{301}e\x{301}e\x{301}e\x{301}e\x{301} e\x{301}e\x{301}e\x{301}e\x{301}e\x{301}e\x{301}e\x{301}e\x{301}e\x{301}e\x{301}e\x{301}e\x{301}e\x{301}e\x{301}e\x{301}e\x{301}e\x{301}e\x{301}e\x{301}e\x{301}e\x{301}e\x{301}e\x{301}e\x{301}e\x{301}e\x{301}e\x{301}e\x{301}e\x{301}e\x{301} e\x{301}e\x{301}e\x{301}e\x{301}e\x{301}e\x{301}e\x{301}e\x{301}e\x{301}e\x{301}e\x{301}e\x{301}e\x{301}e\x{301}e\x{301}e\x{301}e\x{301}e\x{301}e\x{301}e\x{301}e\x{301}e\x{301}"
          text run at (924,7696) width 0: " "
          text run at (0,7712) width 924: "e\x{301}e\x{301}e\x{301}e\x{301}e\x{301}e\x{301}e\x{301}e\x{301}e\x{301}e\x{301}e\x{301}e\x{301}e\x{301}e\x{301}e\x{301}e\x{301}e\x{301}e\x{301}e\x{301}e\x{301}e\x{301}e\x{301}e\x{301}e\x{301}e\x{301}e\x{301}e\x{301}e\x{301}e\x{301}e\x{301}e\x{301}e\x{301} e\x{301} e\x{301}e\x{301}e\x{301}e\x{301}e\x{301}e\x{301}e\x{301}e\x{301}e\x{301}e\x{301}e\x{301}e\x{301}e\x{301}e\x{301}e\x{301}e\x{301}e\x{301}e\x{301}e\x{301}e\x{301}e\x{301}e\x{301}e\x{301}e\x{301}e\x{301}e\x{301}e\x{301}e\x{301}e\x{301}e\x{301}e\x{301}e\x{301}e\x{301}e\x{301}e\x{301}e\x{301}e\x{301}e\x{301}e\x{301}e\x{301}e\x{301}e\x{301}e\x{301} e\x{301}e\x{301}e\x{301}e\x{301}e\x{301}e\x{301}e\x{301}e\x{301}e\x{301}e\x{301}e\x{301}e\x{301}e\x{301}e\x{301}e\x{301}e\x{301}e\x{301}e\x{301}e\x{301}e\x{301}e\x{301}e\x{301}e\x{301}e\x{301}e\x{301}e\x{301}e\x{301}e\x{301}e\x{301}e\x{301} e\x{301}e\x{301}e\x{301}e\x{301}e\x{301}e\x{301}e\x{301}e\x{301}e\x{301}e\x{301}e\x{301}e\x{301}e\x{301}e\x{301}e\x{301}e\x{301}e\x{301}e\x{301}e\x{301}e\x{301}e\x{301}e\x{301}"
          text run at (924,7712) width 0: " "
          text run at (0,7728) width 924: "e\x{301}e\x{301}e\x{301}e\x{301}e\x{301}e\x{301}e\x{301}e\x{301}e\x{301}e\x{301}e\x{301}e\x{301}e\x{301}e\x{301}e\x{301}e\x{301}e\x{301}e\x{301}e\x{301}e\x{301}e\x{301}e\x{301}e\x{301}e\x{301}e\x{301}e\x{301}e\x{301}e\x{301}e\x{301}e\x{301}e\x{301}e\x{301} e\x{301} e\x{301}e\x{301}e\x{301}e\x{301}e\x{301}e\x{301}e\x{301}e\x{301}e\x{301}e\x{301}e\x{301}e\x{301}e\x{301}e\x{301}e\x{301}e\x{301}e\x{301}e\x{301}e\x{301}e\x{301}e\x{301}e\x{301}e\x{301}e\x{301}e\x{301}e\x{301}e\x{301}e\x{301}e\x{301}e\x{301}e\x{301}e\x{301}e\x{301}e\x{301}e\x{301}e\x{301}e\x{301}e\x{301}e\x{301}e\x{301}e\x{301}e\x{301}e\x{301} e\x{301}e\x{301}e\x{301}e\x{301}e\x{301}e\x{301}e\x{301}e\x{301}e\x{301}e\x{301}e\x{301}e\x{301}e\x{301}e\x{301}e\x{301}e\x{301}e\x{301}e\x{301}e\x{301}e\x{301}e\x{301}e\x{301}e\x{301}e\x{301}e\x{301}e\x{301}e\x{301}e\x{301}e\x{301}e\x{301} e\x{301}e\x{301}e\x{301}e\x{301}e\x{301}e\x{301}e\x{301}e\x{301}e\x{301}e\x{301}e\x{301}e\x{301}e\x{301}e\x{301}e\x{301}e\x{301}e\x{301}e\x{301}e\x{301}e\x{301}e\x{301}e\x{301}"
          text run at (924,7728) width 0: " "
          text run at (0,7744) width 924: "e\x{301}e\x{301}e\x{301}e\x{301}e\x{301}e\x{301}e\x{301}e\x{301}e\x{301}e\x{301}e\x{301}e\x{301}e\x{301}e\x{301}e\x{301}e\x{301}e\x{301}e\x{301}e\x{301}e\x{301}e\x{301}e\x{301}e\x{301}e\x{301}e\x{301}e\x{301}e\x{301}e\x{301}e\x{301}e\x{301}e\x{301}e\x{301} e\x{301} e\x{301}e\x{301}e\x{301}e\x{301}e\x{301}e\x{301}e\x{301}e\x{301}e\x{301}e\x{301}e\x{301}e\x{301}e\x{301}e\x{301}e\x{301}e\x{301}e\x{301}e\x{301}e\x{301}e\x{301}e\x{301}e\x{301}e\x{301}e\x{301}e\x{301}e\x{301}e\x{301}e\x{301}e\x{301}e\x{301}e\x{301}e\x{301}e\x{301}e\x{301}e\x{301}e\x{301}e\x{301}e\x{301}e\x{301}e\x{301}e\x{301}e\x{301}e\x{301} e\x{301}e\x{301}e\x{301}e\x{301}e\x{301}e\x{301}e\x{301}e\x{301}e\x{301}e\x{301}e\x{301}e\x{301}e\x{301}e\x{301}e\x{301}e\x{301}e\x{301}e\x{301}e\x{301}e\x{301}e\x{301}e\x{301}e\x{301}e\x{301}e\x{301}e\x{301}e\x{301}e\x{301}e\x{301}e\x{301} e\x{301}e\x{301}e\x{301}e\x{301}e\x{301}e\x{301}e\x{301}e\x{301}e\x{301}e\x{301}e\x{301}e\x{301}e\x{301}e\x{301}e\x{301}e\x{301}e\x{301}e\x{301}e\x{301}e\x{301}e\x{301}e\x{301}"
          text run at (924,7744) width 0: " "
          text run at (0,7760) width 924: "e\x{301}e\x{301}e\x{301}e\x{301}e\x{301}e\x{301}e\x{301}e\x{301}e\x{301}e\x{301}e\x{301}e\x{301}e\x{301}e\x{301}e\x{301}e\x{301}e\x{301}e\x{301}e\x{301}e\x{301}e\x{301}e\x{301}e\x{301}e\x{301}e\x{301}e\x{301}e\x{301}e\x{301}e\x{301}e\x{301}e\x{301}e\x{301} e\x{301} e\x{301}e\x{301}e\x{301}e\x{301}e\x{301}e\x{301}e\x{301}e\x{301}e\x{301}e\x{301}e\x{301}e\x{301}e\x{301}e\x{301}e\x{301}e\x{301}e\x{301}e\x{301}e\x{301}e\x{301}e\x{301}e\x{301}e\x{301}e\x{301}e\x{301}e\x{301}e\x{301}e\x{301}e\x{301}e\x{301}e\x{301}e\x{301}e\x{301}e\x{301}e\x{301}e\x{301}e\x{301}e\x{301}e\x{301}e\x{301}e\x{301}e\x{301}e\x{301} e\x{301}e\x{301}e\x{301}e\x{301}e\x{301}e\x{301}e\x{301}e\x{301}e\x{301}e\x{301}e\x{301}e\x{301}e\x{301}e\x{301}e\x{301}e\x{301}e\x{301}e\x{301}e\x{301}e\x{301}e\x{301}e\x{301}e\x{301}e\x{301}e\x{301}e\x{301}e\x{301}e\x{301}e\x{301}e\x{301} e\x{301}e\x{301}e\x{301}e\x{301}e\x{301}e\x{301}e\x{301}e\x{301}e\x{301}e\x{301}e\x{301}e\x{301}e\x{301}e\x{301}e\x{301}e\x{301}e\x{301}e\x{301}e\x{301}e\x{301}e\x{301}e\x{301}"
          text run at (924,7760) width 0: " "
          text run at (0,7776) width 924: "e\x{301}e\x{301}e\x{301}e\x{301}e\x{301}e\x{301}e\x{301}e\x{301}e\x{301}e\x{301}e\x{301}e\x{301}e\x{301}e\x{301}e\x{301}e\x{301}e\x{301}e\x{301}e\x{301}e\x{301}e\x{301}e\x{301}e\x{301}e\x{301}e\x{301}e\x{301}e\x{301}e\x{301}e\x{301}e\x{301}e\x{301}e\x{301} e\x{301} e\x{301}e\x{301}e\x{301}e\x{301}e\x{301}e\x{301}e\x{301}e\x{301}e\x{301}e\x{301}e\x{301}e\x{301}e\x{301}e\x{301}e\x{301}e\x{301}e\x{301}e\x{301}e\x{301}e\x{301}e\x{301}e\x{301}e\x{301}e\x{301}e\x{301}e\x{301}e\x{301}e\x{301}e\x{301}e\x{301}e\x{301}e\x{301}e\x{301}e\x{301}e\x{301}e\x{301}e\x{301}e\x{301}e\x{301}e\x{301}e\x{301}e\x{301}e\x{301} e\x{301}e\x{301}e\x{301}e\x{301}e\x{301}e\x{301}e\x{301}e\x{301}e\x{301}e\x{301}e\x{301}e\x{301}e\x{301}e\x{301}e\x{301}e\x{301}e\x{301}e\x{301}e\x{301}e\x{301}e\x{301}e\x{301}e\x{301}e\x{301}e\x{301}e\x{301}e\x{301}e\x{301}e\x{301}e\x{301} e\x{301}e\x{301}e\x{301}e\x{301}e\x{301}e\x{301}e\x{301}e\x{301}e\x{301}e\x{301}e\x{301}e\x{301}e\x{301}e\x{301}e\x{301}e\x{301}e\x{301}e\x{301}e\x{301}e\x{301}e\x{301}e\x{301}"
          text run at (924,7776) width 0: " "
          text run at (0,7792) width 924: "e\x{301}e\x{301}e\x{301}e\x{301}e\x{301}e\x{301}e\x{301}e\x{301}e\x{301}e\x{301}e\x{301}e\x{301}e\x{301}e\x{301}e\x{301}e\x{301}e\x{301}e\x{301}e\x{301}e\x{301}e\x{301}e\x{301}e\x{301}e\x{301}e\x{301}e\x{301}e\x{301}e\x{301}e\x{301}e\x{301}e\x{301}e\x{301} e\x{301} e\x{301}e\x{301}e\x{301}e\x{301}e\x{301}e\x{301}e\x{301}e\x{301}e\x{301}e\x{301}e\x{301}e\x{301}e\x{301}e\x{301}e\x{301}e\x{301}e\x{301}e\x{301}e\x{301}e\x{301}e\x{301}e\x{301}e\x{301}e\x{301}e\x{301}e\x{301}e\x{301}e\x{301}e\x{301}e\x{301}e\x{301}e\x{301}e\x{301}e\x{301}e\x{301}e\x{301}e\x{301}e\x{301}e\x{301}e\x{301}e\x{301}e\x{301}e\x{301} e\x{301}e\x{301}e\x{301}e\x{301}e\x{301}e\x{301}e\x{301}e\x{301}e\x{301}e\x{301}e\x{301}e\x{301}e\x{301}e\x{301}e\x{301}e\x{301}e\x{301}e\x{301}e\x{301}e\x{301}e\x{301}e\x{301}e\x{301}e\x{301}e\x{301}e\x{301}e\x{301}e\x{301}e\x{301}e\x{301} e\x{301}e\x{301}e\x{301}e\x{301}e\x{301}e\x{301}e\x{301}e\x{301}e\x{301}e\x{301}e\x{301}e\x{301}e\x{301}e\x{301}e\x{301}e\x{301}e\x{301}e\x{301}e\x{301}e\x{301}e\x{301}e\x{301}"
          text run at (924,7792) width 0: " "
          text run at (0,7808) width 924: "e\x{301}e\x{301}e\x{301}e\x{301}e\x{301}e\x{301}e\x{301}e\x{301}e\x{301}e\x{301}e\x{301}e\x{301}e\x{301}e\x{301}e\x{301}e\x{301}e\x{301}e\x{301}e\x{301}e\x{301}e\x{301}e\x{301}e\x{301}e\x{301}e\x{301}e\x{301}e\x{301}e\x{301}e\x{301}e\x{301}e\x{301}e\x{301} e\x{301} e\x{301}e\x{301}e\x{301}e\x{301}e\x{301}e\x{301}e\x{301}e\x{301}e\x{301}e\x{301}e\x{301}e\x{301}e\x{301}e\x{301}e\x{301}e\x{301}e\x{301}e\x{301}e\x{301}e\x{301}e\x{301}e\x{301}e\x{301}e\x{301}e\x{301}e\x{301}e\x{301}e\x{301}e\x{301}e\x{301}e\x{301}e\x{301}e\x{301}e\x{301}e\x{301}e\x{301}e\x{301}e\x{301}e\x{301}e\x{301}e\x{301}e\x{301}e\x{301} e\x{301}e\x{301}e\x{301}e\x{301}e\x{301}e\x{301}e\x{301}e\x{301}e\x{301}e\x{301}e\x{301}e\x{301}e\x{301}e\x{301}e\x{301}e\x{301}e\x{301}e\x{301}e\x{301}e\x{301}e\x{301}e\x{301}e\x{301}e\x{301}e\x{301}e\x{301}e\x{301}e\x{301}e\x{301}e\x{301} e\x{301}e\x{301}e\x{301}e\x{301}e\x{301}e\x{301}e\x{301}e\x{301}e\x{301}e\x{301}e\x{301}e\x{301}e\x{301}e\x{301}e\x{301}e\x{301}e\x{301}e\x{301}e\x{301}e\x{301}e\x{301}e\x{301}"
          text run at (924,7808) width 0: " "
          text run at (0,7824) width 924: "e\x{301}e\x{301}e\x{301}e\x{301}e\x{301}e\x{301}e\x{301}e\x{301}e\x{301}e\x{301}e\x{301}e\x{301}e\x{301}e\x{301}e\x{301}e\x{301}e\x{301}e\x{301}e\x{301}e\x{301}e\x{301}e\x{301}e\x{301}e\x{301}e\x{301}e\x{301}e\x{301}e\x{301}e\x{301}e\x{301}e\x{301}e\x{301} e\x{301} e\x{301}e\x{301}e\x{301}e\x{301}e\x{301}e\x{301}e\x{301}e\x{301}e\x{301}e\x{301}e\x{301}e\x{301}e\x{301}e\x{301}e\x{301}e\x{301}e\x{301}e\x{301}e\x{301}e\x{301}e\x{301}e\x{301}e\x{301}e\x{301}e\x{301}e\x{301}e\x{301}e\x{301}e\x{301}e\x{301}e\x{301}e\x{301}e\x{301}e\x{301}e\x{301}e\x{301}e\x{301}e\x{301}e\x{301}e\x{301}e\x{301}e\x{301}e\x{301} e\x{301}e\x{301}e\x{301}e\x{301}e\x{301}e\x{301}e\x{301}e\x{301}e\x{301}e\x{301}e\x{301}e\x{301}e\x{301}e\x{301}e\x{301}e\x{301}e\x{301}e\x{301}e\x{301}e\x{301}e\x{301}e\x{301}e\x{301}e\x{301}e\x{301}e\x{301}e\x{301}e\x{301}e\x{301}e\x{301} e\x{301}e\x{301}e\x{301}e\x{301}e\x{301}e\x{301}e\x{301}e\x{301}e\x{301}e\x{301}e\x{301}e\x{301}e\x{301}e\x{301}e\x{301}e\x{301}e\x{301}e\x{301}e\x{301}e\x{301}e\x{301}e\x{301}"
          text run at (924,7824) width 0: " "
          text run at (0,7840) width 924: "e\x{301}e\x{301}e\x{301}e\x{301}e\x{301}e\x{301}e\x{301}e\x{301}e\x{301}e\x{301}e\x{301}e\x{301}e\x{301}e\x{301}e\x{301}e\x{301}e\x{301}e\x{301}e\x{301}e\x{301}e\x{301}e\x{301}e\x{301}e\x{301}e\x{301}e\x{301}e\x{301}e\x{301}e\x{301}e\x{301}e\x{301}e\x{301} e\x{301} e\x{301}e\x{301}e\x{301}e\x{301}e\x{301}e\x{301}e\x{301}e\x{301}e\x{301}e\x{301}e\x{301}e\x{301}e\x{301}e\x{301}e\x{301}e\x{301}e\x{301}e\x{301}e\x{301}e\x{301}e\x{301}e\x{301}e\x{301}e\x{301}e\x{301}e\x{301}e\x{301}e\x{301}e\x{301}e\x{301}e\x{301}e\x{301}e\x{301}e\x{301}e\x{301}e\x{301}e\x{301}e\x{301}e\x{301}e\x{301}e\x{301}e\x{301}e\x{301} e\x{301}e\x{301}e\x{301}e\x{301}e\x{301}e\x{301}e\x{301}e\x{301}e\x{301}e\x{301}e\x{301}e\x{301}e\x{301}e\x{301}e\x{301}e\x{301}e\x{301}e\x{301}e\x{301}e\x{301}e\x{301}e\x{301}e\x{301}e\x{301}e\x{301}e\x{301}e\x{301}e\x{301}e\x{301}e\x{301} e\x{301}e\x{301}e\x{301}e\x{301}e\x{301}e\x{301}e\x{301}e\x{301}e\x{301}e\x{301}e\x{301}e\x{301}e\x{301}e\x{301}e\x{301}e\x{301}e\x{301}e\x{301}e\x{301}e\x{301}e\x{301}e\x{301}"
          text run at (924,7840) width 0: " "
          text run at (0,7856) width 924: "e\x{301}e\x{301}e\x{301}e\x{301}e\x{301}e\x{301}e\x{301}e\x{301}e\x{301}e\x{301}e\x{301}e\x{301}e\x{301}e\x{301}e\x{301}e\x{301}e\x{301}e\x{301}e\x{301}e\x{301}e\x{301}e\x{301}e\x{301}e\x{301}e\x{301}e\x{301}e\x{301}e\x{301}e\x{301}e\x{301}e\x{301}e\x{301} e\x{301} e\x{301}e\x{301}e\x{301}e\x{301}e\x{301}e\x{301}e\x{301}e\x{301}e\x{301}e\x{301}e\x{301}e\x{301}e\x{301}e\x{301}e\x{301}e\x{301}e\x{301}e\x{301}e\x{301}e\x{301}e\x{301}e\x{301}e\x{301}e\x{301}e\x{301}e\x{301}e\x{301}e\x{301}e\x{301}e\x{301}e\x{301}e\x{301}e\x{301}e\x{301}e\x{301}e\x{301}e\x{301}e\x{301}e\x{301}e\x{301}e\x{301}e\x{301}e\x{301} e\x{301}e\x{301}e\x{301}e\x{301}e\x{301}e\x{301}e\x{301}e\x{301}e\x{301}e\x{301}e\x{301}e\x{301}e\x{301}e\x{301}e\x{301}e\x{301}e\x{301}e\x{301}e\x{301}e\x{301}e\x{301}e\x{301}e\x{301}e\x{301}e\x{301}e\x{301}e\x{301}e\x{301}e\x{301}e\x{301} e\x{301}e\x{301}e\x{301}e\x{301}e\x{301}e\x{301}e\x{301}e\x{301}e\x{301}e\x{301}e\x{301}e\x{301}e\x{301}e\x{301}e\x{301}e\x{301}e\x{301}e\x{301}e\x{301}e\x{301}e\x{301}e\x{301}"
          text run at (924,7856) width 0: " "
          text run at (0,7872) width 924: "e\x{301}e\x{301}e\x{301}e\x{301}e\x{301}e\x{301}e\x{301}e\x{301}e\x{301}e\x{301}e\x{301}e\x{301}e\x{301}e\x{301}e\x{301}e\x{301}e\x{301}e\x{301}e\x{301}e\x{301}e\x{301}e\x{301}e\x{301}e\x{301}e\x{301}e\x{301}e\x{301}e\x{301}e\x{301}e\x{301}e\x{301}e\x{301} e\x{301} e\x{301}e\x{301}e\x{301}e\x{301}e\x{301}e\x{301}e\x{301}e\x{301}e\x{301}e\x{301}e\x{301}e\x{301}e\x{301}e\x{301}e\x{301}e\x{301}e\x{301}e\x{301}e\x{301}e\x{301}e\x{301}e\x{301}e\x{301}e\x{301}e\x{301}e\x{301}e\x{301}e\x{301}e\x{301}e\x{301}e\x{301}e\x{301}e\x{301}e\x{301}e\x{301}e\x{301}e\x{301}e\x{301}e\x{301}e\x{301}e\x{301}e\x{301}e\x{301} e\x{301}e\x{301}e\x{301}e\x{301}e\x{301}e\x{301}e\x{301}e\x{301}e\x{301}e\x{301}e\x{301}e\x{301}e\x{301}e\x{301}e\x{301}e\x{301}e\x{301}e\x{301}e\x{301}e\x{301}e\x{301}e\x{301}e\x{301}e\x{301}e\x{301}e\x{301}e\x{301}e\x{301}e\x{301}e\x{301} e\x{301}e\x{301}e\x{301}e\x{301}e\x{301}e\x{301}e\x{301}e\x{301}e\x{301}e\x{301}e\x{301}e\x{301}e\x{301}e\x{301}e\x{301}e\x{301}e\x{301}e\x{301}e\x{301}e\x{301}e\x{301}e\x{301}"
          text run at (924,7872) width 0: " "
          text run at (0,7888) width 924: "e\x{301}e\x{301}e\x{301}e\x{301}e\x{301}e\x{301}e\x{301}e\x{301}e\x{301}e\x{301}e\x{301}e\x{301}e\x{301}e\x{301}e\x{301}e\x{301}e\x{301}e\x{301}e\x{301}e\x{301}e\x{301}e\x{301}e\x{301}e\x{301}e\x{301}e\x{301}e\x{301}e\x{301}e\x{301}e\x{301}e\x{301}e\x{301} e\x{301} e\x{301}e\x{301}e\x{301}e\x{301}e\x{301}e\x{301}e\x{301}e\x{301}e\x{301}e\x{301}e\x{301}e\x{301}e\x{301}e\x{301}e\x{301}e\x{301}e\x{301}e\x{301}e\x{301}e\x{301}e\x{301}e\x{301}e\x{301}e\x{301}e\x{301}e\x{301}e\x{301}e\x{301}e\x{301}e\x{301}e\x{301}e\x{301}e\x{301}e\x{301}e\x{301}e\x{301}e\x{301}e\x{301}e\x{301}e\x{301}e\x{301}e\x{301}e\x{301} e\x{301}e\x{301}e\x{301}e\x{301}e\x{301}e\x{301}e\x{301}e\x{301}e\x{301}e\x{301}e\x{301}e\x{301}e\x{301}e\x{301}e\x{301}e\x{301}e\x{301}e\x{301}e\x{301}e\x{301}e\x{301}e\x{301}e\x{301}e\x{301}e\x{301}e\x{301}e\x{301}e\x{301}e\x{301}e\x{301} e\x{301}e\x{301}e\x{301}e\x{301}e\x{301}e\x{301}e\x{301}e\x{301}e\x{301}e\x{301}e\x{301}e\x{301}e\x{301}e\x{301}e\x{301}e\x{301}e\x{301}e\x{301}e\x{301}e\x{301}e\x{301}e\x{301}"
          text run at (924,7888) width 0: " "
          text run at (0,7904) width 924: "e\x{301}e\x{301}e\x{301}e\x{301}e\x{301}e\x{301}e\x{301}e\x{301}e\x{301}e\x{301}e\x{301}e\x{301}e\x{301}e\x{301}e\x{301}e\x{301}e\x{301}e\x{301}e\x{301}e\x{301}e\x{301}e\x{301}e\x{301}e\x{301}e\x{301}e\x{301}e\x{301}e\x{301}e\x{301}e\x{301}e\x{301}e\x{301} e\x{301} e\x{301}e\x{301}e\x{301}e\x{301}e\x{301}e\x{301}e\x{301}e\x{301}e\x{301}e\x{301}e\x{301}e\x{301}e\x{301}e\x{301}e\x{301}e\x{301}e\x{301}e\x{301}e\x{301}e\x{301}e\x{301}e\x{301}e\x{301}e\x{301}e\x{301}e\x{301}e\x{301}e\x{301}e\x{301}e\x{301}e\x{301}e\x{301}e\x{301}e\x{301}e\x{301}e\x{301}e\x{301}e\x{301}e\x{301}e\x{301}e\x{301}e\x{301}e\x{301} e\x{301}e\x{301}e\x{301}e\x{301}e\x{301}e\x{301}e\x{301}e\x{301}e\x{301}e\x{301}e\x{301}e\x{301}e\x{301}e\x{301}e\x{301}e\x{301}e\x{301}e\x{301}e\x{301}e\x{301}e\x{301}e\x{301}e\x{301}e\x{301}e\x{301}e\x{301}e\x{301}e\x{301}e\x{301}e\x{301} e\x{301}e\x{301}e\x{301}e\x{301}e\x{301}e\x{301}e\x{301}e\x{301}e\x{301}e\x{301}e\x{301}e\x{301}e\x{301}e\x{301}e\x{301}e\x{301}e\x{301}e\x{301}e\x{301}e\x{301}e\x{301}e\x{301}"
          text run at (924,7904) width 0: " "
          text run at (0,7920) width 924: "e\x{301}e\x{301}e\x{301}e\x{301}e\x{301}e\x{301}e\x{301}e\x{301}e\x{301}e\x{301}e\x{301}e\x{301}e\x{301}e\x{301}e\x{301}e\x{301}e\x{301}e\x{301}e\x{301}e\x{301}e\x{301}e\x{301}e\x{301}e\x{301}e\x{301}e\x{301}e\x{301}e\x{301}e\x{301}e\x{301}e\x{301}e\x{301} e\x{301} e\x{301}e\x{301}e\x{301}e\x{301}e\x{301}e\x{301}e\x{301}e\x{301}e\x{301}e\x{301}e\x{301}e\x{301}e\x{301}e\x{301}e\x{301}e\x{301}e\x{301}e\x{301}e\x{301}e\x{301}e\x{301}e\x{301}e\x{301}e\x{301}e\x{301}e\x{301}e\x{301}e\x{301}e\x{301}e\x{301}e\x{301}e\x{301}e\x{301}e\x{301}e\x{301}e\x{301}e\x{301}e\x{301}e\x{301}e\x{301}e\x{301}e\x{301}e\x{301} e\x{301}e\x{301}e\x{301}e\x{301}e\x{301}e\x{301}e\x{301}e\x{301}e\x{301}e\x{301}e\x{301}e\x{301}e\x{301}e\x{301}e\x{301}e\x{301}e\x{301}e\x{301}e\x{301}e\x{301}e\x{301}e\x{301}e\x{301}e\x{301}e\x{301}e\x{301}e\x{301}e\x{301}e\x{301}e\x{301} e\x{301}e\x{301}e\x{301}e\x{301}e\x{301}e\x{301}e\x{301}e\x{301}e\x{301}e\x{301}e\x{301}e\x{301}e\x{301}e\x{301}e\x{301}e\x{301}e\x{301}e\x{301}e\x{301}e\x{301}e\x{301}e\x{301}"
          text run at (924,7920) width 0: " "
          text run at (0,7936) width 924: "e\x{301}e\x{301}e\x{301}e\x{301}e\x{301}e\x{301}e\x{301}e\x{301}e\x{301}e\x{301}e\x{301}e\x{301}e\x{301}e\x{301}e\x{301}e\x{301}e\x{301}e\x{301}e\x{301}e\x{301}e\x{301}e\x{301}e\x{301}e\x{301}e\x{301}e\x{301}e\x{301}e\x{301}e\x{301}e\x{301}e\x{301}e\x{301} e\x{301} e\x{301}e\x{301}e\x{301}e\x{301}e\x{301}e\x{301}e\x{301}e\x{301}e\x{301}e\x{301}e\x{301}e\x{301}e\x{301}e\x{301}e\x{301}e\x{301}e\x{301}e\x{301}e\x{301}e\x{301}e\x{301}e\x{301}e\x{301}e\x{301}e\x{301}e\x{301}e\x{301}e\x{301}e\x{301}e\x{301}e\x{301}e\x{301}e\x{301}e\x{301}e\x{301}e\x{301}e\x{301}e\x{301}e\x{301}e\x{301}e\x{301}e\x{301}e\x{301} e\x{301}e\x{301}e\x{301}e\x{301}e\x{301}e\x{301}e\x{301}e\x{301}e\x{301}e\x{301}e\x{301}e\x{301}e\x{301}e\x{301}e\x{301}e\x{301}e\x{301}e\x{301}e\x{301}e\x{301}e\x{301}e\x{301}e\x{301}e\x{301}e\x{301}e\x{301}e\x{301}e\x{301}e\x{301}e\x{301} e\x{301}e\x{301}e\x{301}e\x{301}e\x{301}e\x{301}e\x{301}e\x{301}e\x{301}e\x{301}e\x{301}e\x{301}e\x{301}e\x{301}e\x{301}e\x{301}e\x{301}e\x{301}e\x{301}e\x{301}e\x{301}e\x{301}"
          text run at (924,7936) width 0: " "
          text run at (0,7952) width 924: "e\x{301}e\x{301}e\x{301}e\x{301}e\x{301}e\x{301}e\x{301}e\x{301}e\x{301}e\x{301}e\x{301}e\x{301}e\x{301}e\x{301}e\x{301}e\x{301}e\x{301}e\x{301}e\x{301}e\x{301}e\x{301}e\x{301}e\x{301}e\x{301}e\x{301}e\x{301}e\x{301}e\x{301}e\x{301}e\x{301}e\x{301}e\x{301} e\x{301} e\x{301}e\x{301}e\x{301}e\x{301}e\x{301}e\x{301}e\x{301}e\x{301}e\x{301}e\x{301}e\x{301}e\x{301}e\x{301}e\x{301}e\x{301}e\x{301}e\x{301}e\x{301}e\x{301}e\x{301}e\x{301}e\x{301}e\x{301}e\x{301}e\x{301}e\x{301}e\x{301}e\x{301}e\x{301}e\x{301}e\x{301}e\x{301}e\x{301}e\x{301}e\x{301}e\x{301}e\x{301}e\x{301}e\x{301}e\x{301}e\x{301}e\x{301}e\x{301} e\x{301}e\x{301}e\x{301}e\x{301}e\x{301}e\x{301}e\x{301}e\x{301}e\x{301}e\x{301}e\x{301}e\x{301}e\x{301}e\x{301}e\x{301}e\x{301}e\x{301}e\x{301}e\x{301}e\x{301}e\x{301}e\x{301}e\x{301}e\x{301}e\x{301}e\x{301}e\x{301}e\x{301}e\x{301}e\x{301} e\x{301}e\x{301}e\x{301}e\x{301}e\x{301}e\x{301}e\x{301}e\x{301}e\x{301}e\x{301}e\x{301}e\x{301}e\x{301}e\x{301}e\x{301}e\x{301}e\x{301}e\x{301}e\x{301}e\x{301}e\x{301}e\x{301}"
          text run at (924,7952) width 0: " "
          text run at (0,7968) width 924: "e\x{301}e\x{301}e\x{301}e\x{301}e\x{301}e\x{301}e\x{301}e\x{301}e\x{301}e\x{301}e\x{301}e\x{301}e\x{301}e\x{301}e\x{301}e\x{301}e\x{301}e\x{301}e\x{301}e\x{301}e\x{301}e\x{301}e\x{301}e\x{301}e\x{301}e\x{301}e\x{301}e\x{301}e\x{301}e\x{301}e\x{301}e\x{301} e\x{301} e\x{301}e\x{301}e\x{301}e\x{301}e\x{301}e\x{301}e\x{301}e\x{301}e\x{301}e\x{301}e\x{301}e\x{301}e\x{301}e\x{301}e\x{301}e\x{301}e\x{301}e\x{301}e\x{301}e\x{301}e\x{301}e\x{301}e\x{301}e\x{301}e\x{301}e\x{301}e\x{301}e\x{301}e\x{301}e\x{301}e\x{301}e\x{301}e\x{301}e\x{301}e\x{301}e\x{301}e\x{301}e\x{301}e\x{301}e\x{301}e\x{301}e\x{301}e\x{301} e\x{301}e\x{301}e\x{301}e\x{301}e\x{301}e\x{301}e\x{301}e\x{301}e\x{301}e\x{301}e\x{301}e\x{301}e\x{301}e\x{301}e\x{301}e\x{301}e\x{301}e\x{301}e\x{301}e\x{301}e\x{301}e\x{301}e\x{301}e\x{301}e\x{301}e\x{301}e\x{301}e\x{301}e\x{301}e\x{301} e\x{301}e\x{301}e\x{301}e\x{301}e\x{301}e\x{301}e\x{301}e\x{301}e\x{301}e\x{301}e\x{301}e\x{301}e\x{301}e\x{301}e\x{301}e\x{301}e\x{301}e\x{301}e\x{301}e\x{301}e\x{301}e\x{301}"
          text run at (924,7968) width 0: " "
          text run at (0,7984) width 924: "e\x{301}e\x{301}e\x{301}e\x{301}e\x{301}e\x{301}e\x{301}e\x{301}e\x{301}e\x{301}e\x{301}e\x{301}e\x{301}e\x{301}e\x{301}e\x{301}e\x{301}e\x{301}e\x{301}e\x{301}e\x{301}e\x{301}e\x{301}e\x{301}e\x{301}e\x{301}e\x{301}e\x{301}e\x{301}e\x{301}e\x{301}e\x{301} e\x{301} e\x{301}e\x{301}e\x{301}e\x{301}e\x{301}e\x{301}e\x{301}e\x{301}e\x{301}e\x{301}e\x{301}e\x{301}e\x{301}e\x{301}e\x{301}e\x{301}e\x{301}e\x{301}e\x{301}e\x{301}e\x{301}e\x{301}e\x{301}e\x{301}e\x{301}e\x{301}e\x{301}e\x{301}e\x{301}e\x{301}e\x{301}e\x{301}e\x{301}e\x{301}e\x{301}e\x{301}e\x{301}e\x{301}e\x{301}e\x{301}e\x{301}e\x{301}e\x{301} e\x{301}e\x{301}e\x{301}e\x{301}e\x{301}e\x{301}e\x{301}e\x{301}e\x{301}e\x{301}e\x{301}e\x{301}e\x{301}e\x{301}e\x{301}e\x{301}e\x{301}e\x{301}e\x{301}e\x{301}e\x{301}e\x{301}e\x{301}e\x{301}e\x{301}e\x{301}e\x{301}e\x{301}e\x{301}e\x{301} e\x{301}e\x{301}e\x{301}e\x{301}e\x{301}e\x{301}e\x{301}e\x{301}e\x{301}e\x{301}e\x{301}e\x{301}e\x{301}e\x{301}e\x{301}e\x{301}e\x{301}e\x{301}e\x{301}e\x{301}e\x{301}e\x{301}"
          text run at (924,7984) width 0: " "
          text run at (0,8000) width 924: "e\x{301}e\x{301}e\x{301}e\x{301}e\x{301}e\x{301}e\x{301}e\x{301}e\x{301}e\x{301}e\x{301}e\x{301}e\x{301}e\x{301}e\x{301}e\x{301}e\x{301}e\x{301}e\x{301}e\x{301}e\x{301}e\x{301}e\x{301}e\x{301}e\x{301}e\x{301}e\x{301}e\x{301}e\x{301}e\x{301}e\x{301}e\x{301} e\x{301} e\x{301}e\x{301}e\x{301}e\x{301}e\x{301}e\x{301}e\x{301}e\x{301}e\x{301}e\x{301}e\x{301}e\x{301}e\x{301}e\x{301}e\x{301}e\x{301}e\x{301}e\x{301}e\x{301}e\x{301}e\x{301}e\x{301}e\x{301}e\x{301}e\x{301}e\x{301}e\x{301}e\x{301}e\x{301}e\x{301}e\x{301}e\x{301}e\x{301}e\x{301}e\x{301}e\x{301}e\x{301}e\x{301}e\x{301}e\x{301}e\x{301}e\x{301}e\x{301} e\x{301}e\x{301}e\x{301}e\x{301}e\x{301}e\x{301}e\x{301}e\x{301}e\x{301}e\x{301}e\x{301}e\x{301}e\x{301}e\x{301}e\x{301}e\x{301}e\x{301}e\x{301}e\x{301}e\x{301}e\x{301}e\x{301}e\x{301}e\x{301}e\x{301}e\x{301}e\x{301}e\x{301}e\x{301}e\x{301} e\x{301}e\x{301}e\x{301}e\x{301}e\x{301}e\x{301}e\x{301}e\x{301}e\x{301}e\x{301}e\x{301}e\x{301}e\x{301}e\x{301}e\x{301}e\x{301}e\x{301}e\x{301}e\x{301}e\x{301}e\x{301}e\x{301}"
          text run at (924,8000) width 0: " "
          text run at (0,8016) width 924: "e\x{301}e\x{301}e\x{301}e\x{301}e\x{301}e\x{301}e\x{301}e\x{301}e\x{301}e\x{301}e\x{301}e\x{301}e\x{301}e\x{301}e\x{301}e\x{301}e\x{301}e\x{301}e\x{301}e\x{301}e\x{301}e\x{301}e\x{301}e\x{301}e\x{301}e\x{301}e\x{301}e\x{301}e\x{301}e\x{301}e\x{301}e\x{301} e\x{301} e\x{301}e\x{301}e\x{301}e\x{301}e\x{301}e\x{301}e\x{301}e\x{301}e\x{301}e\x{301}e\x{301}e\x{301}e\x{301}e\x{301}e\x{301}e\x{301}e\x{301}e\x{301}e\x{301}e\x{301}e\x{301}e\x{301}e\x{301}e\x{301}e\x{301}e\x{301}e\x{301}e\x{301}e\x{301}e\x{301}e\x{301}e\x{301}e\x{301}e\x{301}e\x{301}e\x{301}e\x{301}e\x{301}e\x{301}e\x{301}e\x{301}e\x{301}e\x{301} e\x{301}e\x{301}e\x{301}e\x{301}e\x{301}e\x{301}e\x{301}e\x{301}e\x{301}e\x{301}e\x{301}e\x{301}e\x{301}e\x{301}e\x{301}e\x{301}e\x{301}e\x{301}e\x{301}e\x{301}e\x{301}e\x{301}e\x{301}e\x{301}e\x{301}e\x{301}e\x{301}e\x{301}e\x{301}e\x{301} e\x{301}e\x{301}e\x{301}e\x{301}e\x{301}e\x{301}e\x{301}e\x{301}e\x{301}e\x{301}e\x{301}e\x{301}e\x{301}e\x{301}e\x{301}e\x{301}e\x{301}e\x{301}e\x{301}e\x{301}e\x{301}e\x{301}"
          text run at (924,8016) width 0: " "
          text run at (0,8032) width 168: "e\x{301}e\x{301}e\x{301}e\x{301}e\x{301}e\x{301}e\x{301}e\x{301}e\x{301}e\x{301}e\x{301}e\x{301}e\x{301}e\x{301}e\x{301}e\x{301}e\x{301}e\x{301}e\x{301}e\x{301}e\x{301}e\x{301}e\x{301}e\x{301}"
        RenderText {#text} at (168,8032) size 924x400
          text run at (168,8032) width 756: "e\x{301}e\x{301}e\x{301}e\x{301}e\x{301}e\x{301}e\x{301}e\x{301} e\x{301} e\x{301}e\x{301}e\x{301}e\x{301}e\x{301}e\x{301}e\x{301}e\x{301}e\x{301}e\x{301}e\x{301}e\x{301}e\x{301}e\x{301}e\x{301}e\x{301}e\x{301}e\x{301}e\x{301}e\x{301}e\x{301}e\x{301}e\x{301}e\x{301}e\x{301}e\x{301}e\x{301}e\x{301}e\x{301}e\x{301}e\x{301}e\x{301}e\x{301}e\x{301}e\x{301}e\x{301}e\x{301}e\x{301}e\x{301}e\x{301}e\x{301}e\x{301}e\x{301} e\x{301}e\x{301}e\x{301}e\x{301}e\x{301}e\x{301}e\x{301}e\x{301}e\x{301}e\x{301}e\x{301}e\x{301}e\x{301}e\x{301}e\x{301}e\x{301}e\x{301}e\x{301}e\x{301}e\x{301}e\x{301}e\x{301}e\x{301}e\x{301}e\x{301}e\x{301}e\x{301}e\x{301}e\x{301}e\x{301} e\x{301}e\x{301}e\x{301}e\x{301}e\x{301}e\x{301}e\x{301}e\x{301}e\x{301}e\x{301}e\x{301}e\x{301}e\x{301}e\x{301}e\x{301}e\x{301}e\x{301}e\x{301}e\x{301}e\x{301}e\x{301}e\x{301}"
          text run at (924,8032) width 0: " "
          text run at (0,8048) width 924: "e\x{301}e\x{301}e\x{301}e\x{301}e\x{301}e\x{301}e\x{301}e\x{301}e\x{301}e\x{301}e\x{301}e\x{301}e\x{301}e\x{301}e\x{301}e\x{301}e\x{301}e\x{301}e\x{301}e\x{301}e\x{301}e\x{301}e\x{301}e\x{301}e\x{301}e\x{301}e\x{301}e\x{301}e\x{301}e\x{301}e\x{301}e\x{301} e\x{301} e\x{301}e\x{301}e\x{301}e\x{301}e\x{301}e\x{301}e\x{301}e\x{301}e\x{301}e\x{301}e\x{301}e\x{301}e\x{301}e\x{301}e\x{301}e\x{301}e\x{301}e\x{301}e\x{301}e\x{301}e\x{301}e\x{301}e\x{301}e\x{301}e\x{301}e\x{301}e\x{301}e\x{301}e\x{301}e\x{301}e\x{301}e\x{301}e\x{301}e\x{301}e\x{301}e\x{301}e\x{301}e\x{301}e\x{301}e\x{301}e\x{301}e\x{301}e\x{301} e\x{301}e\x{301}e\x{301}e\x{301}e\x{301}e\x{301}e\x{301}e\x{301}e\x{301}e\x{301}e\x{301}e\x{301}e\x{301}e\x{301}e\x{301}e\x{301}e\x{301}e\x{301}e\x{301}e\x{301}e\x{301}e\x{301}e\x{301}e\x{301}e\x{301}e\x{301}e\x{301}e\x{301}e\x{301}e\x{301} e\x{301}e\x{301}e\x{301}e\x{301}e\x{301}e\x{301}e\x{301}e\x{301}e\x{301}e\x{301}e\x{301}e\x{301}e\x{301}e\x{301}e\x{301}e\x{301}e\x{301}e\x{301}e\x{301}e\x{301}e\x{301}e\x{301}"
          text run at (924,8048) width 0: " "
          text run at (0,8064) width 924: "e\x{301}e\x{301}e\x{301}e\x{301}e\x{301}e\x{301}e\x{301}e\x{301}e\x{301}e\x{301}e\x{301}e\x{301}e\x{301}e\x{301}e\x{301}e\x{301}e\x{301}e\x{301}e\x{301}e\x{301}e\x{301}e\x{301}e\x{301}e\x{301}e\x{301}e\x{301}e\x{301}e\x{301}e\x{301}e\x{301}e\x{301}e\x{301} e\x{301} e\x{301}e\x{301}e\x{301}e\x{301}e\x{301}e\x{301}e\x{301}e\x{301}e\x{301}e\x{301}e\x{301}e\x{301}e\x{301}e\x{301}e\x{301}e\x{301}e\x{301}e\x{301}e\x{301}e\x{301}e\x{301}e\x{301}e\x{301}e\x{301}e\x{301}e\x{301}e\x{301}e\x{301}e\x{301}e\x{301}e\x{301}e\x{301}e\x{301}e\x{301}e\x{301}e\x{301}e\x{301}e\x{301}e\x{301}e\x{301}e\x{301}e\x{301}e\x{301} e\x{301}e\x{301}e\x{301}e\x{301}e\x{301}e\x{301}e\x{301}e\x{301}e\x{301}e\x{301}e\x{301}e\x{301}e\x{301}e\x{301}e\x{301}e\x{301}e\x{301}e\x{301}e\x{301}e\x{301}e\x{301}e\x{301}e\x{301}e\x{301}e\x{301}e\x{301}e\x{301}e\x{301}e\x{301}e\x{301} e\x{301}e\x{301}e\x{301}e\x{301}e\x{301}e\x{301}e\x{301}e\x{301}e\x{301}e\x{301}e\x{301}e\x{301}e\x{301}e\x{301}e\x{301}e\x{301}e\x{301}e\x{301}e\x{301}e\x{301}e\x{301}e\x{301}"
          text run at (924,8064) width 0: " "
          text run at (0,8080) width 924: "e\x{301}e\x{301}e\x{301}e\x{301}e\x{301}e\x{301}e\x{301}e\x{301}e\x{301}e\x{301}e\x{301}e\x{301}e\x{301}e\x{301}e\x{301}e\x{301}e\x{301}e\x{301}e\x{301}e\x{301}e\x{301}e\x{301}e\x{301}e\x{301}e\x{301}e\x{301}e\x{301}e\x{301}e\x{301}e\x{301}e\x{301}e\x{301} e\x{301} e\x{301}e\x{301}e\x{301}e\x{301}e\x{301}e\x{301}e\x{301}e\x{301}e\x{301}e\x{301}e\x{301}e\x{301}e\x{301}e\x{301}e\x{301}e\x{301}e\x{301}e\x{301}e\x{301}e\x{301}e\x{301}e\x{301}e\x{301}e\x{301}e\x{301}e\x{301}e\x{301}e\x{301}e\x{301}e\x{301}e\x{301}e\x{301}e\x{301}e\x{301}e\x{301}e\x{301}e\x{301}e\x{301}e\x{301}e\x{301}e\x{301}e\x{301}e\x{301} e\x{301}e\x{301}e\x{301}e\x{301}e\x{301}e\x{301}e\x{301}e\x{301}e\x{301}e\x{301}e\x{301}e\x{301}e\x{301}e\x{301}e\x{301}e\x{301}e\x{301}e\x{301}e\x{301}e\x{301}e\x{301}e\x{301}e\x{301}e\x{301}e\x{301}e\x{301}e\x{301}e\x{301}e\x{301}e\x{301} e\x{301}e\x{301}e\x{301}e\x{301}e\x{301}e\x{301}e\x{301}e\x{301}e\x{301}e\x{301}e\x{301}e\x{301}e\x{301}e\x{301}e\x{301}e\x{301}e\x{301}e\x{301}e\x{301}e\x{301}e\x{301}e\x{301}"
          text run at (924,8080) width 0: " "
          text run at (0,8096) width 924: "e\x{301}e\x{301}e\x{301}e\x{301}e\x{301}e\x{301}e\x{301}e\x{301}e\x{301}e\x{301}e\x{301}e\x{301}e\x{301}e\x{301}e\x{301}e\x{301}e\x{301}e\x{301}e\x{301}e\x{301}e\x{301}e\x{301}e\x{301}e\x{301}e\x{301}e\x{301}e\x{301}e\x{301}e\x{301}e\x{301}e\x{301}e\x{301} e\x{301} e\x{301}e\x{301}e\x{301}e\x{301}e\x{301}e\x{301}e\x{301}e\x{301}e\x{301}e\x{301}e\x{301}e\x{301}e\x{301}e\x{301}e\x{301}e\x{301}e\x{301}e\x{301}e\x{301}e\x{301}e\x{301}e\x{301}e\x{301}e\x{301}e\x{301}e\x{301}e\x{301}e\x{301}e\x{301}e\x{301}e\x{301}e\x{301}e\x{301}e\x{301}e\x{301}e\x{301}e\x{301}e\x{301}e\x{301}e\x{301}e\x{301}e\x{301}e\x{301} e\x{301}e\x{301}e\x{301}e\x{301}e\x{301}e\x{301}e\x{301}e\x{301}e\x{301}e\x{301}e\x{301}e\x{301}e\x{301}e\x{301}e\x{301}e\x{301}e\x{301}e\x{301}e\x{301}e\x{301}e\x{301}e\x{301}e\x{301}e\x{301}e\x{301}e\x{301}e\x{301}e\x{301}e\x{301}e\x{301} e\x{301}e\x{301}e\x{301}e\x{301}e\x{301}e\x{301}e\x{301}e\x{301}e\x{301}e\x{301}e\x{301}e\x{301}e\x{301}e\x{301}e\x{301}e\x{301}e\x{301}e\x{301}e\x{301}e\x{301}e\x{301}e\x{301}"
          text run at (924,8096) width 0: " "
          text run at (0,8112) width 924: "e\x{301}e\x{301}e\x{301}e\x{301}e\x{301}e\x{301}e\x{301}e\x{301}e\x{301}e\x{301}e\x{301}e\x{301}e\x{301}e\x{301}e\x{301}e\x{301}e\x{301}e\x{301}e\x{301}e\x{301}e\x{301}e\x{301}e\x{301}e\x{301}e\x{301}e\x{301}e\x{301}e\x{301}e\x{301}e\x{301}e\x{301}e\x{301} e\x{301} e\x{301}e\x{301}e\x{301}e\x{301}e\x{301}e\x{301}e\x{301}e\x{301}e\x{301}e\x{301}e\x{301}e\x{301}e\x{301}e\x{301}e\x{301}e\x{301}e\x{301}e\x{301}e\x{301}e\x{301}e\x{301}e\x{301}e\x{301}e\x{301}e\x{301}e\x{301}e\x{301}e\x{301}e\x{301}e\x{301}e\x{301}e\x{301}e\x{301}e\x{301}e\x{301}e\x{301}e\x{301}e\x{301}e\x{301}e\x{301}e\x{301}e\x{301}e\x{301} e\x{301}e\x{301}e\x{301}e\x{301}e\x{301}e\x{301}e\x{301}e\x{301}e\x{301}e\x{301}e\x{301}e\x{301}e\x{301}e\x{301}e\x{301}e\x{301}e\x{301}e\x{301}e\x{301}e\x{301}e\x{301}e\x{301}e\x{301}e\x{301}e\x{301}e\x{301}e\x{301}e\x{301}e\x{301}e\x{301} e\x{301}e\x{301}e\x{301}e\x{301}e\x{301}e\x{301}e\x{301}e\x{301}e\x{301}e\x{301}e\x{301}e\x{301}e\x{301}e\x{301}e\x{301}e\x{301}e\x{301}e\x{301}e\x{301}e\x{301}e\x{301}e\x{301}"
          text run at (924,8112) width 0: " "
          text run at (0,8128) width 924: "e\x{301}e\x{301}e\x{301}e\x{301}e\x{301}e\x{301}e\x{301}e\x{301}e\x{301}e\x{301}e\x{301}e\x{301}e\x{301}e\x{301}e\x{301}e\x{301}e\x{301}e\x{301}e\x{301}e\x{301}e\x{301}e\x{301}e\x{301}e\x{301}e\x{301}e\x{301}e\x{301}e\x{301}e\x{301}e\x{301}e\x{301}e\x{301} e\x{301} e\x{301}e\x{301}e\x{301}e\x{301}e\x{301}e\x{301}e\x{301}e\x{301}e\x{301}e\x{301}e\x{301}e\x{301}e\x{301}e\x{301}e\x{301}e\x{301}e\x{301}e\x{301}e\x{301}e\x{301}e\x{301}e\x{301}e\x{301}e\x{301}e\x{301}e\x{301}e\x{301}e\x{301}e\x{301}e\x{301}e\x{301}e\x{301}e\x{301}e\x{301}e\x{301}e\x{301}e\x{301}e\x{301}e\x{301}e\x{301}e\x{301}e\x{301}e\x{301} e\x{301}e\x{301}e\x{301}e\x{301}e\x{301}e\x{301}e\x{301}e\x{301}e\x{301}e\x{301}e\x{301}e\x{301}e\x{301}e\x{301}e\x{301}e\x{301}e\x{301}e\x{301}e\x{301}e\x{301}e\x{301}e\x{301}e\x{301}e\x{301}e\x{301}e\x{301}e\x{301}e\x{301}e\x{301}e\x{301} e\x{301}e\x{301}e\x{301}e\x{301}e\x{301}e\x{301}e\x{301}e\x{301}e\x{301}e\x{301}e\x{301}e\x{301}e\x{301}e\x{301}e\x{301}e\x{301}e\x{301}e\x{301}e\x{301}e\x{301}e\x{301}e\x{301}"
          text run at (924,8128) width 0: " "
          text run at (0,8144) width 924: "e\x{301}e\x{301}e\x{301}e\x{301}e\x{301}e\x{301}e\x{301}e\x{301}e\x{301}e\x{301}e\x{301}e\x{301}e\x{301}e\x{301}e\x{301}e\x{301}e\x{301}e\x{301}e\x{301}e\x{301}e\x{301}e\x{301}e\x{301}e\x{301}e\x{301}e\x{301}e\x{301}e\x{301}e\x{301}e\x{301}e\x{301}e\x{301} e\x{301} e\x{301}e\x{301}e\x{301}e\x{301}e\x{301}e\x{301}e\x{301}e\x{301}e\x{301}e\x{301}e\x{301}e\x{301}e\x{301}e\x{301}e\x{301}e\x{301}e\x{301}e\x{301}e\x{301}e\x{301}e\x{301}e\x{301}e\x{301}e\x{301}e\x{301}e\x{301}e\x{301}e\x{301}e\x{301}e\x{301}e\x{301}e\x{301}e\x{301}e\x{301}e\x{301}e\x{301}e\x{301}e\x{301}e\x{301}e\x{301}e\x{301}e\x{301}e\x{301} e\x{301}e\x{301}e\x{301}e\x{301}e\x{301}e\x{301}e\x{301}e\x{301}e\x{301}e\x{301}e\x{301}e\x{301}e\x{301}e\x{301}e\x{301}e\x{301}e\x{301}e\x{301}e\x{301}e\x{301}e\x{301}e\x{301}e\x{301}e\x{301}e\x{301}e\x{301}e\x{301}e\x{301}e\x{301}e\x{301} e\x{301}e\x{301}e\x{301}e\x{301}e\x{301}e\x{301}e\x{301}e\x{301}e\x{301}e\x{301}e\x{301}e\x{301}e\x{301}e\x{301}e\x{301}e\x{301}e\x{301}e\x{301}e\x{301}e\x{301}e\x{301}e\x{301}"
          text run at (924,8144) width 0: " "
          text run at (0,8160) width 924: "e\x{301}e\x{301}e\x{301}e\x{301}e\x{301}e\x{301}e\x{301}e\x{301}e\x{301}e\x{301}e\x{301}e\x{301}e\x{301}e\x{301}e\x{301}e\x{301}e\x{301}e\x{301}e\x{301}e\x{301}e\x{301}e\x{301}e\x{301}e\x{301}e\x{301}e\x{301}e\x{301}e\x{301}e\x{301}e\x{301}e\x{301}e\x{301} e\x{301} e\x{301}e\x{301}e\x{301}e\x{301}e\x{301}e\x{301}e\x{301}e\x{301}e\x{301}e\x{301}e\x{301}e\x{301}e\x{301}e\x{301}e\x{301}e\x{301}e\x{301}e\x{301}e\x{301}e\x{301}e\x{301}e\x{301}e\x{301}e\x{301}e\x{301}e\x{301}e\x{301}e\x{301}e\x{301}e\x{301}e\x{301}e\x{301}e\x{301}e\x{301}e\x{301}e\x{301}e\x{301}e\x{301}e\x{301}e\x{301}e\x{301}e\x{301}e\x{301} e\x{301}e\x{301}e\x{301}e\x{301}e\x{301}e\x{301}e\x{301}e\x{301}e\x{301}e\x{301}e\x{301}e\x{301}e\x{301}e\x{301}e\x{301}e\x{301}e\x{301}e\x{301}e\x{301}e\x{301}e\x{301}e\x{301}e\x{301}e\x{301}e\x{301}e\x{301}e\x{301}e\x{301}e\x{301}e\x{301} e\x{301}e\x{301}e\x{301}e\x{301}e\x{301}e\x{301}e\x{301}e\x{301}e\x{301}e\x{301}e\x{301}e\x{301}e\x{301}e\x{301}e\x{301}e\x{301}e\x{301}e\x{301}e\x{301}e\x{301}e\x{301}e\x{301}"
          text run at (924,8160) width 0: " "
          text run at (0,8176) width 924: "e\x{301}e\x{301}e\x{301}e\x{301}e\x{301}e\x{301}e\x{301}e\x{301}e\x{301}e\x{301}e\x{301}e\x{301}e\x{301}e\x{301}e\x{301}e\x{301}e\x{301}e\x{301}e\x{301}e\x{301}e\x{301}e\x{301}e\x{301}e\x{301}e\x{301}e\x{301}e\x{301}e\x{301}e\x{301}e\x{301}e\x{301}e\x{301} e\x{301} e\x{301}e\x{301}e\x{301}e\x{301}e\x{301}e\x{301}e\x{301}e\x{301}e\x{301}e\x{301}e\x{301}e\x{301}e\x{301}e\x{301}e\x{301}e\x{301}e\x{301}e\x{301}e\x{301}e\x{301}e\x{301}e\x{301}e\x{301}e\x{301}e\x{301}e\x{301}e\x{301}e\x{301}e\x{301}e\x{301}e\x{301}e\x{301}e\x{301}e\x{301}e\x{301}e\x{301}e\x{301}e\x{301}e\x{301}e\x{301}e\x{301}e\x{301}e\x{301} e\x{301}e\x{301}e\x{301}e\x{301}e\x{301}e\x{301}e\x{301}e\x{301}e\x{301}e\x{301}e\x{301}e\x{301}e\x{301}e\x{301}e\x{301}e\x{301}e\x{301}e\x{301}e\x{301}e\x{301}e\x{301}e\x{301}e\x{301}e\x{301}e\x{301}e\x{301}e\x{301}e\x{301}e\x{301}e\x{301} e\x{301}e\x{301}e\x{301}e\x{301}e\x{301}e\x{301}e\x{301}e\x{301}e\x{301}e\x{301}e\x{301}e\x{301}e\x{301}e\x{301}e\x{301}e\x{301}e\x{301}e\x{301}e\x{301}e\x{301}e\x{301}e\x{301}"
          text run at (924,8176) width 0: " "
          text run at (0,8192) width 924: "e\x{301}e\x{301}e\x{301}e\x{301}e\x{301}e\x{301}e\x{301}e\x{301}e\x{301}e\x{301}e\x{301}e\x{301}e\x{301}e\x{301}e\x{301}e\x{301}e\x{301}e\x{301}e\x{301}e\x{301}e\x{301}e\x{301}e\x{301}e\x{301}e\x{301}e\x{301}e\x{301}e\x{301}e\x{301}e\x{301}e\x{301}e\x{301} e\x{301} e\x{301}e\x{301}e\x{301}e\x{301}e\x{301}e\x{301}e\x{301}e\x{301}e\x{301}e\x{301}e\x{301}e\x{301}e\x{301}e\x{301}e\x{301}e\x{301}e\x{301}e\x{301}e\x{301}e\x{301}e\x{301}e\x{301}e\x{301}e\x{301}e\x{301}e\x{301}e\x{301}e\x{301}e\x{301}e\x{301}e\x{301}e\x{301}e\x{301}e\x{301}e\x{301}e\x{301}e\x{301}e\x{301}e\x{301}e\x{301}e\x{301}e\x{301}e\x{301} e\x{301}e\x{301}e\x{301}e\x{301}e\x{301}e\x{301}e\x{301}e\x{301}e\x{301}e\x{301}e\x{301}e\x{301}e\x{301}e\x{301}e\x{301}e\x{301}e\x{301}e\x{301}e\x{301}e\x{301}e\x{301}e\x{301}e\x{301}e\x{301}e\x{301}e\x{301}e\x{301}e\x{301}e\x{301}e\x{301} e\x{301}e\x{301}e\x{301}e\x{301}e\x{301}e\x{301}e\x{301}e\x{301}e\x{301}e\x{301}e\x{301}e\x{301}e\x{301}e\x{301}e\x{301}e\x{301}e\x{301}e\x{301}e\x{301}e\x{301}e\x{301}e\x{301}"
          text run at (924,8192) width 0: " "
          text run at (0,8208) width 924: "e\x{301}e\x{301}e\x{301}e\x{301}e\x{301}e\x{301}e\x{301}e\x{301}e\x{301}e\x{301}e\x{301}e\x{301}e\x{301}e\x{301}e\x{301}e\x{301}e\x{301}e\x{301}e\x{301}e\x{301}e\x{301}e\x{301}e\x{301}e\x{301}e\x{301}e\x{301}e\x{301}e\x{301}e\x{301}e\x{301}e\x{301}e\x{301} e\x{301} e\x{301}e\x{301}e\x{301}e\x{301}e\x{301}e\x{301}e\x{301}e\x{301}e\x{301}e\x{301}e\x{301}e\x{301}e\x{301}e\x{301}e\x{301}e\x{301}e\x{301}e\x{301}e\x{301}e\x{301}e\x{301}e\x{301}e\x{301}e\x{301}e\x{301}e\x{301}e\x{301}e\x{301}e\x{301}e\x{301}e\x{301}e\x{301}e\x{301}e\x{301}e\x{301}e\x{301}e\x{301}e\x{301}e\x{301}e\x{301}e\x{301}e\x{301}e\x{301} e\x{301}e\x{301}e\x{301}e\x{301}e\x{301}e\x{301}e\x{301}e\x{301}e\x{301}e\x{301}e\x{301}e\x{301}e\x{301}e\x{301}e\x{301}e\x{301}e\x{301}e\x{301}e\x{301}e\x{301}e\x{301}e\x{301}e\x{301}e\x{301}e\x{301}e\x{301}e\x{301}e\x{301}e\x{301}e\x{301} e\x{301}e\x{301}e\x{301}e\x{301}e\x{301}e\x{301}e\x{301}e\x{301}e\x{301}e\x{301}e\x{301}e\x{301}e\x{301}e\x{301}e\x{301}e\x{301}e\x{301}e\x{301}e\x{301}e\x{301}e\x{301}e\x{301}"
          text run at (924,8208) width 0: " "
          text run at (0,8224) width 924: "e\x{301}e\x{301}e\x{301}e\x{301}e\x{301}e\x{301}e\x{301}e\x{301}e\x{301}e\x{301}e\x{301}e\x{301}e\x{301}e\x{301}e\x{301}e\x{301}e\x{301}e\x{301}e\x{301}e\x{301}e\x{301}e\x{301}e\x{301}e\x{301}e\x{301}e\x{301}e\x{301}e\x{301}e\x{301}e\x{301}e\x{301}e\x{301} e\x{301} e\x{301}e\x{301}e\x{301}e\x{301}e\x{301}e\x{301}e\x{301}e\x{301}e\x{301}e\x{301}e\x{301}e\x{301}e\x{301}e\x{301}e\x{301}e\x{301}e\x{301}e\x{301}e\x{301}e\x{301}e\x{301}e\x{301}e\x{301}e\x{301}e\x{301}e\x{301}e\x{301}e\x{301}e\x{301}e\x{301}e\x{301}e\x{301}e\x{301}e\x{301}e\x{301}e\x{301}e\x{301}e\x{301}e\x{301}e\x{301}e\x{301}e\x{301}e\x{301} e\x{301}e\x{301}e\x{301}e\x{301}e\x{301}e\x{301}e\x{301}e\x{301}e\x{301}e\x{301}e\x{301}e\x{301}e\x{301}e\x{301}e\x{301}e\x{301}e\x{301}e\x{301}e\x{301}e\x{301}e\x{301}e\x{301}e\x{301}e\x{301}e\x{301}e\x{301}e\x{301}e\x{301}e\x{301}e\x{301} e\x{301}e\x{301}e\x{301}e\x{301}e\x{301}e\x{301}e\x{301}e\x{301}e\x{301}e\x{301}e\x{301}e\x{301}e\x{301}e\x{301}e\x{301}e\x{301}e\x{301}e\x{301}e\x{301}e\x{301}e\x{301}e\x{301}"
          text run at (924,8224) width 0: " "
          text run at (0,8240) width 924: "e\x{301}e\x{301}e\x{301}e\x{301}e\x{301}e\x{301}e\x{301}e\x{301}e\x{301}e\x{301}e\x{301}e\x{301}e\x{301}e\x{301}e\x{301}e\x{301}e\x{301}e\x{301}e\x{301}e\x{301}e\x{301}e\x{301}e\x{301}e\x{301}e\x{301}e\x{301}e\x{301}e\x{301}e\x{301}e\x{301}e\x{301}e\x{301} e\x{301} e\x{301}e\x{301}e\x{301}e\x{301}e\x{301}e\x{301}e\x{301}e\x{301}e\x{301}e\x{301}e\x{301}e\x{301}e\x{301}e\x{301}e\x{301}e\x{301}e\x{301}e\x{301}e\x{301}e\x{301}e\x{301}e\x{301}e\x{301}e\x{301}e\x{301}e\x{301}e\x{301}e\x{301}e\x{301}e\x{301}e\x{301}e\x{301}e\x{301}e\x{301}e\x{301}e\x{301}e\x{301}e\x{301}e\x{301}e\x{301}e\x{301}e\x{301}e\x{301} e\x{301}e\x{301}e\x{301}e\x{301}e\x{301}e\x{301}e\x{301}e\x{301}e\x{301}e\x{301}e\x{301}e\x{301}e\x{301}e\x{301}e\x{301}e\x{301}e\x{301}e\x{301}e\x{301}e\x{301}e\x{301}e\x{301}e\x{301}e\x{301}e\x{301}e\x{301}e\x{301}e\x{301}e\x{301}e\x{301} e\x{301}e\x{301}e\x{301}e\x{301}e\x{301}e\x{301}e\x{301}e\x{301}e\x{301}e\x{301}e\x{301}e\x{301}e\x{301}e\x{301}e\x{301}e\x{301}e\x{301}e\x{301}e\x{301}e\x{301}e\x{301}e\x{301}"
          text run at (924,8240) width 0: " "
          text run at (0,8256) width 924: "e\x{301}e\x{301}e\x{301}e\x{301}e\x{301}e\x{301}e\x{301}e\x{301}e\x{301}e\x{301}e\x{301}e\x{301}e\x{301}e\x{301}e\x{301}e\x{301}e\x{301}e\x{301}e\x{301}e\x{301}e\x{301}e\x{301}e\x{301}e\x{301}e\x{301}e\x{301}e\x{301}e\x{301}e\x{301}e\x{301}e\x{301}e\x{301} e\x{301} e\x{301}e\x{301}e\x{301}e\x{301}e\x{301}e\x{301}e\x{301}e\x{301}e\x{301}e\x{301}e\x{301}e\x{301}e\x{301}e\x{301}e\x{301}e\x{301}e\x{301}e\x{301}e\x{301}e\x{301}e\x{301}e\x{301}e\x{301}e\x{301}e\x{301}e\x{301}e\x{301}e\x{301}e\x{301}e\x{301}e\x{301}e\x{301}e\x{301}e\x{301}e\x{301}e\x{301}e\x{301}e\x{301}e\x{301}e\x{301}e\x{301}e\x{301}e\x{301} e\x{301}e\x{301}e\x{301}e\x{301}e\x{301}e\x{301}e\x{301}e\x{301}e\x{301}e\x{301}e\x{301}e\x{301}e\x{301}e\x{301}e\x{301}e\x{301}e\x{301}e\x{301}e\x{301}e\x{301}e\x{301}e\x{301}e\x{301}e\x{301}e\x{301}e\x{301}e\x{301}e\x{301}e\x{301}e\x{301} e\x{301}e\x{301}e\x{301}e\x{301}e\x{301}e\x{301}e\x{301}e\x{301}e\x{301}e\x{301}e\x{301}e\x{301}e\x{301}e\x{301}e\x{301}e\x{301}e\x{301}e\x{301}e\x{301}e\x{301}e\x{301}e\x{301}"
          text run at (924,8256) width 0: " "
          text run at (0,8272) width 924: "e\x{301}e\x{301}e\x{301}e\x{301}e\x{301}e\x{301}e\x{301}e\x{301}e\x{301}e\x{301}e\x{301}e\x{301}e\x{301}e\x{301}e\x{301}e\x{301}e\x{301}e\x{301}e\x{301}e\x{301}e\x{301}e\x{301}e\x{301}e\x{301}e\x{301}e\x{301}e\x{301}e\x{301}e\x{301}e\x{301}e\x{301}e\x{301} e\x{301} e\x{301}e\x{301}e\x{301}e\x{301}e\x{301}e\x{301}e\x{301}e\x{301}e\x{301}e\x{301}e\x{301}e\x{301}e\x{301}e\x{301}e\x{301}e\x{301}e\x{301}e\x{301}e\x{301}e\x{301}e\x{301}e\x{301}e\x{301}e\x{301}e\x{301}e\x{301}e\x{301}e\x{301}e\x{301}e\x{301}e\x{301}e\x{301}e\x{301}e\x{301}e\x{301}e\x{301}e\x{301}e\x{301}e\x{301}e\x{301}e\x{301}e\x{301}e\x{301} e\x{301}e\x{301}e\x{301}e\x{301}e\x{301}e\x{301}e\x{301}e\x{301}e\x{301}e\x{301}e\x{301}e\x{301}e\x{301}e\x{301}e\x{301}e\x{301}e\x{301}e\x{301}e\x{301}e\x{301}e\x{301}e\x{301}e\x{301}e\x{301}e\x{301}e\x{301}e\x{301}e\x{301}e\x{301}e\x{301} e\x{301}e\x{301}e\x{301}e\x{301}e\x{301}e\x{301}e\x{301}e\x{301}e\x{301}e\x{301}e\x{301}e\x{301}e\x{301}e\x{301}e\x{301}e\x{301}e\x{301}e\x{301}e\x{301}e\x{301}e\x{301}e\x{301}"
          text run at (924,8272) width 0: " "
          text run at (0,8288) width 924: "e\x{301}e\x{301}e\x{301}e\x{301}e\x{301}e\x{301}e\x{301}e\x{301}e\x{301}e\x{301}e\x{301}e\x{301}e\x{301}e\x{301}e\x{301}e\x{301}e\x{301}e\x{301}e\x{301}e\x{301}e\x{301}e\x{301}e\x{301}e\x{301}e\x{301}e\x{301}e\x{301}e\x{301}e\x{301}e\x{301}e\x{301}e\x{301} e\x{301} e\x{301}e\x{301}e\x{301}e\x{301}e\x{301}e\x{301}e\x{301}e\x{301}e\x{301}e\x{301}e\x{301}e\x{301}e\x{301}e\x{301}e\x{301}e\x{301}e\x{301}e\x{301}e\x{301}e\x{301}e\x{301}e\x{301}e\x{301}e\x{301}e\x{301}e\x{301}e\x{301}e\x{301}e\x{301}e\x{301}e\x{301}e\x{301}e\x{301}e\x{301}e\x{301}e\x{301}e\x{301}e\x{301}e\x{301}e\x{301}e\x{301}e\x{301}e\x{301} e\x{301}e\x{301}e\x{301}e\x{301}e\x{301}e\x{301}e\x{301}e\x{301}e\x{301}e\x{301}e\x{301}e\x{301}e\x{301}e\x{301}e\x{301}e\x{301}e\x{301}e\x{301}e\x{301}e\x{301}e\x{301}e\x{301}e\x{301}e\x{301}e\x{301}e\x{301}e\x{301}e\x{301}e\x{301}e\x{301} e\x{301}e\x{301}e\x{301}e\x{301}e\x{301}e\x{301}e\x{301}e\x{301}e\x{301}e\x{301}e\x{301}e\x{301}e\x{301}e\x{301}e\x{301}e\x{301}e\x{301}e\x{301}e\x{301}e\x{301}e\x{301}e\x{301}"
          text run at (924,8288) width 0: " "
          text run at (0,8304) width 924: "e\x{301}e\x{301}e\x{301}e\x{301}e\x{301}e\x{301}e\x{301}e\x{301}e\x{301}e\x{301}e\x{301}e\x{301}e\x{301}e\x{301}e\x{301}e\x{301}e\x{301}e\x{301}e\x{301}e\x{301}e\x{301}e\x{301}e\x{301}e\x{301}e\x{301}e\x{301}e\x{301}e\x{301}e\x{301}e\x{301}e\x{301}e\x{301} e\x{301} e\x{301}e\x{301}e\x{301}e\x{301}e\x{301}e\x{301}e\x{301}e\x{301}e\x{301}e\x{301}e\x{301}e\x{301}e\x{301}e\x{301}e\x{301}e\x{301}e\x{301}e\x{301}e\x{301}e\x{301}e\x{301}e\x{301}e\x{301}e\x{301}e\x{301}e\x{301}e\x{301}e\x{301}e\x{301}e\x{301}e\x{301}e\x{301}e\x{301}e\x{301}e\x{301}e\x{301}e\x{301}e\x{301}e\x{301}e\x{301}e\x{301}e\x{301}e\x{301} e\x{301}e\x{301}e\x{301}e\x{301}e\x{301}e\x{301}e\x{301}e\x{301}e\x{301}e\x{301}e\x{301}e\x{301}e\x{301}e\x{301}e\x{301}e\x{301}e\x{301}e\x{301}e\x{301}e\x{301}e\x{301}e\x{301}e\x{301}e\x{301}e\x{301}e\x{301}e\x{301}e\x{301}e\x{301}e\x{301} e\x{301}e\x{301}e\x{301}e\x{301}e\x{301}e\x{301}e\x{301}e\x{301}e\x{301}e\x{301}e\x{301}e\x{301}e\x{301}e\x{301}e\x{301}e\x{301}e\x{301}e\x{301}e\x{301}e\x{301}e\x{301}e\x{301}"
          text run at (924,8304) width 0: " "
          text run at (0,8320) width 924: "e\x{301}e\x{301}e\x{301}e\x{301}e\x{301}e\x{301}e\x{301}e\x{301}e\x{301}e\x{301}e\x{301}e\x{301}e\x{301}e\x{301}e\x{301}e\x{301}e\x{301}e\x{301}e\x{301}e\x{301}e\x{301}e\x{301}e\x{301}e\x{301}e\x{301}e\x{301}e\x{301}e\x{301}e\x{301}e\x{301}e\x{301}e\x{301} e\x{301} e\x{301}e\x{301}e\x{301}e\x{301}e\x{301}e\x{301}e\x{301}e\x{301}e\x{301}e\x{301}e\x{301}e\x{301}e\x{301}e\x{301}e\x{301}e\x{301}e\x{301}e\x{301}e\x{301}e\x{301}e\x{301}e\x{301}e\x{301}e\x{301}e\x{301}e\x{301}e\x{301}e\x{301}e\x{301}e\x{301}e\x{301}e\x{301}e\x{301}e\x{301}e\x{301}e\x{301}e\x{301}e\x{301}e\x{301}e\x{301}e\x{301}e\x{301}e\x{301} e\x{301}e\x{301}e\x{301}e\x{301}e\x{301}e\x{301}e\x{301}e\x{301}e\x{301}e\x{301}e\x{301}e\x{301}e\x{301}e\x{301}e\x{301}e\x{301}e\x{301}e\x{301}e\x{301}e\x{301}e\x{301}e\x{301}e\x{301}e\x{301}e\x{301}e\x{301}e\x{301}e\x{301}e\x{301}e\x{301} e\x{301}e\x{301}e\x{301}e\x{301}e\x{301}e\x{301}e\x{301}e\x{301}e\x{301}e\x{301}e\x{301}e\x{301}e\x{301}e\x{301}e\x{301}e\x{301}e\x{301}e\x{301}e\x{301}e\x{301}e\x{301}e\x{301}"
          text run at (924,8320) width 0: " "
          text run at (0,8336) width 924: "e\x{301}e\x{301}e\x{301}e\x{301}e\x{301}e\x{301}e\x{301}e\x{301}e\x{301}e\x{301}e\x{301}e\x{301}e\x{301}e\x{301}e\x{301}e\x{301}e\x{301}e\x{301}e\x{301}e\x{301}e\x{301}e\x{301}e\x{301}e\x{301}e\x{301}e\x{301}e\x{301}e\x{301}e\x{301}e\x{301}e\x{301}e\x{301} e\x{301} e\x{301}e\x{301}e\x{301}e\x{301}e\x{301}e\x{301}e\x{301}e\x{301}e\x{301}e\x{301}e\x{301}e\x{301}e\x{301}e\x{301}e\x{301}e\x{301}e\x{301}e\x{301}e\x{301}e\x{301}e\x{301}e\x{301}e\x{301}e\x{301}e\x{301}e\x{301}e\x{301}e\x{301}e\x{301}e\x{301}e\x{301}e\x{301}e\x{301}e\x{301}e\x{301}e\x{301}e\x{301}e\x{301}e\x{301}e\x{301}e\x{301}e\x{301}e\x{301} e\x{301}e\x{301}e\x{301}e\x{301}e\x{301}e\x{301}e\x{301}e\x{301}e\x{301}e\x{301}e\x{301}e\x{301}e\x{301}e\x{301}e\x{301}e\x{301}e\x{301}e\x{301}e\x{301}e\x{301}e\x{301}e\x{301}e\x{301}e\x{301}e\x{301}e\x{301}e\x{301}e\x{301}e\x{301}e\x{301} e\x{301}e\x{301}e\x{301}e\x{301}e\x{301}e\x{301}e\x{301}e\x{301}e\x{301}e\x{301}e\x{301}e\x{301}e\x{301}e\x{301}e\x{301}e\x{301}e\x{301}e\x{301}e\x{301}e\x{301}e\x{301}e\x{301}"
          text run at (924,8336) width 0: " "
          text run at (0,8352) width 924: "e\x{301}e\x{301}e\x{301}e\x{301}e\x{301}e\x{301}e\x{301}e\x{301}e\x{301}e\x{301}e\x{301}e\x{301}e\x{301}e\x{301}e\x{301}e\x{301}e\x{301}e\x{301}e\x{301}e\x{301}e\x{301}e\x{301}e\x{301}e\x{301}e\x{301}e\x{301}e\x{301}e\x{301}e\x{301}e\x{301}e\x{301}e\x{301} e\x{301} e\x{301}e\x{301}e\x{301}e\x{301}e\x{301}e\x{301}e\x{301}e\x{301}e\x{301}e\x{301}e\x{301}e\x{301}e\x{301}e\x{301}e\x{301}e\x{301}e\x{301}e\x{301}e\x{301}e\x{301}e\x{301}e\x{301}e\x{301}e\x{301}e\x{301}e\x{301}e\x{301}e\x{301}e\x{301}e\x{301}e\x{301}e\x{301}e\x{301}e\x{301}e\x{301}e\x{301}e\x{301}e\x{301}e\x{301}e\x{301}e\x{301}e\x{301}e\x{301} e\x{301}e\x{301}e\x{301}e\x{301}e\x{301}e\x{301}e\x{301}e\x{301}e\x{301}e\x{301}e\x{301}e\x{301}e\x{301}e\x{301}e\x{301}e\x{301}e\x{301}e\x{301}e\x{301}e\x{301}e\x{301}e\x{301}e\x{301}e\x{301}e\x{301}e\x{301}e\x{301}e\x{301}e\x{301}e\x{301} e\x{301}e\x{301}e\x{301}e\x{301}e\x{301}e\x{301}e\x{301}e\x{301}e\x{301}e\x{301}e\x{301}e\x{301}e\x{301}e\x{301}e\x{301}e\x{301}e\x{301}e\x{301}e\x{301}e\x{301}e\x{301}e\x{301}"
          text run at (924,8352) width 0: " "
          text run at (0,8368) width 924: "e\x{301}e\x{301}e\x{301}e\x{301}e\x{301}e\x{301}e\x{301}e\x{301}e\x{301}e\x{301}e\x{301}e\x{301}e\x{301}e\x{301}e\x{301}e\x{301}e\x{301}e\x{301}e\x{301}e\x{301}e\x{301}e\x{301}e\x{301}e\x{301}e\x{301}e\x{301}e\x{301}e\x{301}e\x{301}e\x{301}e\x{301}e\x{301} e\x{301} e\x{301}e\x{301}e\x{301}e\x{301}e\x{301}e\x{301}e\x{301}e\x{301}e\x{301}e\x{301}e\x{301}e\x{301}e\x{301}e\x{301}e\x{301}e\x{301}e\x{301}e\x{301}e\x{301}e\x{301}e\x{301}e\x{301}e\x{301}e\x{301}e\x{301}e\x{301}e\x{301}e\x{301}e\x{301}e\x{301}e\x{301}e\x{301}e\x{301}e\x{301}e\x{301}e\x{301}e\x{301}e\x{301}e\x{301}e\x{301}e\x{301}e\x{301}e\x{301} e\x{301}e\x{301}e\x{301}e\x{301}e\x{301}e\x{301}e\x{301}e\x{301}e\x{301}e\x{301}e\x{301}e\x{301}e\x{301}e\x{301}e\x{301}e\x{301}e\x{301}e\x{301}e\x{301}e\x{301}e\x{301}e\x{301}e\x{301}e\x{301}e\x{301}e\x{301}e\x{301}e\x{301}e\x{301}e\x{301} e\x{301}e\x{301}e\x{301}e\x{301}e\x{301}e\x{301}e\x{301}e\x{301}e\x{301}e\x{301}e\x{301}e\x{301}e\x{301}e\x{301}e\x{301}e\x{301}e\x{301}e\x{301}e\x{301}e\x{301}e\x{301}e\x{301}"
          text run at (924,8368) width 0: " "
          text run at (0,8384) width 924: "e\x{301}e\x{301}e\x{301}e\x{301}e\x{301}e\x{301}e\x{301}e\x{301}e\x{301}e\x{301}e\x{301}e\x{301}e\x{301}e\x{301}e\x{301}e\x{301}e\x{301}e\x{301}e\x{301}e\x{301}e\x{301}e\x{301}e\x{301}e\x{301}e\x{301}e\x{301}e\x{301}e\x{301}e\x{301}e\x{301}e\x{301}e\x{301} e\x{301} e\x{301}e\x{301}e\x{301}e\x{301}e\x{301}e\x{301}e\x{301}e\x{301}e\x{301}e\x{301}e\x{301}e\x{301}e\x{301}e\x{301}e\x{301}e\x{301}e\x{301}e\x{301}e\x{301}e\x{301}e\x{301}e\x{301}e\x{301}e\x{301}e\x{301}e\x{301}e\x{301}e\x{301}e\x{301}e\x{301}e\x{301}e\x{301}e\x{301}e\x{301}e\x{301}e\x{301}e\x{301}e\x{301}e\x{301}e\x{301}e\x{301}e\x{301}e\x{301} e\x{301}e\x{301}e\x{301}e\x{301}e\x{301}e\x{301}e\x{301}e\x{301}e\x{301}e\x{301}e\x{301}e\x{301}e\x{301}e\x{301}e\x{301}e\x{301}e\x{301}e\x{301}e\x{301}e\x{301}e\x{301}e\x{301}e\x{301}e\x{301}e\x{301}e\x{301}e\x{301}e\x{301}e\x{301}e\x{301} e\x{301}e\x{301}e\x{301}e\x{301}e\x{301}e\x{301}e\x{301}e\x{301}e\x{301}e\x{301}e\x{301}e\x{301}e\x{301}e\x{301}e\x{301}e\x{301}e\x{301}e\x{301}e\x{301}e\x{301}e\x{301}e\x{301}"
          text run at (924,8384) width 0: " "
          text run at (0,8400) width 924: "e\x{301}e\x{301}e\x{301}e\x{301}e\x{301}e\x{301}e\x{301}e\x{301}e\x{301}e\x{301}e\x{301}e\x{301}e\x{301}e\x{301}e\x{301}e\x{301}e\x{301}e\x{301}e\x{301}e\x{301}e\x{301}e\x{301}e\x{301}e\x{301}e\x{301}e\x{301}e\x{301}e\x{301}e\x{301}e\x{301}e\x{301}e\x{301} e\x{301} e\x{301}e\x{301}e\x{301}e\x{301}e\x{301}e\x{301}e\x{301}e\x{301}e\x{301}e\x{301}e\x{301}e\x{301}e\x{301}e\x{301}e\x{301}e\x{301}e\x{301}e\x{301}e\x{301}e\x{301}e\x{301}e\x{301}e\x{301}e\x{301}e\x{301}e\x{301}e\x{301}e\x{301}e\x{301}e\x{301}e\x{301}e\x{301}e\x{301}e\x{301}e\x{301}e\x{301}e\x{301}e\x{301}e\x{301}e\x{301}e\x{301}e\x{301}e\x{301} e\x{301}e\x{301}e\x{301}e\x{301}e\x{301}e\x{301}e\x{301}e\x{301}e\x{301}e\x{301}e\x{301}e\x{301}e\x{301}e\x{301}e\x{301}e\x{301}e\x{301}e\x{301}e\x{301}e\x{301}e\x{301}e\x{301}e\x{301}e\x{301}e\x{301}e\x{301}e\x{301}e\x{301}e\x{301}e\x{301} e\x{301}e\x{301}e\x{301}e\x{301}e\x{301}e\x{301}e\x{301}e\x{301}e\x{301}e\x{301}e\x{301}e\x{301}e\x{301}e\x{301}e\x{301}e\x{301}e\x{301}e\x{301}e\x{301}e\x{301}e\x{301}e\x{301}"
          text run at (924,8400) width 0: " "
          text run at (0,8416) width 924: "e\x{301}e\x{301}e\x{301}e\x{301}e\x{301}e\x{301}e\x{301}e\x{301}e\x{301}e\x{301}e\x{301}e\x{301}e\x{301}e\x{301}e\x{301}e\x{301}e\x{301}e\x{301}e\x{301}e\x{301}e\x{301}e\x{301}e\x{301}e\x{301}e\x{301}e\x{301}e\x{301}e\x{301}e\x{301}e\x{301}e\x{301}e\x{301} e\x{301} e\x{301}e\x{301}e\x{301}e\x{301}e\x{301}e\x{301}e\x{301}e\x{301}e\x{301}e\x{301}e\x{301}e\x{301}e\x{301}e\x{301}e\x{301}e\x{301}e\x{301}e\x{301}e\x{301}e\x{301}e\x{301}e\x{301}e\x{301}e\x{301}e\x{301}e\x{301}e\x{301}e\x{301}e\x{301}e\x{301}e\x{301}e\x{301}e\x{301}e\x{301}e\x{301}e\x{301}e\x{301}e\x{301}e\x{301}e\x{301}e\x{301}e\x{301}e\x{301} e\x{301}e\x{301}e\x{301}e\x{301}e\x{301}e\x{301}e\x{301}e\x{301}e\x{301}e\x{301}e\x{301}e\x{301}e\x{301}e\x{301}e\x{301}e\x{301}e\x{301}e\x{301}e\x{301}e\x{301}e\x{301}e\x{301}e\x{301}e\x{301}e\x{301}e\x{301}e\x{301}e\x{301}e\x{301}e\x{301} e\x{301}e\x{301}e\x{301}e\x{301}e\x{301}e\x{301}e\x{301}e\x{301}e\x{301}e\x{301}e\x{301}e\x{301}e\x{301}e\x{301}e\x{301}e\x{301}e\x{301}e\x{301}e\x{301}e\x{301}e\x{301}e\x{301}"
          text run at (924,8416) width 0: " "
