layer at (0,0) size 800x600
  RenderView at (0,0) size 800x600
layer at (0,0) size 800x600
  RenderBlock {HTML} at (0,0) size 800x600
    RenderBody {BODY} at (8,8) size 784x584
      RenderBlock {P} at (0,0) size 784x40
        RenderText {#text} at (0,0) size 177x19
          text run at (0,0) width 177: "This is a regression test for "
        RenderInline {I} at (0,0) size 726x39
          RenderInline {A} at (0,0) size 355x19 [color=#0000EE]
            RenderText {#text} at (176,0) size 355x19
              text run at (176,0) width 355: "http://bugzilla.opendarwin.org/show_bug.cgi?id=8485"
          RenderText {#text} at (530,0) size 726x39
            text run at (530,0) width 5: " "
            text run at (534,0) width 192: "iExploder(#11705): Freeze in"
            text run at (0,20) width 145: "RenderBlock::layout()"
        RenderText {#text} at (144,20) size 5x19
          text run at (144,20) width 5: "."
      RenderBlock {HR} at (0,56) size 784x2 [border: (1px inset #000000)]
      RenderBlock {DIV} at (0,66) size 30x282
        RenderText {#text} at (0,2) size 87x277
          text run at (0,2) width 0: " "
          text run at (0,143) width 87: "A"
