layer at (0,0) size 800x600
  RenderView at (0,0) size 800x600
layer at (0,0) size 800x600
  RenderBlock {HTML} at (0,0) size 800x600
    RenderBody {BODY} at (8,8) size 784x576
      RenderBlock {P} at (0,0) size 784x40
        RenderText {#text} at (0,0) size 53x19
          text run at (0,0) width 53: "Test for "
        RenderInline {I} at (0,0) size 758x39
          RenderInline {A} at (0,0) size 301x19 [color=#0000EE]
            RenderText {#text} at (53,0) size 301x19
              text run at (53,0) width 301: "http://bugs.webkit.org/show_bug.cgi?id=15259"
          RenderText {#text} at (354,0) size 758x39
            text run at (354,0) width 4: " "
            text run at (358,0) width 400: "REGRESSION:Text overflows if a empty <td> is followed by a"
            text run at (0,20) width 134: "<td align=\"center\">"
        RenderText {#text} at (134,20) size 4x19
          text run at (134,20) width 4: "."
      RenderBlock {P} at (0,56) size 784x20
        RenderText {#text} at (0,0) size 261x19
          text run at (0,0) width 261: "The next 7 lines should all look the same."
      RenderBlock (floating) {DIV} at (0,92) size 83x26 [border: (3px solid #000000)]
        RenderText {#text} at (3,3) size 77x19
          text run at (3,3) width 77: "A B"
      RenderBlock (floating) {DIV} at (0,118) size 83x26 [border: (3px solid #000000)]
        RenderText {#text} at (3,3) size 77x19
          text run at (3,3) width 77: "A B"
      RenderBlock (floating) {DIV} at (0,144) size 83x26 [border: (3px solid #000000)]
        RenderInline {SPAN} at (0,0) size 12x19
          RenderText {#text} at (3,3) size 12x19
            text run at (3,3) width 12: "A"
        RenderText {#text} at (65,3) size 15x19
          text run at (65,3) width 15: " B"
      RenderBlock (floating) {DIV} at (0,170) size 83x26 [border: (3px solid #000000)]
        RenderInline {SPAN} at (0,0) size 12x19
          RenderText {#text} at (3,3) size 12x19
            text run at (3,3) width 12: "A"
        RenderText {#text} at (65,3) size 15x19
          text run at (65,3) width 15: " B"
      RenderBlock (floating) {DIV} at (0,196) size 83x26 [border: (3px solid #000000)]
        RenderInline {SPAN} at (0,0) size 12x19
          RenderText {#text} at (3,3) size 12x19
            text run at (3,3) width 12: "A"
        RenderText {#text} at (65,3) size 15x19
          text run at (65,3) width 15: " B"
      RenderBlock (floating) {DIV} at (0,222) size 83x26 [border: (3px solid #000000)]
        RenderInline {SPAN} at (0,0) size 12x19
          RenderText {#text} at (3,3) size 12x19
            text run at (3,3) width 12: "A"
        RenderText {#text} at (65,3) size 4x19
          text run at (65,3) width 4: " "
        RenderInline {SPAN} at (0,0) size 11x19
          RenderText {#text} at (69,3) size 11x19
            text run at (69,3) width 11: "B"
      RenderBlock (floating) {DIV} at (0,248) size 83x26 [border: (3px solid #000000)]
        RenderInline {SPAN} at (0,0) size 12x19
          RenderText {#text} at (3,3) size 12x19
            text run at (3,3) width 12: "A"
        RenderText {#text} at (65,3) size 15x19
          text run at (65,3) width 15: " B"
