layer at (0,0) size 800x1076
  RenderView at (0,0) size 800x600
layer at (0,0) size 800x1076
  RenderBlock {HTML} at (0,0) size 800x1076
    RenderBody {BODY} at (8,8) size 784x1060
      RenderBlock (anonymous) at (0,0) size 784x20
        RenderText {#text} at (0,0) size 700x19
          text run at (0,0) width 700: "This example tests that word-break properly shrinks a cell to one character per line when it is set to break-all."
      RenderTable {TABLE} at (0,20) size 784x110 [border: (1px outset #808080)]
        RenderTableSection {TBODY} at (1,1) size 782x108
          RenderTableRow {TR} at (0,0) size 782x108
            RenderTableCell {TD} at (0,0) size 20x108 [border: (1px inset #808080)] [r=0 c=0 rs=1 cs=1]
              RenderText {#text} at (6,6) size 8x96
                text run at (6,6) width 8: "N"
                text run at (6,22) width 8: "a"
                text run at (6,38) width 8: "r"
                text run at (6,54) width 8: "r"
                text run at (6,70) width 8: "o"
                text run at (6,86) width 8: "w"
            RenderTableCell {TD} at (20,40) size 762x28 [border: (1px inset #808080)] [r=0 c=1 rs=1 cs=1]
              RenderText {#text} at (6,6) size 168x16
                text run at (6,6) width 168: "This cell should grow"
      RenderBlock (anonymous) at (0,130) size 784x40
        RenderBR {BR} at (0,0) size 0x19
        RenderText {#text} at (0,20) size 438x19
          text run at (0,20) width 438: "This test checks that word-break is ignored when white-space is pre."
      RenderBlock {PRE} at (0,183) size 110x26 [border: (5px solid #000000)]
        RenderText {#text} at (5,5) size 448x16
          text run at (5,5) width 448: "Thislongwordshouldnotgetbrokenbutshouldstickoutofthepre."
          text run at (453,5) width 0: " "
      RenderBlock (anonymous) at (0,222) size 784x80
        RenderBR {BR} at (0,0) size 0x19
        RenderText {#text} at (0,20) size 776x59
          text run at (0,20) width 476: "The next two examples test our custom break-word value for word-break. "
          text run at (475,20) width 301: "We should get the same results as break-all for"
          text run at (0,40) width 766: "the first test, but we should break up the word in the second test (since our behavior matches word-wrap: break-word in"
          text run at (0,60) width 65: "that case)."
      RenderTable {TABLE} at (0,302) size 784x110 [border: (1px outset #808080)]
        RenderTableSection {TBODY} at (1,1) size 782x108
          RenderTableRow {TR} at (0,0) size 782x108
            RenderTableCell {TD} at (0,0) size 20x108 [border: (1px inset #808080)] [r=0 c=0 rs=1 cs=1]
              RenderText {#text} at (6,6) size 8x96
                text run at (6,6) width 8: "N"
                text run at (6,22) width 8: "a"
                text run at (6,38) width 8: "r"
                text run at (6,54) width 8: "r"
                text run at (6,70) width 8: "o"
                text run at (6,86) width 8: "w"
            RenderTableCell {TD} at (20,40) size 762x28 [border: (1px inset #808080)] [r=0 c=1 rs=1 cs=1]
              RenderText {#text} at (6,6) size 168x16
                text run at (6,6) width 168: "This cell should grow"
      RenderBlock (anonymous) at (0,412) size 784x20
        RenderBR {BR} at (0,0) size 0x19
      RenderBlock {PRE} at (0,445) size 110x90 [border: (5px solid #000000)]
        RenderText {#text} at (5,5) size 96x80
          text run at (5,5) width 96: "Thislongword"
          text run at (5,21) width 96: "shouldnotget"
          text run at (5,37) width 96: "brokenbutsho"
          text run at (5,53) width 96: "uldstickouto"
          text run at (5,69) width 64: "fthepre."
          text run at (69,69) width 0: " "
      RenderBlock (anonymous) at (0,548) size 784x80
        RenderBR {BR} at (0,0) size 0x19
        RenderText {#text} at (0,20) size 776x59
          text run at (0,20) width 642: "This test makes sure floating and positioned elements do the right thing with word-break: break-all. "
          text run at (641,20) width 132: "The minimum width"
          text run at (0,40) width 305: "should be less than the containing block width. "
          text run at (304,40) width 472: "The breaking should be \"dumb\" and just occur when the end of the line is"
          text run at (0,60) width 21: "hit."
      RenderBlock {DIV} at (0,628) size 304x52 [border: (2px solid #000000)]
        RenderBlock (floating) {DIV} at (2,2) size 300x48
          RenderText {#text} at (0,0) size 296x48
            text run at (0,0) width 296: "Eventhoughthishasareallylongword itsh"
            text run at (0,16) width 296: "ouldnotstick out oftheenclosing300pxb"
            text run at (0,32) width 40: "lock."
        RenderBR {BR} at (302,2) size 0x16
      RenderBlock (anonymous) at (0,680) size 784x20
        RenderBR {BR} at (0,0) size 0x19
      RenderBlock (anonymous) at (0,804) size 784x80
        RenderBR {BR} at (0,0) size 0x19
        RenderText {#text} at (0,20) size 784x59
          text run at (0,20) width 658: "This test makes sure floating and positioned elements do the right thing with word-break: break-word. "
          text run at (657,20) width 93: "The minimum"
          text run at (0,40) width 346: "width should be less than the containing block width. "
          text run at (345,40) width 439: "The breaking should be \"smart\" and be like word-wrap: break-word,"
          text run at (0,60) width 540: "with words preferring to wrap first before allowing break opportunities within them."
      RenderBlock {DIV} at (0,884) size 304x52 [border: (2px solid #000000)]
        RenderBlock (floating) {DIV} at (2,2) size 300x48
          RenderText {#text} at (0,0) size 256x48
            text run at (0,0) width 256: "Eventhoughthishasareallylongword"
            text run at (0,16) width 160: "itshouldnotstick out"
            text run at (0,32) width 200: "oftheenclosing300pxblock."
        RenderBR {BR} at (302,2) size 0x16
      RenderBlock (anonymous) at (0,936) size 784x20
        RenderBR {BR} at (0,0) size 0x19
layer at (8,708) size 304x104
  RenderBlock (relative positioned) {DIV} at (0,700) size 304x104 [border: (2px solid #000000)]
layer at (10,710) size 300x48
  RenderBlock (positioned) {DIV} at (2,2) size 300x48
    RenderText {#text} at (0,0) size 296x48
      text run at (0,0) width 296: "Eventhoughthishasareallylongword itsh"
      text run at (0,16) width 296: "ouldnotstick out oftheenclosing300pxb"
      text run at (0,32) width 40: "lock."
layer at (8,964) size 304x104
  RenderBlock (relative positioned) {DIV} at (0,956) size 304x104 [border: (2px solid #000000)]
layer at (10,966) size 300x48
  RenderBlock (positioned) {DIV} at (2,2) size 300x48
    RenderText {#text} at (0,0) size 256x48
      text run at (0,0) width 256: "Eventhoughthishasareallylongword"
      text run at (0,16) width 160: "itshouldnotstick out"
      text run at (0,32) width 200: "oftheenclosing300pxblock."
