layer at (0,0) size 800x600
  RenderView at (0,0) size 800x600
layer at (0,0) size 800x358
  RenderBlock {HTML} at (0,0) size 800x358
    RenderBody {BODY} at (8,16) size 784x326
      RenderBlock {P} at (0,0) size 784x19
        RenderText {#text} at (0,0) size 507x19
          text run at (0,0) width 507: "The following two columns should be pixel perfect identical with no red visible."
      RenderTable {TABLE} at (0,35) size 106x256 [bgcolor=#FF0000] [border: (3px solid #000000)]
        RenderTableSection {TBODY} at (3,3) size 100x250
          RenderTableRow {TR} at (0,0) size 100x250
            RenderTableCell {TD} at (0,0) size 50x250 [bgcolor=#FFA500] [r=0 c=0 rs=1 cs=1]
              RenderBlock {DIV} at (0,50) size 50x50 [bgcolor=#FFFF00]
              RenderBlock {DIV} at (0,150) size 50x50 [bgcolor=#00FF00]
            RenderTableCell {TD} at (50,0) size 50x250 [r=0 c=1 rs=1 cs=1]
              RenderBlock {DIV} at (0,0) size 50x50 [border: (50px solid #FFA500) none]
              RenderBlock {DIV} at (0,50) size 50x50 [border: (50px solid #FFFF00) none]
              RenderBlock {DIV} at (0,100) size 50x50 [border: (50px solid #FFA500) none]
              RenderBlock {DIV} at (0,150) size 50x50 [border: (50px solid #00FF00) none]
              RenderBlock {DIV} at (0,200) size 50x50 [border: (50px solid #FFA500) none]
      RenderBlock {P} at (0,307) size 784x19
        RenderText {#text} at (0,0) size 264x19
          text run at (0,0) width 264: "This test is meaningless if you don't pass "
        RenderInline {A} at (0,0) size 53x19 [color=#0000EE]
          RenderText {#text} at (263,0) size 53x19
            text run at (263,0) width 53: "test 006"
        RenderText {#text} at (315,0) size 6x19
          text run at (315,0) width 6: "."
