layer at (0,0) size 800x600
  RenderView at (0,0) size 800x600
layer at (0,0) size 800x96
  RenderBlock {HTML} at (0,0) size 800x96
    RenderBody {BODY} at (8,16) size 784x72
      RenderBlock {P} at (0,0) size 784x20
        RenderText {#text} at (0,0) size 193x19
          text run at (0,0) width 193: "There should be no red below."
      RenderBlock {DIV} at (0,52) size 784x20 [bgcolor=#FF0000]
        RenderBlock {DIV} at (0,0) size 784x20
          RenderBlock {DIV} at (0,0) size 784x20
            RenderBlock {DIV} at (0,0) size 784x20 [color=#FFFFFF] [bgcolor=#008000]
              RenderText {#text} at (0,0) size 163x19
                text run at (0,0) width 163: "This line should be green."
