layer at (0,0) size 800x600
  RenderView at (0,0) size 800x600
layer at (0,0) size 800x64
  RenderBlock {HTML} at (0,0) size 800x64
    RenderBody {BODY} at (8,8) size 784x48
      RenderBlock {DIV} at (0,0) size 784x30 [bgcolor=#000000]
      RenderBlock {DIV} at (0,30) size 784x18
        RenderText {#text} at (0,0) size 148x18
          text run at (0,0) width 148: "This test requires DRT."
