layer at (0,0) size 800x600
  RenderView at (0,0) size 800x600
layer at (0,0) size 800x600
  RenderBlock {HTML} at (0,0) size 800x600
    RenderBody {BODY} at (8,8) size 784x584
      RenderBlock {P} at (0,0) size 784x18
        RenderText {#text} at (0,0) size 153x18
          text run at (0,0) width 153: "Test controls placement."
      RenderBlock (anonymous) at (0,34) size 784x104
        RenderMedia {AUDIO} at (0,0) size 200x25 [bgcolor=#0000FF]
        RenderBR {BR} at (200,25) size 0x0
        RenderBR {BR} at (0,25) size 0x18
        RenderMedia {AUDIO} at (0,43) size 320x25 [bgcolor=#0000FF]
        RenderBR {BR} at (320,68) size 0x0
        RenderBR {BR} at (0,68) size 0x18
        RenderBR {BR} at (0,86) size 0x18
layer at (8,42) size 200x25
  RenderFlexibleBox {DIV} at (0,0) size 200x25
layer at (8,42) size 200x25
  RenderFlexibleBox {DIV} at (0,0) size 200x25
    RenderButton {INPUT} at (6,3) size 18x18
    RenderButton {INPUT} at (32,4) size 16x17
    RenderFlexibleBox {DIV} at (49,5) size 126x15
      RenderSlider {INPUT} at (0,2) size 126x13
        RenderFlexibleBox {DIV} at (0,0) size 126x13
          RenderBlock {DIV} at (0,2) size 126x9
            RenderBlock {DIV} at (0,0) size 10x8
    RenderBlock {DIV} at (175,6) size 25x13
layer at (185,49) size 14x12
  RenderButton zI: 1 {INPUT} at (2,0) size 14x12
layer at (8,85) size 320x25
  RenderFlexibleBox {DIV} at (0,0) size 320x25
layer at (8,85) size 320x25
  RenderFlexibleBox {DIV} at (0,0) size 320x25
    RenderButton {INPUT} at (6,3) size 18x18
    RenderButton {INPUT} at (32,4) size 16x17
    RenderFlexibleBox {DIV} at (49,5) size 246x15
      RenderSlider {INPUT} at (0,2) size 246x13
        RenderFlexibleBox {DIV} at (0,0) size 246x13
          RenderBlock {DIV} at (0,2) size 246x9
            RenderBlock {DIV} at (0,0) size 10x8
    RenderBlock {DIV} at (295,6) size 25x13
layer at (305,92) size 14x12
  RenderButton zI: 1 {INPUT} at (2,0) size 14x12
layer at (8,128) size 320x100
  RenderMedia {AUDIO} at (8,128) size 320x100 [bgcolor=#0000FF]
layer at (8,128) size 320x100
  RenderFlexibleBox {DIV} at (0,0) size 320x100
layer at (8,203) size 320x25
  RenderFlexibleBox {DIV} at (0,75) size 320x25
    RenderButton {INPUT} at (6,3) size 18x18
    RenderButton {INPUT} at (32,4) size 16x17
    RenderFlexibleBox {DIV} at (49,5) size 246x15
      RenderSlider {INPUT} at (0,2) size 246x13
        RenderFlexibleBox {DIV} at (0,0) size 246x13
          RenderBlock {DIV} at (0,2) size 246x9
            RenderBlock {DIV} at (0,0) size 10x8
    RenderBlock {DIV} at (295,6) size 25x13
layer at (305,210) size 14x12
  RenderButton zI: 1 {INPUT} at (2,0) size 14x12
