layer at (0,0) size 800x600
  RenderView at (0,0) size 800x600
layer at (0,0) size 800x600
  RenderBlock {HTML} at (0,0) size 800x600
    RenderBody {BODY} at (8,8) size 784x584
      RenderText {#text} at (0,0) size 493x18
        text run at (0,0) width 493: "This tests that toggling the display property won't make the controls disappear."
      RenderBR {BR} at (493,14) size 0x0
      RenderText {#text} at (0,0) size 0x0
layer at (8,26) size 320x240
  RenderVideo {VIDEO} at (0,18) size 320x240
layer at (8,26) size 320x240
  RenderFlexibleBox {DIV} at (0,0) size 320x240
layer at (8,241) size 320x25
  RenderFlexibleBox {DIV} at (0,215) size 320x25
    RenderButton {INPUT} at (6,3) size 18x18
    RenderButton {INPUT} at (32,4) size 16x17
    RenderFlexibleBox {DIV} at (49,5) size 216x15
      RenderSlider {INPUT} at (0,2) size 216x13
        RenderFlexibleBox {DIV} at (0,0) size 216x13
          RenderBlock {DIV} at (0,2) size 216x9
            RenderBlock {DIV} at (0,0) size 10x8
    RenderButton {INPUT} at (297,4) size 16x17
    RenderBlock {DIV} at (265,6) size 25x13
layer at (275,248) size 14x12
  RenderButton zI: 1 {INPUT} at (2,0) size 14x12
