layer at (0,0) size 800x600
  RenderView at (0,0) size 800x600
layer at (0,0) size 800x600
  RenderBlock {HTML} at (0,0) size 800x600
    RenderBody {BODY} at (8,8) size 784x584
      RenderBlock {P} at (0,0) size 784x18
        RenderText {#text} at (0,0) size 413x18
          text run at (0,0) width 413: "Movie with no audio track. The volume button should not render."
      RenderBlock (anonymous) at (0,34) size 784x288
        RenderText {#text} at (0,0) size 0x0
layer at (8,42) size 352x288
  RenderVideo {VIDEO} at (0,0) size 352x288
layer at (8,42) size 352x288
  RenderFlexibleBox {DIV} at (0,0) size 352x288
layer at (8,305) size 352x25
  RenderFlexibleBox {DIV} at (0,263) size 352x25
    RenderButton {INPUT} at (6,3) size 18x18
    RenderButton {INPUT} at (32,4) size 16x17
    RenderFlexibleBox {DIV} at (49,5) size 273x15
      RenderSlider {INPUT} at (0,2) size 273x13
        RenderFlexibleBox {DIV} at (0,0) size 273x13
          RenderBlock {DIV} at (0,2) size 273x9
            RenderBlock {DIV} at (0,0) size 10x8
    RenderButton {INPUT} at (329,4) size 16x17
    RenderBlock {DIV} at (322,12) size 0x1
