layer at (0,0) size 800x600
  RenderView at (0,0) size 800x600
layer at (0,0) size 800x600
  RenderBlock {HTML} at (0,0) size 800x600
    RenderBody {BODY} at (8,8) size 784x584
      RenderText {#text} at (0,0) size 628x19
        text run at (0,0) width 628: "You should see a single green stripe below. The test has failed if you don't see a perfect rectangle."
      RenderText {#text} at (0,0) size 0x0
layer at (8,28) size 96x380
  RenderBlock (positioned) {DIV} at (8,28) size 96x380
    RenderInline {A} at (0,0) size 47x377 [color=#008000] [bgcolor=#008000]
      RenderInline {SPAN} at (0,0) size 47x73
        RenderText {#text} at (0,1) size 47x73
          text run at (0,1) width 47: "A"
      RenderText {#text} at (0,77) size 47x73
        text run at (0,77) width 47: "A"
      RenderBR {BR} at (46,135) size 1x0
      RenderInline {SPAN} at (0,0) size 47x73
        RenderText {#text} at (0,153) size 47x73
          text run at (0,153) width 47: "A"
      RenderText {#text} at (0,229) size 47x149
        text run at (0,229) width 47: "A"
        text run at (0,305) width 47: "A"
    RenderText {#text} at (0,0) size 0x0
