layer at (0,0) size 800x600
  RenderView at (0,0) size 800x600
layer at (0,0) size 800x600
  RenderBlock {HTML} at (0,0) size 800x600
    RenderBody {BODY} at (8,8) size 784x584
      RenderBlock {P} at (0,0) size 784x40
        RenderText {#text} at (0,0) size 658x19
          text run at (0,0) width 658: "The black outline box should be a 50px by 50px square with its bottom left corner anchored to the left "
        RenderInline {SPAN} at (0,0) size 45x19 [color=#FFA500]
          RenderText {#text} at (657,0) size 45x19
            text run at (657,0) width 45: "orange"
        RenderText {#text} at (701,0) size 768x39
          text run at (701,0) width 67: " border on"
          text run at (0,20) width 86: "the third line."
      RenderBlock {DIV} at (0,56) size 600x80
        RenderText {#text} at (408,0) size 192x19
          text run at (408,0) width 192 RTL override: "ILorem ipsum dolor sit amet, "
        RenderText {#text} at (21,40) size 579x39
          text run at (21,40) width 28 RTL override: "duis"
          text run at (279,60) width 321 RTL override: "aute irure dolor in reprehenderit in voluptate velit."
layer at (8,64) size 577x61
  RenderInline (relative positioned) {SPAN} at (0,0) size 577x61 [bgcolor=#008000] [border: (1px solid #808080) (20px solid #0000FF) (1px solid #808080) (20px solid #FFA500)]
    RenderText {#text} at (30,0) size 570x39
      text run at (30,0) width 339 RTL override: "con a pariatur. Excepteur sint occaecat cupidatat non"
      text run at (223,20) width 377 RTL override: "proident, sunt in culp qui officia deserunt mollit animequs "
    RenderText {#text} at (23,20) size 577x39
      text run at (23,20) width 201 RTL override: "ILOREM ipsum dol sDuis aute"
      text run at (88,40) width 512 RTL override: "irure dolor in reprehenderit in voluptate velit esse cillum dolore eu fugiat nullat "
layer at (86,73) size 50x50
  RenderBlock (positioned) {DIV} at (47,10) size 50x50
