layer at (0,0) size 800x600
  RenderView at (0,0) size 800x600
layer at (0,0) size 800x600
  RenderBlock {HTML} at (0,0) size 800x600
    RenderBody {BODY} at (8,8) size 784x576
      RenderBlock (anonymous) at (0,0) size 784x38
        RenderText {#text} at (0,0) size 213x19
          text run at (0,0) width 213: "This is a test for multiple ruby runs. "
        RenderBR {BR} at (213,15) size 0x0
        RenderBR {BR} at (0,19) size 0x19
      RenderBlock {P} at (0,54) size 784x30
        RenderText {#text} at (0,11) size 146x19
          text run at (0,11) width 146: "<ruby> is defined in the "
        RenderRuby (inline) {RUBY} at (0,0) size 129x19
          RenderRubyRun (anonymous) at (142,11) size 24x19
            RenderRubyText {RT} at (0,-11) size 24x11
              RenderText {#text} at (0,0) size 24x11
                text run at (0,0) width 24: "Hyper"
            RenderRubyBase (anonymous) at (0,0) size 24x19
              RenderText {#text} at (6,0) size 12x19
                text run at (6,0) width 12: "H"
          RenderRubyRun (anonymous) at (166,11) size 16x19
            RenderRubyText {RT} at (0,-11) size 16x11
              RenderText {#text} at (0,0) size 16x11
                text run at (0,0) width 16: "Text"
            RenderRubyBase (anonymous) at (0,0) size 16x19
              RenderText {#text} at (3,0) size 10x19
                text run at (3,0) width 10: "T"
          RenderRubyRun (anonymous) at (182,11) size 30x19
            RenderRubyText {RT} at (0,-11) size 30x11
              RenderText {#text} at (0,0) size 30x11
                text run at (0,0) width 30: "Markup"
            RenderRubyBase (anonymous) at (0,0) size 30x19
              RenderText {#text} at (8,0) size 14x19
                text run at (8,0) width 14: "M"
          RenderRubyRun (anonymous) at (212,11) size 38x19
            RenderRubyText {RT} at (0,-11) size 38x11
              RenderText {#text} at (0,0) size 38x11
                text run at (0,0) width 38: "Language"
            RenderRubyBase (anonymous) at (0,0) size 38x19
              RenderText {#text} at (14,0) size 10x19
                text run at (14,0) width 10: "L"
          RenderRubyRun (anonymous) at (250,11) size 29x19
            RenderRubyText {RT} at (0,-11) size 29x11
              RenderText {#text} at (0,0) size 29x11
                text run at (0,0) width 29: "Level 5"
            RenderRubyBase (anonymous) at (0,0) size 29x19
              RenderText {#text} at (10,0) size 9x19
                text run at (10,0) width 9: "5"
        RenderText {#text} at (275,11) size 42x19
          text run at (275,11) width 42: " specs."
