layer at (0,0) size 800x600
  RenderView at (0,0) size 800x600
layer at (0,0) size 800x544
  RenderBlock {HTML} at (0,0) size 800x544
    RenderBody {BODY} at (8,16) size 784x466
      RenderBlock {P} at (0,0) size 784x20
        RenderText {#text} at (0,0) size 53x19
          text run at (0,0) width 53: "Test for "
        RenderInline {I} at (0,0) size 722x19
          RenderInline {A} at (0,0) size 293x19 [color=#0000EE]
            RenderText {#text} at (53,0) size 293x19
              text run at (53,0) width 293: "http://bugs.webkit.org/show_bug.cgi?id=5399"
          RenderText {#text} at (346,0) size 429x19
            text run at (346,0) width 4: " "
            text run at (350,0) width 425: "no-repeat on negatively positioned background images are ignored"
        RenderText {#text} at (775,0) size 4x19
          text run at (775,0) width 4: "."
      RenderBlock {P} at (0,36) size 784x20
        RenderText {#text} at (0,0) size 454x19
          text run at (0,0) width 454: "Element with background image starting at (-13, -13) with no-repeat set:"
      RenderBlock (floating) {DIV} at (6,78) size 34x34 [border: (1px dotted #008000)]
      RenderBlock (floating) {DIV} at (52,78) size 29x29 [border: (1px dotted #008000)]
      RenderBlock (floating) {DIV} at (93,78) size 24x24 [border: (1px dotted #008000)]
      RenderBlock {P} at (0,118) size 784x20
        RenderText {#text} at (0,0) size 446x19
          text run at (0,0) width 446: "Element with background image starting at (-13, -13) with repeat-y set:"
      RenderBlock (floating) {DIV} at (6,160) size 34x34 [border: (1px dotted #008000)]
      RenderBlock (floating) {DIV} at (52,160) size 29x29 [border: (1px dotted #008000)]
      RenderBlock (floating) {DIV} at (93,160) size 24x24 [border: (1px dotted #008000)]
      RenderBlock {P} at (0,200) size 784x20
        RenderText {#text} at (0,0) size 446x19
          text run at (0,0) width 446: "Element with background image starting at (-13, -13) with repeat-x set:"
      RenderBlock (floating) {DIV} at (6,242) size 34x34 [border: (1px dotted #008000)]
      RenderBlock (floating) {DIV} at (52,242) size 29x29 [border: (1px dotted #008000)]
      RenderBlock (floating) {DIV} at (93,242) size 24x24 [border: (1px dotted #008000)]
      RenderBlock {P} at (0,282) size 784x20
        RenderText {#text} at (0,0) size 444x19
          text run at (0,0) width 444: "Element with background image starting at (13, 13) with no-repeat set:"
      RenderBlock (floating) {DIV} at (6,324) size 34x34 [border: (1px dotted #008000)]
      RenderBlock (floating) {DIV} at (52,324) size 29x29 [border: (1px dotted #008000)]
      RenderBlock (floating) {DIV} at (93,324) size 24x24 [border: (1px dotted #008000)]
      RenderBlock {P} at (0,364) size 784x20
        RenderText {#text} at (0,0) size 436x19
          text run at (0,0) width 436: "Element with background image starting at (13, 13) with repeat-y set:"
      RenderBlock (floating) {DIV} at (6,406) size 34x34 [border: (1px dotted #008000)]
      RenderBlock (floating) {DIV} at (52,406) size 29x29 [border: (1px dotted #008000)]
      RenderBlock (floating) {DIV} at (93,406) size 24x24 [border: (1px dotted #008000)]
      RenderBlock {P} at (0,446) size 784x20
        RenderText {#text} at (0,0) size 436x19
          text run at (0,0) width 436: "Element with background image starting at (13, 13) with repeat-x set:"
      RenderBlock (floating) {DIV} at (6,488) size 34x34 [border: (1px dotted #008000)]
      RenderBlock (floating) {DIV} at (52,488) size 29x29 [border: (1px dotted #008000)]
      RenderBlock (floating) {DIV} at (93,488) size 24x24 [border: (1px dotted #008000)]
