layer at (0,0) size 1122x1026
  RenderView at (0,0) size 800x600
layer at (0,0) size 800x1026
  RenderBlock {HTML} at (0,0) size 800x1026
    RenderBody {BODY} at (8,16) size 784x1002
      RenderBlock {P} at (0,0) size 784x20
        RenderText {#text} at (0,0) size 53x19
          text run at (0,0) width 53: "Test for "
        RenderInline {I} at (0,0) size 722x19
          RenderInline {A} at (0,0) size 293x19 [color=#0000EE]
            RenderText {#text} at (53,0) size 293x19
              text run at (53,0) width 293: "http://bugs.webkit.org/show_bug.cgi?id=5399"
          RenderText {#text} at (346,0) size 429x19
            text run at (346,0) width 4: " "
            text run at (350,0) width 425: "no-repeat on negatively positioned background images are ignored"
        RenderText {#text} at (775,0) size 4x19
          text run at (775,0) width 4: "."
      RenderBlock {P} at (0,36) size 784x20
        RenderText {#text} at (0,0) size 454x19
          text run at (0,0) width 454: "Element with background image starting at (-13, -13) with no-repeat set:"
      RenderBlock (floating) {DIV} at (6,78) size 34x34 [border: (1px dotted #008000)]
      RenderBlock (floating) {DIV} at (52,78) size 29x29 [border: (1px dotted #008000)]
      RenderBlock (floating) {DIV} at (93,78) size 24x24 [border: (1px dotted #008000)]
      RenderBlock {P} at (0,118) size 784x20
        RenderText {#text} at (0,0) size 446x19
          text run at (0,0) width 446: "Element with background image starting at (-13, -13) with repeat-y set:"
      RenderBlock (floating) {DIV} at (6,160) size 34x34 [border: (1px dotted #008000)]
      RenderBlock (floating) {DIV} at (52,160) size 29x29 [border: (1px dotted #008000)]
      RenderBlock (floating) {DIV} at (93,160) size 24x24 [border: (1px dotted #008000)]
      RenderBlock {P} at (0,200) size 784x20
        RenderText {#text} at (0,0) size 446x19
          text run at (0,0) width 446: "Element with background image starting at (-13, -13) with repeat-x set:"
      RenderBlock (floating) {DIV} at (6,242) size 34x34 [border: (1px dotted #008000)]
      RenderBlock (floating) {DIV} at (52,242) size 29x29 [border: (1px dotted #008000)]
      RenderBlock (floating) {DIV} at (93,242) size 24x24 [border: (1px dotted #008000)]
      RenderBlock {P} at (0,282) size 784x20
        RenderText {#text} at (0,0) size 444x19
          text run at (0,0) width 444: "Element with background image starting at (13, 13) with no-repeat set:"
      RenderBlock (floating) {DIV} at (6,324) size 34x34 [border: (1px dotted #008000)]
      RenderBlock (floating) {DIV} at (52,324) size 29x29 [border: (1px dotted #008000)]
      RenderBlock (floating) {DIV} at (93,324) size 24x24 [border: (1px dotted #008000)]
      RenderBlock {P} at (0,364) size 784x20
        RenderText {#text} at (0,0) size 436x19
          text run at (0,0) width 436: "Element with background image starting at (13, 13) with repeat-y set:"
      RenderBlock (floating) {DIV} at (6,406) size 34x34 [border: (1px dotted #008000)]
      RenderBlock (floating) {DIV} at (52,406) size 29x29 [border: (1px dotted #008000)]
      RenderBlock (floating) {DIV} at (93,406) size 24x24 [border: (1px dotted #008000)]
      RenderBlock {P} at (0,446) size 784x20
        RenderText {#text} at (0,0) size 436x19
          text run at (0,0) width 436: "Element with background image starting at (13, 13) with repeat-x set:"
      RenderBlock (floating) {DIV} at (6,488) size 34x34 [border: (1px dotted #008000)]
      RenderBlock (floating) {DIV} at (52,488) size 29x29 [border: (1px dotted #008000)]
      RenderBlock (floating) {DIV} at (93,488) size 24x24 [border: (1px dotted #008000)]
layer at (8,544) size 464x474
  RenderTable {TABLE} at (0,528) size 464x474 [border: (5px outset #808080)]
    RenderTableSection {TBODY} at (5,5) size 454x464
      RenderTableRow {TR} at (0,2) size 454x460
        RenderTableCell {TD} at (2,2) size 450x460 [border: (1px inset #808080)] [r=0 c=0 rs=1 cs=1]
          RenderBlock (floating) {DIV} at (8,8) size 34x34 [border: (1px dotted #008000)]
          RenderBlock (floating) {DIV} at (54,8) size 29x29 [border: (1px dotted #008000)]
          RenderBlock (floating) {DIV} at (95,8) size 24x24 [border: (1px dotted #008000)]
          RenderBlock {P} at (2,48) size 446x20
            RenderText {#text} at (0,0) size 446x19
              text run at (0,0) width 446: "Element with background image starting at (-13, -13) with repeat-y set:"
          RenderBlock (floating) {DIV} at (8,90) size 34x34 [border: (1px dotted #008000)]
          RenderBlock (floating) {DIV} at (54,90) size 29x29 [border: (1px dotted #008000)]
          RenderBlock (floating) {DIV} at (95,90) size 24x24 [border: (1px dotted #008000)]
          RenderBlock {P} at (2,130) size 446x20
            RenderText {#text} at (0,0) size 446x19
              text run at (0,0) width 446: "Element with background image starting at (-13, -13) with repeat-x set:"
          RenderBlock (floating) {DIV} at (8,172) size 34x34 [border: (1px dotted #008000)]
          RenderBlock (floating) {DIV} at (54,172) size 29x29 [border: (1px dotted #008000)]
          RenderBlock (floating) {DIV} at (95,172) size 24x24 [border: (1px dotted #008000)]
          RenderBlock {P} at (2,212) size 446x20
            RenderText {#text} at (0,0) size 444x19
              text run at (0,0) width 444: "Element with background image starting at (13, 13) with no-repeat set:"
          RenderBlock (floating) {DIV} at (8,254) size 34x34 [border: (1px dotted #008000)]
          RenderBlock (floating) {DIV} at (54,254) size 29x29 [border: (1px dotted #008000)]
          RenderBlock (floating) {DIV} at (95,254) size 24x24 [border: (1px dotted #008000)]
          RenderBlock {P} at (2,294) size 446x20
            RenderText {#text} at (0,0) size 436x19
              text run at (0,0) width 436: "Element with background image starting at (13, 13) with repeat-y set:"
          RenderBlock (floating) {DIV} at (8,336) size 34x34 [border: (1px dotted #008000)]
          RenderBlock (floating) {DIV} at (54,336) size 29x29 [border: (1px dotted #008000)]
          RenderBlock (floating) {DIV} at (95,336) size 24x24 [border: (1px dotted #008000)]
          RenderBlock {P} at (2,376) size 446x20
            RenderText {#text} at (0,0) size 436x19
              text run at (0,0) width 436: "Element with background image starting at (13, 13) with repeat-x set:"
          RenderBlock (floating) {DIV} at (8,418) size 34x34 [border: (1px dotted #008000)]
          RenderBlock (floating) {DIV} at (54,418) size 29x29 [border: (1px dotted #008000)]
          RenderBlock (floating) {DIV} at (95,418) size 24x24 [border: (1px dotted #008000)]
