layer at (0,0) size 800x600
  RenderView at (0,0) size 800x600
layer at (0,0) size 800x600
  RenderBlock {HTML} at (0,0) size 800x600
    RenderBody {BODY} at (8,8) size 784x584
      RenderBlock (anonymous) at (0,0) size 784x18
        RenderText {#text} at (0,0) size 419x17
          text run at (0,0) width 419: "Pixel test for complex text rendering with opacity (Chromium bug "
        RenderInline {A} at (0,0) size 32x17 [color=#0000EE]
          RenderText {#text} at (419,0) size 32x17
            text run at (419,0) width 32: "8768"
        RenderText {#text} at (451,0) size 9x17
          text run at (451,0) width 9: ")."
      RenderBlock {P} at (0,34) size 784x0
      RenderBlock {DIV} at (0,34) size 784x58
        RenderInline {SPAN} at (0,0) size 75x27
          RenderText {#text} at (0,1) size 75x27
            text run at (0,1) width 75: "\x{916}\x{94B}\x{91C}\x{947}\x{902}"
        RenderText {#text} at (75,1) size 6x27
          text run at (75,1) width 6: " "
        RenderText {#text} at (156,1) size 6x27
          text run at (156,1) width 6: " "
        RenderText {#text} at (237,1) size 6x27
          text run at (237,1) width 6: " "
        RenderText {#text} at (318,1) size 6x27
          text run at (318,1) width 6: " "
        RenderText {#text} at (399,1) size 6x27
          text run at (399,1) width 6: " "
        RenderText {#text} at (480,1) size 6x27
          text run at (480,1) width 6: " "
        RenderText {#text} at (561,1) size 6x27
          text run at (561,1) width 6: " "
        RenderText {#text} at (642,1) size 6x27
          text run at (642,1) width 6: " "
        RenderText {#text} at (0,0) size 0x0
        RenderText {#text} at (75,30) size 6x27
          text run at (75,30) width 6: " "
        RenderText {#text} at (0,0) size 0x0
      RenderBlock {DIV} at (0,92) size 784x58
        RenderInline {SPAN} at (0,0) size 71x27
          RenderText {#text} at (693,1) size 71x27
            text run at (693,1) width 71 RTL: "\x{64A}\x{624}\x{644}\x{645}\x{646}\x{64A}"
        RenderText {#text} at (687,1) size 6x27
          text run at (687,1) width 6 RTL: " "
        RenderText {#text} at (610,1) size 6x27
          text run at (610,1) width 6 RTL: " "
        RenderText {#text} at (533,1) size 6x27
          text run at (533,1) width 6 RTL: " "
        RenderText {#text} at (456,1) size 6x27
          text run at (456,1) width 6 RTL: " "
        RenderText {#text} at (379,1) size 6x27
          text run at (379,1) width 6 RTL: " "
        RenderText {#text} at (302,1) size 6x27
          text run at (302,1) width 6 RTL: " "
        RenderText {#text} at (225,1) size 6x27
          text run at (225,1) width 6 RTL: " "
        RenderText {#text} at (148,1) size 6x27
          text run at (148,1) width 6 RTL: " "
        RenderText {#text} at (71,1) size 6x27
          text run at (71,1) width 6 RTL: " "
        RenderText {#text} at (0,0) size 0x0
        RenderText {#text} at (0,0) size 0x0
layer at (8,42) size 75x27
  RenderInline {SPAN} at (0,0) size 75x27
    RenderText {#text} at (81,1) size 75x27
      text run at (81,1) width 75: "\x{916}\x{94B}\x{91C}\x{947}\x{902}"
layer at (8,42) size 75x27
  RenderInline {SPAN} at (0,0) size 75x27
    RenderText {#text} at (162,1) size 75x27
      text run at (162,1) width 75: "\x{916}\x{94B}\x{91C}\x{947}\x{902}"
layer at (8,42) size 75x27
  RenderInline {SPAN} at (0,0) size 75x27
    RenderText {#text} at (243,1) size 75x27
      text run at (243,1) width 75: "\x{916}\x{94B}\x{91C}\x{947}\x{902}"
layer at (8,42) size 75x27
  RenderInline {SPAN} at (0,0) size 75x27
    RenderText {#text} at (324,1) size 75x27
      text run at (324,1) width 75: "\x{916}\x{94B}\x{91C}\x{947}\x{902}"
layer at (8,42) size 75x27
  RenderInline {SPAN} at (0,0) size 75x27
    RenderText {#text} at (405,1) size 75x27
      text run at (405,1) width 75: "\x{916}\x{94B}\x{91C}\x{947}\x{902}"
layer at (8,42) size 75x27
  RenderInline {SPAN} at (0,0) size 75x27
    RenderText {#text} at (486,1) size 75x27
      text run at (486,1) width 75: "\x{916}\x{94B}\x{91C}\x{947}\x{902}"
layer at (8,42) size 75x27
  RenderInline {SPAN} at (0,0) size 75x27
    RenderText {#text} at (567,1) size 75x27
      text run at (567,1) width 75: "\x{916}\x{94B}\x{91C}\x{947}\x{902}"
layer at (8,42) size 75x27
  RenderInline {SPAN} at (0,0) size 75x27
    RenderText {#text} at (648,1) size 75x27
      text run at (648,1) width 75: "\x{916}\x{94B}\x{91C}\x{947}\x{902}"
layer at (8,42) size 75x27
  RenderInline {SPAN} at (0,0) size 75x27
    RenderText {#text} at (0,30) size 75x27
      text run at (0,30) width 75: "\x{916}\x{94B}\x{91C}\x{947}\x{902}"
layer at (8,42) size 75x27
  RenderInline {SPAN} at (0,0) size 75x27
    RenderText {#text} at (81,30) size 75x27
      text run at (81,30) width 75: "\x{916}\x{94B}\x{91C}\x{947}\x{902}"
layer at (8,100) size 71x27
  RenderInline {SPAN} at (0,0) size 71x27
    RenderText {#text} at (616,1) size 71x27
      text run at (616,1) width 71 RTL: "\x{64A}\x{624}\x{644}\x{645}\x{646}\x{64A}"
layer at (8,100) size 71x27
  RenderInline {SPAN} at (0,0) size 71x27
    RenderText {#text} at (539,1) size 71x27
      text run at (539,1) width 71 RTL: "\x{64A}\x{624}\x{644}\x{645}\x{646}\x{64A}"
layer at (8,100) size 71x27
  RenderInline {SPAN} at (0,0) size 71x27
    RenderText {#text} at (462,1) size 71x27
      text run at (462,1) width 71 RTL: "\x{64A}\x{624}\x{644}\x{645}\x{646}\x{64A}"
layer at (8,100) size 71x27
  RenderInline {SPAN} at (0,0) size 71x27
    RenderText {#text} at (385,1) size 71x27
      text run at (385,1) width 71 RTL: "\x{64A}\x{624}\x{644}\x{645}\x{646}\x{64A}"
layer at (8,100) size 71x27
  RenderInline {SPAN} at (0,0) size 71x27
    RenderText {#text} at (308,1) size 71x27
      text run at (308,1) width 71 RTL: "\x{64A}\x{624}\x{644}\x{645}\x{646}\x{64A}"
layer at (8,100) size 71x27
  RenderInline {SPAN} at (0,0) size 71x27
    RenderText {#text} at (231,1) size 71x27
      text run at (231,1) width 71 RTL: "\x{64A}\x{624}\x{644}\x{645}\x{646}\x{64A}"
layer at (8,100) size 71x27
  RenderInline {SPAN} at (0,0) size 71x27
    RenderText {#text} at (154,1) size 71x27
      text run at (154,1) width 71 RTL: "\x{64A}\x{624}\x{644}\x{645}\x{646}\x{64A}"
layer at (8,100) size 71x27
  RenderInline {SPAN} at (0,0) size 71x27
    RenderText {#text} at (77,1) size 71x27
      text run at (77,1) width 71 RTL: "\x{64A}\x{624}\x{644}\x{645}\x{646}\x{64A}"
layer at (8,100) size 71x27
  RenderInline {SPAN} at (0,0) size 71x27
    RenderText {#text} at (0,1) size 71x27
      text run at (0,1) width 71 RTL: "\x{64A}\x{624}\x{644}\x{645}\x{646}\x{64A}"
layer at (8,100) size 71x27
  RenderInline {SPAN} at (0,0) size 71x27
    RenderText {#text} at (0,30) size 71x27
      text run at (0,30) width 71 RTL: "\x{64A}\x{624}\x{644}\x{645}\x{646}\x{64A}"
