layer at (0,0) size 800x600
  RenderView at (0,0) size 800x600
layer at (0,0) size 800x600
  RenderBlock {HTML} at (0,0) size 800x600
    RenderBody {BODY} at (8,8) size 782x584
      RenderBlock {DIV} at (0,0) size 66x584
        RenderBlock {DIV} at (0,0) size 28x584
          RenderText {#text} at (1,0) size 26x70
            text run at (1,0) width 70: "\x{305D}\x{306E}\x{5973}"
          RenderInline {SPAN} at (0,0) size 26x24 [color=#0000FF]
            RenderCombineText {#text} at (1,70) size 26x24
              text run at (1,70) width 24: "\x{FFFC}"
          RenderText {#text} at (1,94) size 26x48
            text run at (1,94) width 48: "\x{304C}\x{306D}"
          RenderInline {SPAN} at (0,0) size 26x36 [color=#0000FF]
            RenderCombineText {#text} at (1,142) size 26x36
              text run at (1,142) width 36: "123"
          RenderText {#text} at (1,178) size 26x120
            text run at (1,178) width 120: "\x{304B}\x{3057}\x{3064}\x{3051}\x{306B}"
          RenderInline {SPAN} at (0,0) size 26x60 [color=#0000FF]
            RenderCombineText {#text} at (1,298) size 26x60
              text run at (1,298) width 60: "12345"
          RenderText {#text} at (1,358) size 26x168
            text run at (1,358) width 168: "\x{6765}\x{3066}\x{304F}\x{308C}\x{308B}\x{307E}\x{3067}"
        RenderBlock {DIV} at (38,0) size 28x584
          RenderText {#text} at (1,0) size 26x70
            text run at (1,0) width 70: "\x{305D}\x{306E}\x{5973}"
          RenderInline {SPAN} at (0,0) size 26x24 [color=#0000FF]
            RenderCombineText {#text} at (1,70) size 26x24
              text run at (1,70) width 24: "\x{FFFC}"
          RenderText {#text} at (1,94) size 26x48
            text run at (1,94) width 48: "\x{304C}\x{306D}"
          RenderInline {SPAN} at (0,0) size 26x36 [color=#0000FF]
            RenderCombineText {#text} at (1,142) size 26x36
              text run at (1,142) width 36: "123"
          RenderText {#text} at (1,178) size 26x120
            text run at (1,178) width 120: "\x{304B}\x{3057}\x{3064}\x{3051}\x{306B}"
          RenderInline {SPAN} at (0,0) size 26x60 [color=#0000FF]
            RenderCombineText {#text} at (1,298) size 26x60
              text run at (1,298) width 60: "12345"
          RenderText {#text} at (1,358) size 26x168
            text run at (1,358) width 168: "\x{6765}\x{3066}\x{304F}\x{308C}\x{308B}\x{307E}\x{3067}"
      RenderBlock {DIV} at (76,0) size 66x584
        RenderBlock {DIV} at (0,0) size 28x584
          RenderText {#text} at (1,0) size 26x70
            text run at (1,0) width 70: "\x{305D}\x{306E}\x{5973}"
          RenderInline {SPAN} at (0,0) size 26x24 [color=#0000FF]
            RenderCombineText {#text} at (1,70) size 26x24
              text run at (1,70) width 24: "\x{FFFC}"
          RenderText {#text} at (1,94) size 26x48
            text run at (1,94) width 48: "\x{304C}\x{306D}"
          RenderInline {SPAN} at (0,0) size 26x36 [color=#0000FF]
            RenderCombineText {#text} at (1,142) size 26x36
              text run at (1,142) width 36: "123"
          RenderText {#text} at (1,178) size 26x120
            text run at (1,178) width 120: "\x{304B}\x{3057}\x{3064}\x{3051}\x{306B}"
          RenderInline {SPAN} at (0,0) size 26x60 [color=#0000FF]
            RenderCombineText {#text} at (1,298) size 26x60
              text run at (1,298) width 60: "12345"
          RenderText {#text} at (1,358) size 26x168
            text run at (1,358) width 168: "\x{6765}\x{3066}\x{304F}\x{308C}\x{308B}\x{307E}\x{3067}"
        RenderBlock {DIV} at (38,0) size 28x584
          RenderText {#text} at (1,0) size 26x70
            text run at (1,0) width 70: "\x{305D}\x{306E}\x{5973}"
          RenderInline {SPAN} at (0,0) size 26x24 [color=#0000FF]
            RenderCombineText {#text} at (1,70) size 26x24
              text run at (1,70) width 24: "\x{FFFC}"
          RenderText {#text} at (1,94) size 26x48
            text run at (1,94) width 48: "\x{304C}\x{306D}"
          RenderInline {SPAN} at (0,0) size 26x36 [color=#0000FF]
            RenderCombineText {#text} at (1,142) size 26x36
              text run at (1,142) width 36: "123"
          RenderText {#text} at (1,178) size 26x120
            text run at (1,178) width 120: "\x{304B}\x{3057}\x{3064}\x{3051}\x{306B}"
          RenderInline {SPAN} at (0,0) size 26x60 [color=#0000FF]
            RenderCombineText {#text} at (1,298) size 26x60
              text run at (1,298) width 60: "12345"
          RenderText {#text} at (1,358) size 26x168
            text run at (1,358) width 168: "\x{6765}\x{3066}\x{304F}\x{308C}\x{308B}\x{307E}\x{3067}"
      RenderBlock {DIV} at (152,0) size 66x584
        RenderBlock {DIV} at (0,0) size 28x584
          RenderText {#text} at (1,0) size 26x70
            text run at (1,0) width 70: "\x{305D}\x{306E}\x{5973}"
          RenderInline {SPAN} at (0,0) size 26x24 [color=#0000FF]
            RenderCombineText {#text} at (1,70) size 26x24
              text run at (1,70) width 24: "\x{FFFC}"
          RenderText {#text} at (1,94) size 26x48
            text run at (1,94) width 48: "\x{304C}\x{306D}"
          RenderInline {SPAN} at (0,0) size 26x36 [color=#0000FF]
            RenderCombineText {#text} at (1,142) size 26x36
              text run at (1,142) width 36: "123"
          RenderText {#text} at (1,178) size 26x120
            text run at (1,178) width 120: "\x{304B}\x{3057}\x{3064}\x{3051}\x{306B}"
          RenderInline {SPAN} at (0,0) size 26x60 [color=#0000FF]
            RenderCombineText {#text} at (1,298) size 26x60
              text run at (1,298) width 60: "12345"
          RenderText {#text} at (1,358) size 26x168
            text run at (1,358) width 168: "\x{6765}\x{3066}\x{304F}\x{308C}\x{308B}\x{307E}\x{3067}"
        RenderBlock {DIV} at (38,0) size 28x584
          RenderText {#text} at (1,0) size 26x70
            text run at (1,0) width 70: "\x{305D}\x{306E}\x{5973}"
          RenderInline {SPAN} at (0,0) size 26x24 [color=#0000FF]
            RenderCombineText {#text} at (1,70) size 26x24
              text run at (1,70) width 24: "\x{FFFC}"
          RenderText {#text} at (1,94) size 26x48
            text run at (1,94) width 48: "\x{304C}\x{306D}"
          RenderInline {SPAN} at (0,0) size 26x36 [color=#0000FF]
            RenderCombineText {#text} at (1,142) size 26x36
              text run at (1,142) width 36: "123"
          RenderText {#text} at (1,178) size 26x120
            text run at (1,178) width 120: "\x{304B}\x{3057}\x{3064}\x{3051}\x{306B}"
          RenderInline {SPAN} at (0,0) size 26x60 [color=#0000FF]
            RenderCombineText {#text} at (1,298) size 26x60
              text run at (1,298) width 60: "12345"
          RenderText {#text} at (1,358) size 26x168
            text run at (1,358) width 168: "\x{6765}\x{3066}\x{304F}\x{308C}\x{308B}\x{307E}\x{3067}"
      RenderBlock {DIV} at (228,0) size 92x584
        RenderBlock {DIV} at (0,0) size 41x584
          RenderText {#text} at (14,0) size 26x70
            text run at (14,0) width 70: "\x{305D}\x{306E}\x{5973}"
          RenderInline {SPAN} at (0,0) size 26x24 [color=#0000FF]
            RenderCombineText {#text} at (14,70) size 26x24
              text run at (14,70) width 24: "\x{FFFC}"
          RenderText {#text} at (14,94) size 26x48
            text run at (14,94) width 48: "\x{304C}\x{306D}"
          RenderInline {SPAN} at (0,0) size 26x36 [color=#0000FF]
            RenderCombineText {#text} at (14,142) size 26x36
              text run at (14,142) width 36: "123"
          RenderText {#text} at (14,178) size 26x120
            text run at (14,178) width 120: "\x{304B}\x{3057}\x{3064}\x{3051}\x{306B}"
          RenderInline {SPAN} at (0,0) size 26x60 [color=#0000FF]
            RenderCombineText {#text} at (14,298) size 26x60
              text run at (14,298) width 60: "12345"
          RenderText {#text} at (14,358) size 26x168
            text run at (14,358) width 168: "\x{6765}\x{3066}\x{304F}\x{308C}\x{308B}\x{307E}\x{3067}"
        RenderBlock {DIV} at (51,0) size 41x584
          RenderText {#text} at (14,0) size 26x70
            text run at (14,0) width 70: "\x{305D}\x{306E}\x{5973}"
          RenderInline {SPAN} at (0,0) size 26x24 [color=#0000FF]
            RenderCombineText {#text} at (14,70) size 26x24
              text run at (14,70) width 24: "\x{FFFC}"
          RenderText {#text} at (14,94) size 26x48
            text run at (14,94) width 48: "\x{304C}\x{306D}"
          RenderInline {SPAN} at (0,0) size 26x36 [color=#0000FF]
            RenderCombineText {#text} at (14,142) size 26x36
              text run at (14,142) width 36: "123"
          RenderText {#text} at (14,178) size 26x120
            text run at (14,178) width 120: "\x{304B}\x{3057}\x{3064}\x{3051}\x{306B}"
          RenderInline {SPAN} at (0,0) size 26x60 [color=#0000FF]
            RenderCombineText {#text} at (14,298) size 26x60
              text run at (14,298) width 60: "12345"
          RenderText {#text} at (14,358) size 26x168
            text run at (14,358) width 168: "\x{6765}\x{3066}\x{304F}\x{308C}\x{308B}\x{307E}\x{3067}"
