layer at (0,0) size 785x708
  RenderView at (0,0) size 785x600
layer at (0,0) size 785x708
  RenderBlock {HTML} at (0,0) size 785x708
    RenderBody {BODY} at (8,8) size 769x0
      RenderBlock (floating) {DIV} at (8,8) size 366x142 [border: (3px solid #000000)]
        RenderText {#text} at (3,4) size 276x26
          text run at (3,4) width 276: "Lorem ipsum dolor sit amet,"
        RenderInline {SPAN} at (0,0) size 217x26
          RenderText {#text} at (3,44) size 217x26
            text run at (3,44) width 217: "consectetur adipiscing"
        RenderText {#text} at (220,44) size 135x26
          text run at (220,44) width 6: " "
          text run at (226,44) width 129: "elit. Aliquam"
        RenderInline {SPAN} at (0,0) size 111x26
          RenderText {#text} at (3,72) size 111x26
            text run at (3,72) width 111: "odio sapien"
        RenderText {#text} at (114,72) size 338x66
          text run at (114,72) width 12: ", "
          text run at (126,72) width 215: "lobortis eu iaculis vel,"
          text run at (3,112) width 211: "scelerisque nec dolor."
      RenderBlock (floating) {DIV} at (390,8) size 366x142 [border: (3px solid #000000)]
        RenderText {#text} at (3,4) size 276x26
          text run at (3,4) width 276: "Lorem ipsum dolor sit amet,"
        RenderInline {SPAN} at (0,0) size 217x26
          RenderText {#text} at (3,44) size 217x26
            text run at (3,44) width 217: "consectetur adipiscing"
        RenderText {#text} at (220,44) size 135x26
          text run at (220,44) width 6: " "
          text run at (226,44) width 129: "elit. Aliquam"
        RenderInline {SPAN} at (0,0) size 111x26
          RenderText {#text} at (3,72) size 111x26
            text run at (3,72) width 111: "odio sa\x{300}pien"
        RenderText {#text} at (114,72) size 338x66
          text run at (114,72) width 12: ", "
          text run at (126,72) width 215: "lobortis eu iaculis vel,"
          text run at (3,112) width 211: "scelerisque nec dolor."
      RenderBlock (floating) {DIV} at (8,166) size 366x155 [border: (3px solid #000000)]
        RenderText {#text} at (3,17) size 71x26
          text run at (3,17) width 71: "Lorem "
        RenderInline {SPAN} at (0,0) size 59x26
          RenderText {#text} at (74,17) size 59x26
            text run at (74,17) width 59: "ipsum"
        RenderText {#text} at (133,17) size 6x26
          text run at (133,17) width 6: " "
        RenderInline {SPAN} at (0,0) size 51x26
          RenderText {#text} at (139,17) size 51x26
            text run at (139,17) width 51: "dolor"
        RenderText {#text} at (190,17) size 6x26
          text run at (190,17) width 6: " "
        RenderInline {SPAN} at (0,0) size 23x26
          RenderText {#text} at (196,17) size 23x26
            text run at (196,17) width 23: "sit"
        RenderText {#text} at (219,17) size 6x26
          text run at (219,17) width 6: " "
        RenderInline {SPAN} at (0,0) size 48x26
          RenderText {#text} at (225,17) size 48x26
            text run at (225,17) width 48: "amet"
        RenderText {#text} at (273,17) size 6x26
          text run at (273,17) width 6: ","
        RenderInline {SPAN} at (0,0) size 111x26
          RenderText {#text} at (3,57) size 111x26
            text run at (3,57) width 111: "consectetur"
        RenderText {#text} at (114,57) size 6x26
          text run at (114,57) width 6: " "
        RenderInline {SPAN} at (0,0) size 100x26
          RenderText {#text} at (120,57) size 100x26
            text run at (120,57) width 100: "adipiscing"
        RenderText {#text} at (220,57) size 6x26
          text run at (220,57) width 6: " "
        RenderInline {SPAN} at (0,0) size 32x26
          RenderText {#text} at (226,57) size 32x26
            text run at (226,57) width 32: "elit"
        RenderText {#text} at (258,57) size 12x26
          text run at (258,57) width 12: ". "
        RenderInline {SPAN} at (0,0) size 85x26
          RenderText {#text} at (270,57) size 85x26
            text run at (270,57) width 85: "Aliquam"
        RenderText {#text} at (355,57) size 6x26
          text run at (355,57) width 6: ","
        RenderInline {SPAN} at (0,0) size 43x26
          RenderText {#text} at (3,97) size 43x26
            text run at (3,97) width 43: "odio"
        RenderText {#text} at (46,97) size 6x26
          text run at (46,97) width 6: " "
        RenderInline {SPAN} at (0,0) size 62x26
          RenderText {#text} at (52,97) size 62x26
            text run at (52,97) width 62: "sapien"
        RenderText {#text} at (114,97) size 12x26
          text run at (114,97) width 12: ", "
        RenderInline {SPAN} at (0,0) size 74x26
          RenderText {#text} at (126,97) size 74x26
            text run at (126,97) width 74: "lobortis"
        RenderText {#text} at (200,97) size 338x54
          text run at (200,97) width 6: " "
          text run at (206,97) width 135: "eu iaculis vel,"
          text run at (3,125) width 211: "scelerisque nec dolor."
      RenderBlock (floating) {DIV} at (390,166) size 366x154 [border: (3px solid #000000)]
        RenderText {#text} at (3,4) size 71x26
          text run at (3,4) width 71: "Lorem "
        RenderInline {SPAN} at (0,0) size 59x26
          RenderText {#text} at (74,4) size 59x26
            text run at (74,4) width 59: "ipsum"
        RenderText {#text} at (133,4) size 6x26
          text run at (133,4) width 6: " "
        RenderInline {SPAN} at (0,0) size 51x26
          RenderText {#text} at (139,4) size 51x26
            text run at (139,4) width 51: "dolor"
        RenderText {#text} at (190,4) size 6x26
          text run at (190,4) width 6: " "
        RenderInline {SPAN} at (0,0) size 23x26
          RenderText {#text} at (196,4) size 23x26
            text run at (196,4) width 23: "sit"
        RenderText {#text} at (219,4) size 6x26
          text run at (219,4) width 6: " "
        RenderInline {SPAN} at (0,0) size 48x26
          RenderText {#text} at (225,4) size 48x26
            text run at (225,4) width 48: "amet"
        RenderText {#text} at (273,4) size 6x26
          text run at (273,4) width 6: ","
        RenderInline {SPAN} at (0,0) size 111x26
          RenderText {#text} at (3,44) size 111x26
            text run at (3,44) width 111: "consectetur"
        RenderText {#text} at (114,44) size 6x26
          text run at (114,44) width 6: " "
        RenderInline {SPAN} at (0,0) size 100x26
          RenderText {#text} at (120,44) size 100x26
            text run at (120,44) width 100: "adipiscing"
        RenderText {#text} at (220,44) size 6x26
          text run at (220,44) width 6: " "
        RenderInline {SPAN} at (0,0) size 32x26
          RenderText {#text} at (226,44) size 32x26
            text run at (226,44) width 32: "elit"
        RenderText {#text} at (258,44) size 12x26
          text run at (258,44) width 12: ". "
        RenderInline {SPAN} at (0,0) size 85x26
          RenderText {#text} at (270,44) size 85x26
            text run at (270,44) width 85: "Aliquam"
        RenderText {#text} at (355,44) size 6x26
          text run at (355,44) width 6: ","
        RenderInline {SPAN} at (0,0) size 43x26
          RenderText {#text} at (3,84) size 43x26
            text run at (3,84) width 43: "odio"
        RenderText {#text} at (46,84) size 6x26
          text run at (46,84) width 6: " "
        RenderInline {SPAN} at (0,0) size 62x26
          RenderText {#text} at (52,84) size 62x26
            text run at (52,84) width 62: "sapien"
        RenderText {#text} at (114,84) size 12x26
          text run at (114,84) width 12: ", "
        RenderInline {SPAN} at (0,0) size 74x26
          RenderText {#text} at (126,84) size 74x26
            text run at (126,84) width 74: "lobortis"
        RenderText {#text} at (200,84) size 338x66
          text run at (200,84) width 6: " "
          text run at (206,84) width 135: "eu iaculis vel,"
          text run at (3,124) width 211: "scelerisque nec dolor."
      RenderBlock (floating) {DIV} at (390,336) size 366x198 [border: (3px solid #000000)]
        RenderText {#text} at (3,14) size 276x26
          text run at (3,14) width 276: "Lorem ipsum dolor sit amet,"
        RenderInline {SPAN} at (0,0) size 217x26
          RenderText {#text} at (3,62) size 217x26
            text run at (3,62) width 217: "consectetur adipiscing"
        RenderText {#text} at (220,62) size 135x26
          text run at (220,62) width 6: " "
          text run at (226,62) width 129: "elit. Aliquam"
        RenderInline {SPAN} at (0,0) size 111x26
          RenderText {#text} at (3,110) size 111x26
            text run at (3,110) width 111: "odio sapien"
        RenderText {#text} at (114,110) size 338x74
          text run at (114,110) width 12: ", "
          text run at (126,110) width 215: "lobortis eu iaculis vel,"
          text run at (3,158) width 211: "scelerisque nec dolor."
      RenderBlock (floating) {DIV} at (8,550) size 366x142 [border: (3px solid #000000)]
        RenderText {#text} at (3,4) size 276x26
          text run at (3,4) width 276: "Lorem ipsum dolor sit amet,"
        RenderInline {SPAN} at (0,0) size 217x26
          RenderText {#text} at (3,44) size 217x26
            text run at (3,44) width 217: "consectetur adipiscing"
        RenderText {#text} at (220,44) size 135x26
          text run at (220,44) width 6: " "
          text run at (226,44) width 129: "elit. Aliquam"
        RenderInline {SPAN} at (0,0) size 111x26
          RenderText {#text} at (3,72) size 111x26
            text run at (3,72) width 111: "odio sapien"
        RenderText {#text} at (114,72) size 338x66
          text run at (114,72) width 12: ", "
          text run at (126,72) width 215: "lobortis eu iaculis vel,"
          text run at (3,112) width 211: "scelerisque nec dolor."
selection start: position 10 of child 0 {#text} of child 1 {SPAN} of child 10 {DIV} of body
selection end:   position 7 of child 0 {#text} of child 3 {SPAN} of child 10 {DIV} of body
