layer at (0,0) size 800x600
  RenderView at (0,0) size 800x600
layer at (0,0) size 800x600
  RenderBlock {HTML} at (0,0) size 800x600
    RenderBody {BODY} at (8,8) size 744x584
      RenderBlock {P} at (0,0) size 82x584
        RenderInline {SPAN} at (0,0) size 53x216
          RenderText {#text} at (28,0) size 53x96
            text run at (28,0) width 96: "\x{6587}\x{5B57}"
          RenderInline {SPAN} at (0,0) size 53x72
            RenderCombineText {#text} at (28,96) size 53x72
              text run at (28,96) width 72: "900"
          RenderText {#text} at (28,168) size 53x48
            text run at (28,168) width 48: "\x{5E74}"
        RenderText {#text} at (0,0) size 0x0
      RenderBlock {P} at (130,0) size 80x584
        RenderInline {SPAN} at (0,0) size 53x216
          RenderText {#text} at (26,0) size 53x96
            text run at (26,0) width 96: "\x{6587}\x{5B57}"
          RenderInline {SPAN} at (0,0) size 53x72
            RenderCombineText {#text} at (26,96) size 53x72
              text run at (26,96) width 72: "900"
          RenderText {#text} at (26,168) size 53x48
            text run at (26,168) width 48: "\x{5E74}"
        RenderText {#text} at (0,0) size 0x0
      RenderBlock {P} at (258,0) size 79x584
        RenderInline {SPAN} at (0,0) size 53x216
          RenderText {#text} at (25,0) size 53x96
            text run at (25,0) width 96: "\x{6587}\x{5B57}"
          RenderInline {SPAN} at (0,0) size 53x72
            RenderCombineText {#text} at (25,96) size 53x72
              text run at (25,96) width 72: "900"
          RenderText {#text} at (25,168) size 53x48
            text run at (25,168) width 48: "\x{5E74}"
        RenderText {#text} at (0,0) size 0x0
