layer at (0,0) size 800x600
  RenderView at (0,0) size 800x600
layer at (97,0) size 703x600
  RenderBlock {HTML} at (0,0) size 703x600
    RenderBody {BODY} at (8,8) size 0x584
      RenderBlock (floating) {DIV} at (8,8) size 148x366 [border: (3px solid #000000)]
        RenderText {#text} at (13,3) size 20x270
          text run at (13,3) width 270: "\x{305B}\x{3063}\x{304B}\x{304F}\x{898B}\x{3064}\x{3051}\x{305F}\x{3059}\x{3070}\x{3089}\x{3057}\x{3044}\x{8A18}\x{4E8B}"
        RenderInline {SPAN} at (0,0) size 50x342
          RenderText {#text} at (13,273) size 50x342
            text run at (13,273) width 72: "\x{304C}\x{3069}\x{3053}\x{306B}"
            text run at (43,3) width 162: "\x{3042}\x{3063}\x{305F}\x{304B}\x{5FD8}\x{308C}\x{3066}\x{3057}\x{307E}"
        RenderText {#text} at (43,165) size 20x180
          text run at (43,165) width 180: "\x{3063}\x{305F}\x{7D4C}\x{9A13}\x{306F}\x{3042}\x{308A}\x{307E}\x{3059}\x{304B}"
        RenderInline {SPAN} at (0,0) size 50x360
          RenderText {#text} at (43,345) size 50x360
            text run at (43,345) width 18: "\x{306A}"
            text run at (73,3) width 288: "\x{3089}\x{30BF}\x{30A4}\x{30C8}\x{30EB}\x{3068}\x{30A2}\x{30C9}\x{30EC}\x{30B9}\x{3060}\x{3051}\x{3067}\x{306A}\x{304F}\x{3001}"
        RenderText {#text} at (73,291) size 71x360
          text run at (73,291) width 72: "\x{8A2A}\x{554F}\x{3057}\x{305F}"
          text run at (103,3) width 358: "\x{30A6}\x{30A7}\x{30D6}\x{30DA}\x{30FC}\x{30B8}\x{306E}\x{30B3}\x{30F3}\x{30C6}\x{30F3}\x{30C4}\x{304B}\x{3089}\x{3082}\x{691C}\x{7D22}\x{3059}\x{308B}\x{3053}"
          text run at (124,3) width 126: "\x{3068}\x{304C}\x{3067}\x{304D}\x{307E}\x{3059}\x{3002}"
      RenderBlock (floating) {DIV} at (172,8) size 148x366 [border: (3px solid #000000)]
        RenderText {#text} at (13,3) size 20x54
          text run at (13,3) width 54: "\x{305B}\x{3063}\x{304B}"
        RenderInline {SPAN} at (0,0) size 20x108
          RenderText {#text} at (13,57) size 20x108
            text run at (13,57) width 108: "\x{304F}\x{898B}\x{3064}\x{3051}\x{305F}\x{3059}"
        RenderInline {SPAN} at (0,0) size 20x72
          RenderText {#text} at (13,165) size 20x72
            text run at (13,165) width 72: "\x{3070}\x{3089}\x{3057}\x{3044}"
        RenderInline {SPAN} at (0,0) size 20x72
          RenderText {#text} at (13,237) size 20x72
            text run at (13,237) width 72: "\x{8A18}\x{4E8B}\x{304C}\x{3069}"
        RenderInline {SPAN} at (0,0) size 50x342
          RenderText {#text} at (13,309) size 50x342
            text run at (13,309) width 36: "\x{3053}\x{306B}"
            text run at (43,3) width 36: "\x{3042}\x{3063}"
        RenderInline {SPAN} at (0,0) size 20x108
          RenderText {#text} at (43,39) size 20x108
            text run at (43,39) width 108: "\x{305F}\x{304B}\x{5FD8}\x{308C}\x{3066}\x{3057}"
        RenderInline {SPAN} at (0,0) size 20x90
          RenderText {#text} at (43,147) size 20x90
            text run at (43,147) width 90: "\x{307E}\x{3063}\x{305F}\x{7D4C}\x{9A13}"
        RenderInline {SPAN} at (0,0) size 20x108
          RenderText {#text} at (43,237) size 20x108
            text run at (43,237) width 108: "\x{306F}\x{3042}\x{308A}\x{307E}\x{3059}\x{304B}"
        RenderInline {SPAN} at (0,0) size 50x360
          RenderText {#text} at (43,345) size 50x360
            text run at (43,345) width 18: "\x{306A}"
            text run at (73,3) width 108: "\x{3089}\x{30BF}\x{30A4}\x{30C8}\x{30EB}\x{3068}"
        RenderInline {SPAN} at (0,0) size 20x144
          RenderText {#text} at (73,111) size 20x144
            text run at (73,111) width 144: "\x{30A2}\x{30C9}\x{30EC}\x{30B9}\x{3060}\x{3051}\x{3067}\x{306A}"
        RenderInline {SPAN} at (0,0) size 50x360
          RenderText {#text} at (73,255) size 50x360
            text run at (73,255) width 108: "\x{304F}\x{3001}\x{8A2A}\x{554F}\x{3057}\x{305F}"
            text run at (103,3) width 18: "\x{30A6}"
        RenderInline {SPAN} at (0,0) size 20x160
          RenderText {#text} at (103,21) size 20x160
            text run at (103,21) width 160: "\x{30A7}\x{30D6}\x{30DA}\x{30FC}\x{30B8}\x{306E}\x{30B3}\x{30F3}\x{30C6}"
        RenderText {#text} at (103,181) size 41x358
          text run at (103,181) width 180: "\x{30F3}\x{30C4}\x{304B}\x{3089}\x{3082}\x{691C}\x{7D22}\x{3059}\x{308B}\x{3053}"
          text run at (124,3) width 126: "\x{3068}\x{304C}\x{3067}\x{304D}\x{307E}\x{3059}\x{3002}"
      RenderBlock (floating) {DIV} at (336,8) size 147x366 [border: (3px solid #000000)]
        RenderText {#text} at (3,3) size 20x54
          text run at (3,3) width 54: "\x{305B}\x{3063}\x{304B}"
        RenderInline {SPAN} at (0,0) size 20x108
          RenderText {#text} at (3,57) size 20x108
            text run at (3,57) width 108: "\x{304F}\x{898B}\x{3064}\x{3051}\x{305F}\x{3059}"
        RenderInline {SPAN} at (0,0) size 20x72
          RenderText {#text} at (3,165) size 20x72
            text run at (3,165) width 72: "\x{3070}\x{3089}\x{3057}\x{3044}"
        RenderInline {SPAN} at (0,0) size 20x72
          RenderText {#text} at (3,237) size 20x72
            text run at (3,237) width 72: "\x{8A18}\x{4E8B}\x{304C}\x{3069}"
        RenderInline {SPAN} at (0,0) size 50x342
          RenderText {#text} at (3,309) size 50x342
            text run at (3,309) width 36: "\x{3053}\x{306B}"
            text run at (33,3) width 36: "\x{3042}\x{3063}"
        RenderInline {SPAN} at (0,0) size 20x108
          RenderText {#text} at (33,39) size 20x108
            text run at (33,39) width 108: "\x{305F}\x{304B}\x{5FD8}\x{308C}\x{3066}\x{3057}"
        RenderInline {SPAN} at (0,0) size 20x90
          RenderText {#text} at (33,147) size 20x90
            text run at (33,147) width 90: "\x{307E}\x{3063}\x{305F}\x{7D4C}\x{9A13}"
        RenderInline {SPAN} at (0,0) size 20x108
          RenderText {#text} at (33,237) size 20x108
            text run at (33,237) width 108: "\x{306F}\x{3042}\x{308A}\x{307E}\x{3059}\x{304B}"
        RenderInline {SPAN} at (0,0) size 50x360
          RenderText {#text} at (33,345) size 50x360
            text run at (33,345) width 18: "\x{306A}"
            text run at (63,3) width 108: "\x{3089}\x{30BF}\x{30A4}\x{30C8}\x{30EB}\x{3068}"
        RenderInline {SPAN} at (0,0) size 20x144
          RenderText {#text} at (63,111) size 20x144
            text run at (63,111) width 144: "\x{30A2}\x{30C9}\x{30EC}\x{30B9}\x{3060}\x{3051}\x{3067}\x{306A}"
        RenderInline {SPAN} at (0,0) size 50x360
          RenderText {#text} at (63,255) size 50x360
            text run at (63,255) width 108: "\x{304F}\x{3001}\x{8A2A}\x{554F}\x{3057}\x{305F}"
            text run at (93,3) width 18: "\x{30A6}"
        RenderInline {SPAN} at (0,0) size 20x160
          RenderText {#text} at (93,21) size 20x160
            text run at (93,21) width 160: "\x{30A7}\x{30D6}\x{30DA}\x{30FC}\x{30B8}\x{306E}\x{30B3}\x{30F3}\x{30C6}"
        RenderText {#text} at (93,181) size 50x358
          text run at (93,181) width 180: "\x{30F3}\x{30C4}\x{304B}\x{3089}\x{3082}\x{691C}\x{7D22}\x{3059}\x{308B}\x{3053}"
          text run at (123,3) width 126: "\x{3068}\x{304C}\x{3067}\x{304D}\x{307E}\x{3059}\x{3002}"
      RenderBlock (floating) {DIV} at (499,8) size 188x366 [border: (3px solid #000000)]
        RenderText {#text} at (13,3) size 20x270
          text run at (13,3) width 270: "\x{305B}\x{3063}\x{304B}\x{304F}\x{898B}\x{3064}\x{3051}\x{305F}\x{3059}\x{3070}\x{3089}\x{3057}\x{3044}\x{8A18}\x{4E8B}"
        RenderInline {SPAN} at (0,0) size 56x342
          RenderText {#text} at (13,273) size 56x342
            text run at (13,273) width 72: "\x{304C}\x{3069}\x{3053}\x{306B}"
            text run at (49,3) width 162: "\x{3042}\x{3063}\x{305F}\x{304B}\x{5FD8}\x{308C}\x{3066}\x{3057}\x{307E}"
        RenderText {#text} at (49,165) size 20x180
          text run at (49,165) width 180: "\x{3063}\x{305F}\x{7D4C}\x{9A13}\x{306F}\x{3042}\x{308A}\x{307E}\x{3059}\x{304B}"
        RenderInline {SPAN} at (0,0) size 56x360
          RenderText {#text} at (49,345) size 56x360
            text run at (49,345) width 18: "\x{306A}"
            text run at (85,3) width 288: "\x{3089}\x{30BF}\x{30A4}\x{30C8}\x{30EB}\x{3068}\x{30A2}\x{30C9}\x{30EC}\x{30B9}\x{3060}\x{3051}\x{3067}\x{306A}\x{304F}\x{3001}"
        RenderText {#text} at (85,291) size 92x360
          text run at (85,291) width 72: "\x{8A2A}\x{554F}\x{3057}\x{305F}"
          text run at (121,3) width 358: "\x{30A6}\x{30A7}\x{30D6}\x{30DA}\x{30FC}\x{30B8}\x{306E}\x{30B3}\x{30F3}\x{30C6}\x{30F3}\x{30C4}\x{304B}\x{3089}\x{3082}\x{691C}\x{7D22}\x{3059}\x{308B}\x{3053}"
          text run at (157,3) width 126: "\x{3068}\x{304C}\x{3067}\x{304D}\x{307E}\x{3059}\x{3002}"
