layer at (0,0) size 800x600
  RenderView at (0,0) size 800x600
layer at (0,0) size 800x600
  RenderBlock {HTML} at (0,0) size 800x600
    RenderBody {BODY} at (8,8) size 784x584
      RenderBlock {DIV} at (0,0) size 784x76
        RenderBlock {P} at (0,0) size 784x40
          RenderText {#text} at (0,0) size 55x19
            text run at (0,0) width 55: "Test for "
          RenderInline {A} at (0,0) size 130x19 [color=#0000EE]
            RenderText {#text} at (54,0) size 130x19
              text run at (54,0) width 130: "Bugzilla Bug 12423"
          RenderText {#text} at (183,0) size 773x39
            text run at (183,0) width 590: ": Mixing white-space:pre text with non white-space:pre text within a text-align:justify block"
            text run at (0,20) width 143: "causes text to overlap."
        RenderBlock {P} at (0,56) size 784x20
          RenderText {#text} at (0,0) size 356x19
            text run at (0,0) width 356: "Test passes if text wraps within all of the yellow boxes."
      RenderBlock {DIV} at (0,92) size 350x40 [bgcolor=#FFFF00]
        RenderText {#text} at (0,0) size 331x19
          text run at (0,0) width 331: "Typical for type are type=\"text/css\" for <style> and"
        RenderInline {SPAN} at (0,0) size 141x19
          RenderText {#text} at (0,20) size 141x19
            text run at (0,20) width 141: "type=\"text/javascript\""
        RenderText {#text} at (140,20) size 85x19
          text run at (140,20) width 85: " for <script>."
      RenderBlock {DIV} at (0,132) size 350x40 [bgcolor=#FFFF00]
        RenderText {#text} at (0,0) size 304x39
          text run at (0,0) width 304: "Typical for type are type=\"text/css\" for <style>"
          text run at (0,20) width 24: "and"
        RenderInline {SPAN} at (0,0) size 141x19
          RenderText {#text} at (23,20) size 141x19
            text run at (23,20) width 141: "type=\"text/javascript\""
        RenderText {#text} at (163,20) size 85x19
          text run at (163,20) width 85: " for <script>."
      RenderBlock {DIV} at (0,172) size 350x40 [bgcolor=#FFFF00]
        RenderText {#text} at (0,0) size 304x19
          text run at (0,0) width 304: "Typical for type are type=\"text/css\" for <style>"
        RenderInline {SPAN} at (0,0) size 24x19
          RenderText {#text} at (0,20) size 24x19
            text run at (0,20) width 24: "and"
        RenderInline {SPAN} at (0,0) size 141x19
          RenderText {#text} at (23,20) size 141x19
            text run at (23,20) width 141: "type=\"text/javascript\""
        RenderText {#text} at (163,20) size 85x19
          text run at (163,20) width 85: " for <script>."
      RenderBlock {DIV} at (0,212) size 350x40 [bgcolor=#FFFF00]
        RenderText {#text} at (0,0) size 252x39
          text run at (0,0) width 252: "Typical for type are type=\"text/css\" for"
          text run at (0,20) width 49: "<style>"
        RenderInline {SPAN} at (0,0) size 24x19
          RenderText {#text} at (48,20) size 24x19
            text run at (48,20) width 24: "and"
        RenderInline {SPAN} at (0,0) size 141x19
          RenderText {#text} at (71,20) size 141x19
            text run at (71,20) width 141: "type=\"text/javascript\""
        RenderText {#text} at (211,20) size 86x19
          text run at (211,20) width 86: " for <script>."
      RenderBlock {DIV} at (0,252) size 350x40 [bgcolor=#FFFF00]
        RenderText {#text} at (0,0) size 252x19
          text run at (0,0) width 252: "Typical for type are type=\"text/css\" for"
        RenderInline {SPAN} at (0,0) size 49x19
          RenderText {#text} at (0,20) size 49x19
            text run at (0,20) width 49: "<style>"
        RenderInline {SPAN} at (0,0) size 24x19
          RenderText {#text} at (48,20) size 24x19
            text run at (48,20) width 24: "and"
        RenderInline {SPAN} at (0,0) size 141x19
          RenderText {#text} at (71,20) size 141x19
            text run at (71,20) width 141: "type=\"text/javascript\""
        RenderText {#text} at (211,20) size 86x19
          text run at (211,20) width 86: " for <script>."
