layer at (0,0) size 800x655
  RenderView at (0,0) size 800x600
layer at (0,0) size 800x655
  RenderBlock {HTML} at (0,0) size 800x655
    RenderBody {BODY} at (8,8) size 784x639 [bgcolor=#CCCCCC]
      RenderBlock {P} at (0,0) size 784x18
        RenderText {#text} at (0,0) size 363x17
          text run at (0,0) width 363: "The style declarations which apply to the text below are:"
      RenderBlock {PRE} at (0,34) size 784x60
        RenderText {#text} at (0,0) size 360x60
          text run at (0,0) width 224: "P:first-line {color: green;}"
          text run at (224,0) width 0: " "
          text run at (0,15) width 272: ".two:first-line {font-size: 200%;}"
          text run at (272,15) width 0: " "
          text run at (0,30) width 360: ".three:first-line {font-variant: small-caps;}"
          text run at (360,30) width 0: " "
          text run at (0,45) width 0: " "
      RenderBlock {HR} at (0,107) size 784x2 [border: (1px inset #000000)]
      RenderBlock {P} at (0,125) size 784x54
        RenderText {#text} at (0,0) size 780x53
          text run at (0,0) width 432: "The first line of this paragraph, and only that one, should be green. "
          text run at (431,0) width 328: "If this precise combination does not occur, then the"
          text run at (0,18) width 193: "user agent has failed this test. "
          text run at (192,18) width 588: "Remember that in order to ensure a complete test, the paragraph must be displayed on more"
          text run at (0,36) width 87: "than one line."
      RenderBlock {P} at (0,195) size 784x73
        RenderText {#text} at (0,0) size 767x72
          text run at (0,0) width 767: "The first line of this paragraph, and only that one, should be"
          text run at (0,37) width 221: "a larger font size as well as green. "
          text run at (220,37) width 522: "If this precise combination does not occur, then the user agent has failed this test."
          text run at (0,55) width 678: "Remember that in order to ensure a complete test, the paragraph must be displayed on more than one line."
      RenderBlock {P} at (0,284) size 784x72
        RenderText {#text} at (0,0) size 782x53
          text run at (0,0) width 603: "The first line of this paragraph, and only that one, should be displayed in small-caps style. "
          text run at (602,0) width 179: "Thus, if the first line is not"
          text run at (0,18) width 782: "in small-caps style, OR if the entire paragraph turns out in small-caps, then the user agent has failed this test (although the"
          text run at (0,36) width 146: "problem might be that "
        RenderInline {CODE} at (0,0) size 81x15
          RenderText {#text} at (145,38) size 81x15
            text run at (145,38) width 81: "small-caps"
        RenderText {#text} at (225,36) size 746x35
          text run at (225,36) width 230: " is not supported by your browser). "
          text run at (454,36) width 292: "This is extra text included for the purposes of"
          text run at (0,54) width 402: "making the paragraph long enough to have more than one line."
      RenderTable {TABLE} at (0,372) size 784x267 [border: (1px outset #808080)]
        RenderTableSection {TBODY} at (1,1) size 782x265
          RenderTableRow {TR} at (0,0) size 782x26
            RenderTableCell {TD} at (0,0) size 782x26 [bgcolor=#C0C0C0] [border: (1px inset #808080)] [r=0 c=0 rs=1 cs=2]
              RenderInline {STRONG} at (0,0) size 163x17
                RenderText {#text} at (4,4) size 163x17
                  text run at (4,4) width 163: "TABLE Testing Section"
          RenderTableRow {TR} at (0,26) size 782x239
            RenderTableCell {TD} at (0,132) size 12x26 [bgcolor=#C0C0C0] [border: (1px inset #808080)] [r=1 c=0 rs=1 cs=1]
              RenderText {#text} at (4,4) size 4x17
                text run at (4,4) width 4: " "
            RenderTableCell {TD} at (12,26) size 770x239 [border: (1px inset #808080)] [r=1 c=1 rs=1 cs=1]
              RenderBlock {P} at (4,4) size 762x54
                RenderText {#text} at (0,0) size 759x53
                  text run at (0,0) width 432: "The first line of this paragraph, and only that one, should be green. "
                  text run at (431,0) width 328: "If this precise combination does not occur, then the"
                  text run at (0,18) width 193: "user agent has failed this test. "
                  text run at (192,18) width 551: "Remember that in order to ensure a complete test, the paragraph must be displayed on"
                  text run at (0,36) width 124: "more than one line."
              RenderBlock {P} at (4,74) size 762x73
                RenderText {#text} at (0,0) size 761x72
                  text run at (0,0) width 729: "The first line of this paragraph, and only that one, should"
                  text run at (0,37) width 241: "be a larger font size as well as green. "
                  text run at (240,37) width 521: "If this precise combination does not occur, then the user agent has failed this test."
                  text run at (0,55) width 678: "Remember that in order to ensure a complete test, the paragraph must be displayed on more than one line."
              RenderBlock {P} at (4,163) size 762x72
                RenderText {#text} at (0,0) size 755x53
                  text run at (0,0) width 603: "The first line of this paragraph, and only that one, should be displayed in small-caps style. "
                  text run at (602,0) width 153: "Thus, if the first line is"
                  text run at (0,18) width 717: "not in small-caps style, OR if the entire paragraph turns out in small-caps, then the user agent has failed this test"
                  text run at (0,36) width 235: "(although the problem might be that "
                RenderInline {CODE} at (0,0) size 81x15
                  RenderText {#text} at (234,38) size 81x15
                    text run at (234,38) width 81: "small-caps"
                RenderText {#text} at (314,36) size 756x35
                  text run at (314,36) width 230: " is not supported by your browser). "
                  text run at (543,36) width 213: "This is extra text included for the"
                  text run at (0,54) width 480: "purposes of making the paragraph long enough to have more than one line."
