layer at (0,0) size 800x1030
  RenderView at (0,0) size 800x600
layer at (0,0) size 800x1030
  RenderBlock {HTML} at (0,0) size 800x1030
    RenderBody {BODY} at (8,8) size 784x1014 [bgcolor=#CCCCCC]
      RenderBlock {P} at (0,0) size 784x18
        RenderInline (generated) at (0,0) size 10x17 [color=#800000]
          RenderText {#text} at (0,0) size 10x17
            text run at (0,0) width 10: "T"
        RenderText {#text} at (9,0) size 354x17
          text run at (9,0) width 354: "he style declarations which apply to the text below are:"
      RenderBlock {PRE} at (0,34) size 784x105
        RenderText {#text} at (0,0) size 368x105
          text run at (0,0) width 224: "P:first-line {color: green;}"
          text run at (224,0) width 0: " "
          text run at (0,15) width 248: "P:first-letter {color: maroon;}"
          text run at (248,15) width 0: " "
          text run at (0,30) width 272: ".two:first-line {font-size: 200%;}"
          text run at (272,30) width 0: " "
          text run at (0,45) width 288: ".two:first-letter {font-size: 350%;}"
          text run at (288,45) width 0: " "
          text run at (0,60) width 312: "P.three:first-letter {font-size: 350%;}"
          text run at (312,60) width 0: " "
          text run at (0,75) width 368: "P.three:first-line {font-variant: small-caps;}"
          text run at (368,75) width 0: " "
          text run at (0,90) width 0: " "
      RenderBlock {HR} at (0,152) size 784x2 [border: (1px inset #000000)]
      RenderBlock {P} at (0,170) size 784x54
        RenderInline (generated) at (0,0) size 10x17 [color=#800000]
          RenderText {#text} at (0,0) size 10x17
            text run at (0,0) width 10: "T"
        RenderText {#text} at (9,0) size 783x53
          text run at (9,0) width 736: "he first letter of this paragraph, and only that one, should be maroon (dark red), while the entire first line should be"
          text run at (0,18) width 44: "green. "
          text run at (43,18) width 525: "If this precise combination does not occur, then the user agent has failed this test. "
          text run at (567,18) width 216: "Remember that in order to ensure"
          text run at (0,36) width 459: "a complete test, the paragraph must be displayed on more than one line."
      RenderBlock {P} at (0,240) size 784x183
        RenderInline (generated) at (0,0) size 69x124 [color=#800000]
          RenderText {#text} at (0,2) size 69x124
            text run at (0,2) width 69: "T"
        RenderText {#text} at (68,72) size 767x110
          text run at (68,72) width 634: "he first letter of this paragraph, and only that one,"
          text run at (0,129) width 755: "should be 350% bigger than the rest of the first line of this paragraph and maroon (dark red), while the entire first line"
          text run at (0,147) width 304: "should be 200% bigger than normal and green. "
          text run at (303,147) width 464: "If this precise combination does not occur, then the user agent has failed"
          text run at (0,165) width 58: "this test. "
          text run at (57,165) width 678: "Remember that in order to ensure a complete test, the paragraph must be displayed on more than one line."
      RenderBlock {P} at (0,439) size 784x118
        RenderInline (generated) at (0,0) size 76x62 [color=#800000]
          RenderText {#text} at (0,1) size 76x62
            text run at (0,1) width 76: "\"W"
        RenderText {#text} at (75,37) size 784x80
          text run at (75,37) width 335: "e should check for quotation support,\" it was said. "
          text run at (409,37) width 357: "The first two characters in this paragraph-- a double-"
          text run at (0,64) width 696: "quote mark and a capital 'W'-- should be 350% bigger than the rest of the paragraph, and maroon (dark red). "
          text run at (695,64) width 84: "Note that the"
          text run at (0,82) width 784: "inclusion of both the quotation mark and the 'W' in the first-letter style is not required under CSS1, but it is recommended."
          text run at (0,100) width 462: "In addition, the entire first line should be in a small-caps font and green."
      RenderTable {TABLE} at (0,573) size 784x441 [border: (1px outset #808080)]
        RenderTableSection {TBODY} at (1,1) size 782x439
          RenderTableRow {TR} at (0,0) size 782x26
            RenderTableCell {TD} at (0,0) size 782x26 [bgcolor=#C0C0C0] [border: (1px inset #808080)] [r=0 c=0 rs=1 cs=2]
              RenderInline {STRONG} at (0,0) size 163x17
                RenderText {#text} at (4,4) size 163x17
                  text run at (4,4) width 163: "TABLE Testing Section"
          RenderTableRow {TR} at (0,26) size 782x413
            RenderTableCell {TD} at (0,219) size 12x26 [bgcolor=#C0C0C0] [border: (1px inset #808080)] [r=1 c=0 rs=1 cs=1]
              RenderText {#text} at (4,4) size 4x17
                text run at (4,4) width 4: " "
            RenderTableCell {TD} at (12,26) size 770x413 [border: (1px inset #808080)] [r=1 c=1 rs=1 cs=1]
              RenderBlock {P} at (4,4) size 762x54
                RenderInline (generated) at (0,0) size 10x17 [color=#800000]
                  RenderText {#text} at (0,0) size 10x17
                    text run at (0,0) width 10: "T"
                RenderText {#text} at (9,0) size 745x53
                  text run at (9,0) width 736: "he first letter of this paragraph, and only that one, should be maroon (dark red), while the entire first line should be"
                  text run at (0,18) width 44: "green. "
                  text run at (43,18) width 525: "If this precise combination does not occur, then the user agent has failed this test. "
                  text run at (567,18) width 170: "Remember that in order to"
                  text run at (0,36) width 505: "ensure a complete test, the paragraph must be displayed on more than one line."
              RenderBlock {P} at (4,74) size 762x201
                RenderInline (generated) at (0,0) size 69x124 [color=#800000]
                  RenderText {#text} at (0,2) size 69x124
                    text run at (0,2) width 69: "T"
                RenderText {#text} at (68,72) size 755x128
                  text run at (68,72) width 634: "he first letter of this paragraph, and only that one,"
                  text run at (0,129) width 755: "should be 350% bigger than the rest of the first line of this paragraph and maroon (dark red), while the entire first line"
                  text run at (0,147) width 304: "should be 200% bigger than normal and green. "
                  text run at (303,147) width 423: "If this precise combination does not occur, then the user agent has"
                  text run at (0,165) width 98: "failed this test. "
                  text run at (97,165) width 647: "Remember that in order to ensure a complete test, the paragraph must be displayed on more than one"
                  text run at (0,183) width 29: "line."
              RenderBlock {P} at (4,291) size 762x118
                RenderInline (generated) at (0,0) size 76x62 [color=#800000]
                  RenderText {#text} at (0,1) size 76x62
                    text run at (0,1) width 76: "\"W"
                RenderText {#text} at (75,37) size 757x80
                  text run at (75,37) width 335: "e should check for quotation support,\" it was said. "
                  text run at (409,37) width 303: "The first two characters in this paragraph-- a"
                  text run at (0,64) width 741: "double-quote mark and a capital 'W'-- should be 350% bigger than the rest of the paragraph, and maroon (dark red)."
                  text run at (0,82) width 757: "Note that the inclusion of both the quotation mark and the 'W' in the first-letter style is not required under CSS1, but it"
                  text run at (0,100) width 114: "is recommended. "
                  text run at (113,100) width 463: "In addition, the entire first line should be in a small-caps font and green."
